03-24 15:32:46.681  3670  3796 V MARsPolicyManager: CurrentImportantPackage org.mozilla.firefox -in latest protected packageslist for SPCM!
03-24 15:32:46.681  3670  3796 V MARsPolicyManager: CurrentImportantPackage com.microsoft.emmx -in latest protected packageslist for SPCM!
03-24 15:32:46.681  3670  3796 V MARsPolicyManager: CurrentImportantPackage com.example.myapplication -in latest protected packageslist for SPCM!
03-24 15:32:46.681  3670  3796 V MARsPolicyManager: CurrentImportantPackage com.yandex.browser -in latest protected packageslist for SPCM!
03-24 15:32:46.841 20385 20419 E         : g2d stretchFimgApi_v5 function does not exist
03-24 15:32:46.841 20385 20419 E         : [JM] stretchFimgApi might be v4.
03-24 15:32:47.211  3670  4283 E Watchdog: !@Sync 2425 [03-24 15:32:47.218]
03-24 15:32:50.261  3670  4524 D BatteryService: !@BatteryListener : batteryPropertiesChanged!
03-24 15:32:50.261  3670  4524 D BatteryService: level:94, scale:100, status:2, health:2, present:true, voltage: 4255, temperature: 325, technology: Li-ion, AC powered:false, USB powered:true, POGO powered:false, Wireless powered:false, icon:17303414, invalid charger:0, maxChargingCurrent:0
03-24 15:32:50.261  3670  4524 D BatteryService: online:4, current avg:-100, charge type:1, power sharing:false, high voltage charger:false, capacity:280000, batterySWSelfDischarging:false, current_now:124
03-24 15:32:50.261  3670  3670 D BatteryService: Sending ACTION_BATTERY_CHANGED.
03-24 15:32:50.261  3670  3670 I MotionRecognitionService: Plugged
03-24 15:32:50.261  3670  3670 E MotionRecognitionService: support TA ~
03-24 15:32:50.261  3670  3670 I MotionRecognitionService: isTAConnected | current backoffstate  = 33792
03-24 15:32:50.261  3670  3670 D MotionRecognitionService:  TA connected ,  33792
03-24 15:32:50.261  3670  3670 I MotionRecognitionService: skip setTransmitPower. 
03-24 15:32:50.261  3670  3670 D MotionRecognitionService:   cableConnection= 1
03-24 15:32:50.261  3670  3670 D MotionRecognitionService: setPowerConnected | current backoffstate  = 33792 , state =33792
03-24 15:32:50.261  3670  3670 D MotionRecognitionService: skip setTransmitPower. 
03-24 15:32:50.271  4103  4103 D KeyguardUpdateMonitor: received broadcast android.intent.action.BATTERY_CHANGED
03-24 15:32:50.271  4103  4103 D PowerUI : priorPlugType = 2 mPlugType =  2
03-24 15:32:50.271  4103  4103 D KeyguardUpdateMonitor: handleBatteryUpdate
03-24 15:32:50.271  4103  4103 D PowerUI.Notification: showChargingNotice oldChargingType : 1 currentChargingType : 1 oldChargingTime : 983000 mChargingTime : 983000
03-24 15:32:50.271  4103  4103 D PowerUI.Notification: There is no change about charging status, so return!
03-24 15:32:50.301  4103  4103 D BatteryMeterView: ACTION_BATTERY_CHANGED : level:94 status:2 health:2
03-24 15:32:50.301  4103  4103 D BatteryMeterView: ACTION_BATTERY_CHANGED : level:94 status:2 health:2
03-24 15:32:50.701  3670  6805 D SSRM:n  : SIOP:: AP = 460, PST = 448 (W:18), CP = 328, CUR = -100, LCD = 93
03-24 15:32:50.701  3670  6805 D O       : limitCPUFreq:: freq = -1
03-24 15:32:50.701  3670  6805 D CustomFrequencyManagerService: releaseDVFSLockLocked : Getting Lock type frm List : DVFS_MAX_LIMIT  frequency : 2000000  uid : 1000  pid : 3670  tag : SIOP_ARM_MAX@18
03-24 15:32:50.741  3670  6805 D ConnectivityService: returning getNetworkInfo for network type 1 : [type: WIFI[] - WIFI, state: CONNECTED/CONNECTED, reason: (unspecified), extra: "DataStructures", roaming: false, failover: false, isAvailable: true]
03-24 15:32:55.411  4393  4404 I art     : Background partial concurrent mark sweep GC freed 50965(3MB) AllocSpace objects, 0(0B) LOS objects, 47% free, 4MB/8MB, paused 859us total 115.033ms
03-24 15:32:59.991  3670  3980 V AlarmManager: Expired Alarm result :8
03-24 15:33:00.001  4103  4103 D KeyguardUpdateMonitor: received broadcast android.intent.action.TIME_TICK
03-24 15:33:00.011  4103  4103 D KeyguardUpdateMonitor: handleTimeUpdate
03-24 15:33:00.031  4103  4103 D Clock   : received broadcast android.intent.action.TIME_TICK
03-24 15:33:00.081  4103  4103 D DateView: received broadcast android.intent.action.TIME_TICK
03-24 15:33:00.161  7226  7226 D [WeatherWidget(1236)]  WeatherService: {[EC3334F14841398C8B464A72D0E61AB7C564889C89112557F2146D56794659083956C77974A4825103AB5C5D4AC85EDAA24236388AC138058106446B92A35777]}
03-24 15:33:00.171  7226  7226 D [WeatherWidget(1236)]  : {[3AE6950019B083611567B0F9442DB03EEFA9050249635C043F7E254E316C2550]}
03-24 15:33:00.231  7226  7226 D [WeatherWidget(1236)]  : {[3AE6950019B083611567B0F9442DB03E5DDA24A68DD8F41CDE99F0ED3FBCA79D6E3672D13C47BC5ED8EFB051B507BC35D16D05BE0B1FFC48F1CBC65A73129A0D]}
03-24 15:33:00.231  7226  7226 D [WeatherWidget(1236)]  : {[A1AF0F6A1A65A89C43D705938923D0FEFB71880C4E84718DA0A3E1F383E54FB24509E0FBB917D66D2978C513F7383D4A3053B01023BD027BD5C6B984AE327ACDF73722D68B1F80266469F24891921060F6012335F813CE3C0359344A51D4CD9D96750407689B32392378DF20D5323939]}
03-24 15:33:00.241  7226  7226 D [WeatherWidget(1236)]  : {[15C09394A4E9AFE55A5C62F22AB3FC5902EB2A2150B6646A86F2B3102D669614]}
03-24 15:33:00.311  3670  4552 D BatteryService: !@BatteryListener : batteryPropertiesChanged!
03-24 15:33:00.311  3670  4552 D BatteryService: level:94, scale:100, status:2, health:2, present:true, voltage: 4245, temperature: 325, technology: Li-ion, AC powered:false, USB powered:true, POGO powered:false, Wireless powered:false, icon:17303414, invalid charger:0, maxChargingCurrent:0
03-24 15:33:00.311  3670  4552 D BatteryService: online:4, current avg:4, charge type:1, power sharing:false, high voltage charger:false, capacity:280000, batterySWSelfDischarging:false, current_now:-51
03-24 15:33:00.311  3670  3670 D BatteryService: Sending ACTION_BATTERY_CHANGED.
03-24 15:33:00.311  3670  3670 I MotionRecognitionService: Plugged
03-24 15:33:00.311  3670  3670 E MotionRecognitionService: support TA ~
03-24 15:33:00.311  3670  3670 I MotionRecognitionService: isTAConnected | current backoffstate  = 33792
03-24 15:33:00.311  3670  3670 D MotionRecognitionService:  TA connected ,  33792
03-24 15:33:00.311  3670  3670 I MotionRecognitionService: skip setTransmitPower. 
03-24 15:33:00.311  3670  3670 D MotionRecognitionService:   cableConnection= 1
03-24 15:33:00.311  3670  3670 D MotionRecognitionService: setPowerConnected | current backoffstate  = 33792 , state =33792
03-24 15:33:00.311  3670  3670 D MotionRecognitionService: skip setTransmitPower. 
03-24 15:33:00.321  4103  4103 D KeyguardUpdateMonitor: received broadcast android.intent.action.BATTERY_CHANGED
03-24 15:33:00.321  4103  4103 D PowerUI : priorPlugType = 2 mPlugType =  2
03-24 15:33:00.321  4103  4103 D PowerUI.Notification: showChargingNotice oldChargingType : 1 currentChargingType : 1 oldChargingTime : 983000 mChargingTime : 983000
03-24 15:33:00.321  4103  4103 D PowerUI.Notification: There is no change about charging status, so return!
03-24 15:33:00.321  4103  4103 D KeyguardUpdateMonitor: handleBatteryUpdate
03-24 15:33:00.321  4103  4103 D BatteryMeterView: ACTION_BATTERY_CHANGED : level:94 status:2 health:2
03-24 15:33:00.321  4103  4103 D BatteryMeterView: ACTION_BATTERY_CHANGED : level:94 status:2 health:2
03-24 15:33:00.351 15033 15033 D Launcher: onTrimMemory. Level: 80
03-24 15:33:00.361 14806 14806 I MemoryTrimmer: Trimming objects from memory, since app is in the background.
03-24 15:33:00.391 14806 14806 I WorkerManager: Unloading disused workers
03-24 15:33:00.391 14806 14806 I WorkerManager: Unloading worker if disused: [bisto] (manager: a89d275, handler: 4e17c6)
03-24 15:33:00.391 14806 14806 I WorkerManager: Unloading worker if disused: [service] (manager: a89d275, handler: 64c720a)
03-24 15:33:00.401 14806 14806 I WorkerManager: Unloading worker if disused: [optin] (manager: a89d275, handler: f4300f0)
03-24 15:33:00.401 14806 14806 I WorkerManager: Unloading worker if disused: [searchplate] (manager: a89d275, handler: b59b94d)
03-24 15:33:00.771  3670  6805 D SSRM:n  : SIOP:: AP = 440, PST = 453 (W:22), CP = 328, CUR = 4, LCD = 93
03-24 15:33:01.831 20856 20856 I FIPS_bssl: FIPS approved mode (1) | 20856 | app_process
03-24 15:33:01.911 20856 20856 D AndroidRuntime: >>>>>> START com.android.internal.os.RuntimeInit uid 2000 <<<<<<
03-24 15:33:01.921 20856 20856 D AndroidRuntime: CheckJNI is OFF
03-24 15:33:01.921 20856 20856 D AndroidRuntime: readGMSProperty: start
03-24 15:33:01.921 20856 20856 D AndroidRuntime: readGMSProperty: already setted!!
03-24 15:33:01.921 20856 20856 D AndroidRuntime: propertySet: couldn't set property (it is from app)
03-24 15:33:01.921 20856 20856 D AndroidRuntime: readGMSProperty: could not set the property(default)!!
03-24 15:33:01.921 20856 20856 D AndroidRuntime: readGMSProperty: end
03-24 15:33:01.921 20856 20856 D AndroidRuntime: addProductProperty: start
03-24 15:33:02.081 20856 20856 D ICU     : No timezone override file found: /data/misc/zoneinfo/current/icu/icu_tzdata.dat
03-24 15:33:02.271 20856 20856 I Radio-JNI: register_android_hardware_Radio DONE
03-24 15:33:02.291 20856 20856 E AffinityControl: AffinityControl: registerfunction enter
03-24 15:33:02.331 20856 20856 D AndroidRuntime: Calling main entry com.android.commands.am.Am
03-24 15:33:02.381  3670  3796 W ProcessCpuTracker: Skipping unknown process pid 20872
03-24 15:33:02.381  3670  3796 W ProcessCpuTracker: Skipping unknown process pid 20874
03-24 15:33:02.381  3670  3796 W ProcessCpuTracker: Skipping unknown process pid 20877
03-24 15:33:02.391  3670  4947 I ActivityManager: Force stopping com.microsoft.emmx appid=10098 user=0: from pid 20856
03-24 15:33:02.391  3670  4947 I PersonaManager: mKnoxInfo is empty
03-24 15:33:02.391  3670  4947 I PersonaManager: mKnoxInfo is empty
03-24 15:33:02.391  3670  4947 I ActivityManager: Killing 20132:com.microsoft.emmx/u0a98 (adj 0): stop com.microsoft.emmx cause from pid 20856
03-24 15:33:02.391  3670  4947 D ActivityManager: cleanUpApplicationRecord -- 20132
03-24 15:33:02.401  3670  4947 D ActivityManager: isAutoRunBlockedApp:: com.microsoft.emmx, Auto Run ON
03-24 15:33:02.401  3670  4947 W ActivityManager: Force removing ActivityRecord{7ba64f8 u0 com.microsoft.emmx/org.chromium.chrome.browser.ChromeTabbedActivity t194}: app died, no saved state
03-24 15:33:02.481 20385 20385 I cr_ChildProcessService: Destroying ChildProcessService pid=20385
03-24 15:33:02.481  3670  3994 W InputDispatcher: channel ~ Consumer closed input channel or an error occurred.  events=0x9
03-24 15:33:02.481  3670  3994 E InputDispatcher: channel ~ Channel is unrecoverably broken and will be disposed!
03-24 15:33:02.481  3670  4421 D ConnectivityService: ConnectivityService NetworkRequestInfo binderDied(NetworkRequest [ id=366, legacyType=-1, [ Capabilities: INTERNET&NOT_RESTRICTED&TRUSTED] ], android.os.BinderProxy@8639733)
03-24 15:33:02.481  3670  4029 D ConnectivityService: releasing NetworkRequest NetworkRequest [ id=366, legacyType=-1, [ Capabilities: INTERNET&NOT_RESTRICTED&TRUSTED] ]
03-24 15:33:02.481 20436 20436 I cr_ChildProcessService: Destroying ChildProcessService pid=20436
03-24 15:33:02.481  3670  4952 I WindowState: WIN DEATH: Window{e8d7a24 u0 d0 SurfaceView}
03-24 15:33:02.481  3025  3210 D libEGL  : eglTerminate EGLDisplay = 0x7f76d80f88
03-24 15:33:02.481  3670  4029 D ConnectivityService: sending notification RELEASED for NetworkRequest [ id=366, legacyType=-1, [ Capabilities: INTERNET&NOT_RESTRICTED&TRUSTED] ]
03-24 15:33:02.481  3025  3210 D libEGL  : eglTerminate EGLDisplay = 0x7f76d80f88
03-24 15:33:02.481  3670  4454 D ConnectivityService: ConnectivityService NetworkRequestInfo binderDied(NetworkRequest [ id=364, legacyType=-1, [ Capabilities: INTERNET&NOT_RESTRICTED&TRUSTED] ], android.os.BinderProxy@eeb1af0)
03-24 15:33:02.481  3025  3210 D libEGL  : eglTerminate EGLDisplay = 0x7f76d80f88
03-24 15:33:02.481  3670  4409 D ConnectivityService: ConnectivityService NetworkRequestInfo binderDied(NetworkRequest [ id=365, legacyType=-1, [ Capabilities: INTERNET&NOT_RESTRICTED&TRUSTED] ], android.os.BinderProxy@1efc869)
03-24 15:33:02.481  3025  3210 D libEGL  : eglTerminate EGLDisplay = 0x7f76d80f88
03-24 15:33:02.491  3025  4439 I SurfaceFlinger: id=795 Removed TurfaceView (6/11)
03-24 15:33:02.491  3025  4439 I SurfaceFlinger: id=795 Removed TurfaceView (-2/11)
03-24 15:33:02.501  3670  4029 E ConnectivityService: RemoteException caught trying to send a callback msg for NetworkRequest [ id=366, legacyType=-1, [ Capabilities: INTERNET&NOT_RESTRICTED&TRUSTED] ]
03-24 15:33:02.501  3670  4421 D GraphicsStats: Buffer count: 6
03-24 15:33:02.501  3670  4029 D ConnectivityService: releasing NetworkRequest NetworkRequest [ id=364, legacyType=-1, [ Capabilities: INTERNET&NOT_RESTRICTED&TRUSTED] ]
03-24 15:33:02.501  3670  4029 D ConnectivityService: sending notification RELEASED for NetworkRequest [ id=364, legacyType=-1, [ Capabilities: INTERNET&NOT_RESTRICTED&TRUSTED] ]
03-24 15:33:02.501  3670  4029 E ConnectivityService: RemoteException caught trying to send a callback msg for NetworkRequest [ id=364, legacyType=-1, [ Capabilities: INTERNET&NOT_RESTRICTED&TRUSTED] ]
03-24 15:33:02.501  3670  4029 D ConnectivityService: releasing NetworkRequest NetworkRequest [ id=365, legacyType=-1, [ Capabilities: INTERNET&NOT_RESTRICTED&TRUSTED] ]
03-24 15:33:02.501  3670  4029 D ConnectivityService: sending notification RELEASED for NetworkRequest [ id=365, legacyType=-1, [ Capabilities: INTERNET&NOT_RESTRICTED&TRUSTED] ]
03-24 15:33:02.501  3670  4029 E ConnectivityService: RemoteException caught trying to send a callback msg for NetworkRequest [ id=365, legacyType=-1, [ Capabilities: INTERNET&NOT_RESTRICTED&TRUSTED] ]
03-24 15:33:02.521  3025  3025 D libEGL  : eglTerminate EGLDisplay = 0x7ff3f31e28
03-24 15:33:02.521  3025  3025 D libEGL  : eglTerminate EGLDisplay = 0x7ff3f31e28
03-24 15:33:02.521  3025  3025 D libEGL  : eglTerminate EGLDisplay = 0x7ff3f31e28
03-24 15:33:02.521  3670  3994 W InputDispatcher: channel ~ Consumer closed input channel or an error occurred.  events=0x9
03-24 15:33:02.521  3670  3994 E InputDispatcher: channel ~ Channel is unrecoverably broken and will be disposed!
03-24 15:33:02.531  3670  3697 I WindowState: WIN DEATH: Window{f5be592 u0 d0 com.microsoft.emmx/org.chromium.chrome.browser.ChromeTabbedActivity}
03-24 15:33:02.531  3670  3697 W InputDispatcher: Attempted to unregister already unregistered input channel
03-24 15:33:02.541  3670  3697 D InputDispatcher: Focus left window: 20132
03-24 15:33:02.541  3670  3697 D InputDispatcher: Focus entered window: 20132
03-24 15:33:02.541  3670  4407 I WindowState: WIN DEATH: Window{3f50ea5 u0 d0 SurfaceView}
03-24 15:33:02.541  3025  3732 I SurfaceFlinger: id=793 Removed TurfaceView (5/10)
03-24 15:33:02.541  3025  4174 I SurfaceFlinger: id=793 Removed TurfaceView (-2/10)
03-24 15:33:02.541  3670  4946 I WindowState: WIN DEATH: Window{58bbf58 u0 d0 com.microsoft.emmx/org.chromium.chrome.browser.ChromeTabbedActivity}
03-24 15:33:02.541  3670  4946 W InputDispatcher: Attempted to unregister already unregistered input channel
03-24 15:33:02.551  3025  4439 I SurfaceFlinger: id=792 Removed DhromeTabbe (5/9)
03-24 15:33:02.551  3025  3732 I SurfaceFlinger: id=792 Removed DhromeTabbe (-2/9)
03-24 15:33:02.551  3025  3025 D libEGL  : eglTerminate EGLDisplay = 0x7ff3f31e28
03-24 15:33:02.551  3025  3025 D libEGL  : eglTerminate EGLDisplay = 0x7ff3f31e28
03-24 15:33:02.551  3025  3025 D libEGL  : eglTerminate EGLDisplay = 0x7ff3f31e58
03-24 15:33:02.551  3670  4946 D InputDispatcher: Focus left window: 20132
03-24 15:33:02.551  3670  4947 D InputDispatcher: Focused application set to: xxxx
03-24 15:33:02.561  3670  3884 D PointerIcon: setMouseIconStyle1 pointerType: 1001 iconType:101 flag:0 pid:3670 uid:1000
03-24 15:33:02.561  3670  3884 D PointerIcon: setMouseCustomIcon IconType is same.101
03-24 15:33:02.571  3670  4947 D CustomFrequencyManagerService: acquireDVFSLockLocked : type : DVFS_MIN_LIMIT  frequency : 1800000  uid : 1000  pid : 3670  pkgName : ACTIVITY_RESUME_BOOSTER@3
03-24 15:33:02.571  3670  4947 D ActivityManager: mDVFSHelper.acquire()
03-24 15:33:02.591  3670  3884 W WindowAnimator: Failed to dispatch window animation state change.
03-24 15:33:02.591  3670  3884 W WindowAnimator: android.os.DeadObjectException
03-24 15:33:02.591  3670  3884 W WindowAnimator: 	at android.os.BinderProxy.transactNative(Native Method)
03-24 15:33:02.591  3670  3884 W WindowAnimator: 	at android.os.BinderProxy.transact(Binder.java:503)
03-24 15:33:02.591  3670  3884 W WindowAnimator: 	at android.view.IWindow$Stub$Proxy.onAnimationStarted(IWindow.java:593)
03-24 15:33:02.591  3670  3884 W WindowAnimator: 	at com.android.server.wm.WindowAnimator.updateWindowsLocked(WindowAnimator.java:531)
03-24 15:33:02.591  3670  3884 W WindowAnimator: 	at com.android.server.wm.WindowAnimator.animateLocked(WindowAnimator.java:1203)
03-24 15:33:02.591  3670  3884 W WindowAnimator: 	at com.android.server.wm.WindowAnimator.access$000(WindowAnimator.java:95)
03-24 15:33:02.591  3670  3884 W WindowAnimator: 	at com.android.server.wm.WindowAnimator$1.doFrame(WindowAnimator.java:182)
03-24 15:33:02.591  3670  3884 W WindowAnimator: 	at android.view.Choreographer$CallbackRecord.run(Choreographer.java:918)
03-24 15:33:02.591  3670  3884 W WindowAnimator: 	at android.view.Choreographer.doCallbacks(Choreographer.java:695)
03-24 15:33:02.591  3670  3884 W WindowAnimator: 	at android.view.Choreographer.doFrame(Choreographer.java:628)
03-24 15:33:02.591  3670  3884 W WindowAnimator: 	at android.view.Choreographer$FrameDisplayEventReceiver.run(Choreographer.java:906)
03-24 15:33:02.591  3670  3884 W WindowAnimator: 	at android.os.Handler.handleCallback(Handler.java:739)
03-24 15:33:02.591  3670  3884 W WindowAnimator: 	at android.os.Handler.dispatchMessage(Handler.java:95)
03-24 15:33:02.591  3670  3884 W WindowAnimator: 	at android.os.Looper.loop(Looper.java:158)
03-24 15:33:02.591  3670  3884 W WindowAnimator: 	at android.os.HandlerThread.run(HandlerThread.java:61)
03-24 15:33:02.591  3670  3884 W WindowAnimator: 	at com.android.server.ServiceThread.run(ServiceThread.java:46)
03-24 15:33:02.591  3670  4947 D ActivityManager:  Launching com.example.myapplication, updated priority
03-24 15:33:02.601  3670  4947 I ActivityManager: Killing 20436:com.microsoft.emmx:sandboxed_process1/u0a98i251 (adj 0): isolated not needed
03-24 15:33:02.601  3670  4947 I ActivityManager: Killing 20330:com.microsoft.emmx:sandboxed_process0/u0a98i250 (adj 0): isolated not needed
03-24 15:33:02.601  3670  4947 V WindowOrientationListener: setCurrentAppOrientation :-1
03-24 15:33:02.601  3670  4947 V WindowOrientationListener: OrientationSensorJudge.getProposedRotation, Rotation: -1
03-24 15:33:02.601  3670  4947 V WindowManager: rotationForOrientationLw(orient=-1, last=0); user=0  sensorRotation=-1 mLidState=-1 mDockMode=0 mHdmiPlugged=false mMobileKeyboardEnabled=false displayId=0
03-24 15:33:02.601  3670  4947 V WindowOrientationListener: OrientationSensorJudge.getProposedRotation, Rotation: -1
03-24 15:33:02.601  3670  3670 D GameManagerService: NotifyRunnable. pkg: com.example.myapplication, type: 4, isMinimized: false, isTunableApp: false
03-24 15:33:02.601  3670  3796 V MARsPolicyManager: updatePackagesScore PackageInfo name -- com.example.myapplication
03-24 15:33:02.611  3670  4947 D InputDispatcher: Focus entered window: 15683
03-24 15:33:02.611  3670  4947 I ActivityManager: Killing 20385:com.microsoft.emmx:privileged_process0/u0a98 (adj 0): stop com.microsoft.emmx cause from pid 20856
03-24 15:33:02.611  3670  4947 D ActivityManager: cleanUpApplicationRecord -- 20385
03-24 15:33:02.611  3670  4947 D ActivityManager: isAutoRunBlockedApp:: com.microsoft.emmx, Auto Run ON
03-24 15:33:02.621 20856 20856 D AndroidRuntime: Shutting down VM
03-24 15:33:02.621  3670  3698 D ActivityManager: cleanUpApplicationRecord -- 20436
03-24 15:33:02.621  3670  3698 D ActivityManager: isAutoRunBlockedApp:: com.microsoft.emmx, Auto Run ON
03-24 15:33:02.641  3670  4550 D ActivityManager: cleanUpApplicationRecord -- 20330
03-24 15:33:02.641  3670  4550 D ActivityManager: isAutoRunBlockedApp:: com.microsoft.emmx, Auto Run ON
03-24 15:33:02.641  3670  4452 W ActivityManager: Spurious death for ProcessRecord{578da84 0:com.microsoft.emmx:privileged_process0/u0a98}, curProc for 20385: null
03-24 15:33:02.641  3670  3670 V AlarmManager: Remove alarm for next reason : android.intent.action.PACKAGE_RESTARTED : package: com.microsoft.emmx
03-24 15:33:02.661  3670  3796 V BroadcastQueue: [background] Process cur broadcast BroadcastRecord{c338225 u0 android.intent.action.PACKAGE_RESTARTED qIdx=4}, state= (APP_RECEIVE) DELIVERED for app ProcessRecord{a8b6d0a 3670:system/1000}
03-24 15:33:02.661  3670  3884 D PointerIcon: setMouseIconStyle1 pointerType: 1001 iconType:101 flag:0 pid:3670 uid:1000
03-24 15:33:02.661  3670  3884 D PointerIcon: setMouseCustomIcon IconType is same.101
03-24 15:33:02.671 20881 20881 E Zygote  : v2
03-24 15:33:02.671  3670  3670 I ActivityManager: Start proc 20881:com.sec.android.app.soundalive/u0a62 for broadcast-3 com.sec.android.app.soundalive/.SAControlPanelReceiver
03-24 15:33:02.671 20881 20881 I libpersona: KNOX_SDCARD checking this for 10062
03-24 15:33:02.671 20881 20881 I libpersona: KNOX_SDCARD not a persona
03-24 15:33:02.681 20881 20881 W SELinux : Function: selinux_compare_spd_ram, index[1], priority [2], priority version is VE=SEPF_SECMOBILE_6.0.1_0003
03-24 15:33:02.681  4383  4383 I PersonaManager: mKnoxInfo is empty
03-24 15:33:02.681 20881 20881 E Zygote  : accessInfo : 0
03-24 15:33:02.681 20881 20881 W SELinux : SELinux: seapp_context_lookup: seinfo=platform, level=s0:c512,c768, pkgname=com.sec.android.app.soundalive 
03-24 15:33:02.681  4383  4383 I PersonaManager: mKnoxInfo is empty
03-24 15:33:02.681  4103  4103 D PhoneStatusBar: setSystemUiVisibility vis=a600 mask=ffffffff oldVal=8000 newVal=a600 diff=2600
03-24 15:33:02.681  3670  3798 D StatusBarManagerService: manageDisableList userId=0 what=0x0 pkg=Window{58bbf58 u0 d0 com.microsoft.emmx/org.chromium.chrome.browser.ChromeTabbedActivity}
03-24 15:33:02.681  4383  4383 I PersonaManager: mKnoxInfo is empty
03-24 15:33:02.681  4383  4383 W ResourcesManager: getTopLevelResources: /data/app/com.google.android.gms-1/base.apk / 1.0 running in com.android.nfc rsrc of package com.google.android.gms
03-24 15:33:02.691  3670  6805 D GameManagerService: identifyGamePackage. com.example.myapplication
03-24 15:33:02.691  3670  6805 D GameManagerService: identifyGamePackage. com.example.myapplication
03-24 15:33:02.691  3670  3798 D StatusBarManagerService: manageDisableList userId=0 what=0x0 pkg=Window{5830e4e u0 d0 com.example.myapplication/com.example.myapplication.MainActivity}
03-24 15:33:02.701  3670  4019 D NetworkPolicy: isUidForegroundLocked: 10185, mScreenOn: true, uidstate: 2, mProxSensorScreenOff: false
03-24 15:33:02.701  4103  4103 D PhoneStatusBar: setSystemUiVisibility vis=8600 mask=ffffffff oldVal=a600 newVal=8600 diff=2000
03-24 15:33:02.701  3670  4019 D NetworkPolicy: isUidForegroundLocked: 10098, mScreenOn: true, uidstate: 16, mProxSensorScreenOff: false
03-24 15:33:02.721  3670  4409 V BroadcastQueue: [background] Process cur broadcast BroadcastRecord{c338225 u0 android.intent.action.PACKAGE_RESTARTED qIdx=4}, state= (APP_RECEIVE) DELIVERED for app ProcessRecord{133dffa 20881:com.sec.android.app.soundalive/u0a62}
03-24 15:33:02.721  4383  4383 D ResourcesManager: For user 0 new overlays fetched Null
03-24 15:33:02.731 20881 20881 W ResourcesManager: getTopLevelResources: /system/priv-app/SoundAlive_31_M/SoundAlive_31_M.apk / 1.0 running in com.sec.android.app.soundalive rsrc of package com.sec.android.app.soundalive
03-24 15:33:02.731  4383  4383 W ResourcesManager: getTopLevelResources: /data/app/com.google.android.gms-1/base.apk / 1.0 running in com.android.nfc rsrc of package com.google.android.gms
03-24 15:33:02.731  3670  4952 I InjectionManagerService -AppFeature: getCoreFeaturePkgList :[]
03-24 15:33:02.731 20881 20881 I InjectionManager: Inside getClassLibPath + mLibMap{0=, 1=}
03-24 15:33:02.731  4383  4383 D ApduServiceInfo: seId: 0
03-24 15:33:02.731  4383  4383 I PersonaManager: mKnoxInfo is empty
03-24 15:33:02.741 20881 20881 D ResourcesManager: For user 0 new overlays fetched Null
03-24 15:33:02.741  3670  6805 D ConnectivityService: returning getNetworkInfo for network type 1 : [type: WIFI[] - WIFI, state: CONNECTED/CONNECTED, reason: (unspecified), extra: "DataStructures", roaming: false, failover: false, isAvailable: true]
03-24 15:33:02.741 20881 20881 I InjectionManager: Inside getClassLibPath caller 
03-24 15:33:02.751  3670  6805 D ConnectivityService: returning getNetworkInfo for network type 1 : [type: WIFI[] - WIFI, state: CONNECTED/CONNECTED, reason: (unspecified), extra: "DataStructures", roaming: false, failover: false, isAvailable: true]
03-24 15:33:02.751  3670  3884 W WindowAnimator: Failed to dispatch window animation state change.
03-24 15:33:02.751  3670  3884 W WindowAnimator: android.os.DeadObjectException
03-24 15:33:02.751  3670  3884 W WindowAnimator: 	at android.os.BinderProxy.transactNative(Native Method)
03-24 15:33:02.751  3670  3884 W WindowAnimator: 	at android.os.BinderProxy.transact(Binder.java:503)
03-24 15:33:02.751  3670  3884 W WindowAnimator: 	at android.view.IWindow$Stub$Proxy.onAnimationStopped(IWindow.java:607)
03-24 15:33:02.751  3670  3884 W WindowAnimator: 	at com.android.server.wm.WindowAnimator.updateWindowsLocked(WindowAnimator.java:535)
03-24 15:33:02.751  3670  3884 W WindowAnimator: 	at com.android.server.wm.WindowAnimator.animateLocked(WindowAnimator.java:1203)
03-24 15:33:02.751  3670  3884 W WindowAnimator: 	at com.android.server.wm.WindowAnimator.access$000(WindowAnimator.java:95)
03-24 15:33:02.751  3670  3884 W WindowAnimator: 	at com.android.server.wm.WindowAnimator$1.doFrame(WindowAnimator.java:182)
03-24 15:33:02.751  3670  3884 W WindowAnimator: 	at android.view.Choreographer$CallbackRecord.run(Choreographer.java:918)
03-24 15:33:02.751  3670  3884 W WindowAnimator: 	at android.view.Choreographer.doCallbacks(Choreographer.java:695)
03-24 15:33:02.751  3670  3884 W WindowAnimator: 	at android.view.Choreographer.doFrame(Choreographer.java:628)
03-24 15:33:02.751  3670  3884 W WindowAnimator: 	at android.view.Choreographer$FrameDisplayEventReceiver.run(Choreographer.java:906)
03-24 15:33:02.751  3670  3884 W WindowAnimator: 	at android.os.Handler.handleCallback(Handler.java:739)
03-24 15:33:02.751  3670  3884 W WindowAnimator: 	at android.os.Handler.dispatchMessage(Handler.java:95)
03-24 15:33:02.751  3670  3884 W WindowAnimator: 	at android.os.Looper.loop(Looper.java:158)
03-24 15:33:02.751  3670  3884 W WindowAnimator: 	at android.os.HandlerThread.run(HandlerThread.java:61)
03-24 15:33:02.751  3670  3884 W WindowAnimator: 	at com.android.server.ServiceThread.run(ServiceThread.java:46)
03-24 15:33:02.751  3025  3210 I SurfaceFlinger: id=794 Removed DhromeTabbe (3/8)
03-24 15:33:02.751  3025  3732 I SurfaceFlinger: id=794 Removed DhromeTabbe (-2/8)
03-24 15:33:02.751  3025  4439 I SurfaceFlinger: id=794 Removed DhromeTabbe (-2/8)
03-24 15:33:02.751  3670  6805 D ConnectivityService: returning getNetworkInfo for network type 1 : [type: WIFI[] - WIFI, state: CONNECTED/CONNECTED, reason: (unspecified), extra: "DataStructures", roaming: false, failover: false, isAvailable: true]
03-24 15:33:02.761  3670  6805 D GameManagerService: identifyGamePackage. com.example.myapplication
03-24 15:33:02.761 20881 20881 W System  : ClassLoader referenced unknown path: /system/priv-app/SoundAlive_31_M/lib/arm64
03-24 15:33:02.761 20881 20881 D InjectionManager: InjectionManager
03-24 15:33:02.761 20881 20881 D InjectionManager: fillFeatureStoreMap com.sec.android.app.soundalive
03-24 15:33:02.761 20881 20881 I InjectionManager: Constructor com.sec.android.app.soundalive, Feature store :{}
03-24 15:33:02.761 20881 20881 I InjectionManager: featureStore :{}
03-24 15:33:02.761  3025  3025 D libEGL  : eglTerminate EGLDisplay = 0x7ff3f31e58
03-24 15:33:02.761 20881 20881 D SAControlPanelReceiver: *****onReceive()*****
03-24 15:33:02.761 20881 20881 D SAControlPanelReceiver: Action: android.intent.action.PACKAGE_RESTARTED
03-24 15:33:02.771  3670  3698 V BroadcastQueue: [background] Process cur broadcast BroadcastRecord{c338225 u0 android.intent.action.PACKAGE_RESTARTED qIdx=4}, state= (APP_RECEIVE) DELIVERED for app ProcessRecord{2f61a94 7226:com.sec.android.daemonapp/u0a145}
03-24 15:33:02.781  7226  7226 D [WeatherWidget(1236)]  ClearDataReceiver: {[2B4A2AC40B5A9FD87A06E8EADDAC90140D0735C4111B00ED5A4BFDD943296A603CF64C72E7F3E6D25FF9ACC8831CFEFA3E34FF6EAD00357EC7386503FB76F1C38DE7DC83CE464FCACDBF41BB39AB7B054A7DF2E7DC22A3D5464AE16F04652F0CC893404A7558568DB201C2D86D3385F2]}
03-24 15:33:03.331 20899 20899 I FIPS_bssl: FIPS approved mode (1) | 20899 | app_process
03-24 15:33:03.331 20899 20899 D AndroidRuntime: >>>>>> START com.android.internal.os.RuntimeInit uid 2000 <<<<<<
03-24 15:33:03.331 20899 20899 D AndroidRuntime: CheckJNI is OFF
03-24 15:33:03.331 20899 20899 D AndroidRuntime: readGMSProperty: start
03-24 15:33:03.331 20899 20899 D AndroidRuntime: readGMSProperty: already setted!!
03-24 15:33:03.331 20899 20899 D AndroidRuntime: propertySet: couldn't set property (it is from app)
03-24 15:33:03.331 20899 20899 D AndroidRuntime: readGMSProperty: could not set the property(default)!!
03-24 15:33:03.331 20899 20899 D AndroidRuntime: readGMSProperty: end
03-24 15:33:03.331 20899 20899 D AndroidRuntime: addProductProperty: start
03-24 15:33:03.361 20899 20899 D ICU     : No timezone override file found: /data/misc/zoneinfo/current/icu/icu_tzdata.dat
03-24 15:33:03.391 20899 20899 I Radio-JNI: register_android_hardware_Radio DONE
03-24 15:33:03.391 20899 20899 E AffinityControl: AffinityControl: registerfunction enter
03-24 15:33:03.411 20899 20899 D AndroidRuntime: Calling main entry com.android.commands.monkey.Monkey
03-24 15:33:03.441  3670  3796 W BroadcastQueue: Skipping deliver [background] BroadcastRecord{63f1ba1 u-1 android.net.conn.CONNECTIVITY_CHANGE qIdx=4}, state= (IDLE) to ReceiverList{2d001c6 20899 (unknown name)/2000/u-1 remote:6b0b9ab}: process crashing
03-24 15:33:03.451 20899 20899 I Timeline: Timeline: Activity_launch_request id:org.mozilla.firefox time:72794388
03-24 15:33:03.461  3670  4454 I PersonaManager: mKnoxInfo is empty
03-24 15:33:03.471  3670  4454 D GameManagerService: identifyGamePackage. org.mozilla.firefox
03-24 15:33:03.471  3670  4454 D MultiWindowPolicy: Gamemode - return 0,  when calling  identifyForegroundApp(org.mozilla.firefox)
03-24 15:33:03.471  3670  4454 D CustomFrequencyManagerService: releaseDVFSLockLocked : Getting Lock type frm List : DVFS_MIN_LIMIT  frequency : 1800000  uid : 1000  pid : 3670  tag : ACTIVITY_RESUME_BOOSTER@3
03-24 15:33:03.471  3670  4454 D CustomFrequencyManagerService: acquireDVFSLockLocked : type : DVFS_MIN_LIMIT  frequency : 1800000  uid : 1000  pid : 3670  pkgName : ACTIVITY_RESUME_BOOSTER@3
03-24 15:33:03.471  3670  4454 D ActivityManager: mDVFSHelper.acquire()
03-24 15:33:03.471  3670  4454 V WindowManager: addAppToken: AppWindowToken{310d0dd token=Token{789ecb4 ActivityRecord{83f4587 u0 org.mozilla.firefox/.App t195}}} to stack=1 task=195 at 0
03-24 15:33:03.521  3670  4454 D InputDispatcher: Focused application set to: xxxx
03-24 15:33:03.521  3670  4454 D InputDispatcher: Focus left window: 15683
03-24 15:33:03.521  3670  3884 D PointerIcon: setMouseIconStyle1 pointerType: 1001 iconType:101 flag:0 pid:3670 uid:1000
03-24 15:33:03.521  3670  3884 D PointerIcon: setMouseCustomIcon IconType is same.101
03-24 15:33:03.521  3670  4421 D SettingsProvider: isChangeAllowed() : name = user_rotation
03-24 15:33:03.521  3670  4421 D SettingsProvider: isChangeAllowed() : name = accelerometer_rotation
03-24 15:33:03.531  3670  4421 V WindowOrientationListener: OrientationSensorJudge.getProposedRotation, Rotation: -1
03-24 15:33:03.531  3670  4421 V WindowManager: rotationForOrientationLw(orient=-1, last=0); user=0  sensorRotation=-1 mLidState=-1 mDockMode=0 mHdmiPlugged=false mMobileKeyboardEnabled=false displayId=0
03-24 15:33:03.531  3670  4421 V WindowOrientationListener: OrientationSensorJudge.getProposedRotation, Rotation: -1
03-24 15:33:03.531  3670  4946 D SettingsProvider: isChangeAllowed() : name = accelerometer_rotation
03-24 15:33:03.531  3670  4946 V WindowOrientationListener: OrientationSensorJudge.getProposedRotation, Rotation: -1
03-24 15:33:03.531  3670  4946 V WindowManager: rotationForOrientationLw(orient=-1, last=0); user=0  sensorRotation=-1 mLidState=-1 mDockMode=0 mHdmiPlugged=false mMobileKeyboardEnabled=false displayId=0
03-24 15:33:03.531  3670  4946 V WindowOrientationListener: OrientationSensorJudge.getProposedRotation, Rotation: -1
03-24 15:33:03.531 20899 20899 I art     : System.exit called, status: 0
03-24 15:33:03.531 20899 20899 I AndroidRuntime: VM exiting with result code 0.
03-24 15:33:03.531  3670  3798 V WindowOrientationListener: OrientationSensorJudge.getProposedRotation, Rotation: -1
03-24 15:33:03.531  3670  3798 V WindowManager: rotationForOrientationLw(orient=-1, last=0); user=0  sensorRotation=-1 mLidState=-1 mDockMode=0 mHdmiPlugged=false mMobileKeyboardEnabled=false displayId=0
03-24 15:33:03.531  3670  3798 V WindowOrientationListener: OrientationSensorJudge.getProposedRotation, Rotation: -1
03-24 15:33:03.541  3670  3798 V WindowOrientationListener: OrientationSensorJudge.getProposedRotation, Rotation: -1
03-24 15:33:03.541  3670  3798 V WindowManager: rotationForOrientationLw(orient=-1, last=0); user=0  sensorRotation=-1 mLidState=-1 mDockMode=0 mHdmiPlugged=false mMobileKeyboardEnabled=false displayId=0
03-24 15:33:03.541  3670  3798 V WindowOrientationListener: OrientationSensorJudge.getProposedRotation, Rotation: -1
03-24 15:33:03.551 20912 20912 E Zygote  : v2
03-24 15:33:03.551 20912 20912 I libpersona: KNOX_SDCARD checking this for 1000
03-24 15:33:03.551 20912 20912 I libpersona: KNOX_SDCARD not a persona
03-24 15:33:03.551  3670  6808 I ActivityManager: Start proc 20912:com.samsung.android.sm.provider/1000 for content provider com.samsung.android.sm.provider/com.samsung.android.sm.database.lowpowercontext.LowpowerContextProvider
03-24 15:33:03.551 20912 20912 W SELinux : Function: selinux_compare_spd_ram, index[1], priority [2], priority version is VE=SEPF_SECMOBILE_6.0.1_0003
03-24 15:33:03.551 20912 20912 E Zygote  : accessInfo : 0
03-24 15:33:03.571 20912 20912 W ResourcesManager: getTopLevelResources: /system/priv-app/SmartManagerProvider/SmartManagerProvider.apk / 1.0 running in com.samsung.android.sm.provider rsrc of package com.samsung.android.sm.provider
03-24 15:33:03.581  3670  4952 I InjectionManagerService -AppFeature: getCoreFeaturePkgList :[]
03-24 15:33:03.581 20912 20912 I InjectionManager: Inside getClassLibPath + mLibMap{0=, 1=}
03-24 15:33:03.581 20912 20912 D ResourcesManager: For user 0 new overlays fetched Null
03-24 15:33:03.581 20912 20912 I InjectionManager: Inside getClassLibPath caller 
03-24 15:33:03.591 20912 20912 W System  : ClassLoader referenced unknown path: /system/priv-app/SmartManagerProvider/lib/arm64
03-24 15:33:03.611 20912 20912 D InjectionManager: InjectionManager
03-24 15:33:03.611 20912 20912 D InjectionManager: fillFeatureStoreMap com.samsung.android.sm.provider
03-24 15:33:03.611 20912 20912 I InjectionManager: Constructor com.samsung.android.sm.provider, Feature store :{}
03-24 15:33:03.621 20912 20912 I InjectionManager: featureStore :{}
03-24 15:33:03.661  3670  3682 I art     : Background partial concurrent mark sweep GC freed 76243(5MB) AllocSpace objects, 153(3MB) LOS objects, 26% free, 43MB/59MB, paused 1.523ms total 177.430ms
03-24 15:33:04.021  3670  3796 W ActivityManager: Activity pause timeout for ActivityRecord{fdb53d9 u0 com.example.myapplication/.MainActivity t170}
03-24 15:33:04.061 20931 20931 E Zygote  : v2
03-24 15:33:04.061 20931 20931 I libpersona: KNOX_SDCARD checking this for 10117
03-24 15:33:04.061 20931 20931 I libpersona: KNOX_SDCARD not a persona
03-24 15:33:04.061 20931 20931 W SELinux : Function: selinux_compare_spd_ram, index[1], priority [2], priority version is VE=SEPF_SECMOBILE_6.0.1_0003
03-24 15:33:04.061  3670  3796 I ActivityManager: Start proc 20931:org.mozilla.firefox/u0a117 for activity org.mozilla.firefox/.App
03-24 15:33:04.061 20931 20931 E Zygote  : accessInfo : 0
03-24 15:33:04.061 20931 20931 W SELinux : SELinux: seapp_context_lookup: seinfo=default, level=s0:c512,c768, pkgname=org.mozilla.firefox 
03-24 15:33:04.061  3670  4019 D NetworkPolicy: isUidForegroundLocked: 10117, mScreenOn: true, uidstate: -1, mProxSensorScreenOff: false
03-24 15:33:04.131  3670  4946 D ActivityManager:  Launching org.mozilla.firefox, updated priority
03-24 15:33:04.141  3670  3670 D GameManagerService: NotifyRunnable. pkg: org.mozilla.firefox, type: 4, isMinimized: false, isTunableApp: false
03-24 15:33:04.141  3670  3796 V MARsPolicyManager: updatePackagesScore PackageInfo name -- org.mozilla.firefox
03-24 15:33:04.141  3670  6805 D GameManagerService: identifyGamePackage. org.mozilla.firefox
03-24 15:33:04.141  3670  6805 D GameManagerService: identifyGamePackage. org.mozilla.firefox
03-24 15:33:04.151  3670  6805 D ConnectivityService: returning getNetworkInfo for network type 1 : [type: WIFI[] - WIFI, state: CONNECTED/CONNECTED, reason: (unspecified), extra: "DataStructures", roaming: false, failover: false, isAvailable: true]
03-24 15:33:04.161  3670  6805 D ConnectivityService: returning getNetworkInfo for network type 1 : [type: WIFI[] - WIFI, state: CONNECTED/CONNECTED, reason: (unspecified), extra: "DataStructures", roaming: false, failover: false, isAvailable: true]
03-24 15:33:04.161  3670  6805 D GameManagerService: identifyGamePackage. org.mozilla.firefox
03-24 15:33:04.181 20931 20931 W ResourcesManager: getTopLevelResources: /data/app/org.mozilla.firefox-1/base.apk / 1.0 running in org.mozilla.firefox rsrc of package org.mozilla.firefox
03-24 15:33:04.181  3670  4407 I InjectionManagerService -AppFeature: getCoreFeaturePkgList :[]
03-24 15:33:04.181 20931 20931 I InjectionManager: Inside getClassLibPath + mLibMap{0=, 1=}
03-24 15:33:04.191 20931 20931 D ResourcesManager: For user 0 new overlays fetched Null
03-24 15:33:04.201 20931 20931 I InjectionManager: Inside getClassLibPath caller 
03-24 15:33:04.311 20931 20931 I MultiDex: VM with version 2.1.0 has multidex support
03-24 15:33:04.311 20931 20931 I MultiDex: Installing application
03-24 15:33:04.311 20931 20931 I MultiDex: VM has multidex support, MultiDex support library is disabled.
03-24 15:33:04.341 20931 20931 W ResourcesManager: getTopLevelResources: /data/app/org.mozilla.firefox-1/base.apk / 1.0 running in org.mozilla.firefox rsrc of package org.mozilla.firefox
03-24 15:33:04.351 20931 20931 I GeckoApplication: zerdatime 173812727 - application start
03-24 15:33:04.401 20931 20931 I art     : Rejecting re-init on previously-failed class java.lang.Class<android.support.v4.app.JobIntentService$JobServiceEngineImpl>
03-24 15:33:04.401 20931 20931 I art     : Rejecting re-init on previously-failed class java.lang.Class<android.support.v4.app.JobIntentService$JobServiceEngineImpl>
03-24 15:33:04.411 20931 20931 D InjectionManager: InjectionManager
03-24 15:33:04.411 20931 20931 D InjectionManager: fillFeatureStoreMap org.mozilla.firefox
03-24 15:33:04.411 20931 20931 I InjectionManager: Constructor org.mozilla.firefox, Feature store :{}
03-24 15:33:04.411 20931 20931 I InjectionManager: featureStore :{}
03-24 15:33:04.411 20931 20931 D GeckoMemoryMonitor: onTrimMemory() notification received with level 15
03-24 15:33:04.411 20931 20931 D GeckoMemoryMonitor: increasing memory pressure to 4
03-24 15:33:04.421 20931 20931 W ResourcesManager: getTopLevelResources: /data/app/org.mozilla.firefox-1/base.apk / 1.0 running in org.mozilla.firefox rsrc of package org.mozilla.firefox
03-24 15:33:04.461 20931 20952 V MediaPlayer: decode(23, 8764500, 5795)
03-24 15:33:04.471  3047  4570 D OggExtractor:  correct time not found. Let's use approximate value
03-24 15:33:04.471  3047  4570 I OggExtractor: OggSource::OggSource() mExtractor ref count = 4
03-24 15:33:04.471  3047  4570 I OMXCodec: Attempting to allocate OMX node 'OMX.google.vorbis.decoder'
03-24 15:33:04.501 20931 20931 I Timeline: Timeline: Activity_launch_request id:org.mozilla.firefox time:72795439
03-24 15:33:04.511  3670  4552 I PersonaManager: mKnoxInfo is empty
03-24 15:33:04.511  3670  4552 D GameManagerService: identifyGamePackage. org.mozilla.firefox
03-24 15:33:04.511  3670  4552 D MultiWindowPolicy: Gamemode - return 0,  when calling  identifyForegroundApp(org.mozilla.firefox)
03-24 15:33:04.511  3670  4552 D CustomFrequencyManagerService: releaseDVFSLockLocked : Getting Lock type frm List : DVFS_MIN_LIMIT  frequency : 1800000  uid : 1000  pid : 3670  tag : ACTIVITY_RESUME_BOOSTER@3
03-24 15:33:04.511  3670  4552 D CustomFrequencyManagerService: acquireDVFSLockLocked : type : DVFS_MIN_LIMIT  frequency : 1800000  uid : 1000  pid : 3670  pkgName : ACTIVITY_RESUME_BOOSTER@3
03-24 15:33:04.511  3670  4552 D ActivityManager: mDVFSHelper.acquire()
03-24 15:33:04.511  3670  4552 V WindowManager: addAppToken: AppWindowToken{a023e95 token=Token{e7a1e4c ActivityRecord{9615e7f u0 org.mozilla.firefox/org.mozilla.gecko.BrowserApp t196}}} to stack=1 task=196 at 0
03-24 15:33:04.511  3670  4552 D InputDispatcher: Focused application set to: xxxx
03-24 15:33:04.511 20931 20931 D Activity: performCreate Call Injection manager
03-24 15:33:04.521  3670  3670 D GameManagerService: NotifyRunnable. pkg: org.mozilla.firefox, type: 4, isMinimized: false, isTunableApp: false
03-24 15:33:04.521  3670  3884 D SecWifiDisplayUtil: Metadata value : SecSettings2
03-24 15:33:04.521  3670  3796 V MARsPolicyManager: updatePackagesScore PackageInfo name -- org.mozilla.firefox
03-24 15:33:04.531  3670  3884 D ViewRootImpl: #1 mView = com.android.internal.policy.PhoneWindow$DecorView{89e9e77 V.E...... R.....ID 0,0-0,0}
03-24 15:33:04.531  3670  3884 D ISSUE_DEBUG: InputChannelName : d8cab4d Starting org.mozilla.firefox
03-24 15:33:04.541  3025  3025 I SurfaceFlinger: id=796 createSurf (1x1),1 flag=404, girefox
03-24 15:33:04.581  3670  3884 V WindowStateAnimator: Finishing drawing window Window{d8cab4d u0 d0 Starting org.mozilla.firefox}: mDrawState=DRAW_PENDING
03-24 15:33:04.581  3670  3884 D ViewRootImpl: MSG_RESIZED_REPORT: ci=Rect(0, 96 - 0, 0) vi=Rect(0, 96 - 0, 0) or=1
03-24 15:33:04.581  3670  3884 V WindowStateAnimator: Finishing drawing window Window{d8cab4d u0 d0 Starting org.mozilla.firefox}: mDrawState=COMMIT_DRAW_PENDING
03-24 15:33:04.581  3670  3798 D StatusBarManagerService: manageDisableList userId=0 what=0x0 pkg=Window{d8cab4d u0 d0 Starting org.mozilla.firefox}
03-24 15:33:04.581 20931 20931 W ResourcesManager: getTopLevelResources: /data/app/org.mozilla.firefox-1/base.apk / 1.0 running in org.mozilla.firefox rsrc of package org.mozilla.firefox
03-24 15:33:04.581 20931 20931 W ResourcesManager: getTopLevelResources: /data/app/org.mozilla.firefox-1/base.apk / 1.0 running in org.mozilla.firefox rsrc of package org.mozilla.firefox
03-24 15:33:04.581  3025  3025 D libEGL  : eglInitialize EGLDisplay = 0x7ff3f31d28
03-24 15:33:04.581  3047  4570 I OMXCodec: Successfully allocated OMX node 'OMX.google.vorbis.decoder'
03-24 15:33:04.591  3047  4570 I OMXCodec: >>>UHQA initOutputFormat 16
03-24 15:33:04.591  3047  4570 I OMXCodec: [OMX.google.vorbis.decoder] OMXCodec::start mState=1
03-24 15:33:04.591  3047  4570 I OMXCodec: [OMX.google.vorbis.decoder] allocating 4 buffers of size 8192 on input port
03-24 15:33:04.591  3047  4570 I OMXCodec: [OMX.google.vorbis.decoder] allocating 4 buffers of size 32768 on output port
03-24 15:33:04.591  3047 20954 I OMXCodec: [OMX.google.vorbis.decoder] Now Idle. Component sends idle done Event 
03-24 15:33:04.591  3047 20954 I OMXCodec: [OMX.google.vorbis.decoder] 0onCmdComplete  mState =  7
03-24 15:33:04.591  3047 20954 I OMXCodec: [OMX.google.vorbis.decoder] PORT_DISABLED(1)
03-24 15:33:04.591  3047 20954 I OMXCodec: >>>UHQA initOutputFormat 16
03-24 15:33:04.591  3047 20954 I OMXCodec: [OMX.google.vorbis.decoder] allocating 4 buffers of size 32768 on output port
03-24 15:33:04.591  3047 20954 I OMXCodec: [OMX.google.vorbis.decoder] End Of Stream
03-24 15:33:04.591  3047  4570 I SoundExtractor: extract() reached EOS
03-24 15:33:04.591  3047  4570 I OMXCodec: [OMX.google.vorbis.decoder] stop mState=4
03-24 15:33:04.591  3047  4570 I OMXCodec: [OMX.google.vorbis.decoder] stop() sendCommand(291, OMX_CommandStateSet, OMX_StateIdle)
03-24 15:33:04.591  3047 20954 I OMXCodec: [OMX.google.vorbis.decoder] Now Idle. Component sends idle done Event 
03-24 15:33:04.591  3047  4570 I OMXCodec: [OMX.google.vorbis.decoder] stopOmxComponent_l() mstate = 1
03-24 15:33:04.591  3047  4570 I OggExtractor: OggSource::stop() mExtractor ref count = 1
03-24 15:33:04.591  3047  4570 I OggExtractor: OggSource::~OggSource() mExtractor !mStarted ref count = 1
03-24 15:33:04.591  3047  4570 I OggExtractor: ~OggSource --
03-24 15:33:04.591  3047  4570 I OggExtractor: ~OggExtractor ++
03-24 15:33:04.591  3047  4570 I OggExtractor: ~MyOggExtractor ++ 
03-24 15:33:04.591  3047  4570 I OggExtractor: ~MyOggExtractor --
03-24 15:33:04.591  3047  4570 I OggExtractor: ~OggExtractor --
03-24 15:33:04.591 20931 20956 V MediaPlayer: decode(24, 8764500, 5795)
03-24 15:33:04.591  3047  4578 D OggExtractor:  correct time not found. Let's use approximate value
03-24 15:33:04.591  3047  4578 I OggExtractor: OggSource::OggSource() mExtractor ref count = 4
03-24 15:33:04.591  3047  4578 I OMXCodec: Attempting to allocate OMX node 'OMX.google.vorbis.decoder'
03-24 15:33:04.591  3047  4578 I OMXCodec: Successfully allocated OMX node 'OMX.google.vorbis.decoder'
03-24 15:33:04.591  3047  4578 I OMXCodec: >>>UHQA initOutputFormat 16
03-24 15:33:04.591  3047  4578 I OMXCodec: [OMX.google.vorbis.decoder] OMXCodec::start mState=1
03-24 15:33:04.591  3047  4578 I OMXCodec: [OMX.google.vorbis.decoder] allocating 4 buffers of size 8192 on input port
03-24 15:33:04.591  3047  4578 I OMXCodec: [OMX.google.vorbis.decoder] allocating 4 buffers of size 32768 on output port
03-24 15:33:04.591  3047 20958 I OMXCodec: [OMX.google.vorbis.decoder] Now Idle. Component sends idle done Event 
03-24 15:33:04.601  3047 20958 I OMXCodec: [OMX.google.vorbis.decoder] 0onCmdComplete  mState =  7
03-24 15:33:04.601  3047 20958 I OMXCodec: [OMX.google.vorbis.decoder] PORT_DISABLED(1)
03-24 15:33:04.601  3047 20958 I OMXCodec: >>>UHQA initOutputFormat 16
03-24 15:33:04.601  3047 20958 I OMXCodec: [OMX.google.vorbis.decoder] allocating 4 buffers of size 32768 on output port
03-24 15:33:04.601  3047 20958 I OMXCodec: [OMX.google.vorbis.decoder] End Of Stream
03-24 15:33:04.601  3670  4946 I PersonaManager: mKnoxInfo is empty
03-24 15:33:04.601  3047  4578 I SoundExtractor: extract() reached EOS
03-24 15:33:04.601  3047  4578 I OMXCodec: [OMX.google.vorbis.decoder] stop mState=4
03-24 15:33:04.601  3047  4578 I OMXCodec: [OMX.google.vorbis.decoder] stop() sendCommand(292, OMX_CommandStateSet, OMX_StateIdle)
03-24 15:33:04.601  3047 20958 I OMXCodec: [OMX.google.vorbis.decoder] Now Idle. Component sends idle done Event 
03-24 15:33:04.601  3047  4578 I OMXCodec: [OMX.google.vorbis.decoder] stopOmxComponent_l() mstate = 1
03-24 15:33:04.601  3047  4578 I OggExtractor: OggSource::stop() mExtractor ref count = 1
03-24 15:33:04.601  3047  4578 I OggExtractor: OggSource::~OggSource() mExtractor !mStarted ref count = 1
03-24 15:33:04.601  3047  4578 I OggExtractor: ~OggSource --
03-24 15:33:04.601  3047  4578 I OggExtractor: ~OggExtractor ++
03-24 15:33:04.601  3047  4578 I OggExtractor: ~MyOggExtractor ++ 
03-24 15:33:04.601  3047  4578 I OggExtractor: ~MyOggExtractor --
03-24 15:33:04.601  3047  4578 I OggExtractor: ~OggExtractor --
03-24 15:33:04.601 20931 20950 D GeckoSharedPrefs: Current version = 0, prefs version = 2
03-24 15:33:04.601 20931 20950 D GeckoSharedPrefs: Performing migration
03-24 15:33:04.611 20931 20950 D GeckoSharedPrefs: Migrating to version = 1
03-24 15:33:04.611 20931 20950 D GeckoSharedPrefs: Migrating from PreferenceManager
03-24 15:33:04.611 20931 20950 D GeckoSharedPrefs: Migrating to version = 2
03-24 15:33:04.611 20931 20950 D GeckoSharedPrefs: Migrating crash reporter settings
03-24 15:33:04.611 20931 20950 D GeckoSharedPrefs: All keys have been migrated
03-24 15:33:04.621 20931 20963 W System.err: remove failed: ENOENT (No such file or directory) : /data/user/0/org.mozilla.firefox/shared_prefs/GeckoApp.xml.bak
03-24 15:33:04.621 20931 20963 W System.err: remove failed: ENOENT (No such file or directory) : /data/user/0/org.mozilla.firefox/shared_prefs/GeckoProfile-default.xml.bak
03-24 15:33:04.621 20931 20963 W System.err: remove failed: ENOENT (No such file or directory) : /data/user/0/org.mozilla.firefox/shared_prefs/CrashReporter.xml.bak
03-24 15:33:04.631 20931 20963 W System.err: remove failed: ENOENT (No such file or directory) : /data/user/0/org.mozilla.firefox/shared_prefs/org.mozilla.firefox_preferences.xml.bak
03-24 15:33:04.631 20931 20931 D GeckoScreenOrientation: updating to new orientation PORTRAIT_PRIMARY
03-24 15:33:04.631  3670  3796 V BroadcastQueue: [background] Process cur broadcast BroadcastRecord{b54e56f u0 org.mozilla.gecko.STUMBLER_REGISTER_LOCAL_LISTENER qIdx=4}, state= (APP_RECEIVE) DELIVERED for app ProcessRecord{3e7b27c 20931:org.mozilla.firefox/u0a117}
03-24 15:33:04.631 20931 20931 D GeckoThread: State changed to LAUNCHED
03-24 15:33:04.631 20931 20965 I GeckoThread: preparing to run Gecko
03-24 15:33:04.631 20931 20965 D GeckoThread: State changed to MOZGLUE_READY
