03-24 15:39:41.991 27897 27916 W VideoCapabilities: Unrecognized profile 2130706433 for video/avc
03-24 15:39:41.991 27897 27916 W VideoCapabilities: Unrecognized profile 2130706433 for video/avc
03-24 15:39:41.991 27897 27916 W VideoCapabilities: Unrecognized profile 2130706433 for video/avc
03-24 15:39:41.991 27897 27916 W VideoCapabilities: Unrecognized profile 2130706433 for video/avc
03-24 15:39:41.991 27897 27916 W VideoCapabilities: Unrecognized profile 2130706433 for video/avc
03-24 15:39:41.991 27897 27916 W VideoCapabilities: Unrecognized profile 2130706433 for video/avc
03-24 15:39:41.991 27897 27916 W VideoCapabilities: Unrecognized profile 2130706433 for video/avc
03-24 15:39:41.991 27897 27916 W VideoCapabilities: Unrecognized profile 2130706433 for video/avc
03-24 15:39:41.991 27897 27916 W VideoCapabilities: Unrecognized profile 2130706433 for video/avc
03-24 15:39:41.991 27897 27916 W VideoCapabilities: Unrecognized profile 2130706433 for video/avc
03-24 15:39:41.991 27897 27916 W VideoCapabilities: Unrecognized profile 2130706433 for video/avc
03-24 15:39:41.991 27897 27916 W VideoCapabilities: Unrecognized profile 2130706433 for video/avc
03-24 15:39:41.991 27897 27916 W VideoCapabilities: Unrecognized profile 2130706433 for video/avc
03-24 15:39:41.991 27897 27916 W VideoCapabilities: Unrecognized profile 2130706433 for video/avc
03-24 15:39:41.991 27897 27916 W VideoCapabilities: Unrecognized profile 2130706434 for video/avc
03-24 15:39:41.991 27897 27916 W VideoCapabilities: Unrecognized profile 2130706434 for video/avc
03-24 15:39:41.991 27897 27916 W VideoCapabilities: Unrecognized profile 2130706434 for video/avc
03-24 15:39:41.991 27897 27916 W VideoCapabilities: Unrecognized profile 2130706434 for video/avc
03-24 15:39:41.991 27897 27916 W VideoCapabilities: Unrecognized profile 2130706434 for video/avc
03-24 15:39:41.991 27897 27916 W VideoCapabilities: Unrecognized profile 2130706434 for video/avc
03-24 15:39:41.991 27897 27916 W VideoCapabilities: Unrecognized profile 2130706434 for video/avc
03-24 15:39:41.991 27897 27916 W VideoCapabilities: Unrecognized profile 2130706434 for video/avc
03-24 15:39:41.991 27897 27916 W VideoCapabilities: Unrecognized profile 2130706434 for video/avc
03-24 15:39:41.991 27897 27916 W VideoCapabilities: Unrecognized profile 2130706434 for video/avc
03-24 15:39:41.991 27897 27916 W VideoCapabilities: Unrecognized profile 2130706434 for video/avc
03-24 15:39:41.991 27897 27916 W VideoCapabilities: Unrecognized profile 2130706434 for video/avc
03-24 15:39:41.991 27897 27916 W VideoCapabilities: Unrecognized profile 2130706434 for video/avc
03-24 15:39:41.991 27897 27916 W VideoCapabilities: Unrecognized profile 2130706434 for video/avc
03-24 15:39:41.991 27897 27916 W VideoCapabilities: Unrecognized profile 2130706434 for video/avc
03-24 15:39:41.991 27897 27916 W VideoCapabilities: Unrecognized profile 2130706434 for video/avc
03-24 15:39:41.991  3670  3796 V BroadcastQueue: [background] Process cur broadcast BroadcastRecord{14b57cf u0 com.google.firebase.INSTANCE_ID_EVENT qIdx=4}, state= (APP_RECEIVE) DELIVERED for app ProcessRecord{15b91c8 27699:com.microsoft.emmx/u0a98}
03-24 15:39:41.991  6803  6803 I ApplicationPackageManager: scaled rate=1.0429629, size=192, alpha=15, hold=26, target=192
03-24 15:39:41.991 27699 27728 W System.err: remove failed: ENOENT (No such file or directory) : /data/user/0/com.microsoft.emmx/shared_prefs/com.appboy.storage.triggers.actions.d41d8cd98f00b204e9800998ecf8427e.b856ca21-b874-458d-9aea-7b2f4030f8ef.xml.bak
03-24 15:39:41.991 27853 27866 W chromium: [WARNING:resource_bundle.cc(599)] GetRawDataResourceForScale::GetStringPiece failed, i: 0 scale_factor: 1
03-24 15:39:41.991 27853 27866 W chromium: [WARNING:resource_bundle.cc(599)] GetRawDataResourceForScale::GetStringPiece failed, i: 0 scale_factor: 1
03-24 15:39:41.991 27853 27866 W chromium: [WARNING:resource_bundle.cc(599)] GetRawDataResourceForScale::GetStringPiece failed, i: 0 scale_factor: 1
03-24 15:39:41.991 27853 27866 W chromium: [WARNING:resource_bundle.cc(599)] GetRawDataResourceForScale::GetStringPiece failed, i: 0 scale_factor: 1
03-24 15:39:42.001 27699 27728 W System.err: remove failed: ENOENT (No such file or directory) : /data/user/0/com.microsoft.emmx/shared_prefs/com.appboy.storage.triggers.re_eligibility.d41d8cd98f00b204e9800998ecf8427e.b856ca21-b874-458d-9aea-7b2f4030f8ef.xml.bak
03-24 15:39:42.001 27897 27916 W VideoCapabilities: Unsupported mime video/wvc1
03-24 15:39:42.001 27699 27728 W System.err: remove failed: ENOENT (No such file or directory) : /data/user/0/com.microsoft.emmx/shared_prefs/com.appboy.storage.triggers.local_assets.b856ca21-b874-458d-9aea-7b2f4030f8ef.xml.bak
03-24 15:39:42.001 27897 27916 W VideoCapabilities: Unsupported mime video/x-ms-wmv
03-24 15:39:42.001 27699 27851 I EMMXGcmRegistrationTask: device token: eeP6V9j592A:APA91bFyBZqTzxHCt_Vkho9Uzo3Fxc0lTnTmfmiT8Drf8aRn6pTbi0eK6Jjshm7pjpwOIHV1UDbQL11iOE7DEYz3lMHT4264mwT--MFS-TBTJt4Rs1DbSsWw78WYEAV083EgKUiCsMkC
03-24 15:39:42.001 27699 27851 I RubySyncClient: registerNotifications
03-24 15:39:42.001 27699 27728 W System.err: remove failed: ENOENT (No such file or directory) : /data/user/0/com.microsoft.emmx/shared_prefs/afd_feature_flags.xml.bak
03-24 15:39:42.001 27699 27699 I cr_XU   : FeatureSingle: ExpFeatureUsage {isFound=true, featureValue=true, dataSource=ExP, featureName=NewsGuard-Rollout}
03-24 15:39:42.011 27699 27728 W System.err: remove failed: ENOENT (No such file or directory) : /data/user/0/com.microsoft.emmx/shared_prefs/com.appboy.push_registration.xml.bak
03-24 15:39:42.011 27699 27699 I cr_XU   : FeatureSingle: ExpFeatureUsage {isFound=true, featureValue=true, dataSource=ExP, featureName=NewsGuard-Rollout}
03-24 15:39:42.011  7402  7402 D SamsungIME: IMPL finishInput
03-24 15:39:42.011  7402  7402 D SamsungIME: SwiftKeyWrapper writeDBdataToFileOnFinishInput
03-24 15:39:42.011  7402  7402 D SamsungIME: saveAndClear +
03-24 15:39:42.011 27853 27866 W chromium: [WARNING:resource_bundle.cc(599)] GetRawDataResourceForScale::GetStringPiece failed, i: 0 scale_factor: 1
03-24 15:39:42.011 27853 27866 W chromium: [WARNING:resource_bundle.cc(599)] GetRawDataResourceForScale::GetStringPiece failed, i: 0 scale_factor: 1
03-24 15:39:42.011 27937 27937 I MAMInfo : MAMInfo initialized. Debug=false, UseTestAgent=false, ManagedDialogDisabled=false, DeprecationDialogDisabled=false, PolicyRequired=false, MultiIdentityEnabled=true, FullBackupContent=true, UseDefaultEnrollment=false, ExceptionOnInit=false, Debuggable=false
03-24 15:39:42.011  7402  7402 D SamsungIME: saveAndClear -
03-24 15:39:42.011 27853 27866 W chromium: [WARNING:resource_bundle.cc(599)] GetRawDataResourceForScale::GetStringPiece failed, i: 0 scale_factor: 1
03-24 15:39:42.011 27897 27916 W VideoCapabilities: Unrecognized profile/level 32768/2 for video/mp4v-es
03-24 15:39:42.011 27699 27699 I cr_XU   : FeatureSingle: ExpFeatureUsage {isFound=true, featureValue=true, dataSource=ExP, featureName=NewsGuard-Rollout}
03-24 15:39:42.021 27897 27916 W VideoCapabilities: Unsupported mime video/wvc1
03-24 15:39:42.021 27897 27916 W VideoCapabilities: Unsupported mime video/x-ms-wmv
03-24 15:39:42.021 27897 27916 W VideoCapabilities: Unsupported mime video/x-ms-wmv7
03-24 15:39:42.021 27699 27804 I System.out: (HTTPLog)-Static: isSBSettingEnabled false
03-24 15:39:42.021 27699 27804 I System.out: (HTTPLog)-Static: isSBSettingEnabled false
03-24 15:39:42.021 27699 27726 I cr_XU   : FeatureSingle: ExpFeatureUsage {isFound=true, featureValue=true, dataSource=ExP, featureName=NewsGuard-Rollout}
03-24 15:39:42.021 27897 27916 W VideoCapabilities: Unsupported mime video/x-ms-wmv8
03-24 15:39:42.021  3670  4550 I PersonaManager: mKnoxInfo is empty
03-24 15:39:42.021 27897 27916 W VideoCapabilities: Unsupported mime video/mp43
03-24 15:39:42.031 27897 27916 W VideoCapabilities: Unrecognized profile 2130706433 for video/avc
03-24 15:39:42.031 27897 27916 W VideoCapabilities: Unrecognized profile 2130706433 for video/avc
03-24 15:39:42.031 27897 27916 W VideoCapabilities: Unrecognized profile 2130706433 for video/avc
03-24 15:39:42.031 27897 27916 W VideoCapabilities: Unrecognized profile 2130706433 for video/avc
03-24 15:39:42.031 27897 27916 W VideoCapabilities: Unrecognized profile 2130706433 for video/avc
03-24 15:39:42.031 27897 27916 W VideoCapabilities: Unrecognized profile 2130706433 for video/avc
03-24 15:39:42.031 27897 27916 W VideoCapabilities: Unrecognized profile 2130706433 for video/avc
03-24 15:39:42.031 27897 27916 W VideoCapabilities: Unrecognized profile 2130706433 for video/avc
03-24 15:39:42.031 27897 27916 W VideoCapabilities: Unrecognized profile 2130706433 for video/avc
03-24 15:39:42.031 27897 27916 W VideoCapabilities: Unrecognized profile 2130706433 for video/avc
03-24 15:39:42.031 27897 27916 W VideoCapabilities: Unrecognized profile 2130706433 for video/avc
03-24 15:39:42.031 27897 27916 W VideoCapabilities: Unrecognized profile 2130706433 for video/avc
03-24 15:39:42.031 27897 27916 W VideoCapabilities: Unrecognized profile 2130706433 for video/avc
03-24 15:39:42.031 27897 27916 W VideoCapabilities: Unrecognized profile 2130706433 for video/avc
03-24 15:39:42.031 27897 27916 W VideoCapabilities: Unrecognized profile 2130706433 for video/avc
03-24 15:39:42.031 27897 27916 W VideoCapabilities: Unrecognized profile 2130706433 for video/avc
03-24 15:39:42.031 27897 27916 W VideoCapabilities: Unrecognized profile 2130706434 for video/avc
03-24 15:39:42.031 27897 27916 W VideoCapabilities: Unrecognized profile 2130706434 for video/avc
03-24 15:39:42.031 27897 27916 W VideoCapabilities: Unrecognized profile 2130706434 for video/avc
03-24 15:39:42.031 27897 27916 W VideoCapabilities: Unrecognized profile 2130706434 for video/avc
03-24 15:39:42.031 27897 27916 W VideoCapabilities: Unrecognized profile 2130706434 for video/avc
03-24 15:39:42.031 27897 27916 W VideoCapabilities: Unrecognized profile 2130706434 for video/avc
03-24 15:39:42.031 27897 27916 W VideoCapabilities: Unrecognized profile 2130706434 for video/avc
03-24 15:39:42.031 27897 27916 W VideoCapabilities: Unrecognized profile 2130706434 for video/avc
03-24 15:39:42.031 27897 27916 W VideoCapabilities: Unrecognized profile 2130706434 for video/avc
03-24 15:39:42.031 27897 27916 W VideoCapabilities: Unrecognized profile 2130706434 for video/avc
03-24 15:39:42.031 27897 27916 W VideoCapabilities: Unrecognized profile 2130706434 for video/avc
03-24 15:39:42.031 27897 27916 W VideoCapabilities: Unrecognized profile 2130706434 for video/avc
03-24 15:39:42.031 27897 27916 W VideoCapabilities: Unrecognized profile 2130706434 for video/avc
03-24 15:39:42.031 27897 27916 W VideoCapabilities: Unrecognized profile 2130706434 for video/avc
03-24 15:39:42.031 27897 27916 W VideoCapabilities: Unrecognized profile 2130706434 for video/avc
03-24 15:39:42.031 27897 27916 W VideoCapabilities: Unrecognized profile 2130706434 for video/avc
03-24 15:39:42.031  3670  4550 D PackageManager: findPreferredActivity: We found 3 PreferredActivities set, but no match
03-24 15:39:42.031  3670  4550 I PackageManager: No preferred activity: intent should not be shown
03-24 15:39:42.031 27897 27916 W VideoCapabilities: Unrecognized profile/level 32768/2 for video/mp4v-es
03-24 15:39:42.031 27699 27699 I cr_XU   : FeatureSingle: ExpFeatureUsage {isFound=true, featureValue=true, dataSource=ExP, featureName=NewsGuard-Rollout}
03-24 15:39:42.031 27699 27699 D TextView: setTypeface with style : 0
03-24 15:39:42.031 27699 27699 D TextView: setTypeface with style : 0
03-24 15:39:42.041 27937 27937 D InjectionManager: InjectionManager
03-24 15:39:42.041 27937 27937 I InjectionManager: featureStore :{}
03-24 15:39:42.041 27937 27937 I cr_ChildProcessService: Creating new ChildProcessService pid=27937
03-24 15:39:42.051 27897 27916 I VideoCapabilities: Unsupported profile 4 for video/mp4v-es
03-24 15:39:42.051 27699 27729 W cr_ReadingListDataAdapter: /data/user/0/com.microsoft.emmx/databases/ReadingListDB databases file not exist!!!
03-24 15:39:42.051 27699 27729 W cr_ReadingListDataAdapter: Finished performing dual identity migration.
03-24 15:39:42.061  3670  4552 I PersonaManager: mKnoxInfo is empty
03-24 15:39:42.061  3670  4407 I PersonaManager: mKnoxInfo is empty
03-24 15:39:42.071  3670  4552 D PackageManager: findPreferredActivity: We found 1 PreferredActivities set, but no match
03-24 15:39:42.071  3670  4552 I PackageManager: No preferred activity: intent should not be shown
03-24 15:39:42.071  3670  4407 D PackageManager: findPreferredActivity: No PreferredActivities set
03-24 15:39:42.071  3670  4407 I PackageManager: No preferred activity: intent should not be shown
03-24 15:39:42.071 27699 27699 I cr_XU   : FeatureSingle: ExpFeatureUsage {isFound=false, featureValue=, dataSource=ExP, featureName=ExperimentSetDefaultBrowser}
03-24 15:39:42.071 27897 27916 W VideoCapabilities: Unsupported mime video/sorenson
03-24 15:39:42.081 27897 27916 D         : ro.exynos.dss isEnabled: 0
03-24 15:39:42.081 27699 27699 I RubySyncClient: password model loaded
03-24 15:39:42.081 27699 27699 I RubySyncClient: password model loaded
03-24 15:39:42.091 27897 27916 D libGLESv2: DTS_GLAPI : DTS is not allowed for Package : com.microsoft.emmx:privileged_process0
03-24 15:39:42.101 27897 27916 D mali_winsys: new_window_surface returns 0x3000,  [1440x2464]-format:1
03-24 15:39:42.131  3670  4016 D ConnectivityService: returning getNetworkInfo for network type 1 : [type: WIFI[] - WIFI, state: CONNECTED/CONNECTED, reason: (unspecified), extra: "DataStructures", roaming: false, failover: false, isAvailable: true]
03-24 15:39:42.131 27699 27775 W System.err: stat failed: ENOENT (No such file or directory) : /data/user/0/com.microsoft.emmx/EdgeSafety/MalwareData.db
03-24 15:39:42.141 27699 27699 W ResourcesManager: getTopLevelResources: /data/app/com.microsoft.emmx-1/base.apk / 1.0 running in com.microsoft.emmx rsrc of package com.microsoft.emmx
03-24 15:39:42.141  3670  4952 I PersonaManager: mKnoxInfo is empty
03-24 15:39:42.141 27699 27775 I System.out: (HTTPLog)-Static: isSBSettingEnabled false
03-24 15:39:42.141 27699 27775 I System.out: (HTTPLog)-Static: isSBSettingEnabled false
03-24 15:39:42.141  3037  3741 D EnterpriseController: netId is 0
03-24 15:39:42.141  3037  3741 D Netd    : getNetworkForDns: using netid 510 for uid 10098
03-24 15:39:42.161 27699 27699 D TextView: setTypeface with style : 0
03-24 15:39:42.161 27699 27699 D TextView: setTypeface with style : 0
03-24 15:39:42.161 27699 27699 D TextView: setTypeface with style : 0
03-24 15:39:42.171  3025  3025 D libEGL  : eglInitialize EGLDisplay = 0x7ff3f31d28
03-24 15:39:42.181 27937 27977 I cr_LibraryLoader: Loading chrome
03-24 15:39:42.181 27699 27699 D ViewRootImpl: #1 mView = com.android.internal.policy.PhoneWindow$DecorView{fd3f0c8 V.E...... R.....ID 0,0-0,0}
03-24 15:39:42.201  3670  4947 D ISSUE_DEBUG: InputChannelName : b7943f4 com.microsoft.emmx/org.chromium.chrome.browser.ChromeTabbedActivity
03-24 15:39:42.201  3670  3798 D StatusBarManagerService: manageDisableList userId=0 what=0x0 pkg=Window{b7943f4 u0 d0 com.microsoft.emmx/org.chromium.chrome.browser.ChromeTabbedActivity}
03-24 15:39:42.201  3670  4947 D InputDispatcher: Focus left window: 27699
03-24 15:39:42.201  3670  4947 D InputDispatcher: Focus entered window: 27699
03-24 15:39:42.201  3670  3884 D PointerIcon: setMouseIconStyle1 pointerType: 1001 iconType:101 flag:0 pid:3670 uid:1000
03-24 15:39:42.201  3670  3884 D PointerIcon: setMouseCustomIcon IconType is same.101
03-24 15:39:42.211  3670  4452 I PersonaManager: mKnoxInfo is empty
03-24 15:39:42.211  4103  4103 D PhoneStatusBar: setSystemUiVisibility vis=a000 mask=ffffffff oldVal=a600 newVal=a000 diff=600
03-24 15:39:42.221  3670  4452 D PackageManager: findPreferredActivity: No PreferredActivities set
03-24 15:39:42.221  3670  4452 I PackageManager: No preferred activity: intent should not be shown
03-24 15:39:42.221  3670  3698 I PersonaManager: mKnoxInfo is empty
03-24 15:39:42.221 27937 27977 I cr_LibraryLoader: Time to load native libraries: 45 ms (timestamps 3111-3156)
03-24 15:39:42.221 27937 27977 I chromium: [INFO:library_loader_hooks.cc(36)] Chromium logging enabled: level = 0, default verbosity = 0
03-24 15:39:42.221 27937 27977 I cr_LibraryLoader: Expected native library version number "71.0.3578.99", actual native library version number "71.0.3578.99"
03-24 15:39:42.221  3670  3698 D PackageManager: findPreferredActivity: No PreferredActivities set
03-24 15:39:42.221  3670  3698 I PackageManager: No preferred activity: intent should not be shown
03-24 15:39:42.231 27699 27699 D TextView: setTypeface with style : 0
03-24 15:39:42.231 27699 27699 D TextView: setTypeface with style : 0
03-24 15:39:42.241 27937 27977 W ResourcesManager: getTopLevelResources: /data/app/com.microsoft.emmx-1/base.apk / 1.0 running in com.microsoft.emmx rsrc of package com.microsoft.emmx
03-24 15:39:42.241 27699 27699 D TextView: setTypeface with style : 0
03-24 15:39:42.251 27699 27699 D TextView: setTypeface with style : 0
03-24 15:39:42.251 27699 27699 D TextView: setTypeface with style : 0
03-24 15:39:42.251  3670  4407 I PersonaManager: mKnoxInfo is empty
03-24 15:39:42.251 27699 27699 I XN      : isLocaleSupported() returned: false current locale = [en-gb], supported locale = [en-us;]
03-24 15:39:42.261  3670  4016 D BatteryService: !@BatteryListener : batteryPropertiesChanged!
03-24 15:39:42.261  3670  4016 D BatteryService: level:94, scale:100, status:2, health:2, present:true, voltage: 4139, temperature: 326, technology: Li-ion, AC powered:false, USB powered:true, POGO powered:false, Wireless powered:false, icon:17303414, invalid charger:0, maxChargingCurrent:0
03-24 15:39:42.261  3670  4016 D BatteryService: online:4, current avg:-126, charge type:1, power sharing:false, high voltage charger:false, capacity:280000, batterySWSelfDischarging:false, current_now:-856
03-24 15:39:42.261  3670  3670 D BatteryService: Sending ACTION_BATTERY_CHANGED.
03-24 15:39:42.261  3670  3670 I MotionRecognitionService: Plugged
03-24 15:39:42.261  3025  3025 I SurfaceFlinger: id=833 createSurf (257x257),1 flag=4, DhromeTabbe
03-24 15:39:42.261  3670  3670 E MotionRecognitionService: support TA ~
03-24 15:39:42.261  3670  3670 I MotionRecognitionService: isTAConnected | current backoffstate  = 33792
03-24 15:39:42.261  3670  3670 D MotionRecognitionService:  TA connected ,  33792
03-24 15:39:42.261  3670  3670 I MotionRecognitionService: skip setTransmitPower. 
03-24 15:39:42.261  3670  3670 D MotionRecognitionService:   cableConnection= 1
03-24 15:39:42.261  3670  3670 D MotionRecognitionService: setPowerConnected | current backoffstate  = 33792 , state =33792
03-24 15:39:42.261  3670  3670 D MotionRecognitionService: skip setTransmitPower. 
03-24 15:39:42.271  4103  4103 D KeyguardUpdateMonitor: received broadcast android.intent.action.BATTERY_CHANGED
03-24 15:39:42.271  4103  4103 D KeyguardUpdateMonitor: handleBatteryUpdate
03-24 15:39:42.271  4103  4103 D PowerUI : priorPlugType = 2 mPlugType =  2
03-24 15:39:42.271  4103  4103 D PowerUI.Notification: showChargingNotice oldChargingType : 1 currentChargingType : 1 oldChargingTime : 962000 mChargingTime : 962000
03-24 15:39:42.271  4103  4103 D PowerUI.Notification: There is no change about charging status, so return!
03-24 15:39:42.281  4103  4103 D BatteryMeterView: ACTION_BATTERY_CHANGED : level:94 status:2 health:2
03-24 15:39:42.281  4103  4103 D BatteryMeterView: ACTION_BATTERY_CHANGED : level:94 status:2 health:2
03-24 15:39:42.281 27699 27847 D mali_winsys: new_window_surface returns 0x3000,  [1624x2488]-format:1
03-24 15:39:42.281 27937 27977 W chromium: [WARNING:resource_bundle.cc(599)] GetRawDataResourceForScale::GetStringPiece failed, i: 0 scale_factor: 1
03-24 15:39:42.281 27937 27977 W chromium: [WARNING:resource_bundle.cc(599)] GetRawDataResourceForScale::GetStringPiece failed, i: 0 scale_factor: 1
03-24 15:39:42.281 27937 27977 W chromium: [WARNING:resource_bundle.cc(599)] GetRawDataResourceForScale::GetStringPiece failed, i: 0 scale_factor: 1
03-24 15:39:42.281 27937 27977 W chromium: [WARNING:resource_bundle.cc(599)] GetRawDataResourceForScale::GetStringPiece failed, i: 0 scale_factor: 1
03-24 15:39:42.291 27937 27977 W chromium: [WARNING:resource_bundle.cc(599)] GetRawDataResourceForScale::GetStringPiece failed, i: 0 scale_factor: 1
03-24 15:39:42.291 27937 27977 W chromium: [WARNING:resource_bundle.cc(599)] GetRawDataResourceForScale::GetStringPiece failed, i: 0 scale_factor: 1
03-24 15:39:42.291 27937 27977 W chromium: [WARNING:resource_bundle.cc(599)] GetRawDataResourceForScale::GetStringPiece failed, i: 0 scale_factor: 1
03-24 15:39:42.301  3670  4550 D InputMethodManagerService: windowGainedFocus mCurrentFocusedUserId - 0 and mSecureKeypadEnabled-false
03-24 15:39:42.301  7402  7402 D SamsungIME: IMPL finishInput
03-24 15:39:42.301  7402  7402 D SamsungIME: SwiftKeyWrapper writeDBdataToFileOnFinishInput
03-24 15:39:42.301  7402  7402 D SamsungIME: saveAndClear +
03-24 15:39:42.301  7402  7402 D SamsungIME: saveAndClear -
03-24 15:39:42.301  7402  7402 D SamsungIME: onStartInput: No inputType, No imeOption, isInputViewShown = false, isExtractViewShown = false, isShowInputRequested = false, isConfigChanged = false
03-24 15:39:42.301 27699 28008 I EMMXInstanceIDListener: Received token refresh request
03-24 15:39:42.301 27699 28008 I EMMXGcmController: fetchToken
03-24 15:39:42.301  3025  3025 D libEGL  : eglInitialize EGLDisplay = 0x7ff3f31d28
03-24 15:39:42.311  3670  3796 V BroadcastQueue: [background] Process cur broadcast BroadcastRecord{fcc6363 u0 com.google.android.gms.gcm.ACTION_SCHEDULE qIdx=4}, state= (APP_RECEIVE) DELIVERED for app ProcessRecord{68a6177 7275:com.google.android.gms.persistent/u0a15}
03-24 15:39:42.331  3670  3697 V AlarmManager:  remove PendingIntent] PendingIntent{697d2bf: PendingIntentRecord{e30a718 com.google.android.gms broadcastIntent}}
03-24 15:39:42.331 27937 27977 E chromium: [ERROR:translate_manager.cc(674)] domainchrome-native://newtab/
03-24 15:39:42.331 27937 27977 E chromium: [ERROR:translate_helper.cc(111)] language
03-24 15:39:42.331 27699 27728 W System.err: remove failed: ENOENT (No such file or directory) : /data/user/0/com.microsoft.emmx/shared_prefs/com.appboy.storage.user_cache.push_token_store.37a6259cc0c1dae299a7866489dff0bd.xml.bak
03-24 15:39:42.341  3670  3697 I PersonaManager: mKnoxInfo is empty
03-24 15:39:42.341  3670  4143 V WindowStateAnimator: Finishing drawing window Window{b7943f4 u0 d0 com.microsoft.emmx/org.chromium.chrome.browser.ChromeTabbedActivity}: mDrawState=DRAW_PENDING
03-24 15:39:42.361  3025  3025 D libEGL  : eglInitialize EGLDisplay = 0x7ff3f31d28
03-24 15:39:42.361 27699 27888 I cr_XU   : FeatureSingle: Native.PageLoadPerf.PageLoadTime {WebContentsImpl::DocumentOnLoadCompleted=452}
03-24 15:39:42.361 27699 27699 I cr_XU   : FeatureSingle: ExpFeatureUsage {isFound=true, featureValue=true, dataSource=ExP, featureName=NewsGuard-Rollout}
03-24 15:39:42.361 27699 27699 I FeedbackSessionManager: onNavigationFinished() called
03-24 15:39:42.371 27699 27752 W System.err: remove failed: ENOENT (No such file or directory) : /data/user/0/com.microsoft.emmx/app_chrome/Default/tabs/0/tab_state0.bak
03-24 15:39:42.371 27699 27699 D ViewRootImpl: MSG_RESIZED_REPORT: ci=Rect(0, 0 - 0, 0) vi=Rect(0, 0 - 0, 0) or=1
03-24 15:39:42.371  3670  3698 V WindowStateAnimator: Finishing drawing window Window{b7943f4 u0 d0 com.microsoft.emmx/org.chromium.chrome.browser.ChromeTabbedActivity}: mDrawState=HAS_DRAWN
03-24 15:39:42.381  3670  3798 D StatusBarManagerService: manageDisableList userId=0 what=0x0 pkg=Window{b7943f4 u0 d0 com.microsoft.emmx/org.chromium.chrome.browser.ChromeTabbedActivity}
03-24 15:39:42.381  4103  4103 D PhoneStatusBar: setSystemUiVisibility vis=8000 mask=ffffffff oldVal=a000 newVal=8000 diff=2000
03-24 15:39:42.391  3025  3025 D libEGL  : eglInitialize EGLDisplay = 0x7ff3f31d28
03-24 15:39:42.391 27699 27699 I FeedbackSessionManager: onChromeTabbedActivityFocusChanged() called with: focus = [false]
03-24 15:39:42.391 27699 27699 W cr_Autocomplete: stopping autocomplete.
03-24 15:39:42.391 27699 27699 I cr_XU   : FeatureSingle: ExpFeatureUsage {isFound=true, featureValue=true, dataSource=ExP, featureName=NewsGuard-Rollout}
03-24 15:39:42.391 27699 27699 I cr_XU   : FeatureSingle: NewsGuardLoading {loadingRank=Skip}
03-24 15:39:42.401  3670  4552 I PersonaManager: mKnoxInfo is empty
03-24 15:39:42.401 27699 27699 I Timeline: Timeline: Activity_idle id: android.os.BinderProxy@1d365f0 time:73193335
03-24 15:39:42.421 27699 27699 E NFC     : isAndroidBeamAllowed - Begin
03-24 15:39:42.421 27699 27699 I NFC     : showMsg is false
03-24 15:39:42.421  3670  4019 D NetworkPolicy: isUidForegroundLocked: 10185, mScreenOn: true, uidstate: 13, mProxSensorScreenOff: false
03-24 15:39:42.421  3670  4454 D SecContentProvider: query(), uri = 15 selection = isAndroidBeamAllowed
03-24 15:39:42.461  3670  4016 I PersonaManager: mKnoxInfo is empty
03-24 15:39:42.471  3670  4952 I PersonaManager: mKnoxInfo is empty
03-24 15:39:42.471  3670  4952 D PackageManager: findPreferredActivity: We found 1 PreferredActivities set, but no match
03-24 15:39:42.471  3670  4952 I PackageManager: No preferred activity: intent should not be shown
03-24 15:39:42.471  3670  4016 I ActivityManager: Start proc 28027:com.microsoft.emmx:sandboxed_process2/u0i264 for service com.microsoft.emmx/org.chromium.content.app.EdgeSandboxedProcessService2
03-24 15:39:42.481 28027 28027 E Zygote  : v2
03-24 15:39:42.481 28027 28027 I libpersona: KNOX_SDCARD checking this for 99264
03-24 15:39:42.481 28027 28027 I libpersona: KNOX_SDCARD not a persona
03-24 15:39:42.481 28027 28027 W SELinux : Function: selinux_compare_spd_ram, index[1], priority [2], priority version is VE=SEPF_SECMOBILE_6.0.1_0003
03-24 15:39:42.481 28027 28027 E Zygote  : accessInfo : 0
03-24 15:39:42.481 28027 28027 W SELinux : SELinux: seapp_context_lookup: seinfo=default, level=s0:c512,c768, pkgname=com.microsoft.emmx:sandboxed_process2 
03-24 15:39:42.481  3670  3796 V BroadcastQueue: [background] Process cur broadcast BroadcastRecord{9ef9224 u0 com.microsoft.emmx.BOOKMARK_APPWIDGET_UPDATE qIdx=4}, state= (APP_RECEIVE) DELIVERED for app ProcessRecord{15b91c8 27699:com.microsoft.emmx/u0a98}
03-24 15:39:42.481  3670  4143 I PersonaManager: mKnoxInfo is empty
03-24 15:39:42.491 27699 27699 I cr_XU   : FeatureSingle: ExpFeatureUsage {isFound=false, featureValue=false, dataSource=ExP, featureName=ExperimentEnableHomepageOptions}
03-24 15:39:42.491 27699 27699 I cr_XU   : FeatureSingle: ExpFeatureUsage {isFound=false, featureValue=false, dataSource=ExP, featureName=ExperimentEnableHomepageOptions}
03-24 15:39:42.501  3670  6805 D SSRM:n  : SIOP:: AP = 470, PST = 424 (W:10), CP = 318, CUR = -126, LCD = 93
03-24 15:39:42.501 27699 27852 I cr_BindingManager: Moderate binding enabled: maxSize=40
03-24 15:39:42.501  7275  7540 I System.out: (HTTPLog)-Static: isSBSettingEnabled false
03-24 15:39:42.501  7275  7540 I System.out: (HTTPLog)-Static: isSBSettingEnabled false
03-24 15:39:42.501  7275  7540 I qtaguid : Tagging socket 103 with tag 3000040700000000{805307399,0} uid -1, pid: 7275, getuid(): 10015
03-24 15:39:42.521 27699 27699 I cr_XU   : FeatureSingle: ExpFeatureUsage {isFound=false, featureValue=false, dataSource=ExP, featureName=ExperimentEnableHomepageOptions}
03-24 15:39:42.531 28027 28027 W ResourcesManager: getTopLevelResources: /data/app/com.microsoft.emmx-1/base.apk / 1.0 running in com.microsoft.emmx rsrc of package com.microsoft.emmx
03-24 15:39:42.531 28027 28027 D ResourcesManager: For user 0 new overlays fetched Null
03-24 15:39:42.531 28027 28027 I InjectionManager: Inside getClassLibPath caller 
03-24 15:39:42.541  3670  6805 D ConnectivityService: returning getNetworkInfo for network type 1 : [type: WIFI[] - WIFI, state: CONNECTED/CONNECTED, reason: (unspecified), extra: "DataStructures", roaming: false, failover: false, isAvailable: true]
03-24 15:39:42.551 28027 28027 I MAMInfo : MAMInfo initialized. Debug=false, UseTestAgent=false, ManagedDialogDisabled=false, DeprecationDialogDisabled=false, PolicyRequired=false, MultiIdentityEnabled=true, FullBackupContent=true, UseDefaultEnrollment=false, ExceptionOnInit=false, Debuggable=false
03-24 15:39:42.561 28041 28041 I dex2oat : /system/bin/dex2oat --compiler-filter=speed --dex-file=/data/user/0/com.microsoft.emmx/app_dex/webapk5.dex --oat-file=/data/user/0/com.microsoft.emmx/app_dex/oat/arm/webapk5.dex
03-24 15:39:42.571 28027 28027 D InjectionManager: InjectionManager
03-24 15:39:42.571 28027 28027 I InjectionManager: featureStore :{}
03-24 15:39:42.571 28027 28027 I cr_ChildProcessService: Creating new ChildProcessService pid=28027
03-24 15:39:42.601 28041 28041 I dex2oat : ----------------------------------------------------
03-24 15:39:42.601 28041 28041 I dex2oat : <SS>: S T A R T I N G . . .
03-24 15:39:42.601 28041 28041 E dex2oat : <SS>: apk not found at /data/user/0/com.microsoft.emmx/app_dex/
03-24 15:39:42.601 28041 28041 I dex2oat : dex2oat took 40.601ms (threads: 8) arena alloc=314KB java alloc=50KB native alloc=1752KB free=2MB
03-24 15:39:42.601 27699 27753 W System.err: remove failed: ENOENT (No such file or directory) : /data/user/0/com.microsoft.emmx/databases/snapshots.db
03-24 15:39:42.601 27699 27753 W System.err: remove failed: ENOENT (No such file or directory) : /data/user/0/com.microsoft.emmx/databases/snapshots.db-journal
03-24 15:39:42.601 27699 27753 W System.err: remove failed: ENOENT (No such file or directory) : /data/user/0/com.microsoft.emmx/databases/snapshots.db-shm
03-24 15:39:42.601 27699 27753 W System.err: remove failed: ENOENT (No such file or directory) : /data/user/0/com.microsoft.emmx/databases/snapshots.db-wal
03-24 15:39:42.601 28027 28045 I cr_LibraryLoader: Loading chrome
03-24 15:39:42.611 27699 27728 W System.err: remove failed: ENOENT (No such file or directory) : /data/user/0/com.microsoft.emmx/shared_prefs/webapp_registry.xml.bak
03-24 15:39:42.641 28027 28045 I cr_LibraryLoader: Time to load native libraries: 36 ms (timestamps 3537-3573)
03-24 15:39:42.641 28027 28045 I chromium: [INFO:library_loader_hooks.cc(36)] Chromium logging enabled: level = 0, default verbosity = 0
03-24 15:39:42.641 28027 28045 I cr_LibraryLoader: Expected native library version number "71.0.3578.99", actual native library version number "71.0.3578.99"
03-24 15:39:42.661 28027 28045 W ResourcesManager: getTopLevelResources: /data/app/com.microsoft.emmx-1/base.apk / 1.0 running in com.microsoft.emmx rsrc of package com.microsoft.emmx
03-24 15:39:42.711  3670  3796 V BroadcastQueue: [background] Process cur broadcast BroadcastRecord{a30e9af u0 android.intent.action.DROPBOX_ENTRY_ADDED qIdx=4}, state= (APP_RECEIVE) DELIVERED for app ProcessRecord{9c05121 26542:com.samsung.android.sm/1000}
03-24 15:39:42.741 27699 27699 I chromium: [INFO:CONSOLE(0)] "The source list for Content Security Policy directive 'default-src' contains an invalid source: ''none''. It will be ignored. Note that 'none' has no effect unless it is the only expression in the source list.", source: https://www.msn.com/spartan/mmx?locale=en-GB&rt=0 (0)
03-24 15:39:42.741  3670  4409 V BroadcastQueue: [background] Process cur broadcast BroadcastRecord{a30e9af u0 android.intent.action.DROPBOX_ENTRY_ADDED qIdx=4}, state= (APP_RECEIVE) DELIVERED for app ProcessRecord{547f966 23981:com.google.android.gms/u0a15}
03-24 15:39:42.751  3670  4452 I PersonaManager: mKnoxInfo is empty
03-24 15:39:42.761  3025  3025 I SurfaceFlinger: id=834 createSurf (1440x2560),4 flag=404, TurfaceView
03-24 15:39:42.761  3670  4946 V BroadcastQueue: [background] Process cur broadcast BroadcastRecord{a30e9af u0 android.intent.action.DROPBOX_ENTRY_ADDED qIdx=4}, state= (APP_RECEIVE) DELIVERED for app ProcessRecord{68a6177 7275:com.google.android.gms.persistent/u0a15}
03-24 15:39:42.771  3670  4143 I PersonaManager: mKnoxInfo is empty
03-24 15:39:42.771  3670  4016 V WindowStateAnimator: Finishing drawing window Window{3ac71cb u0 d0 SurfaceView}: mDrawState=DRAW_PENDING
03-24 15:39:42.771  3670  3697 I PersonaManager: mKnoxInfo is empty
03-24 15:39:42.771  3670  4552 V WindowStateAnimator: Finishing drawing window Window{3ac71cb u0 d0 SurfaceView}: mDrawState=HAS_DRAWN
03-24 15:39:42.781  3670  3698 I PersonaManager: mKnoxInfo is empty
03-24 15:39:42.781  3670  4421 I PersonaManager: mKnoxInfo is empty
03-24 15:39:42.791 27897 27916 D mali_winsys: new_window_surface returns 0x3000,  [1440x2560]-format:1
03-24 15:39:42.791  3670  4947 I PersonaManager: mKnoxInfo is empty
03-24 15:39:42.801  3670  4409 I PersonaManager: mKnoxInfo is empty
03-24 15:39:42.811  3025  3025 D libEGL  : eglInitialize EGLDisplay = 0x7ff3f31d28
03-24 15:39:42.851 27699 27775 I RubyPalClient: Read from input stream
03-24 15:39:42.931  7275  7540 I qtaguid : Untagging socket 103
03-24 15:39:42.951 27699 28020 I EMMXGcmRegistrationTask: device token: eeP6V9j592A:APA91bFyBZqTzxHCt_Vkho9Uzo3Fxc0lTnTmfmiT8Drf8aRn6pTbi0eK6Jjshm7pjpwOIHV1UDbQL11iOE7DEYz3lMHT4264mwT--MFS-TBTJt4Rs1DbSsWw78WYEAV083EgKUiCsMkC
03-24 15:39:42.951 27699 28020 I RubySyncClient: registerNotifications
03-24 15:39:42.961 27699 27831 I System.out: (HTTPLog)-Static: isSBSettingEnabled false
03-24 15:39:42.961 27699 27831 I System.out: (HTTPLog)-Static: isSBSettingEnabled false
03-24 15:39:43.371  3670  4018 D NtpTrustedTime: currentTimeMillis() cache hit
03-24 15:39:43.371  3670  4018 V NetworkStats: performPollLocked(flags=0x1)
03-24 15:39:43.391  3670  4018 D NetworkStatsRecorder: entry.iface is null
03-24 15:39:43.391  3670  4018 D NetworkStatsRecorder: entry.iface is null
03-24 15:39:43.391  3670  4018 D NetworkStatsRecorder: entry.iface is null
03-24 15:39:43.391  3670  4018 D NetworkStatsRecorder: entry.iface is null
03-24 15:39:43.421  3670  4018 V NetworkStats: performPollLocked() took 49ms
03-24 15:39:43.421  3670  4018 D NtpTrustedTime: currentTimeMillis() cache hit
03-24 15:39:43.421  3670  4019 D NtpTrustedTime: currentTimeMillis() cache hit
03-24 15:39:43.461  3670  4019 D NtpTrustedTime: currentTimeMillis() cache hit
03-24 15:39:43.891  3025  3025 D libEGL  : eglInitialize EGLDisplay = 0x7ff3f31d28
03-24 15:39:43.941  3025  3025 D libEGL  : eglInitialize EGLDisplay = 0x7ff3f31d28
03-24 15:39:43.941 27853 27866 E chromium: [ERROR:translate_manager.cc(674)] domainhttps://www.msn.com/spartan/
03-24 15:39:43.941 27853 27866 E chromium: [ERROR:translate_helper.cc(111)] language
03-24 15:39:43.951 27853 27866 W chromium: [WARNING:resource_bundle.cc(599)] GetRawDataResourceForScale::GetStringPiece failed, i: 0 scale_factor: 1
03-24 15:39:43.951 27853 27866 W chromium: [WARNING:resource_bundle.cc(599)] GetRawDataResourceForScale::GetStringPiece failed, i: 0 scale_factor: 1
03-24 15:39:44.111 27699 27775 I SmartScreenLog:     Query Malware Backend service succeeded, and status code is 200
03-24 15:39:44.231  3670  4068 W System.err: remove failed: ENOENT (No such file or directory) : /data/system/recent_tasks/206_task.xml.bak
03-24 15:39:44.281 27897 27935 E         : g2d stretchFimgApi_v5 function does not exist
03-24 15:39:44.281 27897 27935 E         : [JM] stretchFimgApi might be v4.
03-24 15:39:44.321  3025  3025 D libEGL  : eglInitialize EGLDisplay = 0x7ff3f31d28
03-24 15:39:44.331 27699 27888 I cr_XU   : FeatureSingle: Native.PageLoadPerf.PageLoadTime {WebContentsImpl::DocumentOnLoadCompleted=2495}
03-24 15:39:44.371 27699 27775 I SmartScreenLog:     First time download of MalwareData.db succeeded
03-24 15:39:44.371 27699 27775 I cr_XU   : FeatureSingle: MalwareDBUpdate {malwareDBDeleteLog=, malwareDBAddLog=First time download of MalwareData.db succeeded}
03-24 15:39:45.071 27699 27829 E ServerConfigManager: http response error when fetch server config, response code: 404
03-24 15:39:45.601 27699 27923 E ServerConfigManager: http response error when fetch server config, response code: 404
03-24 15:39:46.431  3670  6805 D ConnectivityService: returning getNetworkInfo for network type 1 : [type: WIFI[] - WIFI, state: CONNECTED/CONNECTED, reason: (unspecified), extra: "DataStructures", roaming: false, failover: false, isAvailable: true]
03-24 15:39:46.961 27699 27699 D ConnectivityManager: requestNetwork; getAppId(CallingUid) : 10098, CallingPid : 27699
03-24 15:39:46.961  3670  4524 D ConnectivityService: listenForNetwork for Listen from uid/pid:10098/27699 for NetworkRequest [ id=384, legacyType=-1, [ Capabilities: INTERNET&NOT_RESTRICTED&TRUSTED] ]
03-24 15:39:46.961  3670  4029 D ConnectivityService: rematching NetworkAgentInfo [WIFI () - 510]
03-24 15:39:46.961  3670  4029 D ConnectivityService:  network has: NetworkAgentInfo{ ni{[type: WIFI[] - WIFI, state: CONNECTED/CONNECTED, reason: (unspecified), extra: "DataStructures", roaming: false, failover: false, isAvailable: true]}  network{510}  lp{{InterfaceName: wlan0 LinkAddresses: [fe80::ee9b:f3ff:fe73:43e9/64,192.168.0.174/24,]  Routes: [fe80::/64 -> :: wlan0,192.168.0.0/24 -> 0.0.0.0 wlan0,0.0.0.0/0 -> 192.168.0.1 wlan0,] DnsAddresses: [192.168.0.1,] Domains:  MTU: 0 TcpBufferSizes: 524288,1048576,4525824,524288,1048576,4525824}}  nc{[ Transports: WIFI Capabilities: INTERNET&NOT_RESTRICTED&TRUSTED&NOT_VPN&VALIDATED LinkUpBandwidth>=1048576Kbps LinkDnBandwidth>=1048576Kbps SignalStrength: -37]}  Score{60}  everValidated{true}  lastValidated{true}  created{true} lingering{false} explicitlySelected{false} acceptUnvalidated{false} everCaptivePortalDetected{false} lastCaptivePortalDetected{false} }
03-24 15:39:46.961  3670  4029 D ConnectivityService:   checking if request is: NetworkRequest [ id=5, legacyType=-1, [ Transports: WIFI Capabilities: INTERNET&NOT_RESTRICTED&TRUSTED&NOT_VPN] ] satisfies: true nri.isRequest: false
03-24 15:39:46.961  3670  4029 D ConnectivityService:   checking if request is: NetworkRequest [ id=382, legacyType=-1, [ Capabilities: INTERNET&NOT_RESTRICTED&TRUSTED] ] satisfies: true nri.isRequest: false
03-24 15:39:46.961  3670  4029 D ConnectivityService: Network NetworkAgentInfo [WIFI () - 510] was already satisfying request 1. No change.
03-24 15:39:46.961  3670  4029 D ConnectivityService:   checking if request is: NetworkRequest [ id=3, legacyType=-1, [] ] satisfies: true nri.isRequest: false
03-24 15:39:46.961  3670  4029 D ConnectivityService:   checking if request is: NetworkRequest [ id=383, legacyType=-1, [ Capabilities: INTERNET&NOT_RESTRICTED&TRUSTED] ] satisfies: true nri.isRequest: false
03-24 15:39:46.961  3670  4029 D ConnectivityService:   checking if request is: NetworkRequest [ id=4, legacyType=-1, [ Transports: CELLULAR Capabilities: INTERNET&NOT_RESTRICTED&TRUSTED&NOT_VPN] ] satisfies: false nri.isRequest: false
03-24 15:39:46.961  3670  4029 D ConnectivityService:   checking if request is: NetworkRequest [ id=384, legacyType=-1, [ Capabilities: INTERNET&NOT_RESTRICTED&TRUSTED] ] satisfies: true nri.isRequest: false
03-24 15:39:46.961  3670  4029 D ConnectivityService: sending notification AVAILABLE for NetworkRequest [ id=384, legacyType=-1, [ Capabilities: INTERNET&NOT_RESTRICTED&TRUSTED] ]
03-24 15:39:47.241  3670  4283 E Watchdog: !@Sync 2439 [03-24 15:39:47.249]
03-24 15:39:48.451 28027 28045 I chromium: [INFO:child_process_service.cc(73)] ChildProcessService: Exiting child process.
03-24 15:39:48.471 27699 27699 W chromium: [WARNING:compositor_view.cc(263)] Child process died (type=6) pid=28027)
03-24 15:39:48.471 27699 27852 W cr_ChildProcessConn: onServiceDisconnected (crash or killed by oom): pid=28027
03-24 15:39:48.471  3670  4407 I ActivityManager: Process com.microsoft.emmx:sandboxed_process2 (pid 28027)(adj 1) has died(54,1063)
03-24 15:39:48.471  3670  4407 D ActivityManager: cleanUpApplicationRecord -- 28027
03-24 15:39:48.471  3670  4407 D ActivityManager: isAutoRunBlockedApp:: com.microsoft.emmx, Auto Run ON
03-24 15:39:48.471  3670  4407 W ActivityManager: Scheduling restart of crashed service com.microsoft.emmx/org.chromium.content.app.EdgeSandboxedProcessService2 in 1000ms
03-24 15:39:48.951  3670  3930 D PackageManager: [MSG] WRITE_PACKAGE_RESTRICTIONS
03-24 15:39:48.961  3670  3930 W System.err: remove failed: ENOENT (No such file or directory) : /data/system/users/0/package-restrictions.xml.bak
03-24 15:39:52.311  3670  3697 D BatteryService: !@BatteryListener : batteryPropertiesChanged!
03-24 15:39:52.311  3670  3697 D BatteryService: level:94, scale:100, status:2, health:2, present:true, voltage: 4266, temperature: 326, technology: Li-ion, AC powered:false, USB powered:true, POGO powered:false, Wireless powered:false, icon:17303414, invalid charger:0, maxChargingCurrent:0
03-24 15:39:52.311  3670  3697 D BatteryService: online:4, current avg:-42, charge type:1, power sharing:false, high voltage charger:false, capacity:280000, batterySWSelfDischarging:false, current_now:81
03-24 15:39:52.311  3670  3670 D BatteryService: Sending ACTION_BATTERY_CHANGED.
03-24 15:39:52.311  3670  3670 I MotionRecognitionService: Plugged
03-24 15:39:52.311  3670  3670 E MotionRecognitionService: support TA ~
03-24 15:39:52.311  3670  3670 I MotionRecognitionService: isTAConnected | current backoffstate  = 33792
03-24 15:39:52.311  3670  3670 D MotionRecognitionService:  TA connected ,  33792
03-24 15:39:52.311  3670  3670 I MotionRecognitionService: skip setTransmitPower. 
03-24 15:39:52.311  3670  3670 D MotionRecognitionService:   cableConnection= 1
03-24 15:39:52.311  3670  3670 D MotionRecognitionService: setPowerConnected | current backoffstate  = 33792 , state =33792
03-24 15:39:52.311  3670  3670 D MotionRecognitionService: skip setTransmitPower. 
03-24 15:39:52.321  4103  4103 D KeyguardUpdateMonitor: received broadcast android.intent.action.BATTERY_CHANGED
03-24 15:39:52.321  4103  4103 D PowerUI : priorPlugType = 2 mPlugType =  2
03-24 15:39:52.321  4103  4103 D PowerUI.Notification: showChargingNotice oldChargingType : 1 currentChargingType : 1 oldChargingTime : 962000 mChargingTime : 962000
03-24 15:39:52.321  4103  4103 D KeyguardUpdateMonitor: handleBatteryUpdate
03-24 15:39:52.321  4103  4103 D PowerUI.Notification: There is no change about charging status, so return!
03-24 15:39:52.351  4103  4103 D BatteryMeterView: ACTION_BATTERY_CHANGED : level:94 status:2 health:2
03-24 15:39:52.351  4103  4103 D BatteryMeterView: ACTION_BATTERY_CHANGED : level:94 status:2 health:2
03-24 15:39:52.411  3670  3796 W ActivityManager: Activity stop timeout for ActivityRecord{fcdcea1 u0 com.example.myapplication/.MainActivity t170}
03-24 15:39:52.551  3670  6805 D SSRM:n  : SIOP:: AP = 440, PST = 425 (W:16), CP = 320, CUR = -42, LCD = 93
03-24 15:39:52.601  3670  6805 D ConnectivityService: returning getNetworkInfo for network type 1 : [type: WIFI[] - WIFI, state: CONNECTED/CONNECTED, reason: (unspecified), extra: "DataStructures", roaming: false, failover: false, isAvailable: true]
03-24 15:39:54.411  3670  3796 I ActivityManager: Waited long enough for: ServiceRecord{159380 u0 com.yandex.browser/com.yandex.metrica.ConfigurationService}
03-24 15:39:59.991  3670  3980 V AlarmManager: Expired Alarm result :8
03-24 15:39:59.991  4103  4103 D KeyguardUpdateMonitor: received broadcast android.intent.action.TIME_TICK
03-24 15:39:59.991  4103  4103 D KeyguardUpdateMonitor: handleTimeUpdate
03-24 15:40:00.011  4103  4103 D Clock   : received broadcast android.intent.action.TIME_TICK
03-24 15:40:00.051  4103  4103 D DateView: received broadcast android.intent.action.TIME_TICK
03-24 15:40:00.071 25088 25088 D [WeatherWidget(1236)]  WeatherService: {[EC3334F14841398C8B464A72D0E61AB7C564889C89112557F2146D56794659083956C77974A4825103AB5C5D4AC85EDAA24236388AC138058106446B92A35777]}
03-24 15:40:00.081 25088 25088 D [WeatherWidget(1236)]  : {[3AE6950019B083611567B0F9442DB03EEFA9050249635C043F7E254E316C2550]}
03-24 15:40:00.091 25088 25088 D [WeatherWidget(1236)]  : {[3AE6950019B083611567B0F9442DB03E5DDA24A68DD8F41CDE99F0ED3FBCA79D6E3672D13C47BC5ED8EFB051B507BC35D16D05BE0B1FFC48F1CBC65A73129A0D]}
03-24 15:40:00.091 25088 25088 D [WeatherWidget(1236)]  : {[A1AF0F6A1A65A89C43D705938923D0FEFB71880C4E84718DA0A3E1F383E54FB24509E0FBB917D66D2978C513F7383D4A3053B01023BD027BD5C6B984AE327ACDF73722D68B1F80266469F24891921060F6012335F813CE3C0359344A51D4CD9D96750407689B32392378DF20D5323939]}
03-24 15:40:00.091 25088 25088 D [WeatherWidget(1236)]  : {[15C09394A4E9AFE55A5C62F22AB3FC5902EB2A2150B6646A86F2B3102D669614]}
03-24 15:40:02.361  3670  4550 D BatteryService: !@BatteryListener : batteryPropertiesChanged!
03-24 15:40:02.361  3670  4550 D BatteryService: level:94, scale:100, status:2, health:2, present:true, voltage: 4233, temperature: 326, technology: Li-ion, AC powered:false, USB powered:true, POGO powered:false, Wireless powered:false, icon:17303414, invalid charger:0, maxChargingCurrent:0
03-24 15:40:02.361  3670  4550 D BatteryService: online:4, current avg:37, charge type:1, power sharing:false, high voltage charger:false, capacity:280000, batterySWSelfDischarging:false, current_now:-255
03-24 15:40:02.361  3670  3670 D BatteryService: Sending ACTION_BATTERY_CHANGED.
03-24 15:40:02.361  3670  3670 I MotionRecognitionService: Plugged
03-24 15:40:02.361  3670  3670 E MotionRecognitionService: support TA ~
03-24 15:40:02.361  3670  3670 I MotionRecognitionService: isTAConnected | current backoffstate  = 33792
03-24 15:40:02.361  3670  3670 D MotionRecognitionService:  TA connected ,  33792
03-24 15:40:02.361  3670  3670 I MotionRecognitionService: skip setTransmitPower. 
03-24 15:40:02.361  3670  3670 D MotionRecognitionService:   cableConnection= 1
03-24 15:40:02.361  3670  3670 D MotionRecognitionService: setPowerConnected | current backoffstate  = 33792 , state =33792
03-24 15:40:02.361  3670  3670 D MotionRecognitionService: skip setTransmitPower. 
03-24 15:40:02.361  4103  4103 D KeyguardUpdateMonitor: received broadcast android.intent.action.BATTERY_CHANGED
03-24 15:40:02.361  4103  4103 D PowerUI : priorPlugType = 2 mPlugType =  2
03-24 15:40:02.371  4103  4103 D PowerUI.Notification: showChargingNotice oldChargingType : 1 currentChargingType : 1 oldChargingTime : 962000 mChargingTime : 962000
03-24 15:40:02.371  4103  4103 D KeyguardUpdateMonitor: handleBatteryUpdate
03-24 15:40:02.371  4103  4103 D PowerUI.Notification: There is no change about charging status, so return!
03-24 15:40:02.391  4103  4103 D BatteryMeterView: ACTION_BATTERY_CHANGED : level:94 status:2 health:2
03-24 15:40:02.391  4103  4103 D BatteryMeterView: ACTION_BATTERY_CHANGED : level:94 status:2 health:2
03-24 15:40:02.631  3670  6805 D SSRM:n  : SIOP:: AP = 420, PST = 430 (W:20), CP = 321, CUR = 37, LCD = 93
03-24 15:40:10.491 28346 28346 I FIPS_bssl: FIPS approved mode (1) | 28346 | app_process
03-24 15:40:10.491 28346 28346 D AndroidRuntime: >>>>>> START com.android.internal.os.RuntimeInit uid 2000 <<<<<<
03-24 15:40:10.501 28346 28346 D AndroidRuntime: CheckJNI is OFF
03-24 15:40:10.501 28346 28346 D AndroidRuntime: readGMSProperty: start
03-24 15:40:10.501 28346 28346 D AndroidRuntime: readGMSProperty: already setted!!
03-24 15:40:10.501 28346 28346 D AndroidRuntime: propertySet: couldn't set property (it is from app)
03-24 15:40:10.501 28346 28346 D AndroidRuntime: readGMSProperty: could not set the property(default)!!
03-24 15:40:10.501 28346 28346 D AndroidRuntime: readGMSProperty: end
03-24 15:40:10.501 28346 28346 D AndroidRuntime: addProductProperty: start
03-24 15:40:10.521 28346 28346 D ICU     : No timezone override file found: /data/misc/zoneinfo/current/icu/icu_tzdata.dat
03-24 15:40:10.541 28346 28346 I Radio-JNI: register_android_hardware_Radio DONE
03-24 15:40:10.551 28346 28346 E AffinityControl: AffinityControl: registerfunction enter
03-24 15:40:10.561 28346 28346 D AndroidRuntime: Calling main entry com.android.commands.am.Am
03-24 15:40:10.561  3670  4016 I ActivityManager: Force stopping com.microsoft.emmx appid=10098 user=0: from pid 28346
03-24 15:40:10.561  3670  4016 I PersonaManager: mKnoxInfo is empty
03-24 15:40:10.561  3670  4016 I PersonaManager: mKnoxInfo is empty
03-24 15:40:10.571  3670  4016 I ActivityManager: Killing 27699:com.microsoft.emmx/u0a98 (adj 0): stop com.microsoft.emmx cause from pid 28346
03-24 15:40:10.571  3670  4016 D ActivityManager: cleanUpApplicationRecord -- 27699
03-24 15:40:10.571 27853 27853 I cr_ChildProcessService: Destroying ChildProcessService pid=27853
03-24 15:40:10.581 27897 27897 I cr_ChildProcessService: Destroying ChildProcessService pid=27897
03-24 15:40:10.581 27937 27937 I cr_ChildProcessService: Destroying ChildProcessService pid=27937
03-24 15:40:10.581  3670  4016 D ActivityManager: isAutoRunBlockedApp:: com.microsoft.emmx, Auto Run ON
03-24 15:40:10.581  3670  4016 W ActivityManager: Force removing ActivityRecord{442eb5e u0 com.microsoft.emmx/org.chromium.chrome.browser.ChromeTabbedActivity t206}: app died, no saved state
03-24 15:40:10.591  3025  3732 D libEGL  : eglTerminate EGLDisplay = 0x7f71bfee78
03-24 15:40:10.591  3670  4016 D InputDispatcher: Focused application set to: xxxx
03-24 15:40:10.591  3025  3732 D libEGL  : eglTerminate EGLDisplay = 0x7f71bfee78
03-24 15:40:10.601  3670  4016 D InputDispatcher: Focus left window: 27699
03-24 15:40:10.601  3670  3884 D PointerIcon: setMouseIconStyle1 pointerType: 1001 iconType:101 flag:0 pid:3670 uid:1000
03-24 15:40:10.601  3670  3884 D PointerIcon: setMouseCustomIcon IconType is same.101
03-24 15:40:10.601  3670  4016 D CustomFrequencyManagerService: acquireDVFSLockLocked : type : DVFS_MIN_LIMIT  frequency : 1800000  uid : 1000  pid : 3670  pkgName : ACTIVITY_RESUME_BOOSTER@3
03-24 15:40:10.601  3670  4016 D ActivityManager: mDVFSHelper.acquire()
03-24 15:40:10.601  3670  4016 D ActivityManager:  Launching com.example.myapplication, updated priority
