03-24 15:38:37.971 26454 26454 W ResourcesManager: getTopLevelResources: /system/priv-app/GooglePartnerSetup/GooglePartnerSetup.apk / 1.0 running in com.google.android.partnersetup rsrc of package com.google.android.partnersetup
03-24 15:38:37.971  3670  4552 I InjectionManagerService -AppFeature: getCoreFeaturePkgList :[]
03-24 15:38:37.971 26454 26454 I InjectionManager: Inside getClassLibPath + mLibMap{0=, 1=}
03-24 15:38:37.971 26454 26454 D ResourcesManager: For user 0 new overlays fetched Null
03-24 15:38:37.971 26454 26454 I InjectionManager: Inside getClassLibPath caller 
03-24 15:38:37.981 26454 26454 W System  : ClassLoader referenced unknown path: /system/priv-app/GooglePartnerSetup/lib/arm64
03-24 15:38:37.991 26227 26227 D TextView: setTypeface with style : 0
03-24 15:38:37.991 26454 26454 D InjectionManager: InjectionManager
03-24 15:38:37.991 26454 26454 D InjectionManager: fillFeatureStoreMap com.google.android.partnersetup
03-24 15:38:37.991 26454 26454 I InjectionManager: Constructor com.google.android.partnersetup, Feature store :{}
03-24 15:38:37.991 26454 26454 I InjectionManager: featureStore :{}
03-24 15:38:38.031  3670  3931 I PersonaManager: mKnoxInfo is empty
03-24 15:38:38.051  3670  4524 I PersonaManager: mKnoxInfo is empty
03-24 15:38:38.061  3670  4952 I PersonaManager: mKnoxInfo is empty
03-24 15:38:38.071 26349 26365 I cr_LibraryLoader:  Loading chrome from within /data/app/com.android.chrome-2/base.apk
03-24 15:38:38.081  3670  4947 I PersonaManager: mKnoxInfo is empty
03-24 15:38:38.081 26471 26471 E Zygote  : v2
03-24 15:38:38.081 26471 26471 I libpersona: KNOX_SDCARD checking this for 99260
03-24 15:38:38.081 26471 26471 I libpersona: KNOX_SDCARD not a persona
03-24 15:38:38.081 26471 26471 W SELinux : Function: selinux_compare_spd_ram, index[1], priority [2], priority version is VE=SEPF_SECMOBILE_6.0.1_0003
03-24 15:38:38.081 26471 26471 E Zygote  : accessInfo : 0
03-24 15:38:38.081 26471 26471 W SELinux : SELinux: seapp_context_lookup: seinfo=chrome, level=s0:c512,c768, pkgname=com.android.chrome:sandboxed_process1 
03-24 15:38:38.091  3670  4947 I ActivityManager: Start proc 26471:com.android.chrome:sandboxed_process1/u0i260 for service com.android.chrome/org.chromium.content.app.SandboxedProcessService1
03-24 15:38:38.091  3670  3931 I PersonaManager: mKnoxInfo is empty
03-24 15:38:38.091  3670  4019 D NetworkPolicy: isUidForegroundLocked: 10018, mScreenOn: true, uidstate: 16, mProxSensorScreenOff: false
03-24 15:38:38.091  3670  4143 I PersonaManager: mKnoxInfo is empty
03-24 15:38:38.101  7275  7275 W ChimeraUtils: Non Chimera context
03-24 15:38:38.101 26349 26365 I cr_LibraryLoader: Time to load native libraries: 30 ms (timestamps 9003-9033)
03-24 15:38:38.101 26349 26365 I chromium: [INFO:library_loader_hooks.cc(42)] Chromium logging enabled: level = 0, default verbosity = 0
03-24 15:38:38.101 26349 26365 I cr_LibraryLoader: Expected native library version number "72.0.3626.105", actual native library version number "72.0.3626.105"
03-24 15:38:38.101  7402  7402 D SamsungIME: IMPL finishInput
03-24 15:38:38.101  7402  7402 D SamsungIME: SwiftKeyWrapper writeDBdataToFileOnFinishInput
03-24 15:38:38.101  7402  7402 D SamsungIME: saveAndClear +
03-24 15:38:38.101  7402  7402 D SamsungIME: saveAndClear -
03-24 15:38:38.101 26349 26365 W ResourcesManager: getTopLevelResources: /data/app/com.android.chrome-2/base.apk / 1.0 running in com.android.chrome rsrc of package com.android.chrome
03-24 15:38:38.121 26471 26471 W ResourcesManager: getTopLevelResources: /data/app/com.android.chrome-2/base.apk / 1.0 running in com.android.chrome rsrc of package com.android.chrome
03-24 15:38:38.121 26471 26471 D ResourcesManager: For user 0 new overlays fetched Null
03-24 15:38:38.131 26471 26471 I InjectionManager: Inside getClassLibPath caller 
03-24 15:38:38.131  3670  4016 I PersonaManager: mKnoxInfo is empty
03-24 15:38:38.131  3670  4407 I PersonaManager: mKnoxInfo is empty
03-24 15:38:38.141  3025  3732 I SurfaceFlinger: id=824 Removed dhrome (4/10)
03-24 15:38:38.141  3025  4439 I SurfaceFlinger: id=824 Removed dhrome (-2/10)
03-24 15:38:38.141  3670  4016 D PackageManager: findPreferredActivity: We found 1 PreferredActivities set, but no match
03-24 15:38:38.141  3670  4016 I PackageManager: No preferred activity: intent should not be shown
03-24 15:38:38.141 26471 26471 D InjectionManager: InjectionManager
03-24 15:38:38.141 26471 26471 I InjectionManager: featureStore :{}
03-24 15:38:38.151 26471 26471 I cr_ChildProcessService: Creating new ChildProcessService pid=26471
03-24 15:38:38.151  3025  3025 D libEGL  : eglTerminate EGLDisplay = 0x7ff3f31e58
03-24 15:38:38.161 26227 26331 W System.err: remove failed: ENOENT (No such file or directory) : /data/user/0/com.android.chrome/app_tabs/0/tab_state0.bak
03-24 15:38:38.181 26227 26227 D TextView: setTypeface with style : 0
03-24 15:38:38.191 26227 26227 D TextView: setTypeface with style : 0
03-24 15:38:38.221 26227 26227 D TextView: setTypeface with style : 0
03-24 15:38:38.241 26471 26498 I cr_LibraryLoader:  Loading chrome from within /data/app/com.android.chrome-2/base.apk
03-24 15:38:38.261  7275  7629 E alar    : Phenotype API error. Event # bsha@c47a54cd, EventCode: GET_EXP [CONTEXT service_id=51 ]
03-24 15:38:38.261  7275  7629 E alar    : akzn: 29505: No config packages for log source, or config package not registered
03-24 15:38:38.261  7275  7629 E alar    : 	at albe.a(:com.google.android.gms@15090019@15.0.90 (040400-231259764):45)
03-24 15:38:38.261  7275  7629 E alar    : 	at albd.b(:com.google.android.gms@15090019@15.0.90 (040400-231259764))
03-24 15:38:38.261  7275  7629 E alar    : 	at alar.a(:com.google.android.gms@15090019@15.0.90 (040400-231259764):103)
03-24 15:38:38.261  7275  7629 E alar    : 	at alar.a(:com.google.android.gms@15090019@15.0.90 (040400-231259764):97)
03-24 15:38:38.261  7275  7629 E alar    : 	at yzz.run(:com.google.android.gms@15090019@15.0.90 (040400-231259764):27)
03-24 15:38:38.261  7275  7629 E alar    : 	at bgah.run(:com.google.android.gms@15090019@15.0.90 (040400-231259764):2)
03-24 15:38:38.261  7275  7629 E alar    : 	at rrm.run(:com.google.android.gms@15090019@15.0.90 (040400-231259764):21)
03-24 15:38:38.261  7275  7629 E alar    : 	at java.util.concurrent.ThreadPoolExecutor.runWorker(ThreadPoolExecutor.java:1113)
03-24 15:38:38.261  7275  7629 E alar    : 	at java.util.concurrent.ThreadPoolExecutor$Worker.run(ThreadPoolExecutor.java:588)
03-24 15:38:38.261  7275  7629 E alar    : 	at rxo.run(:com.google.android.gms@15090019@15.0.90 (040400-231259764))
03-24 15:38:38.261  7275  7629 E alar    : 	at java.lang.Thread.run(Thread.java:818)
03-24 15:38:38.261  7275  7629 E AsyncOperation: serviceID=51, operation=GetExperimentTokensOperationCall
03-24 15:38:38.261  7275  7629 E AsyncOperation: OperationException[Status{statusCode=No config packages for log source, or config package not registered, resolution=null}]
03-24 15:38:38.261  7275  7629 E AsyncOperation: 	at alar.a(:com.google.android.gms@15090019@15.0.90 (040400-231259764):111)
03-24 15:38:38.261  7275  7629 E AsyncOperation: 	at alar.a(:com.google.android.gms@15090019@15.0.90 (040400-231259764):97)
03-24 15:38:38.261  7275  7629 E AsyncOperation: 	at yzz.run(:com.google.android.gms@15090019@15.0.90 (040400-231259764):27)
03-24 15:38:38.261  7275  7629 E AsyncOperation: 	at bgah.run(:com.google.android.gms@15090019@15.0.90 (040400-231259764):2)
03-24 15:38:38.261  7275  7629 E AsyncOperation: 	at rrm.run(:com.google.android.gms@15090019@15.0.90 (040400-231259764):21)
03-24 15:38:38.261  7275  7629 E AsyncOperation: 	at java.util.concurrent.ThreadPoolExecutor.runWorker(ThreadPoolExecutor.java:1113)
03-24 15:38:38.261  7275  7629 E AsyncOperation: 	at java.util.concurrent.ThreadPoolExecutor$Worker.run(ThreadPoolExecutor.java:588)
03-24 15:38:38.261  7275  7629 E AsyncOperation: 	at rxo.run(:com.google.android.gms@15090019@15.0.90 (040400-231259764))
03-24 15:38:38.261  7275  7629 E AsyncOperation: 	at java.lang.Thread.run(Thread.java:818)
03-24 15:38:38.271 26471 26498 I cr_LibraryLoader: Time to load native libraries: 30 ms (timestamps 9173-9203)
03-24 15:38:38.271 26471 26498 I chromium: [INFO:library_loader_hooks.cc(42)] Chromium logging enabled: level = 0, default verbosity = 0
03-24 15:38:38.271 26471 26498 I cr_LibraryLoader: Expected native library version number "72.0.3626.105", actual native library version number "72.0.3626.105"
03-24 15:38:38.271 26471 26498 W ResourcesManager: getTopLevelResources: /data/app/com.android.chrome-2/base.apk / 1.0 running in com.android.chrome rsrc of package com.android.chrome
03-24 15:38:38.281 25888 25936 I ReschedulableTimer: [#CMH#] ReschedulableTimer started 
03-24 15:38:38.281  3025  3025 D libEGL  : eglInitialize EGLDisplay = 0x7ff3f31d28
03-24 15:38:38.281  3670  4143 I PersonaManager: mKnoxInfo is empty
03-24 15:38:38.301  3025  3025 D libEGL  : eglInitialize EGLDisplay = 0x7ff3f31d28
03-24 15:38:38.301 26227 26227 I Timeline: Timeline: Activity_idle id: android.os.BinderProxy@ff8a33b time:73129238
03-24 15:38:38.311 26227 26227 E NFC     : isAndroidBeamAllowed - Begin
03-24 15:38:38.311 26227 26227 I NFC     : showMsg is false
03-24 15:38:38.311  3670  4452 D SecContentProvider: query(), uri = 15 selection = isAndroidBeamAllowed
03-24 15:38:38.321  3670  4019 D NetworkPolicy: isUidForegroundLocked: 10185, mScreenOn: true, uidstate: 13, mProxSensorScreenOff: false
03-24 15:38:38.361  3670  4454 I PersonaManager: mKnoxInfo is empty
03-24 15:38:38.391  3670  4421 I PersonaManager: mKnoxInfo is empty
03-24 15:38:38.401  3670  4016 I PersonaManager: mKnoxInfo is empty
03-24 15:38:38.401  3670  4454 I PersonaManager: mKnoxInfo is empty
03-24 15:38:38.411  3670  4016 I PersonaManager: mKnoxInfo is empty
03-24 15:38:38.411 23981 26211 I PeopleDatabaseHelper: cleanUpNonGplusAccounts done.
03-24 15:38:38.411  3670  4143 I PersonaManager: mKnoxInfo is empty
03-24 15:38:38.411  3670  4407 I PersonaManager: mKnoxInfo is empty
03-24 15:38:38.421  3670  4407 D PackageManager: findPreferredActivity: We found 1 PreferredActivities set, but no match
03-24 15:38:38.421  3670  4407 I PackageManager: No preferred activity: intent should not be shown
03-24 15:38:38.421 26227 26348 I cr_BindingManager: Moderate binding enabled: maxSize=40
03-24 15:38:38.431  3670  3796 V BroadcastQueue: [background] Process cur broadcast BroadcastRecord{c87fe22 u0 com.android.chrome.BOOKMARK_APPWIDGET_UPDATE qIdx=4}, state= (APP_RECEIVE) DELIVERED for app ProcessRecord{85fa1e2 26227:com.android.chrome/u0a88}
03-24 15:38:38.441 26227 26227 W ahp     : platform method missing - proto runtime falling back to safer methods: java.lang.NoSuchMethodException: getByte [class java.lang.Object, long]
03-24 15:38:38.471 26519 26519 I dex2oat : /system/bin/dex2oat --compiler-filter=speed --dex-file=/data/user/0/com.android.chrome/app_dex/webapk5.dex --oat-file=/data/user/0/com.android.chrome/app_dex/oat/arm/webapk5.dex
03-24 15:38:38.491  3670  3698 I PersonaManager: mKnoxInfo is empty
03-24 15:38:38.511  3670  4143 I PersonaManager: mKnoxInfo is empty
03-24 15:38:38.511  3670  4552 I PersonaManager: mKnoxInfo is empty
03-24 15:38:38.521 23981 25170 I Icing   : IndexChimeraService.getServiceInterface callingPackage=com.android.chrome componentName=null serviceId=SEARCH_CORPORA
03-24 15:38:38.531 26519 26519 I dex2oat : ----------------------------------------------------
03-24 15:38:38.531 26519 26519 I dex2oat : <SS>: S T A R T I N G . . .
03-24 15:38:38.531 26519 26519 E dex2oat : <SS>: apk not found at /data/user/0/com.android.chrome/app_dex/
03-24 15:38:38.531 26519 26519 I dex2oat : dex2oat took 62.827ms (threads: 8) arena alloc=385KB java alloc=85KB native alloc=1752KB free=2MB
03-24 15:38:38.541 23981 25170 I Icing   : IndexChimeraService.getServiceInterface callingPackage=com.android.chrome componentName=null serviceId=SEARCH_CORPORA
03-24 15:38:38.541 26227 26331 W System.err: remove failed: ENOENT (No such file or directory) : /data/user/0/com.android.chrome/databases/snapshots.db
03-24 15:38:38.541 26227 26331 W System.err: remove failed: ENOENT (No such file or directory) : /data/user/0/com.android.chrome/databases/snapshots.db-journal
03-24 15:38:38.541 26227 26331 W System.err: remove failed: ENOENT (No such file or directory) : /data/user/0/com.android.chrome/databases/snapshots.db-shm
03-24 15:38:38.541 26227 26331 W System.err: remove failed: ENOENT (No such file or directory) : /data/user/0/com.android.chrome/databases/snapshots.db-wal
03-24 15:38:38.551  4393  4764 D TP/SmsProvider: query,matched:0, calling pid = 23981
03-24 15:38:38.551 26227 26306 W System.err: remove failed: ENOENT (No such file or directory) : /data/user/0/com.android.chrome/shared_prefs/webapp_registry.xml.bak
03-24 15:38:38.551  3670  3697 I PersonaManager: mKnoxInfo is empty
03-24 15:38:38.561  4393  4764 D TP/SmsProvider: query, match 0:Elapsed time : 9.677 ms
03-24 15:38:38.581 25181 25197 E ContactsProvider_EventLog: Flush buffer to file cnt : 2 size : 0Kb duration : 15ms lastUpdatedAfter : 2385 ms mFlush_time_threasold : 2200 mCurrentSize : 464
03-24 15:38:38.591  3670  4407 I PersonaManager: mKnoxInfo is empty
03-24 15:38:38.591  4393  4765 D TP/MmsProvider: query uri=content://mms, match=0, calling pid = 23981
03-24 15:38:38.591  4393  4765 D TP/MmsProvider: query uri=content://mms, match=0:Elapsed time : 1.218 ms
03-24 15:38:38.611  3670  3931 I PersonaManager: mKnoxInfo is empty
03-24 15:38:38.631 23981 24060 W ResourcesManager: getTopLevelResources: /data/app/com.example.myapplication-1/base.apk / 1.0 running in com.google.android.gms rsrc of package com.example.myapplication
03-24 15:38:38.641 23981 24060 D ResourcesManager: For user 0 new overlays fetched Null
03-24 15:38:38.641 23981 24060 W ResourcesManager: getTopLevelResources: /data/app/com.example.myapplication-1/base.apk / 1.0 running in com.google.android.gms rsrc of package com.example.myapplication
03-24 15:38:38.661 23981 24060 W ResourcesManager: getTopLevelResources: /data/app/com.yandex.browser-1/base.apk / 1.0 running in com.google.android.gms rsrc of package com.yandex.browser
03-24 15:38:38.691 23981 24060 D ResourcesManager: For user 0 new overlays fetched Null
03-24 15:38:38.691 23981 24060 W ResourcesManager: getTopLevelResources: /data/app/com.yandex.browser-1/base.apk / 1.0 running in com.google.android.gms rsrc of package com.yandex.browser
03-24 15:38:38.711 23981 24060 W ResourcesManager: getTopLevelResources: /data/app/com.microsoft.emmx-1/base.apk / 1.0 running in com.google.android.gms rsrc of package com.microsoft.emmx
03-24 15:38:38.721 23981 24060 D ResourcesManager: For user 0 new overlays fetched Null
03-24 15:38:38.721 23981 24060 W ResourcesManager: getTopLevelResources: /data/app/com.microsoft.emmx-1/base.apk / 1.0 running in com.google.android.gms rsrc of package com.microsoft.emmx
03-24 15:38:38.751 23981 24060 W ResourcesManager: getTopLevelResources: /data/app/org.mozilla.firefox-1/base.apk / 1.0 running in com.google.android.gms rsrc of package org.mozilla.firefox
03-24 15:38:38.751 23981 24060 D ResourcesManager: For user 0 new overlays fetched Null
03-24 15:38:38.781 23981 24060 W ResourcesManager: getTopLevelResources: /data/app/com.android.chrome-2/base.apk / 1.0 running in com.google.android.gms rsrc of package com.android.chrome
03-24 15:38:38.781 23981 24060 D ResourcesManager: For user 0 new overlays fetched Null
03-24 15:38:38.781 23981 24060 W ResourcesManager: getTopLevelResources: /data/app/com.android.chrome-2/base.apk / 1.0 running in com.google.android.gms rsrc of package com.android.chrome
03-24 15:38:38.781 23981 24060 I Icing   : Usage reports ok 7, Failed Usage reports 0, indexed 0, rejected 0, imm upload false
03-24 15:38:38.811  3670  4421 I PersonaManager: mKnoxInfo is empty
03-24 15:38:38.811 23981 24060 I Icing   : Usage reports ok 0, Failed Usage reports 0, indexed 0, rejected 0, imm upload false
03-24 15:38:38.811 26542 26542 E Zygote  : v2
03-24 15:38:38.811 26542 26542 I libpersona: KNOX_SDCARD checking this for 1000
03-24 15:38:38.811 26542 26542 I libpersona: KNOX_SDCARD not a persona
03-24 15:38:38.821 26542 26542 W SELinux : Function: selinux_compare_spd_ram, index[1], priority [2], priority version is VE=SEPF_SECMOBILE_6.0.1_0003
03-24 15:38:38.821 26542 26542 E Zygote  : accessInfo : 0
03-24 15:38:38.821 23981 24060 I Icing   : Removing corpus key com.android.chrome-omnibox for package com.android.chrome
03-24 15:38:38.821  3670  3796 I ActivityManager: Start proc 26542:com.samsung.android.sm/1000 for broadcast-3 com.samsung.android.sm/.common.SmartManagerReceiver
03-24 15:38:38.841  3670  4952 V BroadcastQueue: [background] Process cur broadcast BroadcastRecord{ea9f388 u0 android.intent.action.DROPBOX_ENTRY_ADDED qIdx=4}, state= (APP_RECEIVE) DELIVERED for app ProcessRecord{9c05121 26542:com.samsung.android.sm/1000}
03-24 15:38:38.841 26542 26542 W ResourcesManager: getTopLevelResources: /system/priv-app/SmartManager_v3/SmartManager_v3.apk / 1.0 running in com.samsung.android.sm rsrc of package com.samsung.android.sm
03-24 15:38:38.851  3670  4409 I InjectionManagerService -AppFeature: getCoreFeaturePkgList :[]
03-24 15:38:38.851 26542 26542 I InjectionManager: Inside getClassLibPath + mLibMap{0=, 1=}
03-24 15:38:38.861 26542 26542 D ResourcesManager: For user 0 new overlays fetched Null
03-24 15:38:38.861 26542 26542 I InjectionManager: Inside getClassLibPath caller 
03-24 15:38:38.881 26542 26542 D InjectionManager: InjectionManager
03-24 15:38:38.881 26542 26542 D InjectionManager: fillFeatureStoreMap com.samsung.android.sm
03-24 15:38:38.881 26542 26542 I InjectionManager: Constructor com.samsung.android.sm, Feature store :{}
03-24 15:38:38.881 26542 26542 I InjectionManager: featureStore :{}
03-24 15:38:38.891  3670  4552 V BroadcastQueue: [background] Process cur broadcast BroadcastRecord{ea9f388 u0 android.intent.action.DROPBOX_ENTRY_ADDED qIdx=4}, state= (APP_RECEIVE) DELIVERED for app ProcessRecord{547f966 23981:com.google.android.gms/u0a15}
03-24 15:38:38.891  3670  4524 I PersonaManager: mKnoxInfo is empty
03-24 15:38:38.911  3670  4952 V BroadcastQueue: [background] Process cur broadcast BroadcastRecord{ea9f388 u0 android.intent.action.DROPBOX_ENTRY_ADDED qIdx=4}, state= (APP_RECEIVE) DELIVERED for app ProcessRecord{68a6177 7275:com.google.android.gms.persistent/u0a15}
03-24 15:38:38.911  3670  4421 I PersonaManager: mKnoxInfo is empty
03-24 15:38:38.921 23981 24060 I native  : document-store.cc:1756 Scored 2264 usage reports, missing_corpora 102 update_failed 218
03-24 15:38:38.951  3670  4947 I PersonaManager: mKnoxInfo is empty
03-24 15:38:38.951  3670  3697 I PersonaManager: mKnoxInfo is empty
03-24 15:38:38.961 23981 24060 I Icing   : Indexing com.android.chrome-omnibox from com.android.chrome
03-24 15:38:38.961  3670  3698 I PersonaManager: mKnoxInfo is empty
03-24 15:38:38.991 23981 24060 I Icing   : Indexing done com.android.chrome-omnibox
03-24 15:38:39.001  3670  4952 I PersonaManager: mKnoxInfo is empty
03-24 15:38:39.351  3670  4068 W System.err: remove failed: ENOENT (No such file or directory) : /data/system/recent_tasks/203_task.xml.bak
03-24 15:38:39.901 25181 25197 D ContactsProvider_EventLog: contents_sample_state: [ contacts(0) data(0) accounts({}) accounts deleted({}) calls([])  ]
03-24 15:38:39.901 25181 25197 D ContactsProvider_EventLog: contents_sample_state: [ agr({})  ]
03-24 15:38:40.711  6689  6708 D StudioProfiler: Could not open CPU config file: /sys/devices/system/cpu/cpu0/cpufreq/scaling_max_freq
03-24 15:38:41.971  3670  4143 D BatteryService: !@BatteryListener : batteryPropertiesChanged!
03-24 15:38:41.971  3670  4143 D BatteryService: level:94, scale:100, status:2, health:2, present:true, voltage: 4279, temperature: 328, technology: Li-ion, AC powered:false, USB powered:true, POGO powered:false, Wireless powered:false, icon:17303414, invalid charger:0, maxChargingCurrent:0
03-24 15:38:41.971  3670  4143 D BatteryService: online:4, current avg:-132, charge type:1, power sharing:false, high voltage charger:false, capacity:280000, batterySWSelfDischarging:false, current_now:199
03-24 15:38:41.971  3670  3670 D BatteryService: Sending ACTION_BATTERY_CHANGED.
03-24 15:38:41.981  3670  3670 I MotionRecognitionService: Plugged
03-24 15:38:41.981  3670  3670 E MotionRecognitionService: support TA ~
03-24 15:38:41.981  3670  3670 I MotionRecognitionService: isTAConnected | current backoffstate  = 33792
03-24 15:38:41.981  3670  3670 D MotionRecognitionService:  TA connected ,  33792
03-24 15:38:41.981  3670  3670 I MotionRecognitionService: skip setTransmitPower. 
03-24 15:38:41.981  3670  3670 D MotionRecognitionService:   cableConnection= 1
03-24 15:38:41.981  3670  3670 D MotionRecognitionService: setPowerConnected | current backoffstate  = 33792 , state =33792
03-24 15:38:41.981  3670  3670 D MotionRecognitionService: skip setTransmitPower. 
03-24 15:38:41.981  4103  4103 D KeyguardUpdateMonitor: received broadcast android.intent.action.BATTERY_CHANGED
03-24 15:38:41.981  4103  4103 D PowerUI : priorPlugType = 2 mPlugType =  2
03-24 15:38:41.991  4103  4103 D PowerUI.Notification: showChargingNotice oldChargingType : 1 currentChargingType : 1 oldChargingTime : 962000 mChargingTime : 962000
03-24 15:38:41.991  4103  4103 D PowerUI.Notification: There is no change about charging status, so return!
03-24 15:38:41.991  4103  4103 D KeyguardUpdateMonitor: handleBatteryUpdate
03-24 15:38:41.991  4103  4103 D BatteryMeterView: ACTION_BATTERY_CHANGED : level:94 status:2 health:2
03-24 15:38:41.991  4103  4103 D BatteryMeterView: ACTION_BATTERY_CHANGED : level:94 status:2 health:2
03-24 15:38:42.191  3670  6805 D SSRM:n  : SIOP:: AP = 460, PST = 389 (W:10), CP = 313, CUR = -132, LCD = 93
03-24 15:38:42.241  3670  6805 D ConnectivityService: returning getNetworkInfo for network type 1 : [type: WIFI[] - WIFI, state: CONNECTED/CONNECTED, reason: (unspecified), extra: "DataStructures", roaming: false, failover: false, isAvailable: true]
03-24 15:38:42.931 26227 26227 D ConnectivityManager: requestNetwork; getAppId(CallingUid) : 10088, CallingPid : 26227
03-24 15:38:42.931  3670  4550 D ConnectivityService: listenForNetwork for Listen from uid/pid:10088/26227 for NetworkRequest [ id=378, legacyType=-1, [ Capabilities: INTERNET&NOT_RESTRICTED&TRUSTED] ]
03-24 15:38:42.931  3670  4029 D ConnectivityService: rematching NetworkAgentInfo [WIFI () - 510]
03-24 15:38:42.931  3670  4029 D ConnectivityService:  network has: NetworkAgentInfo{ ni{[type: WIFI[] - WIFI, state: CONNECTED/CONNECTED, reason: (unspecified), extra: "DataStructures", roaming: false, failover: false, isAvailable: true]}  network{510}  lp{{InterfaceName: wlan0 LinkAddresses: [fe80::ee9b:f3ff:fe73:43e9/64,192.168.0.174/24,]  Routes: [fe80::/64 -> :: wlan0,192.168.0.0/24 -> 0.0.0.0 wlan0,0.0.0.0/0 -> 192.168.0.1 wlan0,] DnsAddresses: [192.168.0.1,] Domains:  MTU: 0 TcpBufferSizes: 524288,1048576,4525824,524288,1048576,4525824}}  nc{[ Transports: WIFI Capabilities: INTERNET&NOT_RESTRICTED&TRUSTED&NOT_VPN&VALIDATED LinkUpBandwidth>=1048576Kbps LinkDnBandwidth>=1048576Kbps SignalStrength: -37]}  Score{60}  everValidated{true}  lastValidated{true}  created{true} lingering{false} explicitlySelected{false} acceptUnvalidated{false} everCaptivePortalDetected{false} lastCaptivePortalDetected{false} }
03-24 15:38:42.931  3670  4029 D ConnectivityService:   checking if request is: NetworkRequest [ id=378, legacyType=-1, [ Capabilities: INTERNET&NOT_RESTRICTED&TRUSTED] ] satisfies: true nri.isRequest: false
03-24 15:38:42.931  3670  4029 D ConnectivityService:   checking if request is: NetworkRequest [ id=5, legacyType=-1, [ Transports: WIFI Capabilities: INTERNET&NOT_RESTRICTED&TRUSTED&NOT_VPN] ] satisfies: true nri.isRequest: false
03-24 15:38:42.931  3670  4029 D ConnectivityService: Network NetworkAgentInfo [WIFI () - 510] was already satisfying request 1. No change.
03-24 15:38:42.931  3670  4029 D ConnectivityService:   checking if request is: NetworkRequest [ id=376, legacyType=-1, [ Capabilities: INTERNET&NOT_RESTRICTED&TRUSTED] ] satisfies: true nri.isRequest: false
03-24 15:38:42.931  3670  4029 D ConnectivityService:   checking if request is: NetworkRequest [ id=3, legacyType=-1, [] ] satisfies: true nri.isRequest: false
03-24 15:38:42.931  3670  4029 D ConnectivityService:   checking if request is: NetworkRequest [ id=4, legacyType=-1, [ Transports: CELLULAR Capabilities: INTERNET&NOT_RESTRICTED&TRUSTED&NOT_VPN] ] satisfies: false nri.isRequest: false
03-24 15:38:42.931  3670  4029 D ConnectivityService:   checking if request is: NetworkRequest [ id=377, legacyType=-1, [ Capabilities: INTERNET&NOT_RESTRICTED&TRUSTED] ] satisfies: true nri.isRequest: false
03-24 15:38:42.931  3670  4029 D ConnectivityService: sending notification AVAILABLE for NetworkRequest [ id=378, legacyType=-1, [ Capabilities: INTERNET&NOT_RESTRICTED&TRUSTED] ]
03-24 15:38:42.951  3670  6805 D ConnectivityService: returning getNetworkInfo for network type 1 : [type: WIFI[] - WIFI, state: CONNECTED/CONNECTED, reason: (unspecified), extra: "DataStructures", roaming: false, failover: false, isAvailable: true]
03-24 15:38:43.021 25181 25197 E ContactsProvider_EventLog: Flush buffer to file cnt : 3 size : 1Kb duration : 46ms lastUpdatedAfter : 4442 ms mFlush_time_threasold : 2000 mCurrentSize : 983
03-24 15:38:43.291  3054  3101 D Sensorhubs: readContextData: 1, 1, 52, 0, 0, 16, 50, 0, 0, 11, -65, 0, 0, 11, 29, 0, 0, 0, 0, 0, 0, 0, 74, 0, 0, 14, -113
03-24 15:38:43.291  3670  3983 D SensorHubManager: onGetSensorHubDataLocked: library(27) = 1, 1, 52, 0, 0, 16, 50, 0, 0, 11, -65, 0, 0, 11, 29, 0, 0, 0, 0, 0, 0, 0, 74, 0, 0, 14, -113
03-24 15:38:43.301  3670  3982 D CAE     : onGetSensorHubData(SensorHubParserProvider.java:92) - onGetSensorHubData Event [event buffer len :27], AP_WAKEUP
03-24 15:38:43.301  3670  3982 I CAE     : parse(SensorHubParserProvider.java:188) - buffer size = 27
03-24 15:38:43.301  3670  3982 I CAE     : parse(SensorHubParserProvider.java:199) - 1, 1, 52, 0, 0, 16, 50, 0, 0, 11, -65, 0, 0, 11, 29, 0, 0, 0, 0, 0, 0, 0, 74, 0, 0, 14, -113,
03-24 15:38:43.301  3670  3982 D CAE     : display(ContextProvider.java:375) - ================= EAD =================
03-24 15:38:43.301  3670  3982 I CAE     : display(ContextProvider.java:391) - B=[0.2845], G=[0.3007], R=[0.4146], CCT=[3727], Lux=[74]
03-24 15:38:43.301  3670  3985 D SContextService: updateSContext() : event = Environment Adaptive Display
03-24 15:38:43.301  3670  4040 I AdaptiveDisplayColorService: AvgR : 0.4146, AvgG : 0.3007, AvgB : 0.2845, avg lux : 74
03-24 15:38:44.691 26471 26498 I chromium: [INFO:child_process_service.cc(73)] ChildProcessService: Exiting child process.
03-24 15:38:44.701  3022  3022 E lowmemorykiller: Error writing /proc/26471/oom_score_adj; errno=22
03-24 15:38:44.711 26227 26227 W chromium: [WARNING:compositor_view.cc(263)] Child process died (type=6) pid=26471)
03-24 15:38:44.721  3670  4946 I ActivityManager: Process com.android.chrome:sandboxed_process1 (pid 26471)(adj 0) has died(176,1027)
03-24 15:38:44.721  3670  4946 D ActivityManager: cleanUpApplicationRecord -- 26471
03-24 15:38:44.721  3670  4946 D ActivityManager: isAutoRunBlockedApp:: com.android.chrome, Auto Run ON
03-24 15:38:45.871  3670  3930 D PackageManager: [MSG] WRITE_PACKAGE_RESTRICTIONS
03-24 15:38:45.911  3670  3930 W System.err: remove failed: ENOENT (No such file or directory) : /data/system/users/0/package-restrictions.xml.bak
03-24 15:38:47.241  3670  4283 E Watchdog: !@Sync 2437 [03-24 15:38:47.247]
03-24 15:38:48.311  3670  3796 W ActivityManager: Activity stop timeout for ActivityRecord{fcdcea1 u0 com.example.myapplication/.MainActivity t170}
03-24 15:38:52.011  3670  4946 D BatteryService: !@BatteryListener : batteryPropertiesChanged!
03-24 15:38:52.011  3670  4946 D BatteryService: level:94, scale:100, status:2, health:2, present:true, voltage: 4287, temperature: 327, technology: Li-ion, AC powered:false, USB powered:true, POGO powered:false, Wireless powered:false, icon:17303414, invalid charger:0, maxChargingCurrent:0
03-24 15:38:52.011  3670  4946 D BatteryService: online:4, current avg:45, charge type:1, power sharing:false, high voltage charger:false, capacity:280000, batterySWSelfDischarging:false, current_now:213
03-24 15:38:52.011  3670  3670 D BatteryService: Sending ACTION_BATTERY_CHANGED.
03-24 15:38:52.011  3670  3670 I MotionRecognitionService: Plugged
03-24 15:38:52.011  3670  3670 E MotionRecognitionService: support TA ~
03-24 15:38:52.011  3670  3670 I MotionRecognitionService: isTAConnected | current backoffstate  = 33792
03-24 15:38:52.011  3670  3670 D MotionRecognitionService:  TA connected ,  33792
03-24 15:38:52.011  3670  3670 I MotionRecognitionService: skip setTransmitPower. 
03-24 15:38:52.011  3670  3670 D MotionRecognitionService:   cableConnection= 1
03-24 15:38:52.011  3670  3670 D MotionRecognitionService: setPowerConnected | current backoffstate  = 33792 , state =33792
03-24 15:38:52.011  3670  3670 D MotionRecognitionService: skip setTransmitPower. 
03-24 15:38:52.011  4103  4103 D KeyguardUpdateMonitor: received broadcast android.intent.action.BATTERY_CHANGED
03-24 15:38:52.011  4103  4103 D KeyguardUpdateMonitor: handleBatteryUpdate
03-24 15:38:52.011  4103  4103 D PowerUI : priorPlugType = 2 mPlugType =  2
03-24 15:38:52.021  4103  4103 D PowerUI.Notification: showChargingNotice oldChargingType : 1 currentChargingType : 1 oldChargingTime : 962000 mChargingTime : 962000
03-24 15:38:52.021  4103  4103 D PowerUI.Notification: There is no change about charging status, so return!
03-24 15:38:52.031  4103  4103 D BatteryMeterView: ACTION_BATTERY_CHANGED : level:94 status:2 health:2
03-24 15:38:52.031  4103  4103 D BatteryMeterView: ACTION_BATTERY_CHANGED : level:94 status:2 health:2
03-24 15:38:52.261  3670  6805 D SSRM:n  : SIOP:: AP = 410, PST = 387 (W:20), CP = 316, CUR = 45, LCD = 93
03-24 15:38:52.291  3670  6805 D ConnectivityService: returning getNetworkInfo for network type 1 : [type: WIFI[] - WIFI, state: CONNECTED/CONNECTED, reason: (unspecified), extra: "DataStructures", roaming: false, failover: false, isAvailable: true]
03-24 15:38:57.681  3670  4018 D NtpTrustedTime: currentTimeMillis() cache hit
03-24 15:38:57.681  3670  4018 V NetworkStats: performPollLocked(flags=0x1)
03-24 15:38:57.691  3670  4018 D NetworkStatsRecorder: entry.iface is null
03-24 15:38:57.691  3670  4018 D NetworkStatsRecorder: entry.iface is null
03-24 15:38:57.691  3670  4018 D NetworkStatsRecorder: entry.iface is null
03-24 15:38:57.691  3670  4018 D NetworkStatsRecorder: entry.iface is null
03-24 15:38:57.691  3670  4018 V NetworkStats: performPollLocked() took 10ms
03-24 15:38:57.691  3670  4018 D NtpTrustedTime: currentTimeMillis() cache hit
03-24 15:38:57.691  3670  4019 D NtpTrustedTime: currentTimeMillis() cache hit
03-24 15:38:57.711  3670  4019 D NtpTrustedTime: currentTimeMillis() cache hit
03-24 15:38:59.991  3670  3980 V AlarmManager: Expired Alarm result :8
03-24 15:39:00.001  4103  4103 D KeyguardUpdateMonitor: received broadcast android.intent.action.TIME_TICK
03-24 15:39:00.001  4103  4103 D KeyguardUpdateMonitor: handleTimeUpdate
03-24 15:39:00.001  4103  4103 D Clock   : received broadcast android.intent.action.TIME_TICK
03-24 15:39:00.051  4103  4103 D DateView: received broadcast android.intent.action.TIME_TICK
03-24 15:39:00.081 25088 25088 D [WeatherWidget(1236)]  WeatherService: {[EC3334F14841398C8B464A72D0E61AB7C564889C89112557F2146D56794659083956C77974A4825103AB5C5D4AC85EDAA24236388AC138058106446B92A35777]}
03-24 15:39:00.081 25088 25088 D [WeatherWidget(1236)]  : {[3AE6950019B083611567B0F9442DB03EEFA9050249635C043F7E254E316C2550]}
03-24 15:39:00.091 25088 25088 D [WeatherWidget(1236)]  : {[3AE6950019B083611567B0F9442DB03E5DDA24A68DD8F41CDE99F0ED3FBCA79D6E3672D13C47BC5ED8EFB051B507BC35D16D05BE0B1FFC48F1CBC65A73129A0D]}
03-24 15:39:00.091 25088 25088 D [WeatherWidget(1236)]  : {[A1AF0F6A1A65A89C43D705938923D0FEFB71880C4E84718DA0A3E1F383E54FB24509E0FBB917D66D2978C513F7383D4A3053B01023BD027BD5C6B984AE327ACDF73722D68B1F80266469F24891921060F6012335F813CE3C0359344A51D4CD9D96750407689B32392378DF20D5323939]}
03-24 15:39:00.091 25088 25088 D [WeatherWidget(1236)]  : {[15C09394A4E9AFE55A5C62F22AB3FC5902EB2A2150B6646A86F2B3102D669614]}
03-24 15:39:02.061  3670  3931 D BatteryService: !@BatteryListener : batteryPropertiesChanged!
03-24 15:39:02.061  3670  3931 D BatteryService: level:94, scale:100, status:2, health:2, present:true, voltage: 4287, temperature: 327, technology: Li-ion, AC powered:false, USB powered:true, POGO powered:false, Wireless powered:false, icon:17303414, invalid charger:0, maxChargingCurrent:0
03-24 15:39:02.061  3670  3931 D BatteryService: online:4, current avg:121, charge type:1, power sharing:false, high voltage charger:false, capacity:280000, batterySWSelfDischarging:false, current_now:192
03-24 15:39:02.061  3670  3670 D BatteryService: Sending ACTION_BATTERY_CHANGED.
03-24 15:39:02.061  3670  3670 I MotionRecognitionService: Plugged
03-24 15:39:02.061  3670  3670 E MotionRecognitionService: support TA ~
03-24 15:39:02.061  3670  3670 I MotionRecognitionService: isTAConnected | current backoffstate  = 33792
03-24 15:39:02.061  3670  3670 D MotionRecognitionService:  TA connected ,  33792
03-24 15:39:02.061  3670  3670 I MotionRecognitionService: skip setTransmitPower. 
03-24 15:39:02.061  3670  3670 D MotionRecognitionService:   cableConnection= 1
03-24 15:39:02.061  3670  3670 D MotionRecognitionService: setPowerConnected | current backoffstate  = 33792 , state =33792
03-24 15:39:02.061  3670  3670 D MotionRecognitionService: skip setTransmitPower. 
03-24 15:39:02.071  4103  4103 D KeyguardUpdateMonitor: received broadcast android.intent.action.BATTERY_CHANGED
03-24 15:39:02.071  4103  4103 D PowerUI : priorPlugType = 2 mPlugType =  2
03-24 15:39:02.071  4103  4103 D PowerUI.Notification: showChargingNotice oldChargingType : 1 currentChargingType : 1 oldChargingTime : 962000 mChargingTime : 962000
03-24 15:39:02.071  4103  4103 D KeyguardUpdateMonitor: handleBatteryUpdate
03-24 15:39:02.071  4103  4103 D PowerUI.Notification: There is no change about charging status, so return!
03-24 15:39:02.091  4103  4103 D BatteryMeterView: ACTION_BATTERY_CHANGED : level:94 status:2 health:2
03-24 15:39:02.091  4103  4103 D BatteryMeterView: ACTION_BATTERY_CHANGED : level:94 status:2 health:2
03-24 15:39:02.321  3670  6805 D SSRM:n  : SIOP:: AP = 400, PST = 399 (W:20), CP = 317, CUR = 121, LCD = 93
03-24 15:39:07.031 26840 26840 I FIPS_bssl: FIPS approved mode (1) | 26840 | app_process
03-24 15:39:07.031 26840 26840 D AndroidRuntime: >>>>>> START com.android.internal.os.RuntimeInit uid 2000 <<<<<<
03-24 15:39:07.031 26840 26840 D AndroidRuntime: CheckJNI is OFF
03-24 15:39:07.041 26840 26840 D AndroidRuntime: readGMSProperty: start
03-24 15:39:07.041 26840 26840 D AndroidRuntime: readGMSProperty: already setted!!
03-24 15:39:07.041 26840 26840 D AndroidRuntime: propertySet: couldn't set property (it is from app)
03-24 15:39:07.041 26840 26840 D AndroidRuntime: readGMSProperty: could not set the property(default)!!
03-24 15:39:07.041 26840 26840 D AndroidRuntime: readGMSProperty: end
03-24 15:39:07.041 26840 26840 D AndroidRuntime: addProductProperty: start
03-24 15:39:07.061 26840 26840 D ICU     : No timezone override file found: /data/misc/zoneinfo/current/icu/icu_tzdata.dat
03-24 15:39:07.091 26840 26840 I Radio-JNI: register_android_hardware_Radio DONE
03-24 15:39:07.091 26840 26840 E AffinityControl: AffinityControl: registerfunction enter
03-24 15:39:07.101 26840 26840 D AndroidRuntime: Calling main entry com.android.commands.am.Am
03-24 15:39:07.111  3670  4409 I PersonaManager: mKnoxInfo is empty
03-24 15:39:07.111  3670  4409 I ActivityManager: Force stopping com.android.chrome appid=10088 user=0: from pid 26840
03-24 15:39:07.111  3670  4409 I PersonaManager: mKnoxInfo is empty
03-24 15:39:07.111  3670  4409 I ActivityManager: Killing 26403:com.android.chrome:privileged_process0/u0a88 (adj 0): stop com.android.chrome cause from pid 26840
03-24 15:39:07.111  3670  4409 D ActivityManager: cleanUpApplicationRecord -- 26403
03-24 15:39:07.121  3670  4409 D ActivityManager: isAutoRunBlockedApp:: com.android.chrome, Auto Run ON
03-24 15:39:07.121  3670  4409 W ActivityManager: Scheduling restart of crashed service com.android.chrome/org.chromium.content.app.PrivilegedProcessService0 in 1000ms
03-24 15:39:07.121  3670  4409 I ActivityManager: Killing 26227:com.android.chrome/u0a88 (adj 0): stop com.android.chrome cause from pid 26840
03-24 15:39:07.121  3670  4409 D ActivityManager: cleanUpApplicationRecord -- 26227
03-24 15:39:07.131  3670  4409 D ActivityManager: isAutoRunBlockedApp:: com.android.chrome, Auto Run ON
03-24 15:39:07.131  3670  4409 W ActivityManager: Force removing ActivityRecord{ec2c690 u0 com.android.chrome/com.google.android.apps.chrome.Main t203}: app died, no saved state
03-24 15:39:07.151  3670  4409 D InputDispatcher: Focused application set to: xxxx
03-24 15:39:07.151 26349 26349 I cr_ChildProcessService: Destroying ChildProcessService pid=26349
03-24 15:39:07.161  3670  4409 D InputDispatcher: Focus left window: 26227
03-24 15:39:07.161  3025  3212 I SurfaceFlinger: id=826 Removed TurfaceView (4/9)
03-24 15:39:07.161  3025  4174 I SurfaceFlinger: id=826 Removed TurfaceView (-2/9)
03-24 15:39:07.171  3025  3025 D libEGL  : eglTerminate EGLDisplay = 0x7ff3f31e28
03-24 15:39:07.171  3025  3025 D libEGL  : eglTerminate EGLDisplay = 0x7ff3f31e28
03-24 15:39:07.171  3025  3732 I SurfaceFlinger: id=825 Removed Nain (6/8)
03-24 15:39:07.171  3025  3212 I SurfaceFlinger: id=825 Removed Nain (-2/8)
03-24 15:39:07.181  3670  3884 D PointerIcon: setMouseIconStyle1 pointerType: 1001 iconType:101 flag:0 pid:3670 uid:1000
03-24 15:39:07.181  3670  4409 D CustomFrequencyManagerService: acquireDVFSLockLocked : type : DVFS_MIN_LIMIT  frequency : 1800000  uid : 1000  pid : 3670  pkgName : ACTIVITY_RESUME_BOOSTER@3
03-24 15:39:07.181  3670  3884 D PointerIcon: setMouseCustomIcon IconType is same.101
03-24 15:39:07.181  3025  3025 D libEGL  : eglTerminate EGLDisplay = 0x7ff3f31e28
03-24 15:39:07.181  3025  3025 D libEGL  : eglTerminate EGLDisplay = 0x7ff3f31e28
03-24 15:39:07.181  3025  3025 D libEGL  : eglTerminate EGLDisplay = 0x7ff3f31e28
03-24 15:39:07.191  3670  4409 D ActivityManager: mDVFSHelper.acquire()
03-24 15:39:07.191  3670  4409 D ActivityManager:  Launching com.example.myapplication, updated priority
03-24 15:39:07.191  3670  4409 I ActivityManager: Killing 26349:com.android.chrome:sandboxed_process0/u0a88i259 (adj 0): isolated not needed
03-24 15:39:07.201  3670  3670 D GameManagerService: NotifyRunnable. pkg: com.example.myapplication, type: 4, isMinimized: false, isTunableApp: false
03-24 15:39:07.201  3670  3796 V MARsPolicyManager: updatePackagesScore PackageInfo name -- com.example.myapplication
03-24 15:39:07.201  3670  4409 D InputDispatcher: Focus entered window: 25534
03-24 15:39:07.201 26840 26840 D AndroidRuntime: Shutting down VM
03-24 15:39:07.201  3670  4019 D NetworkPolicy: isUidForegroundLocked: 10088, mScreenOn: true, uidstate: 16, mProxSensorScreenOff: false
03-24 15:39:07.201  3670  4019 D NetworkPolicy: isUidForegroundLocked: 10185, mScreenOn: true, uidstate: 2, mProxSensorScreenOff: false
03-24 15:39:07.211  3670  4016 D ActivityManager: cleanUpApplicationRecord -- 26349
03-24 15:39:07.211  3670  4016 D ActivityManager: isAutoRunBlockedApp:: com.android.chrome, Auto Run ON
03-24 15:39:07.221  3670  3884 D PointerIcon: setMouseIconStyle1 pointerType: 1001 iconType:101 flag:0 pid:3670 uid:1000
03-24 15:39:07.221  3670  3884 D PointerIcon: setMouseCustomIcon IconType is same.101
03-24 15:39:07.221  3670  4040 D SContextService: unregisterCallback() : Listener = android.hardware.scontext.SContextService$Listener@bbd7e9f, Service = Environment Adaptive Display, used = 0
03-24 15:39:07.221  3670  3798 D StatusBarManagerService: manageDisableList userId=0 what=0x0 pkg=Window{5ca5f76 u0 d0 com.example.myapplication/com.example.myapplication.MainActivity}
03-24 15:39:07.221  4103  4103 D PhoneStatusBar: setSystemUiVisibility vis=8600 mask=ffffffff oldVal=a600 newVal=8600 diff=2000
03-24 15:39:07.221  3670  6805 D GameManagerService: identifyGamePackage. com.example.myapplication
03-24 15:39:07.221  3670  4040 W CAE     : unregisterCallback(ContextAwareService.java:206) - [unregi 01] Mutex is locked for EAD
03-24 15:39:07.221  3670  4040 V CAE     : stop(ContextProvider.java:155)
03-24 15:39:07.221  3670  6805 D GameManagerService: identifyGamePackage. com.example.myapplication
03-24 15:39:07.221  3670  4040 V CAE     : clear(EADRunner.java:257)
03-24 15:39:07.221  3670  3670 V AlarmManager: Remove alarm for next reason : android.intent.action.PACKAGE_RESTARTED : package: com.android.chrome
03-24 15:39:07.221  3670  4040 V CAE     : disable(EADRunner.java:246)
03-24 15:39:07.221  3670  4040 I CAE     : sendCmdToSensorHub(SensorHubCommManager.java:162) - -78, 52, 0, 0,
03-24 15:39:07.221  3670  4040 D SensorHubManager: SendSensorHubData: send data = -78, 52, 0, 0
03-24 15:39:07.221  3054 17920 D Sensorhubs: sendContextData: -78, 52, 0, 0
03-24 15:39:07.241  3670  4040 D CAE     : getFaultDetectionResult(EADRunner.java:271) - true
03-24 15:39:07.241  3670  4040 I CAE     : notifyCmdProcessResultObserver(ContextProvider.java:627) - CheckResult = 0, Cause = Success
03-24 15:39:07.241  3670  3796 V BroadcastQueue: [background] Process cur broadcast BroadcastRecord{ea26b2a u0 android.intent.action.PACKAGE_RESTARTED qIdx=4}, state= (APP_RECEIVE) DELIVERED for app ProcessRecord{a8b6d0a 3670:system/1000}
03-24 15:39:07.241  4383  4383 I PersonaManager: mKnoxInfo is empty
03-24 15:39:07.241  4383  4383 I PersonaManager: mKnoxInfo is empty
03-24 15:39:07.241  4383  4383 I PersonaManager: mKnoxInfo is empty
03-24 15:39:07.251  4383  4383 W ResourcesManager: getTopLevelResources: /data/app/com.google.android.gms-1/base.apk / 1.0 running in com.android.nfc rsrc of package com.google.android.gms
03-24 15:39:07.251  3670  3670 V BroadcastQueue: [background] Process cur broadcast BroadcastRecord{ea26b2a u0 android.intent.action.PACKAGE_RESTARTED qIdx=4}, state= (APP_RECEIVE) DELIVERED for app ProcessRecord{b18f6e4 25230:com.sec.android.app.soundalive/u0a62}
03-24 15:39:07.251 25230 25230 D SAControlPanelReceiver: *****onReceive()*****
03-24 15:39:07.251 25230 25230 D SAControlPanelReceiver: Action: android.intent.action.PACKAGE_RESTARTED
03-24 15:39:07.251  4383  4383 W ResourcesManager: getTopLevelResources: /data/app/com.google.android.gms-1/base.apk / 1.0 running in com.android.nfc rsrc of package com.google.android.gms
03-24 15:39:07.251  3670  4040 D CAE     : doCommendProcess(ContextAwareService.java:433) - complete notify the operation result.
03-24 15:39:07.251  4383  4383 D ApduServiceInfo: seId: 0
03-24 15:39:07.251  4383  4383 I PersonaManager: mKnoxInfo is empty
03-24 15:39:07.251  3670  4040 I CAE     : displayUsedCountForService(ContextAwareService.java:525) - totalCnt = 0, serviceCount = 0, subCollectionCount = 0
03-24 15:39:07.251  3670  4040 D CAE     : showListenerList(ContextAwareService.java:366) - ===== Context Aware Service List =====
03-24 15:39:07.251  3670  4040 I CAE     : showListenerList(ContextAwareService.java:375) - Listener : com.samsung.android.contextaware.manager.ContextAwareService$Listener@1e966aa, Service : ACTIVITY_TRACKER_CURRENT_INFO(1)
03-24 15:39:07.251  3670  4040 I CAE     : showListenerList(ContextAwareService.java:375) - Listener : com.samsung.android.contextaware.manager.ContextAwareService$Listener@1e966aa, Service : ACTIVITY_TRACKER(1)
03-24 15:39:07.251  3670  4040 I CAE     : showListenerList(ContextAwareService.java:375) - Listener : com.samsung.android.contextaware.manager.ContextAwareService$Listener@1bfe120, Service : AUTO_BRIGHTNESS(1)
03-24 15:39:07.251  3670  4040 I CAE     : showListenerList(ContextAwareService.java:375) - Listener : com.samsung.android.contextaware.manager.ContextAwareService$Listener@a8401a7, Service : AUTO_ROTATION(1)
03-24 15:39:07.251  3670  4040 W CAE     : unregisterCallback(ContextAwareService.java:241) - [unregi 02] Mutex is unlocked for EAD
03-24 15:39:07.251  3670  4040 D SContextService: 	.unregisterCallback : 4, client=
03-24 15:39:07.251  3670  4040 D SContextService: ===== SContext Service List =====
03-24 15:39:07.251  3670  4040 D SContextService: Listener : android.hardware.scontext.SContextService$Listener@40acad9, Service : Auto Brightness
03-24 15:39:07.251  3670  4040 D SContextService: Listener : android.hardware.scontext.SContextService$Listener@90a289b, Service : Activity Tracker
03-24 15:39:07.251  3670  4040 D SContextService: Listener : android.hardware.scontext.SContextService$Listener@dfc654, Service : Auto Rotation
03-24 15:39:07.251  3670  4040 D SContextManager:   .unregisterListener : listener = com.samsung.android.mdnie.AdaptiveDisplayColorService$3@5bb4caa, service=Environment Adaptive Display
03-24 15:39:07.261  3670  4524 V BroadcastQueue: [background] Process cur broadcast BroadcastRecord{ea26b2a u0 android.intent.action.PACKAGE_RESTARTED qIdx=4}, state= (APP_RECEIVE) DELIVERED for app ProcessRecord{81441b6 25088:com.sec.android.daemonapp/u0a145}
03-24 15:39:07.261 25088 25088 D [WeatherWidget(1236)]  ClearDataReceiver: {[2B4A2AC40B5A9FD87A06E8EADDAC90140D0735C4111B00ED5A4BFDD943296A603CF64C72E7F3E6D25FF9ACC8831CFEFA3E34FF6EAD00357EC7386503FB76F1C38DE7DC83CE464FCACDBF41BB39AB7B052FE0F7B48A3DA34B35B7EA4C9669647F066BF7A880C587B9171A84D276A481B9]}
03-24 15:39:07.281  3670  6805 D ConnectivityService: returning getNetworkInfo for network type 1 : [type: WIFI[] - WIFI, state: CONNECTED/CONNECTED, reason: (unspecified), extra: "DataStructures", roaming: false, failover: false, isAvailable: true]
03-24 15:39:07.291  3670  6805 D ConnectivityService: returning getNetworkInfo for network type 1 : [type: WIFI[] - WIFI, state: CONNECTED/CONNECTED, reason: (unspecified), extra: "DataStructures", roaming: false, failover: false, isAvailable: true]
03-24 15:39:07.291  3670  3698 D ConnectivityService: ConnectivityService NetworkRequestInfo binderDied(NetworkRequest [ id=378, legacyType=-1, [ Capabilities: INTERNET&NOT_RESTRICTED&TRUSTED] ], android.os.BinderProxy@44a9d1b)
03-24 15:39:07.291  3670  4016 D ConnectivityService: ConnectivityService NetworkRequestInfo binderDied(NetworkRequest [ id=377, legacyType=-1, [ Capabilities: INTERNET&NOT_RESTRICTED&TRUSTED] ], android.os.BinderProxy@d854eb8)
03-24 15:39:07.291  3670  4452 D ConnectivityService: ConnectivityService NetworkRequestInfo binderDied(NetworkRequest [ id=376, legacyType=-1, [ Capabilities: INTERNET&NOT_RESTRICTED&TRUSTED] ], android.os.BinderProxy@a0ec491)
03-24 15:39:07.291  3670  4029 D ConnectivityService: releasing NetworkRequest NetworkRequest [ id=378, legacyType=-1, [ Capabilities: INTERNET&NOT_RESTRICTED&TRUSTED] ]
03-24 15:39:07.291  3670  4143 D GraphicsStats: Buffer count: 6
03-24 15:39:07.291  3670  4029 D ConnectivityService: sending notification RELEASED for NetworkRequest [ id=378, legacyType=-1, [ Capabilities: INTERNET&NOT_RESTRICTED&TRUSTED] ]
03-24 15:39:07.291  3670  4029 E ConnectivityService: RemoteException caught trying to send a callback msg for NetworkRequest [ id=378, legacyType=-1, [ Capabilities: INTERNET&NOT_RESTRICTED&TRUSTED] ]
03-24 15:39:07.291  3670  4029 D ConnectivityService: releasing NetworkRequest NetworkRequest [ id=377, legacyType=-1, [ Capabilities: INTERNET&NOT_RESTRICTED&TRUSTED] ]
03-24 15:39:07.291  3670  4029 D ConnectivityService: sending notification RELEASED for NetworkRequest [ id=377, legacyType=-1, [ Capabilities: INTERNET&NOT_RESTRICTED&TRUSTED] ]
03-24 15:39:07.291  3670  4029 E ConnectivityService: RemoteException caught trying to send a callback msg for NetworkRequest [ id=377, legacyType=-1, [ Capabilities: INTERNET&NOT_RESTRICTED&TRUSTED] ]
03-24 15:39:07.291  3670  4029 D ConnectivityService: releasing NetworkRequest NetworkRequest [ id=376, legacyType=-1, [ Capabilities: INTERNET&NOT_RESTRICTED&TRUSTED] ]
03-24 15:39:07.291  3670  4029 D ConnectivityService: sending notification RELEASED for NetworkRequest [ id=376, legacyType=-1, [ Capabilities: INTERNET&NOT_RESTRICTED&TRUSTED] ]
03-24 15:39:07.291  3670  4029 E ConnectivityService: RemoteException caught trying to send a callback msg for NetworkRequest [ id=376, legacyType=-1, [ Capabilities: INTERNET&NOT_RESTRICTED&TRUSTED] ]
03-24 15:39:07.291  3670  6805 D GameManagerService: identifyGamePackage. com.example.myapplication
03-24 15:39:07.851 26863 26863 I FIPS_bssl: FIPS approved mode (1) | 26863 | app_process
03-24 15:39:07.851 26863 26863 D AndroidRuntime: >>>>>> START com.android.internal.os.RuntimeInit uid 2000 <<<<<<
03-24 15:39:07.851 26863 26863 D AndroidRuntime: CheckJNI is OFF
03-24 15:39:07.851 26863 26863 D AndroidRuntime: readGMSProperty: start
03-24 15:39:07.851 26863 26863 D AndroidRuntime: readGMSProperty: already setted!!
03-24 15:39:07.851 26863 26863 D AndroidRuntime: propertySet: couldn't set property (it is from app)
03-24 15:39:07.851 26863 26863 D AndroidRuntime: readGMSProperty: could not set the property(default)!!
03-24 15:39:07.851 26863 26863 D AndroidRuntime: readGMSProperty: end
03-24 15:39:07.851 26863 26863 D AndroidRuntime: addProductProperty: start
03-24 15:39:07.881 26863 26863 D ICU     : No timezone override file found: /data/misc/zoneinfo/current/icu/icu_tzdata.dat
03-24 15:39:07.901 26863 26863 I Radio-JNI: register_android_hardware_Radio DONE
03-24 15:39:07.911 26863 26863 E AffinityControl: AffinityControl: registerfunction enter
03-24 15:39:07.921 26863 26863 D AndroidRuntime: Calling main entry com.android.commands.monkey.Monkey
