03-24 15:24:23.421 10774 10774 I InjectionManager: featureStore :{}
03-24 15:24:23.471  3670  3682 I art     : Background partial concurrent mark sweep GC freed 91972(7MB) AllocSpace objects, 166(3MB) LOS objects, 27% free, 43MB/59MB, paused 1.466ms total 203.306ms
03-24 15:24:23.821  3670  3796 W ActivityManager: Activity pause timeout for ActivityRecord{967bae4 u0 com.example.myapplication/.MainActivity t170}
03-24 15:24:23.841 10794 10794 E Zygote  : v2
03-24 15:24:23.841 10794 10794 I libpersona: KNOX_SDCARD checking this for 10117
03-24 15:24:23.841 10794 10794 I libpersona: KNOX_SDCARD not a persona
03-24 15:24:23.841  3670  3796 I ActivityManager: Start proc 10794:org.mozilla.firefox/u0a117 for activity org.mozilla.firefox/.App
03-24 15:24:23.841 10794 10794 W SELinux : Function: selinux_compare_spd_ram, index[1], priority [2], priority version is VE=SEPF_SECMOBILE_6.0.1_0003
03-24 15:24:23.841  3670  4019 D NetworkPolicy: isUidForegroundLocked: 10117, mScreenOn: true, uidstate: -1, mProxSensorScreenOff: false
03-24 15:24:23.841 10794 10794 E Zygote  : accessInfo : 0
03-24 15:24:23.851 10794 10794 W SELinux : SELinux: seapp_context_lookup: seinfo=default, level=s0:c512,c768, pkgname=org.mozilla.firefox 
03-24 15:24:23.911  3670  4552 D ActivityManager:  Launching org.mozilla.firefox, updated priority
03-24 15:24:23.911  3670  3670 D GameManagerService: NotifyRunnable. pkg: org.mozilla.firefox, type: 4, isMinimized: false, isTunableApp: false
03-24 15:24:23.911  3670  3796 V MARsPolicyManager: updatePackagesScore PackageInfo name -- org.mozilla.firefox
03-24 15:24:23.921  3670  6805 D GameManagerService: identifyGamePackage. org.mozilla.firefox
03-24 15:24:23.921  3670  6805 D GameManagerService: identifyGamePackage. org.mozilla.firefox
03-24 15:24:23.921  3670  6805 D O       : limitGPUFreq:: freq = -1
03-24 15:24:23.941 10794 10794 W ResourcesManager: getTopLevelResources: /data/app/org.mozilla.firefox-1/base.apk / 1.0 running in org.mozilla.firefox rsrc of package org.mozilla.firefox
03-24 15:24:23.951  3670  4143 I InjectionManagerService -AppFeature: getCoreFeaturePkgList :[]
03-24 15:24:23.951 10794 10794 I InjectionManager: Inside getClassLibPath + mLibMap{0=, 1=}
03-24 15:24:23.951  3670  6805 D ConnectivityService: returning getNetworkInfo for network type 1 : [type: WIFI[] - WIFI, state: CONNECTED/CONNECTED, reason: (unspecified), extra: "DataStructures", roaming: false, failover: false, isAvailable: true]
03-24 15:24:23.961  3670  6805 D GameManagerService: identifyGamePackage. org.mozilla.firefox
03-24 15:24:23.961 10794 10794 D ResourcesManager: For user 0 new overlays fetched Null
03-24 15:24:23.971 10794 10794 I InjectionManager: Inside getClassLibPath caller 
03-24 15:24:24.021 10794 10794 I MultiDex: VM with version 2.1.0 has multidex support
03-24 15:24:24.021 10794 10794 I MultiDex: Installing application
03-24 15:24:24.021 10794 10794 I MultiDex: VM has multidex support, MultiDex support library is disabled.
03-24 15:24:24.051 10794 10794 W ResourcesManager: getTopLevelResources: /data/app/org.mozilla.firefox-1/base.apk / 1.0 running in org.mozilla.firefox rsrc of package org.mozilla.firefox
03-24 15:24:24.051 10794 10794 I GeckoApplication: zerdatime 173292430 - application start
03-24 15:24:24.101 10794 10794 I art     : Rejecting re-init on previously-failed class java.lang.Class<android.support.v4.app.JobIntentService$JobServiceEngineImpl>
03-24 15:24:24.101 10794 10794 I art     : Rejecting re-init on previously-failed class java.lang.Class<android.support.v4.app.JobIntentService$JobServiceEngineImpl>
03-24 15:24:24.111 10794 10794 D InjectionManager: InjectionManager
03-24 15:24:24.111 10794 10794 D InjectionManager: fillFeatureStoreMap org.mozilla.firefox
03-24 15:24:24.111 10794 10794 I InjectionManager: Constructor org.mozilla.firefox, Feature store :{}
03-24 15:24:24.111 10794 10794 I InjectionManager: featureStore :{}
03-24 15:24:24.111 10794 10794 D GeckoMemoryMonitor: onTrimMemory() notification received with level 10
03-24 15:24:24.111 10794 10794 D GeckoMemoryMonitor: increasing memory pressure to 3
03-24 15:24:24.121 10794 10794 W ResourcesManager: getTopLevelResources: /data/app/org.mozilla.firefox-1/base.apk / 1.0 running in org.mozilla.firefox rsrc of package org.mozilla.firefox
03-24 15:24:24.181 10794 10814 V MediaPlayer: decode(23, 8764500, 5795)
03-24 15:24:24.181 10794 10794 I Timeline: Timeline: Activity_launch_request id:org.mozilla.firefox time:72275117
03-24 15:24:24.181  3670  4407 I PersonaManager: mKnoxInfo is empty
03-24 15:24:24.191  3670  4407 D GameManagerService: identifyGamePackage. org.mozilla.firefox
03-24 15:24:24.191  3670  4407 D MultiWindowPolicy: Gamemode - return 0,  when calling  identifyForegroundApp(org.mozilla.firefox)
03-24 15:24:24.191  3670  4407 D CustomFrequencyManagerService: releaseDVFSLockLocked : Getting Lock type frm List : DVFS_MIN_LIMIT  frequency : 1800000  uid : 1000  pid : 3670  tag : ACTIVITY_RESUME_BOOSTER@3
03-24 15:24:24.191  3670  4407 D CustomFrequencyManagerService: acquireDVFSLockLocked : type : DVFS_MIN_LIMIT  frequency : 1800000  uid : 1000  pid : 3670  pkgName : ACTIVITY_RESUME_BOOSTER@3
03-24 15:24:24.191  3670  4407 D ActivityManager: mDVFSHelper.acquire()
03-24 15:24:24.191  3670  4407 V WindowManager: addAppToken: AppWindowToken{edf580f token=Token{542296e ActivityRecord{17f8e9 u0 org.mozilla.firefox/org.mozilla.gecko.BrowserApp t178}}} to stack=1 task=178 at 0
03-24 15:24:24.191  3670  4407 D InputDispatcher: Focused application set to: xxxx
03-24 15:24:24.191 10794 10794 D Activity: performCreate Call Injection manager
03-24 15:24:24.191  3047  3047 D OggExtractor:  correct time not found. Let's use approximate value
03-24 15:24:24.191  3047  3047 I OggExtractor: OggSource::OggSource() mExtractor ref count = 4
03-24 15:24:24.201  3047  3047 I OMXCodec: Attempting to allocate OMX node 'OMX.google.vorbis.decoder'
03-24 15:24:24.201  3670  3670 D GameManagerService: NotifyRunnable. pkg: org.mozilla.firefox, type: 4, isMinimized: false, isTunableApp: false
03-24 15:24:24.201  3670  3796 V MARsPolicyManager: updatePackagesScore PackageInfo name -- org.mozilla.firefox
03-24 15:24:24.201  3670  3884 D SecWifiDisplayUtil: Metadata value : SecSettings2
03-24 15:24:24.211  3670  3884 D ViewRootImpl: #1 mView = com.android.internal.policy.PhoneWindow$DecorView{a2cdc21 V.E...... R.....ID 0,0-0,0}
03-24 15:24:24.211  3670  3884 D ISSUE_DEBUG: InputChannelName : b903a07 Starting org.mozilla.firefox
03-24 15:24:24.231  3025  3025 I SurfaceFlinger: id=734 createSurf (1x1),1 flag=404, girefox
03-24 15:24:24.241  3670  3884 D ViewRootImpl: MSG_RESIZED_REPORT: ci=Rect(0, 96 - 0, 0) vi=Rect(0, 96 - 0, 0) or=1
03-24 15:24:24.261  3670  3884 V WindowStateAnimator: Finishing drawing window Window{b903a07 u0 d0 Starting org.mozilla.firefox}: mDrawState=DRAW_PENDING
03-24 15:24:24.261  3670  3798 D StatusBarManagerService: manageDisableList userId=0 what=0x0 pkg=Window{b903a07 u0 d0 Starting org.mozilla.firefox}
03-24 15:24:24.261 10794 10794 W ResourcesManager: getTopLevelResources: /data/app/org.mozilla.firefox-1/base.apk / 1.0 running in org.mozilla.firefox rsrc of package org.mozilla.firefox
03-24 15:24:24.271 10794 10794 W ResourcesManager: getTopLevelResources: /data/app/org.mozilla.firefox-1/base.apk / 1.0 running in org.mozilla.firefox rsrc of package org.mozilla.firefox
03-24 15:24:24.271  3025  3025 D libEGL  : eglInitialize EGLDisplay = 0x7ff3f31d28
03-24 15:24:24.271 10794 10816 V MediaPlayer: decode(25, 8764500, 5795)
03-24 15:24:24.281  3047 25655 D OggExtractor:  correct time not found. Let's use approximate value
03-24 15:24:24.281  3047 25655 I OggExtractor: OggSource::OggSource() mExtractor ref count = 4
03-24 15:24:24.281  3047 25655 I OMXCodec: Attempting to allocate OMX node 'OMX.google.vorbis.decoder'
03-24 15:24:24.281  3670  4421 I PersonaManager: mKnoxInfo is empty
03-24 15:24:24.291 10794 10812 D GeckoSharedPrefs: Current version = 0, prefs version = 2
03-24 15:24:24.291 10794 10812 D GeckoSharedPrefs: Performing migration
03-24 15:24:24.291 10794 10812 D GeckoSharedPrefs: Migrating to version = 1
03-24 15:24:24.301 10794 10812 D GeckoSharedPrefs: Migrating from PreferenceManager
03-24 15:24:24.301 10794 10812 D GeckoSharedPrefs: Migrating to version = 2
03-24 15:24:24.301 10794 10812 D GeckoSharedPrefs: Migrating crash reporter settings
03-24 15:24:24.301 10794 10812 D GeckoSharedPrefs: All keys have been migrated
03-24 15:24:24.311 10794 10822 W System.err: remove failed: ENOENT (No such file or directory) : /data/user/0/org.mozilla.firefox/shared_prefs/GeckoApp.xml.bak
03-24 15:24:24.311 10794 10794 D GeckoScreenOrientation: updating to new orientation PORTRAIT_PRIMARY
03-24 15:24:24.311  3047  3047 I OMXCodec: Successfully allocated OMX node 'OMX.google.vorbis.decoder'
03-24 15:24:24.321 10794 10822 W System.err: remove failed: ENOENT (No such file or directory) : /data/user/0/org.mozilla.firefox/shared_prefs/GeckoProfile-default.xml.bak
03-24 15:24:24.321  3047 25655 I OMXCodec: Successfully allocated OMX node 'OMX.google.vorbis.decoder'
03-24 15:24:24.321  3047 25655 I OMXCodec: >>>UHQA initOutputFormat 16
03-24 15:24:24.321  3047  3047 I OMXCodec: >>>UHQA initOutputFormat 16
03-24 15:24:24.321  3047 25655 I OMXCodec: [OMX.google.vorbis.decoder] OMXCodec::start mState=1
03-24 15:24:24.321  3047  3047 I OMXCodec: [OMX.google.vorbis.decoder] OMXCodec::start mState=1
03-24 15:24:24.321  3047 25655 I OMXCodec: [OMX.google.vorbis.decoder] allocating 4 buffers of size 8192 on input port
03-24 15:24:24.321  3047  3047 I OMXCodec: [OMX.google.vorbis.decoder] allocating 4 buffers of size 8192 on input port
03-24 15:24:24.321  3670  3796 V BroadcastQueue: [background] Process cur broadcast BroadcastRecord{823ee59 u0 org.mozilla.gecko.STUMBLER_REGISTER_LOCAL_LISTENER qIdx=4}, state= (APP_RECEIVE) DELIVERED for app ProcessRecord{bc1ca1e 10794:org.mozilla.firefox/u0a117}
03-24 15:24:24.321  3047 25655 I OMXCodec: [OMX.google.vorbis.decoder] allocating 4 buffers of size 32768 on output port
03-24 15:24:24.321  3047  3047 I OMXCodec: [OMX.google.vorbis.decoder] allocating 4 buffers of size 32768 on output port
03-24 15:24:24.321  3047 10824 I OMXCodec: [OMX.google.vorbis.decoder] Now Idle. Component sends idle done Event 
03-24 15:24:24.321  3047 10826 I OMXCodec: [OMX.google.vorbis.decoder] Now Idle. Component sends idle done Event 
03-24 15:24:24.321 10794 10822 W System.err: remove failed: ENOENT (No such file or directory) : /data/user/0/org.mozilla.firefox/shared_prefs/CrashReporter.xml.bak
03-24 15:24:24.321 10794 10822 W System.err: remove failed: ENOENT (No such file or directory) : /data/user/0/org.mozilla.firefox/shared_prefs/org.mozilla.firefox_preferences.xml.bak
03-24 15:24:24.321  3047 10826 I OMXCodec: [OMX.google.vorbis.decoder] 0onCmdComplete  mState =  7
03-24 15:24:24.321  3047 10824 I OMXCodec: [OMX.google.vorbis.decoder] 0onCmdComplete  mState =  7
03-24 15:24:24.321  3047 10826 I OMXCodec: [OMX.google.vorbis.decoder] PORT_DISABLED(1)
03-24 15:24:24.321  3047 10824 I OMXCodec: [OMX.google.vorbis.decoder] PORT_DISABLED(1)
03-24 15:24:24.321  3047 10824 I OMXCodec: >>>UHQA initOutputFormat 16
03-24 15:24:24.321  3047 10826 I OMXCodec: >>>UHQA initOutputFormat 16
03-24 15:24:24.321  3047 10824 I OMXCodec: [OMX.google.vorbis.decoder] allocating 4 buffers of size 32768 on output port
03-24 15:24:24.321  3047 10826 I OMXCodec: [OMX.google.vorbis.decoder] allocating 4 buffers of size 32768 on output port
03-24 15:24:24.321  3047 10826 I OMXCodec: [OMX.google.vorbis.decoder] End Of Stream
03-24 15:24:24.321 10794 10794 D GeckoThread: State changed to LAUNCHED
03-24 15:24:24.331 10794 10827 I GeckoThread: preparing to run Gecko
03-24 15:24:24.331  3047 25655 I SoundExtractor: extract() reached EOS
03-24 15:24:24.331  3047 25655 I OMXCodec: [OMX.google.vorbis.decoder] stop mState=4
03-24 15:24:24.331  3047 25655 I OMXCodec: [OMX.google.vorbis.decoder] stop() sendCommand(277, OMX_CommandStateSet, OMX_StateIdle)
03-24 15:24:24.331  3047 10826 I OMXCodec: [OMX.google.vorbis.decoder] Now Idle. Component sends idle done Event 
03-24 15:24:24.331 10794 10827 D GeckoThread: State changed to MOZGLUE_READY
03-24 15:24:24.331  3047 25655 I OMXCodec: [OMX.google.vorbis.decoder] stopOmxComponent_l() mstate = 1
03-24 15:24:24.331  3047 25655 I OggExtractor: OggSource::stop() mExtractor ref count = 1
03-24 15:24:24.331  3047 25655 I OggExtractor: OggSource::~OggSource() mExtractor !mStarted ref count = 1
03-24 15:24:24.331  3047 25655 I OggExtractor: ~OggSource --
03-24 15:24:24.331  3047 25655 I OggExtractor: ~OggExtractor ++
03-24 15:24:24.331  3047 25655 I OggExtractor: ~MyOggExtractor ++ 
03-24 15:24:24.331  3047 25655 I OggExtractor: ~MyOggExtractor --
03-24 15:24:24.331  3047 25655 I OggExtractor: ~OggExtractor --
03-24 15:24:24.331  3047 10824 I OMXCodec: [OMX.google.vorbis.decoder] End Of Stream
03-24 15:24:24.331  3047  3047 I SoundExtractor: extract() reached EOS
03-24 15:24:24.331  3047  3047 I OMXCodec: [OMX.google.vorbis.decoder] stop mState=4
03-24 15:24:24.331  3047  3047 I OMXCodec: [OMX.google.vorbis.decoder] stop() sendCommand(276, OMX_CommandStateSet, OMX_StateIdle)
03-24 15:24:24.331  3047 10824 I OMXCodec: [OMX.google.vorbis.decoder] Now Idle. Component sends idle done Event 
03-24 15:24:24.331  3047  3047 I OMXCodec: [OMX.google.vorbis.decoder] stopOmxComponent_l() mstate = 1
03-24 15:24:24.331  3047  3047 I OggExtractor: OggSource::stop() mExtractor ref count = 1
03-24 15:24:24.331  3047  3047 I OggExtractor: OggSource::~OggSource() mExtractor !mStarted ref count = 1
03-24 15:24:24.331  3047  3047 I OggExtractor: ~OggSource --
03-24 15:24:24.331  3047  3047 I OggExtractor: ~OggExtractor ++
03-24 15:24:24.331  3047  3047 I OggExtractor: ~MyOggExtractor ++ 
03-24 15:24:24.331  3047  3047 I OggExtractor: ~MyOggExtractor --
03-24 15:24:24.331  3047  3047 I OggExtractor: ~OggExtractor --
03-24 15:24:24.331 10794 10827 W Settings: Setting animator_duration_scale has moved from android.provider.Settings.System to android.provider.Settings.Global, returning read-only global URI.
03-24 15:24:24.331 10794 10827 E GeckoLibLoad: Load sqlite start
03-24 15:24:24.341 10794 10794 W art     : Before Android 4.1, method android.graphics.PorterDuffColorFilter android.support.graphics.drawable.VectorDrawableCompat.updateTintFilter(android.graphics.PorterDuffColorFilter, android.content.res.ColorStateList, android.graphics.PorterDuff$Mode) would have incorrectly overridden the package-private method in android.graphics.drawable.Drawable
03-24 15:24:24.351 10794 10827 W GeckoLinker: /data/app/org.mozilla.firefox-1/lib/arm/libnss3.so: Relocation to NULL @0x0012a97c for symbol "__cxa_type_match"
03-24 15:24:24.351 10794 10827 E GeckoLibLoad: Load sqlite done
03-24 15:24:24.351 10794 10827 E GeckoLibLoad: Load nss start
03-24 15:24:24.351 10794 10827 E GeckoLibLoad: Load nss done
03-24 15:24:24.431 10794 10827 E GeckoLibLoad: Loaded libs in 87.430125ms total, 10ms(20ms) user, 10ms(40ms) system, 52(85) faults
03-24 15:24:24.431 10794 10827 D GeckoThread: State changed to LIBS_READY
03-24 15:24:24.431 10794 10827 W GeckoThread: zerdatime 173292811 - runGecko
03-24 15:24:24.431 10794 10827 D GeckoProfile: Created new profile dir.
03-24 15:24:24.441 10794 10827 I GeckoProfile: Enqueuing profile init.
03-24 15:24:24.441 10794 10827 D GeckoProfile: Found profile dir.
03-24 15:24:24.441 10794 10827 D GeckoProfile: Attempting to write new client ID properties
03-24 15:24:24.451  3670  4946 D VoldConnector: SND -> {39 volume mkdirs /storage/emulated/0/Android/data/org.mozilla.firefox/files/Download/}
03-24 15:24:24.451  2999  3238 D VoldCmdListener: volume mkdirs /storage/emulated/0/Android/data/org.mozilla.firefox/files/Download/
03-24 15:24:24.451  2999  3238 D VoldCmdListener: CommandListener::runCommand() cmd:mkdirs
03-24 15:24:24.451  3670  4000 D VoldConnector: RCV <- {200 39 Command succeeded}
03-24 15:24:24.491 10794 10794 D ClipboardExManager: no knox
03-24 15:24:24.501  3037  3741 D EnterpriseController: netId is 0
03-24 15:24:24.501  3037  3741 D Netd    : getNetworkForDns: using netid 510 for uid 10117
03-24 15:24:24.521 10794 10794 D TextView: setTypeface with style : 0
03-24 15:24:24.531 10794 10794 D AbsListView: Get MotionRecognitionManager
03-24 15:24:24.531 10794 10794 E MotionRecognitionManager: mSContextService = android.hardware.scontext.ISContextService$Stub$Proxy@3142f97
03-24 15:24:24.531 10794 10794 E MotionRecognitionManager: motionService = com.samsung.android.motion.IMotionRecognitionService$Stub$Proxy@be27584
03-24 15:24:24.531 10794 10794 E MotionRecognitionManager: motionService = com.samsung.android.motion.IMotionRecognitionService$Stub$Proxy@be27584
03-24 15:24:24.531  3670  4550 D MotionRecognitionService:  ssp status : true
03-24 15:24:24.581 10794 10812 E GeckoApp: An error occurred during restore, switching to backup file
03-24 15:24:24.581 10794 10812 E GeckoApp: org.mozilla.gecko.GeckoApp$SessionRestoreException: Could not read from session file
03-24 15:24:24.581 10794 10812 E GeckoApp: 	at org.mozilla.gecko.GeckoApp.restoreSessionTabs(GeckoApp.java:1673)
03-24 15:24:24.581 10794 10812 E GeckoApp: 	at org.mozilla.gecko.GeckoApp.access$200(GeckoApp.java:116)
03-24 15:24:24.581 10794 10812 E GeckoApp: 	at org.mozilla.gecko.GeckoApp$9.run(GeckoApp.java:1198)
03-24 15:24:24.581 10794 10812 E GeckoApp: 	at android.os.Handler.handleCallback(Handler.java:739)
03-24 15:24:24.581 10794 10812 E GeckoApp: 	at android.os.Handler.dispatchMessage(Handler.java:95)
03-24 15:24:24.581 10794 10812 E GeckoApp: 	at android.os.Looper.loop(Looper.java:158)
03-24 15:24:24.581 10794 10812 E GeckoApp: 	at org.mozilla.gecko.util.GeckoBackgroundThread.run(GeckoBackgroundThread.java:43)
03-24 15:24:24.581 10794 10833 W ActivityThread: ClassLoader.loadClass: The class loader returned by Thread.getContextClassLoader() may fail for processes that host multiple applications. You should explicitly specify a context class loader. For example: Thread.setContextClassLoader(getClass().getClassLoader());
03-24 15:24:24.581 10794 10812 E GeckoApp: An error occurred during restore
03-24 15:24:24.581 10794 10812 E GeckoApp: org.mozilla.gecko.GeckoApp$SessionRestoreException: Could not read from session file
03-24 15:24:24.581 10794 10812 E GeckoApp: 	at org.mozilla.gecko.GeckoApp.restoreSessionTabs(GeckoApp.java:1673)
03-24 15:24:24.581 10794 10812 E GeckoApp: 	at org.mozilla.gecko.GeckoApp.access$200(GeckoApp.java:116)
03-24 15:24:24.581 10794 10812 E GeckoApp: 	at org.mozilla.gecko.GeckoApp$9.run(GeckoApp.java:1216)
03-24 15:24:24.581 10794 10812 E GeckoApp: 	at android.os.Handler.handleCallback(Handler.java:739)
03-24 15:24:24.581 10794 10812 E GeckoApp: 	at android.os.Handler.dispatchMessage(Handler.java:95)
03-24 15:24:24.581 10794 10812 E GeckoApp: 	at android.os.Looper.loop(Looper.java:158)
03-24 15:24:24.581 10794 10812 E GeckoApp: 	at org.mozilla.gecko.util.GeckoBackgroundThread.run(GeckoBackgroundThread.java:43)
03-24 15:24:24.581 10794 10812 D GeckoSessInfo: Building SessionInformation from prefs: 0, 0, true, false
03-24 15:24:24.581 10794 10812 D GeckoApp: OS locale is en_GB, app locale is null
03-24 15:24:24.591 10794 10827 I Gecko:DumpUtils: Fifo watcher disabled via pref.
03-24 15:24:24.601 10794 10833 I System.out: (HTTPLog)-Static: isSBSettingEnabled false
03-24 15:24:24.601 10794 10833 I System.out: (HTTPLog)-Static: isSBSettingEnabled false
03-24 15:24:24.601  3037  3741 D EnterpriseController: netId is 0
03-24 15:24:24.601  3037  3741 D Netd    : getNetworkForDns: using netid 510 for uid 10117
03-24 15:24:24.611 10794 10812 D GeckoDistribution: Custom distribution directory not found.
03-24 15:24:24.611 10794 10794 E NFC     : isAndroidBeamAllowed - Begin
03-24 15:24:24.611 10794 10794 I NFC     : showMsg is false
03-24 15:24:24.621  3670  4946 D SecContentProvider: query(), uri = 15 selection = isAndroidBeamAllowed
03-24 15:24:24.621 10794 10794 D GeckoSysInfo: System memory: 2698MB.
03-24 15:24:24.631 10794 10794 F Adjust  : PRODUCTION: Adjust is running in Production mode. Use this setting only for the build that you want to publish. Set the environment to `sandbox` if you want to test your app!
03-24 15:24:24.631 10794 10812 D GeckoApplication: Running post-distribution task: bookmarks.
03-24 15:24:24.641 10794 10794 D Activity: performCreate Call Injection manager
03-24 15:24:24.641 10794 10794 D GeckoNetworkManager: Incoming event start for state OffNoListeners -> OnNoListeners
03-24 15:24:24.641 10794 10794 D GeckoNetworkManager: New network state: UP, WIFI, WIFI
03-24 15:24:24.651 10794 10794 I InjectionManager: dispatchOnViewCreated > Target : org.mozilla.gecko.BrowserApp isFragment :false
03-24 15:24:24.651 10794 10844 E ActivityThread: Failed to find provider info for com.facebook.katana.provider.AttributionIdProvider
03-24 15:24:24.651 10794 10844 W ResourcesManager: getTopLevelResources: /data/app/com.google.android.gms-1/base.apk / 1.0 running in org.mozilla.firefox rsrc of package com.google.android.gms
03-24 15:24:24.661 10794 10794 D SecWifiDisplayUtil: Metadata value : SecSettings2
03-24 15:24:24.671 10794 10794 D ViewRootImpl: #1 mView = com.android.internal.policy.MultiPhoneWindow$MultiPhoneDecorView{ae640bd I.E...... R.....ID 0,0-0,0}
03-24 15:24:24.671 10794 10846 D OpenGLRenderer: Use EGL_SWAP_BEHAVIOR_PRESERVED: true
03-24 15:24:24.671  3670  3698 D ISSUE_DEBUG: InputChannelName : d4a09ef org.mozilla.firefox/org.mozilla.gecko.BrowserApp
03-24 15:24:24.671 10794 10844 D ResourcesManager: For user 0 new overlays fetched Null
03-24 15:24:24.681 10794 10848 D GeckoDLCCatalog: Loading from disk
03-24 15:24:24.681 10794 10848 D GeckoDLCCatalog: Catalog file does not exist: Starting with empty catalog.
03-24 15:24:24.681 10794 10848 D GeckoDLCCatalog: Loaded 0 elements
03-24 15:24:24.681 10794 10848 D DLCStudyAction: Studying catalog..
03-24 15:24:24.681 10794 10794 D StumblerSafeReceiver: Registered local preference listener
03-24 15:24:24.681 10794 10848 V DLCStudyAction: Done
03-24 15:24:24.681 10794 10848 V GeckoDLCCatalog: Not persisting: Catalog has not changed
03-24 15:24:24.681 10794 10812 E SQLiteLog: (1) no such table: bookmarks
03-24 15:24:24.691 10794 10794 D TelemetryUtils: StartUISession: firstrun.1
03-24 15:24:24.691  3670  4550 I PersonaManager: mKnoxInfo is empty
03-24 15:24:24.691 10794 10794 D MultiPhoneWindow: performUpdateVisibility, same visibility false
03-24 15:24:24.691 10794 10812 D GeckoLocalBrowserDB: No raw favicon resource found for bookmarkdefaults_title_aboutfirefox
03-24 15:24:24.691 10794 10812 E GeckoLocalBrowserDB: Failed to find favicon resource ID for bookmarkdefaults_title_aboutfirefox
03-24 15:24:24.691 10794 10812 D GeckoLocalBrowserDB: No raw favicon resource found for bookmarkdefaults_title_aboutfirefox
03-24 15:24:24.691 10794 10812 E GeckoLocalBrowserDB: Failed to find favicon resource ID for bookmarkdefaults_title_aboutfirefox
03-24 15:24:24.721 10794 10812 D GeckoApplication: Running post-distribution task: android preferences.
03-24 15:24:24.721  3670  3697 I PersonaManager: mKnoxInfo is empty
03-24 15:24:24.721  3025  3025 I SurfaceFlinger: id=735 createSurf (1x1),1 flag=4, CrowserApp
03-24 15:24:24.731  3670  3798 D StatusBarManagerService: manageDisableList userId=0 what=0x0 pkg=Window{d4a09ef u0 d0 org.mozilla.firefox/org.mozilla.gecko.BrowserApp}
03-24 15:24:24.731  4103  4103 D PhoneStatusBar: setSystemUiVisibility vis=a600 mask=ffffffff oldVal=8600 newVal=a600 diff=2000
03-24 15:24:24.731 10794 10827 D GeckoThread: State changed to JNI_READY
03-24 15:24:24.741  3670  3698 D InputDispatcher: Focus entered window: 10794
03-24 15:24:24.741  3670  3884 D PointerIcon: setMouseIconStyle1 pointerType: 1001 iconType:101 flag:0 pid:3670 uid:1000
03-24 15:24:24.741  3670  3884 D PointerIcon: setMouseCustomIcon IconType is same.101
03-24 15:24:24.821 10794 10846 D libEGL  : loaded /vendor/lib/egl/libGLES_mali.so
03-24 15:24:24.851 10794 10846 D libEGL  : eglInitialize EGLDisplay = 0xd596a7c4
03-24 15:24:24.851 10794 10846 I OpenGLRenderer: Initialized EGL, version 1.4
03-24 15:24:24.851 10794 10846 D         : ro.exynos.dss isEnabled: 0
03-24 15:24:24.861 10794 10846 D mali_winsys: new_window_surface returns 0x3000,  [1440x2560]-format:1
03-24 15:24:24.871 10794 10794 D GeckoToolbar: onTabChanged: SELECTED
03-24 15:24:24.871 10794 10794 D GeckoBrowserApp: BrowserApp.onTabChanged: 0: SELECTED
03-24 15:24:24.921 10794 10812 I System.out: (HTTPLog)-Static: isSBSettingEnabled false
03-24 15:24:24.921 10794 10812 I System.out: (HTTPLog)-Static: isSBSettingEnabled false
03-24 15:24:24.921  3037  3741 D EnterpriseController: netId is 0
03-24 15:24:24.921  3037  3741 D Netd    : getNetworkForDns: using netid 510 for uid 10117
03-24 15:24:24.931 10794 10794 D GeckoToolbar: onTabChanged: RESTORED
03-24 15:24:24.941  3025  3025 I SurfaceFlinger: id=736 createSurf (1440x2464),4 flag=404, TurfaceView
03-24 15:24:24.941 10794 10870 W System.err: remove failed: ENOENT (No such file or directory) : /data/user/0/org.mozilla.firefox/cache/icons/journal.bkp
03-24 15:24:24.941 10794 10870 W System.err: remove failed: ENOENT (No such file or directory) : /data/user/0/org.mozilla.firefox/files/mozilla/89q67ky3.default/suggestedsites.json
03-24 15:24:24.941 10794 10870 D GeckoSuggestedSites: No cached sites, refreshing.
03-24 15:24:24.941 10794 10870 D GeckoSuggestedSites: Refreshing suggested sites from file
03-24 15:24:24.941  3670  4421 V WindowStateAnimator: Finishing drawing window Window{af7e u0 d0 SurfaceView}: mDrawState=DRAW_PENDING
03-24 15:24:24.941 10794 10794 D GeckoBrowserApp: onLocaleReady: en_GB
03-24 15:24:24.941 10794 10794 D GeckoNetworkManager: Incoming event receivedUpdate for state OnNoListeners -> OnNoListeners
03-24 15:24:24.951 10794 10794 D GeckoNetworkManager: New network state: UP, WIFI, WIFI
03-24 15:24:24.951 10794 10870 D GeckoSuggestedSites: Loading blacklisted suggested sites from SharedPreferences.
03-24 15:24:24.951 10794 10870 D GeckoSuggestedSites: Number of suggested sites: 8
03-24 15:24:24.971  3670  4407 V WindowStateAnimator: Finishing drawing window Window{af7e u0 d0 SurfaceView}: mDrawState=READY_TO_SHOW
03-24 15:24:24.981 10794 10846 D libGLESv1: DTS_GLAPI : DTS is not allowed for Package : org.mozilla.firefox
03-24 15:24:25.021  3025  3025 D libEGL  : eglInitialize EGLDisplay = 0x7ff3f31d28
03-24 15:24:25.031  3670  4421 V WindowStateAnimator: Finishing drawing window Window{d4a09ef u0 d0 org.mozilla.firefox/org.mozilla.gecko.BrowserApp}: mDrawState=DRAW_PENDING
03-24 15:24:25.041 10794 10877 W System.err: remove failed: ENOENT (No such file or directory) : /data/user/0/org.mozilla.firefox/files/mozilla/89q67ky3.default/health.db
03-24 15:24:25.041 10794 10877 W System.err: remove failed: ENOENT (No such file or directory) : /data/user/0/org.mozilla.firefox/files/mozilla/89q67ky3.default/health.db-journal
03-24 15:24:25.041 10794 10877 W System.err: remove failed: ENOENT (No such file or directory) : /data/user/0/org.mozilla.firefox/files/mozilla/89q67ky3.default/health.db-shm
03-24 15:24:25.041  3670  3884 I ActivityManager: Displayed org.mozilla.firefox/org.mozilla.gecko.BrowserApp: +840ms (total +1s217ms)
03-24 15:24:25.041 10794 10877 W System.err: remove failed: ENOENT (No such file or directory) : /data/user/0/org.mozilla.firefox/files/mozilla/89q67ky3.default/health.db-wal
03-24 15:24:25.041  3670  3884 D CustomFrequencyManagerService: releaseDVFSLockLocked : Getting Lock type frm List : DVFS_MIN_LIMIT  frequency : 1800000  uid : 1000  pid : 3670  tag : ACTIVITY_RESUME_BOOSTER@3
03-24 15:24:25.041  3670  3796 D CustomFrequencyManagerService: acquireDVFSLockLocked : type : DVFS_MIN_LIMIT  frequency : 1800000  uid : 1000  pid : 3670  pkgName : ACTIVITY_RESUME_BOOSTER@9
03-24 15:24:25.041  3670  3884 D ActivityManager: mDVFSHelper.release()
03-24 15:24:25.041  3670  3884 I Timeline: Timeline: Activity_windows_visible id: ActivityRecord{17f8e9 u0 org.mozilla.firefox/org.mozilla.gecko.BrowserApp t178} time:72275978
03-24 15:24:25.041 10794 10794 D ViewRootImpl: MSG_RESIZED_REPORT: ci=Rect(0, 96 - 0, 0) vi=Rect(0, 96 - 0, 0) or=1
03-24 15:24:25.051  3670  4409 I PersonaManager: mKnoxInfo is empty
03-24 15:24:25.051  3670  3884 D ViewRootImpl: #3 mView = null
03-24 15:24:25.051  3670  4952 D InputMethodManagerService: windowGainedFocus mCurrentFocusedUserId - 0 and mSecureKeypadEnabled-false
03-24 15:24:25.061  3670  4952 W InputMethodManagerService: Got RemoteException sending setActive(false) notification to pid 10041 uid 10098
03-24 15:24:25.071  3670  4552 I PersonaManager: mKnoxInfo is empty
03-24 15:24:25.071  7402  7402 D SamsungIME: IMPL finishInput
03-24 15:24:25.081  7402  7402 D SamsungIME: SwiftKeyWrapper writeDBdataToFileOnFinishInput
03-24 15:24:25.081  7402  7402 D SamsungIME: saveAndClear +
03-24 15:24:25.091  7402  7402 D SamsungIME: saveAndClear -
03-24 15:24:25.091 10794 10794 D TelemetryUtils: StartUISession: activitystream.1:newtab
03-24 15:24:25.101  7402  7402 D SamsungIME: onStartInput: No inputType, No imeOption, isInputViewShown = false, isExtractViewShown = false, isShowInputRequested = false, isConfigChanged = false
03-24 15:24:25.151 10794 10794 D AbsListView: Get MotionRecognitionManager
03-24 15:24:25.161 10794 10794 D TextView: setTypeface with style : 0
03-24 15:24:25.161 10794 10794 D TextView: setTypeface with style : 0
03-24 15:24:25.161 10794 10794 D TextView: setTypeface with style : 0
03-24 15:24:25.171 10794 10794 D TextView: setTypeface with style : 0
03-24 15:24:25.171 10794 10794 D TelemetryUtils: StartUISession: homepanel.1:activity_stream
03-24 15:24:25.181 10794 10794 D GeckoToolbar: onTabChanged: FAVICON
03-24 15:24:25.181 10794 10794 D GeckoBrowserApp: BrowserApp.onTabChanged: 0: FAVICON
03-24 15:24:25.201  6803  6803 D Recents : onTaskStackChanged
03-24 15:24:25.211  3670  4946 I PersonaManager: mKnoxInfo is empty
03-24 15:24:25.221  3670  4421 I PersonaManager: mKnoxInfo is empty
03-24 15:24:25.221  3670  4952 I PersonaManager: mKnoxInfo is empty
03-24 15:24:25.221  3670  4016 I PersonaManager: mKnoxInfo is empty
03-24 15:24:25.231  3025  4439 I SurfaceFlinger: id=734 Removed girefox (7/10)
03-24 15:24:25.231  3025  3732 I SurfaceFlinger: id=734 Removed girefox (-2/10)
03-24 15:24:25.231  6803  6803 W ResourcesManager: getTopLevelResources: /data/app/org.mozilla.firefox-1/base.apk / 1.0 running in com.android.systemui rsrc of package org.mozilla.firefox
03-24 15:24:25.231  3670  4409 V WindowStateAnimator: Finishing drawing window Window{d4a09ef u0 d0 org.mozilla.firefox/org.mozilla.gecko.BrowserApp}: mDrawState=HAS_DRAWN
03-24 15:24:25.231 10794 10794 D GeckoNetworkManager: Incoming event enableNotifications for state OnNoListeners -> OnWithListeners
03-24 15:24:25.231 10794 10794 D GeckoNetworkManager: New network state: UP, WIFI, WIFI
03-24 15:24:25.231  6803  6803 D ResourcesManager: For user 0 new overlays fetched Null
03-24 15:24:25.241  3670  4143 I PersonaManager: mKnoxInfo is empty
03-24 15:24:25.241 10794 10794 W InputMethodManager: Ignoring onBind: cur seq=481, given seq=480
03-24 15:24:25.241  7402  7402 D SamsungIME: IMPL finishInput
03-24 15:24:25.241  7402  7402 D SamsungIME: SwiftKeyWrapper writeDBdataToFileOnFinishInput
03-24 15:24:25.241  7402  7402 D SamsungIME: saveAndClear +
03-24 15:24:25.241  7402  7402 D SamsungIME: saveAndClear -
03-24 15:24:25.241  3025  3025 D libEGL  : eglTerminate EGLDisplay = 0x7ff3f31e58
03-24 15:24:25.241  3025  3025 D libEGL  : eglInitialize EGLDisplay = 0x7ff3f31d28
03-24 15:24:25.241  7402  7402 D SamsungIME: onStartInput: No inputType, No imeOption, isInputViewShown = false, isExtractViewShown = false, isShowInputRequested = false, isConfigChanged = false
03-24 15:24:25.241 10794 10895 I System.out: (HTTPLog)-Static: isSBSettingEnabled false
03-24 15:24:25.241 10794 10895 I System.out: (HTTPLog)-Static: isSBSettingEnabled false
03-24 15:24:25.241  3037  3741 D EnterpriseController: netId is 0
03-24 15:24:25.241  3037  3741 D Netd    : getNetworkForDns: using netid 510 for uid 10117
03-24 15:24:25.251 10794 10794 D GeckoNetworkManager: Incoming event receivedUpdate for state OnWithListeners -> OnWithListeners
03-24 15:24:25.251 10794 10892 D GeckoSuggestedSites: Number of suggested sites: 8
03-24 15:24:25.251  3670  4016 I PersonaManager: mKnoxInfo is empty
03-24 15:24:25.251 10794 10794 D GeckoNetworkManager: New network state: UP, WIFI, WIFI
03-24 15:24:25.251 10794 10794 I Timeline: Timeline: Activity_idle id: android.os.BinderProxy@84d7be9 time:72276182
03-24 15:24:25.251  3670  4409 D PackageManager: getComponentMetadataForIconTray : com.example.myapplication.MainActivity does not exist in mServices
03-24 15:24:25.251  3670  4409 D PackageManager: getComponentMetadataForIconTray : com.example.myapplication.MainActivity does not exist in mProviders
03-24 15:24:25.251  3670  4409 D PackageManager: getComponentMetadataForIconTray : com.example.myapplication.MainActivity does not exist in mReceivers
03-24 15:24:25.251  6803  6803 I ApplicationPackageManager: load=com.example.myapplication, bg=192-192, dr=192-192
03-24 15:24:25.261  3670  4019 D NetworkPolicy: isUidForegroundLocked: 10185, mScreenOn: true, uidstate: 13, mProxSensorScreenOff: false
03-24 15:24:25.261  6803  6803 I ApplicationPackageManager: scaled rate=1.0429629, size=192, alpha=15, hold=26, target=192
03-24 15:24:25.271  3025  3025 D libEGL  : eglInitialize EGLDisplay = 0x7ff3f31d28
03-24 15:24:25.281  3670  4407 I PersonaManager: mKnoxInfo is empty
03-24 15:24:25.301 10794 10870 W Settings: Setting airplane_mode_on has moved from android.provider.Settings.System to android.provider.Settings.Global, returning read-only value.
03-24 15:24:25.301  7402  7402 D SamsungIME: IMPL finishInput
03-24 15:24:25.301  7402  7402 D SamsungIME: SwiftKeyWrapper writeDBdataToFileOnFinishInput
03-24 15:24:25.301  7402  7402 D SamsungIME: saveAndClear +
03-24 15:24:25.301  7402  7402 D SamsungIME: saveAndClear -
03-24 15:24:25.301  7402  7402 D SamsungIME: onStartInput: No inputType, No imeOption, isInputViewShown = false, isExtractViewShown = false, isShowInputRequested = false, isConfigChanged = false
03-24 15:24:25.311 10794 10870 W ResourcesManager: getTopLevelResources: /data/app/org.mozilla.firefox-1/base.apk / 1.0 running in org.mozilla.firefox rsrc of package org.mozilla.firefox
03-24 15:24:25.311  3670  4407 I PersonaManager: mKnoxInfo is empty
03-24 15:24:25.321 10794 10870 W ResourcesManager: getTopLevelResources: /data/app/org.mozilla.firefox-1/base.apk / 1.0 running in org.mozilla.firefox rsrc of package org.mozilla.firefox
03-24 15:24:25.341  3670  3670 D CustomFrequencyManagerService: releaseDVFSLockLocked : Getting Lock type frm List : DVFS_MIN_LIMIT  frequency : 1800000  uid : 1000  pid : 3670  tag : ACTIVITY_RESUME_BOOSTER@9
03-24 15:24:25.351  3037  3741 D EnterpriseController: netId is 0
03-24 15:24:25.351  3037  3741 D Netd    : getNetworkForDns: using netid 510 for uid 10117
03-24 15:24:25.361 10794 10870 W ResourcesManager: getTopLevelResources: /data/app/org.mozilla.firefox-1/base.apk / 1.0 running in org.mozilla.firefox rsrc of package org.mozilla.firefox
03-24 15:24:25.371 10794 10870 W ResourcesManager: getTopLevelResources: /data/app/org.mozilla.firefox-1/base.apk / 1.0 running in org.mozilla.firefox rsrc of package org.mozilla.firefox
03-24 15:24:25.381 10794 10870 W ResourcesManager: getTopLevelResources: /data/app/org.mozilla.firefox-1/base.apk / 1.0 running in org.mozilla.firefox rsrc of package org.mozilla.firefox
03-24 15:24:25.511 10794 10827 D GeckoThread: State changed to PROFILE_READY
03-24 15:24:25.531 10794 10827 W GeckoEventDispatcher: No listener for AndroidCastDevice:SyncDevice
03-24 15:24:25.541 10794 10827 I Gecko   : -*- nsDNSServiceDiscovery.js : nsDNSServiceDiscovery
03-24 15:24:25.561 10794 10827 I Gecko   : Attempting load of libEGL.so
03-24 15:24:25.561 10794 10827 D libEGL  : eglInitialize EGLDisplay = 0xde8fd5f4
03-24 15:24:25.571 10794 10827 D         : ro.exynos.dss isEnabled: 0
03-24 15:24:25.651 10794 10812 E GeckoSearchEngineManager: Could not find search plugin files in profile directory
03-24 15:24:25.651 10794 10812 E GeckoSearchEngineManager: Could not create search engine from name: Google
03-24 15:24:25.651 10794 10812 D GeckoSessInfo: Recording start of session: 1553423064658
03-24 15:24:25.661 10794 10794 D GeckoToolbar: onTabChanged: MENU_UPDATED
03-24 15:24:25.661 10794 10794 D GeckoBrowserApp: BrowserApp.onTabChanged: 0: MENU_UPDATED
03-24 15:24:25.671  3670  4143 I PersonaManager: mKnoxInfo is empty
03-24 15:24:25.691  3670  4143 D PackageManager: findPreferredActivity: We found 1 PreferredActivities set, but no match
03-24 15:24:25.691  3670  4143 I PackageManager: No preferred activity: intent should not be shown
03-24 15:24:25.721  3670  4952 I PersonaManager: mKnoxInfo is empty
03-24 15:24:25.731 10794 10934 D GeckoTelemetryUploadSer: Service started
03-24 15:24:25.801  3037  3741 D EnterpriseController: netId is 0
03-24 15:24:25.801  3037  3741 D Netd    : getNetworkForDns: using netid 510 for uid 10117
03-24 15:24:25.931 10794 10822 W System.err: remove failed: ENOENT (No such file or directory) : /data/user/0/org.mozilla.firefox/shared_prefs/PocketStories.xml.bak
03-24 15:24:25.941 10794 10827 W ResourceType: Too many attribute references, stopped at: 0x01010099
03-24 15:24:25.961 10794 10794 W Settings: Setting airplane_mode_on has moved from android.provider.Settings.System to android.provider.Settings.Global, returning read-only value.
03-24 15:24:25.991 10794 10827 D SecWifiDisplayUtil: Metadata value : SecSettings2
03-24 15:24:26.011 10794 10943 I System.out: (HTTPLog)-Static: isSBSettingEnabled false
03-24 15:24:26.011 10794 10942 I System.out: (HTTPLog)-Static: isSBSettingEnabled false
03-24 15:24:26.011 10794 10944 I System.out: (HTTPLog)-Static: isSBSettingEnabled false
03-24 15:24:26.011 10794 10943 I System.out: (HTTPLog)-Static: isSBSettingEnabled false
03-24 15:24:26.011 10794 10942 I System.out: (HTTPLog)-Static: isSBSettingEnabled false
03-24 15:24:26.011 10794 10944 I System.out: (HTTPLog)-Static: isSBSettingEnabled false
03-24 15:24:26.011 10794 10943 W System.err: remove failed: ENOENT (No such file or directory) : /data/user/0/org.mozilla.firefox/cache/picasso-cache/journal
03-24 15:24:26.011 10794 10943 W System.err: remove failed: ENOENT (No such file or directory) : /data/user/0/org.mozilla.firefox/cache/picasso-cache/journal.bkp
03-24 15:24:26.021  3037  3741 D EnterpriseController: netId is 0
03-24 15:24:26.021  3037  3741 D Netd    : getNetworkForDns: using netid 510 for uid 10117
03-24 15:24:26.031 10794 10930 D         : ro.exynos.dss isEnabled: 0
03-24 15:24:26.051 10794 10930 D libGLESv2: DTS_GLAPI : DTS is not allowed for Package : org.mozilla.firefox
03-24 15:24:26.091 10794 10930 D mali_winsys: new_window_surface returns 0x3000,  [1440x2464]-format:2
03-24 15:24:26.361 10794 10827 D GeckoThread: State changed to RUNNING
03-24 15:24:26.361 10794 10827 I GeckoSession: zerdatime 173294739 - chrome startup finished
03-24 15:24:26.411 10794 10827 W GeckoLinker: /data/app/org.mozilla.firefox-1/lib/arm/libsoftokn3.so: Relocation to NULL @0x00023610 for symbol "__cxa_type_match"
03-24 15:24:26.411 10794 10827 W GeckoLinker: /data/app/org.mozilla.firefox-1/lib/arm/libfreebl3.so: Relocation to NULL @0x00040210 for symbol "__cxa_type_match"
03-24 15:24:26.481 10794 10959 W GeckoLinker: /data/app/org.mozilla.firefox-1/lib/arm/libnssckbi.so: Relocation to NULL @0x00056b00 for symbol "__cxa_type_match"
03-24 15:24:26.501 10794 10827 I Gecko   : console.log: "browser.js: loading Firefox Accounts WebChannel"
03-24 15:24:26.511 10794 10827 D GeckoFxAccounts: FxAccountsWebChannel registered: account_updates with origin https://accounts.firefox.com
03-24 15:24:26.521 10794 10812 I GeckoPushState: No storage found; starting fresh.
03-24 15:24:26.521 10794 10812 D GeckoPushService: Registered Gecko event listener.
03-24 15:24:26.521 10794 10812 I GeckoPushService: Starting up.
03-24 15:24:26.521 10794 10812 I GeckoPushManager: Startup: requesting GCM token.
03-24 15:24:26.541 10794 10794 D GeckoMediaControlAgent: initialize
03-24 15:24:26.541 10794 10812 I GeckoPushGCM: Cached GCM token does not exist; requesting new token with sender ID: 965234145045,242693410970
03-24 15:24:26.541 10794 10812 W InstanceID: Instance ID SDK is deprecated, org.mozilla.firefox should update to use Firebase Instance ID
03-24 15:24:26.561  3670  4946 D ApplicationPolicy: isStatusBarNotificationAllowedAsUser: packageName = org.mozilla.firefox,userId = 0
03-24 15:24:26.561  3670  4946 I PersonaManager: mKnoxInfo is empty
03-24 15:24:26.561  4103  4199 D vol.MediaSessions: onActiveSessionsUpdatedH n=0
03-24 15:24:26.561  4103  4199 D vol.MediaSessions: updateRemoteControllerH null
03-24 15:24:26.561  4103  4199 D vol.MediaSessions: onActiveSessionsUpdatedH n=0
03-24 15:24:26.581  4103 14737 W ResourcesManager: getTopLevelResources: /data/app/org.mozilla.firefox-1/base.apk / 1.0 running in com.android.systemui rsrc of package org.mozilla.firefox
03-24 15:24:26.581  3670  4452 D AudioService: getStreamVolume 3 index 60
03-24 15:24:26.591  4103  4199 D vol.MediaSessions: updateRemoteControllerH null
03-24 15:24:26.591  4103 14737 D ResourcesManager: For user 0 new overlays fetched Null
03-24 15:24:26.591  4103  4199 D vol.MediaSessions: onActiveSessionsUpdatedH n=1
03-24 15:24:26.591  3670  3698 D AudioService: getStreamVolume 3 index 60
03-24 15:24:26.591 10794 10794 W GeckoEventDispatcher: No listener for AudioFocusAgent:Ready
03-24 15:24:26.601  4103  4199 W ResourcesManager: getTopLevelResources: /data/app/org.mozilla.firefox-1/base.apk / 1.0 running in com.android.systemui rsrc of package org.mozilla.firefox
03-24 15:24:26.601  4103  4199 D vol.MediaSessions: onActiveSessionsUpdatedH n=1
03-24 15:24:26.601  3670  3931 D AudioService: getStreamVolume 3 index 60
03-24 15:24:26.621 10794 10827 I Gecko   : console.log: "Locale:OS: en-GB"
03-24 15:24:26.621 10794 10827 I Gecko   : console.log: "New OS locale."
03-24 15:24:26.621 10794 10827 I Gecko   : console.log: "Default intl.accept_languages = en-GB, en"
03-24 15:24:26.621 10794 10827 I Gecko   : console.log: "Setting intl.accept_languages to en-gb,en"
03-24 15:24:26.631  4103  4103 W ResourcesManager: getTopLevelResources: /data/app/org.mozilla.firefox-1/base.apk / 1.0 running in com.android.systemui rsrc of package org.mozilla.firefox
03-24 15:24:26.641  3025  3025 D libEGL  : eglInitialize EGLDisplay = 0x7ff3f31d28
03-24 15:24:26.671  4103  4103 I InjectionManager: Inside getClassLibPath caller 
03-24 15:24:26.711  4103  4103 W ResourcesManager: getTopLevelResources: /data/app/org.mozilla.firefox-1/base.apk / 1.0 running in com.android.systemui rsrc of package org.mozilla.firefox
03-24 15:24:26.731 10794 10794 I GeckoTabs: zerdatime 173295104 - page load start
03-24 15:24:26.731 10794 10794 D GeckoToolbar: onTabChanged: START
03-24 15:24:26.731 10794 10827 D GeckoScreenOrientation: unlocking
03-24 15:24:26.731 10794 10794 D GeckoBrowserApp: BrowserApp.onTabChanged: 0: START
03-24 15:24:26.741 10794 10827 D GeckoViewAutoFill: Clearing auto-fill
03-24 15:24:26.751  4103  4103 W ResourcesManager: getTopLevelResources: /data/app/org.mozilla.firefox-1/base.apk / 1.0 running in com.android.systemui rsrc of package org.mozilla.firefox
03-24 15:24:26.761  4103  4103 D KnoxNotification: ----- inflateViews : modified publicViewLocal -----
03-24 15:24:26.771 10794 10942 W System.err: remove failed: ENOENT (No such file or directory) : /data/user/0/org.mozilla.firefox/cache/picasso-cache/9fa063f5f02a9fc187218fc30f055cfe.0
03-24 15:24:26.771 10794 10942 W System.err: remove failed: ENOENT (No such file or directory) : /data/user/0/org.mozilla.firefox/cache/picasso-cache/9fa063f5f02a9fc187218fc30f055cfe.1
03-24 15:24:26.771  4103  4103 D KnoxNotification: ----- inflateViews : modified KnoxViewLocal -----
03-24 15:24:26.771  4103  4103 W ResourcesManager: getTopLevelResources: /data/app/org.mozilla.firefox-1/base.apk / 1.0 running in com.android.systemui rsrc of package org.mozilla.firefox
03-24 15:24:26.781  4103  4103 D PhoneStatusBar: setAreThereNotifications: N=3 any=true clearable=true
03-24 15:24:26.781 10794 10944 W System.err: remove failed: ENOENT (No such file or directory) : /data/user/0/org.mozilla.firefox/cache/picasso-cache/354d402f3702c4a7df420eb12ebb52af.0
03-24 15:24:26.781 10794 10944 W System.err: remove failed: ENOENT (No such file or directory) : /data/user/0/org.mozilla.firefox/cache/picasso-cache/354d402f3702c4a7df420eb12ebb52af.1
03-24 15:24:26.791  3037  3741 D EnterpriseController: netId is 0
03-24 15:24:26.791  3037  3741 D Netd    : getNetworkForDns: using netid 510 for uid 10117
03-24 15:24:26.791 10794 10827 D GeckoViewAutoFill: Clearing auto-fill
03-24 15:24:26.801 10794 10794 D GeckoToolbar: onTabChanged: LOCATION_CHANGE
03-24 15:24:26.801 10794 10794 D GeckoBrowserApp: BrowserApp.onTabChanged: 0: LOCATION_CHANGE
03-24 15:24:26.831 10794 10794 D GeckoToolbar: onTabChanged: SECURITY_CHANGE
03-24 15:24:26.831 10794 10794 D GeckoBrowserApp: BrowserApp.onTabChanged: 0: SECURITY_CHANGE
03-24 15:24:26.861 10794 10833 D SwitchBoard: Result: {"data":[{"name":"leanplum-start","match":{"lang":"eng|zho|deu|fra|ita|ind|por|spa|pol|rus","appId":"^org.mozilla.firefox_beta$|^org.mozilla.firefox$","regions":[]},"schema":1523549592861,"buckets":{"max":"100","min":"0"},"description":"Enable Leanplum SDK - Bug 1351571 \nExpand English Users to more region - Bug 1411066\nEnable  50% eng|zho|deu globally for Leanplum. see https://bugzilla.mozilla.org/show_bug.cgi?id=1411066#c8","id":"12f8f0dc-6401-402e-9e7d-3aec52576b87","last_modified":1523549895713},{"name":"custom-tabs","match":{"regions":[]},"schema":1510207707840,"buckets":{"max":"100","min":"0"},"description":"Allows apps to open tabs in a customized UI.","id":"5e23b482-8800-47be-b6dc-1a3bb6e455d4","last_modified":1510211043874},{"name":"activity-stream-opt-out","match":{"appId":"^org.mozilla.fennec.*$","regions":[]},"schema":1498764179980,"buckets":{"max":"100","min":"0"},"description":"Enable Activity stream by default for users in the \"opt out\" group.","id":"7d504093-67c4-4afb-adf5-5ad23c7c1995","last_modified":1500969355986},{"name":"full-bookmark-management","match":{"appId":"^org.mozilla.fennec.*$"},"schema":1480618438089,"buckets":{"max":"100","min":"0"},"description":"Bug 1232439 - Show full-page edit bookmark dialog","id":"9ae1019b-9107-47c5-83f3-afa73360b020","last_modified":1498690258010},{"name":"top-addons-menu","match":{},"schema":1480618438089,"buckets":{"max":"100","min":"0"},"description":"Show addon menu item in top-level.","id":"46894232-177a-4cd1-b620-47c0b8e5e2aa","last_modified":1498599522440},{"name":"offline-cache","match":{"appId":"^org.mozilla.fennec|org.mozilla.firefox_beta"},"schema":1480618438089,"buckets":{"max":"100","min":"0"},"id":"5e4277e0-1029-ea14-1b74-5d25d301c5dc","last_modified":1497643056372},{"name":"process-background-telemetry","match":{},"schema":1480618438089,"buckets":{"max":"100","min":"0"},"description":"Gate flag for controlling if background telemetry processing (sync ping) is enabled or not.","id":"e6f9d217-3f43-478f-bff3-7829d7b9eeeb","last_modified":1496971360625},{"name":"activity-stream-setting","match":{"appId":"^org.mozilla.fennec.*$"},"schema":1480618438089,"buckets":{"max":"100","min":"0"},"description":"Show a setting in \"experimental features\" for enabling/disabling activity stream.","id":"7a022463-67fd-4ba3-8b06-a79d0c5e1fdc",