03-24 14:38:14.001  3670  4407 D BatteryService: level:92, scale:100, status:2, health:2, present:true, voltage: 4264, temperature: 292, technology: Li-ion, AC powered:false, USB powered:true, POGO powered:false, Wireless powered:false, icon:17303414, invalid charger:0, maxChargingCurrent:0
03-24 14:38:14.001  3670  4407 D BatteryService: online:4, current avg:-218, charge type:1, power sharing:false, high voltage charger:false, capacity:280000, batterySWSelfDischarging:false, current_now:275
03-24 14:38:14.001  3670  3670 D BatteryService: Sending ACTION_BATTERY_CHANGED.
03-24 14:38:14.001  3670  3670 I MotionRecognitionService: Plugged
03-24 14:38:14.001  3670  3670 E MotionRecognitionService: support TA ~
03-24 14:38:14.001  3670  3670 I MotionRecognitionService: isTAConnected | current backoffstate  = 33792
03-24 14:38:14.001  3670  3670 D MotionRecognitionService:  TA connected ,  33792
03-24 14:38:14.001  3670  3670 I MotionRecognitionService: skip setTransmitPower. 
03-24 14:38:14.001  3670  3670 D MotionRecognitionService:   cableConnection= 1
03-24 14:38:14.001  3670  3670 D MotionRecognitionService: setPowerConnected | current backoffstate  = 33792 , state =33792
03-24 14:38:14.001  3670  3670 D MotionRecognitionService: skip setTransmitPower. 
03-24 14:38:14.011   440   834 I EMMXInstanceIDListener: Received token refresh request
03-24 14:38:14.011   440   834 I EMMXGcmController: fetchToken
03-24 14:38:14.011  4103  4103 D KeyguardUpdateMonitor: received broadcast android.intent.action.BATTERY_CHANGED
03-24 14:38:14.011  4103  4103 D KeyguardUpdateMonitor: handleBatteryUpdate
03-24 14:38:14.011   440   835 I System.out: (HTTPLog)-Static: isSBSettingEnabled false
03-24 14:38:14.011  4103  4103 D PowerUI : priorPlugType = 2 mPlugType =  2
03-24 14:38:14.011   440   835 I System.out: (HTTPLog)-Static: isSBSettingEnabled false
03-24 14:38:14.021  4103  4103 D PowerUI.Notification: showChargingNotice oldChargingType : 1 currentChargingType : 1 oldChargingTime : 1574000 mChargingTime : 1599000
03-24 14:38:14.021  4103  4103 D PowerUI.Notification: showChargingNotification()
03-24 14:38:14.031  3670  3698 D ApplicationPolicy: isStatusBarNotificationAllowedAsUser: packageName = com.android.systemui,userId = -1
03-24 14:38:14.031  3670  3698 I PersonaManager: mKnoxInfo is empty
03-24 14:38:14.031  4103  4103 D BatteryMeterView: ACTION_BATTERY_CHANGED : level:92 status:2 health:2
03-24 14:38:14.031  4103  4103 D BatteryMeterView: ACTION_BATTERY_CHANGED : level:92 status:2 health:2
03-24 14:38:14.041  3670  3670 D MARsPolicyManager: NotificationListenerService OngoingNotificationPosted : com.android.systemui
03-24 14:38:14.051  4103  4103 W ResourcesManager: getTopLevelResources: /system/priv-app/SystemUI/SystemUI.apk / 1.0 running in com.android.systemui rsrc of package com.android.systemui
03-24 14:38:14.061  3670  3796 V BroadcastQueue: [background] Process cur broadcast BroadcastRecord{24bc434 u0 com.google.android.gms.gcm.ACTION_SCHEDULE qIdx=4}, state= (APP_RECEIVE) DELIVERED for app ProcessRecord{49f3f4c 4932:com.google.android.gms.persistent/u0a15}
03-24 14:38:14.071  4103  4103 D PhoneStatusBar: setAreThereNotifications: N=2 any=true clearable=false
03-24 14:38:14.081  3670  4947 V AlarmManager:  remove PendingIntent] PendingIntent{442925d: PendingIntentRecord{e30a718 com.google.android.gms broadcastIntent}}
03-24 14:38:14.101  3670  3931 I PersonaManager: mKnoxInfo is empty
03-24 14:38:14.111  3670  4454 I PersonaManager: mKnoxInfo is empty
03-24 14:38:14.151 32749 32749 D ConnectivityManager: requestNetwork; getAppId(CallingUid) : 10088, CallingPid : 32749
03-24 14:38:14.151  3670  4552 D ConnectivityService: listenForNetwork for Listen from uid/pid:10088/32749 for NetworkRequest [ id=234, legacyType=-1, [ Capabilities: INTERNET&NOT_RESTRICTED&TRUSTED] ]
03-24 14:38:14.151  3670  4029 D ConnectivityService: rematching NetworkAgentInfo [WIFI () - 510]
03-24 14:38:14.151  4932  2582 I System.out: (HTTPLog)-Static: isSBSettingEnabled false
03-24 14:38:14.151  4932  2582 I System.out: (HTTPLog)-Static: isSBSettingEnabled false
03-24 14:38:14.151  3670  4029 D ConnectivityService:  network has: NetworkAgentInfo{ ni{[type: WIFI[] - WIFI, state: CONNECTED/CONNECTED, reason: (unspecified), extra: "DataStructures", roaming: false, failover: false, isAvailable: true]}  network{510}  lp{{InterfaceName: wlan0 LinkAddresses: [fe80::ee9b:f3ff:fe73:43e9/64,192.168.0.174/24,]  Routes: [fe80::/64 -> :: wlan0,192.168.0.0/24 -> 0.0.0.0 wlan0,0.0.0.0/0 -> 192.168.0.1 wlan0,] DnsAddresses: [192.168.0.1,] Domains:  MTU: 0 TcpBufferSizes: 524288,1048576,4525824,524288,1048576,4525824}}  nc{[ Transports: WIFI Capabilities: INTERNET&NOT_RESTRICTED&TRUSTED&NOT_VPN&VALIDATED LinkUpBandwidth>=1048576Kbps LinkDnBandwidth>=1048576Kbps SignalStrength: -33]}  Score{60}  everValidated{true}  lastValidated{true}  created{true} lingering{false} explicitlySelected{false} acceptUnvalidated{false} everCaptivePortalDetected{false} lastCaptivePortalDetected{false} }
03-24 14:38:14.151  3670  4029 D ConnectivityService:   checking if request is: NetworkRequest [ id=10, legacyType=-1, [ Capabilities: INTERNET&NOT_RESTRICTED&TRUSTED&NOT_VPN] ] satisfies: true nri.isRequest: false
03-24 14:38:14.151  4932  2582 I qtaguid : Tagging socket 92 with tag 3000040700000000{805307399,0} uid -1, pid: 4932, getuid(): 10015
03-24 14:38:14.151  3670  4029 D ConnectivityService:   checking if request is: NetworkRequest [ id=30, legacyType=-1, [ Capabilities: INTERNET&NOT_RESTRICTED&TRUSTED] ] satisfies: true nri.isRequest: false
03-24 14:38:14.151  3670  4029 D ConnectivityService:   checking if request is: NetworkRequest [ id=5, legacyType=-1, [ Transports: WIFI Capabilities: INTERNET&NOT_RESTRICTED&TRUSTED&NOT_VPN] ] satisfies: true nri.isRequest: false
03-24 14:38:14.151  3670  4029 D ConnectivityService: Network NetworkAgentInfo [WIFI () - 510] was already satisfying request 1. No change.
03-24 14:38:14.151  3670  4029 D ConnectivityService:   checking if request is: NetworkRequest [ id=3, legacyType=-1, [] ] satisfies: true nri.isRequest: false
03-24 14:38:14.151  3670  4029 D ConnectivityService:   checking if request is: NetworkRequest [ id=233, legacyType=-1, [ Capabilities: INTERNET&NOT_RESTRICTED&TRUSTED] ] satisfies: true nri.isRequest: false
03-24 14:38:14.151  3670  4029 D ConnectivityService:   checking if request is: NetworkRequest [ id=4, legacyType=-1, [ Transports: CELLULAR Capabilities: INTERNET&NOT_RESTRICTED&TRUSTED&NOT_VPN] ] satisfies: false nri.isRequest: false
03-24 14:38:14.151  3670  4029 D ConnectivityService:   checking if request is: NetworkRequest [ id=234, legacyType=-1, [ Capabilities: INTERNET&NOT_RESTRICTED&TRUSTED] ] satisfies: true nri.isRequest: false
03-24 14:38:14.151  3670  4029 D ConnectivityService:   checking if request is: NetworkRequest [ id=226, legacyType=-1, [ Capabilities: INTERNET&NOT_RESTRICTED&TRUSTED] ] satisfies: true nri.isRequest: false
03-24 14:38:14.151  3670  4029 D ConnectivityService:   checking if request is: NetworkRequest [ id=29, legacyType=-1, [ Capabilities: INTERNET&NOT_RESTRICTED&TRUSTED] ] satisfies: true nri.isRequest: false
03-24 14:38:14.151  3670  4029 D ConnectivityService:   checking if request is: NetworkRequest [ id=232, legacyType=-1, [ Capabilities: INTERNET&NOT_RESTRICTED&TRUSTED] ] satisfies: true nri.isRequest: false
03-24 14:38:14.151  3670  4029 D ConnectivityService:   checking if request is: NetworkRequest [ id=228, legacyType=-1, [ Capabilities: INTERNET&NOT_RESTRICTED&TRUSTED] ] satisfies: true nri.isRequest: false
03-24 14:38:14.151  3670  4029 D ConnectivityService: sending notification AVAILABLE for NetworkRequest [ id=234, legacyType=-1, [ Capabilities: INTERNET&NOT_RESTRICTED&TRUSTED] ]
03-24 14:38:14.241  3670  6805 D ConnectivityService: returning getNetworkInfo for network type 1 : [type: WIFI[] - WIFI, state: CONNECTED/CONNECTED, reason: (unspecified), extra: "DataStructures", roaming: false, failover: false, isAvailable: true]
03-24 14:38:14.491  4932  2582 I qtaguid : Untagging socket 92
03-24 14:38:14.511   440   836 I EMMXGcmRegistrationTask: device token: chbiYS3-R8Q:APA91bG2KgO04UT3_Eq83e9oT3R1ZdFmrwNU-OHXEVYu_ax3ln9dgJ191d8btUKbj1GIC1d2VALr4uy1Ch3IJ5MDLX9QhIc3ORXQtFe8SH7qweYiNug-BfF2UeV7324yTBY6PgiLpp83
03-24 14:38:14.511   440   836 I RubySyncClient: registerNotifications
03-24 14:38:14.541   440   472 W System.err: remove failed: ENOENT (No such file or directory) : /data/user/0/com.microsoft.emmx/shared_prefs/com.appboy.storage.user_cache.push_token_store.37a6259cc0c1dae299a7866489dff0bd.xml.bak
03-24 14:38:14.781  3054  3101 D Sensorhubs: readContextData: 1, 1, 52, 0, 0, 16, 98, 0, 0, 11, -60, 0, 0, 10, -23, 0, 0, 0, 0, 0, 0, 0, 78, 0, 0, 14, 77
03-24 14:38:14.791  3670  3983 D SensorHubManager: onGetSensorHubDataLocked: library(27) = 1, 1, 52, 0, 0, 16, 98, 0, 0, 11, -60, 0, 0, 10, -23, 0, 0, 0, 0, 0, 0, 0, 78, 0, 0, 14, 77
03-24 14:38:14.791  3670  3982 D CAE     : onGetSensorHubData(SensorHubParserProvider.java:92) - onGetSensorHubData Event [event buffer len :27], AP_WAKEUP
03-24 14:38:14.791  3670  3982 I CAE     : parse(SensorHubParserProvider.java:188) - buffer size = 27
03-24 14:38:14.791  3670  3982 I CAE     : parse(SensorHubParserProvider.java:199) - 1, 1, 52, 0, 0, 16, 98, 0, 0, 11, -60, 0, 0, 10, -23, 0, 0, 0, 0, 0, 0, 0, 78, 0, 0, 14, 77,
03-24 14:38:14.791  3670  3982 D CAE     : display(ContextProvider.java:375) - ================= EAD =================
03-24 14:38:14.791  3670  3982 I CAE     : display(ContextProvider.java:391) - B=[0.2793], G=[0.3012], R=[0.4194], CCT=[3661], Lux=[78]
03-24 14:38:14.791  3670  3985 D SContextService: updateSContext() : event = Environment Adaptive Display
03-24 14:38:14.791  3670  4040 I AdaptiveDisplayColorService: AvgR : 0.4194, AvgG : 0.3012, AvgB : 0.2793, avg lux : 78
03-24 14:38:15.961   711   735 I chromium: [INFO:child_process_service.cc(73)] ChildProcessService: Exiting child process.
03-24 14:38:15.971  3022  3022 E lowmemorykiller: Error writing /proc/711/oom_score_adj; errno=22
03-24 14:38:15.991 32749 32749 W chromium: [WARNING:compositor_view.cc(263)] Child process died (type=6) pid=711)
03-24 14:38:16.001  3670  3697 I ActivityManager: Process com.android.chrome:sandboxed_process1 (pid 711)(adj 0) has died(53,677)
03-24 14:38:16.001  3670  3697 D ActivityManager: cleanUpApplicationRecord -- 711
03-24 14:38:16.001  3670  3697 D ActivityManager: isAutoRunBlockedApp:: com.android.chrome, Auto Run ON
03-24 14:38:16.891  4285  4348 D ContactsProvider_EventLog: contents_sample_state: [ contacts(0) data(0) accounts({}) accounts deleted({}) calls([])  ]
03-24 14:38:16.891  4285  4348 D ContactsProvider_EventLog: contents_sample_state: [ agr({})  ]
03-24 14:38:16.931  3670  4283 E Watchdog: !@Sync 2316 [03-24 14:38:16.936]
03-24 14:38:17.061  4285  4348 E ContactsProvider_EventLog: Flush buffer to file cnt : 12 size : 3Kb duration : 150ms lastUpdatedAfter : 60062 ms mFlush_time_threasold : 2000 mCurrentSize : 2016
03-24 14:38:19.571  3670  3796 W ActivityManager: Activity stop timeout for ActivityRecord{9b79b u0 com.example.myapplication/.MainActivity t99}
03-24 14:38:19.941  3670  6805 D SSRM:n  : SIOP:: AP = 390, PST = 333 (W:18), CP = 270, CUR = -218, LCD = 113
03-24 14:38:19.981  3670  6805 D ConnectivityService: returning getNetworkInfo for network type 1 : [type: WIFI[] - WIFI, state: CONNECTED/CONNECTED, reason: (unspecified), extra: "DataStructures", roaming: false, failover: false, isAvailable: true]
03-24 14:38:24.041  3670  4454 D BatteryService: !@BatteryListener : batteryPropertiesChanged!
03-24 14:38:24.041  3670  4454 D BatteryService: level:92, scale:100, status:2, health:2, present:true, voltage: 4270, temperature: 293, technology: Li-ion, AC powered:false, USB powered:true, POGO powered:false, Wireless powered:false, icon:17303414, invalid charger:0, maxChargingCurrent:0
03-24 14:38:24.041  3670  4454 D BatteryService: online:4, current avg:-4, charge type:1, power sharing:false, high voltage charger:false, capacity:280000, batterySWSelfDischarging:false, current_now:178
03-24 14:38:24.041  3670  3670 D BatteryService: Sending ACTION_BATTERY_CHANGED.
03-24 14:38:24.041  3670  3670 I MotionRecognitionService: Plugged
03-24 14:38:24.041  3670  3670 E MotionRecognitionService: support TA ~
03-24 14:38:24.041  3670  3670 I MotionRecognitionService: isTAConnected | current backoffstate  = 33792
03-24 14:38:24.041  3670  3670 D MotionRecognitionService:  TA connected ,  33792
03-24 14:38:24.041  3670  3670 I MotionRecognitionService: skip setTransmitPower. 
03-24 14:38:24.041  3670  3670 D MotionRecognitionService:   cableConnection= 1
03-24 14:38:24.041  3670  3670 D MotionRecognitionService: setPowerConnected | current backoffstate  = 33792 , state =33792
03-24 14:38:24.041  3670  3670 D MotionRecognitionService: skip setTransmitPower. 
03-24 14:38:24.051  4103  4103 D KeyguardUpdateMonitor: received broadcast android.intent.action.BATTERY_CHANGED
03-24 14:38:24.051  4103  4103 D KeyguardUpdateMonitor: handleBatteryUpdate
03-24 14:38:24.051  4103  4103 D PowerUI : priorPlugType = 2 mPlugType =  2
03-24 14:38:24.051  4103  4103 D PowerUI.Notification: showChargingNotice oldChargingType : 1 currentChargingType : 1 oldChargingTime : 1599000 mChargingTime : 1599000
03-24 14:38:24.051  4103  4103 D PowerUI.Notification: There is no change about charging status, so return!
03-24 14:38:24.081  4103  4103 D BatteryMeterView: ACTION_BATTERY_CHANGED : level:92 status:2 health:2
03-24 14:38:24.081  4103  4103 D BatteryMeterView: ACTION_BATTERY_CHANGED : level:92 status:2 health:2
03-24 14:38:30.031  3670  6805 D SSRM:n  : SIOP:: AP = 360, PST = 360 (W:24), CP = 273, CUR = -4, LCD = 113
03-24 14:38:30.101  3670  6805 D ConnectivityService: returning getNetworkInfo for network type 1 : [type: WIFI[] - WIFI, state: CONNECTED/CONNECTED, reason: (unspecified), extra: "DataStructures", roaming: false, failover: false, isAvailable: true]
03-24 14:38:31.951  3670  3980 V AlarmManager: Expired Alarm result :8
03-24 14:38:31.971  3670  3796 V BroadcastQueue: [background] Process cur broadcast BroadcastRecord{f218f2a u0 null qIdx=4}, state= (APP_RECEIVE) DELIVERED for app ProcessRecord{49f3f4c 4932:com.google.android.gms.persistent/u0a15}
03-24 14:38:31.981  3670  4946 I PersonaManager: mKnoxInfo is empty
03-24 14:38:32.021  3670  4421 I PersonaManager: mKnoxInfo is empty
03-24 14:38:32.051  3670  4407 I PersonaManager: mKnoxInfo is empty
03-24 14:38:32.111  4932   997 D SecWifiDisplayUtil: Metadata value : SecSettings2
03-24 14:38:34.091  3670  4454 D BatteryService: !@BatteryListener : batteryPropertiesChanged!
03-24 14:38:34.091  3670  4454 D BatteryService: level:92, scale:100, status:2, health:2, present:true, voltage: 4262, temperature: 293, technology: Li-ion, AC powered:false, USB powered:true, POGO powered:false, Wireless powered:false, icon:17303414, invalid charger:0, maxChargingCurrent:0
03-24 14:38:34.091  3670  4454 D BatteryService: online:4, current avg:103, charge type:1, power sharing:false, high voltage charger:false, capacity:280000, batterySWSelfDischarging:false, current_now:176
03-24 14:38:34.091  3670  3670 D BatteryService: Sending ACTION_BATTERY_CHANGED.
03-24 14:38:34.101  3670  3670 I MotionRecognitionService: Plugged
03-24 14:38:34.101  3670  3670 E MotionRecognitionService: support TA ~
03-24 14:38:34.101  3670  3670 I MotionRecognitionService: isTAConnected | current backoffstate  = 33792
03-24 14:38:34.101  3670  3670 D MotionRecognitionService:  TA connected ,  33792
03-24 14:38:34.101  3670  3670 I MotionRecognitionService: skip setTransmitPower. 
03-24 14:38:34.101  3670  3670 D MotionRecognitionService:   cableConnection= 1
03-24 14:38:34.101  3670  3670 D MotionRecognitionService: setPowerConnected | current backoffstate  = 33792 , state =33792
03-24 14:38:34.101  3670  3670 D MotionRecognitionService: skip setTransmitPower. 
03-24 14:38:34.111  4103  4103 D KeyguardUpdateMonitor: received broadcast android.intent.action.BATTERY_CHANGED
03-24 14:38:34.121  4103  4103 D PowerUI : priorPlugType = 2 mPlugType =  2
03-24 14:38:34.121  4103  4103 D PowerUI.Notification: showChargingNotice oldChargingType : 1 currentChargingType : 1 oldChargingTime : 1599000 mChargingTime : 1574000
03-24 14:38:34.121  4103  4103 D PowerUI.Notification: showChargingNotification()
03-24 14:38:34.141  3670  4524 D ApplicationPolicy: isStatusBarNotificationAllowedAsUser: packageName = com.android.systemui,userId = -1
03-24 14:38:34.141  3670  4524 I PersonaManager: mKnoxInfo is empty
03-24 14:38:34.141  4103  4103 D KeyguardUpdateMonitor: handleBatteryUpdate
03-24 14:38:34.151  3670  3670 D MARsPolicyManager: NotificationListenerService OngoingNotificationPosted : com.android.systemui
03-24 14:38:34.151  4103  4103 D BatteryMeterView: ACTION_BATTERY_CHANGED : level:92 status:2 health:2
03-24 14:38:34.151  4103  4103 D BatteryMeterView: ACTION_BATTERY_CHANGED : level:92 status:2 health:2
03-24 14:38:34.171  4103  4103 W ResourcesManager: getTopLevelResources: /system/priv-app/SystemUI/SystemUI.apk / 1.0 running in com.android.systemui rsrc of package com.android.systemui
03-24 14:38:34.181  4103  4103 D PhoneStatusBar: setAreThereNotifications: N=2 any=true clearable=false
03-24 14:38:38.351  1046  1046 I FIPS_bssl: FIPS approved mode (1) | 1046 | app_process
03-24 14:38:38.351  1046  1046 D AndroidRuntime: >>>>>> START com.android.internal.os.RuntimeInit uid 2000 <<<<<<
03-24 14:38:38.351  1046  1046 D AndroidRuntime: CheckJNI is OFF
03-24 14:38:38.351  1046  1046 D AndroidRuntime: readGMSProperty: start
03-24 14:38:38.351  1046  1046 D AndroidRuntime: readGMSProperty: already setted!!
03-24 14:38:38.351  1046  1046 D AndroidRuntime: propertySet: couldn't set property (it is from app)
03-24 14:38:38.351  1046  1046 D AndroidRuntime: readGMSProperty: could not set the property(default)!!
03-24 14:38:38.351  1046  1046 D AndroidRuntime: readGMSProperty: end
03-24 14:38:38.351  1046  1046 D AndroidRuntime: addProductProperty: start
03-24 14:38:38.381  1046  1046 D ICU     : No timezone override file found: /data/misc/zoneinfo/current/icu/icu_tzdata.dat
03-24 14:38:38.411  1046  1046 I Radio-JNI: register_android_hardware_Radio DONE
03-24 14:38:38.421  1046  1046 E AffinityControl: AffinityControl: registerfunction enter
03-24 14:38:38.431  1046  1046 D AndroidRuntime: Calling main entry com.android.commands.am.Am
03-24 14:38:38.441  3670  4407 I ActivityManager: Force stopping com.android.chrome appid=10088 user=0: from pid 1046
03-24 14:38:38.441  3670  4407 I PersonaManager: mKnoxInfo is empty
03-24 14:38:38.441  3670  4407 I PersonaManager: mKnoxInfo is empty
03-24 14:38:38.441  3670  4407 I ActivityManager: Killing 650:com.android.chrome:privileged_process0/u0a88 (adj 0): stop com.android.chrome cause from pid 1046
03-24 14:38:38.451  3670  4407 D ActivityManager: cleanUpApplicationRecord -- 650
03-24 14:38:38.451  3670  4407 D ActivityManager: isAutoRunBlockedApp:: com.android.chrome, Auto Run ON
03-24 14:38:38.451  3670  4407 W ActivityManager: Scheduling restart of crashed service com.android.chrome/org.chromium.content.app.PrivilegedProcessService0 in 1000ms
03-24 14:38:38.451  3670  4407 I ActivityManager: Killing 32749:com.android.chrome/u0a88 (adj 0): stop com.android.chrome cause from pid 1046
03-24 14:38:38.451  3670  4407 D ActivityManager: cleanUpApplicationRecord -- 32749
03-24 14:38:38.451  3670  4407 D ActivityManager: isAutoRunBlockedApp:: com.android.chrome, Auto Run ON
03-24 14:38:38.461  3670  4407 W ActivityManager: Force removing ActivityRecord{590a90 u0 com.android.chrome/com.google.android.apps.chrome.Main t108}: app died, no saved state
03-24 14:38:38.461  3670  4407 D InputDispatcher: Focused application set to: xxxx
03-24 14:38:38.461   586   586 I cr_ChildProcessService: Destroying ChildProcessService pid=586
03-24 14:38:38.471  3670  4407 D InputDispatcher: Focus left window: 32749
03-24 14:38:38.471  3025  4174 I SurfaceFlinger: id=490 Removed TurfaceView (4/9)
03-24 14:38:38.481  3025  3210 I SurfaceFlinger: id=490 Removed TurfaceView (-2/9)
03-24 14:38:38.481  3025  3025 D libEGL  : eglTerminate EGLDisplay = 0x7ff3f31e28
03-24 14:38:38.481  3025  3025 D libEGL  : eglTerminate EGLDisplay = 0x7ff3f31e28
03-24 14:38:38.481  3025  3212 I SurfaceFlinger: id=489 Removed Nain (5/8)
03-24 14:38:38.481  3025  4174 I SurfaceFlinger: id=489 Removed Nain (-2/8)
03-24 14:38:38.481  3670  3884 D PointerIcon: setMouseIconStyle1 pointerType: 1001 iconType:101 flag:0 pid:3670 uid:1000
03-24 14:38:38.481  3670  3884 D PointerIcon: setMouseCustomIcon IconType is same.101
03-24 14:38:38.481  3670  4407 D CustomFrequencyManagerService: acquireDVFSLockLocked : type : DVFS_MIN_LIMIT  frequency : 1800000  uid : 1000  pid : 3670  pkgName : ACTIVITY_RESUME_BOOSTER@3
03-24 14:38:38.491  3670  4407 D ActivityManager: mDVFSHelper.acquire()
03-24 14:38:38.491  3670  4407 D ActivityManager:  Launching com.example.myapplication, updated priority
03-24 14:38:38.491  3670  4407 I ActivityManager: Killing 586:com.android.chrome:sandboxed_process0/u0a88i166 (adj 0): isolated not needed
03-24 14:38:38.491  3670  3670 D GameManagerService: NotifyRunnable. pkg: com.example.myapplication, type: 4, isMinimized: false, isTunableApp: false
03-24 14:38:38.491  3670  3796 V MARsPolicyManager: updatePackagesScore PackageInfo name -- com.example.myapplication
03-24 14:38:38.491  3025  3025 D libEGL  : eglTerminate EGLDisplay = 0x7ff3f31e28
03-24 14:38:38.501  3025  3025 D libEGL  : eglTerminate EGLDisplay = 0x7ff3f31e28
03-24 14:38:38.501  3025  3025 D libEGL  : eglTerminate EGLDisplay = 0x7ff3f31e28
03-24 14:38:38.501  3670  4407 D InputDispatcher: Focus entered window: 30395
03-24 14:38:38.501  1046  1046 D AndroidRuntime: Shutting down VM
03-24 14:38:38.501  3670  4019 D NetworkPolicy: isUidForegroundLocked: 10088, mScreenOn: true, uidstate: 16, mProxSensorScreenOff: false
03-24 14:38:38.501  3670  4019 D NetworkPolicy: isUidForegroundLocked: 10185, mScreenOn: true, uidstate: 2, mProxSensorScreenOff: false
03-24 14:38:38.511  3670  4452 D ActivityManager: cleanUpApplicationRecord -- 586
03-24 14:38:38.511  3670  4452 D ActivityManager: isAutoRunBlockedApp:: com.android.chrome, Auto Run ON
03-24 14:38:38.511  3670  3884 D PointerIcon: setMouseIconStyle1 pointerType: 1001 iconType:101 flag:0 pid:3670 uid:1000
03-24 14:38:38.511  3670  3884 D PointerIcon: setMouseCustomIcon IconType is same.101
03-24 14:38:38.521  3670  4040 D SContextService: unregisterCallback() : Listener = android.hardware.scontext.SContextService$Listener@a98929f, Service = Environment Adaptive Display, used = 0
03-24 14:38:38.521  3670  3670 V AlarmManager: Remove alarm for next reason : android.intent.action.PACKAGE_RESTARTED : package: com.android.chrome
03-24 14:38:38.521  3670  4040 W CAE     : unregisterCallback(ContextAwareService.java:206) - [unregi 01] Mutex is locked for EAD
03-24 14:38:38.521  3670  4040 V CAE     : stop(ContextProvider.java:155)
03-24 14:38:38.521  3670  4040 V CAE     : clear(EADRunner.java:257)
03-24 14:38:38.521  3670  4040 V CAE     : disable(EADRunner.java:246)
03-24 14:38:38.521  3670  4040 I CAE     : sendCmdToSensorHub(SensorHubCommManager.java:162) - -78, 52, 0, 0,
03-24 14:38:38.521  3670  4040 D SensorHubManager: SendSensorHubData: send data = -78, 52, 0, 0
03-24 14:38:38.521  3054  3054 D Sensorhubs: sendContextData: -78, 52, 0, 0
03-24 14:38:38.521  3670  4040 D CAE     : getFaultDetectionResult(EADRunner.java:271) - true
03-24 14:38:38.521  3670  4040 I CAE     : notifyCmdProcessResultObserver(ContextProvider.java:627) - CheckResult = 0, Cause = Success
03-24 14:38:38.531  3670  3796 V BroadcastQueue: [background] Process cur broadcast BroadcastRecord{766893 u0 android.intent.action.PACKAGE_RESTARTED qIdx=4}, state= (APP_RECEIVE) DELIVERED for app ProcessRecord{a8b6d0a 3670:system/1000}
03-24 14:38:38.531  4383  4383 I PersonaManager: mKnoxInfo is empty
03-24 14:38:38.531  4383  4383 I PersonaManager: mKnoxInfo is empty
03-24 14:38:38.531  4383  4383 I PersonaManager: mKnoxInfo is empty
03-24 14:38:38.531  3670  3670 V BroadcastQueue: [background] Process cur broadcast BroadcastRecord{766893 u0 android.intent.action.PACKAGE_RESTARTED qIdx=4}, state= (APP_RECEIVE) DELIVERED for app ProcessRecord{90f0323 31960:com.sec.android.app.soundalive/u0a62}
03-24 14:38:38.531 31960 31960 D SAControlPanelReceiver: *****onReceive()*****
03-24 14:38:38.531 31960 31960 D SAControlPanelReceiver: Action: android.intent.action.PACKAGE_RESTARTED
03-24 14:38:38.541  3670  4040 D CAE     : doCommendProcess(ContextAwareService.java:433) - complete notify the operation result.
03-24 14:38:38.541  4383  4383 W ResourcesManager: getTopLevelResources: /data/app/com.google.android.gms-1/base.apk / 1.0 running in com.android.nfc rsrc of package com.google.android.gms
03-24 14:38:38.541  3670  4552 V BroadcastQueue: [background] Process cur broadcast BroadcastRecord{766893 u0 android.intent.action.PACKAGE_RESTARTED qIdx=4}, state= (APP_RECEIVE) DELIVERED for app ProcessRecord{126ce28 24150:com.sec.android.daemonapp/u0a145}
03-24 14:38:38.541  3670  4040 I CAE     : displayUsedCountForService(ContextAwareService.java:525) - totalCnt = 0, serviceCount = 0, subCollectionCount = 0
03-24 14:38:38.541  3670  4040 D CAE     : showListenerList(ContextAwareService.java:366) - ===== Context Aware Service List =====
03-24 14:38:38.541  3670  4040 I CAE     : showListenerList(ContextAwareService.java:375) - Listener : com.samsung.android.contextaware.manager.ContextAwareService$Listener@1e966aa, Service : ACTIVITY_TRACKER_CURRENT_INFO(1)
03-24 14:38:38.541  3670  4040 I CAE     : showListenerList(ContextAwareService.java:375) - Listener : com.samsung.android.contextaware.manager.ContextAwareService$Listener@1e966aa, Service : ACTIVITY_TRACKER(1)
03-24 14:38:38.541  3670  4040 I CAE     : showListenerList(ContextAwareService.java:375) - Listener : com.samsung.android.contextaware.manager.ContextAwareService$Listener@f46c0eb, Service : AUTO_BRIGHTNESS(1)
03-24 14:38:38.541  3670  4040 I CAE     : showListenerList(ContextAwareService.java:375) - Listener : com.samsung.android.contextaware.manager.ContextAwareService$Listener@4e095a7, Service : AUTO_ROTATION(1)
03-24 14:38:38.541  3670  4040 W CAE     : unregisterCallback(ContextAwareService.java:241) - [unregi 02] Mutex is unlocked for EAD
03-24 14:38:38.541  3670  4040 D SContextService: 	.unregisterCallback : 4, client=
03-24 14:38:38.541  3670  4040 D SContextService: ===== SContext Service List =====
03-24 14:38:38.541 24150 24150 D [WeatherWidget(1236)]  ClearDataReceiver: {[2B4A2AC40B5A9FD87A06E8EADDAC90140D0735C4111B00ED5A4BFDD943296A603CF64C72E7F3E6D25FF9ACC8831CFEFA3E34FF6EAD00357EC7386503FB76F1C38DE7DC83CE464FCACDBF41BB39AB7B052FE0F7B48A3DA34B35B7EA4C9669647F066BF7A880C587B9171A84D276A481B9]}
03-24 14:38:38.541  3670  4040 D SContextService: Listener : android.hardware.scontext.SContextService$Listener@a9ee48, Service : Auto Brightness
03-24 14:38:38.541  3670  4040 D SContextService: Listener : android.hardware.scontext.SContextService$Listener@ba6ba11, Service : Activity Tracker
03-24 14:38:38.541  3670  4040 D SContextService: Listener : android.hardware.scontext.SContextService$Listener@762ca54, Service : Auto Rotation
03-24 14:38:38.541  3670  4040 D SContextManager:   .unregisterListener : listener = com.samsung.android.mdnie.AdaptiveDisplayColorService$3@5bb4caa, service=Environment Adaptive Display
03-24 14:38:38.541  4383  4383 W ResourcesManager: getTopLevelResources: /data/app/com.google.android.gms-1/base.apk / 1.0 running in com.android.nfc rsrc of package com.google.android.gms
03-24 14:38:38.541  3670  6805 D GameManagerService: identifyGamePackage. com.example.myapplication
03-24 14:38:38.541  3670  6805 D GameManagerService: identifyGamePackage. com.example.myapplication
03-24 14:38:38.541  3670  3798 D StatusBarManagerService: manageDisableList userId=0 what=0x0 pkg=Window{b607281 u0 d0 com.example.myapplication/com.example.myapplication.MainActivity}
03-24 14:38:38.551  4103  4103 D PhoneStatusBar: setSystemUiVisibility vis=8600 mask=ffffffff oldVal=a600 newVal=8600 diff=2000
03-24 14:38:38.551  4383  4383 D ApduServiceInfo: seId: 0
03-24 14:38:38.551  4383  4383 I PersonaManager: mKnoxInfo is empty
03-24 14:38:38.561  3670  4407 D ConnectivityService: ConnectivityService NetworkRequestInfo binderDied(NetworkRequest [ id=234, legacyType=-1, [ Capabilities: INTERNET&NOT_RESTRICTED&TRUSTED] ], android.os.BinderProxy@af980d0)
03-24 14:38:38.561  3670  4029 D ConnectivityService: releasing NetworkRequest NetworkRequest [ id=234, legacyType=-1, [ Capabilities: INTERNET&NOT_RESTRICTED&TRUSTED] ]
03-24 14:38:38.561  3670  3698 D ConnectivityService: ConnectivityService NetworkRequestInfo binderDied(NetworkRequest [ id=232, legacyType=-1, [ Capabilities: INTERNET&NOT_RESTRICTED&TRUSTED] ], android.os.BinderProxy@25b68c9)
03-24 14:38:38.561  3670  4143 D ConnectivityService: ConnectivityService NetworkRequestInfo binderDied(NetworkRequest [ id=233, legacyType=-1, [ Capabilities: INTERNET&NOT_RESTRICTED&TRUSTED] ], android.os.BinderProxy@f4f0bce)
03-24 14:38:38.561  3670  4029 D ConnectivityService: sending notification RELEASED for NetworkRequest [ id=234, legacyType=-1, [ Capabilities: INTERNET&NOT_RESTRICTED&TRUSTED] ]
03-24 14:38:38.571  3670  4952 D GraphicsStats: Buffer count: 7
03-24 14:38:38.571  3670  4029 E ConnectivityService: RemoteException caught trying to send a callback msg for NetworkRequest [ id=234, legacyType=-1, [ Capabilities: INTERNET&NOT_RESTRICTED&TRUSTED] ]
03-24 14:38:38.571  3670  4029 D ConnectivityService: releasing NetworkRequest NetworkRequest [ id=232, legacyType=-1, [ Capabilities: INTERNET&NOT_RESTRICTED&TRUSTED] ]
03-24 14:38:38.571  3670  4029 D ConnectivityService: sending notification RELEASED for NetworkRequest [ id=232, legacyType=-1, [ Capabilities: INTERNET&NOT_RESTRICTED&TRUSTED] ]
03-24 14:38:38.571  3670  4029 E ConnectivityService: RemoteException caught trying to send a callback msg for NetworkRequest [ id=232, legacyType=-1, [ Capabilities: INTERNET&NOT_RESTRICTED&TRUSTED] ]
03-24 14:38:38.571  3670  4029 D ConnectivityService: releasing NetworkRequest NetworkRequest [ id=233, legacyType=-1, [ Capabilities: INTERNET&NOT_RESTRICTED&TRUSTED] ]
03-24 14:38:38.571  3670  4029 D ConnectivityService: sending notification RELEASED for NetworkRequest [ id=233, legacyType=-1, [ Capabilities: INTERNET&NOT_RESTRICTED&TRUSTED] ]
03-24 14:38:38.571  3670  4029 E ConnectivityService: RemoteException caught trying to send a callback msg for NetworkRequest [ id=233, legacyType=-1, [ Capabilities: INTERNET&NOT_RESTRICTED&TRUSTED] ]
03-24 14:38:38.591  3670  6805 D ConnectivityService: returning getNetworkInfo for network type 1 : [type: WIFI[] - WIFI, state: CONNECTED/CONNECTED, reason: (unspecified), extra: "DataStructures", roaming: false, failover: false, isAvailable: true]
03-24 14:38:38.601  3670  6805 D ConnectivityService: returning getNetworkInfo for network type 1 : [type: WIFI[] - WIFI, state: CONNECTED/CONNECTED, reason: (unspecified), extra: "DataStructures", roaming: false, failover: false, isAvailable: true]
03-24 14:38:38.601  3670  6805 D ConnectivityService: returning getNetworkInfo for network type 1 : [type: WIFI[] - WIFI, state: CONNECTED/CONNECTED, reason: (unspecified), extra: "DataStructures", roaming: false, failover: false, isAvailable: true]
03-24 14:38:38.611  3670  6805 D GameManagerService: identifyGamePackage. com.example.myapplication
03-24 14:38:39.131  1067  1067 I FIPS_bssl: FIPS approved mode (1) | 1067 | app_process
03-24 14:38:39.131  1067  1067 D AndroidRuntime: >>>>>> START com.android.internal.os.RuntimeInit uid 2000 <<<<<<
03-24 14:38:39.131  1067  1067 D AndroidRuntime: CheckJNI is OFF
03-24 14:38:39.131  1067  1067 D AndroidRuntime: readGMSProperty: start
03-24 14:38:39.131  1067  1067 D AndroidRuntime: readGMSProperty: already setted!!
03-24 14:38:39.131  1067  1067 D AndroidRuntime: propertySet: couldn't set property (it is from app)
03-24 14:38:39.131  1067  1067 D AndroidRuntime: readGMSProperty: could not set the property(default)!!
03-24 14:38:39.131  1067  1067 D AndroidRuntime: readGMSProperty: end
03-24 14:38:39.131  1067  1067 D AndroidRuntime: addProductProperty: start
03-24 14:38:39.161  1067  1067 D ICU     : No timezone override file found: /data/misc/zoneinfo/current/icu/icu_tzdata.dat
03-24 14:38:39.181  1067  1067 I Radio-JNI: register_android_hardware_Radio DONE
03-24 14:38:39.191  1067  1067 E AffinityControl: AffinityControl: registerfunction enter
03-24 14:38:39.201  1067  1067 D AndroidRuntime: Calling main entry com.android.commands.monkey.Monkey
03-24 14:38:39.221  3670  3796 W BroadcastQueue: Skipping deliver [background] BroadcastRecord{a28c885 u-1 android.net.conn.CONNECTIVITY_CHANGE qIdx=4}, state= (IDLE) to ReceiverList{c5416da 1067 (unknown name)/2000/u-1 remote:994faef}: process crashing
03-24 14:38:39.231  1067  1067 I Timeline: Timeline: Activity_launch_request id:com.yandex.browser time:69530163
03-24 14:38:39.231  3670  4409 I PersonaManager: mKnoxInfo is empty
03-24 14:38:39.231  3670  4409 W ResourcesManager: getTopLevelResources: /data/app/com.yandex.browser-1/base.apk / 1.0 running in null rsrc of package com.yandex.browser
03-24 14:38:39.231  3670  4409 D ResourcesManager: For user 0 new overlays fetched Null
03-24 14:38:39.241  3670  4409 D GameManagerService: identifyGamePackage. com.yandex.browser
03-24 14:38:39.241  3670  4409 D MultiWindowPolicy: Gamemode - return 0,  when calling  identifyForegroundApp(com.yandex.browser)
03-24 14:38:39.241  3670  4409 D CustomFrequencyManagerService: releaseDVFSLockLocked : Getting Lock type frm List : DVFS_MIN_LIMIT  frequency : 1800000  uid : 1000  pid : 3670  tag : ACTIVITY_RESUME_BOOSTER@3
03-24 14:38:39.241  3670  4409 D CustomFrequencyManagerService: acquireDVFSLockLocked : type : DVFS_MIN_LIMIT  frequency : 1800000  uid : 1000  pid : 3670  pkgName : ACTIVITY_RESUME_BOOSTER@3
03-24 14:38:39.241  3670  4409 D ActivityManager: mDVFSHelper.acquire()
03-24 14:38:39.241  3670  4409 V WindowManager: addAppToken: AppWindowToken{7b26801 token=Token{20c99e8 ActivityRecord{560570b u0 com.yandex.browser/.YandexBrowserActivity t109}}} to stack=1 task=109 at 0
03-24 14:38:39.261  3670  4409 D InputDispatcher: Focused application set to: xxxx
03-24 14:38:39.261  3670  4409 D InputDispatcher: Focus left window: 30395
03-24 14:38:39.261  3670  4524 D SettingsProvider: isChangeAllowed() : name = user_rotation
03-24 14:38:39.261  3670  4524 D SettingsProvider: isChangeAllowed() : name = accelerometer_rotation
03-24 14:38:39.261  3670  3884 D PointerIcon: setMouseIconStyle1 pointerType: 1001 iconType:101 flag:0 pid:3670 uid:1000
03-24 14:38:39.261  3670  3884 D PointerIcon: setMouseCustomIcon IconType is same.101
03-24 14:38:39.261  3670  4524 V WindowOrientationListener: OrientationSensorJudge.getProposedRotation, Rotation: -1
03-24 14:38:39.261  3670  4524 V WindowManager: rotationForOrientationLw(orient=-1, last=0); user=0  sensorRotation=-1 mLidState=-1 mDockMode=0 mHdmiPlugged=false mMobileKeyboardEnabled=false displayId=0
03-24 14:38:39.261  3670  4524 V WindowOrientationListener: OrientationSensorJudge.getProposedRotation, Rotation: -1
03-24 14:38:39.261  3670  3798 D SContextService: unregisterCallback() : Listener = android.hardware.scontext.SContextService$Listener@762ca54, Service = Auto Rotation, used = 0
03-24 14:38:39.261  3670  3798 W CAE     : unregisterCallback(ContextAwareService.java:206) - [unregi 01] Mutex is locked for AUTO_ROTATION
03-24 14:38:39.261  3670  3798 V CAE     : stop(ContextProvider.java:155)
03-24 14:38:39.261  3670  3798 V CAE     : clear(AutoRotationRunner.java:182)
03-24 14:38:39.261  3670  3798 V CAE     : disable(AutoRotationRunner.java:171)
03-24 14:38:39.261  3670  3798 I CAE     : sendCmdToSensorHub(SensorHubCommManager.java:162) - -78, 7, 0, 0,
03-24 14:38:39.261  3670  3798 D SensorHubManager: SendSensorHubData: send data = -78, 7, 0, 0
03-24 14:38:39.261  3054 17920 D Sensorhubs: sendContextData: -78, 7, 0, 0
03-24 14:38:39.261  3670  3931 D SettingsProvider: isChangeAllowed() : name = accelerometer_rotation
03-24 14:38:39.271  3670  3798 D CAE     : getFaultDetectionResult(AutoRotationRunner.java:195) - true
03-24 14:38:39.271  3670  3798 I CAE     : notifyCmdProcessResultObserver(ContextProvider.java:627) - CheckResult = 0, Cause = Success
03-24 14:38:39.281  3670  3798 D CAE     : doCommendProcess(ContextAwareService.java:433) - complete notify the operation result.
03-24 14:38:39.281  3670  3798 I CAE     : displayUsedCountForService(ContextAwareService.java:525) - totalCnt = 0, serviceCount = 0, subCollectionCount = 0
03-24 14:38:39.281  3670  3798 D CAE     : showListenerList(ContextAwareService.java:366) - ===== Context Aware Service List =====
03-24 14:38:39.281  3670  3798 I CAE     : showListenerList(ContextAwareService.java:375) - Listener : com.samsung.android.contextaware.manager.ContextAwareService$Listener@1e966aa, Service : ACTIVITY_TRACKER_CURRENT_INFO(1)
03-24 14:38:39.281  3670  3798 I CAE     : showListenerList(ContextAwareService.java:375) - Listener : com.samsung.android.contextaware.manager.ContextAwareService$Listener@1e966aa, Service : ACTIVITY_TRACKER(1)
03-24 14:38:39.281  3670  3798 I CAE     : showListenerList(ContextAwareService.java:375) - Listener : com.samsung.android.contextaware.manager.ContextAwareService$Listener@f46c0eb, Service : AUTO_BRIGHTNESS(1)
03-24 14:38:39.281  3670  3798 W CAE     : unregisterCallback(ContextAwareService.java:241) - [unregi 02] Mutex is unlocked for AUTO_ROTATION
03-24 14:38:39.281  3670  3798 D SContextService: 	.unregisterCallback : 3, client=
03-24 14:38:39.281  3670  3798 D SContextService: ===== SContext Service List =====
03-24 14:38:39.281  3670  3798 D SContextService: Listener : android.hardware.scontext.SContextService$Listener@a9ee48, Service : Auto Brightness
03-24 14:38:39.281  3670  3798 D SContextService: Listener : android.hardware.scontext.SContextService$Listener@ba6ba11, Service : Activity Tracker
03-24 14:38:39.281  3670  3798 D SContextManager:   .unregisterListener : listener = com.android.server.policy.WindowOrientationListener$OrientationSensorJudge@a57e543, service=Auto Rotation
03-24 14:38:39.281  3670  3931 V WindowManager: rotationForOrientationLw(orient=-1, last=0); user=0 USER_ROTATION_LOCKED sensorRotation=-1 mLidState=-1 mDockMode=0 mHdmiPlugged=false mMobileKeyboardEnabled=false displayId=0
03-24 14:38:39.281  3670  3798 V WindowManager: rotationForOrientationLw(orient=-1, last=0); user=0 USER_ROTATION_LOCKED sensorRotation=-1 mLidState=-1 mDockMode=0 mHdmiPlugged=false mMobileKeyboardEnabled=false displayId=0
03-24 14:38:39.281  1067  1067 I art     : System.exit called, status: 0
03-24 14:38:39.281  1067  1067 I AndroidRuntime: VM exiting with result code 0.
03-24 14:38:39.281  3670  3798 V WindowManager: rotationForOrientationLw(orient=-1, last=0); user=0 USER_ROTATION_LOCKED sensorRotation=-1 mLidState=-1 mDockMode=0 mHdmiPlugged=false mMobileKeyboardEnabled=false displayId=0
03-24 14:38:39.281  3670  3798 W CAE     : setCAProperty(ContextAwareService.java:578) - [setProperty 01] Mutex is locked for AUTO_ROTATION
03-24 14:38:39.291  3670  3798 I CAE     : setPropertyValue(AutoRotationRunner.java:119) - Device Type = 0.0
03-24 14:38:39.291  3670  3798 I CAE     : setCAProperty(ContextAwareService.java:583) - result : true
03-24 14:38:39.291  3670  3798 W CAE     : setCAProperty(ContextAwareService.java:584) - [setProperty 02] Mutex is unlocked for AUTO_ROTATION
03-24 14:38:39.291  3670  3798 W CAE     : registerCallback(ContextAwareService.java:144) - [regi 01] Mutex is locked for AUTO_ROTATION
03-24 14:38:39.291  3670  3798 V CAE     : start(ContextProvider.java:128)
03-24 14:38:39.291  3670  3798 V CAE     : clear(AutoRotationRunner.java:182)
03-24 14:38:39.291  3670  3798 V CAE     : enable(AutoRotationRunner.java:158)
03-24 14:38:39.291  3670  3798 I CAE     : sendCmdToSensorHub(SensorHubCommManager.java:162) - -79, 7, 0, 0,
03-24 14:38:39.291  3670  3798 D SensorHubManager: SendSensorHubData: send data = -79, 7, 0, 0
03-24 14:38:39.291  3054  3104 D Sensorhubs: sendContextData: -79, 7, 0, 0
03-24 14:38:39.291  3670  3798 D CAE     : getFaultDetectionResult(AutoRotationRunner.java:195) - true
03-24 14:38:39.291  3670  3798 I CAE     : notifyCmdProcessResultObserver(ContextProvider.java:627) - CheckResult = 0, Cause = Success
03-24 14:38:39.301  3670  3798 D CAE     : doCommendProcess(ContextAwareService.java:433) - complete notify the operation result.
03-24 14:38:39.301  3670  3798 I CAE     : displayUsedCountForService(ContextAwareService.java:525) - totalCnt = 1, serviceCount = 1, subCollectionCount = 0
03-24 14:38:39.301  3670  3798 D CAE     : showListenerList(ContextAwareService.java:366) - ===== Context Aware Service List =====
03-24 14:38:39.301  3670  3798 I CAE     : showListenerList(ContextAwareService.java:375) - Listener : com.samsung.android.contextaware.manager.ContextAwareService$Listener@1e966aa, Service : ACTIVITY_TRACKER_CURRENT_INFO(1)
03-24 14:38:39.301  3670  3798 I CAE     : showListenerList(ContextAwareService.java:375) - Listener : com.samsung.android.contextaware.manager.ContextAwareService$Listener@1e966aa, Service : ACTIVITY_TRACKER(1)
03-24 14:38:39.301  3670  3798 I CAE     : showListenerList(ContextAwareService.java:375) - Listener : com.samsung.android.contextaware.manager.ContextAwareService$Listener@f46c0eb, Service : AUTO_BRIGHTNESS(1)
03-24 14:38:39.301  3670  3798 I CAE     : showListenerList(ContextAwareService.java:375) - Listener : com.samsung.android.contextaware.manager.ContextAwareService$Listener@46cc6a6, Service : AUTO_ROTATION(1)
03-24 14:38:39.301  3670  3798 W CAE     : registerCallback(ContextAwareService.java:180) - [regi 02] Mutex is unlocked for AUTO_ROTATION
03-24 14:38:39.301  3670  3798 D SContextService: 	.registerCallback : 3, client=
03-24 14:38:39.301  3670  3798 D SContextService: ===== SContext Service List =====
03-24 14:38:39.301  3670  3798 D SContextService: Listener : android.hardware.scontext.SContextService$Listener@a9ee48, Service : Auto Brightness
03-24 14:38:39.301  3670  3798 D SContextService: Listener : android.hardware.scontext.SContextService$Listener@ba6ba11, Service : Activity Tracker
03-24 14:38:39.301  3670  3798 D SContextService: Listener : android.hardware.scontext.SContextService$Listener@13b58e7, Service : Auto Rotation
03-24 14:38:39.301  3670  3798 D SContextManager:   .registerListener : listener = com.android.server.policy.WindowOrientationListener$OrientationSensorJudge@a57e543, service=Auto Rotation
03-24 14:38:39.301  3670  3798 V WindowOrientationListener: OrientationSensorJudge.getProposedRotation, Rotation: -1
03-24 14:38:39.301  3670  3798 V WindowManager: rotationForOrientationLw(orient=-1, last=0); user=0  sensorRotation=-1 mLidState=-1 mDockMode=0 mHdmiPlugged=false mMobileKeyboardEnabled=false displayId=0
03-24 14:38:39.301  3670  3798 V WindowOrientationListener: OrientationSensorJudge.getProposedRotation, Rotation: -1
03-24 14:38:39.301  3670  3798 V WindowOrientationListener: OrientationSensorJudge.getProposedRotation, Rotation: -1
03-24 14:38:39.301  3670  3798 V WindowManager: rotationForOrientationLw(orient=-1, last=0); user=0  sensorRotation=-1 mLidState=-1 mDockMode=0 mHdmiPlugged=false mMobileKeyboardEnabled=false displayId=0
03-24 14:38:39.301  3670  3798 V WindowOrientationListener: OrientationSensorJudge.getProposedRotation, Rotation: -1
03-24 14:38:39.401  3670  3682 I art     : Background partial concurrent mark sweep GC freed 110787(6MB) AllocSpace objects, 38(792KB) LOS objects, 27% free, 41MB/57MB, paused 1.509ms total 147.177ms
03-24 14:38:39.761  3670  3796 W ActivityManager: Activity pause timeout for ActivityRecord{9b79b u0 com.example.myapplication/.MainActivity t99}
03-24 14:38:39.761  1082  1082 E Zygote  : v2
03-24 14:38:39.761  1082  1082 I libpersona: KNOX_SDCARD checking this for 10175
03-24 14:38:39.761  1082  1082 I libpersona: KNOX_SDCARD not a persona
03-24 14:38:39.771  1082  1082 W SELinux : Function: selinux_compare_spd_ram, index[1], priority [2], priority version is VE=SEPF_SECMOBILE_6.0.1_0003
03-24 14:38:39.771  1082  1082 E Zygote  : accessInfo : 0
03-24 14:38:39.771  1082  1082 W SELinux : SELinux: seapp_context_lookup: seinfo=default, level=s0:c512,c768, pkgname=com.yandex.browser 
03-24 14:38:39.771  3670  3796 I ActivityManager: Start proc 1082:com.yandex.browser/u0a175 for activity com.yandex.browser/.YandexBrowserActivity
03-24 14:38:39.771  3670  4019 D NetworkPolicy: isUidForegroundLocked: 10175, mScreenOn: true, uidstate: -1, mProxSensorScreenOff: false
03-24 14:38:39.781  3670  3698 D ActivityManager:  Launching com.yandex.browser, updated priority
03-24 14:38:39.791  3670  3670 D GameManagerService: NotifyRunnable. pkg: com.yandex.browser, type: 4, isMinimized: false, isTunableApp: false
03-24 14:38:39.791  3670  3796 V MARsPolicyManager: updatePackagesScore PackageInfo name -- com.yandex.browser
03-24 14:38:39.791  3670  6805 D GameManagerService: identifyGamePackage. com.yandex.browser
03-24 14:38:39.791  3670  6805 D GameManagerService: identifyGamePackage. com.yandex.browser
03-24 14:38:39.791  1082  1082 W ResourcesManager: getTopLevelResources: /data/app/com.yandex.browser-1/base.apk / 1.0 running in com.yandex.browser rsrc of package com.yandex.browser
03-24 14:38:39.791  3670  4524 I InjectionManagerService -AppFeature: getCoreFeaturePkgList :[]
03-24 14:38:39.791  1082  1082 I InjectionManager: Inside getClassLibPath + mLibMap{0=, 1=}
03-24 14:38:39.801  1082  1082 D ResourcesManager: For user 0 new overlays fetched Null
03-24 14:38:39.801  3670  6805 D ConnectivityService: returning getNetworkInfo for network type 1 : [type: WIFI[] - WIFI, state: CONNECTED/CONNECTED, reason: (unspecified), extra: "DataStructures", roaming: false, failover: false, isAvailable: true]
03-24 14:38:39.801  1082  1082 I InjectionManager: Inside getClassLibPath caller 
03-24 14:38:39.801  3670  3876 D MARsDBManager: onChange - mSmartManagerObserver! Uri = content://com.samsung.android.sm/AppFreezer?MARs-self=true&MARs=true
03-24 14:38:39.801  3670  6805 D GameManagerService: identifyGamePackage. com.yandex.browser
03-24 14:38:39.831  1082  1082 I MultiDex: Installing application
03-24 14:38:39.831  1082  1082 I MultiDex: VM with version 2.1.0 has multidex support
03-24 14:38:39.831  1082  1082 I MultiDex: VM has multidex support, MultiDex support library is disabled.
03-24 14:38:39.831  1082  1082 I cr_base_multidex: Completed multidex installation.
03-24 14:38:39.881  3670  3697 D PackageManager: setEnabledSetting : userId = 0 packageName = com.yandex.browser cmp = com.yandex.metrica.ConfigurationService newState = 1 callingPackage = 10175
03-24 14:38:39.881  1082  1105 W System.err: remove failed: ENOENT (No such file or directory) : /data/user/0/com.yandex.browser/shared_prefs/com.yandex.browser_preferences.xml.bak
03-24 14:38:39.891  1082  1082 W System.err: remove failed: ENOENT (No such file or directory) : /data/user/0/com.yandex.browser/files/recovery_cancelled
03-24 14:38:39.891  1082  1111 I AppMetrica: [com.yandex.browser] : [d01c0d44-xxxx-xxxx-xxxx-xxxxxxxx00ad] Initializing of Metrica, Release type, Version 3.4.0, API Level 72, Dated 05.11.2018.
03-24 14:38:39.901  1082  1105 W System.err: remove failed: ENOENT (No such file or directory) : /data/user/0/com.yandex.browser/shared_prefs/clids.xml.bak
03-24 14:38:39.921  1082  1111 I art     : Rejecting re-init on previously-failed class java.lang.Class<com.yandex.metrica.impl.ob.lb>
03-24 14:38:39.921  1082  1111 I art     : Rejecting re-init on previously-failed class java.lang.Class<com.yandex.metrica.impl.ob.lb>
03-24 14:38:39.921  3670  4407 I PersonaManager: mKnoxInfo is empty
03-24 14:38:39.931  1123  1123 E Zygote  : v2
03-24 14:38:39.931  1123  1123 I libpersona: KNOX_SDCARD checking this for 10175
03-24 14:38:39.931  1123  1123 I libpersona: KNOX_SDCARD not a persona
03-24 14:38:39.931  1123  1123 W SELinux : Function: selinux_compare_spd_ram, index[1], priority [2], priority version is VE=SEPF_SECMOBILE_6.0.1_0003
03-24 14:38:39.931  1123  1123 E Zygote  : accessInfo : 0
03-24 14:38:39.931  1123  1123 W SELinux : SELinux: seapp_context_lookup: seinfo=default, level=s0:c512,c768, pkgname=com.yandex.browser:Metrica 
03-24 14:38:39.931  1082  1105 W System.err: remove failed: ENOENT (No such file or directory) : /data/user/0/com.yandex.browser/shared_prefs/crashreports_storage.xml.bak
03-24 14:38:39.941  3670  4407 I ActivityManager: Start proc 1123:com.yandex.browser:Metrica/u0a175 for service com.yandex.browser/com.yandex.metrica.MetricaService
03-24 14:38:39.941  1082  1105 W System.err: remove failed: ENOENT (No such file or directory) : /data/user/0/com.yandex.browser/shared_prefs/com.yandex.browser_migrationpreferences.xml.bak
03-24 14:38:39.961  1123  1123 W ResourcesManager: getTopLevelResources: /data/app/com.yandex.browser-1/base.apk / 1.0 running in com.yandex.browser rsrc of package com.yandex.browser
03-24 14:38:39.961  3670  4452 I InjectionManagerService -AppFeature: getCoreFeaturePkgList :[]
03-24 14:38:39.961  1123  1123 I InjectionManager: Inside getClassLibPath + mLibMap{0=, 1=}
03-24 14:38:39.961  1123  1123 D ResourcesManager: For user 0 new overlays fetched Null
03-24 14:38:39.961  1123  1123 I InjectionManager: Inside getClassLibPath caller 
03-24 14:38:39.981  1123  1123 I MultiDex: Installing application
03-24 14:38:39.981  1123  1123 I MultiDex: VM with version 2.1.0 has multidex support
03-24 14:38:39.981  1123  1123 I MultiDex: VM has multidex support, MultiDex support library is disabled.
