--------- beginning of system
03-24 15:38:35.761  3670  4452 V BroadcastQueue: [background] Process cur broadcast BroadcastRecord{48d2b8a u0 android.intent.action.PACKAGE_DATA_CLEARED qIdx=4}, state= (APP_RECEIVE) DELIVERED for app ProcessRecord{55c4537 26012:com.samsung.android.provider.shootingmodeprovider/u0a63}
--------- beginning of main
03-24 15:38:35.771 26029 26029 D Mms/FreeMessageStatusReceiver: onReceive, action : android.intent.action.PACKAGE_DATA_CLEARED
03-24 15:38:35.771  3670  4524 I PersonaManager: mKnoxInfo is empty
03-24 15:38:35.771  3670  4143 I PersonaManager: mKnoxInfo is empty
03-24 15:38:35.771  3670  4452 V BroadcastQueue: [background] Process cur broadcast BroadcastRecord{48d2b8a u0 android.intent.action.PACKAGE_DATA_CLEARED qIdx=4}, state= (APP_RECEIVE) DELIVERED for app ProcessRecord{4ea6aa4 26029:com.android.mms/u0a68}
03-24 15:38:35.781 26029 26226 D Mms/FreeMessageReceiverService: onHandleIntent, action : android.intent.action.PACKAGE_DATA_CLEARED
03-24 15:38:35.781 26029 26226 D Mms/FreeMessageReceiverService: onHandleIntent: ACTION_PACKAGE_DATA_CLEARED
03-24 15:38:35.781  3670  3697 V BroadcastQueue: [background] Process cur broadcast BroadcastRecord{48d2b8a u0 android.intent.action.PACKAGE_DATA_CLEARED qIdx=4}, state= (APP_RECEIVE) DELIVERED for app ProcessRecord{4d53158 26068:com.android.contacts/u0a11}
03-24 15:38:35.791  3670  3697 V BroadcastQueue: [background] Process cur broadcast BroadcastRecord{48d2b8a u0 android.intent.action.PACKAGE_DATA_CLEARED qIdx=4}, state= (APP_RECEIVE) DELIVERED for app ProcessRecord{f2ad42b 26114:com.samsung.android.weather/u0a77}
03-24 15:38:35.791 26114 26114 D [WeatherApp(1236)]  : {[210EBC5507306FD4A50F1D40A85780C068F240D41FBB267D51FF013BE0DD2039C2D12A1E8BDFBC0AEF71E0B60AC5CC120F3F566ED7C5DC7A4D251F9A0D7EB59A8EB7807E39898613F744807CEFC042ECEF407161A5064CD79E5B5D28020B98F7D70FDAD9111C7AAE878E5D8990C27E1A08EE7F625CAE2EB247A2207059F9CD90]}
03-24 15:38:35.791  3670  3697 V BroadcastQueue: [background] Process cur broadcast BroadcastRecord{48d2b8a u0 android.intent.action.PACKAGE_DATA_CLEARED qIdx=4}, state= (APP_RECEIVE) DELIVERED for app ProcessRecord{a808807 25965:com.samsung.android.coreapps/5011}
03-24 15:38:35.801  3670  3697 V BroadcastQueue: [background] Process cur broadcast BroadcastRecord{48d2b8a u0 android.intent.action.PACKAGE_DATA_CLEARED qIdx=4}, state= (APP_RECEIVE) DELIVERED for app ProcessRecord{e963d34 26127:com.android.documentsui/u0a92}
03-24 15:38:35.811  3670  3697 V BroadcastQueue: [background] Process cur broadcast BroadcastRecord{48d2b8a u0 android.intent.action.PACKAGE_DATA_CLEARED qIdx=4}, state= (APP_RECEIVE) DELIVERED for app ProcessRecord{81441b6 25088:com.sec.android.daemonapp/u0a145}
03-24 15:38:35.811 25088 25088 D [WeatherWidget(1236)]  ClearDataReceiver: {[2B4A2AC40B5A9FD87A06E8EADDAC90140D0735C4111B00ED5A4BFDD943296A603CF64C72E7F3E6D25FF9ACC8831CFEFAAF9CFCCA971A42420C7C4462190C6970D4522B06ADB15EB3E59FE8EB8A3E9AFDC672ED40AA0EC6483FB11057617917203A64C31BB6A85091DA0D5D4269CF9A14]}
03-24 15:38:35.811  3670  3697 V BroadcastQueue: [background] Process cur broadcast BroadcastRecord{48d2b8a u0 android.intent.action.PACKAGE_DATA_CLEARED qIdx=4}, state= (APP_RECEIVE) DELIVERED for app ProcessRecord{921789a 25106:com.android.calendar/u0a164}
03-24 15:38:35.821  3670  3697 V BroadcastQueue: [background] Process cur broadcast BroadcastRecord{48d2b8a u0 android.intent.action.PACKAGE_DATA_CLEARED qIdx=4}, state= (APP_RECEIVE) DELIVERED for app ProcessRecord{261cc59 26152:com.sec.android.app.sbrowser/u0a168}
03-24 15:38:35.821 26152 26152 E WebContentsProviderReceiver: onReceive - not approved application
03-24 15:38:35.821  3670  4524 D CustomFrequencyManagerService: releaseDVFSLockLocked : Getting Lock type frm List : DVFS_MIN_LIMIT  frequency : 1896000  uid : 1000  pid : 3670  tag : com.android.mms@1
03-24 15:38:35.831 26227 26227 E Zygote  : v2
03-24 15:38:35.831 26227 26227 I libpersona: KNOX_SDCARD checking this for 10088
03-24 15:38:35.831 26227 26227 I libpersona: KNOX_SDCARD not a persona
03-24 15:38:35.831 26227 26227 W SELinux : Function: selinux_compare_spd_ram, index[1], priority [2], priority version is VE=SEPF_SECMOBILE_6.0.1_0003
03-24 15:38:35.831 26227 26227 E Zygote  : accessInfo : 0
03-24 15:38:35.831 26227 26227 W SELinux : SELinux: seapp_context_lookup: seinfo=chrome, level=s0:c512,c768, pkgname=com.android.chrome 
03-24 15:38:35.831  3670  3697 I ActivityManager: Start proc 26227:com.android.chrome/u0a88 for broadcast-3 com.android.chrome/org.chromium.chrome.browser.browserservices.ClientAppBroadcastReceiver
03-24 15:38:35.841  3670  4409 V BroadcastQueue: [background] Process cur broadcast BroadcastRecord{48d2b8a u0 android.intent.action.PACKAGE_DATA_CLEARED qIdx=4}, state= (APP_RECEIVE) DELIVERED for app ProcessRecord{85fa1e2 26227:com.android.chrome/u0a88}
03-24 15:38:35.851 26227 26227 W ResourcesManager: getTopLevelResources: /data/app/com.android.chrome-2/base.apk / 1.0 running in com.android.chrome rsrc of package com.android.chrome
03-24 15:38:35.851  3670  4524 I InjectionManagerService -AppFeature: getCoreFeaturePkgList :[]
03-24 15:38:35.851 26227 26227 I InjectionManager: Inside getClassLibPath + mLibMap{0=, 1=}
03-24 15:38:35.851 26227 26227 D ResourcesManager: For user 0 new overlays fetched Null
03-24 15:38:35.851 26227 26227 I InjectionManager: Inside getClassLibPath caller 
03-24 15:38:35.881 23981 24060 I Icing   : updateResources: need to parse abiz{com.android.chrome}
03-24 15:38:35.881 23981 24060 W ResourcesManager: getTopLevelResources: /data/app/com.android.chrome-2/base.apk / 1.0 running in com.google.android.gms rsrc of package com.android.chrome
03-24 15:38:35.881 23981 24060 D ResourcesManager: For user 0 new overlays fetched Null
03-24 15:38:35.881 23981 24060 W ResourcesManager: getTopLevelResources: /data/app/com.android.chrome-2/base.apk / 1.0 running in com.google.android.gms rsrc of package com.android.chrome
03-24 15:38:35.881 23981 24060 W ResourcesManager: getTopLevelResources: /data/app/com.android.chrome-2/base.apk / 1.0 running in com.google.android.gms rsrc of package com.android.chrome
03-24 15:38:35.911  3670  4454 I PersonaManager: mKnoxInfo is empty
03-24 15:38:35.931 23981 24060 I Icing   : Indexing com.android.chrome-omnibox from com.android.chrome
03-24 15:38:35.931 26227 26227 W ResourcesManager: getTopLevelResources: /data/app/com.android.chrome-2/base.apk / 1.0 running in com.android.chrome rsrc of package com.android.chrome
03-24 15:38:35.941 26227 26227 W ResourcesManager: getTopLevelResources: /data/app/com.android.chrome-2/base.apk / 1.0 running in com.android.chrome rsrc of package com.android.chrome
03-24 15:38:35.941 26227 26227 D InjectionManager: InjectionManager
03-24 15:38:35.941 26227 26227 D InjectionManager: fillFeatureStoreMap com.android.chrome
03-24 15:38:35.941 26227 26227 I InjectionManager: Constructor com.android.chrome, Feature store :{}
03-24 15:38:35.941 26227 26227 I InjectionManager: featureStore :{}
03-24 15:38:35.961  3670  3931 V BroadcastQueue: [background] Process cur broadcast BroadcastRecord{48d2b8a u0 android.intent.action.PACKAGE_DATA_CLEARED qIdx=4}, state= (APP_RECEIVE) DELIVERED for app ProcessRecord{68a6177 7275:com.google.android.gms.persistent/u0a15}
03-24 15:38:35.961  3670  4016 I PersonaManager: mKnoxInfo is empty
03-24 15:38:35.961  3670  4019 D NetworkPolicy: isUidForegroundLocked: 10088, mScreenOn: true, uidstate: 3, mProxSensorScreenOff: false
03-24 15:38:35.961  3670  4143 I PersonaManager: mKnoxInfo is empty
03-24 15:38:35.971  3670  4946 I PersonaManager: mKnoxInfo is empty
03-24 15:38:35.971  3670  4947 I PersonaManager: mKnoxInfo is empty
03-24 15:38:35.971  3670  4409 I PersonaManager: mKnoxInfo is empty
03-24 15:38:35.971 23981 26212 I LocationSettingsChecker: Removing dialog suppression flag for package com.yandex.browser
03-24 15:38:35.981  3670  4143 I PersonaManager: mKnoxInfo is empty
03-24 15:38:35.991  3670  3670 V BroadcastQueue: [background] Process cur broadcast BroadcastRecord{3d1d265 u0 android.intent.action.PACKAGE_RESTARTED qIdx=4}, state= (APP_RECEIVE) DELIVERED for app ProcessRecord{a8b6d0a 3670:system/1000}
03-24 15:38:35.991  3670  3698 I PersonaManager: mKnoxInfo is empty
03-24 15:38:35.991  3670  4550 I PersonaManager: mKnoxInfo is empty
03-24 15:38:36.001  3670  3670 V BroadcastQueue: [background] Process cur broadcast BroadcastRecord{3d1d265 u0 android.intent.action.PACKAGE_RESTARTED qIdx=4}, state= (APP_RECEIVE) DELIVERED for app ProcessRecord{b18f6e4 25230:com.sec.android.app.soundalive/u0a62}
03-24 15:38:36.001 25230 25230 D SAControlPanelReceiver: *****onReceive()*****
03-24 15:38:36.001 25230 25230 D SAControlPanelReceiver: Action: android.intent.action.PACKAGE_RESTARTED
03-24 15:38:36.011  3670  4524 I PersonaManager: mKnoxInfo is empty
03-24 15:38:36.011  3670  4019 D NetworkPolicy: isUidForegroundLocked: 10088, mScreenOn: true, uidstate: 16, mProxSensorScreenOff: false
03-24 15:38:36.011  3670  4947 V BroadcastQueue: [background] Process cur broadcast BroadcastRecord{3d1d265 u0 android.intent.action.PACKAGE_RESTARTED qIdx=4}, state= (APP_RECEIVE) DELIVERED for app ProcessRecord{81441b6 25088:com.sec.android.daemonapp/u0a145}
03-24 15:38:36.011 25088 25088 D [WeatherWidget(1236)]  ClearDataReceiver: {[2B4A2AC40B5A9FD87A06E8EADDAC90140D0735C4111B00ED5A4BFDD943296A603CF64C72E7F3E6D25FF9ACC8831CFEFA3E34FF6EAD00357EC7386503FB76F1C38DE7DC83CE464FCACDBF41BB39AB7B054A7DF2E7DC22A3D5464AE16F04652F0CC893404A7558568DB201C2D86D3385F2]}
03-24 15:38:36.021  3670  4550 I PersonaManager: mKnoxInfo is empty
03-24 15:38:36.021 23981 24060 I Icing   : Indexing done com.android.chrome-omnibox
03-24 15:38:36.021 23981 24060 I Icing   : doRemovePackageData com.yandex.browser
03-24 15:38:36.021  3670  4947 V BroadcastQueue: [background] Process cur broadcast BroadcastRecord{b6623eb u0 android.intent.action.PACKAGE_RESTARTED qIdx=4}, state= (APP_RECEIVE) DELIVERED for app ProcessRecord{a8b6d0a 3670:system/1000}
03-24 15:38:36.031  3670  3670 V BroadcastQueue: [background] Process cur broadcast BroadcastRecord{b6623eb u0 android.intent.action.PACKAGE_RESTARTED qIdx=4}, state= (APP_RECEIVE) DELIVERED for app ProcessRecord{b18f6e4 25230:com.sec.android.app.soundalive/u0a62}
03-24 15:38:36.031 25230 25230 D SAControlPanelReceiver: *****onReceive()*****
03-24 15:38:36.031 25230 25230 D SAControlPanelReceiver: Action: android.intent.action.PACKAGE_RESTARTED
03-24 15:38:36.041  3670  4947 V BroadcastQueue: [background] Process cur broadcast BroadcastRecord{b6623eb u0 android.intent.action.PACKAGE_RESTARTED qIdx=4}, state= (APP_RECEIVE) DELIVERED for app ProcessRecord{81441b6 25088:com.sec.android.daemonapp/u0a145}
03-24 15:38:36.041 25088 25088 D [WeatherWidget(1236)]  ClearDataReceiver: {[2B4A2AC40B5A9FD87A06E8EADDAC90140D0735C4111B00ED5A4BFDD943296A603CF64C72E7F3E6D25FF9ACC8831CFEFA3E34FF6EAD00357EC7386503FB76F1C38DE7DC83CE464FCACDBF41BB39AB7B054A7DF2E7DC22A3D5464AE16F04652F0CC893404A7558568DB201C2D86D3385F2]}
03-24 15:38:36.041  3670  4947 V BroadcastQueue: [background] Process cur broadcast BroadcastRecord{c311548 u0 android.intent.action.PACKAGE_DATA_CLEARED qIdx=4}, state= (APP_RECEIVE) DELIVERED for app ProcessRecord{96f24ae 25888:com.samsung.cmh:CMH/5004}
03-24 15:38:36.051  3670  4947 V BroadcastQueue: [background] Process cur broadcast BroadcastRecord{c311548 u0 android.intent.action.PACKAGE_DATA_CLEARED qIdx=4}, state= (APP_RECEIVE) DELIVERED for app ProcessRecord{9ecddc 25921:com.samsung.android.communicationservice/5002}
03-24 15:38:36.051 25921 25921 D CS/SettingChangeReceiver: onReceive() action = android.intent.action.PACKAGE_DATA_CLEARED
03-24 15:38:36.051 25921 25921 D CS/SettingChangeReceiver: ACTION_PACKAGE_DATA_CLEARED
03-24 15:38:36.051  3670  3698 I PersonaManager: mKnoxInfo is empty
03-24 15:38:36.051  3670  4947 V BroadcastQueue: [background] Process cur broadcast BroadcastRecord{c311548 u0 android.intent.action.PACKAGE_DATA_CLEARED qIdx=4}, state= (APP_RECEIVE) DELIVERED for app ProcessRecord{4277236 26000:com.samsung.storyservice/5004}
03-24 15:38:36.061  3670  4947 V BroadcastQueue: [background] Process cur broadcast BroadcastRecord{c311548 u0 android.intent.action.PACKAGE_DATA_CLEARED qIdx=4}, state= (APP_RECEIVE) DELIVERED for app ProcessRecord{55c4537 26012:com.samsung.android.provider.shootingmodeprovider/u0a63}
03-24 15:38:36.071 26029 26029 D Mms/FreeMessageStatusReceiver: onReceive, action : android.intent.action.PACKAGE_DATA_CLEARED
03-24 15:38:36.071  3670  4947 V BroadcastQueue: [background] Process cur broadcast BroadcastRecord{c311548 u0 android.intent.action.PACKAGE_DATA_CLEARED qIdx=4}, state= (APP_RECEIVE) DELIVERED for app ProcessRecord{4ea6aa4 26029:com.android.mms/u0a68}
03-24 15:38:36.071  3670  4952 I PersonaManager: mKnoxInfo is empty
03-24 15:38:36.081 26029 26253 D Mms/FreeMessageReceiverService: onHandleIntent, action : android.intent.action.PACKAGE_DATA_CLEARED
03-24 15:38:36.081 26029 26253 D Mms/FreeMessageReceiverService: onHandleIntent: ACTION_PACKAGE_DATA_CLEARED
03-24 15:38:36.081  3670  4452 V BroadcastQueue: [background] Process cur broadcast BroadcastRecord{c311548 u0 android.intent.action.PACKAGE_DATA_CLEARED qIdx=4}, state= (APP_RECEIVE) DELIVERED for app ProcessRecord{4d53158 26068:com.android.contacts/u0a11}
03-24 15:38:36.081  3670  4452 V BroadcastQueue: [background] Process cur broadcast BroadcastRecord{c311548 u0 android.intent.action.PACKAGE_DATA_CLEARED qIdx=4}, state= (APP_RECEIVE) DELIVERED for app ProcessRecord{f2ad42b 26114:com.samsung.android.weather/u0a77}
03-24 15:38:36.091 26114 26114 D [WeatherApp(1236)]  : {[210EBC5507306FD4A50F1D40A85780C068F240D41FBB267D51FF013BE0DD2039C2D12A1E8BDFBC0AEF71E0B60AC5CC12634EBF0E217E31968750E349D4CD9F055A27188D45800F4DAB642142108315BE81E026EB18EEECE85B657C0C8D6BE9223F3FF78946A3AC40353238FF8220877BC1C5894599200B233FBF41BEB5FE06EF]}
03-24 15:38:36.091  3670  4452 V BroadcastQueue: [background] Process cur broadcast BroadcastRecord{c311548 u0 android.intent.action.PACKAGE_DATA_CLEARED qIdx=4}, state= (APP_RECEIVE) DELIVERED for app ProcessRecord{a808807 25965:com.samsung.android.coreapps/5011}
03-24 15:38:36.101  3670  4452 V BroadcastQueue: [background] Process cur broadcast BroadcastRecord{c311548 u0 android.intent.action.PACKAGE_DATA_CLEARED qIdx=4}, state= (APP_RECEIVE) DELIVERED for app ProcessRecord{e963d34 26127:com.android.documentsui/u0a92}
03-24 15:38:36.101  3670  4452 V BroadcastQueue: [background] Process cur broadcast BroadcastRecord{c311548 u0 android.intent.action.PACKAGE_DATA_CLEARED qIdx=4}, state= (APP_RECEIVE) DELIVERED for app ProcessRecord{81441b6 25088:com.sec.android.daemonapp/u0a145}
03-24 15:38:36.101 25088 25088 D [WeatherWidget(1236)]  ClearDataReceiver: {[2B4A2AC40B5A9FD87A06E8EADDAC90140D0735C4111B00ED5A4BFDD943296A603CF64C72E7F3E6D25FF9ACC8831CFEFAAF9CFCCA971A42420C7C4462190C6970D4522B06ADB15EB3E59FE8EB8A3E9AFD9C17BE5F2866158F00F7C01EC0FB0608D957C113F4D4ED528927AA6FDD99EF3E]}
03-24 15:38:36.111  3670  4452 V BroadcastQueue: [background] Process cur broadcast BroadcastRecord{c311548 u0 android.intent.action.PACKAGE_DATA_CLEARED qIdx=4}, state= (APP_RECEIVE) DELIVERED for app ProcessRecord{921789a 25106:com.android.calendar/u0a164}
03-24 15:38:36.111  3670  4452 V BroadcastQueue: [background] Process cur broadcast BroadcastRecord{c311548 u0 android.intent.action.PACKAGE_DATA_CLEARED qIdx=4}, state= (APP_RECEIVE) DELIVERED for app ProcessRecord{261cc59 26152:com.sec.android.app.sbrowser/u0a168}
03-24 15:38:36.121 26152 26152 E WebContentsProviderReceiver: onReceive - not approved application
03-24 15:38:36.121  3670  4452 V BroadcastQueue: [background] Process cur broadcast BroadcastRecord{c311548 u0 android.intent.action.PACKAGE_DATA_CLEARED qIdx=4}, state= (APP_RECEIVE) DELIVERED for app ProcessRecord{85fa1e2 26227:com.android.chrome/u0a88}
03-24 15:38:36.131  3670  4452 V BroadcastQueue: [background] Process cur broadcast BroadcastRecord{c311548 u0 android.intent.action.PACKAGE_DATA_CLEARED qIdx=4}, state= (APP_RECEIVE) DELIVERED for app ProcessRecord{68a6177 7275:com.google.android.gms.persistent/u0a15}
03-24 15:38:36.131  3670  4143 I PersonaManager: mKnoxInfo is empty
03-24 15:38:36.131  3670  3931 I PersonaManager: mKnoxInfo is empty
03-24 15:38:36.131  3670  4550 V BroadcastQueue: [background] Process cur broadcast BroadcastRecord{25b2106 u0 com.samsung.intent.action.SIM_DB_INIT qIdx=4}, state= (APP_RECEIVE) DELIVERED for app ProcessRecord{4d53158 26068:com.android.contacts/u0a11}
03-24 15:38:36.141  3670  4454 I PersonaManager: mKnoxInfo is empty
03-24 15:38:36.141  3670  4947 I PersonaManager: mKnoxInfo is empty
03-24 15:38:36.141 23981 26205 I LocationSettingsChecker: Removing dialog suppression flag for package com.microsoft.emmx
03-24 15:38:36.141  3670  3698 I PersonaManager: mKnoxInfo is empty
03-24 15:38:36.151  3670  4524 I PersonaManager: mKnoxInfo is empty
03-24 15:38:36.151  3670  4452 I PersonaManager: mKnoxInfo is empty
03-24 15:38:36.151  3670  4524 I PersonaManager: mKnoxInfo is empty
03-24 15:38:36.151  3670  4409 I PersonaManager: mKnoxInfo is empty
03-24 15:38:36.151  3670  4016 I PersonaManager: mKnoxInfo is empty
03-24 15:38:36.161 23981 24060 I Icing   : doRemovePackageData com.microsoft.emmx
03-24 15:38:36.171  3670  4407 I PersonaManager: mKnoxInfo is empty
03-24 15:38:36.171  3670  4552 V BroadcastQueue: [background] Process cur broadcast BroadcastRecord{e67fa19 u0 com.samsung.intent.action.SIM2_DB_INIT qIdx=4}, state= (APP_RECEIVE) DELIVERED for app ProcessRecord{4d53158 26068:com.android.contacts/u0a11}
03-24 15:38:36.181  3670  4952 V BroadcastQueue: [background] Process cur broadcast BroadcastRecord{8cf4ade u0 android.intent.action.PACKAGE_RESTARTED qIdx=4}, state= (APP_RECEIVE) DELIVERED for app ProcessRecord{a8b6d0a 3670:system/1000}
03-24 15:38:36.191  3670  3670 V BroadcastQueue: [background] Process cur broadcast BroadcastRecord{8cf4ade u0 android.intent.action.PACKAGE_RESTARTED qIdx=4}, state= (APP_RECEIVE) DELIVERED for app ProcessRecord{b18f6e4 25230:com.sec.android.app.soundalive/u0a62}
03-24 15:38:36.191 25181 25197 E ContactsProvider_EventLog: Flush buffer to file cnt : 2 size : 0Kb duration : 11ms lastUpdatedAfter : 56263 ms mFlush_time_threasold : 2000 mCurrentSize : 408
03-24 15:38:36.191 25230 25230 D SAControlPanelReceiver: *****onReceive()*****
03-24 15:38:36.191 25230 25230 D SAControlPanelReceiver: Action: android.intent.action.PACKAGE_RESTARTED
03-24 15:38:36.201  3670  4952 V BroadcastQueue: [background] Process cur broadcast BroadcastRecord{8cf4ade u0 android.intent.action.PACKAGE_RESTARTED qIdx=4}, state= (APP_RECEIVE) DELIVERED for app ProcessRecord{81441b6 25088:com.sec.android.daemonapp/u0a145}
03-24 15:38:36.201 25088 25088 D [WeatherWidget(1236)]  ClearDataReceiver: {[2B4A2AC40B5A9FD87A06E8EADDAC90140D0735C4111B00ED5A4BFDD943296A603CF64C72E7F3E6D25FF9ACC8831CFEFA3E34FF6EAD00357EC7386503FB76F1C38DE7DC83CE464FCACDBF41BB39AB7B0532B2430328A965C13539887ACF027538D8F07ACD0F60FD058041946420F66BD7]}
03-24 15:38:36.201  3670  4947 I PersonaManager: mKnoxInfo is empty
03-24 15:38:36.201  3670  4952 V BroadcastQueue: [background] Process cur broadcast BroadcastRecord{ec6b4bf u0 android.intent.action.PACKAGE_RESTARTED qIdx=4}, state= (APP_RECEIVE) DELIVERED for app ProcessRecord{a8b6d0a 3670:system/1000}
03-24 15:38:36.211  3670  3670 V BroadcastQueue: [background] Process cur broadcast BroadcastRecord{ec6b4bf u0 android.intent.action.PACKAGE_RESTARTED qIdx=4}, state= (APP_RECEIVE) DELIVERED for app ProcessRecord{b18f6e4 25230:com.sec.android.app.soundalive/u0a62}
03-24 15:38:36.211 25230 25230 D SAControlPanelReceiver: *****onReceive()*****
03-24 15:38:36.211 25230 25230 D SAControlPanelReceiver: Action: android.intent.action.PACKAGE_RESTARTED
03-24 15:38:36.211 26220 26220 I FIPS_bssl: FIPS approved mode (1) | 26220 | app_process
03-24 15:38:36.211  3670  4952 V BroadcastQueue: [background] Process cur broadcast BroadcastRecord{ec6b4bf u0 android.intent.action.PACKAGE_RESTARTED qIdx=4}, state= (APP_RECEIVE) DELIVERED for app ProcessRecord{81441b6 25088:com.sec.android.daemonapp/u0a145}
03-24 15:38:36.211 25088 25088 D [WeatherWidget(1236)]  ClearDataReceiver: {[2B4A2AC40B5A9FD87A06E8EADDAC90140D0735C4111B00ED5A4BFDD943296A603CF64C72E7F3E6D25FF9ACC8831CFEFA3E34FF6EAD00357EC7386503FB76F1C38DE7DC83CE464FCACDBF41BB39AB7B0532B2430328A965C13539887ACF027538D8F07ACD0F60FD058041946420F66BD7]}
03-24 15:38:36.221 26220 26220 D AndroidRuntime: >>>>>> START com.android.internal.os.RuntimeInit uid 2000 <<<<<<
03-24 15:38:36.221 26220 26220 D AndroidRuntime: CheckJNI is OFF
03-24 15:38:36.221 26220 26220 D AndroidRuntime: readGMSProperty: start
03-24 15:38:36.221 26220 26220 D AndroidRuntime: readGMSProperty: already setted!!
03-24 15:38:36.221 26220 26220 D AndroidRuntime: propertySet: couldn't set property (it is from app)
03-24 15:38:36.221 26220 26220 D AndroidRuntime: readGMSProperty: could not set the property(default)!!
03-24 15:38:36.221 26220 26220 D AndroidRuntime: readGMSProperty: end
03-24 15:38:36.221 26220 26220 D AndroidRuntime: addProductProperty: start
03-24 15:38:36.221  3670  4952 V BroadcastQueue: [background] Process cur broadcast BroadcastRecord{67578c u0 android.intent.action.PACKAGE_DATA_CLEARED qIdx=4}, state= (APP_RECEIVE) DELIVERED for app ProcessRecord{96f24ae 25888:com.samsung.cmh:CMH/5004}
03-24 15:38:36.231  3670  4952 V BroadcastQueue: [background] Process cur broadcast BroadcastRecord{67578c u0 android.intent.action.PACKAGE_DATA_CLEARED qIdx=4}, state= (APP_RECEIVE) DELIVERED for app ProcessRecord{9ecddc 25921:com.samsung.android.communicationservice/5002}
03-24 15:38:36.231 25921 25921 D CS/SettingChangeReceiver: onReceive() action = android.intent.action.PACKAGE_DATA_CLEARED
03-24 15:38:36.231 25921 25921 D CS/SettingChangeReceiver: ACTION_PACKAGE_DATA_CLEARED
03-24 15:38:36.231  3670  4952 V BroadcastQueue: [background] Process cur broadcast BroadcastRecord{67578c u0 android.intent.action.PACKAGE_DATA_CLEARED qIdx=4}, state= (APP_RECEIVE) DELIVERED for app ProcessRecord{4277236 26000:com.samsung.storyservice/5004}
03-24 15:38:36.241  3670  4952 V BroadcastQueue: [background] Process cur broadcast BroadcastRecord{67578c u0 android.intent.action.PACKAGE_DATA_CLEARED qIdx=4}, state= (APP_RECEIVE) DELIVERED for app ProcessRecord{55c4537 26012:com.samsung.android.provider.shootingmodeprovider/u0a63}
03-24 15:38:36.241 26220 26220 D ICU     : No timezone override file found: /data/misc/zoneinfo/current/icu/icu_tzdata.dat
03-24 15:38:36.251  3670  4952 V BroadcastQueue: [background] Process cur broadcast BroadcastRecord{67578c u0 android.intent.action.PACKAGE_DATA_CLEARED qIdx=4}, state= (APP_RECEIVE) DELIVERED for app ProcessRecord{4ea6aa4 26029:com.android.mms/u0a68}
03-24 15:38:36.251 26029 26029 D Mms/FreeMessageStatusReceiver: onReceive, action : android.intent.action.PACKAGE_DATA_CLEARED
03-24 15:38:36.251  3670  4409 I PersonaManager: mKnoxInfo is empty
03-24 15:38:36.251  3670  4452 V BroadcastQueue: [background] Process cur broadcast BroadcastRecord{67578c u0 android.intent.action.PACKAGE_DATA_CLEARED qIdx=4}, state= (APP_RECEIVE) DELIVERED for app ProcessRecord{4d53158 26068:com.android.contacts/u0a11}
03-24 15:38:36.261 26029 26267 D Mms/FreeMessageReceiverService: onHandleIntent, action : android.intent.action.PACKAGE_DATA_CLEARED
03-24 15:38:36.261 26029 26267 D Mms/FreeMessageReceiverService: onHandleIntent: ACTION_PACKAGE_DATA_CLEARED
03-24 15:38:36.261  3670  4452 V BroadcastQueue: [background] Process cur broadcast BroadcastRecord{67578c u0 android.intent.action.PACKAGE_DATA_CLEARED qIdx=4}, state= (APP_RECEIVE) DELIVERED for app ProcessRecord{f2ad42b 26114:com.samsung.android.weather/u0a77}
03-24 15:38:36.261 26114 26114 D [WeatherApp(1236)]  : {[210EBC5507306FD4A50F1D40A85780C068F240D41FBB267D51FF013BE0DD2039C2D12A1E8BDFBC0AEF71E0B60AC5CC1257983AB444C2B609C0595121A88B8667126ECD7216DE7D2CE75D86A1801F9BBE78FBFBEB799E5575E2D9DAD51288243B5A63DDAD069337FD6A3E71263149F35F40291D6406B56B349769C2DB709665DC]}
03-24 15:38:36.271 26220 26220 I Radio-JNI: register_android_hardware_Radio DONE
03-24 15:38:36.271  3670  4452 V BroadcastQueue: [background] Process cur broadcast BroadcastRecord{67578c u0 android.intent.action.PACKAGE_DATA_CLEARED qIdx=4}, state= (APP_RECEIVE) DELIVERED for app ProcessRecord{a808807 25965:com.samsung.android.coreapps/5011}
03-24 15:38:36.281 26220 26220 E AffinityControl: AffinityControl: registerfunction enter
03-24 15:38:36.281  3670  4452 V BroadcastQueue: [background] Process cur broadcast BroadcastRecord{67578c u0 android.intent.action.PACKAGE_DATA_CLEARED qIdx=4}, state= (APP_RECEIVE) DELIVERED for app ProcessRecord{e963d34 26127:com.android.documentsui/u0a92}
03-24 15:38:36.281  3670  4452 V BroadcastQueue: [background] Process cur broadcast BroadcastRecord{67578c u0 android.intent.action.PACKAGE_DATA_CLEARED qIdx=4}, state= (APP_RECEIVE) DELIVERED for app ProcessRecord{81441b6 25088:com.sec.android.daemonapp/u0a145}
03-24 15:38:36.281 25088 25088 D [WeatherWidget(1236)]  ClearDataReceiver: {[2B4A2AC40B5A9FD87A06E8EADDAC90140D0735C4111B00ED5A4BFDD943296A603CF64C72E7F3E6D25FF9ACC8831CFEFAAF9CFCCA971A42420C7C4462190C6970D4522B06ADB15EB3E59FE8EB8A3E9AFD587790E7525E9B2C629DB8BB87C6ACCAFC257863C371D4D677465673D32DD8E1]}
03-24 15:38:36.291  3670  4452 V BroadcastQueue: [background] Process cur broadcast BroadcastRecord{67578c u0 android.intent.action.PACKAGE_DATA_CLEARED qIdx=4}, state= (APP_RECEIVE) DELIVERED for app ProcessRecord{921789a 25106:com.android.calendar/u0a164}
03-24 15:38:36.291 26220 26220 D AndroidRuntime: Calling main entry com.android.commands.monkey.Monkey
03-24 15:38:36.291  3670  4452 V BroadcastQueue: [background] Process cur broadcast BroadcastRecord{67578c u0 android.intent.action.PACKAGE_DATA_CLEARED qIdx=4}, state= (APP_RECEIVE) DELIVERED for app ProcessRecord{261cc59 26152:com.sec.android.app.sbrowser/u0a168}
03-24 15:38:36.291 26152 26152 E WebContentsProviderReceiver: onReceive - not approved application
03-24 15:38:36.301  3670  4452 V BroadcastQueue: [background] Process cur broadcast BroadcastRecord{67578c u0 android.intent.action.PACKAGE_DATA_CLEARED qIdx=4}, state= (APP_RECEIVE) DELIVERED for app ProcessRecord{85fa1e2 26227:com.android.chrome/u0a88}
03-24 15:38:36.311  3670  4452 V BroadcastQueue: [background] Process cur broadcast BroadcastRecord{67578c u0 android.intent.action.PACKAGE_DATA_CLEARED qIdx=4}, state= (APP_RECEIVE) DELIVERED for app ProcessRecord{68a6177 7275:com.google.android.gms.persistent/u0a15}
03-24 15:38:36.311  3670  3698 I PersonaManager: mKnoxInfo is empty
03-24 15:38:36.311  3670  3698 I PersonaManager: mKnoxInfo is empty
03-24 15:38:36.311  3670  4524 I PersonaManager: mKnoxInfo is empty
03-24 15:38:36.321  3670  4952 I PersonaManager: mKnoxInfo is empty
03-24 15:38:36.321 23981 26211 I LocationSettingsChecker: Removing dialog suppression flag for package org.mozilla.firefox
03-24 15:38:36.321  3670  4409 I PersonaManager: mKnoxInfo is empty
03-24 15:38:36.321  3670  4550 I PersonaManager: mKnoxInfo is empty
03-24 15:38:36.321  3670  4452 I PersonaManager: mKnoxInfo is empty
03-24 15:38:36.321  3670  4143 I PersonaManager: mKnoxInfo is empty
03-24 15:38:36.331  3670  4016 I PersonaManager: mKnoxInfo is empty
03-24 15:38:36.331  3670  3796 W BroadcastQueue: Skipping deliver [background] BroadcastRecord{19db942 u-1 android.net.conn.CONNECTIVITY_CHANGE qIdx=4}, state= (IDLE) to ReceiverList{9a62d53 26220 (unknown name)/2000/u-1 remote:9f5d351}: process crashing
03-24 15:38:36.331  3670  4454 I PersonaManager: mKnoxInfo is empty
03-24 15:38:36.331  3670  3931 I PersonaManager: mKnoxInfo is empty
03-24 15:38:36.331 23981 24060 I Icing   : doRemovePackageData org.mozilla.firefox
03-24 15:38:36.341 26220 26220 I Timeline: Timeline: Activity_launch_request id:com.android.chrome time:73127270
03-24 15:38:36.341  3670  4952 I PersonaManager: mKnoxInfo is empty
03-24 15:38:36.341  3670  4952 D GameManagerService: identifyGamePackage. com.android.chrome
03-24 15:38:36.341  3670  4952 D MultiWindowPolicy: Gamemode - return 0,  when calling  identifyForegroundApp(com.android.chrome)
03-24 15:38:36.341  3670  4952 D CustomFrequencyManagerService: acquireDVFSLockLocked : type : DVFS_MIN_LIMIT  frequency : 1800000  uid : 1000  pid : 3670  pkgName : ACTIVITY_RESUME_BOOSTER@3
03-24 15:38:36.341  3670  4952 D ActivityManager: mDVFSHelper.acquire()
03-24 15:38:36.341  3670  4952 V WindowManager: addAppToken: AppWindowToken{452278e token=Token{4ce9b89 ActivityRecord{ec2c690 u0 com.android.chrome/com.google.android.apps.chrome.Main t203}}} to stack=1 task=203 at 0
03-24 15:38:36.361  3670  3884 D SecWifiDisplayUtil: Metadata value : SecSettings2
03-24 15:38:36.361  3670  3884 D ViewRootImpl: #1 mView = com.android.internal.policy.PhoneWindow$DecorView{980d7a8 V.E...... R.....ID 0,0-0,0}
03-24 15:38:36.361  3670  3884 D ISSUE_DEBUG: InputChannelName : 3bf9a66 Starting com.android.chrome
03-24 15:38:36.361  3670  4952 D InputDispatcher: Focused application set to: xxxx
03-24 15:38:36.361  3670  4952 D InputDispatcher: Focus left window: 25534
03-24 15:38:36.361  3670  4946 D SettingsProvider: isChangeAllowed() : name = user_rotation
03-24 15:38:36.361  3670  4946 D SettingsProvider: isChangeAllowed() : name = accelerometer_rotation
03-24 15:38:36.361  3670  4550 I PersonaManager: mKnoxInfo is empty
03-24 15:38:36.361  3670  4946 V WindowOrientationListener: OrientationSensorJudge.getProposedRotation, Rotation: -1
03-24 15:38:36.361  3670  4946 V WindowManager: rotationForOrientationLw(orient=-1, last=0); user=0  sensorRotation=-1 mLidState=-1 mDockMode=0 mHdmiPlugged=false mMobileKeyboardEnabled=false displayId=0
03-24 15:38:36.361  3670  4946 V WindowOrientationListener: OrientationSensorJudge.getProposedRotation, Rotation: -1
03-24 15:38:36.361  3670  3798 D SContextService: unregisterCallback() : Listener = android.hardware.scontext.SContextService$Listener@ab5f837, Service = Auto Rotation, used = 0
03-24 15:38:36.371  3670  4552 D SettingsProvider: isChangeAllowed() : name = accelerometer_rotation
03-24 15:38:36.371  3025  3025 I SurfaceFlinger: id=824 createSurf (1440x2560),1 flag=404, dhrome
03-24 15:38:36.371  3670  3798 W CAE     : unregisterCallback(ContextAwareService.java:206) - [unregi 01] Mutex is locked for AUTO_ROTATION
03-24 15:38:36.371  3670  3798 V CAE     : stop(ContextProvider.java:155)
03-24 15:38:36.371  3670  3798 V CAE     : clear(AutoRotationRunner.java:182)
03-24 15:38:36.371  3670  3798 V CAE     : disable(AutoRotationRunner.java:171)
03-24 15:38:36.371  3670  3798 I CAE     : sendCmdToSensorHub(SensorHubCommManager.java:162) - -78, 7, 0, 0,
03-24 15:38:36.371  3670  3798 D SensorHubManager: SendSensorHubData: send data = -78, 7, 0, 0
03-24 15:38:36.381  3054  3104 D Sensorhubs: sendContextData: -78, 7, 0, 0
03-24 15:38:36.391  3670  3798 D CAE     : getFaultDetectionResult(AutoRotationRunner.java:195) - true
03-24 15:38:36.391  3670  3798 I CAE     : notifyCmdProcessResultObserver(ContextProvider.java:627) - CheckResult = 0, Cause = Success
03-24 15:38:36.401  3670  3798 D CAE     : doCommendProcess(ContextAwareService.java:433) - complete notify the operation result.
03-24 15:38:36.401  3670  3798 I CAE     : displayUsedCountForService(ContextAwareService.java:525) - totalCnt = 0, serviceCount = 0, subCollectionCount = 0
03-24 15:38:36.401  3670  3798 D CAE     : showListenerList(ContextAwareService.java:366) - ===== Context Aware Service List =====
03-24 15:38:36.401  3670  3798 I CAE     : showListenerList(ContextAwareService.java:375) - Listener : com.samsung.android.contextaware.manager.ContextAwareService$Listener@1e966aa, Service : ACTIVITY_TRACKER_CURRENT_INFO(1)
03-24 15:38:36.401  3670  3798 I CAE     : showListenerList(ContextAwareService.java:375) - Listener : com.samsung.android.contextaware.manager.ContextAwareService$Listener@1e966aa, Service : ACTIVITY_TRACKER(1)
03-24 15:38:36.401  3670  3798 I CAE     : showListenerList(ContextAwareService.java:375) - Listener : com.samsung.android.contextaware.manager.ContextAwareService$Listener@1bfe120, Service : AUTO_BRIGHTNESS(1)
03-24 15:38:36.401  3670  3798 W CAE     : unregisterCallback(ContextAwareService.java:241) - [unregi 02] Mutex is unlocked for AUTO_ROTATION
03-24 15:38:36.401  3670  3798 D SContextService: 	.unregisterCallback : 3, client=
03-24 15:38:36.401  3670  3798 D SContextService: ===== SContext Service List =====
03-24 15:38:36.401  3670  3798 D SContextService: Listener : android.hardware.scontext.SContextService$Listener@40acad9, Service : Auto Brightness
03-24 15:38:36.401  3670  3798 D SContextService: Listener : android.hardware.scontext.SContextService$Listener@90a289b, Service : Activity Tracker
03-24 15:38:36.401  3670  3798 D SContextManager:   .unregisterListener : listener = com.android.server.policy.WindowOrientationListener$OrientationSensorJudge@a57e543, service=Auto Rotation
03-24 15:38:36.401  3670  4552 V WindowManager: rotationForOrientationLw(orient=-1, last=0); user=0 USER_ROTATION_LOCKED sensorRotation=-1 mLidState=-1 mDockMode=0 mHdmiPlugged=false mMobileKeyboardEnabled=false displayId=0
03-24 15:38:36.401  3670  3884 D PointerIcon: setMouseIconStyle1 pointerType: 1001 iconType:101 flag:0 pid:3670 uid:1000
03-24 15:38:36.401  3670  3884 D PointerIcon: setMouseCustomIcon IconType is same.101
03-24 15:38:36.401  3670  3798 V WindowManager: rotationForOrientationLw(orient=-1, last=0); user=0 USER_ROTATION_LOCKED sensorRotation=-1 mLidState=-1 mDockMode=0 mHdmiPlugged=false mMobileKeyboardEnabled=false displayId=0
03-24 15:38:36.401  3670  3884 D ViewRootImpl: MSG_RESIZED_REPORT: ci=Rect(0, 96 - 0, 0) vi=Rect(0, 96 - 0, 0) or=1
03-24 15:38:36.401  3670  3798 V WindowManager: rotationForOrientationLw(orient=-1, last=0); user=0 USER_ROTATION_LOCKED sensorRotation=-1 mLidState=-1 mDockMode=0 mHdmiPlugged=false mMobileKeyboardEnabled=false displayId=0
03-24 15:38:36.411 26220 26220 I art     : System.exit called, status: 0
03-24 15:38:36.411 26220 26220 I AndroidRuntime: VM exiting with result code 0.
03-24 15:38:36.411  3670  3798 W CAE     : setCAProperty(ContextAwareService.java:578) - [setProperty 01] Mutex is locked for AUTO_ROTATION
03-24 15:38:36.411  3670  3798 I CAE     : setPropertyValue(AutoRotationRunner.java:119) - Device Type = 0.0
03-24 15:38:36.411  3670  3798 I CAE     : setCAProperty(ContextAwareService.java:583) - result : true
03-24 15:38:36.411  3670  3798 W CAE     : setCAProperty(ContextAwareService.java:584) - [setProperty 02] Mutex is unlocked for AUTO_ROTATION
03-24 15:38:36.411  3670  3798 W CAE     : registerCallback(ContextAwareService.java:144) - [regi 01] Mutex is locked for AUTO_ROTATION
03-24 15:38:36.411  3670  3798 V CAE     : start(ContextProvider.java:128)
03-24 15:38:36.411  3670  3798 V CAE     : clear(AutoRotationRunner.java:182)
03-24 15:38:36.411  3670  3798 V CAE     : enable(AutoRotationRunner.java:158)
03-24 15:38:36.411  3670  3798 I CAE     : sendCmdToSensorHub(SensorHubCommManager.java:162) - -79, 7, 0, 0,
03-24 15:38:36.411  3670  3798 D SensorHubManager: SendSensorHubData: send data = -79, 7, 0, 0
03-24 15:38:36.411  3054  3054 D Sensorhubs: sendContextData: -79, 7, 0, 0
03-24 15:38:36.421  3670  3884 V WindowStateAnimator: Finishing drawing window Window{3bf9a66 u0 d0 Starting com.android.chrome}: mDrawState=DRAW_PENDING
03-24 15:38:36.431  3670  3798 D CAE     : getFaultDetectionResult(AutoRotationRunner.java:195) - true
03-24 15:38:36.431  3670  3798 I CAE     : notifyCmdProcessResultObserver(ContextProvider.java:627) - CheckResult = 0, Cause = Success
03-24 15:38:36.431  3025  3025 D libEGL  : eglInitialize EGLDisplay = 0x7ff3f31d28
03-24 15:38:36.441  3670  3798 D CAE     : doCommendProcess(ContextAwareService.java:433) - complete notify the operation result.
03-24 15:38:36.441  3670  3798 I CAE     : displayUsedCountForService(ContextAwareService.java:525) - totalCnt = 1, serviceCount = 1, subCollectionCount = 0
03-24 15:38:36.441  3670  3798 D CAE     : showListenerList(ContextAwareService.java:366) - ===== Context Aware Service List =====
03-24 15:38:36.441  3670  3798 I CAE     : showListenerList(ContextAwareService.java:375) - Listener : com.samsung.android.contextaware.manager.ContextAwareService$Listener@1e966aa, Service : ACTIVITY_TRACKER_CURRENT_INFO(1)
03-24 15:38:36.441  3670  3798 I CAE     : showListenerList(ContextAwareService.java:375) - Listener : com.samsung.android.contextaware.manager.ContextAwareService$Listener@1e966aa, Service : ACTIVITY_TRACKER(1)
03-24 15:38:36.441  3670  3798 I CAE     : showListenerList(ContextAwareService.java:375) - Listener : com.samsung.android.contextaware.manager.ContextAwareService$Listener@1bfe120, Service : AUTO_BRIGHTNESS(1)
03-24 15:38:36.441  3670  3798 I CAE     : showListenerList(ContextAwareService.java:375) - Listener : com.samsung.android.contextaware.manager.ContextAwareService$Listener@a8401a7, Service : AUTO_ROTATION(1)
03-24 15:38:36.441  3670  3798 W CAE     : registerCallback(ContextAwareService.java:180) - [regi 02] Mutex is unlocked for AUTO_ROTATION
03-24 15:38:36.441  3670  3798 D SContextService: 	.registerCallback : 3, client=
03-24 15:38:36.441  3670  3798 D SContextService: ===== SContext Service List =====
03-24 15:38:36.441  3670  3798 D SContextService: Listener : android.hardware.scontext.SContextService$Listener@40acad9, Service : Auto Brightness
03-24 15:38:36.441  3670  3798 D SContextService: Listener : android.hardware.scontext.SContextService$Listener@90a289b, Service : Activity Tracker
03-24 15:38:36.441  3670  3798 D SContextService: Listener : android.hardware.scontext.SContextService$Listener@dfc654, Service : Auto Rotation
03-24 15:38:36.441  3670  3798 V WindowOrientationListener: OrientationSensorJudge.getProposedRotation, Rotation: -1
03-24 15:38:36.441  3670  3798 D SContextManager:   .registerListener : listener = com.android.server.policy.WindowOrientationListener$OrientationSensorJudge@a57e543, service=Auto Rotation
03-24 15:38:36.441  3670  3798 V WindowManager: rotationForOrientationLw(orient=-1, last=0); user=0  sensorRotation=-1 mLidState=-1 mDockMode=0 mHdmiPlugged=false mMobileKeyboardEnabled=false displayId=0
03-24 15:38:36.441  3670  3798 V WindowOrientationListener: OrientationSensorJudge.getProposedRotation, Rotation: -1
03-24 15:38:36.441  3670  3798 V WindowOrientationListener: OrientationSensorJudge.getProposedRotation, Rotation: -1
03-24 15:38:36.441  3670  3798 V WindowManager: rotationForOrientationLw(orient=-1, last=0); user=0  sensorRotation=-1 mLidState=-1 mDockMode=0 mHdmiPlugged=false mMobileKeyboardEnabled=false displayId=0
03-24 15:38:36.441  3670  3798 V WindowOrientationListener: OrientationSensorJudge.getProposedRotation, Rotation: -1
03-24 15:38:36.491  3670  3682 I art     : Background partial concurrent mark sweep GC freed 34049(2MB) AllocSpace objects, 0(0B) LOS objects, 26% free, 43MB/59MB, paused 1.489ms total 139.217ms
03-24 15:38:36.861  3670  3796 W ActivityManager: Activity pause timeout for ActivityRecord{fcdcea1 u0 com.example.myapplication/.MainActivity t170}
03-24 15:38:36.861  3670  3796 D ActivityManager:  Launching com.android.chrome, updated priority
03-24 15:38:36.861  3670  3670 D GameManagerService: NotifyRunnable. pkg: com.android.chrome, type: 4, isMinimized: false, isTunableApp: false
03-24 15:38:36.871  3670  3796 V MARsPolicyManager: updatePackagesScore PackageInfo name -- com.android.chrome
03-24 15:38:36.871  3670  4040 D SContextEnvironmentAdaptiveDisplayAttribute: setAttribute() mColorThreshold : 0.07
03-24 15:38:36.871  3670  3798 D StatusBarManagerService: manageDisableList userId=0 what=0x0 pkg=Window{3bf9a66 u0 d0 Starting com.android.chrome}
03-24 15:38:36.871  3670  4040 D SContextEnvironmentAdaptiveDisplayAttribute: setAttribute() mDuration : 35
03-24 15:38:36.871  3670  4019 D NetworkPolicy: isUidForegroundLocked: 10088, mScreenOn: true, uidstate: 2, mProxSensorScreenOff: false
03-24 15:38:36.871  3670  6805 D GameManagerService: identifyGamePackage. com.android.chrome
03-24 15:38:36.871  3670  4040 W CAE     : setCAProperty(ContextAwareService.java:578) - [setProperty 01] Mutex is locked for EAD
03-24 15:38:36.871  3670  4040 I CAE     : setPropertyValue(EADRunner.java:146) - Mode = 0.0
03-24 15:38:36.871  3670  4040 I CAE     : sendCmdToSensorHub(SensorHubCommManager.java:162) - -63, 23, 52, 1, 0, 0, 0, 0,
03-24 15:38:36.871  3670  4040 D SensorHubManager: SendSensorHubData: send data = -63, 23, 52, 1, 0, 0, 0, 0
03-24 15:38:36.881  3054 17920 D Sensorhubs: sendContextData: -63, 23, 52, 1, 0, 0, 0, 0
03-24 15:38:36.881  3670  4040 I CAE     : setCAProperty(ContextAwareService.java:583) - result : true
03-24 15:38:36.881  3670  4040 W CAE     : setCAProperty(ContextAwareService.java:584) - [setProperty 02] Mutex is unlocked for EAD
03-24 15:38:36.881  3670  4040 W CAE     : setCAProperty(ContextAwareService.java:578) - [setProperty 01] Mutex is locked for EAD
03-24 15:38:36.881  3670  4040 I CAE     : setPropertyValue(EADRunner.java:159) - Duration = 0
03-24 15:38:36.881  3670  4040 I CAE     : sendCmdToSensorHub(SensorHubCommManager.java:162) - -63, 23, 52, 2, 0,
03-24 15:38:36.881  3670  4040 D SensorHubManager: SendSensorHubData: send data = -63, 23, 52, 2, 0
03-24 15:38:36.881  3054  3104 D Sensorhubs: sendContextData: -63, 23, 52, 2, 0
03-24 15:38:36.881  3670  4040 I CAE     : setCAProperty(ContextAwareService.java:583) - result : true
03-24 15:38:36.881  3670  4040 W CAE     : setCAProperty(ContextAwareService.java:584) - [setProperty 02] Mutex is unlocked for EAD
03-24 15:38:36.881  3670  4040 W CAE     : registerCallback(ContextAwareService.java:144) - [regi 01] Mutex is locked for EAD
03-24 15:38:36.881  3670  4040 V CAE     : start(ContextProvider.java:128)
03-24 15:38:36.881  3670  4040 V CAE     : clear(EADRunner.java:257)
03-24 15:38:36.881  3670  4040 V CAE     : enable(EADRunner.java:232)
03-24 15:38:36.881  3670  4040 I CAE     : sendCmdToSensorHub(SensorHubCommManager.java:162) - -79, 52, 0, 0, 0, 0,
03-24 15:38:36.881  3670  4040 D SensorHubManager: SendSensorHubData: send data = -79, 52, 0, 0, 0, 0
03-24 15:38:36.881  3054  3054 D Sensorhubs: sendContextData: -79, 52, 0, 0, 0, 0
03-24 15:38:36.891  3670  4040 D CAE     : getFaultDetectionResult(EADRunner.java:271) - true
03-24 15:38:36.891  3670  4040 I CAE     : notifyCmdProcessResultObserver(ContextProvider.java:627) - CheckResult = 0, Cause = Success
03-24 15:38:36.901  3670  4040 D CAE     : doCommendProcess(ContextAwareService.java:433) - complete notify the operation result.
03-24 15:38:36.901  3670  4040 I CAE     : displayUsedCountForService(ContextAwareService.java:525) - totalCnt = 1, serviceCount = 1, subCollectionCount = 0
03-24 15:38:36.901  3670  4040 D CAE     : showListenerList(ContextAwareService.java:366) - ===== Context Aware Service List =====
03-24 15:38:36.901  3670  4040 I CAE     : showListenerList(ContextAwareService.java:375) - Listener : com.samsung.android.contextaware.manager.ContextAwareService$Listener@1e966aa, Service : ACTIVITY_TRACKER_CURRENT_INFO(1)
03-24 15:38:36.901  3670  4040 I CAE     : showListenerList(ContextAwareService.java:375) - Listener : com.samsung.android.contextaware.manager.ContextAwareService$Listener@1e966aa, Service : ACTIVITY_TRACKER(1)
03-24 15:38:36.901  3670  4040 I CAE     : showListenerList(ContextAwareService.java:375) - Listener : com.samsung.android.contextaware.manager.ContextAwareService$Listener@1bfe120, Service : AUTO_BRIGHTNESS(1)
03-24 15:38:36.901  3670  4040 I CAE     : showListenerList(ContextAwareService.java:375) - Listener : com.samsung.android.contextaware.manager.ContextAwareService$Listener@a8401a7, Service : AUTO_ROTATION(1)
03-24 15:38:36.901  3670  4040 I CAE     : showListenerList(ContextAwareService.java:375) - Listener : com.samsung.android.contextaware.manager.ContextAwareService$Listener@45d903e, Service : EAD(1)
03-24 15:38:36.901  3670  4040 W CAE     : registerCallback(ContextAwareService.java:180) - [regi 02] Mutex is unlocked for EAD
03-24 15:38:36.901  3670  4040 D SContextService: 	.registerCallback : 4, client=
03-24 15:38:36.901  3670  4040 D SContextService: ===== SContext Service List =====
03-24 15:38:36.901  3670  4040 D SContextService: Listener : android.hardware.scontext.SContextService$Listener@40acad9, Service : Auto Brightness
03-24 15:38:36.901  3670  4040 D SContextService: Listener : android.hardware.scontext.SContextService$Listener@90a289b, Service : Activity Tracker
03-24 15:38:36.901  3670  4040 D SContextService: Listener : android.hardware.scontext.SContextService$Listener@dfc654, Service : Auto Rotation
03-24 15:38:36.901  3670  4040 D SContextService: Listener : android.hardware.scontext.SContextService$Listener@bbd7e9f, Service : Environment Adaptive Display
03-24 15:38:36.901  3670  4040 D SContextManager:   .registerListener : listener = com.samsung.android.mdnie.AdaptiveDisplayColorService$3@5bb4caa, service=Environment Adaptive Display
03-24 15:38:36.911  3670  6805 D ConnectivityService: returning getNetworkInfo for network type 1 : [type: WIFI[] - WIFI, state: CONNECTED/CONNECTED, reason: (unspecified), extra: "DataStructures", roaming: false, failover: false, isAvailable: true]
03-24 15:38:36.921  3670  6805 D ConnectivityService: returning getNetworkInfo for network type 1 : [type: WIFI[] - WIFI, state: CONNECTED/CONNECTED, reason: (unspecified), extra: "DataStructures", roaming: false, failover: false, isAvailable: true]
03-24 15:38:36.921  3670  6805 D GameManagerService: identifyGamePackage. com.android.chrome
03-24 15:38:36.961 25888 25961 I Controller: [#CMH#] initializing late running services 
03-24 15:38:36.961 25888 25961 I ServiceManager: [#CMH#] Binding To Service  IPService
03-24 15:38:36.961  3670  3697 I PersonaManager: mKnoxInfo is empty
03-24 15:38:36.961 26227 26227 W ResourcesManager: getTopLevelResources: /data/app/com.android.chrome-2/base.apk / 1.0 running in com.android.chrome rsrc of package com.android.chrome
03-24 15:38:36.971 26227 26227 W ResourcesManager: getTopLevelResources: /data/app/com.android.chrome-2/base.apk / 1.0 running in com.android.chrome rsrc of package com.android.chrome
03-24 15:38:36.971 26281 26281 E Zygote  : v2
03-24 15:38:36.971 26281 26281 I libpersona: KNOX_SDCARD checking this for 5004
03-24 15:38:36.971 26281 26281 I libpersona: KNOX_SDCARD not a persona
03-24 15:38:36.971 26281 26281 W SELinux : Function: selinux_compare_spd_ram, index[1], priority [2], priority version is VE=SEPF_SECMOBILE_6.0.1_0003
03-24 15:38:36.971 26227 26227 D SecWifiDisplayUtil: Metadata value : SecSettings2
03-24 15:38:36.971 26281 26281 E Zygote  : accessInfo : 0
03-24 15:38:36.971 26281 26281 W SELinux : SELinux: seapp_context_lookup: seinfo=platform, level=s0:c512,c768, pkgname=com.samsung.ipservice 
03-24 15:38:36.971  3670  3697 I ActivityManager: Start proc 26281:com.samsung.ipservice/5004 for service com.samsung.ipservice/.IPService
03-24 15:38:36.971 25888 25961 I ServiceManager: [#CMH#] Binding To Service  FaceService
03-24 15:38:36.971  3670  4952 I PersonaManager: mKnoxInfo is empty
03-24 15:38:36.981 26227 26294 V MediaPlayer: decode(21, 8764500, 5795)
03-24 15:38:36.981 26295 26295 E Zygote  : v2
03-24 15:38:36.981 26295 26295 I libpersona: KNOX_SDCARD checking this for 5004
03-24 15:38:36.991 26295 26295 W SELinux : Function: selinux_compare_spd_ram, index[1], priority [2], priority version is VE=SEPF_SECMOBILE_6.0.1_0003
03-24 15:38:36.981 26295 26295 I libpersona: KNOX_SDCARD not a persona
03-24 15:38:36.991  3670  4952 I ActivityManager: Start proc 26295:com.samsung.faceservice/5004 for service com.samsung.faceservice/.FaceService
03-24 15:38:36.991 26295 26295 E Zygote  : accessInfo : 0
03-24 15:38:36.991 26295 26295 W SELinux : SELinux: seapp_context_lookup: seinfo=platform, level=s0:c512,c768, pkgname=com.samsung.faceservice 
03-24 15:38:36.991  3047  3962 D OggExtractor:  correct time not found. Let's use approximate value
03-24 15:38:36.991  3047  3962 I OggExtractor: OggSource::OggSource() mExtractor ref count = 4
03-24 15:38:36.991 25888 25961 I ServiceManager: [#CMH#] Binding To Service  StoryService
03-24 15:38:37.001  3670  4016 I PersonaManager: mKnoxInfo is empty
03-24 15:38:37.001 26000 26000 I StoryService: [StoryService] onBind() 
03-24 15:38:37.001  3047  3962 I OMXCodec: Attempting to allocate OMX node 'OMX.google.vorbis.decoder'
03-24 15:38:37.001 26227 26306 W System.err: remove failed: ENOENT (No such file or directory) : /data/user/0/com.android.chrome/shared_prefs/com.android.chrome_preferences.xml.bak
03-24 15:38:37.001  3047  3962 I OMXCodec: Successfully allocated OMX node 'OMX.google.vorbis.decoder'
03-24 15:38:37.001  3047  3962 I OMXCodec: >>>UHQA initOutputFormat 16
03-24 15:38:37.001  3047  3962 I OMXCodec: [OMX.google.vorbis.decoder] OMXCodec::start mState=1
03-24 15:38:37.001  3047  3962 I OMXCodec: [OMX.google.vorbis.decoder] allocating 4 buffers of size 8192 on input port
03-24 15:38:37.011  3047  3962 I OMXCodec: [OMX.google.vorbis.decoder] allocating 4 buffers of size 32768 on output port
03-24 15:38:37.011  3047 26308 I OMXCodec: [OMX.google.vorbis.decoder] Now Idle. Component sends idle done Event 
03-24 15:38:37.011 25888 25980 I Controller: [#CMH#] startRebuilder In 
03-24 15:38:37.011 25888 25980 I ControllerEventHandler: [#CMH#] onSystemRebooted 
03-24 15:38:37.011 25888 25980 I BaseThreadPoolExecutor: [#CMH#] Task com.samsung.cmh.database.DatabaseRebuilderTask@3ce0df0 is submitted
03-24 15:38:37.011 25888 26312 I DatabaseRebuilderTask: [#CMH#] syncCMHDB started  
03-24 15:38:37.011  3047 26308 I OMXCodec: [OMX.google.vorbis.decoder] 0onCmdComplete  mState =  7
03-24 15:38:37.011  3047 26308 I OMXCodec: [OMX.google.vorbis.decoder] PORT_DISABLED(1)
03-24 15:38:37.011  3047 26308 I OMXCodec: >>>UHQA initOutputFormat 16
