--------- beginning of main
03-24 15:31:26.041 16042 16042 D CS/SettingChangeReceiver: onReceive() action = android.intent.action.PACKAGE_DATA_CLEARED
03-24 15:31:26.041 16042 16042 D CS/SettingChangeReceiver: ACTION_PACKAGE_DATA_CLEARED
--------- beginning of system
03-24 15:31:26.041  3670  4409 V BroadcastQueue: [background] Process cur broadcast BroadcastRecord{8557fb6 u0 android.intent.action.PACKAGE_DATA_CLEARED qIdx=4}, state= (APP_RECEIVE) DELIVERED for app ProcessRecord{e11a286 16009:com.samsung.cmh:CMH/5004}
03-24 15:31:26.041  3670  4409 V BroadcastQueue: [background] Process cur broadcast BroadcastRecord{8557fb6 u0 android.intent.action.PACKAGE_DATA_CLEARED qIdx=4}, state= (APP_RECEIVE) DELIVERED for app ProcessRecord{9a85b74 16042:com.samsung.android.communicationservice/5002}
03-24 15:31:26.051  3670  4409 V BroadcastQueue: [background] Process cur broadcast BroadcastRecord{8557fb6 u0 android.intent.action.PACKAGE_DATA_CLEARED qIdx=4}, state= (APP_RECEIVE) DELIVERED for app ProcessRecord{396b90e 16121:com.samsung.storyservice/5004}
03-24 15:31:26.051  3670  4409 V BroadcastQueue: [background] Process cur broadcast BroadcastRecord{8557fb6 u0 android.intent.action.PACKAGE_DATA_CLEARED qIdx=4}, state= (APP_RECEIVE) DELIVERED for app ProcessRecord{2633f2f 16133:com.samsung.android.provider.shootingmodeprovider/u0a63}
03-24 15:31:26.061  3670  4409 V BroadcastQueue: [background] Process cur broadcast BroadcastRecord{8557fb6 u0 android.intent.action.PACKAGE_DATA_CLEARED qIdx=4}, state= (APP_RECEIVE) DELIVERED for app ProcessRecord{edc693c 16145:com.android.mms/u0a68}
03-24 15:31:26.061 16145 16145 D Mms/FreeMessageStatusReceiver: onReceive, action : android.intent.action.PACKAGE_DATA_CLEARED
03-24 15:31:26.061  3670  4454 I PersonaManager: mKnoxInfo is empty
03-24 15:31:26.071 16145 18680 D Mms/FreeMessageReceiverService: onHandleIntent, action : android.intent.action.PACKAGE_DATA_CLEARED
03-24 15:31:26.071 16145 18680 D Mms/FreeMessageReceiverService: onHandleIntent: ACTION_PACKAGE_DATA_CLEARED
03-24 15:31:26.071  3670  3698 V BroadcastQueue: [background] Process cur broadcast BroadcastRecord{8557fb6 u0 android.intent.action.PACKAGE_DATA_CLEARED qIdx=4}, state= (APP_RECEIVE) DELIVERED for app ProcessRecord{8a8521f 16181:com.android.contacts/u0a11}
03-24 15:31:26.081  3670  3698 V BroadcastQueue: [background] Process cur broadcast BroadcastRecord{8557fb6 u0 android.intent.action.PACKAGE_DATA_CLEARED qIdx=4}, state= (APP_RECEIVE) DELIVERED for app ProcessRecord{29c6270 16222:com.samsung.android.weather/u0a77}
03-24 15:31:26.081 16222 16222 D [WeatherApp(1236)]  : {[210EBC5507306FD4A50F1D40A85780C068F240D41FBB267D51FF013BE0DD2039C2D12A1E8BDFBC0AEF71E0B60AC5CC1257983AB444C2B609C0595121A88B8667126ECD7216DE7D2CE75D86A1801F9BBE78FBFBEB799E5575E2D9DAD51288243B5A63DDAD069337FD6A3E71263149F35F40291D6406B56B349769C2DB709665DC]}
03-24 15:31:26.081  3670  3698 V BroadcastQueue: [background] Process cur broadcast BroadcastRecord{8557fb6 u0 android.intent.action.PACKAGE_DATA_CLEARED qIdx=4}, state= (APP_RECEIVE) DELIVERED for app ProcessRecord{c703d21 16086:com.samsung.android.coreapps/5011}
03-24 15:31:26.091  3670  3698 V BroadcastQueue: [background] Process cur broadcast BroadcastRecord{8557fb6 u0 android.intent.action.PACKAGE_DATA_CLEARED qIdx=4}, state= (APP_RECEIVE) DELIVERED for app ProcessRecord{38d0307 16242:com.android.documentsui/u0a92}
03-24 15:31:26.101  3670  3698 V BroadcastQueue: [background] Process cur broadcast BroadcastRecord{8557fb6 u0 android.intent.action.PACKAGE_DATA_CLEARED qIdx=4}, state= (APP_RECEIVE) DELIVERED for app ProcessRecord{2f61a94 7226:com.sec.android.daemonapp/u0a145}
03-24 15:31:26.101  7226  7226 D [WeatherWidget(1236)]  ClearDataReceiver: {[2B4A2AC40B5A9FD87A06E8EADDAC90140D0735C4111B00ED5A4BFDD943296A603CF64C72E7F3E6D25FF9ACC8831CFEFAAF9CFCCA971A42420C7C4462190C6970D4522B06ADB15EB3E59FE8EB8A3E9AFD587790E7525E9B2C629DB8BB87C6ACCAFC257863C371D4D677465673D32DD8E1]}
03-24 15:31:26.101  3670  3698 V BroadcastQueue: [background] Process cur broadcast BroadcastRecord{8557fb6 u0 android.intent.action.PACKAGE_DATA_CLEARED qIdx=4}, state= (APP_RECEIVE) DELIVERED for app ProcessRecord{38547a0 16267:com.android.calendar/u0a164}
03-24 15:31:26.111  3670  3698 V BroadcastQueue: [background] Process cur broadcast BroadcastRecord{8557fb6 u0 android.intent.action.PACKAGE_DATA_CLEARED qIdx=4}, state= (APP_RECEIVE) DELIVERED for app ProcessRecord{1526f59 16293:com.sec.android.app.sbrowser/u0a168}
03-24 15:31:26.111 16293 16293 E WebContentsProviderReceiver: onReceive - not approved application
03-24 15:31:26.111  3670  3698 V BroadcastQueue: [background] Process cur broadcast BroadcastRecord{8557fb6 u0 android.intent.action.PACKAGE_DATA_CLEARED qIdx=4}, state= (APP_RECEIVE) DELIVERED for app ProcessRecord{846c2ad 18599:com.android.chrome/u0a88}
03-24 15:31:26.121  3670  3698 V BroadcastQueue: [background] Process cur broadcast BroadcastRecord{8557fb6 u0 android.intent.action.PACKAGE_DATA_CLEARED qIdx=4}, state= (APP_RECEIVE) DELIVERED for app ProcessRecord{68a6177 7275:com.google.android.gms.persistent/u0a15}
03-24 15:31:26.121  3670  4143 I PersonaManager: mKnoxInfo is empty
03-24 15:31:26.121  3670  4407 I PersonaManager: mKnoxInfo is empty
03-24 15:31:26.121  3670  4947 I PersonaManager: mKnoxInfo is empty
03-24 15:31:26.131 14938 18588 I LocationSettingsChecker: Removing dialog suppression flag for package org.mozilla.firefox
03-24 15:31:26.131  3670  4524 I PersonaManager: mKnoxInfo is empty
03-24 15:31:26.131  3670  4952 I PersonaManager: mKnoxInfo is empty
03-24 15:31:26.141  3670  4552 I PersonaManager: mKnoxInfo is empty
03-24 15:31:26.141  3670  3697 I PersonaManager: mKnoxInfo is empty
03-24 15:31:26.151  3670  4409 I PersonaManager: mKnoxInfo is empty
03-24 15:31:26.151  3670  4452 I PersonaManager: mKnoxInfo is empty
03-24 15:31:26.151  3670  3931 I PersonaManager: mKnoxInfo is empty
03-24 15:31:26.151 14938 15009 I Icing   : doRemovePackageData org.mozilla.firefox
03-24 15:31:26.181  3670  4407 I PersonaManager: mKnoxInfo is empty
03-24 15:31:26.211  3670  4947 I PersonaManager: mKnoxInfo is empty
03-24 15:31:26.471 18677 18677 I FIPS_bssl: FIPS approved mode (1) | 18677 | app_process
03-24 15:31:26.481 18677 18677 D AndroidRuntime: >>>>>> START com.android.internal.os.RuntimeInit uid 2000 <<<<<<
03-24 15:31:26.481 18677 18677 D AndroidRuntime: CheckJNI is OFF
03-24 15:31:26.481 18677 18677 D AndroidRuntime: readGMSProperty: start
03-24 15:31:26.481 18677 18677 D AndroidRuntime: readGMSProperty: already setted!!
03-24 15:31:26.481 18677 18677 D AndroidRuntime: propertySet: couldn't set property (it is from app)
03-24 15:31:26.481 18677 18677 D AndroidRuntime: readGMSProperty: could not set the property(default)!!
03-24 15:31:26.481 18677 18677 D AndroidRuntime: readGMSProperty: end
03-24 15:31:26.481 18677 18677 D AndroidRuntime: addProductProperty: start
03-24 15:31:26.511 18677 18677 D ICU     : No timezone override file found: /data/misc/zoneinfo/current/icu/icu_tzdata.dat
03-24 15:31:26.531 18677 18677 I Radio-JNI: register_android_hardware_Radio DONE
03-24 15:31:26.541 18677 18677 E AffinityControl: AffinityControl: registerfunction enter
03-24 15:31:26.551 18677 18677 D AndroidRuntime: Calling main entry com.android.commands.monkey.Monkey
03-24 15:31:26.571  3670  3796 W BroadcastQueue: Skipping deliver [background] BroadcastRecord{d68a3bc u-1 android.net.conn.CONNECTIVITY_CHANGE qIdx=4}, state= (IDLE) to ReceiverList{6d92f45 18677 (unknown name)/2000/u-1 remote:480cf8e}: process crashing
03-24 15:31:26.581 18677 18677 I Timeline: Timeline: Activity_launch_request id:com.android.chrome time:72697519
03-24 15:31:26.591  3670  4016 I PersonaManager: mKnoxInfo is empty
03-24 15:31:26.591  3670  4016 D GameManagerService: identifyGamePackage. com.android.chrome
03-24 15:31:26.591  3670  4016 D MultiWindowPolicy: Gamemode - return 0,  when calling  identifyForegroundApp(com.android.chrome)
03-24 15:31:26.591  3670  4016 D CustomFrequencyManagerService: acquireDVFSLockLocked : type : DVFS_MIN_LIMIT  frequency : 1800000  uid : 1000  pid : 3670  pkgName : ACTIVITY_RESUME_BOOSTER@3
03-24 15:31:26.591  3670  4016 D ActivityManager: mDVFSHelper.acquire()
03-24 15:31:26.591  3670  4016 V WindowManager: addAppToken: AppWindowToken{1fa3fa8 token=Token{d09fbcb ActivityRecord{b3e569a u0 com.android.chrome/com.google.android.apps.chrome.Main t191}}} to stack=1 task=191 at 0
03-24 15:31:26.611  3670  3884 D SecWifiDisplayUtil: Metadata value : SecSettings2
03-24 15:31:26.611  3670  3884 D ViewRootImpl: #1 mView = com.android.internal.policy.PhoneWindow$DecorView{6891ef2 V.E...... R.....ID 0,0-0,0}
03-24 15:31:26.611  3670  3884 D ISSUE_DEBUG: InputChannelName : 7db5bc0 Starting com.android.chrome
03-24 15:31:26.631  3025  3025 I SurfaceFlinger: id=785 createSurf (1x1),1 flag=404, dhrome
03-24 15:31:26.651  3670  4016 D InputDispatcher: Focused application set to: xxxx
03-24 15:31:26.651  3670  3884 D ViewRootImpl: MSG_RESIZED_REPORT: ci=Rect(0, 96 - 0, 0) vi=Rect(0, 96 - 0, 0) or=1
03-24 15:31:26.651  3670  4016 D InputDispatcher: Focus left window: 15683
03-24 15:31:26.651  3670  4409 D SettingsProvider: isChangeAllowed() : name = user_rotation
03-24 15:31:26.651  3670  4409 D SettingsProvider: isChangeAllowed() : name = accelerometer_rotation
03-24 15:31:26.651  3670  4409 V WindowOrientationListener: OrientationSensorJudge.getProposedRotation, Rotation: -1
03-24 15:31:26.651  3670  4409 V WindowManager: rotationForOrientationLw(orient=-1, last=0); user=0  sensorRotation=-1 mLidState=-1 mDockMode=0 mHdmiPlugged=false mMobileKeyboardEnabled=false displayId=0
03-24 15:31:26.651  3670  4409 V WindowOrientationListener: OrientationSensorJudge.getProposedRotation, Rotation: -1
03-24 15:31:26.651  3670  3798 D SContextService: unregisterCallback() : Listener = android.hardware.scontext.SContextService$Listener@3728d6b, Service = Auto Rotation, used = 0
03-24 15:31:26.651  3670  3798 W CAE     : unregisterCallback(ContextAwareService.java:206) - [unregi 01] Mutex is locked for AUTO_ROTATION
03-24 15:31:26.651  3670  3798 V CAE     : stop(ContextProvider.java:155)
03-24 15:31:26.661  3670  3798 V CAE     : clear(AutoRotationRunner.java:182)
03-24 15:31:26.661  3670  3798 V CAE     : disable(AutoRotationRunner.java:171)
03-24 15:31:26.661  3670  3798 I CAE     : sendCmdToSensorHub(SensorHubCommManager.java:162) - -78, 7, 0, 0,
03-24 15:31:26.661  3670  3798 D SensorHubManager: SendSensorHubData: send data = -78, 7, 0, 0
03-24 15:31:26.661  3054  3054 D Sensorhubs: sendContextData: -78, 7, 0, 0
03-24 15:31:26.671  3670  4143 D SettingsProvider: isChangeAllowed() : name = accelerometer_rotation
03-24 15:31:26.681  3670  3798 D CAE     : getFaultDetectionResult(AutoRotationRunner.java:195) - true
03-24 15:31:26.681  3670  3798 I CAE     : notifyCmdProcessResultObserver(ContextProvider.java:627) - CheckResult = 0, Cause = Success
03-24 15:31:26.691  3670  3798 D CAE     : doCommendProcess(ContextAwareService.java:433) - complete notify the operation result.
03-24 15:31:26.691  3025  3025 D libEGL  : eglInitialize EGLDisplay = 0x7ff3f31d28
03-24 15:31:26.701  3670  3798 I CAE     : displayUsedCountForService(ContextAwareService.java:525) - totalCnt = 0, serviceCount = 0, subCollectionCount = 0
03-24 15:31:26.701  3670  3798 D CAE     : showListenerList(ContextAwareService.java:366) - ===== Context Aware Service List =====
03-24 15:31:26.701  3670  3798 I CAE     : showListenerList(ContextAwareService.java:375) - Listener : com.samsung.android.contextaware.manager.ContextAwareService$Listener@1e966aa, Service : ACTIVITY_TRACKER_CURRENT_INFO(1)
03-24 15:31:26.701  3670  3798 I CAE     : showListenerList(ContextAwareService.java:375) - Listener : com.samsung.android.contextaware.manager.ContextAwareService$Listener@1e966aa, Service : ACTIVITY_TRACKER(1)
03-24 15:31:26.701  3670  3798 I CAE     : showListenerList(ContextAwareService.java:375) - Listener : com.samsung.android.contextaware.manager.ContextAwareService$Listener@1bfe120, Service : AUTO_BRIGHTNESS(1)
03-24 15:31:26.701  3670  3798 W CAE     : unregisterCallback(ContextAwareService.java:241) - [unregi 02] Mutex is unlocked for AUTO_ROTATION
03-24 15:31:26.701  3670  3798 D SContextService: 	.unregisterCallback : 3, client=
03-24 15:31:26.701  3670  3798 D SContextService: ===== SContext Service List =====
03-24 15:31:26.701  3670  3798 D SContextService: Listener : android.hardware.scontext.SContextService$Listener@40acad9, Service : Auto Brightness
03-24 15:31:26.701  3670  3798 D SContextService: Listener : android.hardware.scontext.SContextService$Listener@90a289b, Service : Activity Tracker
03-24 15:31:26.701  3670  3798 D SContextManager:   .unregisterListener : listener = com.android.server.policy.WindowOrientationListener$OrientationSensorJudge@a57e543, service=Auto Rotation
03-24 15:31:26.701  3670  4143 V WindowManager: rotationForOrientationLw(orient=-1, last=0); user=0 USER_ROTATION_LOCKED sensorRotation=-1 mLidState=-1 mDockMode=0 mHdmiPlugged=false mMobileKeyboardEnabled=false displayId=0
03-24 15:31:26.701  3670  3884 V WindowStateAnimator: Finishing drawing window Window{7db5bc0 u0 d0 Starting com.android.chrome}: mDrawState=DRAW_PENDING
03-24 15:31:26.701  3670  3798 V WindowManager: rotationForOrientationLw(orient=-1, last=0); user=0 USER_ROTATION_LOCKED sensorRotation=-1 mLidState=-1 mDockMode=0 mHdmiPlugged=false mMobileKeyboardEnabled=false displayId=0
03-24 15:31:26.701  3670  3884 D PointerIcon: setMouseIconStyle1 pointerType: 1001 iconType:101 flag:0 pid:3670 uid:1000
03-24 15:31:26.701  3670  3884 D PointerIcon: setMouseCustomIcon IconType is same.101
03-24 15:31:26.711 18677 18677 I art     : System.exit called, status: 0
03-24 15:31:26.711 18677 18677 I AndroidRuntime: VM exiting with result code 0.
03-24 15:31:26.711  3670  3798 V WindowManager: rotationForOrientationLw(orient=-1, last=0); user=0 USER_ROTATION_LOCKED sensorRotation=-1 mLidState=-1 mDockMode=0 mHdmiPlugged=false mMobileKeyboardEnabled=false displayId=0
03-24 15:31:26.721  3670  3798 W CAE     : setCAProperty(ContextAwareService.java:578) - [setProperty 01] Mutex is locked for AUTO_ROTATION
03-24 15:31:26.721  3670  3798 I CAE     : setPropertyValue(AutoRotationRunner.java:119) - Device Type = 0.0
03-24 15:31:26.721  3670  3798 I CAE     : setCAProperty(ContextAwareService.java:583) - result : true
03-24 15:31:26.721  3670  3798 W CAE     : setCAProperty(ContextAwareService.java:584) - [setProperty 02] Mutex is unlocked for AUTO_ROTATION
03-24 15:31:26.721  3670  3798 W CAE     : registerCallback(ContextAwareService.java:144) - [regi 01] Mutex is locked for AUTO_ROTATION
03-24 15:31:26.721  3670  3798 V CAE     : start(ContextProvider.java:128)
03-24 15:31:26.721  3670  3798 V CAE     : clear(AutoRotationRunner.java:182)
03-24 15:31:26.721  3670  3798 V CAE     : enable(AutoRotationRunner.java:158)
03-24 15:31:26.721  3670  3798 I CAE     : sendCmdToSensorHub(SensorHubCommManager.java:162) - -79, 7, 0, 0,
03-24 15:31:26.721  3670  3798 D SensorHubManager: SendSensorHubData: send data = -79, 7, 0, 0
03-24 15:31:26.721  3054 17920 D Sensorhubs: sendContextData: -79, 7, 0, 0
03-24 15:31:26.731  3670  3798 D CAE     : getFaultDetectionResult(AutoRotationRunner.java:195) - true
03-24 15:31:26.731  3670  3798 I CAE     : notifyCmdProcessResultObserver(ContextProvider.java:627) - CheckResult = 0, Cause = Success
03-24 15:31:26.741  3670  3798 D CAE     : doCommendProcess(ContextAwareService.java:433) - complete notify the operation result.
03-24 15:31:26.741  3670  3798 I CAE     : displayUsedCountForService(ContextAwareService.java:525) - totalCnt = 1, serviceCount = 1, subCollectionCount = 0
03-24 15:31:26.741  3670  3798 D CAE     : showListenerList(ContextAwareService.java:366) - ===== Context Aware Service List =====
03-24 15:31:26.741  3670  3798 I CAE     : showListenerList(ContextAwareService.java:375) - Listener : com.samsung.android.contextaware.manager.ContextAwareService$Listener@1e966aa, Service : ACTIVITY_TRACKER_CURRENT_INFO(1)
03-24 15:31:26.741  3670  3798 I CAE     : showListenerList(ContextAwareService.java:375) - Listener : com.samsung.android.contextaware.manager.ContextAwareService$Listener@1e966aa, Service : ACTIVITY_TRACKER(1)
03-24 15:31:26.741  3670  3798 I CAE     : showListenerList(ContextAwareService.java:375) - Listener : com.samsung.android.contextaware.manager.ContextAwareService$Listener@1bfe120, Service : AUTO_BRIGHTNESS(1)
03-24 15:31:26.751  3670  3798 I CAE     : showListenerList(ContextAwareService.java:375) - Listener : com.samsung.android.contextaware.manager.ContextAwareService$Listener@4dac0f9, Service : AUTO_ROTATION(1)
03-24 15:31:26.751  3670  3798 W CAE     : registerCallback(ContextAwareService.java:180) - [regi 02] Mutex is unlocked for AUTO_ROTATION
03-24 15:31:26.751  3670  3798 D SContextService: 	.registerCallback : 3, client=
03-24 15:31:26.751  3670  3798 D SContextService: ===== SContext Service List =====
03-24 15:31:26.751  3670  3798 D SContextService: Listener : android.hardware.scontext.SContextService$Listener@40acad9, Service : Auto Brightness
03-24 15:31:26.751  3670  3798 V WindowOrientationListener: OrientationSensorJudge.getProposedRotation, Rotation: -1
03-24 15:31:26.751  3670  3798 D SContextService: Listener : android.hardware.scontext.SContextService$Listener@90a289b, Service : Activity Tracker
03-24 15:31:26.751  3670  3798 V WindowManager: rotationForOrientationLw(orient=-1, last=0); user=0  sensorRotation=-1 mLidState=-1 mDockMode=0 mHdmiPlugged=false mMobileKeyboardEnabled=false displayId=0
03-24 15:31:26.751  3670  3798 D SContextService: Listener : android.hardware.scontext.SContextService$Listener@186383e, Service : Auto Rotation
03-24 15:31:26.751  3670  3798 V WindowOrientationListener: OrientationSensorJudge.getProposedRotation, Rotation: -1
03-24 15:31:26.751  3670  3798 D SContextManager:   .registerListener : listener = com.android.server.policy.WindowOrientationListener$OrientationSensorJudge@a57e543, service=Auto Rotation
03-24 15:31:26.751  3670  3798 V WindowOrientationListener: OrientationSensorJudge.getProposedRotation, Rotation: -1
03-24 15:31:26.751  3670  3798 V WindowManager: rotationForOrientationLw(orient=-1, last=0); user=0  sensorRotation=-1 mLidState=-1 mDockMode=0 mHdmiPlugged=false mMobileKeyboardEnabled=false displayId=0
03-24 15:31:26.751  3670  3798 V WindowOrientationListener: OrientationSensorJudge.getProposedRotation, Rotation: -1
03-24 15:31:26.801  3670  3682 I art     : Background partial concurrent mark sweep GC freed 50826(3MB) AllocSpace objects, 58(1160KB) LOS objects, 26% free, 43MB/59MB, paused 1.572ms total 192.699ms
03-24 15:31:27.121  3670  3796 W ActivityManager: Activity pause timeout for ActivityRecord{fdb53d9 u0 com.example.myapplication/.MainActivity t170}
03-24 15:31:27.121  3670  3796 D ActivityManager:  Launching com.android.chrome, updated priority
03-24 15:31:27.121  3670  3670 D GameManagerService: NotifyRunnable. pkg: com.android.chrome, type: 4, isMinimized: false, isTunableApp: false
03-24 15:31:27.131  3670  3796 V MARsPolicyManager: updatePackagesScore PackageInfo name -- com.android.chrome
03-24 15:31:27.141  3670  4019 D NetworkPolicy: isUidForegroundLocked: 10088, mScreenOn: true, uidstate: 2, mProxSensorScreenOff: false
03-24 15:31:27.141  3670  3798 D StatusBarManagerService: manageDisableList userId=0 what=0x0 pkg=Window{7db5bc0 u0 d0 Starting com.android.chrome}
03-24 15:31:27.141  3670  4040 D SContextEnvironmentAdaptiveDisplayAttribute: setAttribute() mColorThreshold : 0.07
03-24 15:31:27.141  3670  6805 D GameManagerService: identifyGamePackage. com.android.chrome
03-24 15:31:27.141  3670  4040 D SContextEnvironmentAdaptiveDisplayAttribute: setAttribute() mDuration : 35
03-24 15:31:27.141  3670  4040 W CAE     : setCAProperty(ContextAwareService.java:578) - [setProperty 01] Mutex is locked for EAD
03-24 15:31:27.141  3670  4040 I CAE     : setPropertyValue(EADRunner.java:146) - Mode = 0.0
03-24 15:31:27.141  3670  4040 I CAE     : sendCmdToSensorHub(SensorHubCommManager.java:162) - -63, 23, 52, 1, 0, 0, 0, 0,
03-24 15:31:27.141  3670  4040 D SensorHubManager: SendSensorHubData: send data = -63, 23, 52, 1, 0, 0, 0, 0
03-24 15:31:27.141  3054  3104 D Sensorhubs: sendContextData: -63, 23, 52, 1, 0, 0, 0, 0
03-24 15:31:27.151  3670  4040 I CAE     : setCAProperty(ContextAwareService.java:583) - result : true
03-24 15:31:27.151  3670  4040 W CAE     : setCAProperty(ContextAwareService.java:584) - [setProperty 02] Mutex is unlocked for EAD
03-24 15:31:27.161  3670  4040 W CAE     : setCAProperty(ContextAwareService.java:578) - [setProperty 01] Mutex is locked for EAD
03-24 15:31:27.161  3670  4040 I CAE     : setPropertyValue(EADRunner.java:159) - Duration = 0
03-24 15:31:27.161  3670  4040 I CAE     : sendCmdToSensorHub(SensorHubCommManager.java:162) - -63, 23, 52, 2, 0,
03-24 15:31:27.161  3670  4040 D SensorHubManager: SendSensorHubData: send data = -63, 23, 52, 2, 0
03-24 15:31:27.161  3054  3054 D Sensorhubs: sendContextData: -63, 23, 52, 2, 0
03-24 15:31:27.161  3670  4040 I CAE     : setCAProperty(ContextAwareService.java:583) - result : true
03-24 15:31:27.161  3670  4040 W CAE     : setCAProperty(ContextAwareService.java:584) - [setProperty 02] Mutex is unlocked for EAD
03-24 15:31:27.161  3670  4040 W CAE     : registerCallback(ContextAwareService.java:144) - [regi 01] Mutex is locked for EAD
03-24 15:31:27.161  3670  4040 V CAE     : start(ContextProvider.java:128)
03-24 15:31:27.161  3670  4040 V CAE     : clear(EADRunner.java:257)
03-24 15:31:27.161  3670  4040 V CAE     : enable(EADRunner.java:232)
03-24 15:31:27.161  3670  4040 I CAE     : sendCmdToSensorHub(SensorHubCommManager.java:162) - -79, 52, 0, 0, 0, 0,
03-24 15:31:27.161  3670  4040 D SensorHubManager: SendSensorHubData: send data = -79, 52, 0, 0, 0, 0
03-24 15:31:27.161  3054 17920 D Sensorhubs: sendContextData: -79, 52, 0, 0, 0, 0
03-24 15:31:27.161  3670  4040 D CAE     : getFaultDetectionResult(EADRunner.java:271) - true
03-24 15:31:27.161  3670  4040 I CAE     : notifyCmdProcessResultObserver(ContextProvider.java:627) - CheckResult = 0, Cause = Success
03-24 15:31:27.171  3670  4040 D CAE     : doCommendProcess(ContextAwareService.java:433) - complete notify the operation result.
03-24 15:31:27.181  3670  4040 I CAE     : displayUsedCountForService(ContextAwareService.java:525) - totalCnt = 1, serviceCount = 1, subCollectionCount = 0
03-24 15:31:27.181  3670  4040 D CAE     : showListenerList(ContextAwareService.java:366) - ===== Context Aware Service List =====
03-24 15:31:27.181  3670  4040 I CAE     : showListenerList(ContextAwareService.java:375) - Listener : com.samsung.android.contextaware.manager.ContextAwareService$Listener@1e966aa, Service : ACTIVITY_TRACKER_CURRENT_INFO(1)
03-24 15:31:27.181  3670  4040 I CAE     : showListenerList(ContextAwareService.java:375) - Listener : com.samsung.android.contextaware.manager.ContextAwareService$Listener@1e966aa, Service : ACTIVITY_TRACKER(1)
03-24 15:31:27.181  3670  4040 I CAE     : showListenerList(ContextAwareService.java:375) - Listener : com.samsung.android.contextaware.manager.ContextAwareService$Listener@1bfe120, Service : AUTO_BRIGHTNESS(1)
03-24 15:31:27.181  3670  4040 I CAE     : showListenerList(ContextAwareService.java:375) - Listener : com.samsung.android.contextaware.manager.ContextAwareService$Listener@4dac0f9, Service : AUTO_ROTATION(1)
03-24 15:31:27.181  3670  4040 I CAE     : showListenerList(ContextAwareService.java:375) - Listener : com.samsung.android.contextaware.manager.ContextAwareService$Listener@3756dbb, Service : EAD(1)
03-24 15:31:27.181  3670  4040 W CAE     : registerCallback(ContextAwareService.java:180) - [regi 02] Mutex is unlocked for EAD
03-24 15:31:27.181  3670  4040 D SContextService: 	.registerCallback : 4, client=
03-24 15:31:27.181  3670  4040 D SContextService: ===== SContext Service List =====
03-24 15:31:27.181  3670  4040 D SContextService: Listener : android.hardware.scontext.SContextService$Listener@40acad9, Service : Auto Brightness
03-24 15:31:27.181  3670  4040 D SContextService: Listener : android.hardware.scontext.SContextService$Listener@90a289b, Service : Activity Tracker
03-24 15:31:27.181  3670  4040 D SContextService: Listener : android.hardware.scontext.SContextService$Listener@186383e, Service : Auto Rotation
03-24 15:31:27.181  3670  4040 D SContextService: Listener : android.hardware.scontext.SContextService$Listener@a10e2d8, Service : Environment Adaptive Display
03-24 15:31:27.181  3670  4040 D SContextManager:   .registerListener : listener = com.samsung.android.mdnie.AdaptiveDisplayColorService$3@5bb4caa, service=Environment Adaptive Display
03-24 15:31:27.191  3670  6805 D ConnectivityService: returning getNetworkInfo for network type 1 : [type: WIFI[] - WIFI, state: CONNECTED/CONNECTED, reason: (unspecified), extra: "DataStructures", roaming: false, failover: false, isAvailable: true]
03-24 15:31:27.201  3670  6805 D ConnectivityService: returning getNetworkInfo for network type 1 : [type: WIFI[] - WIFI, state: CONNECTED/CONNECTED, reason: (unspecified), extra: "DataStructures", roaming: false, failover: false, isAvailable: true]
03-24 15:31:27.201  3670  6805 D GameManagerService: identifyGamePackage. com.android.chrome
03-24 15:31:27.231 18599 18599 W ResourcesManager: getTopLevelResources: /data/app/com.android.chrome-2/base.apk / 1.0 running in com.android.chrome rsrc of package com.android.chrome
03-24 15:31:27.231 18599 18599 W ResourcesManager: getTopLevelResources: /data/app/com.android.chrome-2/base.apk / 1.0 running in com.android.chrome rsrc of package com.android.chrome
03-24 15:31:27.241 18599 18599 D SecWifiDisplayUtil: Metadata value : SecSettings2
03-24 15:31:27.251 18599 18710 V MediaPlayer: decode(21, 8764500, 5795)
03-24 15:31:27.251  3047 18387 D OggExtractor:  correct time not found. Let's use approximate value
03-24 15:31:27.251  3047 18387 I OggExtractor: OggSource::OggSource() mExtractor ref count = 4
03-24 15:31:27.261  3047 18387 I OMXCodec: Attempting to allocate OMX node 'OMX.google.vorbis.decoder'
03-24 15:31:27.261  3047 18387 I OMXCodec: Successfully allocated OMX node 'OMX.google.vorbis.decoder'
03-24 15:31:27.261  3047 18387 I OMXCodec: >>>UHQA initOutputFormat 16
03-24 15:31:27.261  3047 18387 I OMXCodec: [OMX.google.vorbis.decoder] OMXCodec::start mState=1
03-24 15:31:27.261  3047 18387 I OMXCodec: [OMX.google.vorbis.decoder] allocating 4 buffers of size 8192 on input port
03-24 15:31:27.261  3047 18387 I OMXCodec: [OMX.google.vorbis.decoder] allocating 4 buffers of size 32768 on output port
03-24 15:31:27.261  3047 18712 I OMXCodec: [OMX.google.vorbis.decoder] Now Idle. Component sends idle done Event 
03-24 15:31:27.271  3047 18712 I OMXCodec: [OMX.google.vorbis.decoder] 0onCmdComplete  mState =  7
03-24 15:31:27.271  3047 18712 I OMXCodec: [OMX.google.vorbis.decoder] PORT_DISABLED(1)
03-24 15:31:27.271  3047 18712 I OMXCodec: >>>UHQA initOutputFormat 16
03-24 15:31:27.271  3047 18712 I OMXCodec: [OMX.google.vorbis.decoder] allocating 4 buffers of size 32768 on output port
03-24 15:31:27.271  3047 18712 I OMXCodec: [OMX.google.vorbis.decoder] End Of Stream
03-24 15:31:27.271  3047 18387 I SoundExtractor: extract() reached EOS
03-24 15:31:27.271  3047 18387 I OMXCodec: [OMX.google.vorbis.decoder] stop mState=4
03-24 15:31:27.271  3047 18387 I OMXCodec: [OMX.google.vorbis.decoder] stop() sendCommand(288, OMX_CommandStateSet, OMX_StateIdle)
03-24 15:31:27.271  3047 18712 I OMXCodec: [OMX.google.vorbis.decoder] Now Idle. Component sends idle done Event 
03-24 15:31:27.271  3047 18387 I OMXCodec: [OMX.google.vorbis.decoder] stopOmxComponent_l() mstate = 1
03-24 15:31:27.271  3047 18387 I OggExtractor: OggSource::stop() mExtractor ref count = 1
03-24 15:31:27.271  3047 18387 I OggExtractor: OggSource::~OggSource() mExtractor !mStarted ref count = 1
03-24 15:31:27.271  3047 18387 I OggExtractor: ~OggSource --
03-24 15:31:27.271  3047 18387 I OggExtractor: ~OggExtractor ++
03-24 15:31:27.271  3047 18387 I OggExtractor: ~MyOggExtractor ++ 
03-24 15:31:27.271  3047 18387 I OggExtractor: ~MyOggExtractor --
03-24 15:31:27.271  3047 18387 I OggExtractor: ~OggExtractor --
03-24 15:31:27.281 18599 18713 W System.err: remove failed: ENOENT (No such file or directory) : /data/user/0/com.android.chrome/shared_prefs/com.android.chrome_preferences.xml.bak
03-24 15:31:27.331 18599 18714 W DynamiteModule: Local module descriptor class for com.google.android.gms.googlecertificates not found.
03-24 15:31:27.361 18599 18723 I cr_LibraryLoader:  Loading chrome from within /data/app/com.android.chrome-2/base.apk
03-24 15:31:27.401 18721 18721 I dex2oat : /system/bin/dex2oat --compiler-filter=speed --dex-file=/data/data/com.google.android.gms/app_chimera/m/00000039/DynamiteLoader.apk --oat-file=/data/dalvik-cache/arm/data@data@com.google.android.gms@app_chimera@m@00000039@DynamiteLoader.apk@classes.dex
03-24 15:31:27.401 18721 18721 E dex2oat : Failed to create oat file: /data/dalvik-cache/arm/data@data@com.google.android.gms@app_chimera@m@00000039@DynamiteLoader.apk@classes.dex: Permission denied
03-24 15:31:27.401 18721 18721 I dex2oat : dex2oat took 639.583us (threads: 8) 
03-24 15:31:27.401 18599 18714 W art     : Failed execv(/system/bin/dex2oat --runtime-arg -classpath --runtime-arg  --instruction-set=arm --instruction-set-features=smp,div,atomic_ldrd_strd --runtime-arg -Xrelocate --boot-image=/system/framework/boot.art --runtime-arg -Xms64m --runtime-arg -Xmx512m --compiler-filter=speed --instruction-set-variant=cortex-a15 --instruction-set-features=default --dex-file=/data/data/com.google.android.gms/app_chimera/m/00000039/DynamiteLoader.apk --oat-file=/data/dalvik-cache/arm/data@data@com.google.android.gms@app_chimera@m@00000039@DynamiteLoader.apk@classes.dex) because non-0 exit status
03-24 15:31:27.431 18599 18714 I DynamiteModule: Considering local module com.google.android.gms.googlecertificates:0 and remote module com.google.android.gms.googlecertificates:4
03-24 15:31:27.431 18599 18714 I DynamiteModule: Selected remote version of com.google.android.gms.googlecertificates, version >= 4
03-24 15:31:27.441 18599 18714 W ResourcesManager: getTopLevelResources: /data/app/com.google.android.gms-1/base.apk / 1.0 running in com.android.chrome rsrc of package com.google.android.gms
03-24 15:31:27.441 18599 18714 D ResourcesManager: For user 0 new overlays fetched Null
03-24 15:31:27.491 18599 18723 I cr_LibraryLoader: Time to load native libraries: 139 ms (timestamps 8284-8423)
03-24 15:31:27.491 18599 18723 I chromium: [INFO:library_loader_hooks.cc(42)] Chromium logging enabled: level = 0, default verbosity = 0
03-24 15:31:27.491 18599 18723 I cr_LibraryLoader: Expected native library version number "72.0.3626.105", actual native library version number "72.0.3626.105"
03-24 15:31:27.511 18727 18727 I dex2oat : /system/bin/dex2oat --compiler-filter=speed --dex-file=/data/data/com.google.android.gms/app_chimera/m/0000003c/GoogleCertificates.apk --oat-file=/data/dalvik-cache/arm/data@data@com.google.android.gms@app_chimera@m@0000003c@GoogleCertificates.apk@classes.dex
03-24 15:31:27.511 18727 18727 E dex2oat : Failed to create oat file: /data/dalvik-cache/arm/data@data@com.google.android.gms@app_chimera@m@0000003c@GoogleCertificates.apk@classes.dex: Permission denied
03-24 15:31:27.511 18727 18727 I dex2oat : dex2oat took 426.458us (threads: 8) 
03-24 15:31:27.511 18599 18714 W art     : Failed execv(/system/bin/dex2oat --runtime-arg -classpath --runtime-arg  --instruction-set=arm --instruction-set-features=smp,div,atomic_ldrd_strd --runtime-arg -Xrelocate --boot-image=/system/framework/boot.art --runtime-arg -Xms64m --runtime-arg -Xmx512m --compiler-filter=speed --instruction-set-variant=cortex-a15 --instruction-set-features=default --dex-file=/data/data/com.google.android.gms/app_chimera/m/0000003c/GoogleCertificates.apk --oat-file=/data/dalvik-cache/arm/data@data@com.google.android.gms@app_chimera@m@0000003c@GoogleCertificates.apk@classes.dex) because non-0 exit status
03-24 15:31:27.521 18599 18599 D ClipboardExManager: no knox
03-24 15:31:27.521 18599 18599 D TextView: setTypeface with style : 0
03-24 15:31:27.531 18599 18714 W System  : ClassLoader referenced unknown path: /data/data/com.google.android.gms/app_chimera/m/0000003c/n/armeabi-v7a
03-24 15:31:27.531 18599 18714 W System  : ClassLoader referenced unknown path: /data/data/com.google.android.gms/app_chimera/m/0000003c/n/armeabi
03-24 15:31:27.531 18599 18714 W ResourcesManager: getTopLevelResources: /data/data/com.google.android.gms/app_chimera/m/0000003c/GoogleCertificates.apk / 1.0 running in com.android.chrome rsrc of package com.google.android.gms
03-24 15:31:27.531 18599 18714 D ResourcesManager: For user 0 new overlays fetched Null
03-24 15:31:27.531 18599 18714 W ResourcesManager: getTopLevelResources: /data/data/com.google.android.gms/app_chimera/m/0000003c/GoogleCertificates.apk / 1.0 running in com.android.chrome rsrc of package com.google.android.gms
03-24 15:31:27.551 18599 18732 I cr_ui   : Using UI locale en, system locale: en (Android name: en)
03-24 15:31:27.551 18599 18732 I cr_ui   : Missing asset file: locales#lang_en/en-US.pak
03-24 15:31:27.551 18599 18732 I cr_ui   : Found asset file: locales/en-GB.pak
03-24 15:31:27.561 18599 18732 I cr_ui   : Using app bundle locale directory: locales
03-24 15:31:27.561 18599 18732 I cr_ui   : UI Language: en requires .pak files: [en-GB, en-US]
03-24 15:31:27.561 18599 18599 D Activity: performCreate Call Injection manager
03-24 15:31:27.561 18599 18599 I InjectionManager: dispatchOnViewCreated > Target : org.chromium.chrome.browser.ChromeTabbedActivity isFragment :false
03-24 15:31:27.561 18599 18599 D SecWifiDisplayUtil: Metadata value : SecSettings2
03-24 15:31:27.571 18599 18599 D ViewRootImpl: #1 mView = com.android.internal.policy.MultiPhoneWindow$MultiPhoneDecorView{fe0df90 I.E...... R.....ID 0,0-0,0}
03-24 15:31:27.571 18599 18733 D OpenGLRenderer: Use EGL_SWAP_BEHAVIOR_PRESERVED: true
03-24 15:31:27.571 18599 18732 I cr_FileUtils: Writing to /data/user/0/com.android.chrome/app_chrome/paks/en-GB.pak@159cff45
03-24 15:31:27.571 18599 18732 I cr_FileUtils: Writing to /data/user/0/com.android.chrome/app_chrome/paks/en-US.pak@159cff45
03-24 15:31:27.571  3670  4946 D ISSUE_DEBUG: InputChannelName : 5ede787 com.android.chrome/com.google.android.apps.chrome.Main
03-24 15:31:27.591 18599 18734 W cr_ChildProcLH: Create a new ChildConnectionAllocator with package name = com.android.chrome, sandboxed = true
03-24 15:31:27.601  3670  4016 I PersonaManager: mKnoxInfo is empty
03-24 15:31:27.611 18736 18736 E Zygote  : v2
03-24 15:31:27.611 18736 18736 I libpersona: KNOX_SDCARD checking this for 99247
03-24 15:31:27.611 18736 18736 I libpersona: KNOX_SDCARD not a persona
03-24 15:31:27.611 18736 18736 W SELinux : Function: selinux_compare_spd_ram, index[1], priority [2], priority version is VE=SEPF_SECMOBILE_6.0.1_0003
03-24 15:31:27.611  3670  4016 I ActivityManager: Start proc 18736:com.android.chrome:sandboxed_process0/u0i247 for service com.android.chrome/org.chromium.content.app.SandboxedProcessService0
03-24 15:31:27.611 18736 18736 E Zygote  : accessInfo : 0
03-24 15:31:27.611 18599 18599 D MultiPhoneWindow: performUpdateVisibility, same visibility false
03-24 15:31:27.611 18736 18736 W SELinux : SELinux: seapp_context_lookup: seinfo=chrome, level=s0:c512,c768, pkgname=com.android.chrome:sandboxed_process0 
03-24 15:31:27.611  3670  4454 I PersonaManager: mKnoxInfo is empty
03-24 15:31:27.631  3025  3025 I SurfaceFlinger: id=786 createSurf (1x1),1 flag=4, Nain
03-24 15:31:27.631  3670  3798 D StatusBarManagerService: manageDisableList userId=0 what=0x0 pkg=Window{5ede787 u0 d0 com.android.chrome/com.google.android.apps.chrome.Main}
03-24 15:31:27.631  4103  4103 D PhoneStatusBar: setSystemUiVisibility vis=a600 mask=ffffffff oldVal=8600 newVal=a600 diff=2000
03-24 15:31:27.641 18736 18736 W ResourcesManager: getTopLevelResources: /data/app/com.android.chrome-2/base.apk / 1.0 running in com.android.chrome rsrc of package com.android.chrome
03-24 15:31:27.651  3670  4421 D InputDispatcher: Focus entered window: 18599
03-24 15:31:27.651 18736 18736 D ResourcesManager: For user 0 new overlays fetched Null
03-24 15:31:27.651 18736 18736 I InjectionManager: Inside getClassLibPath caller 
03-24 15:31:27.651  3670  3884 D PointerIcon: setMouseIconStyle1 pointerType: 1001 iconType:101 flag:0 pid:3670 uid:1000
03-24 15:31:27.651  3670  3884 D PointerIcon: setMouseCustomIcon IconType is same.101
03-24 15:31:27.661 18736 18736 D InjectionManager: InjectionManager
03-24 15:31:27.661 18736 18736 I InjectionManager: featureStore :{}
03-24 15:31:27.671 18736 18736 I cr_ChildProcessService: Creating new ChildProcessService pid=18736
03-24 15:31:27.701 18599 18733 D libEGL  : loaded /vendor/lib/egl/libGLES_mali.so
03-24 15:31:27.721 18599 18733 D libEGL  : eglInitialize EGLDisplay = 0xdb4117c4
03-24 15:31:27.721 18599 18733 I OpenGLRenderer: Initialized EGL, version 1.4
03-24 15:31:27.721 18599 18733 D         : ro.exynos.dss isEnabled: 0
03-24 15:31:27.721 18599 18733 D mali_winsys: new_window_surface returns 0x3000,  [1440x2560]-format:1
03-24 15:31:27.731  3670  4409 V WindowStateAnimator: Finishing drawing window Window{336ad38 u0 d0 SurfaceView}: mDrawState=NO_SURFACE
03-24 15:31:27.731 18599 18733 D libGLESv1: DTS_GLAPI : DTS is not allowed for Package : com.android.chrome
03-24 15:31:27.801  3025  3025 D libEGL  : eglInitialize EGLDisplay = 0x7ff3f31d28
03-24 15:31:27.801  3670  4952 V WindowStateAnimator: Finishing drawing window Window{5ede787 u0 d0 com.android.chrome/com.google.android.apps.chrome.Main}: mDrawState=DRAW_PENDING
03-24 15:31:27.811  3670  3884 I ActivityManager: Displayed com.android.chrome/com.google.android.apps.chrome.Main: +691ms
03-24 15:31:27.811  3670  3884 D CustomFrequencyManagerService: releaseDVFSLockLocked : Getting Lock type frm List : DVFS_MIN_LIMIT  frequency : 1800000  uid : 1000  pid : 3670  tag : ACTIVITY_RESUME_BOOSTER@3
03-24 15:31:27.811  3670  3884 I Timeline: Timeline: Activity_windows_visible id: ActivityRecord{b3e569a u0 com.android.chrome/com.google.android.apps.chrome.Main t191} time:72698746
03-24 15:31:27.811  3670  3884 D ActivityManager: mDVFSHelper.release()
03-24 15:31:27.811  3670  3884 D ViewRootImpl: #3 mView = null
03-24 15:31:27.811  3670  3796 D CustomFrequencyManagerService: acquireDVFSLockLocked : type : DVFS_MIN_LIMIT  frequency : 1800000  uid : 1000  pid : 3670  pkgName : ACTIVITY_RESUME_BOOSTER@9
03-24 15:31:27.811 18599 18599 D ViewRootImpl: MSG_RESIZED_REPORT: ci=Rect(0, 96 - 0, 0) vi=Rect(0, 96 - 0, 0) or=1
03-24 15:31:27.811  3670  4947 D InputMethodManagerService: windowGainedFocus mCurrentFocusedUserId - 0 and mSecureKeypadEnabled-false
03-24 15:31:27.821  7402  7402 D SamsungIME: IMPL finishInput
03-24 15:31:27.841  7402  7402 D SamsungIME: SwiftKeyWrapper writeDBdataToFileOnFinishInput
03-24 15:31:27.841  7402  7402 D SamsungIME: saveAndClear +
03-24 15:31:27.841  7402  7402 D SamsungIME: saveAndClear -
03-24 15:31:27.841  7402  7402 D SamsungIME: onStartInput: No inputType, No imeOption, isInputViewShown = false, isExtractViewShown = false, isShowInputRequested = false, isConfigChanged = false
03-24 15:31:27.851  3670  4454 V WindowStateAnimator: Finishing drawing window Window{5ede787 u0 d0 com.android.chrome/com.google.android.apps.chrome.Main}: mDrawState=HAS_DRAWN
03-24 15:31:27.851  3025  3025 D libEGL  : eglInitialize EGLDisplay = 0x7ff3f31d28
03-24 15:31:27.851 18599 18599 I cr_BrowserStartup: Initializing chromium process, singleProcess=false
03-24 15:31:27.861  3025  3025 D libEGL  : eglInitialize EGLDisplay = 0x7ff3f31d28
03-24 15:31:27.871  7402 18768 D SamsungIME: mDirtyDynamicModel - mSwiftKeyUtilSession.writeDynamicModel()
03-24 15:31:27.891  3670  4552 D ActivityManager: The following uid has registered to recieve broadcast for proxy related updates 10088
03-24 15:31:27.891  3670  4552 W ContextImpl: Calling a method in the system process without a qualified user: android.app.ContextImpl.sendBroadcast:845 com.android.server.am.ActivityManagerService.requestKnoxVpnToSendProxyBroadcast:29793 com.android.server.am.ActivityManagerService.registerReceiver:22658 android.app.ActivityManagerNative.onTransact:431 com.android.server.am.ActivityManagerService.onTransact:3999 
03-24 15:31:27.921  3670  3697 I PersonaManager: mKnoxInfo is empty
03-24 15:31:27.931 18789 18789 E Zygote  : v2
03-24 15:31:27.931 18789 18789 I libpersona: KNOX_SDCARD checking this for 10088
03-24 15:31:27.931 18789 18789 I libpersona: KNOX_SDCARD not a persona
03-24 15:31:27.931 18789 18789 W SELinux : Function: selinux_compare_spd_ram, index[1], priority [2], priority version is VE=SEPF_SECMOBILE_6.0.1_0003
03-24 15:31:27.931  3670  3697 I ActivityManager: Start proc 18789:com.android.chrome:privileged_process0/u0a88 for service com.android.chrome/org.chromium.content.app.PrivilegedProcessService0
03-24 15:31:27.931 18789 18789 E Zygote  : accessInfo : 0
03-24 15:31:27.931 18789 18789 W SELinux : SELinux: seapp_context_lookup: seinfo=chrome, level=s0:c512,c768, pkgname=com.android.chrome:privileged_process0 
03-24 15:31:27.941  3670  4016 I PersonaManager: mKnoxInfo is empty
03-24 15:31:27.941  3670  4409 D ActivityManager: The following uid has registered to recieve broadcast for proxy related updates 10088
03-24 15:31:27.941  3670  4409 W ContextImpl: Calling a method in the system process without a qualified user: android.app.ContextImpl.sendBroadcast:845 com.android.server.am.ActivityManagerService.requestKnoxVpnToSendProxyBroadcast:29793 com.android.server.am.ActivityManagerService.registerReceiver:22658 android.app.ActivityManagerNative.onTransact:431 com.android.server.am.ActivityManagerService.onTransact:3999 
03-24 15:31:27.981 18599 18599 D ConnectivityManager: requestNetwork; getAppId(CallingUid) : 10088, CallingPid : 18599
03-24 15:31:27.981  3670  3697 D ConnectivityService: listenForNetwork for Listen from uid/pid:10088/18599 for NetworkRequest [ id=358, legacyType=-1, [ Capabilities: INTERNET&NOT_RESTRICTED&TRUSTED] ]
03-24 15:31:27.981  3670  4029 D ConnectivityService: rematching NetworkAgentInfo [WIFI () - 510]
03-24 15:31:27.981  3670  4029 D ConnectivityService:  network has: NetworkAgentInfo{ ni{[type: WIFI[] - WIFI, state: CONNECTED/CONNECTED, reason: (unspecified), extra: "DataStructures", roaming: false, failover: false, isAvailable: true]}  network{510}  lp{{InterfaceName: wlan0 LinkAddresses: [fe80::ee9b:f3ff:fe73:43e9/64,192.168.0.174/24,]  Routes: [fe80::/64 -> :: wlan0,192.168.0.0/24 -> 0.0.0.0 wlan0,0.0.0.0/0 -> 192.168.0.1 wlan0,] DnsAddresses: [192.168.0.1,] Domains:  MTU: 0 TcpBufferSizes: 524288,1048576,4525824,524288,1048576,4525824}}  nc{[ Transports: WIFI Capabilities: INTERNET&NOT_RESTRICTED&TRUSTED&NOT_VPN&VALIDATED LinkUpBandwidth>=1048576Kbps LinkDnBandwidth>=1048576Kbps SignalStrength: -37]}  Score{60}  everValidated{true}  lastValidated{true}  created{true} lingering{false} explicitlySelected{false} acceptUnvalidated{false} everCaptivePortalDetected{false} lastCaptivePortalDetected{false} }
03-24 15:31:27.981  3670  4029 D ConnectivityService:   checking if request is: NetworkRequest [ id=358, legacyType=-1, [ Capabilities: INTERNET&NOT_RESTRICTED&TRUSTED] ] satisfies: true nri.isRequest: false
03-24 15:31:27.981  3670  4029 D ConnectivityService:   checking if request is: NetworkRequest [ id=5, legacyType=-1, [ Transports: WIFI Capabilities: INTERNET&NOT_RESTRICTED&TRUSTED&NOT_VPN] ] satisfies: true nri.isRequest: false
03-24 15:31:27.981  3670  4029 D ConnectivityService: Network NetworkAgentInfo [WIFI () - 510] was already satisfying request 1. No change.
03-24 15:31:27.991  3670  4029 D ConnectivityService:   checking if request is: NetworkRequest [ id=3, legacyType=-1, [] ] satisfies: true nri.isRequest: false
03-24 15:31:27.991  3670  4029 D ConnectivityService:   checking if request is: NetworkRequest [ id=4, legacyType=-1, [ Transports: CELLULAR Capabilities: INTERNET&NOT_RESTRICTED&TRUSTED&NOT_VPN] ] satisfies: false nri.isRequest: false
03-24 15:31:27.991  3670  4029 D ConnectivityService:   checking if request is: NetworkRequest [ id=348, legacyType=-1, [ Capabilities: INTERNET&NOT_RESTRICTED&TRUSTED] ] satisfies: true nri.isRequest: false
03-24 15:31:27.991  3670  4029 D ConnectivityService: sending notification AVAILABLE for NetworkRequest [ id=358, legacyType=-1, [ Capabilities: INTERNET&NOT_RESTRICTED&TRUSTED] ]
03-24 15:31:27.991 18789 18789 W ResourcesManager: getTopLevelResources: /data/app/com.android.chrome-2/base.apk / 1.0 running in com.android.chrome rsrc of package com.android.chrome
03-24 15:31:27.991  3670  4143 I InjectionManagerService -AppFeature: getCoreFeaturePkgList :[]
03-24 15:31:27.991 18789 18789 I InjectionManager: Inside getClassLibPath + mLibMap{0=, 1=}
03-24 15:31:28.001 18789 18789 D ResourcesManager: For user 0 new overlays fetched Null
03-24 15:31:28.001 18789 18789 I InjectionManager: Inside getClassLibPath caller 
03-24 15:31:28.011 18599 18599 D ConnectivityManager: requestNetwork; getAppId(CallingUid) : 10088, CallingPid : 18599
03-24 15:31:28.011  3670  4947 D ConnectivityService: listenForNetwork for Listen from uid/pid:10088/18599 for NetworkRequest [ id=359, legacyType=-1, [ Capabilities: INTERNET&NOT_RESTRICTED&TRUSTED] ]
03-24 15:31:28.011  3670  4029 D ConnectivityService: rematching NetworkAgentInfo [WIFI () - 510]
03-24 15:31:28.011  3670  4029 D ConnectivityService:  network has: NetworkAgentInfo{ ni{[type: WIFI[] - WIFI, state: CONNECTED/CONNECTED, reason: (unspecified), extra: "DataStructures", roaming: false, failover: false, isAvailable: true]}  network{510}  lp{{InterfaceName: wlan0 LinkAddresses: [fe80::ee9b:f3ff:fe73:43e9/64,192.168.0.174/24,]  Routes: [fe80::/64 -> :: wlan0,192.168.0.0/24 -> 0.0.0.0 wlan0,0.0.0.0/0 -> 192.168.0.1 wlan0,] DnsAddresses: [192.168.0.1,] Domains:  MTU: 0 TcpBufferSizes: 524288,1048576,4525824,524288,1048576,4525824}}  nc{[ Transports: WIFI Capabilities: INTERNET&NOT_RESTRICTED&TRUSTED&NOT_VPN&VALIDATED LinkUpBandwidth>=1048576Kbps LinkDnBandwidth>=1048576Kbps SignalStrength: -37]}  Score{60}  everValidated{true}  lastValidated{true}  created{true} lingering{false} explicitlySelected{false} acceptUnvalidated{false} everCaptivePortalDetected{false} lastCaptivePortalDetected{false} }
03-24 15:31:28.011  3670  4029 D ConnectivityService:   checking if request is: NetworkRequest [ id=358, legacyType=-1, [ Capabilities: INTERNET&NOT_RESTRICTED&TRUSTED] ] satisfies: true nri.isRequest: false
03-24 15:31:28.011 18599 18714 W art     : Verification of void q.c() took 469.514ms
03-24 15:31:28.011  3670  4029 D ConnectivityService:   checking if request is: NetworkRequest [ id=5, legacyType=-1, [ Transports: WIFI Capabilities: INTERNET&NOT_RESTRICTED&TRUSTED&NOT_VPN] ] satisfies: true nri.isRequest: false
03-24 15:31:28.011  3670  4029 D ConnectivityService: Network NetworkAgentInfo [WIFI () - 510] was already satisfying request 1. No change.
03-24 15:31:28.011  3670  4029 D ConnectivityService:   checking if request is: NetworkRequest [ id=3, legacyType=-1, [] ] satisfies: true nri.isRequest: false
03-24 15:31:28.011  3670  4029 D ConnectivityService:   checking if request is: NetworkRequest [ id=4, legacyType=-1, [ Transports: CELLULAR Capabilities: INTERNET&NOT_RESTRICTED&TRUSTED&NOT_VPN] ] satisfies: false nri.isRequest: false
03-24 15:31:28.011  3670  4029 D ConnectivityService:   checking if request is: NetworkRequest [ id=348, legacyType=-1, [ Capabilities: INTERNET&NOT_RESTRICTED&TRUSTED] ] satisfies: true nri.isRequest: false
03-24 15:31:28.011  3670  4029 D ConnectivityService:   checking if request is: NetworkRequest [ id=359, legacyType=-1, [ Capabilities: INTERNET&NOT_RESTRICTED&TRUSTED] ] satisfies: true nri.isRequest: false
03-24 15:31:28.011  3670  4029 D ConnectivityService: sending notification AVAILABLE for NetworkRequest [ id=359, legacyType=-1, [ Capabilities: INTERNET&NOT_RESTRICTED&TRUSTED] ]
03-24 15:31:28.021 18789 18789 D InjectionManager: InjectionManager
03-24 15:31:28.021 18789 18789 D InjectionManager: fillFeatureStoreMap com.android.chrome
03-24 15:31:28.021  3670  3796 V BroadcastQueue: [background] Process cur broadcast BroadcastRecord{9700db2 u0 com.google.android.gms.gcm.ACTION_SCHEDULE qIdx=4}, state= (APP_RECEIVE) DELIVERED for app ProcessRecord{68a6177 7275:com.google.android.gms.persistent/u0a15}
03-24 15:31:28.021 18789 18789 I InjectionManager: Constructor com.android.chrome, Feature store :{}
03-24 15:31:28.021 18789 18789 I InjectionManager: featureStore :{}
03-24 15:31:28.031 18789 18789 I cr_ChildProcessService: Creating new ChildProcessService pid=18789
03-24 15:31:28.031  3670  4452 V BroadcastQueue: [background] Process cur broadcast BroadcastRecord{28e4103 u0 com.google.android.gms.gcm.ACTION_SCHEDULE qIdx=4}, state= (APP_RECEIVE) DELIVERED for app ProcessRecord{68a6177 7275:com.google.android.gms.persistent/u0a15}
03-24 15:31:28.051  3670  4016 V AlarmManager:  remove PendingIntent] PendingIntent{9b2c880: PendingIntentRecord{e30a718 com.google.android.gms broadcastIntent}}
03-24 15:31:28.051  3670  3796 V BroadcastQueue: [background] Process cur broadcast BroadcastRecord{d368eb9 u0 com.google.android.gms.gcm.ACTION_SCHEDULE qIdx=4}, state= (APP_RECEIVE) DELIVERED for app ProcessRecord{68a6177 7275:com.google.android.gms.persistent/u0a15}
03-24 15:31:28.061  3025  3025 I SurfaceFlinger: id=787 createSurf (1440x2464),4 flag=404, TurfaceView
03-24 15:31:28.061  3670  4552 V WindowStateAnimator: Finishing drawing window Window{336ad38 u0 d0 SurfaceView}: mDrawState=DRAW_PENDING
03-24 15:31:28.071 18599 18599 I cr_ContextualSearch: Tap suppression enabled: false
