03-24 14:39:12.531   440  1986 D libEGL  : eglInitialize EGLDisplay = 0xd53af7c4
03-24 14:39:12.531   440  1986 I OpenGLRenderer: Initialized EGL, version 1.4
03-24 14:39:12.541   440  1986 D         : ro.exynos.dss isEnabled: 0
03-24 14:39:12.541   440  1986 D mali_winsys: new_window_surface returns 0x3000,  [1440x2560]-format:1
03-24 14:39:12.551  3670  4407 V WindowStateAnimator: Finishing drawing window Window{981d17 u0 d0 SurfaceView}: mDrawState=NO_SURFACE
03-24 14:39:12.551   440  1986 D libGLESv1: DTS_GLAPI : DTS is not allowed for Package : com.microsoft.emmx
03-24 14:39:12.581  3025  3025 D libEGL  : eglInitialize EGLDisplay = 0x7ff3f31d28
03-24 14:39:12.581  3670  4552 V WindowStateAnimator: Finishing drawing window Window{2b07372 u0 d0 com.microsoft.emmx/org.chromium.chrome.browser.ChromeTabbedActivity}: mDrawState=DRAW_PENDING
03-24 14:39:12.581   440   440 D ViewRootImpl: MSG_RESIZED_REPORT: ci=Rect(0, 96 - 0, 0) vi=Rect(0, 96 - 0, 0) or=1
03-24 14:39:12.581   440   440 I FeedbackSessionManager: onChromeTabbedActivityFocusChanged() called with: focus = [true]
03-24 14:39:12.581   440   440 I FeedbackSessionManager: checkTriggering: 
03-24 14:39:12.581  3670  4421 D InputMethodManagerService: windowGainedFocus mCurrentFocusedUserId - 0 and mSecureKeypadEnabled-false
03-24 14:39:12.581  3670  3884 I ActivityManager: Displayed com.microsoft.emmx/org.chromium.chrome.browser.ChromeTabbedActivity: +813ms (total +2s278ms)
03-24 14:39:12.591  3670  4421 W InputMethodManagerService: Got RemoteException sending setActive(false) notification to pid 1082 uid 10175
03-24 14:39:12.591  3670  3884 D CustomFrequencyManagerService: releaseDVFSLockLocked : Getting Lock type frm List : DVFS_MIN_LIMIT  frequency : 1800000  uid : 1000  pid : 3670  tag : ACTIVITY_RESUME_BOOSTER@3
03-24 14:39:12.591  3670  3796 D CustomFrequencyManagerService: acquireDVFSLockLocked : type : DVFS_MIN_LIMIT  frequency : 1800000  uid : 1000  pid : 3670  pkgName : ACTIVITY_RESUME_BOOSTER@9
03-24 14:39:12.591  3670  3884 D ActivityManager: mDVFSHelper.release()
03-24 14:39:12.591  3670  3884 I Timeline: Timeline: Activity_windows_visible id: ActivityRecord{ee3cf5e u0 com.microsoft.emmx/org.chromium.chrome.browser.ChromeTabbedActivity t111} time:69563522
03-24 14:39:12.591  3670  3884 D ViewRootImpl: #3 mView = null
03-24 14:39:12.591 18067 18067 D SamsungIME: IMPL finishInput
03-24 14:39:12.591 18067 18067 D SamsungIME: SwiftKeyWrapper writeDBdataToFileOnFinishInput
03-24 14:39:12.591 18067 18067 D SamsungIME: saveAndClear +
03-24 14:39:12.591 18067 18067 D SamsungIME: saveAndClear -
03-24 14:39:12.591 18067 18067 D SamsungIME: onStartInput: No inputType, No imeOption, isInputViewShown = false, isExtractViewShown = false, isShowInputRequested = false, isConfigChanged = false
03-24 14:39:12.601  3670  3931 V WindowStateAnimator: Finishing drawing window Window{2b07372 u0 d0 com.microsoft.emmx/org.chromium.chrome.browser.ChromeTabbedActivity}: mDrawState=HAS_DRAWN
03-24 14:39:12.601   440   440 I cr_BrowserStartup: Initializing chromium process, singleProcess=false
03-24 14:39:12.601  3025  3025 D libEGL  : eglInitialize EGLDisplay = 0x7ff3f31d28
03-24 14:39:12.651   440   472 W System.err: remove failed: ENOENT (No such file or directory) : /data/user/0/com.microsoft.emmx/shared_prefs/com.appboy.storage.serverconfigstorageprovider.b856ca21-b874-458d-9aea-7b2f4030f8ef.xml.bak
03-24 14:39:12.651   440   472 W System.err: remove failed: ENOENT (No such file or directory) : /data/user/0/com.microsoft.emmx/shared_prefs/com.appboy.storage.triggers.actions.d41d8cd98f00b204e9800998ecf8427e.b856ca21-b874-458d-9aea-7b2f4030f8ef.xml.bak
03-24 14:39:12.651   440   472 W System.err: remove failed: ENOENT (No such file or directory) : /data/user/0/com.microsoft.emmx/shared_prefs/com.appboy.storage.triggers.re_eligibility.d41d8cd98f00b204e9800998ecf8427e.b856ca21-b874-458d-9aea-7b2f4030f8ef.xml.bak
03-24 14:39:12.651   440   472 W System.err: remove failed: ENOENT (No such file or directory) : /data/user/0/com.microsoft.emmx/shared_prefs/com.appboy.storage.triggers.local_assets.b856ca21-b874-458d-9aea-7b2f4030f8ef.xml.bak
03-24 14:39:12.661  3670  6808 W ResourcesManager: getTopLevelResources: /data/app/com.microsoft.emmx-1/base.apk / 1.0 running in null rsrc of package com.microsoft.emmx
03-24 14:39:12.691  3670  4552 D ActivityManager: The following uid has registered to recieve broadcast for proxy related updates 10098
03-24 14:39:12.701  3670  4552 W ContextImpl: Calling a method in the system process without a qualified user: android.app.ContextImpl.sendBroadcast:845 com.android.server.am.ActivityManagerService.requestKnoxVpnToSendProxyBroadcast:29793 com.android.server.am.ActivityManagerService.registerReceiver:22658 android.app.ActivityManagerNative.onTransact:431 com.android.server.am.ActivityManagerService.onTransact:3999 
03-24 14:39:12.731  3670  4952 I PersonaManager: mKnoxInfo is empty
03-24 14:39:12.731   440   440 E chromium: [ERROR:shell_integration_android.cc(22)] Not implemented reached in shell_integration::DefaultWebClientSetPermission shell_integration::GetDefaultWebClientSetPermission()
03-24 14:39:12.741  2037  2037 E Zygote  : v2
03-24 14:39:12.741  2037  2037 I libpersona: KNOX_SDCARD checking this for 10098
03-24 14:39:12.741  2037  2037 I libpersona: KNOX_SDCARD not a persona
03-24 14:39:12.741  2037  2037 W SELinux : Function: selinux_compare_spd_ram, index[1], priority [2], priority version is VE=SEPF_SECMOBILE_6.0.1_0003
03-24 14:39:12.741  3670  4952 I ActivityManager: Start proc 2037:com.microsoft.emmx:privileged_process0/u0a98 for service com.microsoft.emmx/org.chromium.content.app.EdgePrivilegedProcessService0
03-24 14:39:12.741  2037  2037 E Zygote  : accessInfo : 0
03-24 14:39:12.741  2037  2037 W SELinux : SELinux: seapp_context_lookup: seinfo=default, level=s0:c512,c768, pkgname=com.microsoft.emmx:privileged_process0 
03-24 14:39:12.741  3670  4407 D ActivityManager: The following uid has registered to recieve broadcast for proxy related updates 10098
03-24 14:39:12.741  3670  4407 W ContextImpl: Calling a method in the system process without a qualified user: android.app.ContextImpl.sendBroadcast:845 com.android.server.am.ActivityManagerService.requestKnoxVpnToSendProxyBroadcast:29793 com.android.server.am.ActivityManagerService.registerReceiver:22658 android.app.ActivityManagerNative.onTransact:431 com.android.server.am.ActivityManagerService.onTransact:3999 
03-24 14:39:12.741  3670  4452 I PersonaManager: mKnoxInfo is empty
03-24 14:39:12.751  3670  3931 W BackupManagerService: dataChanged but no participant pkg='com.microsoft.emmx' uid=10098
03-24 14:39:12.771  2037  2037 W ResourcesManager: getTopLevelResources: /data/app/com.microsoft.emmx-1/base.apk / 1.0 running in com.microsoft.emmx rsrc of package com.microsoft.emmx
03-24 14:39:12.781  3670  4409 I InjectionManagerService -AppFeature: getCoreFeaturePkgList :[]
03-24 14:39:12.781  2037  2037 I InjectionManager: Inside getClassLibPath + mLibMap{0=, 1=}
03-24 14:39:12.781  2037  2037 D ResourcesManager: For user 0 new overlays fetched Null
03-24 14:39:12.781  2037  2037 I InjectionManager: Inside getClassLibPath caller 
03-24 14:39:12.781  4183  4183 D Recents : onTaskStackChanged
03-24 14:39:12.781  3025  3210 I SurfaceFlinger: id=494 Removed fmmx (6/9)
03-24 14:39:12.781  3025  4174 I SurfaceFlinger: id=494 Removed fmmx (-2/9)
03-24 14:39:12.791   440   440 D ConnectivityManager: requestNetwork; getAppId(CallingUid) : 10098, CallingPid : 440
03-24 14:39:12.791  3670  4952 D ConnectivityService: listenForNetwork for Listen from uid/pid:10098/440 for NetworkRequest [ id=238, legacyType=-1, [ Capabilities: INTERNET&NOT_RESTRICTED&TRUSTED] ]
03-24 14:39:12.791  3670  4029 D ConnectivityService: rematching NetworkAgentInfo [WIFI () - 510]
03-24 14:39:12.791  3670  4029 D ConnectivityService:  network has: NetworkAgentInfo{ ni{[type: WIFI[] - WIFI, state: CONNECTED/CONNECTED, reason: (unspecified), extra: "DataStructures", roaming: false, failover: false, isAvailable: true]}  network{510}  lp{{InterfaceName: wlan0 LinkAddresses: [fe80::ee9b:f3ff:fe73:43e9/64,192.168.0.174/24,]  Routes: [fe80::/64 -> :: wlan0,192.168.0.0/24 -> 0.0.0.0 wlan0,0.0.0.0/0 -> 192.168.0.1 wlan0,] DnsAddresses: [192.168.0.1,] Domains:  MTU: 0 TcpBufferSizes: 524288,1048576,4525824,524288,1048576,4525824}}  nc{[ Transports: WIFI Capabilities: INTERNET&NOT_RESTRICTED&TRUSTED&NOT_VPN&VALIDATED LinkUpBandwidth>=1048576Kbps LinkDnBandwidth>=1048576Kbps SignalStrength: -33]}  Score{60}  everValidated{true}  lastValidated{true}  created{true} lingering{false} explicitlySelected{false} acceptUnvalidated{false} everCaptivePortalDetected{false} lastCaptivePortalDetected{false} }
03-24 14:39:12.791  3670  4029 D ConnectivityService:   checking if request is: NetworkRequest [ id=10, legacyType=-1, [ Capabilities: INTERNET&NOT_RESTRICTED&TRUSTED&NOT_VPN] ] satisfies: true nri.isRequest: false
03-24 14:39:12.791  3670  4029 D ConnectivityService:   checking if request is: NetworkRequest [ id=30, legacyType=-1, [ Capabilities: INTERNET&NOT_RESTRICTED&TRUSTED] ] satisfies: true nri.isRequest: false
03-24 14:39:12.791  3670  4029 D ConnectivityService:   checking if request is: NetworkRequest [ id=5, legacyType=-1, [ Transports: WIFI Capabilities: INTERNET&NOT_RESTRICTED&TRUSTED&NOT_VPN] ] satisfies: true nri.isRequest: false
03-24 14:39:12.791  3670  4029 D ConnectivityService: Network NetworkAgentInfo [WIFI () - 510] was already satisfying request 1. No change.
03-24 14:39:12.791  3670  4029 D ConnectivityService:   checking if request is: NetworkRequest [ id=3, legacyType=-1, [] ] satisfies: true nri.isRequest: false
03-24 14:39:12.791  3670  4029 D ConnectivityService:   checking if request is: NetworkRequest [ id=4, legacyType=-1, [ Transports: CELLULAR Capabilities: INTERNET&NOT_RESTRICTED&TRUSTED&NOT_VPN] ] satisfies: false nri.isRequest: false
03-24 14:39:12.791  3670  4029 D ConnectivityService:   checking if request is: NetworkRequest [ id=238, legacyType=-1, [ Capabilities: INTERNET&NOT_RESTRICTED&TRUSTED] ] satisfies: true nri.isRequest: false
03-24 14:39:12.791  3670  4029 D ConnectivityService:   checking if request is: NetworkRequest [ id=226, legacyType=-1, [ Capabilities: INTERNET&NOT_RESTRICTED&TRUSTED] ] satisfies: true nri.isRequest: false
03-24 14:39:12.791  3670  4029 D ConnectivityService:   checking if request is: NetworkRequest [ id=29, legacyType=-1, [ Capabilities: INTERNET&NOT_RESTRICTED&TRUSTED] ] satisfies: true nri.isRequest: false
03-24 14:39:12.791  3670  4029 D ConnectivityService:   checking if request is: NetworkRequest [ id=228, legacyType=-1, [ Capabilities: INTERNET&NOT_RESTRICTED&TRUSTED] ] satisfies: true nri.isRequest: false
03-24 14:39:12.791  3670  4029 D ConnectivityService: sending notification AVAILABLE for NetworkRequest [ id=238, legacyType=-1, [ Capabilities: INTERNET&NOT_RESTRICTED&TRUSTED] ]
03-24 14:39:12.791  3670  4524 I PersonaManager: mKnoxInfo is empty
03-24 14:39:12.801  2037  2037 I MAMInfo : MAMInfo initialized. Debug=false, UseTestAgent=false, ManagedDialogDisabled=false, DeprecationDialogDisabled=false, PolicyRequired=false, MultiIdentityEnabled=true, FullBackupContent=true, UseDefaultEnrollment=false, ExceptionOnInit=false, Debuggable=false
03-24 14:39:12.801  3025  3025 D libEGL  : eglTerminate EGLDisplay = 0x7ff3f31e58
03-24 14:39:12.801  3670  4552 W BackupManagerService: dataChanged but no participant pkg='com.microsoft.emmx' uid=10098
03-24 14:39:12.801  3670  3931 I PersonaManager: mKnoxInfo is empty
03-24 14:39:12.811  3670  4947 E PackageManager: Failed to generatePackageInfoFromSettingsLPw, There isn't package setting object for 
03-24 14:39:12.811  3670  4454 E PackageManager: Failed to generatePackageInfoFromSettingsLPw, There isn't package setting object for 
03-24 14:39:12.811  4183  4183 W ResourcesManager: getTopLevelResources: /data/app/com.microsoft.emmx-1/base.apk / 1.0 running in com.android.systemui rsrc of package com.microsoft.emmx
03-24 14:39:12.811  4183  4183 D ResourcesManager: For user 0 new overlays fetched Null
03-24 14:39:12.811  3670  4016 I PersonaManager: mKnoxInfo is empty
03-24 14:39:12.821  3670  3796 V BroadcastQueue: [background] Process cur broadcast BroadcastRecord{c270a1e u0 com.google.android.gms.gcm.ACTION_SCHEDULE qIdx=4}, state= (APP_RECEIVE) DELIVERED for app ProcessRecord{49f3f4c 4932:com.google.android.gms.persistent/u0a15}
03-24 14:39:12.821  3670  4409 D PackageManager: getComponentMetadataForIconTray : com.example.myapplication.MainActivity does not exist in mServices
03-24 14:39:12.821  3670  4409 D PackageManager: getComponentMetadataForIconTray : com.example.myapplication.MainActivity does not exist in mProviders
03-24 14:39:12.821  3670  4409 D PackageManager: getComponentMetadataForIconTray : com.example.myapplication.MainActivity does not exist in mReceivers
03-24 14:39:12.821  4183  4183 I ApplicationPackageManager: load=com.example.myapplication, bg=192-192, dr=192-192
03-24 14:39:12.821  4183  4183 I ApplicationPackageManager: scaled rate=1.0429629, size=192, alpha=15, hold=26, target=192
03-24 14:39:12.831  3670  4421 V BroadcastQueue: [background] Process cur broadcast BroadcastRecord{2e8a2ff u0 com.google.android.gms.gcm.ACTION_SCHEDULE qIdx=4}, state= (APP_RECEIVE) DELIVERED for app ProcessRecord{49f3f4c 4932:com.google.android.gms.persistent/u0a15}
03-24 14:39:12.841  3670  4421 V AlarmManager:  remove PendingIntent] PendingIntent{ef148cc: PendingIntentRecord{e30a718 com.google.android.gms broadcastIntent}}
03-24 14:39:12.841  3670  3796 V BroadcastQueue: [background] Process cur broadcast BroadcastRecord{ab25715 u0 com.google.android.gms.gcm.ACTION_SCHEDULE qIdx=4}, state= (APP_RECEIVE) DELIVERED for app ProcessRecord{49f3f4c 4932:com.google.android.gms.persistent/u0a15}
03-24 14:39:12.841  2037  2037 D InjectionManager: InjectionManager
03-24 14:39:12.841  2037  2037 D InjectionManager: fillFeatureStoreMap com.microsoft.emmx
03-24 14:39:12.841  2037  2037 I InjectionManager: Constructor com.microsoft.emmx, Feature store :{}
03-24 14:39:12.841  2037  2037 I InjectionManager: featureStore :{}
03-24 14:39:12.841   440   440 D ConnectivityManager: requestNetwork; getAppId(CallingUid) : 10098, CallingPid : 440
03-24 14:39:12.841  3670  4550 D ConnectivityService: listenForNetwork for Listen from uid/pid:10098/440 for NetworkRequest [ id=239, legacyType=-1, [ Capabilities: INTERNET&NOT_RESTRICTED&TRUSTED] ]
03-24 14:39:12.851  3670  4029 D ConnectivityService: rematching NetworkAgentInfo [WIFI () - 510]
03-24 14:39:12.851  2037  2037 I cr_ChildProcessService: Creating new ChildProcessService pid=2037
03-24 14:39:12.851  3670  4029 D ConnectivityService:  network has: NetworkAgentInfo{ ni{[type: WIFI[] - WIFI, state: CONNECTED/CONNECTED, reason: (unspecified), extra: "DataStructures", roaming: false, failover: false, isAvailable: true]}  network{510}  lp{{InterfaceName: wlan0 LinkAddresses: [fe80::ee9b:f3ff:fe73:43e9/64,192.168.0.174/24,]  Routes: [fe80::/64 -> :: wlan0,192.168.0.0/24 -> 0.0.0.0 wlan0,0.0.0.0/0 -> 192.168.0.1 wlan0,] DnsAddresses: [192.168.0.1,] Domains:  MTU: 0 TcpBufferSizes: 524288,1048576,4525824,524288,1048576,4525824}}  nc{[ Transports: WIFI Capabilities: INTERNET&NOT_RESTRICTED&TRUSTED&NOT_VPN&VALIDATED LinkUpBandwidth>=1048576Kbps LinkDnBandwidth>=1048576Kbps SignalStrength: -33]}  Score{60}  everValidated{true}  lastValidated{true}  created{true} lingering{false} explicitlySelected{false} acceptUnvalidated{false} everCaptivePortalDetected{false} lastCaptivePortalDetected{false} }
03-24 14:39:12.851  3670  4029 D ConnectivityService:   checking if request is: NetworkRequest [ id=10, legacyType=-1, [ Capabilities: INTERNET&NOT_RESTRICTED&TRUSTED&NOT_VPN] ] satisfies: true nri.isRequest: false
03-24 14:39:12.851  3670  4029 D ConnectivityService:   checking if request is: NetworkRequest [ id=30, legacyType=-1, [ Capabilities: INTERNET&NOT_RESTRICTED&TRUSTED] ] satisfies: true nri.isRequest: false
03-24 14:39:12.851  3670  4029 D ConnectivityService:   checking if request is: NetworkRequest [ id=239, legacyType=-1, [ Capabilities: INTERNET&NOT_RESTRICTED&TRUSTED] ] satisfies: true nri.isRequest: false
03-24 14:39:12.851  3670  4029 D ConnectivityService:   checking if request is: NetworkRequest [ id=5, legacyType=-1, [ Transports: WIFI Capabilities: INTERNET&NOT_RESTRICTED&TRUSTED&NOT_VPN] ] satisfies: true nri.isRequest: false
03-24 14:39:12.851  3670  4029 D ConnectivityService: Network NetworkAgentInfo [WIFI () - 510] was already satisfying request 1. No change.
03-24 14:39:12.851  3670  4029 D ConnectivityService:   checking if request is: NetworkRequest [ id=3, legacyType=-1, [] ] satisfies: true nri.isRequest: false
03-24 14:39:12.851  3670  4029 D ConnectivityService:   checking if request is: NetworkRequest [ id=4, legacyType=-1, [ Transports: CELLULAR Capabilities: INTERNET&NOT_RESTRICTED&TRUSTED&NOT_VPN] ] satisfies: false nri.isRequest: false
03-24 14:39:12.851  3670  4029 D ConnectivityService:   checking if request is: NetworkRequest [ id=238, legacyType=-1, [ Capabilities: INTERNET&NOT_RESTRICTED&TRUSTED] ] satisfies: true nri.isRequest: false
03-24 14:39:12.851  3670  4029 D ConnectivityService:   checking if request is: NetworkRequest [ id=226, legacyType=-1, [ Capabilities: INTERNET&NOT_RESTRICTED&TRUSTED] ] satisfies: true nri.isRequest: false
03-24 14:39:12.851  3670  4029 D ConnectivityService:   checking if request is: NetworkRequest [ id=29, legacyType=-1, [ Capabilities: INTERNET&NOT_RESTRICTED&TRUSTED] ] satisfies: true nri.isRequest: false
03-24 14:39:12.851  3670  4029 D ConnectivityService:   checking if request is: NetworkRequest [ id=228, legacyType=-1, [ Capabilities: INTERNET&NOT_RESTRICTED&TRUSTED] ] satisfies: true nri.isRequest: false
03-24 14:39:12.851  3670  4029 D ConnectivityService: sending notification AVAILABLE for NetworkRequest [ id=239, legacyType=-1, [ Capabilities: INTERNET&NOT_RESTRICTED&TRUSTED] ]
03-24 14:39:12.861  3025  3025 I SurfaceFlinger: id=496 createSurf (1440x2464),4 flag=404, TurfaceView
03-24 14:39:12.871   440  2026 E chromium: [ERROR:shell_integration_android.cc(32)] Not implemented reached in shell_integration::DefaultWebClientState shell_integration::GetDefaultBrowser()
03-24 14:39:12.871  3670  3931 V WindowStateAnimator: Finishing drawing window Window{981d17 u0 d0 SurfaceView}: mDrawState=DRAW_PENDING
03-24 14:39:12.871  3670  4143 V AlarmManager:  remove PendingIntent] PendingIntent{4bde564: PendingIntentRecord{e30a718 com.google.android.gms broadcastIntent}}
03-24 14:39:12.871   440   440 I cr_ContextualSearch: Tap suppression enabled: false
03-24 14:39:12.871   440   440 I cr_ContextualSearch: Consructing ContextualSearchRankerLoggerImpl, enabled: true
03-24 14:39:12.881  2037  2057 I cr_LibraryLoader: Loading chrome
03-24 14:39:12.881  3670  4016 V WindowStateAnimator: Finishing drawing window Window{981d17 u0 d0 SurfaceView}: mDrawState=HAS_DRAWN
03-24 14:39:12.891  3670  3670 D CustomFrequencyManagerService: releaseDVFSLockLocked : Getting Lock type frm List : DVFS_MIN_LIMIT  frequency : 1800000  uid : 1000  pid : 3670  tag : ACTIVITY_RESUME_BOOSTER@9
03-24 14:39:12.901  3025  3025 D libEGL  : eglInitialize EGLDisplay = 0x7ff3f31d28
03-24 14:39:12.921  2037  2057 I cr_LibraryLoader: Time to load native libraries: 45 ms (timestamps 3813-3858)
03-24 14:39:12.921  2037  2057 I chromium: [INFO:library_loader_hooks.cc(36)] Chromium logging enabled: level = 0, default verbosity = 0
03-24 14:39:12.921  2037  2057 I cr_LibraryLoader: Expected native library version number "71.0.3578.99", actual native library version number "71.0.3578.99"
03-24 14:39:12.941   440   440 D TextView: setTypeface with style : 0
03-24 14:39:12.941  2037  2057 W ResourcesManager: getTopLevelResources: /data/app/com.microsoft.emmx-1/base.apk / 1.0 running in com.microsoft.emmx rsrc of package com.microsoft.emmx
03-24 14:39:12.951  2037  2057 E libEGL  : validate_display:255 error 3008 (EGL_BAD_DISPLAY)
03-24 14:39:12.971  3670  4952 I PersonaManager: mKnoxInfo is empty
03-24 14:39:12.991   440  2023 D SmartScreenLog: WebFilterManager::GetInstance succeed
03-24 14:39:12.991   440  2023 D SmartScreenLog: WebFilterManager isInitialized:false
03-24 14:39:12.991  2037  2057 D libEGL  : loaded /vendor/lib/egl/libGLES_mali.so
03-24 14:39:12.991  1995  2007 I cr_LibraryLoader: Loading chrome
03-24 14:39:13.001   440   440 D TextView: setTypeface with style : 0
03-24 14:39:13.001   440   440 D TextView: setTypeface with style : 0
03-24 14:39:13.011   440   440 D TextView: setTypeface with style : 0
03-24 14:39:13.011   440   440 D TextView: setTypeface with style : 0
03-24 14:39:13.011   440   440 D TextView: setTypeface with style : 0
03-24 14:39:13.011   440   440 D TextView: setTypeface with style : 0
03-24 14:39:13.011   440   440 D TextView: setTypeface with style : 0
03-24 14:39:13.011  2037  2057 D libEGL  : eglInitialize EGLDisplay = 0xf3a64d7c
03-24 14:39:13.021   440   440 D TextView: setTypeface with style : 0
03-24 14:39:13.021  2037  2057 D         : ro.exynos.dss isEnabled: 0
03-24 14:39:13.021   440   440 D TextView: setTypeface with style : 0
03-24 14:39:13.021   440   440 D TextView: setTypeface with style : 0
03-24 14:39:13.021   440   440 D TextView: setTypeface with style : 0
03-24 14:39:13.021   440   440 D TextView: setTypeface with style : 0
03-24 14:39:13.031   440   440 D TextView: setTypeface with style : 0
03-24 14:39:13.031   440   440 D TextView: setTypeface with style : 0
03-24 14:39:13.031  1995  2007 I cr_LibraryLoader: Time to load native libraries: 35 ms (timestamps 3928-3963)
03-24 14:39:13.031  1995  2007 I chromium: [INFO:library_loader_hooks.cc(36)] Chromium logging enabled: level = 0, default verbosity = 0
03-24 14:39:13.031  1995  2007 I cr_LibraryLoader: Expected native library version number "71.0.3578.99", actual native library version number "71.0.3578.99"
03-24 14:39:13.031   440   440 D TextView: setTypeface with style : 0
03-24 14:39:13.031   440   440 D TextView: setTypeface with style : 0
03-24 14:39:13.031   440  2076 I System.out: (HTTPLog)-Static: isSBSettingEnabled false
03-24 14:39:13.031   440  2076 I System.out: (HTTPLog)-Static: isSBSettingEnabled false
03-24 14:39:13.031  3670  4524 V WindowOrientationListener: setCurrentAppOrientation :13
03-24 14:39:13.031  3670  4524 V WindowOrientationListener: OrientationSensorJudge.getProposedRotation, Rotation: -1
03-24 14:39:13.031  3670  4524 V WindowManager: rotationForOrientationLw(orient=13, last=0); user=0  sensorRotation=-1 mLidState=-1 mDockMode=0 mHdmiPlugged=false mMobileKeyboardEnabled=false displayId=0
03-24 14:39:13.031  3670  4524 V WindowOrientationListener: OrientationSensorJudge.getProposedRotation, Rotation: -1
03-24 14:39:13.041  3670  4016 I PersonaManager: mKnoxInfo is empty
03-24 14:39:13.041  2037  2057 W AudioCapabilities: Unsupported mime audio/mpeg-L1
03-24 14:39:13.041  2037  2057 W AudioCapabilities: Unsupported mime audio/mpeg-L2
03-24 14:39:13.051  2037  2057 W AudioCapabilities: Unsupported mime audio/x-ms-wma
03-24 14:39:13.051  2082  2082 E Zygote  : v2
03-24 14:39:13.051  2082  2082 I libpersona: KNOX_SDCARD checking this for 99170
03-24 14:39:13.051  2082  2082 I libpersona: KNOX_SDCARD not a persona
03-24 14:39:13.051  2037  2057 W AudioCapabilities: Unsupported mime audio/x-ima
03-24 14:39:13.051  2082  2082 W SELinux : Function: selinux_compare_spd_ram, index[1], priority [2], priority version is VE=SEPF_SECMOBILE_6.0.1_0003
03-24 14:39:13.051  1995  2007 W ResourcesManager: getTopLevelResources: /data/app/com.microsoft.emmx-1/base.apk / 1.0 running in com.microsoft.emmx rsrc of package com.microsoft.emmx
03-24 14:39:13.051  2037  2057 W VideoCapabilities: Unrecognized profile/level 32768/2 for video/mp4v-es
03-24 14:39:13.051   440   440 I cr_SnippetsLauncher: Scheduling: 172800 172800
03-24 14:39:13.051  3670  4016 I ActivityManager: Start proc 2082:com.microsoft.emmx:sandboxed_process1/u0i170 for service com.microsoft.emmx/org.chromium.content.app.EdgeSandboxedProcessService1
03-24 14:39:13.051  2082  2082 E Zygote  : accessInfo : 0
03-24 14:39:13.051  2082  2082 W SELinux : SELinux: seapp_context_lookup: seinfo=default, level=s0:c512,c768, pkgname=com.microsoft.emmx:sandboxed_process1 
03-24 14:39:13.051  3670  4552 I PersonaManager: mKnoxInfo is empty
03-24 14:39:13.051  2037  2057 W VideoCapabilities: Unrecognized profile 2130706433 for video/avc
03-24 14:39:13.051  2037  2057 W VideoCapabilities: Unrecognized profile 2130706433 for video/avc
03-24 14:39:13.051  2037  2057 W VideoCapabilities: Unrecognized profile 2130706433 for video/avc
03-24 14:39:13.051  2037  2057 W VideoCapabilities: Unrecognized profile 2130706433 for video/avc
03-24 14:39:13.051  2037  2057 W VideoCapabilities: Unrecognized profile 2130706433 for video/avc
03-24 14:39:13.051  2037  2057 W VideoCapabilities: Unrecognized profile 2130706433 for video/avc
03-24 14:39:13.051  2037  2057 W VideoCapabilities: Unrecognized profile 2130706433 for video/avc
03-24 14:39:13.051  2037  2057 W VideoCapabilities: Unrecognized profile 2130706433 for video/avc
03-24 14:39:13.051  2037  2057 W VideoCapabilities: Unrecognized profile 2130706433 for video/avc
03-24 14:39:13.051  2037  2057 W VideoCapabilities: Unrecognized profile 2130706433 for video/avc
03-24 14:39:13.051  2037  2057 W VideoCapabilities: Unrecognized profile 2130706433 for video/avc
03-24 14:39:13.051  2037  2057 W VideoCapabilities: Unrecognized profile 2130706433 for video/avc
03-24 14:39:13.051  2037  2057 W VideoCapabilities: Unrecognized profile 2130706433 for video/avc
03-24 14:39:13.051  2037  2057 W VideoCapabilities: Unrecognized profile 2130706433 for video/avc
03-24 14:39:13.051  2037  2057 W VideoCapabilities: Unrecognized profile 2130706433 for video/avc
03-24 14:39:13.051  2037  2057 W VideoCapabilities: Unrecognized profile 2130706433 for video/avc
03-24 14:39:13.051  2037  2057 W VideoCapabilities: Unrecognized profile 2130706434 for video/avc
03-24 14:39:13.051  2037  2057 W VideoCapabilities: Unrecognized profile 2130706434 for video/avc
03-24 14:39:13.051  2037  2057 W VideoCapabilities: Unrecognized profile 2130706434 for video/avc
03-24 14:39:13.051  2037  2057 W VideoCapabilities: Unrecognized profile 2130706434 for video/avc
03-24 14:39:13.051  2037  2057 W VideoCapabilities: Unrecognized profile 2130706434 for video/avc
03-24 14:39:13.051  2037  2057 W VideoCapabilities: Unrecognized profile 2130706434 for video/avc
03-24 14:39:13.051  2037  2057 W VideoCapabilities: Unrecognized profile 2130706434 for video/avc
03-24 14:39:13.051  2037  2057 W VideoCapabilities: Unrecognized profile 2130706434 for video/avc
03-24 14:39:13.051  2037  2057 W VideoCapabilities: Unrecognized profile 2130706434 for video/avc
03-24 14:39:13.051  2037  2057 W VideoCapabilities: Unrecognized profile 2130706434 for video/avc
03-24 14:39:13.051  2037  2057 W VideoCapabilities: Unrecognized profile 2130706434 for video/avc
03-24 14:39:13.051  2037  2057 W VideoCapabilities: Unrecognized profile 2130706434 for video/avc
03-24 14:39:13.051  2037  2057 W VideoCapabilities: Unrecognized profile 2130706434 for video/avc
03-24 14:39:13.051  2037  2057 W VideoCapabilities: Unrecognized profile 2130706434 for video/avc
03-24 14:39:13.051  2037  2057 W VideoCapabilities: Unrecognized profile 2130706434 for video/avc
03-24 14:39:13.051  2037  2057 W VideoCapabilities: Unrecognized profile 2130706434 for video/avc
03-24 14:39:13.051   440  1954 I cr_XU   : FeatureSingle: tab_partner_code {isBingSearch=no, partnerCode=EMMX01}
03-24 14:39:13.051  2037  2057 W VideoCapabilities: Unrecognized profile 2130706433 for video/avc
03-24 14:39:13.051  2037  2057 W VideoCapabilities: Unrecognized profile 2130706433 for video/avc
03-24 14:39:13.051  2037  2057 W VideoCapabilities: Unrecognized profile 2130706433 for video/avc
03-24 14:39:13.051  2037  2057 W VideoCapabilities: Unrecognized profile 2130706433 for video/avc
03-24 14:39:13.061  3670  3796 V BroadcastQueue: [background] Process cur broadcast BroadcastRecord{c05ef7e u0 com.google.android.gms.gcm.ACTION_SCHEDULE qIdx=4}, state= (APP_RECEIVE) DELIVERED for app ProcessRecord{49f3f4c 4932:com.google.android.gms.persistent/u0a15}
03-24 14:39:13.051  2037  2057 W VideoCapabilities: Unrecognized profile 2130706433 for video/avc
03-24 14:39:13.051  2037  2057 W VideoCapabilities: Unrecognized profile 2130706433 for video/avc
03-24 14:39:13.051  2037  2057 W VideoCapabilities: Unrecognized profile 2130706433 for video/avc
03-24 14:39:13.051  2037  2057 W VideoCapabilities: Unrecognized profile 2130706433 for video/avc
03-24 14:39:13.051  2037  2057 W VideoCapabilities: Unrecognized profile 2130706433 for video/avc
03-24 14:39:13.051  2037  2057 W VideoCapabilities: Unrecognized profile 2130706433 for video/avc
03-24 14:39:13.051  2037  2057 W VideoCapabilities: Unrecognized profile 2130706433 for video/avc
03-24 14:39:13.051  2037  2057 W VideoCapabilities: Unrecognized profile 2130706433 for video/avc
03-24 14:39:13.051  2037  2057 W VideoCapabilities: Unrecognized profile 2130706433 for video/avc
03-24 14:39:13.051  2037  2057 W VideoCapabilities: Unrecognized profile 2130706433 for video/avc
03-24 14:39:13.051  2037  2057 W VideoCapabilities: Unrecognized profile 2130706433 for video/avc
03-24 14:39:13.051  2037  2057 W VideoCapabilities: Unrecognized profile 2130706433 for video/avc
03-24 14:39:13.051  2037  2057 W VideoCapabilities: Unrecognized profile 2130706434 for video/avc
03-24 14:39:13.051  2037  2057 W VideoCapabilities: Unrecognized profile 2130706434 for video/avc
03-24 14:39:13.051  2037  2057 W VideoCapabilities: Unrecognized profile 2130706434 for video/avc
03-24 14:39:13.051  2037  2057 W VideoCapabilities: Unrecognized profile 2130706434 for video/avc
03-24 14:39:13.051  2037  2057 W VideoCapabilities: Unrecognized profile 2130706434 for video/avc
03-24 14:39:13.051  2037  2057 W VideoCapabilities: Unrecognized profile 2130706434 for video/avc
03-24 14:39:13.071  3670  3697 V BroadcastQueue: [background] Process cur broadcast BroadcastRecord{6f38cdf u0 com.google.android.gms.gcm.ACTION_SCHEDULE qIdx=4}, state= (APP_RECEIVE) DELIVERED for app ProcessRecord{49f3f4c 4932:com.google.android.gms.persistent/u0a15}
03-24 14:39:13.051  2037  2057 W VideoCapabilities: Unrecognized profile 2130706434 for video/avc
03-24 14:39:13.051  2037  2057 W VideoCapabilities: Unrecognized profile 2130706434 for video/avc
03-24 14:39:13.051  2037  2057 W VideoCapabilities: Unrecognized profile 2130706434 for video/avc
03-24 14:39:13.051  2037  2057 W VideoCapabilities: Unrecognized profile 2130706434 for video/avc
03-24 14:39:13.051  2037  2057 W VideoCapabilities: Unrecognized profile 2130706434 for video/avc
03-24 14:39:13.051  2037  2057 W VideoCapabilities: Unrecognized profile 2130706434 for video/avc
03-24 14:39:13.051  2037  2057 W VideoCapabilities: Unrecognized profile 2130706434 for video/avc
03-24 14:39:13.051  2037  2057 W VideoCapabilities: Unrecognized profile 2130706434 for video/avc
03-24 14:39:13.061  2037  2057 W VideoCapabilities: Unrecognized profile 2130706434 for video/avc
03-24 14:39:13.061  2037  2057 W VideoCapabilities: Unrecognized profile 2130706434 for video/avc
03-24 14:39:13.061  2037  2057 W VideoCapabilities: Unsupported mime video/wvc1
03-24 14:39:13.061  2037  2057 W VideoCapabilities: Unsupported mime video/x-ms-wmv
03-24 14:39:13.071  3670  4952 I PersonaManager: mKnoxInfo is empty
03-24 14:39:13.071  2037  2057 W VideoCapabilities: Unrecognized profile/level 32768/2 for video/mp4v-es
03-24 14:39:13.071  2037  2057 W VideoCapabilities: Unsupported mime video/wvc1
03-24 14:39:13.081  2037  2057 W VideoCapabilities: Unsupported mime video/x-ms-wmv
03-24 14:39:13.081  2037  2057 W VideoCapabilities: Unsupported mime video/x-ms-wmv7
03-24 14:39:13.081  2037  2057 W VideoCapabilities: Unsupported mime video/x-ms-wmv8
03-24 14:39:13.081  2037  2057 W VideoCapabilities: Unsupported mime video/mp43
03-24 14:39:13.081  2037  2057 W VideoCapabilities: Unrecognized profile 2130706433 for video/avc
03-24 14:39:13.081  2037  2057 W VideoCapabilities: Unrecognized profile 2130706433 for video/avc
03-24 14:39:13.081  2037  2057 W VideoCapabilities: Unrecognized profile 2130706433 for video/avc
03-24 14:39:13.081  2037  2057 W VideoCapabilities: Unrecognized profile 2130706433 for video/avc
03-24 14:39:13.081  2037  2057 W VideoCapabilities: Unrecognized profile 2130706433 for video/avc
03-24 14:39:13.081  2037  2057 W VideoCapabilities: Unrecognized profile 2130706433 for video/avc
03-24 14:39:13.081  2037  2057 W VideoCapabilities: Unrecognized profile 2130706433 for video/avc
03-24 14:39:13.081  2037  2057 W VideoCapabilities: Unrecognized profile 2130706433 for video/avc
03-24 14:39:13.081  2037  2057 W VideoCapabilities: Unrecognized profile 2130706433 for video/avc
03-24 14:39:13.081  2037  2057 W VideoCapabilities: Unrecognized profile 2130706433 for video/avc
03-24 14:39:13.081  2037  2057 W VideoCapabilities: Unrecognized profile 2130706433 for video/avc
03-24 14:39:13.081  2037  2057 W VideoCapabilities: Unrecognized profile 2130706433 for video/avc
03-24 14:39:13.081  2037  2057 W VideoCapabilities: Unrecognized profile 2130706433 for video/avc
03-24 14:39:13.081  2037  2057 W VideoCapabilities: Unrecognized profile 2130706433 for video/avc
03-24 14:39:13.081  2037  2057 W VideoCapabilities: Unrecognized profile 2130706433 for video/avc
03-24 14:39:13.081  2037  2057 W VideoCapabilities: Unrecognized profile 2130706433 for video/avc
03-24 14:39:13.081  2037  2057 W VideoCapabilities: Unrecognized profile 2130706434 for video/avc
03-24 14:39:13.081  2037  2057 W VideoCapabilities: Unrecognized profile 2130706434 for video/avc
03-24 14:39:13.081  2037  2057 W VideoCapabilities: Unrecognized profile 2130706434 for video/avc
03-24 14:39:13.081  2037  2057 W VideoCapabilities: Unrecognized profile 2130706434 for video/avc
03-24 14:39:13.081  2037  2057 W VideoCapabilities: Unrecognized profile 2130706434 for video/avc
03-24 14:39:13.081  2037  2057 W VideoCapabilities: Unrecognized profile 2130706434 for video/avc
03-24 14:39:13.081  2037  2057 W VideoCapabilities: Unrecognized profile 2130706434 for video/avc
03-24 14:39:13.081  2037  2057 W VideoCapabilities: Unrecognized profile 2130706434 for video/avc
03-24 14:39:13.081  2037  2057 W VideoCapabilities: Unrecognized profile 2130706434 for video/avc
03-24 14:39:13.081  2037  2057 W VideoCapabilities: Unrecognized profile 2130706434 for video/avc
03-24 14:39:13.081  2037  2057 W VideoCapabilities: Unrecognized profile 2130706434 for video/avc
03-24 14:39:13.081  2037  2057 W VideoCapabilities: Unrecognized profile 2130706434 for video/avc
03-24 14:39:13.081  2037  2057 W VideoCapabilities: Unrecognized profile 2130706434 for video/avc
03-24 14:39:13.081  2037  2057 W VideoCapabilities: Unrecognized profile 2130706434 for video/avc
03-24 14:39:13.081  2037  2057 W VideoCapabilities: Unrecognized profile 2130706434 for video/avc
03-24 14:39:13.081  2037  2057 W VideoCapabilities: Unrecognized profile 2130706434 for video/avc
03-24 14:39:13.081  2037  2057 W VideoCapabilities: Unrecognized profile/level 32768/2 for video/mp4v-es
03-24 14:39:13.091   440   440 I cr_Qi   : onFinishNativeInitialization: updating app proxy state to: false
03-24 14:39:13.091   440   440 I cr_org.chromium.net.MAMAppProxyBridge: disable redirect in native
03-24 14:39:13.091  2082  2082 W ResourcesManager: getTopLevelResources: /data/app/com.microsoft.emmx-1/base.apk / 1.0 running in com.microsoft.emmx rsrc of package com.microsoft.emmx
03-24 14:39:13.101  2082  2082 D ResourcesManager: For user 0 new overlays fetched Null
03-24 14:39:13.101  2082  2082 I InjectionManager: Inside getClassLibPath caller 
03-24 14:39:13.101   440   440 I cr_XU   : FeatureSingle: ExpFeatureUsage {isFound=false, featureValue=false, dataSource=ExP, featureName=TestRollout1}
03-24 14:39:13.101  2037  2057 I VideoCapabilities: Unsupported profile 4 for video/mp4v-es
03-24 14:39:13.111   440   440 I cr_XU   : FeatureSingle: ExpFeatureUsage {isFound=false, featureValue=false, dataSource=ExP, featureName=NewsGuard-Rollout}
03-24 14:39:13.111  2082  2082 I MAMInfo : MAMInfo initialized. Debug=false, UseTestAgent=false, ManagedDialogDisabled=false, DeprecationDialogDisabled=false, PolicyRequired=false, MultiIdentityEnabled=true, FullBackupContent=true, UseDefaultEnrollment=false, ExceptionOnInit=false, Debuggable=false
03-24 14:39:13.111 18067 18067 D SamsungIME: IMPL finishInput
03-24 14:39:13.111 18067 18067 D SamsungIME: SwiftKeyWrapper writeDBdataToFileOnFinishInput
03-24 14:39:13.111 18067 18067 D SamsungIME: saveAndClear +
03-24 14:39:13.111 18067 18067 D SamsungIME: saveAndClear -
03-24 14:39:13.111   440   440 I cr_XU   : FeatureSingle: ExpFeatureUsage {isFound=false, featureValue=false, dataSource=ExP, featureName=NewsGuard-Rollout}
03-24 14:39:13.111  2037  2057 W VideoCapabilities: Unsupported mime video/sorenson
03-24 14:39:13.121   440   440 I cr_XU   : FeatureSingle: ExpFeatureUsage {isFound=false, featureValue=false, dataSource=ExP, featureName=NewsGuard-Rollout}
03-24 14:39:13.121   440  2099 I cr_XU   : FeatureSingle: ExpFeatureUsage {isFound=false, featureValue=false, dataSource=ExP, featureName=NewsGuard-Rollout}
03-24 14:39:13.121  3670  3697 I PersonaManager: mKnoxInfo is empty
03-24 14:39:13.131  3670  3697 D PackageManager: findPreferredActivity: We found 3 PreferredActivities set, but no match
03-24 14:39:13.131  3670  3697 I PackageManager: No preferred activity: intent should not be shown
03-24 14:39:13.131   440   440 I cr_XU   : FeatureSingle: ExpFeatureUsage {isFound=false, featureValue=false, dataSource=ExP, featureName=NewsGuard-Rollout}
03-24 14:39:13.131   440   440 D TextView: setTypeface with style : 0
03-24 14:39:13.131   440   440 D TextView: setTypeface with style : 0
03-24 14:39:13.131  2082  2082 D InjectionManager: InjectionManager
03-24 14:39:13.141  2082  2082 I InjectionManager: featureStore :{}
03-24 14:39:13.141  2082  2082 I cr_ChildProcessService: Creating new ChildProcessService pid=2082
03-24 14:39:13.151   440  2111 W cr_ReadingListDataAdapter: /data/user/0/com.microsoft.emmx/databases/ReadingListDB databases file not exist!!!
03-24 14:39:13.151   440  2111 W cr_ReadingListDataAdapter: Finished performing dual identity migration.
03-24 14:39:13.161  3670  4407 I PersonaManager: mKnoxInfo is empty
03-24 14:39:13.161  3670  4421 I PersonaManager: mKnoxInfo is empty
03-24 14:39:13.171  3670  4407 D PackageManager: findPreferredActivity: We found 1 PreferredActivities set, but no match
03-24 14:39:13.171  3670  4407 I PackageManager: No preferred activity: intent should not be shown
03-24 14:39:13.171  1995  2007 W chromium: [WARNING:resource_bundle.cc(599)] GetRawDataResourceForScale::GetStringPiece failed, i: 0 scale_factor: 1
03-24 14:39:13.171  1995  2007 W chromium: [WARNING:resource_bundle.cc(599)] GetRawDataResourceForScale::GetStringPiece failed, i: 0 scale_factor: 1
03-24 14:39:13.171  1995  2007 W chromium: [WARNING:resource_bundle.cc(599)] GetRawDataResourceForScale::GetStringPiece failed, i: 0 scale_factor: 1
03-24 14:39:13.171  1995  2007 W chromium: [WARNING:resource_bundle.cc(599)] GetRawDataResourceForScale::GetStringPiece failed, i: 0 scale_factor: 1
03-24 14:39:13.171  3670  4421 D PackageManager: findPreferredActivity: No PreferredActivities set
03-24 14:39:13.171  3670  4421 I PackageManager: No preferred activity: intent should not be shown
03-24 14:39:13.171   440   440 I cr_XU   : FeatureSingle: ExpFeatureUsage {isFound=false, featureValue=, dataSource=ExP, featureName=ExperimentSetDefaultBrowser}
03-24 14:39:13.181  1995  2007 W chromium: [WARNING:resource_bundle.cc(599)] GetRawDataResourceForScale::GetStringPiece failed, i: 0 scale_factor: 1
03-24 14:39:13.181  1995  2007 W chromium: [WARNING:resource_bundle.cc(599)] GetRawDataResourceForScale::GetStringPiece failed, i: 0 scale_factor: 1
03-24 14:39:13.181  1995  2007 W chromium: [WARNING:resource_bundle.cc(599)] GetRawDataResourceForScale::GetStringPiece failed, i: 0 scale_factor: 1
03-24 14:39:13.181  2037  2057 D         : ro.exynos.dss isEnabled: 0
03-24 14:39:13.191  2037  2057 D libGLESv2: DTS_GLAPI : DTS is not allowed for Package : com.microsoft.emmx:privileged_process0
03-24 14:39:13.201   440   440 I RubySyncClient: password model loaded
03-24 14:39:13.201   440   440 I RubySyncClient: password model loaded
03-24 14:39:13.201  2037  2057 D mali_winsys: new_window_surface returns 0x3000,  [1440x2464]-format:1
03-24 14:39:13.211  3670  3698 D ConnectivityService: returning getNetworkInfo for network type 1 : [type: WIFI[] - WIFI, state: CONNECTED/CONNECTED, reason: (unspecified), extra: "DataStructures", roaming: false, failover: false, isAvailable: true]
03-24 14:39:13.211   440  2113 W System.err: stat failed: ENOENT (No such file or directory) : /data/user/0/com.microsoft.emmx/EdgeSafety/MalwareData.db
03-24 14:39:13.231   440  1974 I cr_XU   : FeatureSingle: ExpResponseMetadata {requestStatus=Succeeded, requestDuration=856}
03-24 14:39:13.241   440  2113 I System.out: (HTTPLog)-Static: isSBSettingEnabled false
03-24 14:39:13.241   440  2113 I System.out: (HTTPLog)-Static: isSBSettingEnabled false
03-24 14:39:13.241  3037  3741 D EnterpriseController: netId is 0
03-24 14:39:13.241  3037  3741 D Netd    : getNetworkForDns: using netid 510 for uid 10098
03-24 14:39:13.241   440  1974 I cr_XU   : FeatureSingle: ExpResponseDetails {returnedConfigs={"TestRollout1":false,"Favorites-Test-Rollout":true,"Favorites-Rearrange-Rollout":true,"ExperimentEnableClearBrowsingDataOnExit":false,"Ntp-Videos-Rollout":true,"NewsGuard-Rollout":true,"RadialMenu-Rollout":false,"Feature3":666,"Feature5":"Enable experiment setting (rollout)","TestBoolValue":true}, requestHeaders={"X-WINNEXT-PLATFORM":"Android.Phone","X-WINNEXT-RING":"Public","X-PHOTOS-CALLERID":"com.microsoft.emmx","X-WINNEXT-APPVERSION":"42.0.2.3350","X-WINNEXT-OSVERSION":"6.0.1"}, returnedFlights={"mixedrealityviewer1":"highqualitycapturec","e02":"emtes9141cf","eq5":"emfav9961","winnext-emmx5":"clearonexitcontrol","hug":"emfav4671","iiv":"emntp7891","izo":"emn2151","jiu":"emrad2950","kd5":"yotes719","nah":"emfea18066"}, dataSource=ExP, responseVersion=51016597}
03-24 14:39:13.251   440   472 W System.err: remove failed: ENOENT (No such file or directory) : /data/user/0/com.microsoft.emmx/shared_prefs/afd_feature_flags.xml.bak
03-24 14:39:13.251   440   440 W ResourcesManager: getTopLevelResources: /data/app/com.microsoft.emmx-1/base.apk / 1.0 running in com.microsoft.emmx rsrc of package com.microsoft.emmx
03-24 14:39:13.261  3670  4409 I PersonaManager: mKnoxInfo is empty
03-24 14:39:13.261   440   440 D TextView: setTypeface with style : 0
03-24 14:39:13.271   440   440 D TextView: setTypeface with style : 0
03-24 14:39:13.271  2082  2103 I cr_LibraryLoader: Loading chrome
03-24 14:39:13.271   440   440 D TextView: setTypeface with style : 0
03-24 14:39:13.281   440   440 D ViewRootImpl: #1 mView = com.android.internal.policy.PhoneWindow$DecorView{3899f99 V.E...... R.....ID 0,0-0,0}
03-24 14:39:13.281  3025  3025 D libEGL  : eglInitialize EGLDisplay = 0x7ff3f31d28
03-24 14:39:13.281  3670  4552 D ISSUE_DEBUG: InputChannelName : 1b79a30 com.microsoft.emmx/org.chromium.chrome.browser.ChromeTabbedActivity
03-24 14:39:13.291  3670  3798 D StatusBarManagerService: manageDisableList userId=0 what=0x0 pkg=Window{1b79a30 u0 d0 com.microsoft.emmx/org.chromium.chrome.browser.ChromeTabbedActivity}
03-24 14:39:13.291  3670  4552 D InputDispatcher: Focus left window: 440
03-24 14:39:13.291  3670  4552 D InputDispatcher: Focus entered window: 440
03-24 14:39:13.291  3670  3884 D PointerIcon: setMouseIconStyle1 pointerType: 1001 iconType:101 flag:0 pid:3670 uid:1000
03-24 14:39:13.291  3670  3884 D PointerIcon: setMouseCustomIcon IconType is same.101
03-24 14:39:13.291  4103  4103 D PhoneStatusBar: setSystemUiVisibility vis=a000 mask=ffffffff oldVal=a600 newVal=a000 diff=600
03-24 14:39:13.291  3670  3697 I PersonaManager: mKnoxInfo is empty
03-24 14:39:13.291  3670  3697 D PackageManager: findPreferredActivity: No PreferredActivities set
03-24 14:39:13.291  3670  3697 I PackageManager: No preferred activity: intent should not be shown
03-24 14:39:13.291  3670  4421 I PersonaManager: mKnoxInfo is empty
03-24 14:39:13.291  3670  4421 D PackageManager: findPreferredActivity: No PreferredActivities set
03-24 14:39:13.291  3670  4421 I PackageManager: No preferred activity: intent should not be shown
03-24 14:39:13.301   440   440 D TextView: setTypeface with style : 0
03-24 14:39:13.301   440   440 D TextView: setTypeface with style : 0
03-24 14:39:13.311   440   440 D TextView: setTypeface with style : 0
03-24 14:39:13.311  2082  2103 I cr_LibraryLoader: Time to load native libraries: 38 ms (timestamps 4205-4243)
03-24 14:39:13.311  2082  2103 I chromium: [INFO:library_loader_hooks.cc(36)] Chromium logging enabled: level = 0, default verbosity = 0
03-24 14:39:13.311  2082  2103 I cr_LibraryLoader: Expected native library version number "71.0.3578.99", actual native library version number "71.0.3578.99"
03-24 14:39:13.311   440   440 D TextView: setTypeface with style : 0
03-24 14:39:13.311   440   440 D TextView: setTypeface with style : 0
03-24 14:39:13.311   440   440 I XN      : isLocaleSupported() returned: false current locale = [en-gb], supported locale = [en-us;]
03-24 14:39:13.331  2082  2103 W ResourcesManager: getTopLevelResources: /data/app/com.microsoft.emmx-1/base.apk / 1.0 running in com.microsoft.emmx rsrc of package com.microsoft.emmx
03-24 14:39:13.341  3025  3025 I SurfaceFlinger: id=497 createSurf (257x257),1 flag=4, DhromeTabbe
03-24 14:39:13.351   440  1986 D mali_winsys: new_window_surface returns 0x3000,  [1624x2488]-format:1
03-24 14:39:13.371  2082  2103 W chromium: [WARNING:resource_bundle.cc(599)] GetRawDataResourceForScale::GetStringPiece failed, i: 0 scale_factor: 1
03-24 14:39:13.371  2082  2103 W chromium: [WARNING:resource_bundle.cc(599)] GetRawDataResourceForScale::GetStringPiece failed, i: 0 scale_factor: 1
03-24 14:39:13.371  2082  2103 W chromium: [WARNING:resource_bundle.cc(599)] GetRawDataResourceForScale::GetStringPiece failed, i: 0 scale_factor: 1
03-24 14:39:13.371  2082  2103 W chromium: [WARNING:resource_bundle.cc(599)] GetRawDataResourceForScale::GetStringPiece failed, i: 0 scale_factor: 1
03-24 14:39:13.371  3670  3697 D InputMethodManagerService: windowGainedFocus mCurrentFocusedUserId - 0 and mSecureKeypadEnabled-false
03-24 14:39:13.371 18067 18067 D SamsungIME: IMPL finishInput
03-24 14:39:13.371 18067 18067 D SamsungIME: SwiftKeyWrapper writeDBdataToFileOnFinishInput
03-24 14:39:13.371 18067 18067 D SamsungIME: saveAndClear +
03-24 14:39:13.371 18067 18067 D SamsungIME: saveAndClear -
03-24 14:39:13.371 18067 18067 D SamsungIME: onStartInput: No inputType, No imeOption, isInputViewShown = false, isExtractViewShown = false, isShowInputRequested = false, isConfigChanged = false
03-24 14:39:13.371  2082  2103 W chromium: [WARNING:resource_bundle.cc(599)] GetRawDataResourceForScale::GetStringPiece failed, i: 0 scale_factor: 1
03-24 14:39:13.371  2082  2103 W chromium: [WARNING:resource_bundle.cc(599)] GetRawDataResourceForScale::GetStringPiece failed, i: 0 scale_factor: 1
03-24 14:39:13.381  2082  2103 W chromium: [WARNING:resource_bundle.cc(599)] GetRawDataResourceForScale::GetStringPiece failed, i: 0 scale_factor: 1
03-24 14:39:13.401  3025  3025 D libEGL  : eglInitialize EGLDisplay = 0x7ff3f31d28
03-24 14:39:13.411  2082  2103 E chromium: [ERROR:translate_manager.cc(674)] domainchrome-native://newtab/
03-24 14:39:13.411  2082  2103 E chromium: [ERROR:translate_helper.cc(111)] language
03-24 14:39:13.411  3670  4409 V WindowStateAnimator: Finishing drawing window Window{1b79a30 u0 d0 com.microsoft.emmx/org.chromium.chrome.browser.ChromeTabbedActivity}: mDrawState=DRAW_PENDING
03-24 14:39:13.421  3025  3025 D libEGL  : eglInitialize EGLDisplay = 0x7ff3f31d28
03-24 14:39:13.421   440  2028 I cr_XU   : FeatureSingle: Native.PageLoadPerf.PageLoadTime {WebContentsImpl::DocumentOnLoadCompleted=380}
03-24 14:39:13.431   440   440 I cr_XU   : FeatureSingle: ExpFeatureUsage {isFound=true, featureValue=true, dataSource=ExP, featureName=NewsGuard-Rollout}
03-24 14:39:13.431   440   440 I FeedbackSessionManager: onNavigationFinished() called
03-24 14:39:13.431   440  1958 W System.err: remove failed: ENOENT (No such file or directory) : /data/user/0/com.microsoft.emmx/app_chrome/Default/tabs/0/tab_state0.bak
03-24 14:39:13.431   440   440 D ViewRootImpl: MSG_RESIZED_REPORT: ci=Rect(0, 0 - 0, 0) vi=Rect(0, 0 - 0, 0) or=1
03-24 14:39:13.441  3670  4552 V WindowStateAnimator: Finishing drawing window Window{1b79a30 u0 d0 com.microsoft.emmx/org.chromium.chrome.browser.ChromeTabbedActivity}: mDrawState=HAS_DRAWN
03-24 14:39:13.441  3670  3798 D StatusBarManagerService: manageDisableList userId=0 what=0x0 pkg=Window{1b79a30 u0 d0 com.microsoft.emmx/org.chromium.chrome.browser.ChromeTabbedActivity}
03-24 14:39:13.441  4103  4103 D PhoneStatusBar: setSystemUiVisibility vis=8000 mask=ffffffff oldVal=a000 newVal=8000 diff=2000
03-24 14:39:13.451   440   440 I FeedbackSessionManager: onChromeTabbedActivityFocusChanged() called with: focus = [false]
03-24 14:39:13.451  3025  3025 D libEGL  : eglInitialize EGLDisplay = 0x7ff3f31d28
03-24 14:39:13.451   440   440 W cr_Autocomplete: stopping autocomplete.
03-24 14:39:13.451   440   440 I cr_XU   : FeatureSingle: ExpFeatureUsage {isFound=true, featureValue=true, dataSource=ExP, featureName=NewsGuard-Rollout}
03-24 14:39:13.451   440   440 I cr_XU   : FeatureSingle: NewsGuardLoading {loadingRank=Skip}
