03-24 15:23:51.501 10041 10041 I MultiDex: install
03-24 15:23:51.501 10041 10041 I MultiDex: VM has multidex support, MultiDex support library is disabled.
03-24 15:23:51.501 10041 10041 I cr_base_multidex: Completed multidex installation.
03-24 15:23:51.591 10041 10041 I FirebaseInitProvider: FirebaseApp initialization successful
03-24 15:23:51.621 10041 10041 W ResourcesManager: getTopLevelResources: /data/app/com.microsoft.emmx-1/base.apk / 1.0 running in com.microsoft.emmx rsrc of package com.microsoft.emmx
03-24 15:23:51.641 10041 10041 W ResourcesManager: getTopLevelResources: /data/app/com.microsoft.emmx-1/base.apk / 1.0 running in com.microsoft.emmx rsrc of package com.microsoft.emmx
03-24 15:23:51.651  3670  3697 D VoldConnector: SND -> {38 volume mkdirs /storage/emulated/0/Android/data/com.microsoft.emmx/cache/}
03-24 15:23:51.651  2999  3238 D VoldCmdListener: volume mkdirs /storage/emulated/0/Android/data/com.microsoft.emmx/cache/
03-24 15:23:51.651  2999  3238 D VoldCmdListener: CommandListener::runCommand() cmd:mkdirs
03-24 15:23:51.661  3670  4000 D VoldConnector: RCV <- {200 38 Command succeeded}
03-24 15:23:51.681 10041 10063 I cr_MMXManager: MMX init start: 1553423031685
03-24 15:23:51.681 10041 10064 W cr_DualIdentityManager: No need to do AAD profile migration!
03-24 15:23:51.681 10041 10064 W cr_DualIdentityManager: Finished performing dual identity migration.
03-24 15:23:51.681 10041 10064 W cr_DualIdentityManager: Finished performing dual identity decryption migration.
03-24 15:23:51.691 10041 10066 W System.err: remove failed: ENOENT (No such file or directory) : /data/user/0/com.microsoft.emmx/shared_prefs/com.microsoft.emmx_preferences.xml.bak
03-24 15:23:51.711 10041 10063 I Reporting: Builder constructor
03-24 15:23:51.711 10041 10063 I Reporting: Initialize
03-24 15:23:51.711 10041 10071 I System.out: (HTTPLog)-Static: isSBSettingEnabled false
03-24 15:23:51.711 10041 10071 I System.out: (HTTPLog)-Static: isSBSettingEnabled false
03-24 15:23:51.711  3037  3741 D EnterpriseController: netId is 0
03-24 15:23:51.711  3037  3741 D Netd    : getNetworkForDns: using netid 510 for uid 10098
03-24 15:23:51.711 10041 10063 I EventBase: constructor
03-24 15:23:51.711 10041 10063 I SystemInfoCollector: getSystemInfo
03-24 15:23:51.711 10041 10078 I SharedStateManager: packageName: com.microsoft.emmx, instanceId: c30a4b8b-21ed-4332-ab8d-0c9ca37e5707, dedupeId: aac54ed5-b005-4120-b514-c2f989ff7731, dedupeRank: 1553423031723
03-24 15:23:51.721 10041 10063 I LifeCycleActivityEvent: LifeCycleApplicationEvent constructor
03-24 15:23:51.721 10041 10066 W System.err: remove failed: ENOENT (No such file or directory) : /data/user/0/com.microsoft.emmx/shared_prefs/mmxsdk.xml.bak
03-24 15:23:51.721 10041 10041 E Adjust  : Adjust not initialized correctly
03-24 15:23:51.721  3670  3796 V BroadcastQueue: [background] Process cur broadcast BroadcastRecord{457e2c4 u0 com.microsoft.mmx.reporting.ACTION_JOIN qIdx=4}, state= (APP_RECEIVE) DELIVERED for app ProcessRecord{81b75ad 10041:com.microsoft.emmx/u0a98}
03-24 15:23:51.731 10041 10066 W System.err: remove failed: ENOENT (No such file or directory) : /data/user/0/com.microsoft.emmx/shared_prefs/MMXSharedState.xml.bak
03-24 15:23:51.731 10041 10066 W System.err: remove failed: ENOENT (No such file or directory) : /data/user/0/com.microsoft.emmx/shared_prefs/MMXDeduplicationState.xml.bak
03-24 15:23:51.731 10041 10066 W System.err: remove failed: ENOENT (No such file or directory) : /data/user/0/com.microsoft.emmx/shared_prefs/AppSettings.xml.bak
03-24 15:23:51.751 10041 10063 I Reporting: onCreate
03-24 15:23:51.751 10041 10063 W Adjust  : PRODUCTION: Adjust is running in Production mode. Use this setting only for the build that you want to publish. Set the environment to `sandbox` if you want to test your app!
03-24 15:23:51.751 10041 10074 I MMXLogger: MMX Logger successfully initiated.
03-24 15:23:51.751 10041 10063 I ReferralClient: ReferralClient-initialize: Adjust is initialized by sdk.
03-24 15:23:51.751 10041 10063 I cr_MMXManager: MMX init end: 1553423031762
03-24 15:23:51.761 10041 10066 W System.err: remove failed: ENOENT (No such file or directory) : /data/user/0/com.microsoft.emmx/shared_prefs/MMXFeedback.xml.bak
03-24 15:23:51.761 10041 10092 E ActivityThread: Failed to find provider info for com.facebook.katana.provider.AttributionIdProvider
03-24 15:23:51.761  9951 10029 I System.out: (HTTPLog)-Static: isSBSettingEnabled false
03-24 15:23:51.761  9951 10029 I System.out: (HTTPLog)-Static: isSBSettingEnabled false
03-24 15:23:51.791 10041 10041 W ResourcesManager: getTopLevelResources: /data/app/com.microsoft.emmx-1/base.apk / 1.0 running in com.microsoft.emmx rsrc of package com.microsoft.emmx
03-24 15:23:51.791 10041 10066 W System.err: remove failed: ENOENT (No such file or directory) : /data/user/0/com.microsoft.emmx/shared_prefs/com.appboy.override.configuration.cache.xml.bak
03-24 15:23:51.811 10041 10096 W System.err: remove failed: ENOENT (No such file or directory) : /data/user/0/com.microsoft.emmx/cache/appboy.imageloader.lru.cache/journal.bkp
03-24 15:23:51.811 10041 10041 I cr_XU   : FeatureSingle: BrazeInitialized {brazeId=7f3adc63-54c5-4a5a-8ba5-8557ce416568}
03-24 15:23:51.811 10041 10041 D InjectionManager: InjectionManager
03-24 15:23:51.811 10041 10041 D InjectionManager: fillFeatureStoreMap com.microsoft.emmx
03-24 15:23:51.811 10041 10041 I InjectionManager: Constructor com.microsoft.emmx, Feature store :{}
03-24 15:23:51.811 10041 10041 I InjectionManager: featureStore :{}
03-24 15:23:51.821 10041 10066 W System.err: remove failed: ENOENT (No such file or directory) : /data/user/0/com.microsoft.emmx/shared_prefs/com.appboy.device.xml.bak
03-24 15:23:51.821 10041 10108 I EMMXGcmController: initializeGcm
03-24 15:23:51.821 10041 10041 W ResourcesManager: getTopLevelResources: /data/app/com.microsoft.emmx-1/base.apk / 1.0 running in com.microsoft.emmx rsrc of package com.microsoft.emmx
03-24 15:23:51.831 10041 10108 I EMMXGcmController: fetchToken
03-24 15:23:51.831 10041 10066 W System.err: remove failed: ENOENT (No such file or directory) : /data/user/0/com.microsoft.emmx/shared_prefs/com.appboy.support.stringutils.cachefilesuffix.xml.bak
03-24 15:23:51.831 10041 10108 W System.err: remove failed: ENOENT (No such file or directory) : /data/user/0/com.microsoft.emmx/shared_prefs/org.chromium.chrome.browser.services.gcm.emmxchannel.xml.bak
03-24 15:23:51.851 10041 10066 W System.err: remove failed: ENOENT (No such file or directory) : /data/user/0/com.microsoft.emmx/shared_prefs/com.appboy.storage.feedstorageprovider.d41d8cd98f00b204e9800998ecf8427e.xml.bak
03-24 15:23:51.851  3670  4143 V AlarmManager:  remove PendingIntent] PendingIntent{a2ec65c: PendingIntentRecord{d82ad65 com.microsoft.emmx broadcastIntent}}
03-24 15:23:51.891 10041 10133 V MediaPlayer: decode(27, 8764500, 5795)
03-24 15:23:51.901 10041 10041 I EnableLifecycleTask: onActivityCreated
03-24 15:23:51.911  3047  3047 D OggExtractor:  correct time not found. Let's use approximate value
03-24 15:23:51.911  3047  3047 I OggExtractor: OggSource::OggSource() mExtractor ref count = 4
03-24 15:23:51.911 10041 10041 I cr_InstantAppsHandler: Not handling with Instant Apps (other)
03-24 15:23:51.911 10041 10041 I Timeline: Timeline: Activity_launch_request id:com.microsoft.emmx time:72242848
03-24 15:23:51.911  3047  3047 I OMXCodec: Attempting to allocate OMX node 'OMX.google.vorbis.decoder'
03-24 15:23:51.921  3670  4952 I PersonaManager: mKnoxInfo is empty
03-24 15:23:51.921 10139 10139 E Zygote  : v2
03-24 15:23:51.921 10139 10139 I libpersona: KNOX_SDCARD checking this for 10089
03-24 15:23:51.921 10041 10140 I System.out: (HTTPLog)-Static: isSBSettingEnabled false
03-24 15:23:51.921 10139 10139 I libpersona: KNOX_SDCARD not a persona
03-24 15:23:51.921 10041 10140 I System.out: (HTTPLog)-Static: isSBSettingEnabled false
03-24 15:23:51.931 10041 10066 W System.err: remove failed: ENOENT (No such file or directory) : /data/user/0/com.microsoft.emmx/shared_prefs/com.appboy.storage.user_cache.v3.37a6259cc0c1dae299a7866489dff0bd.xml.bak
03-24 15:23:51.931 10139 10139 W SELinux : Function: selinux_compare_spd_ram, index[1], priority [2], priority version is VE=SEPF_SECMOBILE_6.0.1_0003
03-24 15:23:51.931  3670  4421 I ActivityManager: Start proc 10139:com.sec.android.app.chromecustomizations/u0a89 for content provider com.sec.android.app.chromecustomizations/com.sec.samsung.android.chromecustomizations.chromecustomizationprovider
03-24 15:23:51.931 10139 10139 E Zygote  : accessInfo : 0
03-24 15:23:51.931  3037  3741 D EnterpriseController: netId is 0
03-24 15:23:51.931 10139 10139 W SELinux : SELinux: seapp_context_lookup: seinfo=platform, level=s0:c512,c768, pkgname=com.sec.android.app.chromecustomizations 
03-24 15:23:51.931  3037  3741 D Netd    : getNetworkForDns: using netid 510 for uid 10098
03-24 15:23:51.931  3670  4409 I PersonaManager: mKnoxInfo is empty
03-24 15:23:51.931  3670  4952 D GameManagerService: identifyGamePackage. com.microsoft.emmx
03-24 15:23:51.931  3670  4952 D MultiWindowPolicy: Gamemode - return 0,  when calling  identifyForegroundApp(com.microsoft.emmx)
03-24 15:23:51.931  3670  4952 D CustomFrequencyManagerService: releaseDVFSLockLocked : Getting Lock type frm List : DVFS_MIN_LIMIT  frequency : 1800000  uid : 1000  pid : 3670  tag : ACTIVITY_RESUME_BOOSTER@3
03-24 15:23:51.931  3670  4952 D CustomFrequencyManagerService: acquireDVFSLockLocked : type : DVFS_MIN_LIMIT  frequency : 1800000  uid : 1000  pid : 3670  pkgName : ACTIVITY_RESUME_BOOSTER@3
03-24 15:23:51.931  3670  4952 D ActivityManager: mDVFSHelper.acquire()
03-24 15:23:51.931  3670  4952 V WindowManager: addAppToken: AppWindowToken{d5b84f4 token=Token{f316c7 ActivityRecord{a175006 u0 com.microsoft.emmx/org.chromium.chrome.browser.ChromeTabbedActivity t176}}} to stack=1 task=176 at 0
03-24 15:23:51.931  3670  4952 D InputDispatcher: Focused application set to: xxxx
03-24 15:23:51.931 10041 10041 D Activity: performCreate Call Injection manager
03-24 15:23:51.941  3670  4409 D PackageManager: findPreferredActivity: No PreferredActivities set
03-24 15:23:51.941  3670  4409 I PackageManager: No preferred activity: intent should not be shown
03-24 15:23:51.941 10041 10108 I com.microsoft.rewards.mission.RewardsMissionManager: Mission Status: MISSION_SET_DEFAULT_BROWSER: 0
03-24 15:23:51.941 10041 10108 I com.microsoft.rewards.mission.RewardsMissionManager: Mission Status: MISSION_TURN_ON_ADD_BLOCKER: 0
03-24 15:23:51.941 10041 10108 I com.microsoft.rewards.mission.RewardsMissionManager: Mission Status: MISSION_3DAYS_STREAK: 0
03-24 15:23:51.941 10041 10108 I com.microsoft.rewards.mission.RewardsMissionManager: Mission Status: MISSION_PASSWORD_SYNC: 0
03-24 15:23:51.941 10041 10108 I com.microsoft.rewards.mission.RewardsMissionManager: Mission Status: MISSION_INSTALL_EDGE: 0
03-24 15:23:51.941 10041 10108 I com.microsoft.rewards.mission.RewardsMissionManager: Mission Status: MISSION_GET_WHATS_NEW: 0
03-24 15:23:51.941 10041 10041 I SharedStateManager: onExternalIntentReceived
03-24 15:23:51.941 10041 10089 I OnReceiveTask:  doInBackground
03-24 15:23:51.941  3670  3884 D SecWifiDisplayUtil: Metadata value : SecSettings2
03-24 15:23:51.941  3670  3884 D ViewRootImpl: #1 mView = com.android.internal.policy.PhoneWindow$DecorView{80259de V.E...... R.....ID 0,0-0,0}
03-24 15:23:51.941  3670  3884 D ISSUE_DEBUG: InputChannelName : 15e7e8c Starting com.microsoft.emmx
03-24 15:23:51.941  3670  3670 D GameManagerService: NotifyRunnable. pkg: com.microsoft.emmx, type: 4, isMinimized: false, isTunableApp: false
03-24 15:23:51.951  3670  3796 V MARsPolicyManager: updatePackagesScore PackageInfo name -- com.microsoft.emmx
03-24 15:23:51.961  3025  3025 I SurfaceFlinger: id=729 createSurf (1x1),1 flag=404, fmmx
03-24 15:23:51.961  3670  4452 V BroadcastQueue: [background] Process cur broadcast BroadcastRecord{c12b9d5 u0 com.google.android.gms.gcm.ACTION_SCHEDULE qIdx=4}, state= (APP_RECEIVE) DELIVERED for app ProcessRecord{68a6177 7275:com.google.android.gms.persistent/u0a15}
03-24 15:23:51.981  3670  4143 V BroadcastQueue: [background] Process cur broadcast BroadcastRecord{85635ea u0 com.microsoft.mmx.reporting.ACTION_VOTE qIdx=4}, state= (APP_RECEIVE) DELIVERED for app ProcessRecord{81b75ad 10041:com.microsoft.emmx/u0a98}
03-24 15:23:51.981 10139 10139 W ResourcesManager: getTopLevelResources: /system/app/ChromeCustomizations/ChromeCustomizations.apk / 1.0 running in com.sec.android.app.chromecustomizations rsrc of package com.sec.android.app.chromecustomizations
03-24 15:23:51.991  3670  3697 V AlarmManager:  remove PendingIntent] PendingIntent{e1e70db: PendingIntentRecord{e30a718 com.google.android.gms broadcastIntent}}
03-24 15:23:51.991  3670  4407 I InjectionManagerService -AppFeature: getCoreFeaturePkgList :[]
03-24 15:23:52.001 10139 10139 I InjectionManager: Inside getClassLibPath + mLibMap{0=, 1=}
03-24 15:23:52.001 10139 10139 D ResourcesManager: For user 0 new overlays fetched Null
03-24 15:23:52.001  3670  3884 V WindowStateAnimator: Finishing drawing window Window{15e7e8c u0 d0 Starting com.microsoft.emmx}: mDrawState=DRAW_PENDING
03-24 15:23:52.001  3670  3884 D ViewRootImpl: MSG_RESIZED_REPORT: ci=Rect(0, 96 - 0, 0) vi=Rect(0, 96 - 0, 0) or=1
03-24 15:23:52.001  3670  3884 V WindowStateAnimator: Finishing drawing window Window{15e7e8c u0 d0 Starting com.microsoft.emmx}: mDrawState=COMMIT_DRAW_PENDING
03-24 15:23:52.011 10139 10139 I InjectionManager: Inside getClassLibPath caller 
03-24 15:23:52.011  3670  3798 D StatusBarManagerService: manageDisableList userId=0 what=0x0 pkg=Window{15e7e8c u0 d0 Starting com.microsoft.emmx}
03-24 15:23:52.011 10139 10139 W System  : ClassLoader referenced unknown path: /system/app/ChromeCustomizations/lib/arm64
03-24 15:23:52.011  3025  3025 D libEGL  : eglInitialize EGLDisplay = 0x7ff3f31d28
03-24 15:23:52.021  3670  4947 I PersonaManager: mKnoxInfo is empty
03-24 15:23:52.021 10139 10139 D InjectionManager: InjectionManager
03-24 15:23:52.021 10139 10139 D InjectionManager: fillFeatureStoreMap com.sec.android.app.chromecustomizations
03-24 15:23:52.031 10139 10139 I InjectionManager: Constructor com.sec.android.app.chromecustomizations, Feature store :{}
03-24 15:23:52.031 10139 10139 I InjectionManager: featureStore :{}
03-24 15:23:52.031 10041 10041 W ResourcesManager: getTopLevelResources: /data/app/com.microsoft.emmx-1/base.apk / 1.0 running in com.microsoft.emmx rsrc of package com.microsoft.emmx
03-24 15:23:52.031 10041 10041 D SecWifiDisplayUtil: Metadata value : SecSettings2
03-24 15:23:52.041 10041 10041 W ResourcesManager: getTopLevelResources: /data/app/com.microsoft.emmx-1/base.apk / 1.0 running in com.microsoft.emmx rsrc of package com.microsoft.emmx
03-24 15:23:52.041 10041 10041 D ResourcesManager: For user 0 new overlays fetched Null
03-24 15:23:52.061 10041 10156 V MediaPlayer: decode(33, 8764500, 5795)
03-24 15:23:52.061  3047 25655 D OggExtractor:  correct time not found. Let's use approximate value
03-24 15:23:52.061  3047 25655 I OggExtractor: OggSource::OggSource() mExtractor ref count = 4
03-24 15:23:52.061  3047 25655 I OMXCodec: Attempting to allocate OMX node 'OMX.google.vorbis.decoder'
03-24 15:23:52.061  3047  3047 I OMXCodec: Successfully allocated OMX node 'OMX.google.vorbis.decoder'
03-24 15:23:52.071  3047  3047 I OMXCodec: >>>UHQA initOutputFormat 16
03-24 15:23:52.071  3047  3047 I OMXCodec: [OMX.google.vorbis.decoder] OMXCodec::start mState=1
03-24 15:23:52.071  3047  3047 I OMXCodec: [OMX.google.vorbis.decoder] allocating 4 buffers of size 8192 on input port
03-24 15:23:52.071  3047 25655 I OMXCodec: Successfully allocated OMX node 'OMX.google.vorbis.decoder'
03-24 15:23:52.071  3047  3047 I OMXCodec: [OMX.google.vorbis.decoder] allocating 4 buffers of size 32768 on output port
03-24 15:23:52.071  3047 25655 I OMXCodec: >>>UHQA initOutputFormat 16
03-24 15:23:52.071  3047 25655 I OMXCodec: [OMX.google.vorbis.decoder] OMXCodec::start mState=1
03-24 15:23:52.071  3047 10158 I OMXCodec: [OMX.google.vorbis.decoder] Now Idle. Component sends idle done Event 
03-24 15:23:52.071  3047 25655 I OMXCodec: [OMX.google.vorbis.decoder] allocating 4 buffers of size 8192 on input port
03-24 15:23:52.071  3047 25655 I OMXCodec: [OMX.google.vorbis.decoder] allocating 4 buffers of size 32768 on output port
03-24 15:23:52.071  3047 10161 I OMXCodec: [OMX.google.vorbis.decoder] Now Idle. Component sends idle done Event 
03-24 15:23:52.081  3047 10158 I OMXCodec: [OMX.google.vorbis.decoder] 0onCmdComplete  mState =  7
03-24 15:23:52.081  3047 10158 I OMXCodec: [OMX.google.vorbis.decoder] PORT_DISABLED(1)
03-24 15:23:52.081  3047 10158 I OMXCodec: >>>UHQA initOutputFormat 16
03-24 15:23:52.081  3047 10158 I OMXCodec: [OMX.google.vorbis.decoder] allocating 4 buffers of size 32768 on output port
03-24 15:23:52.081  3047 10158 I OMXCodec: [OMX.google.vorbis.decoder] End Of Stream
03-24 15:23:52.081  3047 10161 I OMXCodec: [OMX.google.vorbis.decoder] 0onCmdComplete  mState =  7
03-24 15:23:52.081  3047 10161 I OMXCodec: [OMX.google.vorbis.decoder] PORT_DISABLED(1)
03-24 15:23:52.081  3047 10161 I OMXCodec: >>>UHQA initOutputFormat 16
03-24 15:23:52.081  3047 10161 I OMXCodec: [OMX.google.vorbis.decoder] allocating 4 buffers of size 32768 on output port
03-24 15:23:52.081  3047 10161 I OMXCodec: [OMX.google.vorbis.decoder] End Of Stream
03-24 15:23:52.081  3047  3047 I SoundExtractor: extract() reached EOS
03-24 15:23:52.081  3047  3047 I OMXCodec: [OMX.google.vorbis.decoder] stop mState=4
03-24 15:23:52.081  3047  3047 I OMXCodec: [OMX.google.vorbis.decoder] stop() sendCommand(274, OMX_CommandStateSet, OMX_StateIdle)
03-24 15:23:52.081  3047 10158 I OMXCodec: [OMX.google.vorbis.decoder] Now Idle. Component sends idle done Event 
03-24 15:23:52.081  3047 25655 I SoundExtractor: extract() reached EOS
03-24 15:23:52.081  3047 25655 I OMXCodec: [OMX.google.vorbis.decoder] stop mState=4
03-24 15:23:52.081  3047 25655 I OMXCodec: [OMX.google.vorbis.decoder] stop() sendCommand(275, OMX_CommandStateSet, OMX_StateIdle)
03-24 15:23:52.081  3047  3047 I OMXCodec: [OMX.google.vorbis.decoder] stopOmxComponent_l() mstate = 1
03-24 15:23:52.081  3047  3047 I OggExtractor: OggSource::stop() mExtractor ref count = 1
03-24 15:23:52.081  3047  3047 I OggExtractor: OggSource::~OggSource() mExtractor !mStarted ref count = 1
03-24 15:23:52.081  3047  3047 I OggExtractor: ~OggSource --
03-24 15:23:52.081  3047  3047 I OggExtractor: ~OggExtractor ++
03-24 15:23:52.081  3047  3047 I OggExtractor: ~MyOggExtractor ++ 
03-24 15:23:52.081  3047  3047 I OggExtractor: ~MyOggExtractor --
03-24 15:23:52.081  3047  3047 I OggExtractor: ~OggExtractor --
03-24 15:23:52.081  3047 10161 I OMXCodec: [OMX.google.vorbis.decoder] Now Idle. Component sends idle done Event 
03-24 15:23:52.091  3047 25655 I OMXCodec: [OMX.google.vorbis.decoder] stopOmxComponent_l() mstate = 1
03-24 15:23:52.091  3047 25655 I OggExtractor: OggSource::stop() mExtractor ref count = 1
03-24 15:23:52.091  3047 25655 I OggExtractor: OggSource::~OggSource() mExtractor !mStarted ref count = 1
03-24 15:23:52.091  3047 25655 I OggExtractor: ~OggSource --
03-24 15:23:52.091  3047 25655 I OggExtractor: ~OggExtractor ++
03-24 15:23:52.091  3047 25655 I OggExtractor: ~MyOggExtractor ++ 
03-24 15:23:52.091  3047 25655 I OggExtractor: ~MyOggExtractor --
03-24 15:23:52.091  3047 25655 I OggExtractor: ~OggExtractor --
03-24 15:23:52.151 10041 10041 I AppCompatDelegate: The Activity's LayoutInflater already has a Factory installed so we can not install AppCompat's
03-24 15:23:52.151 10041 10041 I EnableLifecycleTask: onActivityCreated
03-24 15:23:52.221 10041 10170 W System.err: remove failed: ENOENT (No such file or directory) : /data/user/0/com.microsoft.emmx/cache/uil-images/journal.bkp
03-24 15:23:52.221 10041 10171 I cr_LibraryLoader: Loading chrome
03-24 15:23:52.241 10041 10050 I art     : Background partial concurrent mark sweep GC freed 15283(944KB) AllocSpace objects, 4(140KB) LOS objects, 71% free, 6MB/22MB, paused 5.195ms total 38.954ms
03-24 15:23:52.271 10041 10041 D TextView: setTypeface with style : 0
03-24 15:23:52.281 10041 10170 I System.out: uid: 10098 read uid: 0
03-24 15:23:52.281 10041 10170 I System.out: uid: 10098 read uid: 0
03-24 15:23:52.281 10041 10170 I System.out: uid: 10098 read uid: 1000
03-24 15:23:52.281 10041 10170 I System.out: uid: 10098 read uid: 1000
03-24 15:23:52.281 10041 10170 I System.out: uid: 10098 read uid: 10015
03-24 15:23:52.281 10041 10170 I System.out: uid: 10098 read uid: 10015
03-24 15:23:52.281 10041 10170 I System.out: uid: 10098 read uid: 10030
03-24 15:23:52.281 10041 10170 I System.out: uid: 10098 read uid: 10030
03-24 15:23:52.281 10041 10170 I System.out: uid: 10098 read uid: 10070
03-24 15:23:52.281 10041 10170 I System.out: uid: 10098 read uid: 10070
03-24 15:23:52.281 10041 10170 I System.out: uid: 10098 read uid: 10088
03-24 15:23:52.281 10041 10170 I System.out: uid: 10098 read uid: 10088
03-24 15:23:52.281 10041 10164 W System.err: stat failed: ENOENT (No such file or directory) : /data/user/0/com.microsoft.emmx/files/microsoft/office/feedback/floodgate/CampaignStates.json
03-24 15:23:52.281 10041 10164 W System.err: stat failed: ENOENT (No such file or directory) : /data/user/0/com.microsoft.emmx/files/microsoft/office/feedback/floodgate/CampaignStates.json
03-24 15:23:52.281 10041 10170 I System.out: uid: 10098 read uid: 10179
03-24 15:23:52.281 10041 10170 I System.out: uid: 10098 read uid: 10179
03-24 15:23:52.281 10041 10170 I System.out: uid: 10098 read uid: 0
03-24 15:23:52.281 10041 10170 I System.out: uid: 10098 read uid: 0
03-24 15:23:52.281 10041 10170 I System.out: uid: 10098 read uid: 1000
03-24 15:23:52.281 10041 10170 I System.out: uid: 10098 read uid: 1000
03-24 15:23:52.281 10041 10170 I System.out: uid: 10098 read uid: 1014
03-24 15:23:52.281 10041 10170 I System.out: uid: 10098 read uid: 1014
03-24 15:23:52.281 10041 10170 I System.out: uid: 10098 read uid: 2000
03-24 15:23:52.281 10041 10170 I System.out: uid: 10098 read uid: 2000
03-24 15:23:52.281 10041 10170 I System.out: uid: 10098 read uid: 5011
03-24 15:23:52.281 10041 10170 I System.out: uid: 10098 read uid: 5011
03-24 15:23:52.281 10041 10170 I System.out: uid: 10098 read uid: 10007
03-24 15:23:52.281 10041 10170 I System.out: uid: 10098 read uid: 10007
03-24 15:23:52.281 10041 10170 I System.out: uid: 10098 read uid: 10013
03-24 15:23:52.281 10041 10170 I System.out: uid: 10098 read uid: 10013
03-24 15:23:52.281 10041 10170 I System.out: uid: 10098 read uid: 10015
03-24 15:23:52.281 10041 10170 I System.out: uid: 10098 read uid: 10015
03-24 15:23:52.281 10041 10170 I System.out: uid: 10098 read uid: 10024
03-24 15:23:52.281 10041 10170 I System.out: uid: 10098 read uid: 10024
03-24 15:23:52.281 10041 10164 W System.err: stat failed: ENOENT (No such file or directory) : /data/user/0/com.microsoft.emmx/files/microsoft/office/feedback/floodgate/GovernedChannelStates.json
03-24 15:23:52.281 10041 10164 W System.err: stat failed: ENOENT (No such file or directory) : /data/user/0/com.microsoft.emmx/files/microsoft/office/feedback/floodgate/GovernedChannelStates.json
03-24 15:23:52.281 10041 10170 I System.out: uid: 10098 read uid: 10030
03-24 15:23:52.281 10041 10170 I System.out: uid: 10098 read uid: 10030
03-24 15:23:52.281 10041 10164 W System.err: stat failed: ENOENT (No such file or directory) : /data/user/0/com.microsoft.emmx/files/microsoft/office/feedback/floodgate/FloodgateSettings.json
03-24 15:23:52.281 10041 10164 W System.err: stat failed: ENOENT (No such file or directory) : /data/user/0/com.microsoft.emmx/files/microsoft/office/feedback/floodgate/FloodgateSettings.json
03-24 15:23:52.281 10041 10170 I System.out: uid: 10098 read uid: 10035
03-24 15:23:52.281 10041 10164 W System.err: stat failed: ENOENT (No such file or directory) : /data/user/0/com.microsoft.emmx/files/microsoft/office/feedback/floodgate/SurveyActivationStats.json
03-24 15:23:52.281 10041 10164 W System.err: stat failed: ENOENT (No such file or directory) : /data/user/0/com.microsoft.emmx/files/microsoft/office/feedback/floodgate/SurveyActivationStats.json
03-24 15:23:52.281 10041 10170 I System.out: uid: 10098 read uid: 10035
03-24 15:23:52.281 10041 10041 D Minikin : FontFamily bestFont == NULL, so return vacant FakedFont
03-24 15:23:52.281 10041 10041 D Minikin : FontFamily bestFont == NULL, so return vacant FakedFont
03-24 15:23:52.281 10041 10041 D Minikin : FontFamily bestFont == NULL, so return vacant FakedFont
03-24 15:23:52.281 10041 10164 W System.err: stat failed: ENOENT (No such file or directory) : /data/user/0/com.microsoft.emmx/files/microsoft/office/feedback/floodgate/SurveyEventActivityStats.json
03-24 15:23:52.281 10041 10164 W System.err: stat failed: ENOENT (No such file or directory) : /data/user/0/com.microsoft.emmx/files/microsoft/office/feedback/floodgate/SurveyEventActivityStats.json
03-24 15:23:52.281 10041 10170 I System.out: uid: 10098 read uid: 10048
03-24 15:23:52.281 10041 10170 I System.out: uid: 10098 read uid: 10048
03-24 15:23:52.281 10041 10170 I System.out: uid: 10098 read uid: 10070
03-24 15:23:52.291 10041 10170 I System.out: uid: 10098 read uid: 10070
03-24 15:23:52.291 10041 10170 I System.out: uid: 10098 read uid: 10088
03-24 15:23:52.291 10041 10170 I System.out: uid: 10098 read uid: 10088
03-24 15:23:52.291 10041 10170 I System.out: uid: 10098 read uid: 10098
03-24 15:23:52.291 10041 10041 D TextView: setTypeface with style : 0
03-24 15:23:52.291 10041 10170 I System.out: uid: 10098 read uid: 10098
03-24 15:23:52.291 10041 10170 I System.out: uid: 10098 read uid: 10106
03-24 15:23:52.291 10041 10041 D TextView: setTypeface with style : 0
03-24 15:23:52.291 10041 10170 I System.out: uid: 10098 read uid: 10106
03-24 15:23:52.291 10041 10170 I System.out: uid: 10098 read uid: 10117
03-24 15:23:52.291 10041 10170 I System.out: uid: 10098 read uid: 10117
03-24 15:23:52.291 10041 10170 I System.out: uid: 10098 read uid: 10145
03-24 15:23:52.291 10041 10170 I System.out: uid: 10098 read uid: 10145
03-24 15:23:52.291 10041 10170 I System.out: uid: 10098 read uid: 10147
03-24 15:23:52.291 10041 10170 I System.out: uid: 10098 read uid: 10147
03-24 15:23:52.291 10041 10170 I System.out: uid: 10098 read uid: 10156
03-24 15:23:52.291 10041 10170 I System.out: uid: 10098 read uid: 10156
03-24 15:23:52.291 10041 10170 I System.out: uid: 10098 read uid: 10168
03-24 15:23:52.291 10041 10170 I System.out: uid: 10098 read uid: 10168
03-24 15:23:52.291 10041 10170 I System.out: uid: 10098 read uid: 10170
03-24 15:23:52.291 10041 10170 I System.out: uid: 10098 read uid: 10170
03-24 15:23:52.291 10041 10170 I System.out: uid: 10098 read uid: 10171
03-24 15:23:52.291 10041 10170 I System.out: uid: 10098 read uid: 10171
03-24 15:23:52.291 10041 10170 I System.out: uid: 10098 read uid: 10173
03-24 15:23:52.291 10041 10170 I System.out: uid: 10098 read uid: 10173
03-24 15:23:52.291 10041 10170 I System.out: uid: 10098 read uid: 10175
03-24 15:23:52.291 10041 10170 I System.out: uid: 10098 read uid: 10175
03-24 15:23:52.291 10041 10170 I System.out: uid: 10098 read uid: 0
03-24 15:23:52.291 10041 10170 I System.out: uid: 10098 read uid: 0
03-24 15:23:52.291 10041 10170 I System.out: uid: 10098 read uid: 10015
03-24 15:23:52.291 10041 10170 I System.out: uid: 10098 read uid: 10015
03-24 15:23:52.291 10041 10170 I System.out: uid: 10098 read uid: 0
03-24 15:23:52.291 10041 10170 I System.out: uid: 10098 read uid: 0
03-24 15:23:52.291 10041 10170 I System.out: uid: 10098 read uid: 2000
03-24 15:23:52.291 10041 10170 I System.out: uid: 10098 read uid: 2000
03-24 15:23:52.291 10041 10041 D TextView: setTypeface with style : 0
03-24 15:23:52.291 10041 10170 I System.out: uid: 10098 read uid: 10088
03-24 15:23:52.291 10041 10170 I System.out: uid: 10098 read uid: 10088
03-24 15:23:52.291 10041 10170 I System.out: uid: 10098 read uid: 10185
03-24 15:23:52.291 10041 10170 I System.out: uid: 10098 read uid: 10185
03-24 15:23:52.291 10041 10170 I cr_Xa   : create: choose QTagUidNetworkBytesCollector
03-24 15:23:52.291 10041 10170 I cr_BrowserInitializer: warmUpEMMXSingleton finished
03-24 15:23:52.301 10041 10041 D Minikin : FontFamily bestFont == NULL, so return vacant FakedFont
03-24 15:23:52.301 10041 10041 D Minikin : FontFamily bestFont == NULL, so return vacant FakedFont
03-24 15:23:52.301 10041 10041 D Minikin : FontFamily bestFont == NULL, so return vacant FakedFont
03-24 15:23:52.331 10041 10041 D TextView: setTypeface with style : 0
03-24 15:23:52.341 10041 10041 D TextView: setTypeface with style : 0
03-24 15:23:52.341 10041 10041 D TextView: setTypeface with style : 0
03-24 15:23:52.341 10041 10041 D TextView: setTypeface with style : 0
03-24 15:23:52.341 10041 10041 D TextView: setTypeface with style : 0
03-24 15:23:52.341 10041 10041 D TextView: setTypeface with style : 0
03-24 15:23:52.381 10041 10171 I cr_LibraryLoader: Time to load native libraries: 182 ms (timestamps 3128-3310)
03-24 15:23:52.381 10041 10041 D ClipboardExManager: no knox
03-24 15:23:52.381 10041 10171 I chromium: [INFO:library_loader_hooks.cc(36)] Chromium logging enabled: level = 0, default verbosity = 0
03-24 15:23:52.381 10041 10171 I cr_LibraryLoader: Expected native library version number "71.0.3578.99", actual native library version number "71.0.3578.99"
03-24 15:23:52.391 10041 10089 W chromium: [WARNING:library_prefetcher.cc(300)] Incorrect code ordering
03-24 15:23:52.391 10041 10089 W chromium: [WARNING:library_prefetcher.cc(204)] Incorrect code ordering
03-24 15:23:52.391 10041 10041 D TextView: setTypeface with style : 0
03-24 15:23:52.391 10041 10089 W chromium: [WARNING:library_prefetcher.cc(274)] Cannot prefetch the library. status = 1
03-24 15:23:52.421 10041 10041 D TextView: setTypeface with style : 0
03-24 15:23:52.421 10041 10041 D TextView: setTypeface with style : 0
03-24 15:23:52.431 10041 10088 I cr_ui   : Using UI locale en, system locale: en (Android name: en)
03-24 15:23:52.431 10041 10088 I cr_ui   : Missing asset file: locales#lang_en/en-US.pak
03-24 15:23:52.431 10041 10088 I cr_ui   : Found asset file: locales/en-GB.pak
03-24 15:23:52.431 10041 10088 I cr_ui   : Using app bundle locale directory: locales
03-24 15:23:52.431 10041 10088 I cr_ui   : UI Language: en requires .pak files: [en-GB, en-US]
03-24 15:23:52.431 10041 10088 I cr_FileUtils: Writing to /data/user/0/com.microsoft.emmx/app_chrome/paks/en-GB.pak@331df2
03-24 15:23:52.431 10041 10111 W cr_tabmodel: Starting to perform legacy migration.
03-24 15:23:52.431 10041 10088 I cr_FileUtils: Writing to /data/user/0/com.microsoft.emmx/app_chrome/paks/en-US.pak@331df2
03-24 15:23:52.431 10041 10111 W cr_tabmodel: Finished performing legacy migration.
03-24 15:23:52.431 10041 10111 W cr_tabmodel: Starting to perform multi-instance migration.
03-24 15:23:52.431 10041 10111 W cr_tabmodel: Finished performing multi-instance migration.
03-24 15:23:52.431 10041 10111 W cr_tabmodel: Finished performing dual identity migration.
03-24 15:23:52.431 10041 10088 I cr_tabmodel: Starting to fetch tab list for tab_state0
03-24 15:23:52.431 10041 10088 I cr_tabmodel: State file does not exist.
03-24 15:23:52.431 10041 10088 I cr_tabmodel: Starting to fetch tab list for tab_state_browser_actions
03-24 15:23:52.431 10041 10088 I cr_tabmodel: State file does not exist.
03-24 15:23:52.441 10041 10041 I cr_XU   : FeatureSingle: ExpFeatureUsage {isFound=false, featureValue=false, dataSource=ExP, featureName=NewsGuard-Rollout}
03-24 15:23:52.441 10041 10041 D TextView: setTypeface with style : 0
03-24 15:23:52.441 10041 10041 D TextView: setTypeface with style : 0
03-24 15:23:52.451 10041 10041 I cr_XU   : FeatureSingle: ExpFeatureUsage {isFound=false, featureValue=false, dataSource=ExP, featureName=RadialMenu-Rollout}
03-24 15:23:52.451 10041 10041 I cr_XU   : FeatureSingle: ExpFeatureUsage {isFound=false, featureValue=false, dataSource=ExP, featureName=RadialMenu-Rollout}
03-24 15:23:52.451 10041 10041 D Activity: performCreate Call Injection manager
03-24 15:23:52.451 10041 10164 I cr_FloodgateManager: logActivityStartTime(AppUsageTime)
03-24 15:23:52.451 10041 10041 I cr_WL   : onEnterForeground() called
03-24 15:23:52.451 10041 10041 I EnableLifecycleTask: onActivityStarted
03-24 15:23:52.451  3670  4952 V AlarmManager:  remove PendingIntent] PendingIntent{7b6c245: PendingIntentRecord{e5fed9a com.microsoft.emmx broadcastIntent}}
03-24 15:23:52.451 10041 10066 W System.err: remove failed: ENOENT (No such file or directory) : /data/user/0/com.microsoft.emmx/shared_prefs/com.appboy.storage.session_storage.d41d8cd98f00b204e9800998ecf8427e.b856ca21-b874-458d-9aea-7b2f4030f8ef.xml.bak
03-24 15:23:52.451 10041 10188 I System.out: (HTTPLog)-Static: isSBSettingEnabled false
03-24 15:23:52.451 10041 10188 I System.out: (HTTPLog)-Static: isSBSettingEnabled false
03-24 15:23:52.451 10041 10190 I System.out: (HTTPLog)-Static: isSBSettingEnabled false
03-24 15:23:52.451 10041 10190 I System.out: (HTTPLog)-Static: isSBSettingEnabled false
03-24 15:23:52.451 10041 10191 D TokenSharingManager_v1.3.7: Library works in release mode
03-24 15:23:52.451  3037  3741 D EnterpriseController: netId is 0
03-24 15:23:52.451  3037  3741 D Netd    : getNetworkForDns: using netid 510 for uid 10098
03-24 15:23:52.451  3037  3741 D EnterpriseController: netId is 0
03-24 15:23:52.461  3037  3741 D Netd    : getNetworkForDns: using netid 510 for uid 10098
03-24 15:23:52.461  3670  4552 I PersonaManager: mKnoxInfo is empty
03-24 15:23:52.461 10041 10194 I System.out: (HTTPLog)-Static: isSBSettingEnabled false
03-24 15:23:52.461 10041 10194 I System.out: (HTTPLog)-Static: isSBSettingEnabled false
03-24 15:23:52.461  3037  3741 D EnterpriseController: netId is 0
03-24 15:23:52.461  3037  3741 D Netd    : getNetworkForDns: using netid 510 for uid 10098
03-24 15:23:52.461  3670  4552 D PackageManager: findPreferredActivity: No PreferredActivities set
03-24 15:23:52.461  3670  4552 I PackageManager: No preferred activity: intent should not be shown
03-24 15:23:52.461 10041 10137 I System.out: (HTTPLog)-Static: isSBSettingEnabled false
03-24 15:23:52.461 10041 10137 I System.out: (HTTPLog)-Static: isSBSettingEnabled false
03-24 15:23:52.461 10041 10041 I InjectionManager: dispatchOnViewCreated > Target : org.chromium.chrome.browser.ChromeTabbedActivity isFragment :false
03-24 15:23:52.461  3670  4524 I PersonaManager: mKnoxInfo is empty
03-24 15:23:52.461 10041 10164 I cr_FloodgateManager: logActivity() called with: activity = [AppResume]
03-24 15:23:52.471  3670  4524 D PackageManager: findPreferredActivity: No PreferredActivities set
03-24 15:23:52.471  3670  4524 I PackageManager: No preferred activity: intent should not be shown
03-24 15:23:52.471 10041 10041 I EnableLifecycleTask: onActivityResumed class org.chromium.chrome.browser.ChromeTabbedActivity
03-24 15:23:52.471 10041 10041 I Reporting: onResume
03-24 15:23:52.471 10041 10198 W System.err: com.microsoft.rewards.RewardsClientException
03-24 15:23:52.481 10041 10070 I System.out: (HTTPLog)-Static: isSBSettingEnabled false
03-24 15:23:52.481 10041 10070 I System.out: (HTTPLog)-Static: isSBSettingEnabled false
03-24 15:23:52.481  3037  3741 D EnterpriseController: netId is 0
03-24 15:23:52.481  3037  3741 D Netd    : getNetworkForDns: using netid 510 for uid 10098
03-24 15:23:52.481 10041 10198 W System.err: 	at com.microsoft.rewards.modernplatform.RewardsService.a(PG:123)
03-24 15:23:52.481 10041 10198 W System.err: 	at VR.a(PG:1075)
03-24 15:23:52.481 10041 10198 W System.err: 	at VW.run(Unknown Source)
03-24 15:23:52.481 10041 10198 W System.err: 	at java.util.concurrent.ThreadPoolExecutor.runWorker(ThreadPoolExecutor.java:1113)
03-24 15:23:52.481 10041 10198 W System.err: 	at java.util.concurrent.ThreadPoolExecutor$Worker.run(ThreadPoolExecutor.java:588)
03-24 15:23:52.481 10041 10198 W System.err: 	at java.lang.Thread.run(Thread.java:818)
03-24 15:23:52.481 10041 10066 W System.err: remove failed: ENOENT (No such file or directory) : /data/user/0/com.microsoft.emmx/shared_prefs/HockeyApp.xml.bak
03-24 15:23:52.491 10041 10041 D SecWifiDisplayUtil: Metadata value : SecSettings2
03-24 15:23:52.491 10041 10205 I System.out: (HTTPLog)-Static: isSBSettingEnabled false
03-24 15:23:52.491 10041 10205 I System.out: (HTTPLog)-Static: isSBSettingEnabled false
03-24 15:23:52.491  3037  3741 D EnterpriseController: netId is 0
03-24 15:23:52.491  3037  3741 D Netd    : getNetworkForDns: using netid 510 for uid 10098
03-24 15:23:52.491 10041 10041 D ViewRootImpl: #1 mView = com.android.internal.policy.MultiPhoneWindow$MultiPhoneDecorView{65118db I.E...... R.....ID 0,0-0,0}
03-24 15:23:52.491 10041 10207 D OpenGLRenderer: Use EGL_SWAP_BEHAVIOR_PRESERVED: true
03-24 15:23:52.501  3670  4454 D ISSUE_DEBUG: InputChannelName : f3f4966 com.microsoft.emmx/org.chromium.chrome.browser.ChromeTabbedActivity
03-24 15:23:52.501 10041 10041 I EnableLifecycleTask: onActivityDestroyed class org.chromium.chrome.browser.document.ChromeLauncherActivity
03-24 15:23:52.501 10041 10041 I SharedStateManager: onExternalIntentReceived
03-24 15:23:52.501 10041 10089 I OnReceiveTask:  doInBackground
03-24 15:23:52.501 10041 10089 I SharedStateManager: packageName: com.microsoft.emmx, instanceId: c30a4b8b-21ed-4332-ab8d-0c9ca37e5707, dedupeId: aac54ed5-b005-4120-b514-c2f989ff7731, dedupeRank: 1553423031723
03-24 15:23:52.511 10041 10210 W cr_ChildProcLH: Create a new ChildConnectionAllocator with package name = com.microsoft.emmx, sandboxed = true
03-24 15:23:52.521  3670  4421 I PersonaManager: mKnoxInfo is empty
03-24 15:23:52.521 10041 10071 I System.out: (HTTPLog)-Static: isSBSettingEnabled false
03-24 15:23:52.521 10041 10071 I System.out: (HTTPLog)-Static: isSBSettingEnabled false
03-24 15:23:52.521 10041 10066 W System.err: remove failed: ENOENT (No such file or directory) : /data/user/0/com.microsoft.emmx/shared_prefs/AndroidCllSettingsSharedPreferences.xml.bak
03-24 15:23:52.531 10212 10212 E Zygote  : v2
03-24 15:23:52.531 10212 10212 I libpersona: KNOX_SDCARD checking this for 99232
03-24 15:23:52.531 10212 10212 I libpersona: KNOX_SDCARD not a persona
03-24 15:23:52.531 10212 10212 W SELinux : Function: selinux_compare_spd_ram, index[1], priority [2], priority version is VE=SEPF_SECMOBILE_6.0.1_0003
03-24 15:23:52.531 10212 10212 E Zygote  : accessInfo : 0
03-24 15:23:52.531 10212 10212 W SELinux : SELinux: seapp_context_lookup: seinfo=default, level=s0:c512,c768, pkgname=com.microsoft.emmx:sandboxed_process0 
03-24 15:23:52.531  3670  4421 I ActivityManager: Start proc 10212:com.microsoft.emmx:sandboxed_process0/u0i232 for service com.microsoft.emmx/org.chromium.content.app.EdgeSandboxedProcessService0
03-24 15:23:52.531 10041 10041 D MultiPhoneWindow: performUpdateVisibility, same visibility false
03-24 15:23:52.531  3670  3697 I PersonaManager: mKnoxInfo is empty
03-24 15:23:52.551  3025  3025 I SurfaceFlinger: id=730 createSurf (1440x2560),1 flag=4, DhromeTabbe
03-24 15:23:52.551  4103  4103 D PhoneStatusBar: setSystemUiVisibility vis=a600 mask=ffffffff oldVal=8600 newVal=a600 diff=2000
03-24 15:23:52.551  3670  3798 D StatusBarManagerService: manageDisableList userId=0 what=0x0 pkg=Window{f3f4966 u0 d0 com.microsoft.emmx/org.chromium.chrome.browser.ChromeTabbedActivity}
03-24 15:23:52.561  3670  4952 D InputDispatcher: Focus entered window: 10041
03-24 15:23:52.561 10212 10212 W ResourcesManager: getTopLevelResources: /data/app/com.microsoft.emmx-1/base.apk / 1.0 running in com.microsoft.emmx rsrc of package com.microsoft.emmx
03-24 15:23:52.561  3670  3884 D PointerIcon: setMouseIconStyle1 pointerType: 1001 iconType:101 flag:0 pid:3670 uid:1000
03-24 15:23:52.561  3670  3884 D PointerIcon: setMouseCustomIcon IconType is same.101
03-24 15:23:52.571 10212 10212 D ResourcesManager: For user 0 new overlays fetched Null
03-24 15:23:52.571 10212 10212 I InjectionManager: Inside getClassLibPath caller 
03-24 15:23:52.581 10212 10212 I MAMInfo : MAMInfo initialized. Debug=false, UseTestAgent=false, ManagedDialogDisabled=false, DeprecationDialogDisabled=false, PolicyRequired=false, MultiIdentityEnabled=true, FullBackupContent=true, UseDefaultEnrollment=false, ExceptionOnInit=false, Debuggable=false
03-24 15:23:52.631 10212 10212 D InjectionManager: InjectionManager
03-24 15:23:52.631 10212 10212 I InjectionManager: featureStore :{}
03-24 15:23:52.641 10212 10212 I cr_ChildProcessService: Creating new ChildProcessService pid=10212
03-24 15:23:52.661 10041 10207 D libEGL  : loaded /vendor/lib/egl/libGLES_mali.so
03-24 15:23:52.681 10041 10207 D libEGL  : eglInitialize EGLDisplay = 0xd5b597c4
03-24 15:23:52.681 10041 10207 I OpenGLRenderer: Initialized EGL, version 1.4
03-24 15:23:52.681 10041 10207 D         : ro.exynos.dss isEnabled: 0
03-24 15:23:52.691 10041 10207 D mali_winsys: new_window_surface returns 0x3000,  [1440x2560]-format:1
03-24 15:23:52.701  3670  4143 V WindowStateAnimator: Finishing drawing window Window{2ad78bb u0 d0 SurfaceView}: mDrawState=NO_SURFACE
03-24 15:23:52.711 10041 10207 D libGLESv1: DTS_GLAPI : DTS is not allowed for Package : com.microsoft.emmx
03-24 15:23:52.751  3025  3025 D libEGL  : eglInitialize EGLDisplay = 0x7ff3f31d28
03-24 15:23:52.751  3670  4946 V WindowStateAnimator: Finishing drawing window Window{f3f4966 u0 d0 com.microsoft.emmx/org.chromium.chrome.browser.ChromeTabbedActivity}: mDrawState=DRAW_PENDING
03-24 15:23:52.761 10041 10041 D ViewRootImpl: MSG_RESIZED_REPORT: ci=Rect(0, 96 - 0, 0) vi=Rect(0, 96 - 0, 0) or=1
03-24 15:23:52.761 10041 10041 I FeedbackSessionManager: onChromeTabbedActivityFocusChanged() called with: focus = [true]
03-24 15:23:52.761 10041 10041 I FeedbackSessionManager: checkTriggering: 
03-24 15:23:52.761  3670  4952 D InputMethodManagerService: windowGainedFocus mCurrentFocusedUserId - 0 and mSecureKeypadEnabled-false
03-24 15:23:52.761  3670  3884 I ActivityManager: Displayed com.microsoft.emmx/org.chromium.chrome.browser.ChromeTabbedActivity: +819ms (total +2s834ms)
03-24 15:23:52.761  3670  3884 D CustomFrequencyManagerService: releaseDVFSLockLocked : Getting Lock type frm List : DVFS_MIN_LIMIT  frequency : 1800000  uid : 1000  pid : 3670  tag : ACTIVITY_RESUME_BOOSTER@3
03-24 15:23:52.761  3670  3884 I Timeline: Timeline: Activity_windows_visible id: ActivityRecord{a175006 u0 com.microsoft.emmx/org.chromium.chrome.browser.ChromeTabbedActivity t176} time:72243696
03-24 15:23:52.761  3670  3884 D ActivityManager: mDVFSHelper.release()
03-24 15:23:52.761  3670  3796 D CustomFrequencyManagerService: acquireDVFSLockLocked : type : DVFS_MIN_LIMIT  frequency : 1800000  uid : 1000  pid : 3670  pkgName : ACTIVITY_RESUME_BOOSTER@9
03-24 15:23:52.771  3670  3884 D ViewRootImpl: #3 mView = null
03-24 15:23:52.771  3670  4952 W InputMethodManagerService: Got RemoteException sending setActive(false) notification to pid 9305 uid 10175
03-24 15:23:52.781  7402  7402 D SamsungIME: IMPL finishInput
03-24 15:23:52.791  7402  7402 D SamsungIME: SwiftKeyWrapper writeDBdataToFileOnFinishInput
03-24 15:23:52.791  7402  7402 D SamsungIME: saveAndClear +
03-24 15:23:52.791  3670  4016 V WindowStateAnimator: Finishing drawing window Window{f3f4966 u0 d0 com.microsoft.emmx/org.chromium.chrome.browser.ChromeTabbedActivity}: mDrawState=HAS_DRAWN
03-24 15:23:52.791 10041 10041 I cr_BrowserStartup: Initializing chromium process, singleProcess=false
03-24 15:23:52.801  3025  3025 D libEGL  : eglInitialize EGLDisplay = 0x7ff3f31d28
03-24 15:23:52.801  7402  7402 D SamsungIME: saveAndClear -
03-24 15:23:52.811  7402  7402 D SamsungIME: onStartInput: No inputType, No imeOption, isInputViewShown = false, isExtractViewShown = false, isShowInputRequested = false, isConfigChanged = false
03-24 15:23:52.831 10041 10061 W System.err: remove failed: ENOENT (No such file or directory) : /data/user/0/com.microsoft.emmx/shared_prefs/com.google.android.gms.appid.xml.bak
03-24 15:23:52.841  3670  4952 I PersonaManager: mKnoxInfo is empty
03-24 15:23:52.881 10041 10066 W System.err: remove failed: ENOENT (No such file or directory) : /data/user/0/com.microsoft.emmx/shared_prefs/com.appboy.storage.device_cache.v3.37a6259cc0c1dae299a7866489dff0bd.xml.bak
03-24 15:23:52.901  3670  4143 D ActivityManager: The following uid has registered to recieve broadcast for proxy related updates 10098
03-24 15:23:52.921  3670  4143 W ContextImpl: Calling a method in the system process without a qualified user: android.app.ContextImpl.sendBroadcast:845 com.android.server.am.ActivityManagerService.requestKnoxVpnToSendProxyBroadcast:29793 com.android.server.am.ActivityManagerService.registerReceiver:22658 android.app.ActivityManagerNative.onTransact:431 com.android.server.am.ActivityManagerService.onTransact:3999 
03-24 15:23:52.951  3025  4439 I SurfaceFlinger: id=729 Removed fmmx (7/9)
03-24 15:23:52.951  3025  4439 I SurfaceFlinger: id=729 Removed fmmx (-2/9)
03-24 15:23:52.951  6803  6803 D Recents : onTaskStackChanged
03-24 15:23:52.961  3670  3931 I PersonaManager: mKnoxInfo is empty
03-24 15:23:52.961 10041 10041 E chromium: [ERROR:shell_integration_android.cc(22)] Not implemented reached in shell_integration::DefaultWebClientSetPermission shell_integration::GetDefaultWebClientSetPermission()
03-24 15:23:52.961  3670  4550 I PersonaManager: mKnoxInfo is empty
03-24 15:23:52.961  3670  4946 I PersonaManager: mKnoxInfo is empty
03-24 15:23:52.961  3025  3025 D libEGL  : eglTerminate EGLDisplay = 0x7ff3f31e58
03-24 15:23:52.971  3670  4409 I PersonaManager: mKnoxInfo is empty
03-24 15:23:52.971 10270 10270 E Zygote  : v2
03-24 15:23:52.971 10270 10270 I libpersona: KNOX_SDCARD checking this for 10098
03-24 15:23:52.971 10270 10270 I libpersona: KNOX_SDCARD not a persona
03-24 15:23:52.971 10270 10270 W SELinux : Function: selinux_compare_spd_ram, index[1], priority [2], priority version is VE=SEPF_SECMOBILE_6.0.1_0003
03-24 15:23:52.971  3670  4550 I ActivityManager: Start proc 10270:com.microsoft.emmx:privileged_process0/u0a98 for service com.microsoft.emmx/org.chromium.content.app.EdgePrivilegedProcessService0
03-24 15:23:52.971 10270 10270 E Zygote  : accessInfo : 0
03-24 15:23:52.971 10270 10270 W SELinux : SELinux: seapp_context_lookup: seinfo=default, level=s0:c512,c768, pkgname=com.microsoft.emmx:privileged_process0 
03-24 15:23:52.981  3670  4016 I PersonaManager: mKnoxInfo is empty
03-24 15:23:52.981  6803  6803 W ResourcesManager: getTopLevelResources: /data/app/com.example.myapplication-1/base.apk / 1.0 running in com.android.systemui rsrc of package com.example.myapplication
03-24 15:23:52.981  3670  4952 D ActivityManager: The following uid has registered to recieve broadcast for proxy related updates 10098
03-24 15:23:52.981  3670  4952 W ContextImpl: Calling a method in the system process without a qualified user: android.app.ContextImpl.sendBroadcast:845 com.android.server.am.ActivityManagerService.requestKnoxVpnToSendProxyBroadcast:29793 com.android.server.am.ActivityManagerService.registerReceiver:22658 android.app.ActivityManagerNative.onTransact:431 com.android.server.am.ActivityManagerService.onTransact:3999 
03-24 15:23:53.001 10270 10270 W ResourcesManager: getTopLevelResources: /data/app/com.microsoft.emmx-1/base.apk / 1.0 running in com.microsoft.emmx rsrc of package com.microsoft.emmx
03-24 15:23:53.001  3670  4524 I InjectionManagerService -AppFeature: getCoreFeaturePkgList :[]
03-24 15:23:53.001 10270 10270 I InjectionManager: Inside getClassLibPath + mLibMap{0=, 1=}
03-24 15:23:53.001  6803  6803 D ResourcesManager: For user 0 new overlays fetched Null
03-24 15:23:53.001 10270 10270 D ResourcesManager: For user 0 new overlays fetched Null
03-24 15:23:53.001  3670  4952 W BackupManagerService: dataChanged but no participant pkg='com.microsoft.emmx' uid=10098
03-24 15:23:53.011 10270 10270 I InjectionManager: Inside getClassLibPath caller 
03-24 15:23:53.021  3670  4143 D PackageManager: getComponentMetadataForIconTray : com.example.myapplication.MainActivity does not exist in mServices
03-24 15:23:53.021  3670  4143 D PackageManager: getComponentMetadataForIconTray : com.example.myapplication.MainActivity does not exist in mProviders
03-24 15:23:53.021  3670  4143 D PackageManager: getComponentMetadataForIconTray : com.example.myapplication.MainActivity does not exist in mReceivers
03-24 15:23:53.021 10270 10270 I MAMInfo : MAMInfo initialized. Debug=false, UseTestAgent=false, ManagedDialogDisabled=false, DeprecationDialogDisabled=false, PolicyRequired=false, MultiIdentityEnabled=true, FullBackupContent=true, UseDefaultEnrollment=false, ExceptionOnInit=false, Debuggable=false
03-24 15:23:53.021  6803  6803 I ApplicationPackageManager: load=com.example.myapplication, bg=192-192, dr=192-192
03-24 15:23:53.031  3670  4452 E PackageManager: Failed to generatePackageInfoFromSettingsLPw, There isn't package setting object for 
03-24 15:23:53.031  6803  6803 I ApplicationPackageManager: scaled rate=1.0429629, size=192, alpha=15, hold=26, target=192
03-24 15:23:53.031  3670  4421 E PackageManager: Failed to generatePackageInfoFromSettingsLPw, There isn't package setting object for 
03-24 15:23:53.041 10041 10041 D ConnectivityManager: requestNetwork; getAppId(CallingUid) : 10098, CallingPid : 10041
03-24 15:23:53.041  3670  4946 D ConnectivityService: listenForNetwork for Listen from uid/pid:10098/10041 for NetworkRequest [ id=336, legacyType=-1, [ Capabilities: INTERNET&NOT_RESTRICTED&TRUSTED] ]
03-24 15:23:53.041  3670  4029 D ConnectivityService: rematching NetworkAgentInfo [WIFI () - 510]
