03-24 15:23:27.691  4103  4103 D BatteryMeterView: ACTION_BATTERY_CHANGED : level:95 status:2 health:2
03-24 15:23:27.691  4103  4103 D BatteryMeterView: ACTION_BATTERY_CHANGED : level:95 status:2 health:2
03-24 15:23:27.711  3670  4016 I PersonaManager: mKnoxInfo is empty
03-24 15:23:27.721  3670  3930 D PackageManager: [MSG] WRITE_PACKAGE_RESTRICTIONS
03-24 15:23:27.751  3670  3930 W System.err: remove failed: ENOENT (No such file or directory) : /data/system/users/0/package-restrictions.xml.bak
03-24 15:23:27.751  4103  4103 W ResourcesManager: getTopLevelResources: /system/priv-app/SystemUI/SystemUI.apk / 1.0 running in com.android.systemui rsrc of package com.android.systemui
03-24 15:23:27.761  7275  7275 W ChimeraUtils: Non Chimera context
03-24 15:23:27.791  4103  4103 D PhoneStatusBar: setAreThereNotifications: N=2 any=true clearable=false
03-24 15:23:27.811  3670  3697 I PersonaManager: mKnoxInfo is empty
03-24 15:23:27.851  7275  7617 I System.out: (HTTPLog)-Static: isSBSettingEnabled false
03-24 15:23:27.851  7275  7617 I System.out: (HTTPLog)-Static: isSBSettingEnabled false
03-24 15:23:27.851  7275  7617 I qtaguid : Tagging socket 76 with tag 31065fff00000000{822501375,0} uid -1, pid: 7275, getuid(): 10015
03-24 15:23:27.981  3670  4409 I ActivityManager: Process android.process.acore (pid 7100)(adj 15) has died(10,207)
03-24 15:23:27.991  3670  4409 D ActivityManager: cleanUpApplicationRecord -- 7100
03-24 15:23:27.991  3670  4409 D ActivityManager: isAutoRunBlockedApp:: com.android.providers.contacts, Auto Run ON
03-24 15:23:28.001  3670  4421 D CountryDetector: No listener is left
03-24 15:23:28.001  3670  4452 I ActivityManager: Process com.android.mms (pid 7842)(adj 15) has died(6,207)
03-24 15:23:28.001  3670  4452 D ActivityManager: cleanUpApplicationRecord -- 7842
03-24 15:23:28.001  3670  4452 D ActivityManager: isAutoRunBlockedApp:: com.android.mms, Auto Run ON
03-24 15:23:28.271  7275  7617 I qtaguid : Untagging socket 76
03-24 15:23:28.291  7275  7617 W Uploader:  no longer exists, so no auth token.
03-24 15:23:28.301  7275  7617 I System.out: (HTTPLog)-Static: isSBSettingEnabled false
03-24 15:23:28.301  7275  7617 I System.out: (HTTPLog)-Static: isSBSettingEnabled false
03-24 15:23:28.301  3037  3741 D EnterpriseController: netId is 0
03-24 15:23:28.301  3037  3741 D Netd    : getNetworkForDns: using netid 510 for uid 10015
03-24 15:23:28.311  7275  7617 I qtaguid : Tagging socket 98 with tag 31065fff00000000{822501375,0} uid -1, pid: 7275, getuid(): 10015
03-24 15:23:28.511  3670  6805 D SSRM:n  : SIOP:: AP = 490, PST = 434 (W:10), CP = 314, CUR = -316, LCD = 113
03-24 15:23:28.531  3670  6805 D ConnectivityService: returning getNetworkInfo for network type 1 : [type: WIFI[] - WIFI, state: CONNECTED/CONNECTED, reason: (unspecified), extra: "DataStructures", roaming: false, failover: false, isAvailable: true]
03-24 15:23:28.581  7275  7617 W Conscrypt: Could not set socket write timeout: java.net.SocketException: Socket closed
03-24 15:23:28.581  7275  7617 W Conscrypt: 	at com.google.android.gms.org.conscrypt.Platform.setSocketWriteTimeout(:com.google.android.gms@15090019@15.0.90 (040400-231259764):2)
03-24 15:23:28.581  7275  7617 W Conscrypt: 	at com.google.android.gms.org.conscrypt.ConscryptFileDescriptorSocket.setSoWriteTimeout(:com.google.android.gms@15090019@15.0.90 (040400-231259764):2)
03-24 15:23:28.881  7275  7617 W Conscrypt: Could not set socket write timeout: java.net.SocketException: Socket closed
03-24 15:23:28.881  7275  7617 W Conscrypt: 	at com.google.android.gms.org.conscrypt.Platform.setSocketWriteTimeout(:com.google.android.gms@15090019@15.0.90 (040400-231259764):2)
03-24 15:23:28.881  7275  7617 W Conscrypt: 	at com.google.android.gms.org.conscrypt.ConscryptFileDescriptorSocket.setSoWriteTimeout(:com.google.android.gms@15090019@15.0.90 (040400-231259764):2)
03-24 15:23:29.551  3670  4952 I PersonaManager: mKnoxInfo is empty
03-24 15:23:29.591  7275  7617 I qtaguid : Untagging socket 98
03-24 15:23:29.621  7275  7617 E QosUploaderService: Failed to update lastUnmeteredOrDailySent
03-24 15:23:29.731  3670  3698 I ActivityManager: Process android.process.media (pid 7254)(adj 15) has died(8,206)
03-24 15:23:29.731  3670  3698 D ActivityManager: cleanUpApplicationRecord -- 7254
03-24 15:23:29.731  3670  3698 D ActivityManager: isAutoRunBlockedApp:: com.android.providers.downloads, Auto Run ON
03-24 15:23:29.751  3670  4016 I ActivityManager: Process com.android.contacts (pid 7065)(adj 15) has died(6,205)
03-24 15:23:29.751  3670  4016 D ActivityManager: cleanUpApplicationRecord -- 7065
03-24 15:23:29.761  3670  4016 D ActivityManager: isAutoRunBlockedApp:: com.android.contacts, Auto Run ON
03-24 15:23:29.781  3670  3931 I ActivityManager: Process com.sec.android.app.chromecustomizations (pid 7310)(adj 15) has died(6,202)
03-24 15:23:29.781  3670  3931 D ActivityManager: cleanUpApplicationRecord -- 7310
03-24 15:23:29.781  3670  3931 D ActivityManager: isAutoRunBlockedApp:: com.sec.android.app.chromecustomizations, Auto Run ON
03-24 15:23:30.581  3670  3796 W ActivityManager: Activity stop timeout for ActivityRecord{967bae4 u0 com.example.myapplication/.MainActivity t170}
03-24 15:23:31.791  3670  4452 I ActivityManager: Process com.google.android.partnersetup (pid 7545)(adj 13) has died(18,162)
03-24 15:23:31.791  3670  4452 D ActivityManager: cleanUpApplicationRecord -- 7545
03-24 15:23:31.791  3670  4452 D ActivityManager: isAutoRunBlockedApp:: com.google.android.partnersetup, Auto Run ON
03-24 15:23:31.831  3670  4452 W ContextImpl: Calling a method in the system process without a qualified user: android.app.ContextImpl.sendBroadcast:830 com.android.server.am.ActivityManagerService.updateOomAdjLocked:26802 com.android.server.am.ActivityManagerService.appDiedLocked:7593 com.android.server.am.ActivityManagerService$AppDeathRecipient.binderDied:1925 android.os.BinderProxy.sendDeathNotice:558 
03-24 15:23:31.841  3670  3796 V MARsPolicyManager: executePolicy policy  spcmpolicy(1) reason Adj 14 BG Killed
03-24 15:23:31.841  3670  3796 V MARsPolicyManager: CurrentImportantPackage com.estrongs.android.pop -in latest protected packageslist for SPCM!
03-24 15:23:31.841  3670  3796 V MARsPolicyManager: CurrentImportantPackage com.example.myapplication -in latest protected packageslist for SPCM!
03-24 15:23:31.841  3670  3796 V MARsPolicyManager: CurrentImportantPackage com.yandex.browser -in latest protected packageslist for SPCM!
03-24 15:23:32.441  3670  4952 I ActivityManager: Process com.samsung.android.sm.provider (pid 8564)(adj 15) has died(48,169)
03-24 15:23:32.441  3670  4952 D ActivityManager: cleanUpApplicationRecord -- 8564
03-24 15:23:32.441  3670  4952 D ActivityManager: isAutoRunBlockedApp:: com.samsung.android.sm.provider, Auto Run ON
03-24 15:23:32.451  7402  7402 V SamsungIME: onTrimMemory Level = 10
03-24 15:23:32.491  7649  7649 I WorkerManager: Unloading disused workers
03-24 15:23:32.491  7649  7649 I WorkerManager: Unloading worker if disused: [service] (manager: a3a98c9, handler: 9f67bce)
03-24 15:23:32.501  7649  7649 I WorkerManager: Unloading worker if disused: [backgroundtask] (manager: a3a98c9, handler: b48caa)
03-24 15:23:32.511  3670  4407 I ActivityManager: Process com.sec.android.app.soundalive (pid 7661)(adj 15) has died(45,175)
03-24 15:23:32.511  3670  4407 D ActivityManager: cleanUpApplicationRecord -- 7661
03-24 15:23:32.511  3670  4407 D ActivityManager: isAutoRunBlockedApp:: com.sec.android.app.soundalive, Auto Run ON
03-24 15:23:32.521  7649  7649 I WorkerManager: Unloading worker if disused: [optin] (manager: a3a98c9, handler: e7983ee)
03-24 15:23:32.531  7649  7649 I WorkerHandler: New state for worker [optin]: h (handler: e7983ee)
03-24 15:23:32.531  7649  7649 I WorkerManager: Unloading worker if disused: [searchplate] (manager: a3a98c9, handler: 1029023)
03-24 15:23:37.561  7649  7823 I EventLogSendingHelper: Sending log events.
03-24 15:23:37.631  3670  4952 I PersonaManager: mKnoxInfo is empty
03-24 15:23:37.721  3670  4407 D BatteryService: !@BatteryListener : batteryPropertiesChanged!
03-24 15:23:37.721  3670  4407 D BatteryService: level:95, scale:100, status:2, health:2, present:true, voltage: 4277, temperature: 315, technology: Li-ion, AC powered:false, USB powered:true, POGO powered:false, Wireless powered:false, icon:17303414, invalid charger:0, maxChargingCurrent:0
03-24 15:23:37.721  3670  4407 D BatteryService: online:4, current avg:-110, charge type:1, power sharing:false, high voltage charger:false, capacity:280000, batterySWSelfDischarging:false, current_now:155
03-24 15:23:37.721  3670  3670 D BatteryService: Sending ACTION_BATTERY_CHANGED.
03-24 15:23:37.721  3670  3670 I MotionRecognitionService: Plugged
03-24 15:23:37.721  3670  3670 E MotionRecognitionService: support TA ~
03-24 15:23:37.721  3670  3670 I MotionRecognitionService: isTAConnected | current backoffstate  = 33792
03-24 15:23:37.721  3670  3670 D MotionRecognitionService:  TA connected ,  33792
03-24 15:23:37.721  3670  3670 I MotionRecognitionService: skip setTransmitPower. 
03-24 15:23:37.721  3670  3670 D MotionRecognitionService:   cableConnection= 1
03-24 15:23:37.721  3670  3670 D MotionRecognitionService: setPowerConnected | current backoffstate  = 33792 , state =33792
03-24 15:23:37.721  3670  3670 D MotionRecognitionService: skip setTransmitPower. 
03-24 15:23:37.731  4103  4103 D KeyguardUpdateMonitor: received broadcast android.intent.action.BATTERY_CHANGED
03-24 15:23:37.731  4103  4103 D KeyguardUpdateMonitor: handleBatteryUpdate
03-24 15:23:37.731  4103  4103 D PowerUI : priorPlugType = 2 mPlugType =  2
03-24 15:23:37.741  4103  4103 D PowerUI.Notification: showChargingNotice oldChargingType : 1 currentChargingType : 1 oldChargingTime : 915000 mChargingTime : 915000
03-24 15:23:37.741  4103  4103 D PowerUI.Notification: There is no change about charging status, so return!
03-24 15:23:37.751  4103  4103 D BatteryMeterView: ACTION_BATTERY_CHANGED : level:95 status:2 health:2
03-24 15:23:37.751  4103  4103 D BatteryMeterView: ACTION_BATTERY_CHANGED : level:95 status:2 health:2
03-24 15:23:37.951  3670  3682 I art     : Background partial concurrent mark sweep GC freed 103264(7MB) AllocSpace objects, 97(2028KB) LOS objects, 27% free, 43MB/59MB, paused 2.027ms total 311.210ms
03-24 15:23:38.551  3670  6805 D SSRM:n  : SIOP:: AP = 450, PST = 434 (W:18), CP = 316, CUR = -110, LCD = 113
03-24 15:23:39.861  3670  4018 D NtpTrustedTime: currentTimeMillis() cache hit
03-24 15:23:39.861  3670  4018 V NetworkStats: performPollLocked(flags=0x1)
03-24 15:23:39.881  3670  4018 D NetworkStatsRecorder: entry.iface is null
03-24 15:23:39.881  3670  4018 D NetworkStatsRecorder: entry.iface is null
03-24 15:23:39.881  3670  4018 D NetworkStatsRecorder: entry.iface is null
03-24 15:23:39.881  3670  4018 D NetworkStatsRecorder: entry.iface is null
03-24 15:23:39.901  3670  4018 V NetworkStats: performPollLocked() took 42ms
03-24 15:23:39.901  3670  4018 D NtpTrustedTime: currentTimeMillis() cache hit
03-24 15:23:39.911  3670  4019 D NtpTrustedTime: currentTimeMillis() cache hit
03-24 15:23:39.931  3670  4019 D NtpTrustedTime: currentTimeMillis() cache hit
03-24 15:23:42.541  7649  8074 I EventLogSendingHelper: Sending log events.
03-24 15:23:42.551  3670  4143 I PersonaManager: mKnoxInfo is empty
03-24 15:23:42.631  3670  4452 I ActivityManager: Process com.google.android.googlequicksearchbox:search (pid 7649)(adj 15) has died(56,178)
03-24 15:23:42.631  3670  4452 D ActivityManager: cleanUpApplicationRecord -- 7649
03-24 15:23:42.631  3670  4452 D ActivityManager: isAutoRunBlockedApp:: com.google.android.googlequicksearchbox, Auto Run ON
03-24 15:23:42.641  7402  7402 V SamsungIME: onTrimMemory Level = 10
03-24 15:23:47.181  3670  4283 E Watchdog: !@Sync 2407 [03-24 15:23:47.174]
03-24 15:23:47.751  3670  4550 D BatteryService: !@BatteryListener : batteryPropertiesChanged!
03-24 15:23:47.751  3670  4550 D BatteryService: level:95, scale:100, status:2, health:2, present:true, voltage: 4270, temperature: 315, technology: Li-ion, AC powered:false, USB powered:true, POGO powered:false, Wireless powered:false, icon:17303414, invalid charger:0, maxChargingCurrent:0
03-24 15:23:47.751  3670  4550 D BatteryService: online:4, current avg:20, charge type:1, power sharing:false, high voltage charger:false, capacity:280000, batterySWSelfDischarging:false, current_now:-309
03-24 15:23:47.751  3670  3670 D BatteryService: Sending ACTION_BATTERY_CHANGED.
03-24 15:23:47.761  3670  3670 I MotionRecognitionService: Plugged
03-24 15:23:47.761  3670  3670 E MotionRecognitionService: support TA ~
03-24 15:23:47.761  3670  3670 I MotionRecognitionService: isTAConnected | current backoffstate  = 33792
03-24 15:23:47.761  3670  3670 D MotionRecognitionService:  TA connected ,  33792
03-24 15:23:47.761  3670  3670 I MotionRecognitionService: skip setTransmitPower. 
03-24 15:23:47.761  3670  3670 D MotionRecognitionService:   cableConnection= 1
03-24 15:23:47.761  3670  3670 D MotionRecognitionService: setPowerConnected | current backoffstate  = 33792 , state =33792
03-24 15:23:47.761  3670  3670 D MotionRecognitionService: skip setTransmitPower. 
03-24 15:23:47.761  4103  4103 D KeyguardUpdateMonitor: received broadcast android.intent.action.BATTERY_CHANGED
03-24 15:23:47.761  4103  4103 D PowerUI : priorPlugType = 2 mPlugType =  2
03-24 15:23:47.761  4103  4103 D KeyguardUpdateMonitor: handleBatteryUpdate
03-24 15:23:47.761  4103  4103 D PowerUI.Notification: showChargingNotice oldChargingType : 1 currentChargingType : 1 oldChargingTime : 915000 mChargingTime : 915000
03-24 15:23:47.761  4103  4103 D PowerUI.Notification: There is no change about charging status, so return!
03-24 15:23:47.791  4103  4103 D BatteryMeterView: ACTION_BATTERY_CHANGED : level:95 status:2 health:2
03-24 15:23:47.791  4103  4103 D BatteryMeterView: ACTION_BATTERY_CHANGED : level:95 status:2 health:2
03-24 15:23:48.571  3670  6805 D SSRM:n  : SIOP:: AP = 430, PST = 440 (W:22), CP = 316, CUR = 20, LCD = 113
03-24 15:23:48.901  3670  4016 I ActivityManager: Process com.yandex.browser:passport (pid 9278)(adj 15) has died(51,186)
03-24 15:23:48.901  3670  4016 D ActivityManager: cleanUpApplicationRecord -- 9278
03-24 15:23:48.901  3670  4016 D ActivityManager: isAutoRunBlockedApp:: com.yandex.browser, Auto Run ON
03-24 15:23:49.411  9872  9872 I FIPS_bssl: FIPS approved mode (1) | 9872 | app_process
03-24 15:23:49.471  9872  9872 D AndroidRuntime: >>>>>> START com.android.internal.os.RuntimeInit uid 2000 <<<<<<
03-24 15:23:49.471  9872  9872 D AndroidRuntime: CheckJNI is OFF
03-24 15:23:49.481  9872  9872 D AndroidRuntime: readGMSProperty: start
03-24 15:23:49.481  9872  9872 D AndroidRuntime: readGMSProperty: already setted!!
03-24 15:23:49.481  9872  9872 D AndroidRuntime: propertySet: couldn't set property (it is from app)
03-24 15:23:49.481  9872  9872 D AndroidRuntime: readGMSProperty: could not set the property(default)!!
03-24 15:23:49.481  9872  9872 D AndroidRuntime: readGMSProperty: end
03-24 15:23:49.481  9872  9872 D AndroidRuntime: addProductProperty: start
03-24 15:23:49.591  9872  9872 D ICU     : No timezone override file found: /data/misc/zoneinfo/current/icu/icu_tzdata.dat
03-24 15:23:49.751  9872  9872 I Radio-JNI: register_android_hardware_Radio DONE
03-24 15:23:49.781  9872  9872 E AffinityControl: AffinityControl: registerfunction enter
03-24 15:23:49.831  9872  9872 D AndroidRuntime: Calling main entry com.android.commands.am.Am
03-24 15:23:49.831  3670  4421 I ActivityManager: Force stopping com.yandex.browser appid=10175 user=0: from pid 9872
03-24 15:23:49.831  3670  4421 I PersonaManager: mKnoxInfo is empty
03-24 15:23:49.831  3670  4421 I PersonaManager: mKnoxInfo is empty
03-24 15:23:49.831  3670  4421 I PersonaManager: mKnoxInfo is empty
03-24 15:23:49.831  3670  4421 I PersonaManager: mKnoxInfo is empty
03-24 15:23:49.831  3670  4421 I ActivityManager: Killing 9396:com.yandex.browser:privileged_process0/u0a175 (adj 1): stop com.yandex.browser cause from pid 9872
03-24 15:23:49.841  3670  4421 D ActivityManager: cleanUpApplicationRecord -- 9396
03-24 15:23:49.841  3670  4421 D ActivityManager: isAutoRunBlockedApp:: com.yandex.browser, Auto Run ON
03-24 15:23:49.841  3670  4421 W ActivityManager: Scheduling restart of crashed service com.yandex.browser/org.chromium.content.app.PrivilegedProcessService0 in 1000ms
03-24 15:23:49.841  3670  4421 I ActivityManager: Killing 9194:com.yandex.browser:Metrica/u0a175 (adj 1): stop com.yandex.browser cause from pid 9872
03-24 15:23:49.841  3670  4421 D ActivityManager: cleanUpApplicationRecord -- 9194
03-24 15:23:49.841  3670  4421 D ActivityManager: isAutoRunBlockedApp:: com.yandex.browser, Auto Run ON
03-24 15:23:49.841  3670  4421 W ActivityManager: Scheduling restart of crashed service com.yandex.browser/com.yandex.metrica.MetricaService in 10998ms
03-24 15:23:49.841  3670  4421 W ActivityManager: Scheduling restart of crashed service com.yandex.browser/com.yandex.metrica.ConfigurationService in 20997ms
03-24 15:23:49.841  3670  4421 I ActivityManager: Killing 9305:com.yandex.browser:firstscreen/u0a175 (adj 0): stop com.yandex.browser cause from pid 9872
03-24 15:23:49.841  3670  4421 D ActivityManager: cleanUpApplicationRecord -- 9305
03-24 15:23:49.841  3670  4421 D ActivityManager: isAutoRunBlockedApp:: com.yandex.browser, Auto Run ON
03-24 15:23:49.841  3670  4421 W ActivityManager: Force removing ActivityRecord{682719b u0 com.yandex.browser/.firstscreen.FirstScreenActivity t174}: app died, no saved state
03-24 15:23:49.871  3670  4421 D InputDispatcher: Focused application set to: xxxx
03-24 15:23:49.881  3670  3798 D StatusBarManagerService: manageDisableList userId=0 what=0x0 pkg=Window{dcf494d u0 d0 com.yandex.browser/com.yandex.browser.YandexBrowserMainActivity}
03-24 15:23:49.881  3670  4421 D InputDispatcher: Focus left window: 9305
03-24 15:23:49.881  3670  4421 D InputDispatcher: Focus entered window: 9154
03-24 15:23:49.881  4103  4103 D PhoneStatusBar: setSystemUiVisibility vis=400 mask=ffffffff oldVal=0 newVal=400 diff=400
03-24 15:23:49.891  3025  3210 I SurfaceFlinger: id=727 Removed GirstScreen (8/10)
03-24 15:23:49.891  3025  3212 I SurfaceFlinger: id=727 Removed GirstScreen (-2/10)
03-24 15:23:49.891  3670  3884 D PointerIcon: setMouseIconStyle1 pointerType: 1001 iconType:101 flag:0 pid:3670 uid:1000
03-24 15:23:49.891  3670  3884 D PointerIcon: setMouseCustomIcon IconType is same.101
03-24 15:23:49.891  3025  3025 D libEGL  : eglTerminate EGLDisplay = 0x7ff3f31e28
03-24 15:23:49.891  3025  3025 D libEGL  : eglTerminate EGLDisplay = 0x7ff3f31e28
03-24 15:23:49.891  3025  3025 D libEGL  : eglTerminate EGLDisplay = 0x7ff3f31e28
03-24 15:23:49.901  3670  4421 D CustomFrequencyManagerService: acquireDVFSLockLocked : type : DVFS_MIN_LIMIT  frequency : 1800000  uid : 1000  pid : 3670  pkgName : ACTIVITY_RESUME_BOOSTER@3
03-24 15:23:49.901  3670  4421 D ActivityManager: mDVFSHelper.acquire()
03-24 15:23:49.901  3670  4421 D ActivityManager:  Launching com.yandex.browser, updated priority
03-24 15:23:49.911  3670  4421 V WindowOrientationListener: setCurrentAppOrientation :7
03-24 15:23:49.911  3670  4421 V WindowOrientationListener: OrientationSensorJudge.getProposedRotation, Rotation: -1
03-24 15:23:49.911  3670  4421 V WindowManager: rotationForOrientationLw(orient=7, last=0); user=0  sensorRotation=-1 mLidState=-1 mDockMode=0 mHdmiPlugged=false mMobileKeyboardEnabled=false displayId=0
03-24 15:23:49.911  3670  4421 V WindowOrientationListener: OrientationSensorJudge.getProposedRotation, Rotation: -1
03-24 15:23:49.911  3670  3670 D GameManagerService: NotifyRunnable. pkg: com.yandex.browser, type: 4, isMinimized: false, isTunableApp: false
03-24 15:23:49.921  3670  3796 V MARsPolicyManager: updatePackagesScore PackageInfo name -- com.yandex.browser
03-24 15:23:49.921  3670  4421 I ActivityManager: Killing 9154:com.yandex.browser/u0a175 (adj 0): stop com.yandex.browser cause from pid 9872
03-24 15:23:49.921  3670  4421 D ActivityManager: cleanUpApplicationRecord -- 9154
03-24 15:23:49.921  3670  4421 D ActivityManager: isAutoRunBlockedApp:: com.yandex.browser, Auto Run ON
03-24 15:23:49.931  3670  4552 D GraphicsStats: Buffer count: 6
03-24 15:23:49.951  3670  4421 I ActivityManager: Start proc 9898:com.yandex.browser/u0a175 for activity com.yandex.browser/.YandexBrowserMainActivity
03-24 15:23:49.951  9898  9898 E Zygote  : v2
03-24 15:23:49.951  9898  9898 I libpersona: KNOX_SDCARD checking this for 10175
03-24 15:23:49.951  9898  9898 I libpersona: KNOX_SDCARD not a persona
03-24 15:23:49.951  3670  4421 I ActivityManager:   Force finishing activity ActivityRecord{535b387 u0 com.yandex.browser/.YandexBrowserMainActivity t174}
03-24 15:23:49.951  9898  9898 W SELinux : Function: selinux_compare_spd_ram, index[1], priority [2], priority version is VE=SEPF_SECMOBILE_6.0.1_0003
03-24 15:23:49.961  9898  9898 E Zygote  : accessInfo : 0
03-24 15:23:49.961  9898  9898 W SELinux : SELinux: seapp_context_lookup: seinfo=default, level=s0:c512,c768, pkgname=com.yandex.browser 
03-24 15:23:49.961  3670  3670 D GameManagerService: NotifyRunnable. pkg: com.example.myapplication, type: 4, isMinimized: false, isTunableApp: false
03-24 15:23:49.971  9872  9872 D AndroidRuntime: Shutting down VM
03-24 15:23:49.971  3670  3796 V MARsPolicyManager: updatePackagesScore PackageInfo name -- com.example.myapplication
03-24 15:23:49.971  3670  4019 D NetworkPolicy: isUidForegroundLocked: 10175, mScreenOn: true, uidstate: 16, mProxSensorScreenOff: false
03-24 15:23:49.971  3670  4019 D NetworkPolicy: isUidForegroundLocked: 10185, mScreenOn: true, uidstate: 2, mProxSensorScreenOff: false
03-24 15:23:49.971  3670  3796 D InputDispatcher: Focus left window: 9154
03-24 15:23:49.971  3025  3732 I SurfaceFlinger: id=728 Removed TurfaceView (4/9)
03-24 15:23:49.971  3025  3212 I SurfaceFlinger: id=728 Removed TurfaceView (-2/9)
03-24 15:23:49.971  3025  4439 I SurfaceFlinger: id=726 Removed ZandexBrows (5/8)
03-24 15:23:49.971  3025  3732 I SurfaceFlinger: id=726 Removed ZandexBrows (-2/8)
03-24 15:23:49.971  3670  3796 D InputDispatcher: Focus entered window: 8129
03-24 15:23:49.971  3670  3796 D InputDispatcher: Focused application released
03-24 15:23:49.971  3025  3025 D libEGL  : eglTerminate EGLDisplay = 0x7ff3f31e58
03-24 15:23:49.971  3025  3025 D libEGL  : eglTerminate EGLDisplay = 0x7ff3f31e28
03-24 15:23:49.971  3025  3025 D libEGL  : eglTerminate EGLDisplay = 0x7ff3f31e28
03-24 15:23:49.971  3025  3025 D libEGL  : eglTerminate EGLDisplay = 0x7ff3f31e28
03-24 15:23:49.981  3670  3670 V AlarmManager: Remove alarm for next reason : android.intent.action.PACKAGE_RESTARTED : package: com.yandex.browser
03-24 15:23:49.991  3670  3796 V BroadcastQueue: [background] Process cur broadcast BroadcastRecord{2e47015 u0 android.intent.action.PACKAGE_RESTARTED qIdx=4}, state= (APP_RECEIVE) DELIVERED for app ProcessRecord{a8b6d0a 3670:system/1000}
03-24 15:23:49.991  4383  4383 I PersonaManager: mKnoxInfo is empty
03-24 15:23:50.001  4383  4383 I PersonaManager: mKnoxInfo is empty
03-24 15:23:50.001  4383  4383 I PersonaManager: mKnoxInfo is empty
03-24 15:23:50.001  3670  6805 D GameManagerService: identifyGamePackage. com.example.myapplication
03-24 15:23:50.001  3670  6805 D GameManagerService: identifyGamePackage. com.example.myapplication
03-24 15:23:50.001  3670  6805 D O       : limitGPUFreq:: freq = -1
03-24 15:23:50.001  4383  4383 W ResourcesManager: getTopLevelResources: /data/app/com.google.android.gms-1/base.apk / 1.0 running in com.android.nfc rsrc of package com.google.android.gms
03-24 15:23:50.011  4383  4383 W ResourcesManager: getTopLevelResources: /data/app/com.google.android.gms-1/base.apk / 1.0 running in com.android.nfc rsrc of package com.google.android.gms
03-24 15:23:50.011  9910  9910 E Zygote  : v2
03-24 15:23:50.011  9910  9910 I libpersona: KNOX_SDCARD checking this for 10062
03-24 15:23:50.011  9910  9910 I libpersona: KNOX_SDCARD not a persona
03-24 15:23:50.011  3670  3670 I ActivityManager: Start proc 9910:com.sec.android.app.soundalive/u0a62 for broadcast-3 com.sec.android.app.soundalive/.SAControlPanelReceiver
03-24 15:23:50.011  9910  9910 W SELinux : Function: selinux_compare_spd_ram, index[1], priority [2], priority version is VE=SEPF_SECMOBILE_6.0.1_0003
03-24 15:23:50.021  9910  9910 E Zygote  : accessInfo : 0
03-24 15:23:50.021  9910  9910 W SELinux : SELinux: seapp_context_lookup: seinfo=platform, level=s0:c512,c768, pkgname=com.sec.android.app.soundalive 
03-24 15:23:50.021  3670  3884 D SecWifiDisplayUtil: Metadata value : SecSettings2
03-24 15:23:50.021  3670  3798 D StatusBarManagerService: manageDisableList userId=0 what=0x0 pkg=Window{69791bd u0 d0 com.example.myapplication/com.example.myapplication.MainActivity}
03-24 15:23:50.021  4383  4383 D ApduServiceInfo: seId: 0
03-24 15:23:50.021  3670  3884 D ViewRootImpl: #1 mView = com.android.internal.policy.PhoneWindow$DecorView{57343f7 V.E...... R.....ID 0,0-0,0}
03-24 15:23:50.021  3670  3884 W WindowManager: Attempted to add application window with unknown token Token{5fac2b4 ActivityRecord{535b387 u0 com.yandex.browser/.YandexBrowserMainActivity t174 f}}.  Aborting.
03-24 15:23:50.021  4103  4103 D PhoneStatusBar: setSystemUiVisibility vis=8600 mask=ffffffff oldVal=400 newVal=8600 diff=8200
03-24 15:23:50.021  4383  4383 I PersonaManager: mKnoxInfo is empty
03-24 15:23:50.031  3670  3884 D ViewRootImpl: #3 mView = null
03-24 15:23:50.031  3670  3884 W WindowManager: Token{5fac2b4 ActivityRecord{535b387 u0 com.yandex.browser/.YandexBrowserMainActivity t174 f}} already running, starting window not displayed. Unable to add window -- token Token{5fac2b4 ActivityRecord{535b387 u0 com.yandex.browser/.YandexBrowserMainActivity t174 f}} is not valid; is your activity running?
03-24 15:23:50.031  3670  3884 W WindowManager: view not successfully added to wm, removing view
03-24 15:23:50.041  3670  4454 D ConnectivityService: ConnectivityService NetworkRequestInfo binderDied(NetworkRequest [ id=335, legacyType=-1, [ Capabilities: INTERNET&NOT_RESTRICTED&TRUSTED] ], android.os.BinderProxy@7079982)
03-24 15:23:50.041  3670  3931 D ConnectivityService: ConnectivityService NetworkRequestInfo binderDied(NetworkRequest [ id=334, legacyType=-1, [ Capabilities: INTERNET&NOT_RESTRICTED&TRUSTED] ], android.os.BinderProxy@7538ccd)
03-24 15:23:50.041  3670  4016 D GraphicsStats: Buffer count: 5
03-24 15:23:50.041  3670  4029 D ConnectivityService: releasing NetworkRequest NetworkRequest [ id=334, legacyType=-1, [ Capabilities: INTERNET&NOT_RESTRICTED&TRUSTED] ]
03-24 15:23:50.041  3670  4029 D ConnectivityService: sending notification RELEASED for NetworkRequest [ id=334, legacyType=-1, [ Capabilities: INTERNET&NOT_RESTRICTED&TRUSTED] ]
03-24 15:23:50.061  3670  4029 E ConnectivityService: RemoteException caught trying to send a callback msg for NetworkRequest [ id=334, legacyType=-1, [ Capabilities: INTERNET&NOT_RESTRICTED&TRUSTED] ]
03-24 15:23:50.061  3670  4029 D ConnectivityService: releasing NetworkRequest NetworkRequest [ id=335, legacyType=-1, [ Capabilities: INTERNET&NOT_RESTRICTED&TRUSTED] ]
03-24 15:23:50.061  3670  4029 D ConnectivityService: sending notification RELEASED for NetworkRequest [ id=335, legacyType=-1, [ Capabilities: INTERNET&NOT_RESTRICTED&TRUSTED] ]
03-24 15:23:50.061  3670  4029 E ConnectivityService: RemoteException caught trying to send a callback msg for NetworkRequest [ id=335, legacyType=-1, [ Capabilities: INTERNET&NOT_RESTRICTED&TRUSTED] ]
03-24 15:23:50.061  3670  6805 D ConnectivityService: returning getNetworkInfo for network type 1 : [type: WIFI[] - WIFI, state: CONNECTED/CONNECTED, reason: (unspecified), extra: "DataStructures", roaming: false, failover: false, isAvailable: true]
03-24 15:23:50.071  3670  4946 V BroadcastQueue: [background] Process cur broadcast BroadcastRecord{2e47015 u0 android.intent.action.PACKAGE_RESTARTED qIdx=4}, state= (APP_RECEIVE) DELIVERED for app ProcessRecord{b8e2893 9910:com.sec.android.app.soundalive/u0a62}
03-24 15:23:50.071  3670  6805 D ConnectivityService: returning getNetworkInfo for network type 1 : [type: WIFI[] - WIFI, state: CONNECTED/CONNECTED, reason: (unspecified), extra: "DataStructures", roaming: false, failover: false, isAvailable: true]
03-24 15:23:50.071  3670  3884 W WindowManager: Exception when adding starting window
03-24 15:23:50.071  3670  3884 W WindowManager: java.lang.IllegalArgumentException: View=com.android.internal.policy.PhoneWindow$DecorView{57343f7 V.E...... R.....ID 0,0-0,0} not attached to window manager
03-24 15:23:50.071  3670  3884 W WindowManager: 	at android.view.WindowManagerGlobal.findViewLocked(WindowManagerGlobal.java:451)
03-24 15:23:50.071  3670  3884 W WindowManager: 	at android.view.WindowManagerGlobal.removeView(WindowManagerGlobal.java:377)
03-24 15:23:50.071  3670  3884 W WindowManager: 	at android.view.WindowManagerImpl.removeViewImmediate(WindowManagerImpl.java:122)
03-24 15:23:50.071  3670  3884 W WindowManager: 	at com.android.server.policy.PhoneWindowManager.addStartingWindow(PhoneWindowManager.java:4452)
03-24 15:23:50.071  3670  3884 W WindowManager: 	at com.android.server.wm.WindowManagerService$H.handleMessage(WindowManagerService.java:13508)
03-24 15:23:50.071  3670  3884 W WindowManager: 	at android.os.Handler.dispatchMessage(Handler.java:102)
03-24 15:23:50.071  3670  3884 W WindowManager: 	at android.os.Looper.loop(Looper.java:158)
03-24 15:23:50.071  3670  3884 W WindowManager: 	at android.os.HandlerThread.run(HandlerThread.java:61)
03-24 15:23:50.071  3670  3884 W WindowManager: 	at com.android.server.ServiceThread.run(ServiceThread.java:46)
03-24 15:23:50.081  3670  3884 D PointerIcon: setMouseIconStyle1 pointerType: 1001 iconType:101 flag:0 pid:3670 uid:1000
03-24 15:23:50.081  3670  3884 D PointerIcon: setMouseCustomIcon IconType is same.101
03-24 15:23:50.081  9910  9910 W ResourcesManager: getTopLevelResources: /system/priv-app/SoundAlive_31_M/SoundAlive_31_M.apk / 1.0 running in com.sec.android.app.soundalive rsrc of package com.sec.android.app.soundalive
03-24 15:23:50.081  3670  6805 D ConnectivityService: returning getNetworkInfo for network type 1 : [type: WIFI[] - WIFI, state: CONNECTED/CONNECTED, reason: (unspecified), extra: "DataStructures", roaming: false, failover: false, isAvailable: true]
03-24 15:23:50.091  3670  6805 D GameManagerService: identifyGamePackage. com.example.myapplication
03-24 15:23:50.091  3670  3931 I InjectionManagerService -AppFeature: getCoreFeaturePkgList :[]
03-24 15:23:50.091  9910  9910 I InjectionManager: Inside getClassLibPath + mLibMap{0=, 1=}
03-24 15:23:50.101  9910  9910 D ResourcesManager: For user 0 new overlays fetched Null
03-24 15:23:50.111  9910  9910 I InjectionManager: Inside getClassLibPath caller 
03-24 15:23:50.141  9910  9910 W System  : ClassLoader referenced unknown path: /system/priv-app/SoundAlive_31_M/lib/arm64
03-24 15:23:50.141  9910  9910 D InjectionManager: InjectionManager
03-24 15:23:50.141  9910  9910 D InjectionManager: fillFeatureStoreMap com.sec.android.app.soundalive
03-24 15:23:50.141  9910  9910 I InjectionManager: Constructor com.sec.android.app.soundalive, Feature store :{}
03-24 15:23:50.141  9910  9910 I InjectionManager: featureStore :{}
03-24 15:23:50.141  9910  9910 D SAControlPanelReceiver: *****onReceive()*****
03-24 15:23:50.141  9910  9910 D SAControlPanelReceiver: Action: android.intent.action.PACKAGE_RESTARTED
03-24 15:23:50.151  3670  3697 V BroadcastQueue: [background] Process cur broadcast BroadcastRecord{2e47015 u0 android.intent.action.PACKAGE_RESTARTED qIdx=4}, state= (APP_RECEIVE) DELIVERED for app ProcessRecord{2f61a94 7226:com.sec.android.daemonapp/u0a145}
03-24 15:23:50.171  9898  9898 W ResourcesManager: getTopLevelResources: /data/app/com.yandex.browser-1/base.apk / 1.0 running in com.yandex.browser rsrc of package com.yandex.browser
03-24 15:23:50.171  7226  7226 D [WeatherWidget(1236)]  ClearDataReceiver: {[2B4A2AC40B5A9FD87A06E8EADDAC90140D0735C4111B00ED5A4BFDD943296A603CF64C72E7F3E6D25FF9ACC8831CFEFA3E34FF6EAD00357EC7386503FB76F1C38DE7DC83CE464FCACDBF41BB39AB7B05023F96E9DCA7279B4E8058678F36E23C157845DF34E1F36630444A53E4EA5934]}
03-24 15:23:50.181  3670  4143 I InjectionManagerService -AppFeature: getCoreFeaturePkgList :[]
03-24 15:23:50.181  9898  9898 I InjectionManager: Inside getClassLibPath + mLibMap{0=, 1=}
03-24 15:23:50.191  9898  9898 D ResourcesManager: For user 0 new overlays fetched Null
03-24 15:23:50.201  9898  9898 I InjectionManager: Inside getClassLibPath caller 
03-24 15:23:50.351  9898  9898 I MultiDex: Installing application
03-24 15:23:50.351  9898  9898 I MultiDex: VM with version 2.1.0 has multidex support
03-24 15:23:50.351  9898  9898 I MultiDex: VM has multidex support, MultiDex support library is disabled.
03-24 15:23:50.351  9898  9898 I cr_base_multidex: Completed multidex installation.
03-24 15:23:50.461  9898  9898 W System.err: remove failed: ENOENT (No such file or directory) : /data/user/0/com.yandex.browser/files/recovery_cancelled
03-24 15:23:50.481  9898  9943 I AppMetrica: [com.yandex.browser] : [d01c0d44-xxxx-xxxx-xxxx-xxxxxxxx00ad] Initializing of Metrica, Release type, Version 3.4.0, API Level 72, Dated 05.11.2018.
03-24 15:23:50.521  9898  9943 I art     : Rejecting re-init on previously-failed class java.lang.Class<com.yandex.metrica.impl.ob.lb>
03-24 15:23:50.521  9898  9943 I art     : Rejecting re-init on previously-failed class java.lang.Class<com.yandex.metrica.impl.ob.lb>
03-24 15:23:50.521  3670  3698 I PersonaManager: mKnoxInfo is empty
03-24 15:23:50.531  9951  9951 E Zygote  : v2
03-24 15:23:50.531  9951  9951 I libpersona: KNOX_SDCARD checking this for 10175
03-24 15:23:50.531  9951  9951 W SELinux : Function: selinux_compare_spd_ram, index[1], priority [2], priority version is VE=SEPF_SECMOBILE_6.0.1_0003
03-24 15:23:50.531  9951  9951 I libpersona: KNOX_SDCARD not a persona
03-24 15:23:50.531  9951  9951 E Zygote  : accessInfo : 0
03-24 15:23:50.531  9951  9951 W SELinux : SELinux: seapp_context_lookup: seinfo=default, level=s0:c512,c768, pkgname=com.yandex.browser:Metrica 
03-24 15:23:50.531  3670  3698 I ActivityManager: Start proc 9951:com.yandex.browser:Metrica/u0a175 for service com.yandex.browser/com.yandex.metrica.MetricaService
03-24 15:23:50.551  9951  9951 W ResourcesManager: getTopLevelResources: /data/app/com.yandex.browser-1/base.apk / 1.0 running in com.yandex.browser rsrc of package com.yandex.browser
03-24 15:23:50.551  3670  4552 I InjectionManagerService -AppFeature: getCoreFeaturePkgList :[]
03-24 15:23:50.551  9951  9951 I InjectionManager: Inside getClassLibPath + mLibMap{0=, 1=}
03-24 15:23:50.561  9951  9951 D ResourcesManager: For user 0 new overlays fetched Null
03-24 15:23:50.561  9951  9951 I InjectionManager: Inside getClassLibPath caller 
03-24 15:23:50.591  9951  9951 I MultiDex: Installing application
03-24 15:23:50.591  9951  9951 I MultiDex: VM with version 2.1.0 has multidex support
03-24 15:23:50.591  9951  9951 I MultiDex: VM has multidex support, MultiDex support library is disabled.
03-24 15:23:50.591  9951  9951 I cr_base_multidex: Completed multidex installation.
03-24 15:23:50.621  9951  9951 D InjectionManager: InjectionManager
03-24 15:23:50.621  9951  9951 D InjectionManager: fillFeatureStoreMap com.yandex.browser
03-24 15:23:50.621  9951  9951 I InjectionManager: Constructor com.yandex.browser, Feature store :{}
03-24 15:23:50.621  9951  9951 I InjectionManager: featureStore :{}
03-24 15:23:50.661  3670  4552 D PackageManager: setEnabledSetting : userId = 0 packageName = com.yandex.browser cmp = com.yandex.browser.InstallReceiver newState = 0 callingPackage = 10175
03-24 15:23:50.671  9924  9924 I FIPS_bssl: FIPS approved mode (1) | 9924 | app_process
03-24 15:23:50.671  9924  9924 D AndroidRuntime: >>>>>> START com.android.internal.os.RuntimeInit uid 2000 <<<<<<
03-24 15:23:50.671  9924  9924 D AndroidRuntime: CheckJNI is OFF
03-24 15:23:50.671  9924  9924 D AndroidRuntime: readGMSProperty: start
03-24 15:23:50.671  9924  9924 D AndroidRuntime: readGMSProperty: already setted!!
03-24 15:23:50.671  9924  9924 D AndroidRuntime: propertySet: couldn't set property (it is from app)
03-24 15:23:50.671  9924  9924 D AndroidRuntime: readGMSProperty: could not set the property(default)!!
03-24 15:23:50.671  9924  9924 D AndroidRuntime: readGMSProperty: end
03-24 15:23:50.671  9924  9924 D AndroidRuntime: addProductProperty: start
03-24 15:23:50.691  9898  9898 I [SL:BaseSearchLibImpl]: SL version: 536
03-24 15:23:50.701  9898  9898 D InjectionManager: InjectionManager
03-24 15:23:50.701  9898  9898 D InjectionManager: fillFeatureStoreMap com.yandex.browser
03-24 15:23:50.701  9898  9898 I InjectionManager: Constructor com.yandex.browser, Feature store :{}
03-24 15:23:50.701  9898  9898 I InjectionManager: featureStore :{}
03-24 15:23:50.701  9898  9975 W ResourceType: No package identifier when getting value for resource number 0x00000000
03-24 15:23:50.711  9924  9924 D ICU     : No timezone override file found: /data/misc/zoneinfo/current/icu/icu_tzdata.dat
03-24 15:23:50.731  9924  9924 I Radio-JNI: register_android_hardware_Radio DONE
03-24 15:23:50.741  3670  4143 I PersonaManager: mKnoxInfo is empty
03-24 15:23:50.741  9951  9986 I AppMetrica: [com.yandex.browser] : [] Initializing of Metrica, Release type, Version 3.4.0, API Level 72, Dated 05.11.2018.
03-24 15:23:50.741  9924  9924 E AffinityControl: AffinityControl: registerfunction enter
03-24 15:23:50.741  3670  4016 I PersonaManager: mKnoxInfo is empty
03-24 15:23:50.751  3670  4524 V AlarmManager:  remove PendingIntent] PendingIntent{4c718e7: PendingIntentRecord{c062c94 com.yandex.browser startService}}
03-24 15:23:50.751  3670  4452 I PersonaManager: mKnoxInfo is empty
03-24 15:23:50.761  9924  9924 D AndroidRuntime: Calling main entry com.android.commands.monkey.Monkey
03-24 15:23:50.761  3670  3697 D PackageManager: setEnabledSetting : userId = 0 packageName = com.yandex.browser cmp = ru.yandex.searchlib.notification.BarMarkerService newState = 2 callingPackage = 10175
03-24 15:23:50.761  3670  4016 I PersonaManager: mKnoxInfo is empty
03-24 15:23:50.761  3670  4407 I PersonaManager: mKnoxInfo is empty
03-24 15:23:50.771  3670  4409 D PackageManager: setEnabledSetting : userId = 0 packageName = com.yandex.browser cmp = ru.yandex.searchlib.notification.NotificationConnectivityBroadcastReceiver newState = 2 callingPackage = 10175
03-24 15:23:50.791  3670  4524 I PersonaManager: mKnoxInfo is empty
03-24 15:23:50.791  3670  4952 D PackageManager: setEnabledSetting : userId = 0 packageName = com.yandex.browser cmp = com.yandex.browser.publicwifi.WifiStateMonitorReceiver newState = 1 callingPackage = 10175
03-24 15:23:50.791  3670  4421 I PersonaManager: mKnoxInfo is empty
03-24 15:23:50.811  3670  4946 V AlarmManager:  remove PendingIntent] PendingIntent{6637e00: PendingIntentRecord{c062c94 com.yandex.browser startService}}
03-24 15:23:50.811  3670  4143 I PersonaManager: mKnoxInfo is empty
03-24 15:23:50.811  3670  3796 W BroadcastQueue: Skipping deliver [background] BroadcastRecord{1e43ddf u-1 android.net.conn.CONNECTIVITY_CHANGE qIdx=4}, state= (IDLE) to ReceiverList{2827a2c 9924 (unknown name)/2000/u-1 remote:cc0d639}: process crashing
03-24 15:23:50.821  3670  4550 D PackageManager: setEnabledSetting : userId = 0 packageName = com.yandex.browser cmp = ru.yandex.searchlib.notification.BarMarkerService newState = 2 callingPackage = 10175
03-24 15:23:50.821  3670  4421 I PersonaManager: mKnoxInfo is empty
03-24 15:23:50.821  9924  9924 I Timeline: Timeline: Activity_launch_request id:com.microsoft.emmx time:72241757
03-24 15:23:50.821  3670  4552 D PackageManager: setEnabledSetting : userId = 0 packageName = com.yandex.browser cmp = ru.yandex.searchlib.notification.NotificationConnectivityBroadcastReceiver newState = 2 callingPackage = 10175
03-24 15:23:50.831  3670  3697 I PersonaManager: mKnoxInfo is empty
03-24 15:23:50.831  3670  3697 D GameManagerService: identifyGamePackage. com.microsoft.emmx
03-24 15:23:50.831  3670  3697 D MultiWindowPolicy: Gamemode - return 0,  when calling  identifyForegroundApp(com.microsoft.emmx)
03-24 15:23:50.831  3670  3697 D CustomFrequencyManagerService: releaseDVFSLockLocked : Getting Lock type frm List : DVFS_MIN_LIMIT  frequency : 1800000  uid : 1000  pid : 3670  tag : ACTIVITY_RESUME_BOOSTER@3
03-24 15:23:50.831  3670  3697 D CustomFrequencyManagerService: acquireDVFSLockLocked : type : DVFS_MIN_LIMIT  frequency : 1800000  uid : 1000  pid : 3670  pkgName : ACTIVITY_RESUME_BOOSTER@3
03-24 15:23:50.831  3670  3697 D ActivityManager: mDVFSHelper.acquire()
03-24 15:23:50.831  3670  3697 V WindowManager: addAppToken: AppWindowToken{c5ce556 token=Token{2ca1371 ActivityRecord{b30d18 u0 com.microsoft.emmx/com.microsoft.ruby.Main t175}}} to stack=1 task=175 at 0
03-24 15:23:50.861  3670  3697 D InputDispatcher: Focused application set to: xxxx
03-24 15:23:50.861  3670  3697 D InputDispatcher: Focus left window: 8129
03-24 15:23:50.871  3670  4550 D SettingsProvider: isChangeAllowed() : name = user_rotation
03-24 15:23:50.871  3670  4550 D SettingsProvider: isChangeAllowed() : name = accelerometer_rotation
03-24 15:23:50.871  3670  3884 D PointerIcon: setMouseIconStyle1 pointerType: 1001 iconType:101 flag:0 pid:3670 uid:1000
03-24 15:23:50.871  3670  3884 D PointerIcon: setMouseCustomIcon IconType is same.101
03-24 15:23:50.871  3670  4550 V WindowOrientationListener: OrientationSensorJudge.getProposedRotation, Rotation: -1
03-24 15:23:50.871  3670  4550 V WindowManager: rotationForOrientationLw(orient=7, last=0); user=0  sensorRotation=-1 mLidState=-1 mDockMode=0 mHdmiPlugged=false mMobileKeyboardEnabled=false displayId=0
03-24 15:23:50.871  3670  4550 V WindowOrientationListener: OrientationSensorJudge.getProposedRotation, Rotation: -1
03-24 15:23:50.871  3670  4421 D SettingsProvider: isChangeAllowed() : name = accelerometer_rotation
03-24 15:23:50.871  3670  4421 V WindowOrientationListener: OrientationSensorJudge.getProposedRotation, Rotation: -1
03-24 15:23:50.871  3670  4421 V WindowManager: rotationForOrientationLw(orient=7, last=0); user=0  sensorRotation=-1 mLidState=-1 mDockMode=0 mHdmiPlugged=false mMobileKeyboardEnabled=false displayId=0
03-24 15:23:50.871  3670  4421 V WindowOrientationListener: OrientationSensorJudge.getProposedRotation, Rotation: -1
03-24 15:23:50.881  3670  3798 V WindowOrientationListener: OrientationSensorJudge.getProposedRotation, Rotation: -1
03-24 15:23:50.881  3670  3798 V WindowManager: rotationForOrientationLw(orient=7, last=0); user=0  sensorRotation=-1 mLidState=-1 mDockMode=0 mHdmiPlugged=false mMobileKeyboardEnabled=false displayId=0
03-24 15:23:50.881  3670  3798 V WindowOrientationListener: OrientationSensorJudge.getProposedRotation, Rotation: -1
03-24 15:23:50.881  3670  3798 V WindowOrientationListener: OrientationSensorJudge.getProposedRotation, Rotation: -1
03-24 15:23:50.881  3670  3798 V WindowManager: rotationForOrientationLw(orient=7, last=0); user=0  sensorRotation=-1 mLidState=-1 mDockMode=0 mHdmiPlugged=false mMobileKeyboardEnabled=false displayId=0
03-24 15:23:50.881  3670  3798 V WindowOrientationListener: OrientationSensorJudge.getProposedRotation, Rotation: -1
03-24 15:23:50.881 10020 10020 E Zygote  : v2
03-24 15:23:50.881 10020 10020 I libpersona: KNOX_SDCARD checking this for 1000
03-24 15:23:50.881 10020 10020 W SELinux : Function: selinux_compare_spd_ram, index[1], priority [2], priority version is VE=SEPF_SECMOBILE_6.0.1_0003
03-24 15:23:50.881 10020 10020 I libpersona: KNOX_SDCARD not a persona
03-24 15:23:50.891 10020 10020 E Zygote  : accessInfo : 0
03-24 15:23:50.891  3670  6808 I ActivityManager: Start proc 10020:com.samsung.android.sm.provider/1000 for content provider com.samsung.android.sm.provider/com.samsung.android.sm.database.lowpowercontext.LowpowerContextProvider
03-24 15:23:50.891  9924  9924 I art     : System.exit called, status: 0
03-24 15:23:50.891  9924  9924 I AndroidRuntime: VM exiting with result code 0.
03-24 15:23:50.921 10020 10020 W ResourcesManager: getTopLevelResources: /system/priv-app/SmartManagerProvider/SmartManagerProvider.apk / 1.0 running in com.samsung.android.sm.provider rsrc of package com.samsung.android.sm.provider
03-24 15:23:50.921  3670  3931 I InjectionManagerService -AppFeature: getCoreFeaturePkgList :[]
03-24 15:23:50.921 10020 10020 I InjectionManager: Inside getClassLibPath + mLibMap{0=, 1=}
03-24 15:23:50.921 10020 10020 D ResourcesManager: For user 0 new overlays fetched Null
03-24 15:23:50.921 10020 10020 I InjectionManager: Inside getClassLibPath caller 
03-24 15:23:50.931 10020 10020 W System  : ClassLoader referenced unknown path: /system/priv-app/SmartManagerProvider/lib/arm64
03-24 15:23:50.961 10020 10020 D InjectionManager: InjectionManager
03-24 15:23:50.961 10020 10020 D InjectionManager: fillFeatureStoreMap com.samsung.android.sm.provider
03-24 15:23:50.961 10020 10020 I InjectionManager: Constructor com.samsung.android.sm.provider, Feature store :{}
03-24 15:23:50.961 10020 10020 I InjectionManager: featureStore :{}
03-24 15:23:50.971  9951 10029 I System.out: (HTTPLog)-Static: isSBSettingEnabled false
03-24 15:23:50.971  9951 10029 I System.out: (HTTPLog)-Static: isSBSettingEnabled false
03-24 15:23:50.971  9951 10016 I System.out: (HTTPLog)-Static: isSBSettingEnabled false
03-24 15:23:50.971  9951 10016 I System.out: (HTTPLog)-Static: isSBSettingEnabled false
03-24 15:23:50.981  3037  3741 D EnterpriseController: netId is 0
03-24 15:23:50.981  3037  3741 D Netd    : getNetworkForDns: using netid 510 for uid 10175
03-24 15:23:50.981  3037  3741 D EnterpriseController: netId is 0
03-24 15:23:50.981  3037  3741 D Netd    : getNetworkForDns: using netid 510 for uid 10175
03-24 15:23:51.001  3670  3682 I art     : Background partial concurrent mark sweep GC freed 43730(3MB) AllocSpace objects, 68(1360KB) LOS objects, 27% free, 43MB/59MB, paused 2.534ms total 156.193ms
03-24 15:23:51.361  3670  3796 W ActivityManager: Activity pause timeout for ActivityRecord{967bae4 u0 com.example.myapplication/.MainActivity t170}
03-24 15:23:51.371 10041 10041 E Zygote  : v2
03-24 15:23:51.371 10041 10041 I libpersona: KNOX_SDCARD checking this for 10098
03-24 15:23:51.371 10041 10041 I libpersona: KNOX_SDCARD not a persona
03-24 15:23:51.371 10041 10041 W SELinux : Function: selinux_compare_spd_ram, index[1], priority [2], priority version is VE=SEPF_SECMOBILE_6.0.1_0003
03-24 15:23:51.371 10041 10041 E Zygote  : accessInfo : 0
03-24 15:23:51.371 10041 10041 W SELinux : SELinux: seapp_context_lookup: seinfo=default, level=s0:c512,c768, pkgname=com.microsoft.emmx 
03-24 15:23:51.371  3670  3796 I ActivityManager: Start proc 10041:com.microsoft.emmx/u0a98 for activity com.microsoft.emmx/com.microsoft.ruby.Main
03-24 15:23:51.371  3670  4019 D NetworkPolicy: isUidForegroundLocked: 10098, mScreenOn: true, uidstate: -1, mProxSensorScreenOff: false
03-24 15:23:51.391  3670  4421 V WindowOrientationListener: setCurrentAppOrientation :-1
03-24 15:23:51.391  3670  4421 V WindowOrientationListener: OrientationSensorJudge.getProposedRotation, Rotation: -1
03-24 15:23:51.391  3670  4421 V WindowManager: rotationForOrientationLw(orient=-1, last=0); user=0  sensorRotation=-1 mLidState=-1 mDockMode=0 mHdmiPlugged=false mMobileKeyboardEnabled=false displayId=0
03-24 15:23:51.391  3670  4421 V WindowOrientationListener: OrientationSensorJudge.getProposedRotation, Rotation: -1
03-24 15:23:51.391  3670  4421 D ActivityManager:  Launching com.microsoft.emmx, updated priority
03-24 15:23:51.401  3670  3670 D GameManagerService: NotifyRunnable. pkg: com.microsoft.emmx, type: 4, isMinimized: false, isTunableApp: false
03-24 15:23:51.401  3670  3796 V MARsPolicyManager: updatePackagesScore PackageInfo name -- com.microsoft.emmx
03-24 15:23:51.401  3670  6805 D GameManagerService: identifyGamePackage. com.microsoft.emmx
03-24 15:23:51.401  3670  6805 D GameManagerService: identifyGamePackage. com.microsoft.emmx
03-24 15:23:51.401 10041 10041 W ResourcesManager: getTopLevelResources: /data/app/com.microsoft.emmx-1/base.apk / 1.0 running in com.microsoft.emmx rsrc of package com.microsoft.emmx
03-24 15:23:51.401  3670  4524 I InjectionManagerService -AppFeature: getCoreFeaturePkgList :[]
03-24 15:23:51.401 10041 10041 I InjectionManager: Inside getClassLibPath + mLibMap{0=, 1=}
03-24 15:23:51.411  3670  6805 D ConnectivityService: returning getNetworkInfo for network type 1 : [type: WIFI[] - WIFI, state: CONNECTED/CONNECTED, reason: (unspecified), extra: "DataStructures", roaming: false, failover: false, isAvailable: true]
03-24 15:23:51.411  3670  6805 D ConnectivityService: returning getNetworkInfo for network type 1 : [type: WIFI[] - WIFI, state: CONNECTED/CONNECTED, reason: (unspecified), extra: "DataStructures", roaming: false, failover: false, isAvailable: true]
03-24 15:23:51.411  3670  6805 D GameManagerService: identifyGamePackage. com.microsoft.emmx
03-24 15:23:51.421 10041 10041 D ResourcesManager: For user 0 new overlays fetched Null
03-24 15:23:51.431 10041 10041 I InjectionManager: Inside getClassLibPath caller 
03-24 15:23:51.491 10041 10041 I MAMInfo : MAMInfo initialized. Debug=false, UseTestAgent=false, ManagedDialogDisabled=false, DeprecationDialogDisabled=false, PolicyRequired=false, MultiIdentityEnabled=true, FullBackupContent=true, UseDefaultEnrollment=false, ExceptionOnInit=false, Debuggable=false
03-24 15:23:51.491  3670  4946 E PackageManager: Failed to generatePackageInfoFromSettingsLPw, There isn't package setting object for 
03-24 15:23:51.491  3670  4552 E PackageManager: Failed to generatePackageInfoFromSettingsLPw, There isn't package setting object for 
03-24 15:23:51.501 10041 10041 I MultiDex: VM with version 2.1.0 has multidex support
