03-24 15:40:12.391  3670  4524 D BatteryService: online:4, current avg:3, charge type:1, power sharing:false, high voltage charger:false, capacity:280000, batterySWSelfDischarging:false, current_now:-1066
03-24 15:40:12.391  3670  3670 D BatteryService: Sending ACTION_BATTERY_CHANGED.
03-24 15:40:12.401  3670  3670 I MotionRecognitionService: Plugged
03-24 15:40:12.401  3670  3670 E MotionRecognitionService: support TA ~
03-24 15:40:12.401  3670  3670 I MotionRecognitionService: isTAConnected | current backoffstate  = 33792
03-24 15:40:12.401  3670  3670 D MotionRecognitionService:  TA connected ,  33792
03-24 15:40:12.401  3670  3670 I MotionRecognitionService: skip setTransmitPower. 
03-24 15:40:12.401  3670  3670 D MotionRecognitionService:   cableConnection= 1
03-24 15:40:12.401  3670  3670 D MotionRecognitionService: setPowerConnected | current backoffstate  = 33792 , state =33792
03-24 15:40:12.401  3670  3670 D MotionRecognitionService: skip setTransmitPower. 
03-24 15:40:12.401  4103  4103 D KeyguardUpdateMonitor: received broadcast android.intent.action.BATTERY_CHANGED
03-24 15:40:12.401  4103  4103 D PowerUI : priorPlugType = 2 mPlugType =  2
03-24 15:40:12.401 28393 28393 D GeckoToolbar: onTabChanged: RESTORED
03-24 15:40:12.401  4103  4103 D PowerUI.Notification: showChargingNotice oldChargingType : 1 currentChargingType : 1 oldChargingTime : 962000 mChargingTime : 962000
03-24 15:40:12.401  4103  4103 D KeyguardUpdateMonitor: handleBatteryUpdate
03-24 15:40:12.401  4103  4103 D PowerUI.Notification: There is no change about charging status, so return!
03-24 15:40:12.401  4103  4103 D BatteryMeterView: ACTION_BATTERY_CHANGED : level:94 status:2 health:2
03-24 15:40:12.401  4103  4103 D BatteryMeterView: ACTION_BATTERY_CHANGED : level:94 status:2 health:2
03-24 15:40:12.401 28393 28463 W System.err: remove failed: ENOENT (No such file or directory) : /data/user/0/org.mozilla.firefox/cache/icons/journal.bkp
03-24 15:40:12.411 28393 28463 W System.err: remove failed: ENOENT (No such file or directory) : /data/user/0/org.mozilla.firefox/files/mozilla/a3fo0qlc.default/suggestedsites.json
03-24 15:40:12.411 28393 28463 D GeckoSuggestedSites: No cached sites, refreshing.
03-24 15:40:12.411 28393 28463 D GeckoSuggestedSites: Refreshing suggested sites from file
03-24 15:40:12.411  3025  3025 I SurfaceFlinger: id=837 createSurf (1440x2464),4 flag=404, TurfaceView
03-24 15:40:12.411 28393 28463 D GeckoSuggestedSites: Loading blacklisted suggested sites from SharedPreferences.
03-24 15:40:12.411 28393 28463 D GeckoSuggestedSites: Number of suggested sites: 8
03-24 15:40:12.421  3670  4946 V WindowStateAnimator: Finishing drawing window Window{dce0c2d u0 d0 SurfaceView}: mDrawState=DRAW_PENDING
03-24 15:40:12.421 28393 28393 D GeckoBrowserApp: onLocaleReady: en_GB
03-24 15:40:12.431 28393 28393 D GeckoNetworkManager: Incoming event receivedUpdate for state OnNoListeners -> OnNoListeners
03-24 15:40:12.431 28393 28393 D GeckoNetworkManager: New network state: UP, WIFI, WIFI
03-24 15:40:12.451  3670  3698 V WindowStateAnimator: Finishing drawing window Window{dce0c2d u0 d0 SurfaceView}: mDrawState=READY_TO_SHOW
03-24 15:40:12.451  3670  4524 I PersonaManager: mKnoxInfo is empty
03-24 15:40:12.451 28393 28442 D libGLESv1: DTS_GLAPI : DTS is not allowed for Package : org.mozilla.firefox
03-24 15:40:12.491  3670  4421 V WindowStateAnimator: Finishing drawing window Window{611b4b9 u0 d0 org.mozilla.firefox/org.mozilla.gecko.BrowserApp}: mDrawState=DRAW_PENDING
03-24 15:40:12.491 28393 28393 D ViewRootImpl: MSG_RESIZED_REPORT: ci=Rect(0, 96 - 0, 0) vi=Rect(0, 96 - 0, 0) or=1
03-24 15:40:12.491  3025  3025 D libEGL  : eglInitialize EGLDisplay = 0x7ff3f31d28
03-24 15:40:12.491 28393 28474 W System.err: remove failed: ENOENT (No such file or directory) : /data/user/0/org.mozilla.firefox/files/mozilla/a3fo0qlc.default/health.db
03-24 15:40:12.491 28393 28474 W System.err: remove failed: ENOENT (No such file or directory) : /data/user/0/org.mozilla.firefox/files/mozilla/a3fo0qlc.default/health.db-journal
03-24 15:40:12.491 28393 28474 W System.err: remove failed: ENOENT (No such file or directory) : /data/user/0/org.mozilla.firefox/files/mozilla/a3fo0qlc.default/health.db-shm
03-24 15:40:12.491 28393 28474 W System.err: remove failed: ENOENT (No such file or directory) : /data/user/0/org.mozilla.firefox/files/mozilla/a3fo0qlc.default/health.db-wal
03-24 15:40:12.491  3670  4143 I PersonaManager: mKnoxInfo is empty
03-24 15:40:12.491  3670  3698 D InputMethodManagerService: windowGainedFocus mCurrentFocusedUserId - 0 and mSecureKeypadEnabled-false
03-24 15:40:12.491  3670  3884 I ActivityManager: Displayed org.mozilla.firefox/org.mozilla.gecko.BrowserApp: +510ms (total +625ms)
03-24 15:40:12.491  3670  3884 D ViewRootImpl: #3 mView = null
03-24 15:40:12.491  3670  3698 W InputMethodManagerService: Got RemoteException sending setActive(false) notification to pid 27699 uid 10098
03-24 15:40:12.501  7402  7402 D SamsungIME: IMPL finishInput
03-24 15:40:12.501  7402  7402 D SamsungIME: SwiftKeyWrapper writeDBdataToFileOnFinishInput
03-24 15:40:12.501  7402  7402 D SamsungIME: saveAndClear +
03-24 15:40:12.501  7402  7402 D SamsungIME: saveAndClear -
03-24 15:40:12.501  7402  7402 D SamsungIME: onStartInput: No inputType, No imeOption, isInputViewShown = false, isExtractViewShown = false, isShowInputRequested = false, isConfigChanged = false
03-24 15:40:12.501 28393 28393 D TelemetryUtils: StartUISession: activitystream.1:newtab
03-24 15:40:12.531 28393 28393 D AbsListView: Get MotionRecognitionManager
03-24 15:40:12.541 28393 28393 D TextView: setTypeface with style : 0
03-24 15:40:12.541  3670  3884 D CustomFrequencyManagerService: releaseDVFSLockLocked : Getting Lock type frm List : DVFS_MIN_LIMIT  frequency : 1800000  uid : 1000  pid : 3670  tag : ACTIVITY_RESUME_BOOSTER@3
03-24 15:40:12.541  3670  3884 D ActivityManager: mDVFSHelper.release()
03-24 15:40:12.541  3670  3884 I Timeline: Timeline: Activity_windows_visible id: ActivityRecord{98e04b4 u0 org.mozilla.firefox/org.mozilla.gecko.BrowserApp t208} time:73223475
03-24 15:40:12.541  3670  3796 D CustomFrequencyManagerService: acquireDVFSLockLocked : type : DVFS_MIN_LIMIT  frequency : 1800000  uid : 1000  pid : 3670  pkgName : ACTIVITY_RESUME_BOOSTER@9
03-24 15:40:12.541 28393 28393 D TextView: setTypeface with style : 0
03-24 15:40:12.541 28393 28393 D TextView: setTypeface with style : 0
03-24 15:40:12.541 28393 28393 D TextView: setTypeface with style : 0
03-24 15:40:12.551 28393 28393 D TelemetryUtils: StartUISession: homepanel.1:activity_stream
03-24 15:40:12.551 28393 28393 D GeckoToolbar: onTabChanged: FAVICON
03-24 15:40:12.551 28393 28393 D GeckoBrowserApp: BrowserApp.onTabChanged: 0: FAVICON
03-24 15:40:12.551 28393 28393 D GeckoNetworkManager: Incoming event enableNotifications for state OnNoListeners -> OnWithListeners
03-24 15:40:12.551 28393 28393 D GeckoNetworkManager: New network state: UP, WIFI, WIFI
03-24 15:40:12.591  3670  4421 V WindowStateAnimator: Finishing drawing window Window{611b4b9 u0 d0 org.mozilla.firefox/org.mozilla.gecko.BrowserApp}: mDrawState=HAS_DRAWN
03-24 15:40:12.601  7402  7402 D SamsungIME: IMPL finishInput
03-24 15:40:12.601  7402  7402 D SamsungIME: SwiftKeyWrapper writeDBdataToFileOnFinishInput
03-24 15:40:12.601  7402  7402 D SamsungIME: saveAndClear +
03-24 15:40:12.601  7402  7402 D SamsungIME: saveAndClear -
03-24 15:40:12.601  7402  7402 D SamsungIME: onStartInput: No inputType, No imeOption, isInputViewShown = false, isExtractViewShown = false, isShowInputRequested = false, isConfigChanged = false
03-24 15:40:12.601 28393 28393 W InputMethodManager: Ignoring onBind: cur seq=546, given seq=545
03-24 15:40:12.601 28393 28393 D GeckoNetworkManager: Incoming event receivedUpdate for state OnWithListeners -> OnWithListeners
03-24 15:40:12.601 28393 28483 I System.out: (HTTPLog)-Static: isSBSettingEnabled false
03-24 15:40:12.601 28393 28483 I System.out: (HTTPLog)-Static: isSBSettingEnabled false
03-24 15:40:12.601 28393 28480 D GeckoSuggestedSites: Number of suggested sites: 8
03-24 15:40:12.601 28393 28393 D GeckoNetworkManager: New network state: UP, WIFI, WIFI
03-24 15:40:12.601  3037  3741 D EnterpriseController: netId is 0
03-24 15:40:12.601  3037  3741 D Netd    : getNetworkForDns: using netid 510 for uid 10117
03-24 15:40:12.601 28393 28393 I Timeline: Timeline: Activity_idle id: android.os.BinderProxy@84d7be9 time:73223537
03-24 15:40:12.601  3025  3025 D libEGL  : eglInitialize EGLDisplay = 0x7ff3f31d28
03-24 15:40:12.611  3670  4421 I PersonaManager: mKnoxInfo is empty
03-24 15:40:12.621  3670  4019 D NetworkPolicy: isUidForegroundLocked: 10185, mScreenOn: true, uidstate: 13, mProxSensorScreenOff: false
03-24 15:40:12.641  3670  4946 I PersonaManager: mKnoxInfo is empty
03-24 15:40:12.641  3025  3025 D libEGL  : eglInitialize EGLDisplay = 0x7ff3f31d28
03-24 15:40:12.641  3670  6805 D SSRM:n  : SIOP:: AP = 430, PST = 428 (W:18), CP = 320, CUR = 3, LCD = 93
03-24 15:40:12.651  3670  6805 D ConnectivityService: returning getNetworkInfo for network type 1 : [type: WIFI[] - WIFI, state: CONNECTED/CONNECTED, reason: (unspecified), extra: "DataStructures", roaming: false, failover: false, isAvailable: true]
03-24 15:40:12.651 28393 28463 W Settings: Setting airplane_mode_on has moved from android.provider.Settings.System to android.provider.Settings.Global, returning read-only value.
03-24 15:40:12.661  3037  3741 D EnterpriseController: netId is 0
03-24 15:40:12.661  3037  3741 D Netd    : getNetworkForDns: using netid 510 for uid 10117
03-24 15:40:12.661 28393 28463 W ResourcesManager: getTopLevelResources: /data/app/org.mozilla.firefox-1/base.apk / 1.0 running in org.mozilla.firefox rsrc of package org.mozilla.firefox
03-24 15:40:12.671  7402  7402 D SamsungIME: IMPL finishInput
03-24 15:40:12.671  3670  4407 I PersonaManager: mKnoxInfo is empty
03-24 15:40:12.671  7402  7402 D SamsungIME: SwiftKeyWrapper writeDBdataToFileOnFinishInput
03-24 15:40:12.671  7402  7402 D SamsungIME: saveAndClear +
03-24 15:40:12.671  7402  7402 D SamsungIME: saveAndClear -
03-24 15:40:12.671  7402  7402 D SamsungIME: onStartInput: No inputType, No imeOption, isInputViewShown = false, isExtractViewShown = false, isShowInputRequested = false, isConfigChanged = false
03-24 15:40:12.671 28393 28463 W ResourcesManager: getTopLevelResources: /data/app/org.mozilla.firefox-1/base.apk / 1.0 running in org.mozilla.firefox rsrc of package org.mozilla.firefox
03-24 15:40:12.681 28393 28463 W ResourcesManager: getTopLevelResources: /data/app/org.mozilla.firefox-1/base.apk / 1.0 running in org.mozilla.firefox rsrc of package org.mozilla.firefox
03-24 15:40:12.691 28393 28463 W ResourcesManager: getTopLevelResources: /data/app/org.mozilla.firefox-1/base.apk / 1.0 running in org.mozilla.firefox rsrc of package org.mozilla.firefox
03-24 15:40:12.691  3025  3212 I SurfaceFlinger: id=835 Removed girefox (8/10)
03-24 15:40:12.691  3025  3210 I SurfaceFlinger: id=835 Removed girefox (-2/10)
03-24 15:40:12.701 28393 28463 W ResourcesManager: getTopLevelResources: /data/app/org.mozilla.firefox-1/base.apk / 1.0 running in org.mozilla.firefox rsrc of package org.mozilla.firefox
03-24 15:40:12.711  3025  3025 D libEGL  : eglTerminate EGLDisplay = 0x7ff3f31e58
03-24 15:40:12.841 28393 28420 D GeckoThread: State changed to PROFILE_READY
03-24 15:40:12.841  3670  3670 D CustomFrequencyManagerService: releaseDVFSLockLocked : Getting Lock type frm List : DVFS_MIN_LIMIT  frequency : 1800000  uid : 1000  pid : 3670  tag : ACTIVITY_RESUME_BOOSTER@9
03-24 15:40:12.851 28393 28420 W GeckoEventDispatcher: No listener for AndroidCastDevice:SyncDevice
03-24 15:40:12.851 28393 28420 I Gecko   : -*- nsDNSServiceDiscovery.js : nsDNSServiceDiscovery
03-24 15:40:12.891 28393 28420 I Gecko   : Attempting load of libEGL.so
03-24 15:40:12.891 28393 28420 D libEGL  : eglInitialize EGLDisplay = 0xde8fd5f4
03-24 15:40:12.891 28393 28420 D         : ro.exynos.dss isEnabled: 0
03-24 15:40:12.971 28393 28420 W ResourceType: Too many attribute references, stopped at: 0x01010099
03-24 15:40:12.991 28393 28420 D SecWifiDisplayUtil: Metadata value : SecSettings2
03-24 15:40:13.001  3670  4018 D NtpTrustedTime: currentTimeMillis() cache hit
03-24 15:40:13.001  3670  4018 V NetworkStats: performPollLocked(flags=0x1)
03-24 15:40:13.011  6803  6803 D Recents : onTaskStackChanged
03-24 15:40:13.011  3670  4018 D NetworkStatsRecorder: entry.iface is null
03-24 15:40:13.011  3670  4018 D NetworkStatsRecorder: entry.iface is null
03-24 15:40:13.011  3670  4018 D NetworkStatsRecorder: entry.iface is null
03-24 15:40:13.011  3670  4018 D NetworkStatsRecorder: entry.iface is null
03-24 15:40:13.011  3670  4018 V NetworkStats: performPollLocked() took 5ms
03-24 15:40:13.011  3670  4018 D NtpTrustedTime: currentTimeMillis() cache hit
03-24 15:40:13.011  3670  4019 D NtpTrustedTime: currentTimeMillis() cache hit
03-24 15:40:13.011 28393 28517 D         : ro.exynos.dss isEnabled: 0
03-24 15:40:13.021  3670  4454 I PersonaManager: mKnoxInfo is empty
03-24 15:40:13.021  3670  3698 I PersonaManager: mKnoxInfo is empty
03-24 15:40:13.021 28393 28517 D libGLESv2: DTS_GLAPI : DTS is not allowed for Package : org.mozilla.firefox
03-24 15:40:13.031  3670  4016 D PackageManager: getComponentMetadataForIconTray : com.example.myapplication.MainActivity does not exist in mServices
03-24 15:40:13.031  3670  4016 D PackageManager: getComponentMetadataForIconTray : com.example.myapplication.MainActivity does not exist in mProviders
03-24 15:40:13.031  3670  4016 D PackageManager: getComponentMetadataForIconTray : com.example.myapplication.MainActivity does not exist in mReceivers
03-24 15:40:13.031  6803  6803 I ApplicationPackageManager: load=com.example.myapplication, bg=192-192, dr=192-192
03-24 15:40:13.031  6803  6803 I ApplicationPackageManager: scaled rate=1.0429629, size=192, alpha=15, hold=26, target=192
03-24 15:40:13.031  3670  4019 D NtpTrustedTime: currentTimeMillis() cache hit
03-24 15:40:13.061 28393 28517 D mali_winsys: new_window_surface returns 0x3000,  [1440x2464]-format:2
03-24 15:40:13.101 28393 28414 E GeckoSearchEngineManager: Could not find search plugin files in profile directory
03-24 15:40:13.101 28393 28414 E GeckoSearchEngineManager: Could not create search engine from name: Google
03-24 15:40:13.101 28393 28414 D GeckoSessInfo: Recording start of session: 1553424012269
03-24 15:40:13.101 28393 28393 D GeckoToolbar: onTabChanged: MENU_UPDATED
03-24 15:40:13.101 28393 28393 D GeckoBrowserApp: BrowserApp.onTabChanged: 0: MENU_UPDATED
03-24 15:40:13.101  3670  4421 I PersonaManager: mKnoxInfo is empty
03-24 15:40:13.111  3670  4421 D PackageManager: findPreferredActivity: We found 1 PreferredActivities set, but no match
03-24 15:40:13.111  3670  4421 I PackageManager: No preferred activity: intent should not be shown
03-24 15:40:13.141  3670  4407 I PersonaManager: mKnoxInfo is empty
03-24 15:40:13.151 28393 28534 D GeckoTelemetryUploadSer: Service started
03-24 15:40:13.171  3037  3741 D EnterpriseController: netId is 0
03-24 15:40:13.171  3037  3741 D Netd    : getNetworkForDns: using netid 510 for uid 10117
03-24 15:40:13.221 28393 28420 D GeckoThread: State changed to RUNNING
03-24 15:40:13.221 28393 28420 I GeckoSession: zerdatime 174241598 - chrome startup finished
03-24 15:40:13.261 28393 28420 W GeckoLinker: /data/app/org.mozilla.firefox-1/lib/arm/libsoftokn3.so: Relocation to NULL @0x00023610 for symbol "__cxa_type_match"
03-24 15:40:13.261 28393 28420 W GeckoLinker: /data/app/org.mozilla.firefox-1/lib/arm/libfreebl3.so: Relocation to NULL @0x00040210 for symbol "__cxa_type_match"
03-24 15:40:13.311 28393 28544 W GeckoLinker: /data/app/org.mozilla.firefox-1/lib/arm/libnssckbi.so: Relocation to NULL @0x00056b00 for symbol "__cxa_type_match"
03-24 15:40:13.321 28393 28420 I Gecko   : console.log: "browser.js: loading Firefox Accounts WebChannel"
03-24 15:40:13.331 28393 28420 D GeckoFxAccounts: FxAccountsWebChannel registered: account_updates with origin https://accounts.firefox.com
03-24 15:40:13.331 28393 28414 I GeckoPushState: No storage found; starting fresh.
03-24 15:40:13.341 28393 28414 D GeckoPushService: Registered Gecko event listener.
03-24 15:40:13.341 28393 28414 I GeckoPushService: Starting up.
03-24 15:40:13.341 28393 28414 I GeckoPushManager: Startup: requesting GCM token.
03-24 15:40:13.341 28393 28393 D GeckoMediaControlAgent: initialize
03-24 15:40:13.341 28393 28414 I GeckoPushGCM: Cached GCM token does not exist; requesting new token with sender ID: 965234145045,242693410970
03-24 15:40:13.341  4103  4199 D vol.MediaSessions: onActiveSessionsUpdatedH n=0
03-24 15:40:13.341  4103  4199 D vol.MediaSessions: updateRemoteControllerH null
03-24 15:40:13.341 28393 28414 W InstanceID: Instance ID SDK is deprecated, org.mozilla.firefox should update to use Firebase Instance ID
03-24 15:40:13.341  4103  4199 D vol.MediaSessions: onActiveSessionsUpdatedH n=0
03-24 15:40:13.341  3670  4947 D AudioService: getStreamVolume 3 index 60
03-24 15:40:13.341  4103  4199 D vol.MediaSessions: updateRemoteControllerH null
03-24 15:40:13.341  4103  4199 D vol.MediaSessions: onActiveSessionsUpdatedH n=1
03-24 15:40:13.351  3670  4407 D ApplicationPolicy: isStatusBarNotificationAllowedAsUser: packageName = org.mozilla.firefox,userId = 0
03-24 15:40:13.351  3670  4407 I PersonaManager: mKnoxInfo is empty
03-24 15:40:13.351  3670  4421 D AudioService: getStreamVolume 3 index 60
03-24 15:40:13.351 28393 28393 W GeckoEventDispatcher: No listener for AudioFocusAgent:Ready
03-24 15:40:13.351  4103  4199 D vol.MediaSessions: onActiveSessionsUpdatedH n=1
03-24 15:40:13.351  3670  3931 D AudioService: getStreamVolume 3 index 60
03-24 15:40:13.361  4103  4103 W ResourcesManager: getTopLevelResources: /data/app/org.mozilla.firefox-1/base.apk / 1.0 running in com.android.systemui rsrc of package org.mozilla.firefox
03-24 15:40:13.361  4103  4103 W ResourcesManager: getTopLevelResources: /data/app/org.mozilla.firefox-1/base.apk / 1.0 running in com.android.systemui rsrc of package org.mozilla.firefox
03-24 15:40:13.371  4103  4103 W ResourcesManager: getTopLevelResources: /data/app/org.mozilla.firefox-1/base.apk / 1.0 running in com.android.systemui rsrc of package org.mozilla.firefox
03-24 15:40:13.381 28393 28420 I Gecko   : console.log: "Locale:OS: en-GB"
03-24 15:40:13.381 28393 28420 I Gecko   : console.log: "New OS locale."
03-24 15:40:13.381 28393 28420 I Gecko   : console.log: "Default intl.accept_languages = en-GB, en"
03-24 15:40:13.381 28393 28420 I Gecko   : console.log: "Setting intl.accept_languages to en-gb,en"
03-24 15:40:13.381  4103  4103 D KnoxNotification: ----- inflateViews : modified publicViewLocal -----
03-24 15:40:13.391  3025  3025 D libEGL  : eglInitialize EGLDisplay = 0x7ff3f31d28
03-24 15:40:13.391  4103  4103 D KnoxNotification: ----- inflateViews : modified KnoxViewLocal -----
03-24 15:40:13.391  4103  4103 W ResourcesManager: getTopLevelResources: /data/app/org.mozilla.firefox-1/base.apk / 1.0 running in com.android.systemui rsrc of package org.mozilla.firefox
03-24 15:40:13.401  4103  4103 D PhoneStatusBar: setAreThereNotifications: N=3 any=true clearable=true
03-24 15:40:13.471 28393 28420 D GeckoScreenOrientation: unlocking
03-24 15:40:13.471 28393 28393 I GeckoTabs: zerdatime 174241846 - page load start
03-24 15:40:13.471 28393 28393 D GeckoToolbar: onTabChanged: START
03-24 15:40:13.471 28393 28393 D GeckoBrowserApp: BrowserApp.onTabChanged: 0: START
03-24 15:40:13.481 28393 28420 D GeckoViewAutoFill: Clearing auto-fill
03-24 15:40:13.511  3037  3741 D EnterpriseController: netId is 0
03-24 15:40:13.511  3037  3741 D Netd    : getNetworkForDns: using netid 510 for uid 10117
03-24 15:40:13.511 28393 28420 D GeckoViewAutoFill: Clearing auto-fill
03-24 15:40:13.521 28393 28393 D GeckoToolbar: onTabChanged: LOCATION_CHANGE
03-24 15:40:13.521 28393 28393 D GeckoBrowserApp: BrowserApp.onTabChanged: 0: LOCATION_CHANGE
03-24 15:40:13.531 28393 28393 D GeckoToolbar: onTabChanged: SECURITY_CHANGE
03-24 15:40:13.531 28393 28393 D GeckoBrowserApp: BrowserApp.onTabChanged: 0: SECURITY_CHANGE
03-24 15:40:13.581 28393 28393 D GeckoToolbar: onTabChanged: TITLE
03-24 15:40:13.591 28393 28393 D GeckoBrowserApp: BrowserApp.onTabChanged: 0: TITLE
03-24 15:40:13.591  3025  3025 D libEGL  : eglInitialize EGLDisplay = 0x7ff3f31d28
03-24 15:40:13.601 28393 28393 D GeckoToolbar: onTabChanged: LOADED
03-24 15:40:13.601 28393 28393 D GeckoBrowserApp: BrowserApp.onTabChanged: 0: LOADED
03-24 15:40:13.601 28393 28393 D GeckoToolbar: onTabChanged: PAGE_SHOW
03-24 15:40:13.601 28393 28393 D GeckoBrowserApp: BrowserApp.onTabChanged: 0: PAGE_SHOW
03-24 15:40:13.601 28393 28393 I GeckoTabs: zerdatime 174241976 - page load stop
03-24 15:40:13.601 28393 28393 D GeckoToolbar: onTabChanged: STOP
03-24 15:40:13.601 28393 28393 D GeckoBrowserApp: BrowserApp.onTabChanged: 0: STOP
03-24 15:40:13.631 28393 28420 W GeckoEventDispatcher: No listener for Website:AppLeft
03-24 15:40:13.641 28393 28420 W GeckoEventDispatcher: No listener for FormHistory:Ready
03-24 15:40:13.681 28393 28419 W System.err: remove failed: ENOENT (No such file or directory) : /data/user/0/org.mozilla.firefox/shared_prefs/PocketStories.xml.bak
03-24 15:40:13.701 28393 28393 W Settings: Setting airplane_mode_on has moved from android.provider.Settings.System to android.provider.Settings.Global, returning read-only value.
03-24 15:40:13.711 28393 28420 W GeckoEventDispatcher: No listener for GeckoView:AccessibilityReady
03-24 15:40:13.731 28393 28560 I System.out: (HTTPLog)-Static: isSBSettingEnabled false
03-24 15:40:13.731 28393 28560 I System.out: (HTTPLog)-Static: isSBSettingEnabled false
03-24 15:40:13.731 28393 28562 I System.out: (HTTPLog)-Static: isSBSettingEnabled false
03-24 15:40:13.731 28393 28562 I System.out: (HTTPLog)-Static: isSBSettingEnabled false
03-24 15:40:13.731 28393 28561 I System.out: (HTTPLog)-Static: isSBSettingEnabled false
03-24 15:40:13.731 28393 28561 I System.out: (HTTPLog)-Static: isSBSettingEnabled false
03-24 15:40:13.731 28393 28393 D AbsListView: Get MotionRecognitionManager
03-24 15:40:13.741 28393 28560 W System.err: remove failed: ENOENT (No such file or directory) : /data/user/0/org.mozilla.firefox/cache/picasso-cache/journal
03-24 15:40:13.741 28393 28560 W System.err: remove failed: ENOENT (No such file or directory) : /data/user/0/org.mozilla.firefox/cache/picasso-cache/journal.bkp
03-24 15:40:13.741  3037  3741 D EnterpriseController: netId is 0
03-24 15:40:13.741  3037  3741 D Netd    : getNetworkForDns: using netid 510 for uid 10117
03-24 15:40:13.741  3037  3741 D EnterpriseController: netId is 0
03-24 15:40:13.741  3037  3741 D Netd    : getNetworkForDns: using netid 510 for uid 10117
03-24 15:40:13.741  3037  3741 D EnterpriseController: netId is 0
03-24 15:40:13.741  3037  3741 D Netd    : getNetworkForDns: using netid 510 for uid 10117
03-24 15:40:13.761 28393 28393 I GeckoBrowserApp: Found tag 
03-24 15:40:13.771  3670  4421 I PersonaManager: mKnoxInfo is empty
03-24 15:40:13.781  3670  4552 D WifiDisplayAdapter: getWifiDisplayStatusLocked: result=WifiDisplayStatus{featureState=2, scanState=0, activeDisplayState=0, activeDisplay=null, displays=[], sessionInfo=WifiDisplaySessionInfo: Client/Owner: Client GroupId:  Passphrase:  SessionId: 0 IP Address: , connectedState=-1, networkQoS=0}
03-24 15:40:13.781  3670  4407 D WifiDisplayAdapter: getWifiDisplayStatusLocked: result=WifiDisplayStatus{featureState=2, scanState=0, activeDisplayState=0, activeDisplay=null, displays=[], sessionInfo=WifiDisplaySessionInfo: Client/Owner: Client GroupId:  Passphrase:  SessionId: 0 IP Address: , connectedState=-1, networkQoS=0}
03-24 15:40:13.781  3670  4016 D AudioService: getStreamVolume 3 index 60
03-24 15:40:13.791 28393 28393 I MediaRouter: Found default route: MediaRouter.RouteInfo{ uniqueId=android/.support.v7.media.SystemMediaRouteProvider:DEFAULT_ROUTE, name=Phone, description=null, iconUri=null, enabled=true, connecting=false, connectionState=0, canDisconnect=false, playbackType=0, playbackStream=3, deviceType=0, volumeHandling=1, volume=6, volumeMax=15, presentationDisplayId=-1, extras=null, settingsIntent=null, providerPackageName=android }
03-24 15:40:13.791 28393 28393 I MediaRouter: Unselecting the current route because it is no longer selectable: null
03-24 15:40:13.791 28393 28393 D PassiveStumbler: Stopping StumblerService | isDebug:false
03-24 15:40:13.791  3670  4952 I PersonaManager: mKnoxInfo is empty
03-24 15:40:13.791 28393 28570 D GeckoDLCCatalog: Loading from disk
03-24 15:40:13.791 28393 28570 D GeckoDLCCatalog: Catalog file does not exist: Starting with empty catalog.
03-24 15:40:13.791 28393 28570 D GeckoDLCCatalog: Loaded 0 elements
03-24 15:40:13.791 28393 28570 D DLCSyncAction: Synchronizing catalog.
03-24 15:40:13.791 28393 28570 D DLCSyncAction: Sync is not enabled for client. Skipping.
03-24 15:40:13.791 28393 28570 V GeckoDLCCatalog: Not persisting: Catalog has not changed
03-24 15:40:13.791 28393 28570 D DLCVerifyAction: Verifying catalog..
03-24 15:40:13.791 28393 28570 V DLCVerifyAction: Done
03-24 15:40:13.791 28393 28570 V GeckoDLCCatalog: Not persisting: Catalog has not changed
03-24 15:40:13.791  3670  3697 D WifiDisplayAdapter: getWifiDisplayStatusLocked: result=WifiDisplayStatus{featureState=2, scanState=0, activeDisplayState=0, activeDisplay=null, displays=[], sessionInfo=WifiDisplaySessionInfo: Client/Owner: Client GroupId:  Passphrase:  SessionId: 0 IP Address: , connectedState=-1, networkQoS=0}
03-24 15:40:13.801  3670  4016 I PersonaManager: mKnoxInfo is empty
03-24 15:40:13.801 23981 24060 I CastDatabase: Opening the database
03-24 15:40:13.811  3670  3697 D WifiService: startScan by pid=23981, uid=10015
03-24 15:40:13.811 23981 24060 I SQLiteCastStore: 0 CastNetworkInfo instances loaded, 0 CastDeviceInfo instances loaded, 0 paired guest mode devices loaded.
03-24 15:40:13.811 23981 23981 I DiscoveryManager: WifiGuestModeDeviceScanner enabled.
03-24 15:40:13.811  3670  4021 I WifiScanController: location is disabled
03-24 15:40:13.811  3670  4021 D WifiStateMachine: CMD_START_SCAN : scanLog.mLast - 1553424013820, scanLog.mStartTimeForBigdata - 1553249835846
03-24 15:40:13.811  3670  4021 D WifiStateMachine: CMD_START_SCAN : scanLog.mCountForBigdata - 38
03-24 15:40:13.811 23981 23981 W CastMediaRouteProvider: Not a Cast compatible category: android.media.intent.category.LIVE_VIDEO
03-24 15:40:13.811 23981 24060 I DiscoveryManager: Filter criteria(4574A331,08FF1091,CC1AD845) scannerFlags(2)
03-24 15:40:13.821 31048 31048 I wpa_supplicant: wlan0: Setting scan request: 0 sec 0 usec
03-24 15:40:13.821 23981 24060 I CastDatabase: CastDeviceInfo created: V_2a70eb79-824d-4c5f-b759-f02463f07ea0
03-24 15:40:13.821 31048 31048 I wpa_supplicant: P2P: Current p2p state = IDLE
03-24 15:40:13.821 31048 31048 I wpa_supplicant: Scan requested (ret=0) - scan timeout 30 seconds
03-24 15:40:13.821  3670  4552 D WifiService: startScan by pid=23981, uid=10015
03-24 15:40:13.821  3670  4452 I PersonaManager: mKnoxInfo is empty
03-24 15:40:13.831  3670  4021 I WifiScanController: location is disabled
03-24 15:40:13.831  3670  4021 D WifiStateMachine: CMD_START_SCAN : scanLog.mLast - 1553424013836, scanLog.mStartTimeForBigdata - 1553249835846
03-24 15:40:13.831  3670  4021 D WifiStateMachine: CMD_START_SCAN : scanLog.mCountForBigdata - 39
03-24 15:40:13.831 31048 31048 I wpa_supplicant: already scanning
03-24 15:40:13.831 23981 24060 E DeviceScanner: [BLE] Failed to start scan because the Bluetooth is disabled.
03-24 15:40:13.831 23981 25168 I qtaguid : Tagging socket 76 with tag 3000090000000000{805308672,0} uid -1, pid: 23981, getuid(): 10015
03-24 15:40:13.841 23981 25168 I qtaguid : Tagging socket 77 with tag 3000090000000000{805308672,0} uid -1, pid: 23981, getuid(): 10015
03-24 15:40:13.841 23981 25168 I qtaguid : Untagging socket 77
03-24 15:40:13.841 23981 25168 I qtaguid : Tagging socket 77 with tag 3000090000000000{805308672,0} uid -1, pid: 23981, getuid(): 10015
03-24 15:40:13.841 23981 25168 I qtaguid : Untagging socket 77
03-24 15:40:13.841 23981 25168 I qtaguid : Tagging socket 77 with tag 3000090000000000{805308672,0} uid -1, pid: 23981, getuid(): 10015
03-24 15:40:13.841 23981 25168 I qtaguid : Untagging socket 77
03-24 15:40:13.841 23981 25168 I qtaguid : Tagging socket 77 with tag 3000090000000000{805308672,0} uid -1, pid: 23981, getuid(): 10015
03-24 15:40:13.841 23981 25168 I qtaguid : Untagging socket 77
03-24 15:40:13.841 23981 25168 I qtaguid : Tagging socket 77 with tag 3000090000000000{805308672,0} uid -1, pid: 23981, getuid(): 10015
03-24 15:40:13.841 23981 25168 I qtaguid : Untagging socket 77
03-24 15:40:13.841 23981 25168 I qtaguid : Tagging socket 77 with tag 3000090000000000{805308672,0} uid -1, pid: 23981, getuid(): 10015
03-24 15:40:13.841 23981 25168 I qtaguid : Untagging socket 77
03-24 15:40:13.841 23981 25168 I qtaguid : Tagging socket 77 with tag 3000090000000000{805308672,0} uid -1, pid: 23981, getuid(): 10015
03-24 15:40:13.841 23981 25168 I qtaguid : Untagging socket 77
03-24 15:40:13.841 23981 25168 I qtaguid : Tagging socket 77 with tag 3000090000000000{805308672,0} uid -1, pid: 23981, getuid(): 10015
03-24 15:40:13.841 23981 25168 I qtaguid : Untagging socket 77
03-24 15:40:13.841 23981 25168 I qtaguid : Tagging socket 77 with tag 3000090000000000{805308672,0} uid -1, pid: 23981, getuid(): 10015
03-24 15:40:13.841 23981 25168 I qtaguid : Untagging socket 77
03-24 15:40:13.841 23981 25168 I qtaguid : Tagging socket 77 with tag 3000090000000000{805308672,0} uid -1, pid: 23981, getuid(): 10015
03-24 15:40:13.841 23981 25168 I qtaguid : Untagging socket 77
03-24 15:40:13.841 23981 25168 I qtaguid : Tagging socket 77 with tag 3000090000000000{805308672,0} uid -1, pid: 23981, getuid(): 10015
03-24 15:40:13.841 23981 25168 I qtaguid : Untagging socket 77
03-24 15:40:13.841 23981 25168 I qtaguid : Tagging socket 77 with tag 3000090000000000{805308672,0} uid -1, pid: 23981, getuid(): 10015
03-24 15:40:13.841 23981 25168 I qtaguid : Untagging socket 77
03-24 15:40:13.841 23981 25168 I qtaguid : Tagging socket 77 with tag 3000090000000000{805308672,0} uid -1, pid: 23981, getuid(): 10015
03-24 15:40:13.841 23981 25168 I qtaguid : Untagging socket 77
03-24 15:40:13.841 23981 24060 E DeviceScanner: [BLE] Failed to start scan because the Bluetooth is disabled.
03-24 15:40:13.851  3670  4407 E BatteryStatsImpl: Wifi multicast lock enabled by UID  = 10015
03-24 15:40:13.851 28393 28437 D SwitchBoard: Result: {"data":[{"name":"leanplum-start","match":{"lang":"eng|zho|deu|fra|ita|ind|por|spa|pol|rus","appId":"^org.mozilla.firefox_beta$|^org.mozilla.firefox$","regions":[]},"schema":1523549592861,"buckets":{"max":"100","min":"0"},"description":"Enable Leanplum SDK - Bug 1351571 \nExpand English Users to more region - Bug 1411066\nEnable  50% eng|zho|deu globally for Leanplum. see https://bugzilla.mozilla.org/show_bug.cgi?id=1411066#c8","id":"12f8f0dc-6401-402e-9e7d-3aec52576b87","last_modified":1523549895713},{"name":"custom-tabs","match":{"regions":[]},"schema":1510207707840,"buckets":{"max":"100","min":"0"},"description":"Allows apps to open tabs in a customized UI.","id":"5e23b482-8800-47be-b6dc-1a3bb6e455d4","last_modified":1510211043874},{"name":"activity-stream-opt-out","match":{"appId":"^org.mozilla.fennec.*$","regions":[]},"schema":1498764179980,"buckets":{"max":"100","min":"0"},"description":"Enable Activity stream by default for users in the \"opt out\" group.","id":"7d504093-67c4-4afb-adf5-5ad23c7c1995","last_modified":1500969355986},{"name":"full-bookmark-management","match":{"appId":"^org.mozilla.fennec.*$"},"schema":1480618438089,"buckets":{"max":"100","min":"0"},"description":"Bug 1232439 - Show full-page edit bookmark dialog","id":"9ae1019b-9107-47c5-83f3-afa73360b020","last_modified":1498690258010},{"name":"top-addons-menu","match":{},"schema":1480618438089,"buckets":{"max":"100","min":"0"},"description":"Show addon menu item in top-level.","id":"46894232-177a-4cd1-b620-47c0b8e5e2aa","last_modified":1498599522440},{"name":"offline-cache","match":{"appId":"^org.mozilla.fennec|org.mozilla.firefox_beta"},"schema":1480618438089,"buckets":{"max":"100","min":"0"},"id":"5e4277e0-1029-ea14-1b74-5d25d301c5dc","last_modified":1497643056372},{"name":"process-background-telemetry","match":{},"schema":1480618438089,"buckets":{"max":"100","min":"0"},"description":"Gate flag for controlling if background telemetry processing (sync ping) is enabled or not.","id":"e6f9d217-3f43-478f-bff3-7829d7b9eeeb","last_modified":1496971360625},{"name":"activity-stream-setting","match":{"appId":"^org.mozilla.fennec.*$"},"schema":1480618438089,"buckets":{"max":"100","min":"0"},"description":"Show a setting in \"experimental features\" for enabling/disabling activity stream.","id":"7a022463-67fd-4ba3-8b06-a79d0c5e1fdc","last_modified":1496331790186},{"name":"activity-stream","match":{"appId":"^org.mozilla.fennec.*$"},"schema":1480618438089,"buckets":{"max":"100","min":"0"},"description":"Enable/Disable Activity Stream","id":"d4fd9cfb-4c8b-4963-b21e-1c2f4bcd61d6","last_modified":1496331773809},{"name":"download-content-catalog-sync","match":{"appId":""},"schema":1480618438089,"buckets":{"max":"100","min":"0"},"id":"4d2fa5c3-18b2-8734-49be-fe58993d2cf6","last_modified":1485853244635},{"name":"promote-add-to-homescreen","match":{"appId":"^org.mozilla.fennec.*$|^org.mozilla.firefox_beta$"},"schema":1480618438089,"values":{"minimumTotalVisits":5,"lastVisitMaximumAgeMs":600000,"lastVisitMinimumAgeMs":30000},"buckets":{"max":"100","min":"50"},"id":"1d05fa3e-095f-b29a-d9b6-ab3a578efd0b","last_modified":1482264639326},{"name":"triple-readerview-bookmark-prompt","match":{"appId":"^org.mozilla.fennec.*$|^org.mozilla.firefox_beta$"},"schema":1480618438089,"buckets":{"max":"100","min":"0"},"id":"02d7caa1-cd9e-6949-084c-18bc9d468b6b","last_modified":1482262302021},{"name":"compact-tabs","match":{},"schema":1480618438089,"buckets":{"max":"50","min":"0"},"description":"Arrange tabs in two columns in portrait mode (tabs tray)","id":"14fdc9f3-cf11-4bee-84f6-98495d08c61f","last_modified":1482242613284},{"name":"hls-video-playback","match":{},"schema":1467794476773,"buckets":{"max":"100","min":"0"},"id":"d9f9f124-a4d6-47db-a9f4-cf0d00915088","last_modified":1477907551487},{"name":"bookmark-history-menu","match":{},"buckets":{"max":"100","min":"0"},"id":"9a53ebfa-772d-d2d8-8307-f98943310360","last_modified":1467794477013},{"name":"content-notifications-12hrs","match":{},"buckets":{"max":"0","min":"0"},"id":"3e4cef10-3a87-3
03-24 15:40:13.861  3670  3698 I PersonaManager: mKnoxInfo is empty
03-24 15:40:13.861  3670  3698 D PackageManager: findPreferredActivity: We found 1 PreferredActivities set, but no match
03-24 15:40:13.861  3670  3698 I PackageManager: No preferred activity: intent should not be shown
03-24 15:40:13.861 28393 28419 W System.err: remove failed: ENOENT (No such file or directory) : /data/user/0/org.mozilla.firefox/shared_prefs/com.keepsafe.switchboard.settings.xml.bak
03-24 15:40:13.871 28393 28419 W System.err: remove failed: ENOENT (No such file or directory) : /data/user/0/org.mozilla.firefox/shared_prefs/com.keepsafe.switchboard.uuid.xml.bak
03-24 15:40:13.871 28393 28419 W System.err: remove failed: ENOENT (No such file or directory) : /data/user/0/org.mozilla.firefox/shared_prefs/org.mozilla.gecko.BrowserApp.xml.bak
03-24 15:40:13.891  3670  4454 I PersonaManager: mKnoxInfo is empty
03-24 15:40:13.891  3670  4454 D PackageManager: findPreferredActivity: We found 1 PreferredActivities set, but no match
03-24 15:40:13.891  3670  4454 I PackageManager: No preferred activity: intent should not be shown
03-24 15:40:13.931 28393 28581 I [INFO][Leanplum]: [com.leanplum.LeanplumGcmProvider::isManifestSetup::152]: Google Cloud Messaging is setup correctly.
03-24 15:40:13.931  3670  4143 I PersonaManager: mKnoxInfo is empty
03-24 15:40:13.931 28393 28419 W System.err: remove failed: ENOENT (No such file or directory) : /data/user/0/org.mozilla.firefox/shared_prefs/__leanplum_push__.xml.bak
03-24 15:40:13.931 28393 28414 W System.err: remove failed: ENOENT (No such file or directory) : /data/user/0/org.mozilla.firefox/shared_prefs/com.google.android.gms.appid.xml.bak
03-24 15:40:13.941  3670  4016 I PersonaManager: mKnoxInfo is empty
03-24 15:40:13.941 28393 28419 W System.err: remove failed: ENOENT (No such file or directory) : /data/user/0/org.mozilla.firefox/shared_prefs/__leanplum__.xml.bak
03-24 15:40:13.941 28393 28581 I System.out: (HTTPLog)-Static: isSBSettingEnabled false
03-24 15:40:13.941 28393 28581 I System.out: (HTTPLog)-Static: isSBSettingEnabled false
03-24 15:40:13.941  3037  3741 D EnterpriseController: netId is 0
03-24 15:40:13.941  3037  3741 D Netd    : getNetworkForDns: using netid 510 for uid 10117
03-24 15:40:13.951  3670  4946 I PersonaManager: mKnoxInfo is empty
03-24 15:40:13.961  3670  4454 I PersonaManager: mKnoxInfo is empty
03-24 15:40:13.971  7275  7706 I System.out: (HTTPLog)-Static: isSBSettingEnabled false
03-24 15:40:13.971  7275  7706 I System.out: (HTTPLog)-Static: isSBSettingEnabled false
03-24 15:40:13.971  7275  7540 I System.out: (HTTPLog)-Static: isSBSettingEnabled false
03-24 15:40:13.971  7275  7540 I System.out: (HTTPLog)-Static: isSBSettingEnabled false
03-24 15:40:13.971  7275  7706 I qtaguid : Tagging socket 94 with tag 3000040700000000{805307399,0} uid -1, pid: 7275, getuid(): 10015
03-24 15:40:13.971  7275  7540 I qtaguid : Tagging socket 103 with tag 3000040700000000{805307399,0} uid -1, pid: 7275, getuid(): 10015
03-24 15:40:14.141  3037  3741 D EnterpriseController: netId is 0
03-24 15:40:14.141  3037  3741 D Netd    : getNetworkForDns: using netid 510 for uid 10117
03-24 15:40:14.391  7275  7706 I qtaguid : Untagging socket 94
03-24 15:40:14.401 28393 28592 I [INFO][Leanplum]: [com.leanplum.LeanplumCloudMessagingProvider::onRegistrationIdReceived::96]: Device registered for push notifications with registration token, APA91bGDEBIAJ94uToivVrh2As7kCtGZvWWv_F-6KOrj4ra5Z8c2Xj50pqtGRKTwiCyTAlKDTm3glqzIC7Gw_MuqHlxQLP8DJwv5YFwO__X81h7UuuOnQevZV4PXAyFjyql0cuyHPU_4
03-24 15:40:14.491  7275  7540 I qtaguid : Untagging socket 103
03-24 15:40:14.501 28393 28414 I GeckoPushGCM: Got fresh GCM token; caching.
03-24 15:40:14.501 28393 28414 I GeckoPushManager: Startup: advancing all registrations.
03-24 15:40:14.501 28393 28414 W System.err: remove failed: ENOENT (No such file or directory) : /data/user/0/org.mozilla.firefox/GeckoPushState.json.bak
03-24 15:40:14.511 28393 28414 I GeckoPushService: Handling event: PushServiceAndroidGCM:Configure
03-24 15:40:14.511 28393 28414 I GeckoPushManager: Updating configuration.
03-24 15:40:14.511 28393 28414 I GeckoPushManager: Push configuration set!
03-24 15:40:14.521 28393 28414 I GeckoPushService: Handling event: PushServiceAndroidGCM:Initialized
03-24 15:40:14.521 28393 28393 D GeckoToolbar: onTabChanged: THUMBNAIL
03-24 15:40:14.521 28393 28393 D GeckoBrowserApp: BrowserApp.onTabChanged: 0: THUMBNAIL
03-24 15:40:14.621 31048 31048 I wpa_supplicant: nl80211: Received scan results (5 BSSes)
03-24 15:40:14.621  3037  3738 D Netd    : Iface wlan0 link up
03-24 15:40:14.621  3670  3804 D Tethering: interfaceLinkStateChanged wlan0, true
03-24 15:40:14.621  3670  3804 D Tethering: interfaceStatusChanged wlan0, true
03-24 15:40:14.631  3670  4020 D WifiP2pService: InactiveState{ what=147461 }
03-24 15:40:14.631  3670  4020 D WifiP2pService: P2pEnabledState{ what=147461 }
03-24 15:40:14.631  3670  4020 D WifiP2pService: DefaultState{ what=147461 }
03-24 15:40:14.631 28393 28534 D GeckoTelemetryUploadSer: Telemetry upload success!
03-24 15:40:14.631 28393 28534 D GeckoTelemetryUploadSer: Service finished: upload and prune attempts completed
03-24 15:40:14.651  3670  3670 I CLocInfoService: External Intent Received android.net.wifi.SCAN_RESULTS
03-24 15:40:14.671  3670  3796 V BroadcastQueue: [background] Process cur broadcast BroadcastRecord{701ac70 u-1 android.net.wifi.SCAN_RESULTS qIdx=4}, state= (APP_RECEIVE) DELIVERED for app ProcessRecord{124bbc4 4103:com.android.systemui/u0a43}
03-24 15:40:14.781  3037  3741 D EnterpriseController: netId is 0
03-24 15:40:14.781  3037  3741 D Netd    : getNetworkForDns: using netid 510 for uid 10117
03-24 15:40:14.931 28393 28561 W System.err: remove failed: ENOENT (No such file or directory) : /data/user/0/org.mozilla.firefox/cache/picasso-cache/4bcd7273a0cf812165790879b62dd6fb.0
03-24 15:40:14.931 28393 28561 W System.err: remove failed: ENOENT (No such file or directory) : /data/user/0/org.mozilla.firefox/cache/picasso-cache/4bcd7273a0cf812165790879b62dd6fb.1
03-24 15:40:14.951 28393 28560 W System.err: remove failed: ENOENT (No such file or directory) : /data/user/0/org.mozilla.firefox/cache/picasso-cache/9fa063f5f02a9fc187218fc30f055cfe.0
03-24 15:40:14.951 28393 28560 W System.err: remove failed: ENOENT (No such file or directory) : /data/user/0/org.mozilla.firefox/cache/picasso-cache/9fa063f5f02a9fc187218fc30f055cfe.1
03-24 15:40:15.011 28393 28562 W System.err: remove failed: ENOENT (No such file or directory) : /data/user/0/org.mozilla.firefox/cache/picasso-cache/ce5bc25cdc25c0e2ecb5f95e84210451.0
03-24 15:40:15.011 28393 28562 W System.err: remove failed: ENOENT (No such file or directory) : /data/user/0/org.mozilla.firefox/cache/picasso-cache/ce5bc25cdc25c0e2ecb5f95e84210451.1
03-24 15:40:15.271 28393 28420 D GeckoDistribution: Custom distribution directory not found.
03-24 15:40:15.281  3670  4068 W System.err: remove failed: ENOENT (No such file or directory) : /data/system/recent_tasks/208_task.xml.bak
03-24 15:40:15.751 28393 28458 E         : g2d stretchFimgApi_v5 function does not exist
03-24 15:40:15.751 28393 28458 E         : [JM] stretchFimgApi might be v4.
03-24 15:40:15.771  3037  3741 D EnterpriseController: netId is 0
03-24 15:40:15.771  3037  3741 D Netd    : getNetworkForDns: using netid 510 for uid 10117
03-24 15:40:16.441  3037  3741 D EnterpriseController: netId is 0
03-24 15:40:16.441  3037  3741 D Netd    : getNetworkForDns: using netid 510 for uid 10117
03-24 15:40:16.841 23981 24060 W AdaptiveDiscoveryWorker: Exiting Adaptive Discovery. Current NetworkInfo is NULL.
03-24 15:40:17.241  3670  4283 E Watchdog: !@Sync 2440 [03-24 15:40:17.250]
03-24 15:40:17.291  3037  3741 D EnterpriseController: netId is 0
03-24 15:40:17.291  3037  3741 D Netd    : getNetworkForDns: using netid 510 for uid 10117
03-24 15:40:17.501  3037  3741 D EnterpriseController: netId is 0
03-24 15:40:17.501  3037  3741 D Netd    : getNetworkForDns: using netid 510 for uid 10117
03-24 15:40:17.731  3037  3741 D EnterpriseController: netId is 0
03-24 15:40:17.731  3037  3741 D Netd    : getNetworkForDns: using netid 510 for uid 10117
03-24 15:40:17.921  3670  6805 D O       : limitCPUFreq:: freq = 2000000
03-24 15:40:17.921  3670  6805 D CustomFrequencyManagerService: acquireDVFSLockLocked : type : DVFS_MAX_LIMIT  frequency : 2000000  uid : 1000  pid : 3670  pkgName : SIOP_ARM_MAX@18
03-24 15:40:17.941  3037  3741 D EnterpriseController: netId is 0
03-24 15:40:17.941  3037  3741 D Netd    : getNetworkForDns: using netid 510 for uid 10117
03-24 15:40:17.971  3670  6805 D ConnectivityService: returning getNetworkInfo for network type 1 : [type: WIFI[] - WIFI, state: CONNECTED/CONNECTED, reason: (unspecified), extra: "DataStructures", roaming: false, failover: false, isAvailable: true]
03-24 15:40:20.611  3670  3930 D PackageManager: [MSG] WRITE_PACKAGE_RESTRICTIONS
03-24 15:40:20.631  3670  3930 W System.err: remove failed: ENOENT (No such file or directory) : /data/system/users/0/package-restrictions.xml.bak
03-24 15:40:22.441  3670  4550 D BatteryService: !@BatteryListener : batteryPropertiesChanged!
03-24 15:40:22.441  3670  4550 D BatteryService: level:94, scale:100, status:2, health:2, present:true, voltage: 4268, temperature: 326, technology: Li-ion, AC powered:false, USB powered:true, POGO powered:false, Wireless powered:false, icon:17303414, invalid charger:0, maxChargingCurrent:0
03-24 15:40:22.441  3670  4550 D BatteryService: online:4, current avg:-45, charge type:1, power sharing:false, high voltage charger:false, capacity:280000, batterySWSelfDischarging:false, current_now:83
03-24 15:40:22.441  3670  3670 D BatteryService: Sending ACTION_BATTERY_CHANGED.
03-24 15:40:22.451  3670  3670 I MotionRecognitionService: Plugged
03-24 15:40:22.451  3670  3670 E MotionRecognitionService: support TA ~
03-24 15:40:22.451  3670  3670 I MotionRecognitionService: isTAConnected | current backoffstate  = 33792
03-24 15:40:22.451  3670  3670 D MotionRecognitionService:  TA connected ,  33792
03-24 15:40:22.451  3670  3670 I MotionRecognitionService: skip setTransmitPower. 
03-24 15:40:22.451  3670  3670 D MotionRecognitionService:   cableConnection= 1
03-24 15:40:22.451  3670  3670 D MotionRecognitionService: setPowerConnected | current backoffstate  = 33792 , state =33792
03-24 15:40:22.451  3670  3670 D MotionRecognitionService: skip setTransmitPower. 
03-24 15:40:22.451  4103  4103 D KeyguardUpdateMonitor: received broadcast android.intent.action.BATTERY_CHANGED
03-24 15:40:22.451  4103  4103 D KeyguardUpdateMonitor: handleBatteryUpdate
03-24 15:40:22.451  4103  4103 D PowerUI : priorPlugType = 2 mPlugType =  2
03-24 15:40:22.461  4103  4103 D PowerUI.Notification: showChargingNotice oldChargingType : 1 currentChargingType : 1 oldChargingTime : 962000 mChargingTime : 962000
03-24 15:40:22.461  4103  4103 D PowerUI.Notification: There is no change about charging status, so return!
03-24 15:40:22.491  4103  4103 D BatteryMeterView: ACTION_BATTERY_CHANGED : level:94 status:2 health:2
03-24 15:40:22.491  4103  4103 D BatteryMeterView: ACTION_BATTERY_CHANGED : level:94 status:2 health:2
03-24 15:40:22.611  3670  3796 W ActivityManager: Activity stop timeout for ActivityRecord{fcdcea1 u0 com.example.myapplication/.MainActivity t170}
03-24 15:40:22.671  3670  6805 D SSRM:n  : SIOP:: AP = 430, PST = 430 (W:18), CP = 320, CUR = -45, LCD = 93
03-24 15:40:22.711  3670  6805 D ConnectivityService: returning getNetworkInfo for network type 1 : [type: WIFI[] - WIFI, state: CONNECTED/CONNECTED, reason: (unspecified), extra: "DataStructures", roaming: false, failover: false, isAvailable: true]
03-24 15:40:23.231 28393 2842