03-24 14:39:13.461   440   440 I Timeline: Timeline: Activity_idle id: android.os.BinderProxy@eb7006b time:69564393
03-24 14:39:13.471  3670  4019 D NetworkPolicy: isUidForegroundLocked: 10185, mScreenOn: true, uidstate: 13, mProxSensorScreenOff: false
03-24 14:39:13.471   440   440 E NFC     : isAndroidBeamAllowed - Begin
03-24 14:39:13.471   440   440 I NFC     : showMsg is false
03-24 14:39:13.481  3670  4552 D SecContentProvider: query(), uri = 15 selection = isAndroidBeamAllowed
03-24 14:39:13.481  3025  3025 D libEGL  : eglInitialize EGLDisplay = 0x7ff3f31d28
03-24 14:39:13.491  3670  4524 I PersonaManager: mKnoxInfo is empty
03-24 14:39:13.501  2143  2143 E Zygote  : v2
03-24 14:39:13.501  2143  2143 I libpersona: KNOX_SDCARD checking this for 99171
03-24 14:39:13.501  2143  2143 I libpersona: KNOX_SDCARD not a persona
03-24 14:39:13.501  2143  2143 W SELinux : Function: selinux_compare_spd_ram, index[1], priority [2], priority version is VE=SEPF_SECMOBILE_6.0.1_0003
03-24 14:39:13.501  2143  2143 E Zygote  : accessInfo : 0
03-24 14:39:13.501  2143  2143 W SELinux : SELinux: seapp_context_lookup: seinfo=default, level=s0:c512,c768, pkgname=com.microsoft.emmx:sandboxed_process2 
03-24 14:39:13.501  3670  4524 I ActivityManager: Start proc 2143:com.microsoft.emmx:sandboxed_process2/u0i171 for service com.microsoft.emmx/org.chromium.content.app.EdgeSandboxedProcessService2
03-24 14:39:13.501  3670  4454 I PersonaManager: mKnoxInfo is empty
03-24 14:39:13.511  3670  4407 I PersonaManager: mKnoxInfo is empty
03-24 14:39:13.511   440   440 I cr_XU   : FeatureSingle: ExpFeatureUsage {isFound=false, featureValue=false, dataSource=ExP, featureName=ExperimentEnableHomepageOptions}
03-24 14:39:13.511   440   440 I cr_XU   : FeatureSingle: ExpFeatureUsage {isFound=false, featureValue=false, dataSource=ExP, featureName=ExperimentEnableHomepageOptions}
03-24 14:39:13.511   440  1994 I cr_BindingManager: Moderate binding enabled: maxSize=40
03-24 14:39:13.511   440  1939 W System.err: mkdir failed: EEXIST (File exists) : /data/user/0/com.microsoft.emmx/files/images
03-24 14:39:13.511  3670  4454 D PackageManager: findPreferredActivity: We found 1 PreferredActivities set, but no match
03-24 14:39:13.511  3670  4454 I PackageManager: No preferred activity: intent should not be shown
03-24 14:39:13.521  3670  3796 V BroadcastQueue: [background] Process cur broadcast BroadcastRecord{4046192 u0 com.microsoft.emmx.BOOKMARK_APPWIDGET_UPDATE qIdx=4}, state= (APP_RECEIVE) DELIVERED for app ProcessRecord{303a7c7 440:com.microsoft.emmx/u0a98}
03-24 14:39:13.521   440   440 I cr_XU   : FeatureSingle: ExpFeatureUsage {isFound=false, featureValue=false, dataSource=ExP, featureName=ExperimentEnableHomepageOptions}
03-24 14:39:13.541  2143  2143 W ResourcesManager: getTopLevelResources: /data/app/com.microsoft.emmx-1/base.apk / 1.0 running in com.microsoft.emmx rsrc of package com.microsoft.emmx
03-24 14:39:13.551  2143  2143 D ResourcesManager: For user 0 new overlays fetched Null
03-24 14:39:13.551  2143  2143 I InjectionManager: Inside getClassLibPath caller 
03-24 14:39:13.571  2143  2143 I MAMInfo : MAMInfo initialized. Debug=false, UseTestAgent=false, ManagedDialogDisabled=false, DeprecationDialogDisabled=false, PolicyRequired=false, MultiIdentityEnabled=true, FullBackupContent=true, UseDefaultEnrollment=false, ExceptionOnInit=false, Debuggable=false
03-24 14:39:13.601  2156  2156 I dex2oat : /system/bin/dex2oat --compiler-filter=speed --dex-file=/data/user/0/com.microsoft.emmx/app_dex/webapk5.dex --oat-file=/data/user/0/com.microsoft.emmx/app_dex/oat/arm/webapk5.dex
03-24 14:39:13.601  2143  2143 D InjectionManager: InjectionManager
03-24 14:39:13.601  2143  2143 I InjectionManager: featureStore :{}
03-24 14:39:13.601  2143  2143 I cr_ChildProcessService: Creating new ChildProcessService pid=2143
03-24 14:39:13.621  2143  2160 I cr_LibraryLoader: Loading chrome
03-24 14:39:13.631  2156  2156 I dex2oat : ----------------------------------------------------
03-24 14:39:13.631  2156  2156 I dex2oat : <SS>: S T A R T I N G . . .
03-24 14:39:13.631  2156  2156 E dex2oat : <SS>: apk not found at /data/user/0/com.microsoft.emmx/app_dex/
03-24 14:39:13.631  2156  2156 I dex2oat : dex2oat took 36.176ms (threads: 8) arena alloc=336KB java alloc=93KB native alloc=1752KB free=2MB
03-24 14:39:13.641   440  1948 W System.err: remove failed: ENOENT (No such file or directory) : /data/user/0/com.microsoft.emmx/databases/snapshots.db
03-24 14:39:13.641   440  1948 W System.err: remove failed: ENOENT (No such file or directory) : /data/user/0/com.microsoft.emmx/databases/snapshots.db-journal
03-24 14:39:13.641   440  1948 W System.err: remove failed: ENOENT (No such file or directory) : /data/user/0/com.microsoft.emmx/databases/snapshots.db-shm
03-24 14:39:13.641   440  1948 W System.err: remove failed: ENOENT (No such file or directory) : /data/user/0/com.microsoft.emmx/databases/snapshots.db-wal
03-24 14:39:13.641   440   472 W System.err: remove failed: ENOENT (No such file or directory) : /data/user/0/com.microsoft.emmx/shared_prefs/webapp_registry.xml.bak
03-24 14:39:13.661  2143  2160 I cr_LibraryLoader: Time to load native libraries: 36 ms (timestamps 4559-4595)
03-24 14:39:13.661  2143  2160 I chromium: [INFO:library_loader_hooks.cc(36)] Chromium logging enabled: level = 0, default verbosity = 0
03-24 14:39:13.661  2143  2160 I cr_LibraryLoader: Expected native library version number "71.0.3578.99", actual native library version number "71.0.3578.99"
03-24 14:39:13.681  2143  2160 W ResourcesManager: getTopLevelResources: /data/app/com.microsoft.emmx-1/base.apk / 1.0 running in com.microsoft.emmx rsrc of package com.microsoft.emmx
03-24 14:39:13.831  3670  3796 V BroadcastQueue: [background] Process cur broadcast BroadcastRecord{ebdef60 u0 android.intent.action.DROPBOX_ENTRY_ADDED qIdx=4}, state= (APP_RECEIVE) DELIVERED for app ProcessRecord{c537c7c 31311:com.samsung.android.sm/1000}
03-24 14:39:13.841  3670  4550 V BroadcastQueue: [background] Process cur broadcast BroadcastRecord{ebdef60 u0 android.intent.action.DROPBOX_ENTRY_ADDED qIdx=4}, state= (APP_RECEIVE) DELIVERED for app ProcessRecord{b2538ea 4968:com.google.android.gms/u0a15}
03-24 14:39:13.841  3670  3697 I PersonaManager: mKnoxInfo is empty
03-24 14:39:13.851  3670  4409 V BroadcastQueue: [background] Process cur broadcast BroadcastRecord{ebdef60 u0 android.intent.action.DROPBOX_ENTRY_ADDED qIdx=4}, state= (APP_RECEIVE) DELIVERED for app ProcessRecord{49f3f4c 4932:com.google.android.gms.persistent/u0a15}
03-24 14:39:13.851  3670  4016 I PersonaManager: mKnoxInfo is empty
03-24 14:39:13.861  3670  4452 I PersonaManager: mKnoxInfo is empty
03-24 14:39:13.861  3670  4421 I PersonaManager: mKnoxInfo is empty
03-24 14:39:13.861  3670  4947 I PersonaManager: mKnoxInfo is empty
03-24 14:39:13.861  3670  4946 I PersonaManager: mKnoxInfo is empty
03-24 14:39:13.871  3670  3931 I PersonaManager: mKnoxInfo is empty
03-24 14:39:13.901  3670  4421 I PersonaManager: mKnoxInfo is empty
03-24 14:39:13.901   440   440 I chromium: [INFO:CONSOLE(0)] "The source list for Content Security Policy directive 'default-src' contains an invalid source: ''none''. It will be ignored. Note that 'none' has no effect unless it is the only expression in the source list.", source: https://www.msn.com/spartan/mmx?locale=en-GB&rt=0 (0)
03-24 14:39:13.911  3670  3698 I PersonaManager: mKnoxInfo is empty
03-24 14:39:13.921  3025  3025 I SurfaceFlinger: id=498 createSurf (1440x2560),4 flag=404, TurfaceView
03-24 14:39:13.921  3670  4407 V WindowStateAnimator: Finishing drawing window Window{e5bf090 u0 d0 SurfaceView}: mDrawState=DRAW_PENDING
03-24 14:39:13.931  3670  4452 V WindowStateAnimator: Finishing drawing window Window{e5bf090 u0 d0 SurfaceView}: mDrawState=HAS_DRAWN
03-24 14:39:13.941  2037  2057 D mali_winsys: new_window_surface returns 0x3000,  [1440x2560]-format:1
03-24 14:39:13.991  3025  3025 D libEGL  : eglInitialize EGLDisplay = 0x7ff3f31d28
03-24 14:39:14.021  4932  4941 I art     : Background partial concurrent mark sweep GC freed 156262(8MB) AllocSpace objects, 21(1096KB) LOS objects, 40% free, 19MB/33MB, paused 1.551ms total 143.808ms
03-24 14:39:14.091   440  2113 I RubyPalClient: Read from input stream
03-24 14:39:14.261  3670  4947 D BatteryService: !@BatteryListener : batteryPropertiesChanged!
03-24 14:39:14.261  3670  4947 D BatteryService: level:92, scale:100, status:2, health:2, present:true, voltage: 4093, temperature: 293, technology: Li-ion, AC powered:false, USB powered:true, POGO powered:false, Wireless powered:false, icon:17303414, invalid charger:0, maxChargingCurrent:0
03-24 14:39:14.261  3670  4947 D BatteryService: online:4, current avg:-170, charge type:1, power sharing:false, high voltage charger:false, capacity:280000, batterySWSelfDischarging:false, current_now:-505
03-24 14:39:14.261  3670  3670 D BatteryService: Sending ACTION_BATTERY_CHANGED.
03-24 14:39:14.261  3670  3670 I MotionRecognitionService: Plugged
03-24 14:39:14.261  3670  3670 E MotionRecognitionService: support TA ~
03-24 14:39:14.261  3670  3670 I MotionRecognitionService: isTAConnected | current backoffstate  = 33792
03-24 14:39:14.261  3670  3670 D MotionRecognitionService:  TA connected ,  33792
03-24 14:39:14.261  3670  3670 I MotionRecognitionService: skip setTransmitPower. 
03-24 14:39:14.261  3670  3670 D MotionRecognitionService:   cableConnection= 1
03-24 14:39:14.261  3670  3670 D MotionRecognitionService: setPowerConnected | current backoffstate  = 33792 , state =33792
03-24 14:39:14.261  3670  3670 D MotionRecognitionService: skip setTransmitPower. 
03-24 14:39:14.261  4103  4103 D KeyguardUpdateMonitor: received broadcast android.intent.action.BATTERY_CHANGED
03-24 14:39:14.261  4103  4103 D PowerUI : priorPlugType = 2 mPlugType =  2
03-24 14:39:14.261  4103  4103 D PowerUI.Notification: showChargingNotice oldChargingType : 1 currentChargingType : 1 oldChargingTime : 1599000 mChargingTime : 1599000
03-24 14:39:14.261  4103  4103 D KeyguardUpdateMonitor: handleBatteryUpdate
03-24 14:39:14.261  4103  4103 D PowerUI.Notification: There is no change about charging status, so return!
03-24 14:39:14.261  4103  4103 D BatteryMeterView: ACTION_BATTERY_CHANGED : level:92 status:2 health:2
03-24 14:39:14.261  4103  4103 D BatteryMeterView: ACTION_BATTERY_CHANGED : level:92 status:2 health:2
03-24 14:39:14.741   440  2113 I SmartScreenLog:     Query Malware Backend service succeeded, and status code is 200
03-24 14:39:14.951  3025  3025 D libEGL  : eglInitialize EGLDisplay = 0x7ff3f31d28
03-24 14:39:15.041   440  2113 I SmartScreenLog:     First time download of MalwareData.db succeeded
03-24 14:39:15.041   440  2113 I cr_XU   : FeatureSingle: MalwareDBUpdate {malwareDBDeleteLog=, malwareDBAddLog=First time download of MalwareData.db succeeded}
03-24 14:39:15.491  3670  4068 W System.err: remove failed: ENOENT (No such file or directory) : /data/system/recent_tasks/111_task.xml.bak
03-24 14:39:16.291   440  1970 E ServerConfigManager: http response error when fetch server config, response code: 404
03-24 14:39:16.471  1995  2007 E chromium: [ERROR:translate_manager.cc(674)] domainhttps://www.msn.com/spartan/
03-24 14:39:16.471  1995  2007 E chromium: [ERROR:translate_helper.cc(111)] language
03-24 14:39:16.471  1995  2007 W chromium: [WARNING:resource_bundle.cc(599)] GetRawDataResourceForScale::GetStringPiece failed, i: 0 scale_factor: 1
03-24 14:39:16.471  1995  2007 W chromium: [WARNING:resource_bundle.cc(599)] GetRawDataResourceForScale::GetStringPiece failed, i: 0 scale_factor: 1
03-24 14:39:16.491  3025  3025 D libEGL  : eglInitialize EGLDisplay = 0x7ff3f31d28
03-24 14:39:16.811   440  2076 E ServerConfigManager: http response error when fetch server config, response code: 404
03-24 14:39:16.931  3670  4283 E Watchdog: !@Sync 2318 [03-24 14:39:16.940]
03-24 14:39:17.051  4285  4348 D ContactsProvider_EventLog: contents_sample_state: [ contacts(0) data(0) accounts({}) accounts deleted({}) calls([])  ]
03-24 14:39:17.051  4285  4348 D ContactsProvider_EventLog: contents_sample_state: [ agr({})  ]
03-24 14:39:17.111  3025  3025 D libEGL  : eglInitialize EGLDisplay = 0x7ff3f31d28
03-24 14:39:17.271  4285  4348 E ContactsProvider_EventLog: Flush buffer to file cnt : 12 size : 3Kb duration : 223ms lastUpdatedAfter : 60217 ms mFlush_time_threasold : 2000 mCurrentSize : 2016
03-24 14:39:17.291  2037  2074 E         : g2d stretchFimgApi_v5 function does not exist
03-24 14:39:17.291  2037  2074 E         : [JM] stretchFimgApi might be v4.
03-24 14:39:17.301   440  2028 I cr_XU   : FeatureSingle: Native.PageLoadPerf.PageLoadTime {WebContentsImpl::DocumentOnLoadCompleted=4322}
03-24 14:39:17.711  3670  6805 D ConnectivityService: returning getNetworkInfo for network type 1 : [type: WIFI[] - WIFI, state: CONNECTED/CONNECTED, reason: (unspecified), extra: "DataStructures", roaming: false, failover: false, isAvailable: true]
03-24 14:39:18.071   440   440 D ConnectivityManager: requestNetwork; getAppId(CallingUid) : 10098, CallingPid : 440
03-24 14:39:18.071  3670  4454 D ConnectivityService: listenForNetwork for Listen from uid/pid:10098/440 for NetworkRequest [ id=240, legacyType=-1, [ Capabilities: INTERNET&NOT_RESTRICTED&TRUSTED] ]
03-24 14:39:18.071  3670  4029 D ConnectivityService: rematching NetworkAgentInfo [WIFI () - 510]
03-24 14:39:18.071  3670  4029 D ConnectivityService:  network has: NetworkAgentInfo{ ni{[type: WIFI[] - WIFI, state: CONNECTED/CONNECTED, reason: (unspecified), extra: "DataStructures", roaming: false, failover: false, isAvailable: true]}  network{510}  lp{{InterfaceName: wlan0 LinkAddresses: [fe80::ee9b:f3ff:fe73:43e9/64,192.168.0.174/24,]  Routes: [fe80::/64 -> :: wlan0,192.168.0.0/24 -> 0.0.0.0 wlan0,0.0.0.0/0 -> 192.168.0.1 wlan0,] DnsAddresses: [192.168.0.1,] Domains:  MTU: 0 TcpBufferSizes: 524288,1048576,4525824,524288,1048576,4525824}}  nc{[ Transports: WIFI Capabilities: INTERNET&NOT_RESTRICTED&TRUSTED&NOT_VPN&VALIDATED LinkUpBandwidth>=1048576Kbps LinkDnBandwidth>=1048576Kbps SignalStrength: -33]}  Score{60}  everValidated{true}  lastValidated{true}  created{true} lingering{false} explicitlySelected{false} acceptUnvalidated{false} everCaptivePortalDetected{false} lastCaptivePortalDetected{false} }
03-24 14:39:18.071  3670  4029 D ConnectivityService:   checking if request is: NetworkRequest [ id=10, legacyType=-1, [ Capabilities: INTERNET&NOT_RESTRICTED&TRUSTED&NOT_VPN] ] satisfies: true nri.isRequest: false
03-24 14:39:18.071  3670  4029 D ConnectivityService:   checking if request is: NetworkRequest [ id=240, legacyType=-1, [ Capabilities: INTERNET&NOT_RESTRICTED&TRUSTED] ] satisfies: true nri.isRequest: false
03-24 14:39:18.071  3670  4029 D ConnectivityService:   checking if request is: NetworkRequest [ id=30, legacyType=-1, [ Capabilities: INTERNET&NOT_RESTRICTED&TRUSTED] ] satisfies: true nri.isRequest: false
03-24 14:39:18.071  3670  4029 D ConnectivityService:   checking if request is: NetworkRequest [ id=239, legacyType=-1, [ Capabilities: INTERNET&NOT_RESTRICTED&TRUSTED] ] satisfies: true nri.isRequest: false
03-24 14:39:18.071  3670  4029 D ConnectivityService:   checking if request is: NetworkRequest [ id=5, legacyType=-1, [ Transports: WIFI Capabilities: INTERNET&NOT_RESTRICTED&TRUSTED&NOT_VPN] ] satisfies: true nri.isRequest: false
03-24 14:39:18.071  3670  4029 D ConnectivityService: Network NetworkAgentInfo [WIFI () - 510] was already satisfying request 1. No change.
03-24 14:39:18.071  3670  4029 D ConnectivityService:   checking if request is: NetworkRequest [ id=3, legacyType=-1, [] ] satisfies: true nri.isRequest: false
03-24 14:39:18.071  3670  4029 D ConnectivityService:   checking if request is: NetworkRequest [ id=4, legacyType=-1, [ Transports: CELLULAR Capabilities: INTERNET&NOT_RESTRICTED&TRUSTED&NOT_VPN] ] satisfies: false nri.isRequest: false
03-24 14:39:18.071  3670  4029 D ConnectivityService:   checking if request is: NetworkRequest [ id=238, legacyType=-1, [ Capabilities: INTERNET&NOT_RESTRICTED&TRUSTED] ] satisfies: true nri.isRequest: false
03-24 14:39:18.071  3670  4029 D ConnectivityService:   checking if request is: NetworkRequest [ id=226, legacyType=-1, [ Capabilities: INTERNET&NOT_RESTRICTED&TRUSTED] ] satisfies: true nri.isRequest: false
03-24 14:39:18.071  3670  4029 D ConnectivityService:   checking if request is: NetworkRequest [ id=29, legacyType=-1, [ Capabilities: INTERNET&NOT_RESTRICTED&TRUSTED] ] satisfies: true nri.isRequest: false
03-24 14:39:18.071  3670  4029 D ConnectivityService:   checking if request is: NetworkRequest [ id=228, legacyType=-1, [ Capabilities: INTERNET&NOT_RESTRICTED&TRUSTED] ] satisfies: true nri.isRequest: false
03-24 14:39:18.071  3670  4029 D ConnectivityService: sending notification AVAILABLE for NetworkRequest [ id=240, legacyType=-1, [ Capabilities: INTERNET&NOT_RESTRICTED&TRUSTED] ]
03-24 14:39:18.341   440  2228 I System.out: (HTTPLog)-Static: isSBSettingEnabled false
03-24 14:39:18.341   440  2228 I System.out: (HTTPLog)-Static: isSBSettingEnabled false
03-24 14:39:18.351  3037  3741 D EnterpriseController: netId is 0
03-24 14:39:18.351  3037  3741 D Netd    : getNetworkForDns: using netid 510 for uid 10098
03-24 14:39:19.411   440   440 I ReferralClient: ReferralClient-setReferral-trackerToken: xee45e referralCode: new_a5db1c92-197d-4ce1-af28-6d70bfdafda6 campaign: Unknown AdId: 349258dc3d620cd50b897861a1ad04f6 AdGroup: null Creative: null Network: Organic
03-24 14:39:19.411   440   440 I cr_XU   : FeatureSingle: MMXReferralClientCallback {referralClientCallbackTimeMills=72165, referralClientInitTimeMills=217}
03-24 14:39:19.411   440  2241 I Reporting: onReferralEvent
03-24 14:39:19.421   440   479 I System.out: (HTTPLog)-Static: isSBSettingEnabled false
03-24 14:39:19.421   440   479 I System.out: (HTTPLog)-Static: isSBSettingEnabled false
03-24 14:39:19.681  2143  2160 I chromium: [INFO:child_process_service.cc(73)] ChildProcessService: Exiting child process.
03-24 14:39:19.701   440  1994 W cr_ChildProcessConn: onServiceDisconnected (crash or killed by oom): pid=2143
03-24 14:39:19.701   440   440 W chromium: [WARNING:compositor_view.cc(263)] Child process died (type=6) pid=2143)
03-24 14:39:19.711  3670  4952 I ActivityManager: Process com.microsoft.emmx:sandboxed_process2 (pid 2143)(adj 1) has died(58,556)
03-24 14:39:19.711  3670  4952 D ActivityManager: cleanUpApplicationRecord -- 2143
03-24 14:39:19.711  3670  4952 D ActivityManager: isAutoRunBlockedApp:: com.microsoft.emmx, Auto Run ON
03-24 14:39:19.711  3670  4952 W ActivityManager: Scheduling restart of crashed service com.microsoft.emmx/org.chromium.content.app.EdgeSandboxedProcessService2 in 1000ms
03-24 14:39:20.271  3670  3930 D PackageManager: [MSG] WRITE_PACKAGE_RESTRICTIONS
03-24 14:39:20.311  3670  3930 W System.err: remove failed: ENOENT (No such file or directory) : /data/system/users/0/package-restrictions.xml.bak
03-24 14:39:20.361  3670  6805 D SSRM:n  : SIOP:: AP = 400, PST = 370 (W:12), CP = 280, CUR = -170, LCD = 113
03-24 14:39:20.401  3670  6805 D ConnectivityService: returning getNetworkInfo for network type 1 : [type: WIFI[] - WIFI, state: CONNECTED/CONNECTED, reason: (unspecified), extra: "DataStructures", roaming: false, failover: false, isAvailable: true]
03-24 14:39:23.471  3670  3796 W ActivityManager: Activity stop timeout for ActivityRecord{9b79b u0 com.example.myapplication/.MainActivity t99}
03-24 14:39:24.331  3670  4454 D BatteryService: !@BatteryListener : batteryPropertiesChanged!
03-24 14:39:24.341  3670  4454 D BatteryService: level:92, scale:100, status:2, health:2, present:true, voltage: 4252, temperature: 294, technology: Li-ion, AC powered:false, USB powered:true, POGO powered:false, Wireless powered:false, icon:17303414, invalid charger:0, maxChargingCurrent:0
03-24 14:39:24.341  3670  4454 D BatteryService: online:4, current avg:-8, charge type:1, power sharing:false, high voltage charger:false, capacity:280000, batterySWSelfDischarging:false, current_now:153
03-24 14:39:24.341  3670  3670 D BatteryService: Sending ACTION_BATTERY_CHANGED.
03-24 14:39:24.351  3670  3670 I MotionRecognitionService: Plugged
03-24 14:39:24.351  3670  3670 E MotionRecognitionService: support TA ~
03-24 14:39:24.351  3670  3670 I MotionRecognitionService: isTAConnected | current backoffstate  = 33792
03-24 14:39:24.351  3670  3670 D MotionRecognitionService:  TA connected ,  33792
03-24 14:39:24.351  3670  3670 I MotionRecognitionService: skip setTransmitPower. 
03-24 14:39:24.351  3670  3670 D MotionRecognitionService:   cableConnection= 1
03-24 14:39:24.351  3670  3670 D MotionRecognitionService: setPowerConnected | current backoffstate  = 33792 , state =33792
03-24 14:39:24.351  3670  3670 D MotionRecognitionService: skip setTransmitPower. 
03-24 14:39:24.361  4103  4103 D KeyguardUpdateMonitor: received broadcast android.intent.action.BATTERY_CHANGED
03-24 14:39:24.361  4103  4103 D KeyguardUpdateMonitor: handleBatteryUpdate
03-24 14:39:24.361  4103  4103 D PowerUI : priorPlugType = 2 mPlugType =  2
03-24 14:39:24.371  4103  4103 D PowerUI.Notification: showChargingNotice oldChargingType : 1 currentChargingType : 1 oldChargingTime : 1599000 mChargingTime : 1599000
03-24 14:39:24.371  4103  4103 D PowerUI.Notification: There is no change about charging status, so return!
03-24 14:39:24.391  4103  4103 D BatteryMeterView: ACTION_BATTERY_CHANGED : level:92 status:2 health:2
03-24 14:39:24.391  4103  4103 D BatteryMeterView: ACTION_BATTERY_CHANGED : level:92 status:2 health:2
03-24 14:39:25.641  3670  3796 I ActivityManager: Waited long enough for: ServiceRecord{115c157 u0 com.yandex.browser/com.yandex.metrica.ConfigurationService}
03-24 14:39:30.421  3670  6805 D SSRM:n  : SIOP:: AP = 370, PST = 371 (W:18), CP = 281, CUR = -8, LCD = 113
03-24 14:39:32.091  3670  3980 V AlarmManager: Expired Alarm result :8
03-24 14:39:32.111  3670  3796 V BroadcastQueue: [background] Process cur broadcast BroadcastRecord{fcb6945 u0 null qIdx=4}, state= (APP_RECEIVE) DELIVERED for app ProcessRecord{49f3f4c 4932:com.google.android.gms.persistent/u0a15}
03-24 14:39:32.111  3670  4454 I PersonaManager: mKnoxInfo is empty
03-24 14:39:32.171  3670  4421 I PersonaManager: mKnoxInfo is empty
03-24 14:39:32.201  3670  4952 I PersonaManager: mKnoxInfo is empty
03-24 14:39:32.231 30395 30395 E TRACKERS: File error! Can't Open File 
03-24 14:39:32.261  4932  2346 D SecWifiDisplayUtil: Metadata value : SecSettings2
03-24 14:39:34.371  3670  4016 D BatteryService: !@BatteryListener : batteryPropertiesChanged!
03-24 14:39:34.371  3670  4016 D BatteryService: level:92, scale:100, status:2, health:2, present:true, voltage: 4254, temperature: 295, technology: Li-ion, AC powered:false, USB powered:true, POGO powered:false, Wireless powered:false, icon:17303414, invalid charger:0, maxChargingCurrent:0
03-24 14:39:34.371  3670  4016 D BatteryService: online:4, current avg:73, charge type:1, power sharing:false, high voltage charger:false, capacity:280000, batterySWSelfDischarging:false, current_now:172
03-24 14:39:34.371  3670  3670 D BatteryService: Sending ACTION_BATTERY_CHANGED.
03-24 14:39:34.381  3670  3670 I MotionRecognitionService: Plugged
03-24 14:39:34.381  3670  3670 E MotionRecognitionService: support TA ~
03-24 14:39:34.381  3670  3670 I MotionRecognitionService: isTAConnected | current backoffstate  = 33792
03-24 14:39:34.381  3670  3670 D MotionRecognitionService:  TA connected ,  33792
03-24 14:39:34.381  3670  3670 I MotionRecognitionService: skip setTransmitPower. 
03-24 14:39:34.381  3670  3670 D MotionRecognitionService:   cableConnection= 1
03-24 14:39:34.381  3670  3670 D MotionRecognitionService: setPowerConnected | current backoffstate  = 33792 , state =33792
03-24 14:39:34.381  3670  3670 D MotionRecognitionService: skip setTransmitPower. 
03-24 14:39:34.381  4103  4103 D KeyguardUpdateMonitor: received broadcast android.intent.action.BATTERY_CHANGED
03-24 14:39:34.381  4103  4103 D PowerUI : priorPlugType = 2 mPlugType =  2
03-24 14:39:34.381  4103  4103 D PowerUI.Notification: showChargingNotice oldChargingType : 1 currentChargingType : 1 oldChargingTime : 1599000 mChargingTime : 1599000
03-24 14:39:34.381  4103  4103 D KeyguardUpdateMonitor: handleBatteryUpdate
03-24 14:39:34.381  4103  4103 D PowerUI.Notification: There is no change about charging status, so return!
03-24 14:39:34.411  4103  4103 D BatteryMeterView: ACTION_BATTERY_CHANGED : level:92 status:2 health:2
03-24 14:39:34.411  4103  4103 D BatteryMeterView: ACTION_BATTERY_CHANGED : level:92 status:2 health:2
03-24 14:39:40.441  3670  6805 D SSRM:n  : SIOP:: AP = 360, PST = 370 (W:18), CP = 281, CUR = 73, LCD = 113
03-24 14:39:41.831  2424  2424 I FIPS_bssl: FIPS approved mode (1) | 2424 | app_process
03-24 14:39:41.831  2424  2424 D AndroidRuntime: >>>>>> START com.android.internal.os.RuntimeInit uid 2000 <<<<<<
03-24 14:39:41.841  2424  2424 D AndroidRuntime: CheckJNI is OFF
03-24 14:39:41.841  2424  2424 D AndroidRuntime: readGMSProperty: start
03-24 14:39:41.841  2424  2424 D AndroidRuntime: readGMSProperty: already setted!!
03-24 14:39:41.841  2424  2424 D AndroidRuntime: propertySet: couldn't set property (it is from app)
03-24 14:39:41.841  2424  2424 D AndroidRuntime: readGMSProperty: could not set the property(default)!!
03-24 14:39:41.841  2424  2424 D AndroidRuntime: readGMSProperty: end
03-24 14:39:41.841  2424  2424 D AndroidRuntime: addProductProperty: start
03-24 14:39:41.861  2424  2424 D ICU     : No timezone override file found: /data/misc/zoneinfo/current/icu/icu_tzdata.dat
03-24 14:39:41.891  2424  2424 I Radio-JNI: register_android_hardware_Radio DONE
03-24 14:39:41.891  2424  2424 E AffinityControl: AffinityControl: registerfunction enter
03-24 14:39:41.911  2424  2424 D AndroidRuntime: Calling main entry com.android.commands.am.Am
03-24 14:39:41.911  3670  4016 I ActivityManager: Force stopping com.microsoft.emmx appid=10098 user=0: from pid 2424
03-24 14:39:41.911  3670  4016 I PersonaManager: mKnoxInfo is empty
03-24 14:39:41.911  3670  4016 I PersonaManager: mKnoxInfo is empty
03-24 14:39:41.921  3670  4016 I ActivityManager: Killing 440:com.microsoft.emmx/u0a98 (adj 0): stop com.microsoft.emmx cause from pid 2424
03-24 14:39:41.921  3670  4016 D ActivityManager: cleanUpApplicationRecord -- 440
03-24 14:39:41.931  3670  4016 D ActivityManager: isAutoRunBlockedApp:: com.microsoft.emmx, Auto Run ON
03-24 14:39:41.941  1995  1995 I cr_ChildProcessService: Destroying ChildProcessService pid=1995
03-24 14:39:41.941  2037  2037 I cr_ChildProcessService: Destroying ChildProcessService pid=2037
03-24 14:39:41.941  3670  4016 W ActivityManager: Force removing ActivityRecord{ee3cf5e u0 com.microsoft.emmx/org.chromium.chrome.browser.ChromeTabbedActivity t111}: app died, no saved state
03-24 14:39:41.941  2082  2082 I cr_ChildProcessService: Destroying ChildProcessService pid=2082
03-24 14:39:41.951  3670  4016 D InputDispatcher: Focused application set to: xxxx
03-24 14:39:41.961  3025  3732 D libEGL  : eglTerminate EGLDisplay = 0x7f71bfee78
03-24 14:39:41.961  3025  3732 D libEGL  : eglTerminate EGLDisplay = 0x7f71bfee78
03-24 14:39:41.961  3670  4016 D InputDispatcher: Focus left window: 440
03-24 14:39:41.961  3670  4016 D CustomFrequencyManagerService: acquireDVFSLockLocked : type : DVFS_MIN_LIMIT  frequency : 1800000  uid : 1000  pid : 3670  pkgName : ACTIVITY_RESUME_BOOSTER@3
03-24 14:39:41.961  3670  3884 D PointerIcon: setMouseIconStyle1 pointerType: 1001 iconType:101 flag:0 pid:3670 uid:1000
03-24 14:39:41.961  3670  3884 D PointerIcon: setMouseCustomIcon IconType is same.101
03-24 14:39:41.971  3670  4016 D ActivityManager: mDVFSHelper.acquire()
03-24 14:39:41.971  3670  4016 I ActivityManager: Killing 2082:com.microsoft.emmx:sandboxed_process1/u0a98i170 (adj 0): isolated not needed
03-24 14:39:41.971  3670  4016 I ActivityManager: Killing 1995:com.microsoft.emmx:sandboxed_process0/u0a98i169 (adj 0): isolated not needed
03-24 14:39:41.971  3670  4016 V WindowOrientationListener: setCurrentAppOrientation :-1
03-24 14:39:41.971  3670  4016 V WindowOrientationListener: OrientationSensorJudge.getProposedRotation, Rotation: -1
03-24 14:39:41.971  3670  4016 V WindowManager: rotationForOrientationLw(orient=-1, last=0); user=0  sensorRotation=-1 mLidState=-1 mDockMode=0 mHdmiPlugged=false mMobileKeyboardEnabled=false displayId=0
03-24 14:39:41.971  3670  4016 V WindowOrientationListener: OrientationSensorJudge.getProposedRotation, Rotation: -1
03-24 14:39:41.971  3025  3732 D libEGL  : eglTerminate EGLDisplay = 0x7f71bfee78
03-24 14:39:41.981  3025  3732 D libEGL  : eglTerminate EGLDisplay = 0x7f71bfee78
03-24 14:39:41.981  3670  3670 D GameManagerService: NotifyRunnable. pkg: com.example.myapplication, type: 4, isMinimized: false, isTunableApp: false
03-24 14:39:41.981  3670  3796 V MARsPolicyManager: updatePackagesScore PackageInfo name -- com.example.myapplication
03-24 14:39:41.981  3670  4016 D InputDispatcher: Focus entered window: 30395
03-24 14:39:41.981  3670  4016 I ActivityManager: Killing 2037:com.microsoft.emmx:privileged_process0/u0a98 (adj 0): stop com.microsoft.emmx cause from pid 2424
03-24 14:39:41.981  3670  4016 D ActivityManager: cleanUpApplicationRecord -- 2037
03-24 14:39:41.981  3670  4016 D ActivityManager: isAutoRunBlockedApp:: com.microsoft.emmx, Auto Run ON
03-24 14:39:41.991  2424  2424 D AndroidRuntime: Shutting down VM
03-24 14:39:41.991  3670  4952 D ActivityManager: cleanUpApplicationRecord -- 1995
03-24 14:39:41.991  3670  4952 D ActivityManager: isAutoRunBlockedApp:: com.microsoft.emmx, Auto Run ON
03-24 14:39:42.001  3670  4454 D ActivityManager: cleanUpApplicationRecord -- 2082
03-24 14:39:42.001  3670  4454 D ActivityManager: isAutoRunBlockedApp:: com.microsoft.emmx, Auto Run ON
03-24 14:39:42.011  3670  3884 D PointerIcon: setMouseIconStyle1 pointerType: 1001 iconType:101 flag:0 pid:3670 uid:1000
03-24 14:39:42.011  3670  3884 D PointerIcon: setMouseCustomIcon IconType is same.101
03-24 14:39:42.011  3670  3670 V AlarmManager: Remove alarm for next reason : android.intent.action.PACKAGE_RESTARTED : package: com.microsoft.emmx
03-24 14:39:42.021  3670  3796 V BroadcastQueue: [background] Process cur broadcast BroadcastRecord{417daf9 u0 android.intent.action.PACKAGE_RESTARTED qIdx=4}, state= (APP_RECEIVE) DELIVERED for app ProcessRecord{a8b6d0a 3670:system/1000}
03-24 14:39:42.021  4383  4383 I PersonaManager: mKnoxInfo is empty
03-24 14:39:42.021  3670  3798 D StatusBarManagerService: manageDisableList userId=0 what=0x0 pkg=Window{2b07372 u0 d0 com.microsoft.emmx/org.chromium.chrome.browser.ChromeTabbedActivity}
03-24 14:39:42.021  4383  4383 I PersonaManager: mKnoxInfo is empty
03-24 14:39:42.021  3670  6805 D GameManagerService: identifyGamePackage. com.example.myapplication
03-24 14:39:42.021  3670  6805 D GameManagerService: identifyGamePackage. com.example.myapplication
03-24 14:39:42.021  4383  4383 I PersonaManager: mKnoxInfo is empty
03-24 14:39:42.021  4383  4383 W ResourcesManager: getTopLevelResources: /data/app/com.google.android.gms-1/base.apk / 1.0 running in com.android.nfc rsrc of package com.google.android.gms
03-24 14:39:42.021  4383  4383 W ResourcesManager: getTopLevelResources: /data/app/com.google.android.gms-1/base.apk / 1.0 running in com.android.nfc rsrc of package com.google.android.gms
03-24 14:39:42.021  3670  3670 V BroadcastQueue: [background] Process cur broadcast BroadcastRecord{417daf9 u0 android.intent.action.PACKAGE_RESTARTED qIdx=4}, state= (APP_RECEIVE) DELIVERED for app ProcessRecord{90f0323 31960:com.sec.android.app.soundalive/u0a62}
03-24 14:39:42.021  4383  4383 D ApduServiceInfo: seId: 0
03-24 14:39:42.021  4383  4383 I PersonaManager: mKnoxInfo is empty
03-24 14:39:42.021 31960 31960 D SAControlPanelReceiver: *****onReceive()*****
03-24 14:39:42.021 31960 31960 D SAControlPanelReceiver: Action: android.intent.action.PACKAGE_RESTARTED
03-24 14:39:42.021  4103  4103 D PhoneStatusBar: setSystemUiVisibility vis=8600 mask=ffffffff oldVal=8000 newVal=8600 diff=600
03-24 14:39:42.021  3670  3798 D StatusBarManagerService: manageDisableList userId=0 what=0x0 pkg=Window{b607281 u0 d0 com.example.myapplication/com.example.myapplication.MainActivity}
03-24 14:39:42.021  3670  4019 D NetworkPolicy: isUidForegroundLocked: 10185, mScreenOn: true, uidstate: 2, mProxSensorScreenOff: false
03-24 14:39:42.021  3670  4019 D NetworkPolicy: isUidForegroundLocked: 10098, mScreenOn: true, uidstate: 16, mProxSensorScreenOff: false
03-24 14:39:42.031  3670  4952 V BroadcastQueue: [background] Process cur broadcast BroadcastRecord{417daf9 u0 android.intent.action.PACKAGE_RESTARTED qIdx=4}, state= (APP_RECEIVE) DELIVERED for app ProcessRecord{126ce28 24150:com.sec.android.daemonapp/u0a145}
03-24 14:39:42.031 24150 24150 D [WeatherWidget(1236)]  ClearDataReceiver: {[2B4A2AC40B5A9FD87A06E8EADDAC90140D0735C4111B00ED5A4BFDD943296A603CF64C72E7F3E6D25FF9ACC8831CFEFA3E34FF6EAD00357EC7386503FB76F1C38DE7DC83CE464FCACDBF41BB39AB7B054A7DF2E7DC22A3D5464AE16F04652F0CC893404A7558568DB201C2D86D3385F2]}
03-24 14:39:42.051  3670  6805 D ConnectivityService: returning getNetworkInfo for network type 1 : [type: WIFI[] - WIFI, state: CONNECTED/CONNECTED, reason: (unspecified), extra: "DataStructures", roaming: false, failover: false, isAvailable: true]
03-24 14:39:42.061  3670  6805 D ConnectivityService: returning getNetworkInfo for network type 1 : [type: WIFI[] - WIFI, state: CONNECTED/CONNECTED, reason: (unspecified), extra: "DataStructures", roaming: false, failover: false, isAvailable: true]
03-24 14:39:42.061  3670  6805 D GameManagerService: identifyGamePackage. com.example.myapplication
03-24 14:39:42.081  3670  3994 W InputDispatcher: channel ~ Consumer closed input channel or an error occurred.  events=0x9
03-24 14:39:42.081  3670  3994 E InputDispatcher: channel ~ Channel is unrecoverably broken and will be disposed!
03-24 14:39:42.081  3670  4524 D ConnectivityService: ConnectivityService NetworkRequestInfo binderDied(NetworkRequest [ id=240, legacyType=-1, [ Capabilities: INTERNET&NOT_RESTRICTED&TRUSTED] ], android.os.BinderProxy@8764a3e)
03-24 14:39:42.081  3670  4947 I WindowState: WIN DEATH: Window{1b79a30 u0 d0 com.microsoft.emmx/org.chromium.chrome.browser.ChromeTabbedActivity}
03-24 14:39:42.081  3670  4029 D ConnectivityService: releasing NetworkRequest NetworkRequest [ id=240, legacyType=-1, [ Capabilities: INTERNET&NOT_RESTRICTED&TRUSTED] ]
03-24 14:39:42.081  3670  4143 D ConnectivityService: ConnectivityService NetworkRequestInfo binderDied(NetworkRequest [ id=239, legacyType=-1, [ Capabilities: INTERNET&NOT_RESTRICTED&TRUSTED] ], android.os.BinderProxy@ef0b09f)
03-24 14:39:42.081  3670  4016 D GraphicsStats: Buffer count: 7
03-24 14:39:42.081  3670  4421 D ConnectivityService: ConnectivityService NetworkRequestInfo binderDied(NetworkRequest [ id=238, legacyType=-1, [ Capabilities: INTERNET&NOT_RESTRICTED&TRUSTED] ], android.os.BinderProxy@c45d5ec)
03-24 14:39:42.081  3025  3212 D libEGL  : eglTerminate EGLDisplay = 0x7f76afef88
03-24 14:39:42.081  3670  4029 D ConnectivityService: sending notification RELEASED for NetworkRequest [ id=240, legacyType=-1, [ Capabilities: INTERNET&NOT_RESTRICTED&TRUSTED] ]
03-24 14:39:42.081  3025  3212 D libEGL  : eglTerminate EGLDisplay = 0x7f76afef88
03-24 14:39:42.081  3025  3212 D libEGL  : eglTerminate EGLDisplay = 0x7f76afef88
03-24 14:39:42.081  3025  3212 D libEGL  : eglTerminate EGLDisplay = 0x7f76afef88
03-24 14:39:42.081  3670  4029 E ConnectivityService: RemoteException caught trying to send a callback msg for NetworkRequest [ id=240, legacyType=-1, [ Capabilities: INTERNET&NOT_RESTRICTED&TRUSTED] ]
03-24 14:39:42.081  3670  4029 D ConnectivityService: releasing NetworkRequest NetworkRequest [ id=239, legacyType=-1, [ Capabilities: INTERNET&NOT_RESTRICTED&TRUSTED] ]
03-24 14:39:42.081  3670  4029 D ConnectivityService: sending notification RELEASED for NetworkRequest [ id=239, legacyType=-1, [ Capabilities: INTERNET&NOT_RESTRICTED&TRUSTED] ]
03-24 14:39:42.091  3670  4029 E ConnectivityService: RemoteException caught trying to send a callback msg for NetworkRequest [ id=239, legacyType=-1, [ Capabilities: INTERNET&NOT_RESTRICTED&TRUSTED] ]
03-24 14:39:42.091  3670  4029 D ConnectivityService: releasing NetworkRequest NetworkRequest [ id=238, legacyType=-1, [ Capabilities: INTERNET&NOT_RESTRICTED&TRUSTED] ]
03-24 14:39:42.091  3670  4029 D ConnectivityService: sending notification RELEASED for NetworkRequest [ id=238, legacyType=-1, [ Capabilities: INTERNET&NOT_RESTRICTED&TRUSTED] ]
03-24 14:39:42.091  3670  4029 E ConnectivityService: RemoteException caught trying to send a callback msg for NetworkRequest [ id=238, legacyType=-1, [ Capabilities: INTERNET&NOT_RESTRICTED&TRUSTED] ]
03-24 14:39:42.091  3670  3698 I WindowState: WIN DEATH: Window{e5bf090 u0 d0 SurfaceView}
03-24 14:39:42.091  3025  3210 I SurfaceFlinger: id=498 Removed TurfaceView (6/11)
03-24 14:39:42.091  3025  4174 I SurfaceFlinger: id=498 Removed TurfaceView (-2/11)
03-24 14:39:42.091  3670  4454 I WindowState: WIN DEATH: Window{2b07372 u0 d0 com.microsoft.emmx/org.chromium.chrome.browser.ChromeTabbedActivity}
03-24 14:39:42.091  3670  4454 W InputDispatcher: Attempted to unregister already unregistered input channel
03-24 14:39:42.091  3670  4454 W WindowManager: Force-removing child win Window{981d17 u0 d0 SurfaceView} from container Window{2b07372 u0 d0 com.microsoft.emmx/org.chromium.chrome.browser.ChromeTabbedActivity}
03-24 14:39:42.091  3025  3210 I SurfaceFlinger: id=496 Removed TurfaceView (4/10)
03-24 14:39:42.091  3025  4174 I SurfaceFlinger: id=496 Removed TurfaceView (-2/10)
03-24 14:39:42.091  3025  4439 I SurfaceFlinger: id=495 Removed DhromeTabbe (5/9)
03-24 14:39:42.091  3025  3210 I SurfaceFlinger: id=495 Removed DhromeTabbe (-2/9)
03-24 14:39:42.091  3025  3025 D libEGL  : eglTerminate EGLDisplay = 0x7ff3f31e58
03-24 14:39:42.091  3025  3025 D libEGL  : eglTerminate EGLDisplay = 0x7ff3f31e58
03-24 14:39:42.091  3025  3025 D libEGL  : eglTerminate EGLDisplay = 0x7ff3f31e58
03-24 14:39:42.101  3670  4407 W WindowManager: Failed looking up window
03-24 14:39:42.101  3670  4407 W WindowManager: java.lang.IllegalArgumentException: Requested window android.os.BinderProxy@2ce3d96 does not exist
03-24 14:39:42.101  3670  4407 W WindowManager: 	at com.android.server.wm.WindowManagerService.windowForClientLocked(WindowManagerService.java:14828)
03-24 14:39:42.101  3670  4407 W WindowManager: 	at com.android.server.wm.WindowManagerService.windowForClientLocked(WindowManagerService.java:14819)
03-24 14:39:42.101  3670  4407 W WindowManager: 	at com.android.server.wm.WindowState$DeathRecipient.binderDied(WindowState.java:1764)
03-24 14:39:42.101  3670  4407 W WindowManager: 	at android.os.BinderProxy.sendDeathNotice(Binder.java:558)
03-24 14:39:42.101  3670  4407 I WindowState: WIN DEATH: null
03-24 14:39:42.131  3670  3884 W WindowAnimator: Failed to dispatch window animation state change.
03-24 14:39:42.131  3670  3884 W WindowAnimator: android.os.DeadObjectException
03-24 14:39:42.131  3670  3884 W WindowAnimator: 	at android.os.BinderProxy.transactNative(Native Method)
03-24 14:39:42.131  3670  3884 W WindowAnimator: 	at android.os.BinderProxy.transact(Binder.java:503)
03-24 14:39:42.131  3670  3884 W WindowAnimator: 	at android.view.IWindow$Stub$Proxy.onAnimationStopped(IWindow.java:607)
03-24 14:39:42.131  3670  3884 W WindowAnimator: 	at com.android.server.wm.WindowAnimator.updateWindowsLocked(WindowAnimator.java:535)
03-24 14:39:42.131  3670  3884 W WindowAnimator: 	at com.android.server.wm.WindowAnimator.animateLocked(WindowAnimator.java:1203)
03-24 14:39:42.131  3670  3884 W WindowAnimator: 	at com.android.server.wm.WindowAnimator.access$000(WindowAnimator.java:95)
03-24 14:39:42.131  3670  3884 W WindowAnimator: 	at com.android.server.wm.WindowAnimator$1.doFrame(WindowAnimator.java:182)
03-24 14:39:42.131  3670  3884 W WindowAnimator: 	at android.view.Choreographer$CallbackRecord.run(Choreographer.java:918)
03-24 14:39:42.131  3670  3884 W WindowAnimator: 	at android.view.Choreographer.doCallbacks(Choreographer.java:695)
03-24 14:39:42.131  3670  3884 W WindowAnimator: 	at android.view.Choreographer.doFrame(Choreographer.java:628)
03-24 14:39:42.131  3670  3884 W WindowAnimator: 	at android.view.Choreographer$FrameDisplayEventReceiver.run(Choreographer.java:906)
03-24 14:39:42.131  3670  3884 W WindowAnimator: 	at android.os.Handler.handleCallback(Handler.java:739)
03-24 14:39:42.131  3670  3884 W WindowAnimator: 	at android.os.Handler.dispatchMessage(Handler.java:95)
03-24 14:39:42.131  3670  3884 W WindowAnimator: 	at android.os.Looper.loop(Looper.java:158)
03-24 14:39:42.131  3670  3884 W WindowAnimator: 	at android.os.HandlerThread.run(HandlerThread.java:61)
03-24 14:39:42.131  3670  3884 W WindowAnimator: 	at com.android.server.ServiceThread.run(ServiceThread.java:46)
03-24 14:39:42.141  3025  3212 I SurfaceFlinger: id=497 Removed DhromeTabbe (3/8)
03-24 14:39:42.141  3025  3210 I SurfaceFlinger: id=497 Removed DhromeTabbe (-2/8)
03-24 14:39:42.141  3025  4439 I SurfaceFlinger: id=497 Removed DhromeTabbe (-2/8)
03-24 14:39:42.141  3025  3025 D libEGL  : eglTerminate EGLDisplay = 0x7ff3f31e58
03-24 14:39:42.621  2448  2448 I FIPS_bssl: FIPS approved mode (1) | 2448 | app_process
03-24 14:39:42.621  2448  2448 D AndroidRuntime: >>>>>> START com.android.internal.os.RuntimeInit uid 2000 <<<<<<
03-24 14:39:42.621  2448  2448 D AndroidRuntime: CheckJNI is OFF
03-24 14:39:42.621  2448  2448 D AndroidRuntime: readGMSProperty: start
03-24 14:39:42.621  2448  2448 D AndroidRuntime: readGMSProperty: already setted!!
03-24 14:39:42.621  2448  2448 D AndroidRuntime: propertySet: couldn't set property (it is from app)
03-24 14:39:42.621  2448  2448 D AndroidRuntime: readGMSProperty: could not set the property(default)!!
03-24 14:39:42.621  2448  2448 D AndroidRuntime: readGMSProperty: end
03-24 14:39:42.621  2448  2448 D AndroidRuntime: addProductProperty: start
03-24 14:39:42.651  2448  2448 D ICU     : No timezone override file found: /data/misc/zoneinfo/current/icu/icu_tzdata.dat
03-24 14:39:42.671  2448  2448 I Radio-JNI: register_android_hardware_Radio DONE
03-24 14:39:42.681  2448  2448 E AffinityControl: AffinityControl: registerfunction enter
03-24 14:39:42.691  2448  2448 D AndroidRuntime: Calling main entry com.android.commands.monkey.Monkey
03-24 14:39:42.711  3670  3796 W BroadcastQueue: Skipping deliver [background] BroadcastRecord{1b9b7bb u-1 android.net.conn.CONNECTIVITY_CHANGE qIdx=4}, state= (IDLE) to ReceiverList{7b064d8 2448 (unknown name)/2000/u-1 remote:1722db5}: process crashing
03-24 14:39:42.721  2448  2448 I Timeline: Timeline: Activity_launch_request id:org.mozilla.firefox time:69593652
03-24 14:39:42.721  3670  4143 I PersonaManager: mKnoxInfo is empty
03-24 14:39:42.721  3670  4143 D GameManagerService: identifyGamePackage. org.mozilla.firefox
03-24 14:39:42.721  3670  4143 D MultiWindowPolicy: Gamemode - return 0,  when calling  identifyForegroundApp(org.mozilla.firefox)
03-24 14:39:42.721  3670  4143 D CustomFrequencyManagerService: releaseDVFSLockLocked : Getting Lock type frm List : DVFS_MIN_LIMIT  frequency : 1800000  uid : 1000  pid : 3670  tag : ACTIVITY_RESUME_BOOSTER@3
03-24 14:39:42.721  3670  4143 D CustomFrequencyManagerService: acquireDVFSLockLocked : type : DVFS_MIN_LIMIT  frequency : 1800000  uid : 1000  pid : 3670  pkgName : ACTIVITY_RESUME_BOOSTER@3
03-24 14:39:42.721  3670  4143 D ActivityManager: mDVFSHelper.acquire()
03-24 14:39:42.721  3670  4143 V WindowManager: addAppToken: AppWindowToken{e421497 token=Token{88f6316 ActivityRecord{be4f031 u0 org.mozilla.firefox/.App t112}}} to stack=1 task=112 at 0
03-24 14:39:42.741  3670  4143 D InputDispatcher: Focused application set to: xxxx
03-24 14:39:42.741  3670  4143 D InputDispatcher: Focus left window: 30395
03-24 14:39:42.741  3670  4550 D SettingsProvider: isChangeAllowed() : name = user_rotation
03-24 14:39:42.741  3670  4550 D SettingsProvider: isChangeAllowed() : name = accelerometer_rotation
03-24 14:39:42.741  3670  3884 D PointerIcon: setMouseIconStyle1 pointerType: 1001 iconType:101 flag:0 pid:3670 uid:1000
03-24 14:39:42.741  3670  3884 D PointerIcon: setMouseCustomIcon IconType is same.101
03-24 14:39:42.741  3670  4550 V WindowOrientationListener: OrientationSensorJudge.getProposedRotation, Rotation: -1
03-24 14:39:42.741  3670  4550 V WindowManager: rotationForOrientationLw(orient=-1, last=0); user=0  sensorRotation=-1 mLidState=-1 mDockMode=0 mHdmiPlugged=false mMobileKeyboardEnabled=false displayId=0
03-24 14:39:42.741  3670  4550 V WindowOrientationListener: OrientationSensorJudge.getProposedRotation, Rotation: -1
03-24 14:39:42.741  3670  3798 D SContextService: unregisterCallback() : Listener = android.hardware.scontext.SContextService$Listener@13b58e7, Service = Auto Rotation, used = 0
03-24 14:39:42.741  3670  4409 D SettingsProvider: isChangeAllowed() : name = accelerometer_rotation
03-24 14:39:42.751  3670  3798 W CAE     : unregisterCallback(ContextAwareService.java:206) - [unregi 01] Mutex is locked for AUTO_ROTATION
03-24 14:39:42.751  3670  3798 V CAE     : stop(ContextProvider.java:155)
03-24 14:39:42.751  3670  3798 V CAE     : clear(AutoRotationRunner.java:182)
03-24 14:39:42.751  3670  3798 V CAE     : disable(AutoRotationRunner.java:171)
03-24 14:39:42.751  3670  3798 I CAE     : sendCmdToSensorHub(SensorHubCommManager.java:162) - -78, 7, 0, 0,
03-24 14:39:42.751  3670  3798 D SensorHubManager: SendSensorHubData: send data = -78, 7, 0, 0
03-24 14:39:42.761  3054  3054 D Sensorhubs: sendContextData: -78, 7, 0, 0
03-24 14:39:42.761  3670  3798 D CAE     : getFaultDetectionResult(AutoRotationRunner.java:195) - true
03-24 14:39:42.761  3670  3798 I CAE     : notifyCmdProcessResultObserver(ContextProvider.java:627) - CheckResult = 0, Cause = Success
03-24 14:39:42.771  3670  3798 D CAE     : doCommendProcess(ContextAwareService.java:433) - complete notify the operation result.
03-24 14:39:42.771  3670  3798 I CAE     : displayUsedCountForService(ContextAwareService.java:525) - totalCnt = 0, serviceCount = 0, subCollectionCount = 0
03-24 14:39:42.771  3670  3798 D CAE     : showListenerList(ContextAwareService.java:366) - ===== Context Aware Service List =====
03-24 14:39:42.771  3670  3798 I CAE     : showListenerList(ContextAwareService.java:375) - Listener : com.samsung.android.contextaware.manager.ContextAwareService$Listener@1e966aa, Service : ACTIVITY_TRACKER_CURRENT_INFO(1)
03-24 14:39:42.771  3670  3798 I CAE     : showListenerList(ContextAwareService.java:375) - Listener : com.samsung.android.contextaware.manager.ContextAwareService$Listener@1e966aa, Service : ACTIVITY_TRACKER(1)
03-24 14:39:42.771  3670  3798 I CAE     : showListenerList(ContextAwareService.java:375) - Listener : com.samsung.android.contextaware.manager.ContextAwareService$Listener@f46c0eb, Service : AUTO_BRIGHTNESS(1)
03-24 14:39:42.771  3670  3798 W CAE     : unregisterCallback(ContextAwareService.java:241) - [unregi 02] Mutex is unlocked for AUTO_ROTATION
03-24 14:39:42.771  3670  3798 D SContextService: 	.unregisterCallback : 3, client=
03-24 14:39:42.771  3670  3798 D SContextService: ===== SContext Service List =====
03-24 14:39:42.771  3670  3798 D SContextService: Listener : android.hardware.scontext.SContextService$Listener@a9ee48, Service : Auto Brightness
03-24 14:39:42.771  3670  3798 D SContextService: Listener : android.hardware.scontext.SContextService$Listener@ba6ba11, Service : Activity Tracker
03-24 14:39:42.771  3670  3798 D SContextManager:   .unregisterListener : listener = com.android.server.policy.WindowOrientationListener$OrientationSensorJudge@a57e543, service=Auto Rotation
03-24 14:39:42.771  3670  4409 V WindowManager: rotationForOrientationLw(orient=-1, last=0); user=0 USER_ROTATION_LOCKED sensorRotation=-1 mLidState=-1 mDockMode=0 mHdmiPlugged=false mMobileKeyboardEnabled=false displayId=0
03-24 14:39:42.771  3670  3798 V WindowManager: rotationForOrientationLw(orient=-1, last=0); user=0 USER_ROTATION_LOCKED sensorRotation=-1 mLidState=-1 mDockMode=0 mHdmiPlugged=false mMobileKeyboardEnabled=false displayId=0
03-24 14:39:42.771  2448  2448 I art     : System.exit called, status: 0
03-24 14:39:42.771  2448  2448 I AndroidRuntime: VM exiting with result code 0.
03-24 14:39:42.771  3670  3798 V WindowManager: rotationForOrientationLw(orient=-1, last=0); user=0 USER_ROTATION_LOCKED sensorRotation=-1 mLidState=-1 mDockMode=0 mHdmiPlugged=false mMobileKeyboardEnabled=false displayId=0
03-24 14:39:42.781  3670  3798 W CAE     : setCAProperty(ContextAwareService.java:578) - [setProperty 01] Mutex is locked for AUTO_ROTATION
03-24 14:39:42.781  3670  3798 I CAE     : setPropertyValue(AutoRotationRunner.java:119) - Device Type = 0.0
03-24 14:39:42.781  3670  3798 I CAE     : setCAProperty(ContextAwareService.java:583) - result : true
03-24 14:39:42.781  3670  3798 W CAE     : setCAProperty(ContextAwareService.java:584) - [setProperty 02] Mutex is unlocked for AUTO_ROTATION
03-24 14:39:42.781  3670  3798 W CAE     : registerCallback(ContextAwareService.java:144) - [regi 01] Mutex is locked for AUTO_ROTATION
03-24 14:39:42.781  3670  3798 V CAE     : start(ContextProvider.java:128)
03-24 14:39:42.781  3670  3798 V CAE     : clear(AutoRotationRunner.java:182)
03-24 14:39:42.781  3670  3798 V CAE     : enable(AutoRotationRunner.java:158)
03-24 14:39:42.781  3670  3798 I CAE     : sendCmdToSensorHub(SensorHubCommManager.java:162) - -79, 7, 0, 0,
03-24 14:39:42.781  3670  3798 D SensorHubManager: SendSensorHubData: send data = -79, 7, 0, 0
03-24 14:39:42.781  3054 17920 D Sensorhubs: sendContextData: -79, 7, 0, 0
03-24 14:39:42.791  3670  3798 D CAE     : getFaultDetectionResult(AutoRotationRunner.java:195) - true
