03-24 14:38:41.641  1319  1344 W VideoCapabilities: Unrecognized profile 2130706434 for video/avc
03-24 14:38:41.641  1319  1344 W VideoCapabilities: Unrecognized profile 2130706434 for video/avc
03-24 14:38:41.641  1319  1344 W VideoCapabilities: Unrecognized profile 2130706434 for video/avc
03-24 14:38:41.641  1319  1344 W VideoCapabilities: Unrecognized profile 2130706434 for video/avc
03-24 14:38:41.641  1319  1344 W VideoCapabilities: Unrecognized profile 2130706434 for video/avc
03-24 14:38:41.641  1319  1344 W VideoCapabilities: Unrecognized profile 2130706434 for video/avc
03-24 14:38:41.641  1319  1344 W VideoCapabilities: Unrecognized profile 2130706434 for video/avc
03-24 14:38:41.641  1319  1344 W VideoCapabilities: Unrecognized profile 2130706434 for video/avc
03-24 14:38:41.641  1319  1344 W VideoCapabilities: Unrecognized profile 2130706434 for video/avc
03-24 14:38:41.641  1319  1344 W VideoCapabilities: Unrecognized profile 2130706434 for video/avc
03-24 14:38:41.641  1319  1344 W VideoCapabilities: Unrecognized profile 2130706434 for video/avc
03-24 14:38:41.641  1319  1344 W VideoCapabilities: Unrecognized profile 2130706434 for video/avc
03-24 14:38:41.641  1319  1344 W VideoCapabilities: Unrecognized profile 2130706434 for video/avc
03-24 14:38:41.641  1319  1344 W VideoCapabilities: Unrecognized profile 2130706434 for video/avc
03-24 14:38:41.641  1319  1344 W VideoCapabilities: Unrecognized profile 2130706434 for video/avc
03-24 14:38:41.641  4183  4183 I ApplicationPackageManager: scaled rate=1.0429629, size=192, alpha=15, hold=26, target=192
03-24 14:38:41.641  1319  1344 W VideoCapabilities: Unrecognized profile 2130706433 for video/avc
03-24 14:38:41.641  1319  1344 W VideoCapabilities: Unrecognized profile 2130706433 for video/avc
03-24 14:38:41.641  1319  1344 W VideoCapabilities: Unrecognized profile 2130706433 for video/avc
03-24 14:38:41.641  1319  1344 W VideoCapabilities: Unrecognized profile 2130706433 for video/avc
03-24 14:38:41.641  1319  1344 W VideoCapabilities: Unrecognized profile 2130706433 for video/avc
03-24 14:38:41.641  1319  1344 W VideoCapabilities: Unrecognized profile 2130706433 for video/avc
03-24 14:38:41.641  1319  1344 W VideoCapabilities: Unrecognized profile 2130706433 for video/avc
03-24 14:38:41.641  1319  1344 W VideoCapabilities: Unrecognized profile 2130706433 for video/avc
03-24 14:38:41.641  1319  1344 W VideoCapabilities: Unrecognized profile 2130706433 for video/avc
03-24 14:38:41.641  1319  1344 W VideoCapabilities: Unrecognized profile 2130706433 for video/avc
03-24 14:38:41.641  1319  1344 W VideoCapabilities: Unrecognized profile 2130706433 for video/avc
03-24 14:38:41.641  1319  1344 W VideoCapabilities: Unrecognized profile 2130706433 for video/avc
03-24 14:38:41.641  1319  1344 W VideoCapabilities: Unrecognized profile 2130706433 for video/avc
03-24 14:38:41.641  1319  1344 W VideoCapabilities: Unrecognized profile 2130706433 for video/avc
03-24 14:38:41.641  1319  1344 W VideoCapabilities: Unrecognized profile 2130706433 for video/avc
03-24 14:38:41.641  1319  1344 W VideoCapabilities: Unrecognized profile 2130706433 for video/avc
03-24 14:38:41.641  1319  1344 W VideoCapabilities: Unrecognized profile 2130706434 for video/avc
03-24 14:38:41.641  1319  1344 W VideoCapabilities: Unrecognized profile 2130706434 for video/avc
03-24 14:38:41.641  1319  1344 W VideoCapabilities: Unrecognized profile 2130706434 for video/avc
03-24 14:38:41.641  1319  1344 W VideoCapabilities: Unrecognized profile 2130706434 for video/avc
03-24 14:38:41.641  1319  1344 W VideoCapabilities: Unrecognized profile 2130706434 for video/avc
03-24 14:38:41.641  1319  1344 W VideoCapabilities: Unrecognized profile 2130706434 for video/avc
03-24 14:38:41.641  1319  1344 W VideoCapabilities: Unrecognized profile 2130706434 for video/avc
03-24 14:38:41.641  1319  1344 W VideoCapabilities: Unrecognized profile 2130706434 for video/avc
03-24 14:38:41.641  1319  1344 W VideoCapabilities: Unrecognized profile 2130706434 for video/avc
03-24 14:38:41.641  1319  1344 W VideoCapabilities: Unrecognized profile 2130706434 for video/avc
03-24 14:38:41.641  1319  1344 W VideoCapabilities: Unrecognized profile 2130706434 for video/avc
03-24 14:38:41.641  1319  1344 W VideoCapabilities: Unrecognized profile 2130706434 for video/avc
03-24 14:38:41.641  1319  1344 W VideoCapabilities: Unrecognized profile 2130706434 for video/avc
03-24 14:38:41.641  1319  1344 W VideoCapabilities: Unrecognized profile 2130706434 for video/avc
03-24 14:38:41.641  1319  1344 W VideoCapabilities: Unrecognized profile 2130706434 for video/avc
03-24 14:38:41.641  1319  1344 W VideoCapabilities: Unrecognized profile 2130706434 for video/avc
03-24 14:38:41.641  1082  1105 W System.err: remove failed: ENOENT (No such file or directory) : /data/user/0/com.yandex.browser/shared_prefs/MetricaFunnelFacade.SHARED_PREF.xml.bak
03-24 14:38:41.651  1319  1344 W VideoCapabilities: Unsupported mime video/wvc1
03-24 14:38:41.651  1319  1344 W VideoCapabilities: Unsupported mime video/x-ms-wmv
03-24 14:38:41.661  1319  1344 W VideoCapabilities: Unrecognized profile/level 32768/2 for video/mp4v-es
03-24 14:38:41.661  1319  1344 W VideoCapabilities: Unsupported mime video/wvc1
03-24 14:38:41.661  1319  1344 W VideoCapabilities: Unsupported mime video/x-ms-wmv
03-24 14:38:41.661  1319  1344 W VideoCapabilities: Unsupported mime video/x-ms-wmv7
03-24 14:38:41.661  1319  1344 W VideoCapabilities: Unsupported mime video/x-ms-wmv8
03-24 14:38:41.661  1319  1344 W VideoCapabilities: Unsupported mime video/mp43
03-24 14:38:41.661  1319  1344 W VideoCapabilities: Unrecognized profile 2130706433 for video/avc
03-24 14:38:41.661  1319  1344 W VideoCapabilities: Unrecognized profile 2130706433 for video/avc
03-24 14:38:41.661  1319  1344 W VideoCapabilities: Unrecognized profile 2130706433 for video/avc
03-24 14:38:41.661  1319  1344 W VideoCapabilities: Unrecognized profile 2130706433 for video/avc
03-24 14:38:41.661  1319  1344 W VideoCapabilities: Unrecognized profile 2130706433 for video/avc
03-24 14:38:41.661  1319  1344 W VideoCapabilities: Unrecognized profile 2130706433 for video/avc
03-24 14:38:41.661  1319  1344 W VideoCapabilities: Unrecognized profile 2130706433 for video/avc
03-24 14:38:41.661  1319  1344 W VideoCapabilities: Unrecognized profile 2130706433 for video/avc
03-24 14:38:41.661  1319  1344 W VideoCapabilities: Unrecognized profile 2130706433 for video/avc
03-24 14:38:41.661  1319  1344 W VideoCapabilities: Unrecognized profile 2130706433 for video/avc
03-24 14:38:41.661  1319  1344 W VideoCapabilities: Unrecognized profile 2130706433 for video/avc
03-24 14:38:41.661  1319  1344 W VideoCapabilities: Unrecognized profile 2130706433 for video/avc
03-24 14:38:41.661  1319  1344 W VideoCapabilities: Unrecognized profile 2130706433 for video/avc
03-24 14:38:41.661  1319  1344 W VideoCapabilities: Unrecognized profile 2130706433 for video/avc
03-24 14:38:41.661  1319  1344 W VideoCapabilities: Unrecognized profile 2130706433 for video/avc
03-24 14:38:41.661  1319  1344 W VideoCapabilities: Unrecognized profile 2130706433 for video/avc
03-24 14:38:41.661  1319  1344 W VideoCapabilities: Unrecognized profile 2130706434 for video/avc
03-24 14:38:41.661  1319  1344 W VideoCapabilities: Unrecognized profile 2130706434 for video/avc
03-24 14:38:41.661  1319  1344 W VideoCapabilities: Unrecognized profile 2130706434 for video/avc
03-24 14:38:41.661  1319  1344 W VideoCapabilities: Unrecognized profile 2130706434 for video/avc
03-24 14:38:41.661  1319  1344 W VideoCapabilities: Unrecognized profile 2130706434 for video/avc
03-24 14:38:41.661  1319  1344 W VideoCapabilities: Unrecognized profile 2130706434 for video/avc
03-24 14:38:41.661  1319  1344 W VideoCapabilities: Unrecognized profile 2130706434 for video/avc
03-24 14:38:41.661  1319  1344 W VideoCapabilities: Unrecognized profile 2130706434 for video/avc
03-24 14:38:41.661  1319  1344 W VideoCapabilities: Unrecognized profile 2130706434 for video/avc
03-24 14:38:41.661  1319  1344 W VideoCapabilities: Unrecognized profile 2130706434 for video/avc
03-24 14:38:41.661  1319  1344 W VideoCapabilities: Unrecognized profile 2130706434 for video/avc
03-24 14:38:41.661  1319  1344 W VideoCapabilities: Unrecognized profile 2130706434 for video/avc
03-24 14:38:41.661  1319  1344 W VideoCapabilities: Unrecognized profile 2130706434 for video/avc
03-24 14:38:41.661  1319  1344 W VideoCapabilities: Unrecognized profile 2130706434 for video/avc
03-24 14:38:41.661  1319  1344 W VideoCapabilities: Unrecognized profile 2130706434 for video/avc
03-24 14:38:41.661  1319  1344 W VideoCapabilities: Unrecognized profile 2130706434 for video/avc
03-24 14:38:41.661  1319  1344 W VideoCapabilities: Unrecognized profile/level 32768/2 for video/mp4v-es
03-24 14:38:41.671  1319  1344 I VideoCapabilities: Unsupported profile 4 for video/mp4v-es
03-24 14:38:41.691  1319  1344 W VideoCapabilities: Unsupported mime video/sorenson
03-24 14:38:41.731  1123  1403 I System.out: (HTTPLog)-Static: isSBSettingEnabled false
03-24 14:38:41.731  1123  1403 I System.out: (HTTPLog)-Static: isSBSettingEnabled false
03-24 14:38:41.951  1219  1219 D TextView: setTypeface with style : 0
03-24 14:38:41.951  1219  1219 D TextView: setTypeface with style : 0
03-24 14:38:41.951  1219  1219 D TextView: setTypeface with style : 0
03-24 14:38:41.971  1219  1421 D Minikin : FontFamily bestFont == NULL, so return vacant FakedFont
03-24 14:38:41.971  1219  1421 D Minikin : FontFamily bestFont == NULL, so return vacant FakedFont
03-24 14:38:41.971  1219  1421 D Minikin : FontFamily bestFont == NULL, so return vacant FakedFont
03-24 14:38:41.981  1219  1421 D Minikin : FontFamily bestFont == NULL, so return vacant FakedFont
03-24 14:38:41.981  1219  1421 D Minikin : FontFamily bestFont == NULL, so return vacant FakedFont
03-24 14:38:41.981  1219  1421 D Minikin : FontFamily bestFont == NULL, so return vacant FakedFont
03-24 14:38:42.021  1219  1219 W View    : requestLayout() improperly called by android.support.v7.widget.AppCompatImageView{6877a8f V.ED..... ......ID 0,0-432,2244 #7f0b003e app:id/activity_tutorial_zen_cards} during layout: running second layout pass
03-24 14:38:42.021  1219  1219 I ViewRootImpl: requestLayout is already in process
03-24 14:38:42.031  1082  1105 W System.err: remove failed: ENOENT (No such file or directory) : /data/user/0/com.yandex.browser/shared_prefs/messenger.xml.bak
03-24 14:38:42.061  1219  1219 D TextView: setTypeface with style : 0
03-24 14:38:42.061  4968  4983 I FontsContentProvider: Received query Noto Color Emoji Compat, URI content://com.google.android.gms.fonts
03-24 14:38:42.061  1219  1219 D TextView: setTypeface with style : 0
03-24 14:38:42.061  1219  1219 D TextView: setTypeface with style : 0
03-24 14:38:42.061  4968  4983 I FontsContentProvider: Query [Noto Color Emoji Compat] resolved to {Noto Color Emoji Compat, wdth 100.0, wght 400, ital 0.0, bestEffort false}
03-24 14:38:42.081  1082  1428 E SQLiteLog: (1) no such table: composite_parts
03-24 14:38:42.081  4968  4983 I FontsContentProvider: Fetch {Noto Color Emoji Compat, wdth 100.0, wght 400, ital 0.0, bestEffort false} end status Status{statusCode=SUCCESS, resolution=null}
03-24 14:38:42.101  3025  3025 D libEGL  : eglInitialize EGLDisplay = 0x7ff3f31d28
03-24 14:38:42.101  1082  1428 E SQLiteLog: (1) no such table: unseen_view
03-24 14:38:42.101  1219  1306 E         : g2d stretchFimgApi_v5 function does not exist
03-24 14:38:42.101  1219  1306 E         : [JM] stretchFimgApi might be v4.
03-24 14:38:42.121  1219  1219 W PathParser: Points are too far apart 4.002561287974534
03-24 14:38:42.121  1219  1219 W PathParser: Points are too far apart 4.002561287974534
03-24 14:38:42.131  4968  4990 I FontsContentProvider: Pulling font file for id = 2, cache size = 1
03-24 14:38:42.131  3025  3025 D libEGL  : eglInitialize EGLDisplay = 0x7ff3f31d28
03-24 14:38:42.171  1123  1429 I System.out: (HTTPLog)-Static: isSBSettingEnabled false
03-24 14:38:42.171  1123  1429 I System.out: (HTTPLog)-Static: isSBSettingEnabled false
03-24 14:38:42.241  1082  1426 D Minikin : FontFamily bestFont == NULL, so return vacant FakedFont
03-24 14:38:42.241  1082  1426 D Minikin : FontFamily bestFont == NULL, so return vacant FakedFont
03-24 14:38:42.241  1082  1426 D Minikin : FontFamily bestFont == NULL, so return vacant FakedFont
03-24 14:38:42.251  4968  4983 I FontsContentProvider: Pulling font file for id = 2, cache size = 1
03-24 14:38:42.261  1123  1181 I System.out: (HTTPLog)-Static: isSBSettingEnabled false
03-24 14:38:42.261  1123  1181 I System.out: (HTTPLog)-Static: isSBSettingEnabled false
03-24 14:38:42.381  3670  4407 W ServiceManager: Permission failure: com.samsung.permission.HRM_EXT from uid=10175 pid=1082
03-24 14:38:42.381  3670  4407 D PermissionCache: checking com.samsung.permission.HRM_EXT for uid=10175 => denied (112 us)
03-24 14:38:42.381  3670  4407 E SensorService: getSensorList a sensor (HRM Ambient Light Canceling) without holding its required permission: com.samsung.permission.HRM_EXT
03-24 14:38:42.381  3670  4407 I SensorService: Skipped sensor HRM Ambient Light Canceling because it requires permission com.samsung.permission.HRM_EXT and app op -1
03-24 14:38:42.381  3670  4407 E SensorService: getSensorList a sensor (HRM Proximity detecting) without holding its required permission: com.samsung.permission.HRM_EXT
03-24 14:38:42.381  3670  4407 I SensorService: Skipped sensor HRM Proximity detecting because it requires permission com.samsung.permission.HRM_EXT and app op -1
03-24 14:38:42.381  3670  4407 W ServiceManager: Permission failure: android.permission.BODY_SENSORS from uid=10175 pid=1082
03-24 14:38:42.381  3670  4407 E SensorService: getSensorList a sensor (HRMLED IR) without holding its required permission: android.permission.BODY_SENSORS
03-24 14:38:42.381  3670  4407 I SensorService: Skipped sensor HRMLED IR because it requires permission android.permission.BODY_SENSORS and app op 56
03-24 14:38:42.381  3670  4407 W ServiceManager: Permission failure: android.permission.BODY_SENSORS from uid=10175 pid=1082
03-24 14:38:42.381  3670  4407 E SensorService: getSensorList a sensor (HRMLED RED) without holding its required permission: android.permission.BODY_SENSORS
03-24 14:38:42.381  3670  4407 I SensorService: Skipped sensor HRMLED RED because it requires permission android.permission.BODY_SENSORS and app op 56
03-24 14:38:42.381  3670  4407 W ServiceManager: Permission failure: com.samsung.permission.SSENSOR from uid=10175 pid=1082
03-24 14:38:42.381  3670  4407 D PermissionCache: checking com.samsung.permission.SSENSOR for uid=10175 => denied (29 us)
03-24 14:38:42.381  3670  4407 E SensorService: getSensorList a sensor (MAX86900) without holding its required permission: com.samsung.permission.SSENSOR
03-24 14:38:42.381  3670  4407 I SensorService: Skipped sensor MAX86900 because it requires permission com.samsung.permission.SSENSOR and app op -1
03-24 14:38:42.381  3670  4407 E SensorService: getSensorList a sensor (HRM Sensor) without holding its required permission: com.samsung.permission.SSENSOR
03-24 14:38:42.381  3670  4407 I SensorService: Skipped sensor HRM Sensor because it requires permission com.samsung.permission.SSENSOR and app op -1
03-24 14:38:42.381  3670  4407 W ServiceManager: Permission failure: android.permission.BODY_SENSORS from uid=10175 pid=1082
03-24 14:38:42.381  3670  4407 E SensorService: getSensorList a sensor (HeartRate Sensor) without holding its required permission: android.permission.BODY_SENSORS
03-24 14:38:42.381  3670  4407 I SensorService: Skipped sensor HeartRate Sensor because it requires permission android.permission.BODY_SENSORS and app op 56
03-24 14:38:42.501  3670  4068 W System.err: remove failed: ENOENT (No such file or directory) : /data/system/recent_tasks/109_task.xml.bak
03-24 14:38:42.501  1082  1105 W System.err: remove failed: ENOENT (No such file or directory) : /data/user/0/com.yandex.browser/shared_prefs/MordaStorage.xml.bak
03-24 14:38:42.551 31048 31048 I wpa_supplicant: nl80211: Received scan results (4 BSSes)
03-24 14:38:42.551  3037  3738 D Netd    : Iface wlan0 link up
03-24 14:38:42.551  3670  4020 D WifiP2pService: InactiveState{ what=147461 }
03-24 14:38:42.551  3670  4020 D WifiP2pService: P2pEnabledState{ what=147461 }
03-24 14:38:42.551  3670  4020 D WifiP2pService: DefaultState{ what=147461 }
03-24 14:38:42.551  3670  3804 D Tethering: interfaceLinkStateChanged wlan0, true
03-24 14:38:42.551  3670  3804 D Tethering: interfaceStatusChanged wlan0, true
03-24 14:38:42.561  3670  3670 I CLocInfoService: External Intent Received android.net.wifi.SCAN_RESULTS
03-24 14:38:42.571  3670  3796 V BroadcastQueue: [background] Process cur broadcast BroadcastRecord{72c1c38 u-1 android.net.wifi.SCAN_RESULTS qIdx=4}, state= (APP_RECEIVE) DELIVERED for app ProcessRecord{124bbc4 4103:com.android.systemui/u0a43}
03-24 14:38:42.591  1123  1181 I System.out: (HTTPLog)-Static: isSBSettingEnabled false
03-24 14:38:42.591  1123  1181 I System.out: (HTTPLog)-Static: isSBSettingEnabled false
03-24 14:38:42.681  1199  1451 W System.err: remove failed: ENOENT (No such file or directory) : /data/user/0/com.yandex.browser/shared_prefs/experiments.xml.bak
03-24 14:38:42.781  1082  1236 W System.err: remove failed: ENOENT (No such file or directory) : /data/user/0/com.yandex.browser/files/Default.Dashboard.Cells.bak
03-24 14:38:42.791  3670  6805 D GameManagerService: identifyGamePackage. com.yandex.browser
03-24 14:38:43.081  1082  1082 W chromium: [WARNING:passman_password_form_adjustments.cc(127)] No Passman password form adjustments in config, using defaults.
03-24 14:38:43.091  1082  1082 W chromium: [WARNING:server_configs_manager_impl.cc(622)] Extracted empty config content_settings
03-24 14:38:43.551  1123  1181 I System.out: (HTTPLog)-Static: isSBSettingEnabled false
03-24 14:38:43.551  1123  1181 I System.out: (HTTPLog)-Static: isSBSettingEnabled false
03-24 14:38:44.131  3670  4524 D BatteryService: !@BatteryListener : batteryPropertiesChanged!
03-24 14:38:44.131  3670  4524 D BatteryService: level:92, scale:100, status:2, health:2, present:true, voltage: 4196, temperature: 293, technology: Li-ion, AC powered:false, USB powered:true, POGO powered:false, Wireless powered:false, icon:17303414, invalid charger:0, maxChargingCurrent:0
03-24 14:38:44.131  3670  4524 D BatteryService: online:4, current avg:-281, charge type:1, power sharing:false, high voltage charger:false, capacity:280000, batterySWSelfDischarging:false, current_now:-186
03-24 14:38:44.131  3670  3670 D BatteryService: Sending ACTION_BATTERY_CHANGED.
03-24 14:38:44.131  3670  3670 I MotionRecognitionService: Plugged
03-24 14:38:44.131  3670  3670 E MotionRecognitionService: support TA ~
03-24 14:38:44.131  3670  3670 I MotionRecognitionService: isTAConnected | current backoffstate  = 33792
03-24 14:38:44.131  3670  3670 D MotionRecognitionService:  TA connected ,  33792
03-24 14:38:44.131  3670  3670 I MotionRecognitionService: skip setTransmitPower. 
03-24 14:38:44.131  3670  3670 D MotionRecognitionService:   cableConnection= 1
03-24 14:38:44.131  3670  3670 D MotionRecognitionService: setPowerConnected | current backoffstate  = 33792 , state =33792
03-24 14:38:44.131  3670  3670 D MotionRecognitionService: skip setTransmitPower. 
03-24 14:38:44.131  4103  4103 D KeyguardUpdateMonitor: received broadcast android.intent.action.BATTERY_CHANGED
03-24 14:38:44.131  4103  4103 D PowerUI : priorPlugType = 2 mPlugType =  2
03-24 14:38:44.131  4103  4103 D PowerUI.Notification: showChargingNotice oldChargingType : 1 currentChargingType : 1 oldChargingTime : 1574000 mChargingTime : 1599000
03-24 14:38:44.131  4103  4103 D PowerUI.Notification: showChargingNotification()
03-24 14:38:44.141  3670  4946 D ApplicationPolicy: isStatusBarNotificationAllowedAsUser: packageName = com.android.systemui,userId = -1
03-24 14:38:44.141  3670  4946 I PersonaManager: mKnoxInfo is empty
03-24 14:38:44.141  4103  4103 D KeyguardUpdateMonitor: handleBatteryUpdate
03-24 14:38:44.141  4103  4103 D BatteryMeterView: ACTION_BATTERY_CHANGED : level:92 status:2 health:2
03-24 14:38:44.141  4103  4103 D BatteryMeterView: ACTION_BATTERY_CHANGED : level:92 status:2 health:2
03-24 14:38:44.141  3670  3670 D MARsPolicyManager: NotificationListenerService OngoingNotificationPosted : com.android.systemui
03-24 14:38:44.171  3025  3025 D libEGL  : eglInitialize EGLDisplay = 0x7ff3f31d28
03-24 14:38:44.171  4103  4103 W ResourcesManager: getTopLevelResources: /system/priv-app/SystemUI/SystemUI.apk / 1.0 running in com.android.systemui rsrc of package com.android.systemui
03-24 14:38:44.181  4103  4103 D PhoneStatusBar: setAreThereNotifications: N=2 any=true clearable=false
03-24 14:38:45.061  1082  1281 W System.err: remove failed: ENOENT (No such file or directory) : /data/user/0/com.yandex.browser/shared_prefs/com.google.android.gms.appid.xml.bak
03-24 14:38:45.091  1082  1318 W cr_ChildProcLH: Create a new ChildConnectionAllocator with package name = com.yandex.browser, sandboxed = true
03-24 14:38:45.091  3670  4550 I PersonaManager: mKnoxInfo is empty
03-24 14:38:45.101  1497  1497 E Zygote  : v2
03-24 14:38:45.101  1497  1497 I libpersona: KNOX_SDCARD checking this for 99168
03-24 14:38:45.101  1497  1497 I libpersona: KNOX_SDCARD not a persona
03-24 14:38:45.101  1497  1497 W SELinux : Function: selinux_compare_spd_ram, index[1], priority [2], priority version is VE=SEPF_SECMOBILE_6.0.1_0003
03-24 14:38:45.101  1497  1497 E Zygote  : accessInfo : 0
03-24 14:38:45.101  1497  1497 W SELinux : SELinux: seapp_context_lookup: seinfo=default, level=s0:c512,c768, pkgname=com.yandex.browser:sandboxed_process15 
03-24 14:38:45.111  3670  4550 I ActivityManager: Start proc 1497:com.yandex.browser:sandboxed_process15/u0i168 for service com.yandex.browser/org.chromium.content.app.SandboxedProcessService15
03-24 14:38:45.111  3670  4952 I PersonaManager: mKnoxInfo is empty
03-24 14:38:45.111  3670  4454 I PersonaManager: mKnoxInfo is empty
03-24 14:38:45.131  3670  4952 I PersonaManager: mKnoxInfo is empty
03-24 14:38:45.131  1497  1497 W ResourcesManager: getTopLevelResources: /data/app/com.yandex.browser-1/base.apk / 1.0 running in com.yandex.browser rsrc of package com.yandex.browser
03-24 14:38:45.131  4932  2582 I System.out: (HTTPLog)-Static: isSBSettingEnabled false
03-24 14:38:45.131  4932  2582 I System.out: (HTTPLog)-Static: isSBSettingEnabled false
03-24 14:38:45.131  4932  2582 I qtaguid : Tagging socket 92 with tag 3000040700000000{805307399,0} uid -1, pid: 4932, getuid(): 10015
03-24 14:38:45.141  1497  1497 D ResourcesManager: For user 0 new overlays fetched Null
03-24 14:38:45.141  1497  1497 I InjectionManager: Inside getClassLibPath caller 
03-24 14:38:45.161  1497  1497 I MultiDex: Installing application
03-24 14:38:45.161  1497  1497 I MultiDex: VM with version 2.1.0 has multidex support
03-24 14:38:45.161  1497  1497 I MultiDex: VM has multidex support, MultiDex support library is disabled.
03-24 14:38:45.161  1497  1497 I cr_base_multidex: Completed multidex installation.
03-24 14:38:45.161  1497  1511 E cr_PathUtils: Failed to set permissions for path "/data/user/0/com.yandex.browser/app_chromium"
03-24 14:38:45.171  1497  1497 D InjectionManager: InjectionManager
03-24 14:38:45.171  1497  1497 I InjectionManager: featureStore :{}
03-24 14:38:45.181  1497  1497 I cr_ChildProcessService: Creating new ChildProcessService pid=1497
03-24 14:38:45.201  1497  1512 I cr_LibraryLoader:  Loading yandexbrowser from within /data/app/com.yandex.browser-1/base.apk
03-24 14:38:45.241  1497  1512 I cr_LibraryLoader: Time to load native libraries: 40 ms (timestamps 6133-6173)
03-24 14:38:45.241  1497  1512 I chromium: [INFO:library_loader_hooks.cc(36)] Chromium logging enabled: level = 0, default verbosity = 0
03-24 14:38:45.241  1497  1512 I cr_LibraryLoader: Expected native library version number "18.11.1.979", actual native library version number "18.11.1.979"
03-24 14:38:45.251  1497  1512 W ResourcesManager: getTopLevelResources: /data/app/com.yandex.browser-1/base.apk / 1.0 running in com.yandex.browser rsrc of package com.yandex.browser
03-24 14:38:45.261  1497  1512 I chromium: [INFO:child_process_service.cc(73)] ChildProcessService: Exiting child process.
03-24 14:38:45.271  1082  1318 W cr_ChildProcessConn: onServiceDisconnected (crash or killed by oom): pid=1497
03-24 14:38:45.271  3670  4454 I ActivityManager: Process com.yandex.browser:sandboxed_process15 (pid 1497)(adj 1) has died(53,594)
03-24 14:38:45.271  3670  4454 D ActivityManager: cleanUpApplicationRecord -- 1497
03-24 14:38:45.271  3670  4454 D ActivityManager: isAutoRunBlockedApp:: com.yandex.browser, Auto Run ON
03-24 14:38:45.271  3670  4454 W ActivityManager: Scheduling restart of crashed service com.yandex.browser/org.chromium.content.app.SandboxedProcessService15 in 1000ms
03-24 14:38:45.581  1082  1082 W System.err: remove failed: ENOENT (No such file or directory) : /data/user/0/com.yandex.browser/files/roboto_bold.ttf.bak
03-24 14:38:45.591  1082  1082 D Minikin : FontFamily bestFont == NULL, so return vacant FakedFont
03-24 14:38:45.591  1082  1082 D Minikin : FontFamily bestFont == NULL, so return vacant FakedFont
03-24 14:38:45.591  1082  1082 D Minikin : FontFamily bestFont == NULL, so return vacant FakedFont
03-24 14:38:45.641  1082  1082 D TextView: setTypeface with style : 0
03-24 14:38:45.651  1082  1522 D Minikin : FontFamily bestFont == NULL, so return vacant FakedFont
03-24 14:38:45.651  1082  1522 D Minikin : FontFamily bestFont == NULL, so return vacant FakedFont
03-24 14:38:45.651  1082  1522 D Minikin : FontFamily bestFont == NULL, so return vacant FakedFont
03-24 14:38:45.681  1082  1082 W System.err: remove failed: ENOENT (No such file or directory) : /data/user/0/com.yandex.browser/files/roboto_black.ttf.bak
03-24 14:38:45.681  1082  1082 D Minikin : FontFamily bestFont == NULL, so return vacant FakedFont
03-24 14:38:45.681  1082  1082 D Minikin : FontFamily bestFont == NULL, so return vacant FakedFont
03-24 14:38:45.681  1082  1082 D Minikin : FontFamily bestFont == NULL, so return vacant FakedFont
03-24 14:38:45.701  3025  3025 I SurfaceFlinger: id=493 createSurf (1440x2464),4 flag=404, TurfaceView
03-24 14:38:45.721  3670  4143 V WindowStateAnimator: Finishing drawing window Window{1f257bf u0 d0 SurfaceView}: mDrawState=DRAW_PENDING
03-24 14:38:45.731  4932  2582 I qtaguid : Untagging socket 92
03-24 14:38:45.731  3670  4947 V WindowStateAnimator: Finishing drawing window Window{1f257bf u0 d0 SurfaceView}: mDrawState=HAS_DRAWN
03-24 14:38:45.741  1319  1344 D mali_winsys: new_window_surface returns 0x3000,  [1440x2464]-format:1
03-24 14:38:45.741  3025  3025 D libEGL  : eglInitialize EGLDisplay = 0x7ff3f31d28
03-24 14:38:45.741  1319  1344 D         : ro.exynos.dss isEnabled: 0
03-24 14:38:45.751  1319  1344 D libGLESv2: DTS_GLAPI : DTS is not allowed for Package : com.yandex.browser:privileged_process0
03-24 14:38:45.781  1082  1082 D TextView: setTypeface with style : 0
03-24 14:38:45.821  3025  3025 D libEGL  : eglInitialize EGLDisplay = 0x7ff3f31d28
03-24 14:38:45.851  3670  6805 D ConnectivityService: returning getNetworkInfo for network type 1 : [type: WIFI[] - WIFI, state: CONNECTED/CONNECTED, reason: (unspecified), extra: "DataStructures", roaming: false, failover: false, isAvailable: true]
03-24 14:38:46.441  3670  4946 D ApplicationPolicy: isStatusBarNotificationAllowedAsUser: packageName = com.yandex.browser,userId = 0
03-24 14:38:46.441  3670  4946 I PersonaManager: mKnoxInfo is empty
03-24 14:38:46.441  3670  3670 V NotificationService: notifications are disabled by AppOps for com.yandex.browser
03-24 14:38:46.441  3670  3670 E NotificationService: Suppressing notification from package com.yandex.browser by user request.
03-24 14:38:46.491  1082  1379 D skia    : --- SkImageDecoder::Factory returned null
03-24 14:38:46.501  1082  1379 D skia    : --- SkImageDecoder::Factory returned null
03-24 14:38:46.511  1082  1379 D skia    : --- SkImageDecoder::Factory returned null
03-24 14:38:46.511  1082  1379 D skia    : --- SkImageDecoder::Factory returned null
03-24 14:38:46.521  1082  1379 D skia    : --- SkImageDecoder::Factory returned null
03-24 14:38:46.551  1082  1082 D ConnectivityManager: requestNetwork; getAppId(CallingUid) : 10175, CallingPid : 1082
03-24 14:38:46.551  3670  4421 D ConnectivityService: listenForNetwork for Listen from uid/pid:10175/1082 for NetworkRequest [ id=237, legacyType=-1, [ Capabilities: INTERNET&NOT_RESTRICTED&TRUSTED] ]
03-24 14:38:46.551  3670  4029 D ConnectivityService: rematching NetworkAgentInfo [WIFI () - 510]
03-24 14:38:46.551  3670  4029 D ConnectivityService:  network has: NetworkAgentInfo{ ni{[type: WIFI[] - WIFI, state: CONNECTED/CONNECTED, reason: (unspecified), extra: "DataStructures", roaming: false, failover: false, isAvailable: true]}  network{510}  lp{{InterfaceName: wlan0 LinkAddresses: [fe80::ee9b:f3ff:fe73:43e9/64,192.168.0.174/24,]  Routes: [fe80::/64 -> :: wlan0,192.168.0.0/24 -> 0.0.0.0 wlan0,0.0.0.0/0 -> 192.168.0.1 wlan0,] DnsAddresses: [192.168.0.1,] Domains:  MTU: 0 TcpBufferSizes: 524288,1048576,4525824,524288,1048576,4525824}}  nc{[ Transports: WIFI Capabilities: INTERNET&NOT_RESTRICTED&TRUSTED&NOT_VPN&VALIDATED LinkUpBandwidth>=1048576Kbps LinkDnBandwidth>=1048576Kbps SignalStrength: -33]}  Score{60}  everValidated{true}  lastValidated{true}  created{true} lingering{false} explicitlySelected{false} acceptUnvalidated{false} everCaptivePortalDetected{false} lastCaptivePortalDetected{false} }
03-24 14:38:46.551  3670  4029 D ConnectivityService:   checking if request is: NetworkRequest [ id=10, legacyType=-1, [ Capabilities: INTERNET&NOT_RESTRICTED&TRUSTED&NOT_VPN] ] satisfies: true nri.isRequest: false
03-24 14:38:46.551  3670  4029 D ConnectivityService:   checking if request is: NetworkRequest [ id=30, legacyType=-1, [ Capabilities: INTERNET&NOT_RESTRICTED&TRUSTED] ] satisfies: true nri.isRequest: false
03-24 14:38:46.551  3670  4029 D ConnectivityService:   checking if request is: NetworkRequest [ id=5, legacyType=-1, [ Transports: WIFI Capabilities: INTERNET&NOT_RESTRICTED&TRUSTED&NOT_VPN] ] satisfies: true nri.isRequest: false
03-24 14:38:46.551  3670  4029 D ConnectivityService:   checking if request is: NetworkRequest [ id=236, legacyType=-1, [ Capabilities: INTERNET&NOT_RESTRICTED&TRUSTED] ] satisfies: true nri.isRequest: false
03-24 14:38:46.551  3670  4029 D ConnectivityService: Network NetworkAgentInfo [WIFI () - 510] was already satisfying request 1. No change.
03-24 14:38:46.551  3670  4029 D ConnectivityService:   checking if request is: NetworkRequest [ id=3, legacyType=-1, [] ] satisfies: true nri.isRequest: false
03-24 14:38:46.551  3670  4029 D ConnectivityService:   checking if request is: NetworkRequest [ id=237, legacyType=-1, [ Capabilities: INTERNET&NOT_RESTRICTED&TRUSTED] ] satisfies: true nri.isRequest: false
03-24 14:38:46.551  3670  4029 D ConnectivityService:   checking if request is: NetworkRequest [ id=4, legacyType=-1, [ Transports: CELLULAR Capabilities: INTERNET&NOT_RESTRICTED&TRUSTED&NOT_VPN] ] satisfies: false nri.isRequest: false
03-24 14:38:46.551  3670  4029 D ConnectivityService:   checking if request is: NetworkRequest [ id=226, legacyType=-1, [ Capabilities: INTERNET&NOT_RESTRICTED&TRUSTED] ] satisfies: true nri.isRequest: false
03-24 14:38:46.551  3670  4029 D ConnectivityService:   checking if request is: NetworkRequest [ id=29, legacyType=-1, [ Capabilities: INTERNET&NOT_RESTRICTED&TRUSTED] ] satisfies: true nri.isRequest: false
03-24 14:38:46.551  3670  4029 D ConnectivityService:   checking if request is: NetworkRequest [ id=228, legacyType=-1, [ Capabilities: INTERNET&NOT_RESTRICTED&TRUSTED] ] satisfies: true nri.isRequest: false
03-24 14:38:46.551  3670  4029 D ConnectivityService: sending notification AVAILABLE for NetworkRequest [ id=237, legacyType=-1, [ Capabilities: INTERNET&NOT_RESTRICTED&TRUSTED] ]
03-24 14:38:46.771  3670  4952 D PackageManager: setEnabledSetting : userId = 0 packageName = com.yandex.browser cmp = com.yandex.alice.shortcut.activities.AliceShortcutActivity newState = 1 callingPackage = 10175
03-24 14:38:46.801  3670  4143 I PersonaManager: mKnoxInfo is empty
03-24 14:38:46.821  3670  4550 I PersonaManager: mKnoxInfo is empty
03-24 14:38:46.931  3670  4283 E Watchdog: !@Sync 2317 [03-24 14:38:46.938]
03-24 14:38:47.581  1123  1403 I System.out: (HTTPLog)-Static: isSBSettingEnabled false
03-24 14:38:47.581  1123  1403 I System.out: (HTTPLog)-Static: isSBSettingEnabled false
03-24 14:38:47.741  1082  1105 W System.err: remove failed: ENOENT (No such file or directory) : /data/user/0/com.yandex.browser/shared_prefs/ya_traffic_usage_stat.xml.bak
03-24 14:38:48.201  3037  3741 D EnterpriseController: netId is 0
03-24 14:38:48.201  3037  3741 D Netd    : getNetworkForDns: using netid 510 for uid 10175
03-24 14:38:48.201  3037  3741 D EnterpriseController: netId is 0
03-24 14:38:48.201  3037  3741 D Netd    : getNetworkForDns: using netid 510 for uid 10175
03-24 14:38:48.201  3037  3741 D EnterpriseController: netId is 0
03-24 14:38:48.201  3037  3741 D Netd    : getNetworkForDns: using netid 510 for uid 10175
03-24 14:38:48.491  3670  3930 D PackageManager: [MSG] WRITE_PACKAGE_RESTRICTIONS
03-24 14:38:48.511  3670  3930 W System.err: remove failed: ENOENT (No such file or directory) : /data/system/users/0/package-restrictions.xml.bak
03-24 14:38:48.661  1082  1379 D skia    : --- SkImageDecoder::Factory returned null
03-24 14:38:48.661  1082  1379 D skia    : --- SkImageDecoder::Factory returned null
03-24 14:38:48.671  1082  1379 D skia    : --- SkImageDecoder::Factory returned null
03-24 14:38:48.671  1082  1379 D skia    : --- SkImageDecoder::Factory returned null
03-24 14:38:50.181  3670  6805 D SSRM:n  : SIOP:: AP = 420, PST = 366 (W:10), CP = 276, CUR = -281, LCD = 113
03-24 14:38:50.241  3670  6805 D ConnectivityService: returning getNetworkInfo for network type 1 : [type: WIFI[] - WIFI, state: CONNECTED/CONNECTED, reason: (unspecified), extra: "DataStructures", roaming: false, failover: false, isAvailable: true]
03-24 14:38:51.151  3670  3796 W ActivityManager: Activity stop timeout for ActivityRecord{9b79b u0 com.example.myapplication/.MainActivity t99}
03-24 14:38:54.181  3670  4409 D BatteryService: !@BatteryListener : batteryPropertiesChanged!
03-24 14:38:54.181  3670  4409 D BatteryService: level:92, scale:100, status:2, health:2, present:true, voltage: 4260, temperature: 293, technology: Li-ion, AC powered:false, USB powered:true, POGO powered:false, Wireless powered:false, icon:17303414, invalid charger:0, maxChargingCurrent:0
03-24 14:38:54.181  3670  4409 D BatteryService: online:4, current avg:-72, charge type:1, power sharing:false, high voltage charger:false, capacity:280000, batterySWSelfDischarging:false, current_now:213
03-24 14:38:54.181  3670  3670 D BatteryService: Sending ACTION_BATTERY_CHANGED.
03-24 14:38:54.181  3670  3670 I MotionRecognitionService: Plugged
03-24 14:38:54.181  3670  3670 E MotionRecognitionService: support TA ~
03-24 14:38:54.181  3670  3670 I MotionRecognitionService: isTAConnected | current backoffstate  = 33792
03-24 14:38:54.181  3670  3670 D MotionRecognitionService:  TA connected ,  33792
03-24 14:38:54.181  3670  3670 I MotionRecognitionService: skip setTransmitPower. 
03-24 14:38:54.181  3670  3670 D MotionRecognitionService:   cableConnection= 1
03-24 14:38:54.181  3670  3670 D MotionRecognitionService: setPowerConnected | current backoffstate  = 33792 , state =33792
03-24 14:38:54.181  3670  3670 D MotionRecognitionService: skip setTransmitPower. 
03-24 14:38:54.181  4103  4103 D KeyguardUpdateMonitor: received broadcast android.intent.action.BATTERY_CHANGED
03-24 14:38:54.191  4103  4103 D KeyguardUpdateMonitor: handleBatteryUpdate
03-24 14:38:54.191  4103  4103 D PowerUI : priorPlugType = 2 mPlugType =  2
03-24 14:38:54.191  4103  4103 D PowerUI.Notification: showChargingNotice oldChargingType : 1 currentChargingType : 1 oldChargingTime : 1599000 mChargingTime : 1599000
03-24 14:38:54.191  4103  4103 D PowerUI.Notification: There is no change about charging status, so return!
03-24 14:38:54.221  4103  4103 D BatteryMeterView: ACTION_BATTERY_CHANGED : level:92 status:2 health:2
03-24 14:38:54.221  4103  4103 D BatteryMeterView: ACTION_BATTERY_CHANGED : level:92 status:2 health:2
03-24 14:38:59.441  3670  4018 V NetworkStats: performPollLocked(flags=0x1)
03-24 14:38:59.441  3670  4018 D NtpTrustedTime: currentTimeMillis() cache hit
03-24 14:38:59.451  3670  4018 D NetworkStatsRecorder: entry.iface is null
03-24 14:38:59.451  3670  4018 D NetworkStatsRecorder: entry.iface is null
03-24 14:38:59.461  3670  4018 D NetworkStatsRecorder: entry.iface is null
03-24 14:38:59.461  3670  4018 D NetworkStatsRecorder: entry.iface is null
03-24 14:38:59.481  3670  4018 V NetworkStats: performPollLocked() took 39ms
03-24 14:38:59.481  3670  4018 D NtpTrustedTime: currentTimeMillis() cache hit
03-24 14:38:59.491  3670  4019 D NtpTrustedTime: currentTimeMillis() cache hit
03-24 14:38:59.521  3670  4019 D NtpTrustedTime: currentTimeMillis() cache hit
03-24 14:38:59.991  3670  3980 V AlarmManager: Expired Alarm result :8
03-24 14:39:00.001  4103  4103 D KeyguardUpdateMonitor: received broadcast android.intent.action.TIME_TICK
03-24 14:39:00.011  4103  4103 D KeyguardUpdateMonitor: handleTimeUpdate
03-24 14:39:00.021  4103  4103 D Clock   : received broadcast android.intent.action.TIME_TICK
03-24 14:39:00.081  4103  4103 D DateView: received broadcast android.intent.action.TIME_TICK
03-24 14:39:00.161 24150 24150 D [WeatherWidget(1236)]  WeatherService: {[EC3334F14841398C8B464A72D0E61AB7C564889C89112557F2146D56794659083956C77974A4825103AB5C5D4AC85EDAA24236388AC138058106446B92A35777]}
03-24 14:39:00.161 24150 24150 D [WeatherWidget(1236)]  : {[3AE6950019B083611567B0F9442DB03EEFA9050249635C043F7E254E316C2550]}
03-24 14:39:00.191 24150 24150 D [WeatherWidget(1236)]  : {[3AE6950019B083611567B0F9442DB03E5DDA24A68DD8F41CDE99F0ED3FBCA79D6E3672D13C47BC5ED8EFB051B507BC35D16D05BE0B1FFC48F1CBC65A73129A0D]}
03-24 14:39:00.201 24150 24150 D [WeatherWidget(1236)]  : {[A1AF0F6A1A65A89C43D705938923D0FEFB71880C4E84718DA0A3E1F383E54FB24509E0FBB917D66D2978C513F7383D4A3053B01023BD027BD5C6B984AE327ACDF73722D68B1F80266469F24891921060F6012335F813CE3C0359344A51D4CD9D96750407689B32392378DF20D5323939]}
03-24 14:39:00.201 24150 24150 D [WeatherWidget(1236)]  : {[15C09394A4E9AFE55A5C62F22AB3FC5902EB2A2150B6646A86F2B3102D669614]}
03-24 14:39:00.281  3670  6805 D SSRM:n  : SIOP:: AP = 370, PST = 367 (W:20), CP = 278, CUR = -72, LCD = 113
03-24 14:39:04.231  3670  3931 D BatteryService: !@BatteryListener : batteryPropertiesChanged!
03-24 14:39:04.231  3670  3931 D BatteryService: level:92, scale:100, status:2, health:2, present:true, voltage: 4258, temperature: 293, technology: Li-ion, AC powered:false, USB powered:true, POGO powered:false, Wireless powered:false, icon:17303414, invalid charger:0, maxChargingCurrent:0
03-24 14:39:04.231  3670  3931 D BatteryService: online:4, current avg:74, charge type:1, power sharing:false, high voltage charger:false, capacity:280000, batterySWSelfDischarging:false, current_now:195
03-24 14:39:04.231  3670  3670 D BatteryService: Sending ACTION_BATTERY_CHANGED.
03-24 14:39:04.241  3670  3670 I MotionRecognitionService: Plugged
03-24 14:39:04.241  3670  3670 E MotionRecognitionService: support TA ~
03-24 14:39:04.241  3670  3670 I MotionRecognitionService: isTAConnected | current backoffstate  = 33792
03-24 14:39:04.241  3670  3670 D MotionRecognitionService:  TA connected ,  33792
03-24 14:39:04.241  3670  3670 I MotionRecognitionService: skip setTransmitPower. 
03-24 14:39:04.241  3670  3670 D MotionRecognitionService:   cableConnection= 1
03-24 14:39:04.241  3670  3670 D MotionRecognitionService: setPowerConnected | current backoffstate  = 33792 , state =33792
03-24 14:39:04.241  3670  3670 D MotionRecognitionService: skip setTransmitPower. 
03-24 14:39:04.251  4103  4103 D KeyguardUpdateMonitor: received broadcast android.intent.action.BATTERY_CHANGED
03-24 14:39:04.251  4103  4103 D KeyguardUpdateMonitor: handleBatteryUpdate
03-24 14:39:04.251  4103  4103 D PowerUI : priorPlugType = 2 mPlugType =  2
03-24 14:39:04.261  4103  4103 D PowerUI.Notification: showChargingNotice oldChargingType : 1 currentChargingType : 1 oldChargingTime : 1599000 mChargingTime : 1599000
03-24 14:39:04.261  4103  4103 D PowerUI.Notification: There is no change about charging status, so return!
03-24 14:39:04.301  4103  4103 D BatteryMeterView: ACTION_BATTERY_CHANGED : level:92 status:2 health:2
03-24 14:39:04.301  4103  4103 D BatteryMeterView: ACTION_BATTERY_CHANGED : level:92 status:2 health:2
03-24 14:39:10.011  1769  1769 I FIPS_bssl: FIPS approved mode (1) | 1769 | app_process
03-24 14:39:10.021  1769  1769 D AndroidRuntime: >>>>>> START com.android.internal.os.RuntimeInit uid 2000 <<<<<<
03-24 14:39:10.021  1769  1769 D AndroidRuntime: CheckJNI is OFF
03-24 14:39:10.021  1769  1769 D AndroidRuntime: readGMSProperty: start
03-24 14:39:10.021  1769  1769 D AndroidRuntime: readGMSProperty: already setted!!
03-24 14:39:10.021  1769  1769 D AndroidRuntime: propertySet: couldn't set property (it is from app)
03-24 14:39:10.021  1769  1769 D AndroidRuntime: readGMSProperty: could not set the property(default)!!
03-24 14:39:10.021  1769  1769 D AndroidRuntime: readGMSProperty: end
03-24 14:39:10.021  1769  1769 D AndroidRuntime: addProductProperty: start
03-24 14:39:10.091  1769  1769 D ICU     : No timezone override file found: /data/misc/zoneinfo/current/icu/icu_tzdata.dat
03-24 14:39:10.171  1769  1769 I Radio-JNI: register_android_hardware_Radio DONE
03-24 14:39:10.181  1769  1769 E AffinityControl: AffinityControl: registerfunction enter
03-24 14:39:10.211  1769  1769 D AndroidRuntime: Calling main entry com.android.commands.am.Am
03-24 14:39:10.221  3670  3697 I ActivityManager: Force stopping com.yandex.browser appid=10175 user=0: from pid 1769
03-24 14:39:10.221  3670  3697 I PersonaManager: mKnoxInfo is empty
03-24 14:39:10.221  3670  3697 I PersonaManager: mKnoxInfo is empty
03-24 14:39:10.221  3670  3697 I PersonaManager: mKnoxInfo is empty
03-24 14:39:10.221  3670  3697 I PersonaManager: mKnoxInfo is empty
03-24 14:39:10.221  3670  3697 I PersonaManager: mKnoxInfo is empty
03-24 14:39:10.221  3670  3697 I ActivityManager: Killing 1319:com.yandex.browser:privileged_process0/u0a175 (adj 1): stop com.yandex.browser cause from pid 1769
03-24 14:39:10.231  3670  3697 D ActivityManager: cleanUpApplicationRecord -- 1319
03-24 14:39:10.231  3670  3697 D ActivityManager: isAutoRunBlockedApp:: com.yandex.browser, Auto Run ON
03-24 14:39:10.231  3670  3697 W ActivityManager: Scheduling restart of crashed service com.yandex.browser/org.chromium.content.app.PrivilegedProcessService0 in 1000ms
03-24 14:39:10.231  3670  3697 I ActivityManager: Killing 1123:com.yandex.browser:Metrica/u0a175 (adj 1): stop com.yandex.browser cause from pid 1769
03-24 14:39:10.231  3670  3697 D ActivityManager: cleanUpApplicationRecord -- 1123
03-24 14:39:10.241  3670  3697 D ActivityManager: isAutoRunBlockedApp:: com.yandex.browser, Auto Run ON
03-24 14:39:10.241  3670  3697 W ActivityManager: Scheduling restart of crashed service com.yandex.browser/com.yandex.metrica.MetricaService in 10992ms
03-24 14:39:10.241  3670  3697 W ActivityManager: Scheduling restart of crashed service com.yandex.browser/com.yandex.metrica.ConfigurationService in 20991ms
03-24 14:39:10.241  3670  3697 I ActivityManager: Killing 1199:com.yandex.browser:passport/u0a175 (adj 9): stop com.yandex.browser cause from pid 1769
03-24 14:39:10.241  3670  3697 D ActivityManager: cleanUpApplicationRecord -- 1199
03-24 14:39:10.241  3670  3697 D ActivityManager: isAutoRunBlockedApp:: com.yandex.browser, Auto Run ON
03-24 14:39:10.241  3670  3697 I ActivityManager: Killing 1219:com.yandex.browser:firstscreen/u0a175 (adj 0): stop com.yandex.browser cause from pid 1769
03-24 14:39:10.251  3670  3697 D ActivityManager: cleanUpApplicationRecord -- 1219
03-24 14:39:10.251  3670  3697 D ActivityManager: isAutoRunBlockedApp:: com.yandex.browser, Auto Run ON
03-24 14:39:10.251  3670  3697 W ActivityManager: Force removing ActivityRecord{d7e36eb u0 com.yandex.browser/.firstscreen.FirstScreenActivity t109}: app died, no saved state
03-24 14:39:10.261  3670  3697 D InputDispatcher: Focused application set to: xxxx
03-24 14:39:10.281  3670  3798 D StatusBarManagerService: manageDisableList userId=0 what=0x0 pkg=Window{980641d u0 d0 com.yandex.browser/com.yandex.browser.YandexBrowserMainActivity}
03-24 14:39:10.281  4103  4103 D PhoneStatusBar: setSystemUiVisibility vis=400 mask=ffffffff oldVal=0 newVal=400 diff=400
03-24 14:39:10.281  3670  3697 D InputDispatcher: Focus left window: 1219
03-24 14:39:10.281  3670  3697 D InputDispatcher: Focus entered window: 1082
03-24 14:39:10.281  3025  3210 I SurfaceFlinger: id=492 Removed GirstScreen (7/10)
03-24 14:39:10.291  3025  3210 I SurfaceFlinger: id=492 Removed GirstScreen (-2/10)
03-24 14:39:10.291  3670  3697 D CustomFrequencyManagerService: acquireDVFSLockLocked : type : DVFS_MIN_LIMIT  frequency : 1800000  uid : 1000  pid : 3670  pkgName : ACTIVITY_RESUME_BOOSTER@3
03-24 14:39:10.291  3670  3884 D PointerIcon: setMouseIconStyle1 pointerType: 1001 iconType:101 flag:0 pid:3670 uid:1000
03-24 14:39:10.291  3670  3884 D PointerIcon: setMouseCustomIcon IconType is same.101
03-24 14:39:10.291  3670  3698 D InputMethodManagerService: windowGainedFocus mCurrentFocusedUserId - 0 and mSecureKeypadEnabled-false
03-24 14:39:10.291  3670  3697 D ActivityManager: mDVFSHelper.acquire()
03-24 14:39:10.291  3670  3697 D ActivityManager:  Launching com.yandex.browser, updated priority
03-24 14:39:10.291  3670  6805 D SSRM:n  : SIOP:: AP = 360, PST = 368 (W:20), CP = 278, CUR = 74, LCD = 113
03-24 14:39:10.301  3025  3025 D libEGL  : eglTerminate EGLDisplay = 0x7ff3f31e28
03-24 14:39:10.301  3025  3025 D libEGL  : eglTerminate EGLDisplay = 0x7ff3f31e28
03-24 14:39:10.301  3025  3025 D libEGL  : eglTerminate EGLDisplay = 0x7ff3f31e28
03-24 14:39:10.301  3670  3697 V WindowOrientationListener: setCurrentAppOrientation :7
03-24 14:39:10.301  3670  3697 V WindowOrientationListener: OrientationSensorJudge.getProposedRotation, Rotation: -1
03-24 14:39:10.301  3670  3697 V WindowManager: rotationForOrientationLw(orient=7, last=0); user=0  sensorRotation=-1 mLidState=-1 mDockMode=0 mHdmiPlugged=false mMobileKeyboardEnabled=false displayId=0
03-24 14:39:10.301  3670  3697 V WindowOrientationListener: OrientationSensorJudge.getProposedRotation, Rotation: -1
03-24 14:39:10.301  3670  3796 V MARsPolicyManager: updatePackagesScore PackageInfo name -- com.yandex.browser
03-24 14:39:10.301  3670  3670 D GameManagerService: NotifyRunnable. pkg: com.yandex.browser, type: 4, isMinimized: false, isTunableApp: false
03-24 14:39:10.301 18067 18067 D SamsungIME: IMPL finishInput
03-24 14:39:10.301 18067 18067 D SamsungIME: SwiftKeyWrapper writeDBdataToFileOnFinishInput
03-24 14:39:10.301 18067 18067 D SamsungIME: saveAndClear +
03-24 14:39:10.301 18067 18067 D SamsungIME: saveAndClear -
03-24 14:39:10.301 18067 18067 D SamsungIME: onStartInput: No inputType, No imeOption, isInputViewShown = false, isExtractViewShown = false, isShowInputRequested = false, isConfigChanged = false
03-24 14:39:10.311  3670  3697 I ActivityManager: Killing 1082:com.yandex.browser/u0a175 (adj 0): stop com.yandex.browser cause from pid 1769
03-24 14:39:10.311  3670  3697 D ActivityManager: cleanUpApplicationRecord -- 1082
03-24 14:39:10.311  3670  3697 D ActivityManager: isAutoRunBlockedApp:: com.yandex.browser, Auto Run ON
03-24 14:39:10.321  1792  1792 E Zygote  : v2
03-24 14:39:10.321  1792  1792 I libpersona: KNOX_SDCARD checking this for 10175
03-24 14:39:10.321  1792  1792 I libpersona: KNOX_SDCARD not a persona
03-24 14:39:10.321  3670  3697 I ActivityManager: Start proc 1792:com.yandex.browser/u0a175 for activity com.yandex.browser/.YandexBrowserMainActivity
03-24 14:39:10.321  1792  1792 W SELinux : Function: selinux_compare_spd_ram, index[1], priority [2], priority version is VE=SEPF_SECMOBILE_6.0.1_0003
03-24 14:39:10.321  1792  1792 E Zygote  : accessInfo : 0
03-24 14:39:10.321  1792  1792 W SELinux : SELinux: seapp_context_lookup: seinfo=default, level=s0:c512,c768, pkgname=com.yandex.browser 
03-24 14:39:10.321  3670  3697 I ActivityManager:   Force finishing activity ActivityRecord{eca2556 u0 com.yandex.browser/.YandexBrowserMainActivity t109}
03-24 14:39:10.331  3670  3670 D GameManagerService: NotifyRunnable. pkg: com.example.myapplication, type: 4, isMinimized: false, isTunableApp: false
03-24 14:39:10.331  1769  1769 D AndroidRuntime: Shutting down VM
03-24 14:39:10.341  3670  3884 D SecWifiDisplayUtil: Metadata value : SecSettings2
03-24 14:39:10.341  3670  3884 D ViewRootImpl: #1 mView = com.android.internal.policy.PhoneWindow$DecorView{2dcf1b9 V.E...... R.....ID 0,0-0,0}
03-24 14:39:10.341  3670  4019 D NetworkPolicy: isUidForegroundLocked: 10175, mScreenOn: true, uidstate: 16, mProxSensorScreenOff: false
03-24 14:39:10.341  3670  6805 D GameManagerService: identifyGamePackage. com.example.myapplication
03-24 14:39:10.341  3670  4019 D NetworkPolicy: isUidForegroundLocked: 10185, mScreenOn: true, uidstate: 2, mProxSensorScreenOff: false
03-24 14:39:10.341  3670  3884 W WindowManager: view not successfully added to wm, removing view
03-24 14:39:10.341  3670  6805 D GameManagerService: identifyGamePackage. com.example.myapplication
03-24 14:39:10.341  3670  3796 V MARsPolicyManager: updatePackagesScore PackageInfo name -- com.example.myapplication
03-24 14:39:10.341  3670  3884 D ViewRootImpl: #3 mView = null
