03-24 15:31:57.581  3670  4409 I PersonaManager: mKnoxInfo is empty
03-24 15:31:57.581  3670  4409 I ActivityManager: Killing 18789:com.android.chrome:privileged_process0/u0a88 (adj 0): stop com.android.chrome cause from pid 19192
03-24 15:31:57.581  3670  4409 D ActivityManager: cleanUpApplicationRecord -- 18789
03-24 15:31:57.591  3670  4409 D ActivityManager: isAutoRunBlockedApp:: com.android.chrome, Auto Run ON
03-24 15:31:57.591  3670  4409 W ActivityManager: Scheduling restart of crashed service com.android.chrome/org.chromium.content.app.PrivilegedProcessService0 in 1000ms
03-24 15:31:57.591  3670  4409 I ActivityManager: Killing 18599:com.android.chrome/u0a88 (adj 0): stop com.android.chrome cause from pid 19192
03-24 15:31:57.591  3670  4409 D ActivityManager: cleanUpApplicationRecord -- 18599
03-24 15:31:57.591  3670  4409 D ActivityManager: isAutoRunBlockedApp:: com.android.chrome, Auto Run ON
03-24 15:31:57.591  3670  4409 W ActivityManager: Force removing ActivityRecord{b3e569a u0 com.android.chrome/com.google.android.apps.chrome.Main t191}: app died, no saved state
03-24 15:31:57.601  3670  4409 D InputDispatcher: Focused application set to: xxxx
03-24 15:31:57.611 18736 18736 I cr_ChildProcessService: Destroying ChildProcessService pid=18736
03-24 15:31:57.611  3670  4409 D InputDispatcher: Focus left window: 18599
03-24 15:31:57.611  3025  3732 I SurfaceFlinger: id=787 Removed TurfaceView (4/9)
03-24 15:31:57.611  3025  3210 I SurfaceFlinger: id=787 Removed TurfaceView (-2/9)
03-24 15:31:57.621  3025  4439 I SurfaceFlinger: id=786 Removed Nain (5/8)
03-24 15:31:57.621  3025  3732 I SurfaceFlinger: id=786 Removed Nain (-2/8)
03-24 15:31:57.621  3670  3884 D PointerIcon: setMouseIconStyle1 pointerType: 1001 iconType:101 flag:0 pid:3670 uid:1000
03-24 15:31:57.621  3670  3884 D PointerIcon: setMouseCustomIcon IconType is same.101
03-24 15:31:57.621  3025  3025 D libEGL  : eglTerminate EGLDisplay = 0x7ff3f31e28
03-24 15:31:57.631  3025  3025 D libEGL  : eglTerminate EGLDisplay = 0x7ff3f31e28
03-24 15:31:57.631  3025  3025 D libEGL  : eglTerminate EGLDisplay = 0x7ff3f31e28
03-24 15:31:57.631  3025  3025 D libEGL  : eglTerminate EGLDisplay = 0x7ff3f31e28
03-24 15:31:57.631  3025  3025 D libEGL  : eglTerminate EGLDisplay = 0x7ff3f31e28
03-24 15:31:57.631  3670  4409 D CustomFrequencyManagerService: acquireDVFSLockLocked : type : DVFS_MIN_LIMIT  frequency : 1800000  uid : 1000  pid : 3670  pkgName : ACTIVITY_RESUME_BOOSTER@3
03-24 15:31:57.631  3670  4409 D ActivityManager: mDVFSHelper.acquire()
03-24 15:31:57.631  3670  4409 D ActivityManager:  Launching com.example.myapplication, updated priority
03-24 15:31:57.641  3670  4409 I ActivityManager: Killing 18736:com.android.chrome:sandboxed_process0/u0a88i247 (adj 0): isolated not needed
03-24 15:31:57.641  3670  4409 I ActivityManager: Killing 16255:com.android.externalstorage/u0a8 (adj 15): DHA:empty #23
03-24 15:31:57.641  3670  4409 I ActivityManager: Killing 15664:com.samsung.android.SettingsReceiver/1000 (adj 15): DHA:empty #23
03-24 15:31:57.641  3670  4409 I ActivityManager: Killing 15068:com.sec.android.provider.badge/u0a5 (adj 15): DHA:empty #23
03-24 15:31:57.641  3670  3670 D GameManagerService: NotifyRunnable. pkg: com.example.myapplication, type: 4, isMinimized: false, isTunableApp: false
03-24 15:31:57.641  3670  3796 V MARsPolicyManager: updatePackagesScore PackageInfo name -- com.example.myapplication
03-24 15:31:57.651  3670  4409 D InputDispatcher: Focus entered window: 15683
03-24 15:31:57.661 19192 19192 D AndroidRuntime: Shutting down VM
03-24 15:31:57.661  3670  4019 D NetworkPolicy: isUidForegroundLocked: 10088, mScreenOn: true, uidstate: 16, mProxSensorScreenOff: false
03-24 15:31:57.661  3670  4019 D NetworkPolicy: isUidForegroundLocked: 10185, mScreenOn: true, uidstate: 2, mProxSensorScreenOff: false
03-24 15:31:57.661  3670  4016 D ActivityManager: cleanUpApplicationRecord -- 15068
03-24 15:31:57.671  3670  4016 D ActivityManager: isAutoRunBlockedApp:: com.sec.android.provider.badge, Auto Run ON
03-24 15:31:57.671  3670  4452 D ActivityManager: cleanUpApplicationRecord -- 15664
03-24 15:31:57.671  3670  4452 D ActivityManager: isAutoRunBlockedApp:: com.samsung.android.SettingsReceiver, Auto Run ON
03-24 15:31:57.681  3670  4407 D ActivityManager: cleanUpApplicationRecord -- 18736
03-24 15:31:57.681  3670  4407 D ActivityManager: isAutoRunBlockedApp:: com.android.chrome, Auto Run ON
03-24 15:31:57.691  3670  4552 D ActivityManager: cleanUpApplicationRecord -- 16255
03-24 15:31:57.691  3670  4552 D ActivityManager: isAutoRunBlockedApp:: com.android.externalstorage, Auto Run ON
03-24 15:31:57.691  3670  3670 V AlarmManager: Remove alarm for next reason : android.intent.action.PACKAGE_RESTARTED : package: com.android.chrome
03-24 15:31:57.701  3670  4524 D ConnectivityService: ConnectivityService NetworkRequestInfo binderDied(NetworkRequest [ id=360, legacyType=-1, [ Capabilities: INTERNET&NOT_RESTRICTED&TRUSTED] ], android.os.BinderProxy@7475b88)
03-24 15:31:57.701  3670  4029 D ConnectivityService: releasing NetworkRequest NetworkRequest [ id=360, legacyType=-1, [ Capabilities: INTERNET&NOT_RESTRICTED&TRUSTED] ]
03-24 15:31:57.701  3670  4952 D ConnectivityService: ConnectivityService NetworkRequestInfo binderDied(NetworkRequest [ id=358, legacyType=-1, [ Capabilities: INTERNET&NOT_RESTRICTED&TRUSTED] ], android.os.BinderProxy@a759921)
03-24 15:31:57.701  3670  3796 V BroadcastQueue: [background] Process cur broadcast BroadcastRecord{9407146 u0 android.intent.action.PACKAGE_RESTARTED qIdx=4}, state= (APP_RECEIVE) DELIVERED for app ProcessRecord{a8b6d0a 3670:system/1000}
03-24 15:31:57.701  3670  4029 D ConnectivityService: sending notification RELEASED for NetworkRequest [ id=360, legacyType=-1, [ Capabilities: INTERNET&NOT_RESTRICTED&TRUSTED] ]
03-24 15:31:57.701  3670  3884 D PointerIcon: setMouseIconStyle1 pointerType: 1001 iconType:101 flag:0 pid:3670 uid:1000
03-24 15:31:57.701  3670  3798 D StatusBarManagerService: manageDisableList userId=0 what=0x0 pkg=Window{5830e4e u0 d0 com.example.myapplication/com.example.myapplication.MainActivity}
03-24 15:31:57.701  3670  3884 D PointerIcon: setMouseCustomIcon IconType is same.101
03-24 15:31:57.701  3670  4947 D ConnectivityService: ConnectivityService NetworkRequestInfo binderDied(NetworkRequest [ id=359, legacyType=-1, [ Capabilities: INTERNET&NOT_RESTRICTED&TRUSTED] ], android.os.BinderProxy@517bf07)
03-24 15:31:57.711  4383  4383 I PersonaManager: mKnoxInfo is empty
03-24 15:31:57.711  3670  4029 E ConnectivityService: RemoteException caught trying to send a callback msg for NetworkRequest [ id=360, legacyType=-1, [ Capabilities: INTERNET&NOT_RESTRICTED&TRUSTED] ]
03-24 15:31:57.711  3670  4029 D ConnectivityService: releasing NetworkRequest NetworkRequest [ id=358, legacyType=-1, [ Capabilities: INTERNET&NOT_RESTRICTED&TRUSTED] ]
03-24 15:31:57.711  3670  3670 V BroadcastQueue: [background] Process cur broadcast BroadcastRecord{9407146 u0 android.intent.action.PACKAGE_RESTARTED qIdx=4}, state= (APP_RECEIVE) DELIVERED for app ProcessRecord{fa7a237 15045:com.sec.android.app.soundalive/u0a62}
03-24 15:31:57.711  3670  4029 D ConnectivityService: sending notification RELEASED for NetworkRequest [ id=358, legacyType=-1, [ Capabilities: INTERNET&NOT_RESTRICTED&TRUSTED] ]
03-24 15:31:57.711  3670  4421 D GraphicsStats: Buffer count: 6
03-24 15:31:57.711  3670  4029 E ConnectivityService: RemoteException caught trying to send a callback msg for NetworkRequest [ id=358, legacyType=-1, [ Capabilities: INTERNET&NOT_RESTRICTED&TRUSTED] ]
03-24 15:31:57.711  3670  4029 D ConnectivityService: releasing NetworkRequest NetworkRequest [ id=359, legacyType=-1, [ Capabilities: INTERNET&NOT_RESTRICTED&TRUSTED] ]
03-24 15:31:57.711  3670  4029 D ConnectivityService: sending notification RELEASED for NetworkRequest [ id=359, legacyType=-1, [ Capabilities: INTERNET&NOT_RESTRICTED&TRUSTED] ]
03-24 15:31:57.711  3670  4029 E ConnectivityService: RemoteException caught trying to send a callback msg for NetworkRequest [ id=359, legacyType=-1, [ Capabilities: INTERNET&NOT_RESTRICTED&TRUSTED] ]
03-24 15:31:57.721  4103  4103 D PhoneStatusBar: setSystemUiVisibility vis=8600 mask=ffffffff oldVal=a600 newVal=8600 diff=2000
03-24 15:31:57.731  4383  4383 I PersonaManager: mKnoxInfo is empty
03-24 15:31:57.731 15045 15045 D SAControlPanelReceiver: *****onReceive()*****
03-24 15:31:57.731 15045 15045 D SAControlPanelReceiver: Action: android.intent.action.PACKAGE_RESTARTED
03-24 15:31:57.731  4383  4383 I PersonaManager: mKnoxInfo is empty
03-24 15:31:57.731  4383  4383 W ResourcesManager: getTopLevelResources: /data/app/com.google.android.gms-1/base.apk / 1.0 running in com.android.nfc rsrc of package com.google.android.gms
03-24 15:31:57.741  4383  4383 W ResourcesManager: getTopLevelResources: /data/app/com.google.android.gms-1/base.apk / 1.0 running in com.android.nfc rsrc of package com.google.android.gms
03-24 15:31:57.741  4383  4383 D ApduServiceInfo: seId: 0
03-24 15:31:57.741  4383  4383 I PersonaManager: mKnoxInfo is empty
03-24 15:31:57.741  3670  4524 V BroadcastQueue: [background] Process cur broadcast BroadcastRecord{9407146 u0 android.intent.action.PACKAGE_RESTARTED qIdx=4}, state= (APP_RECEIVE) DELIVERED for app ProcessRecord{2f61a94 7226:com.sec.android.daemonapp/u0a145}
03-24 15:31:57.741  7226  7226 D [WeatherWidget(1236)]  ClearDataReceiver: {[2B4A2AC40B5A9FD87A06E8EADDAC90140D0735C4111B00ED5A4BFDD943296A603CF64C72E7F3E6D25FF9ACC8831CFEFA3E34FF6EAD00357EC7386503FB76F1C38DE7DC83CE464FCACDBF41BB39AB7B052FE0F7B48A3DA34B35B7EA4C9669647F066BF7A880C587B9171A84D276A481B9]}
03-24 15:31:58.301 19210 19210 I FIPS_bssl: FIPS approved mode (1) | 19210 | app_process
03-24 15:31:58.311 19210 19210 D AndroidRuntime: >>>>>> START com.android.internal.os.RuntimeInit uid 2000 <<<<<<
03-24 15:31:58.311 19210 19210 D AndroidRuntime: CheckJNI is OFF
03-24 15:31:58.311 19210 19210 D AndroidRuntime: readGMSProperty: start
03-24 15:31:58.311 19210 19210 D AndroidRuntime: readGMSProperty: already setted!!
03-24 15:31:58.311 19210 19210 D AndroidRuntime: propertySet: couldn't set property (it is from app)
03-24 15:31:58.311 19210 19210 D AndroidRuntime: readGMSProperty: could not set the property(default)!!
03-24 15:31:58.311 19210 19210 D AndroidRuntime: readGMSProperty: end
03-24 15:31:58.311 19210 19210 D AndroidRuntime: addProductProperty: start
03-24 15:31:58.331 19210 19210 D ICU     : No timezone override file found: /data/misc/zoneinfo/current/icu/icu_tzdata.dat
03-24 15:31:58.361 19210 19210 I Radio-JNI: register_android_hardware_Radio DONE
03-24 15:31:58.371 19210 19210 E AffinityControl: AffinityControl: registerfunction enter
03-24 15:31:58.381 19210 19210 D AndroidRuntime: Calling main entry com.android.commands.monkey.Monkey
03-24 15:31:58.401  3670  3796 W BroadcastQueue: Skipping deliver [background] BroadcastRecord{7825bd2 u-1 android.net.conn.CONNECTIVITY_CHANGE qIdx=4}, state= (IDLE) to ReceiverList{e744a3 19210 (unknown name)/2000/u-1 remote:dbaa834}: process crashing
03-24 15:31:58.411 19210 19210 I Timeline: Timeline: Activity_launch_request id:com.yandex.browser time:72729342
03-24 15:31:58.411  3670  4452 I PersonaManager: mKnoxInfo is empty
03-24 15:31:58.411  3670  4452 D GameManagerService: identifyGamePackage. com.yandex.browser
03-24 15:31:58.411  3670  4452 D MultiWindowPolicy: Gamemode - return 0,  when calling  identifyForegroundApp(com.yandex.browser)
03-24 15:31:58.411  3670  4452 D CustomFrequencyManagerService: releaseDVFSLockLocked : Getting Lock type frm List : DVFS_MIN_LIMIT  frequency : 1800000  uid : 1000  pid : 3670  tag : ACTIVITY_RESUME_BOOSTER@3
03-24 15:31:58.411  3670  4452 D CustomFrequencyManagerService: acquireDVFSLockLocked : type : DVFS_MIN_LIMIT  frequency : 1800000  uid : 1000  pid : 3670  pkgName : ACTIVITY_RESUME_BOOSTER@3
03-24 15:31:58.411  3670  4452 D ActivityManager: mDVFSHelper.acquire()
03-24 15:31:58.421  3670  4452 V WindowManager: addAppToken: AppWindowToken{486631e token=Token{7274b59 ActivityRecord{27413a0 u0 com.yandex.browser/.YandexBrowserActivity t192}}} to stack=1 task=192 at 0
03-24 15:31:58.431  3670  4452 D InputDispatcher: Focused application set to: xxxx
03-24 15:31:58.431  3670  4452 D InputDispatcher: Focus left window: 15683
03-24 15:31:58.431  3670  4016 D SettingsProvider: isChangeAllowed() : name = user_rotation
03-24 15:31:58.431  3670  4016 D SettingsProvider: isChangeAllowed() : name = accelerometer_rotation
03-24 15:31:58.431  3670  3884 D PointerIcon: setMouseIconStyle1 pointerType: 1001 iconType:101 flag:0 pid:3670 uid:1000
03-24 15:31:58.431  3670  3884 D PointerIcon: setMouseCustomIcon IconType is same.101
03-24 15:31:58.431  3670  4016 V WindowOrientationListener: OrientationSensorJudge.getProposedRotation, Rotation: -1
03-24 15:31:58.431  3670  4016 V WindowManager: rotationForOrientationLw(orient=-1, last=0); user=0  sensorRotation=-1 mLidState=-1 mDockMode=0 mHdmiPlugged=false mMobileKeyboardEnabled=false displayId=0
03-24 15:31:58.431  3670  4016 V WindowOrientationListener: OrientationSensorJudge.getProposedRotation, Rotation: -1
03-24 15:31:58.431  3670  3798 D SContextService: unregisterCallback() : Listener = android.hardware.scontext.SContextService$Listener@186383e, Service = Auto Rotation, used = 0
03-24 15:31:58.431  3670  3798 W CAE     : unregisterCallback(ContextAwareService.java:206) - [unregi 01] Mutex is locked for AUTO_ROTATION
03-24 15:31:58.431  3670  3798 V CAE     : stop(ContextProvider.java:155)
03-24 15:31:58.441  3670  3798 V CAE     : clear(AutoRotationRunner.java:182)
03-24 15:31:58.441  3670  3798 V CAE     : disable(AutoRotationRunner.java:171)
03-24 15:31:58.441  3670  3798 I CAE     : sendCmdToSensorHub(SensorHubCommManager.java:162) - -78, 7, 0, 0,
03-24 15:31:58.441  3670  3798 D SensorHubManager: SendSensorHubData: send data = -78, 7, 0, 0
03-24 15:31:58.441  3054  3104 D Sensorhubs: sendContextData: -78, 7, 0, 0
03-24 15:31:58.451  3670  3698 D SettingsProvider: isChangeAllowed() : name = accelerometer_rotation
03-24 15:31:58.451  3670  3798 D CAE     : getFaultDetectionResult(AutoRotationRunner.java:195) - true
03-24 15:31:58.451  3670  3798 I CAE     : notifyCmdProcessResultObserver(ContextProvider.java:627) - CheckResult = 0, Cause = Success
03-24 15:31:58.471  3670  3798 D CAE     : doCommendProcess(ContextAwareService.java:433) - complete notify the operation result.
03-24 15:31:58.471  3670  3798 I CAE     : displayUsedCountForService(ContextAwareService.java:525) - totalCnt = 0, serviceCount = 0, subCollectionCount = 0
03-24 15:31:58.471  3670  3798 D CAE     : showListenerList(ContextAwareService.java:366) - ===== Context Aware Service List =====
03-24 15:31:58.471  3670  3798 I CAE     : showListenerList(ContextAwareService.java:375) - Listener : com.samsung.android.contextaware.manager.ContextAwareService$Listener@1e966aa, Service : ACTIVITY_TRACKER_CURRENT_INFO(1)
03-24 15:31:58.471  3670  3798 I CAE     : showListenerList(ContextAwareService.java:375) - Listener : com.samsung.android.contextaware.manager.ContextAwareService$Listener@1e966aa, Service : ACTIVITY_TRACKER(1)
03-24 15:31:58.471  3670  3798 I CAE     : showListenerList(ContextAwareService.java:375) - Listener : com.samsung.android.contextaware.manager.ContextAwareService$Listener@1bfe120, Service : AUTO_BRIGHTNESS(1)
03-24 15:31:58.471  3670  3798 I CAE     : showListenerList(ContextAwareService.java:375) - Listener : com.samsung.android.contextaware.manager.ContextAwareService$Listener@3756dbb, Service : EAD(1)
03-24 15:31:58.471  3670  3798 W CAE     : unregisterCallback(ContextAwareService.java:241) - [unregi 02] Mutex is unlocked for AUTO_ROTATION
03-24 15:31:58.471  3670  3798 D SContextService: 	.unregisterCallback : 4, client=
03-24 15:31:58.471  3670  3798 D SContextService: ===== SContext Service List =====
03-24 15:31:58.471  3670  3798 D SContextService: Listener : android.hardware.scontext.SContextService$Listener@40acad9, Service : Auto Brightness
03-24 15:31:58.471  3670  3798 D SContextService: Listener : android.hardware.scontext.SContextService$Listener@90a289b, Service : Activity Tracker
03-24 15:31:58.471  3670  3798 D SContextService: Listener : android.hardware.scontext.SContextService$Listener@a10e2d8, Service : Environment Adaptive Display
03-24 15:31:58.471  3670  3798 D SContextManager:   .unregisterListener : listener = com.android.server.policy.WindowOrientationListener$OrientationSensorJudge@a57e543, service=Auto Rotation
03-24 15:31:58.471  3670  3698 V WindowManager: rotationForOrientationLw(orient=-1, last=0); user=0 USER_ROTATION_LOCKED sensorRotation=-1 mLidState=-1 mDockMode=0 mHdmiPlugged=false mMobileKeyboardEnabled=false displayId=0
03-24 15:31:58.471  3670  3798 V WindowManager: rotationForOrientationLw(orient=-1, last=0); user=0 USER_ROTATION_LOCKED sensorRotation=-1 mLidState=-1 mDockMode=0 mHdmiPlugged=false mMobileKeyboardEnabled=false displayId=0
03-24 15:31:58.471 19210 19210 I art     : System.exit called, status: 0
03-24 15:31:58.471 19210 19210 I AndroidRuntime: VM exiting with result code 0.
03-24 15:31:58.481  3670  3798 V WindowManager: rotationForOrientationLw(orient=-1, last=0); user=0 USER_ROTATION_LOCKED sensorRotation=-1 mLidState=-1 mDockMode=0 mHdmiPlugged=false mMobileKeyboardEnabled=false displayId=0
03-24 15:31:58.481  3670  3798 W CAE     : setCAProperty(ContextAwareService.java:578) - [setProperty 01] Mutex is locked for AUTO_ROTATION
03-24 15:31:58.481  3670  3798 I CAE     : setPropertyValue(AutoRotationRunner.java:119) - Device Type = 0.0
03-24 15:31:58.481  3670  3798 I CAE     : setCAProperty(ContextAwareService.java:583) - result : true
03-24 15:31:58.481  3670  3798 W CAE     : setCAProperty(ContextAwareService.java:584) - [setProperty 02] Mutex is unlocked for AUTO_ROTATION
03-24 15:31:58.481  3670  3798 W CAE     : registerCallback(ContextAwareService.java:144) - [regi 01] Mutex is locked for AUTO_ROTATION
03-24 15:31:58.481  3670  3798 V CAE     : start(ContextProvider.java:128)
03-24 15:31:58.491  3670  3798 V CAE     : clear(AutoRotationRunner.java:182)
03-24 15:31:58.491  3670  3798 V CAE     : enable(AutoRotationRunner.java:158)
03-24 15:31:58.491  3670  3798 I CAE     : sendCmdToSensorHub(SensorHubCommManager.java:162) - -79, 7, 0, 0,
03-24 15:31:58.491  3670  3798 D SensorHubManager: SendSensorHubData: send data = -79, 7, 0, 0
03-24 15:31:58.491  3054  3054 D Sensorhubs: sendContextData: -79, 7, 0, 0
03-24 15:31:58.501  3670  3798 D CAE     : getFaultDetectionResult(AutoRotationRunner.java:195) - true
03-24 15:31:58.501  3670  3798 I CAE     : notifyCmdProcessResultObserver(ContextProvider.java:627) - CheckResult = 0, Cause = Success
03-24 15:31:58.511  3670  3798 D CAE     : doCommendProcess(ContextAwareService.java:433) - complete notify the operation result.
03-24 15:31:58.511  3670  3798 I CAE     : displayUsedCountForService(ContextAwareService.java:525) - totalCnt = 1, serviceCount = 1, subCollectionCount = 0
03-24 15:31:58.511  3670  3798 D CAE     : showListenerList(ContextAwareService.java:366) - ===== Context Aware Service List =====
03-24 15:31:58.511  3670  3798 I CAE     : showListenerList(ContextAwareService.java:375) - Listener : com.samsung.android.contextaware.manager.ContextAwareService$Listener@1e966aa, Service : ACTIVITY_TRACKER_CURRENT_INFO(1)
03-24 15:31:58.511  3670  3798 I CAE     : showListenerList(ContextAwareService.java:375) - Listener : com.samsung.android.contextaware.manager.ContextAwareService$Listener@1e966aa, Service : ACTIVITY_TRACKER(1)
03-24 15:31:58.511  3670  3798 I CAE     : showListenerList(ContextAwareService.java:375) - Listener : com.samsung.android.contextaware.manager.ContextAwareService$Listener@1bfe120, Service : AUTO_BRIGHTNESS(1)
03-24 15:31:58.511  3670  3798 I CAE     : showListenerList(ContextAwareService.java:375) - Listener : com.samsung.android.contextaware.manager.ContextAwareService$Listener@3756dbb, Service : EAD(1)
03-24 15:31:58.511  3670  3798 I CAE     : showListenerList(ContextAwareService.java:375) - Listener : com.samsung.android.contextaware.manager.ContextAwareService$Listener@b96c9cc, Service : AUTO_ROTATION(1)
03-24 15:31:58.511  3670  3798 W CAE     : registerCallback(ContextAwareService.java:180) - [regi 02] Mutex is unlocked for AUTO_ROTATION
03-24 15:31:58.511  3670  3798 D SContextService: 	.registerCallback : 4, client=
03-24 15:31:58.511  3670  3798 D SContextService: ===== SContext Service List =====
03-24 15:31:58.511  3670  3798 D SContextService: Listener : android.hardware.scontext.SContextService$Listener@40acad9, Service : Auto Brightness
03-24 15:31:58.511  3670  3798 D SContextService: Listener : android.hardware.scontext.SContextService$Listener@90a289b, Service : Activity Tracker
03-24 15:31:58.511  3670  3798 V WindowOrientationListener: OrientationSensorJudge.getProposedRotation, Rotation: -1
03-24 15:31:58.511  3670  3798 D SContextService: Listener : android.hardware.scontext.SContextService$Listener@a10e2d8, Service : Environment Adaptive Display
03-24 15:31:58.511  3670  3798 V WindowManager: rotationForOrientationLw(orient=-1, last=0); user=0  sensorRotation=-1 mLidState=-1 mDockMode=0 mHdmiPlugged=false mMobileKeyboardEnabled=false displayId=0
03-24 15:31:58.511  3670  3798 D SContextService: Listener : android.hardware.scontext.SContextService$Listener@784415, Service : Auto Rotation
03-24 15:31:58.511  3670  3798 V WindowOrientationListener: OrientationSensorJudge.getProposedRotation, Rotation: -1
03-24 15:31:58.511  3670  3798 D SContextManager:   .registerListener : listener = com.android.server.policy.WindowOrientationListener$OrientationSensorJudge@a57e543, service=Auto Rotation
03-24 15:31:58.511  3670  3798 V WindowOrientationListener: OrientationSensorJudge.getProposedRotation, Rotation: -1
03-24 15:31:58.511  3670  3798 V WindowManager: rotationForOrientationLw(orient=-1, last=0); user=0  sensorRotation=-1 mLidState=-1 mDockMode=0 mHdmiPlugged=false mMobileKeyboardEnabled=false displayId=0
03-24 15:31:58.511  3670  3798 V WindowOrientationListener: OrientationSensorJudge.getProposedRotation, Rotation: -1
03-24 15:31:58.571  3670  3682 I art     : Background partial concurrent mark sweep GC freed 99420(7MB) AllocSpace objects, 161(3MB) LOS objects, 26% free, 43MB/59MB, paused 1.473ms total 143.510ms
03-24 15:31:58.931  3670  3796 W ActivityManager: Activity pause timeout for ActivityRecord{fdb53d9 u0 com.example.myapplication/.MainActivity t170}
03-24 15:31:58.941 19230 19230 E Zygote  : v2
03-24 15:31:58.941 19230 19230 I libpersona: KNOX_SDCARD checking this for 10175
03-24 15:31:58.941 19230 19230 I libpersona: KNOX_SDCARD not a persona
03-24 15:31:58.941  3670  3796 I ActivityManager: Start proc 19230:com.yandex.browser/u0a175 for activity com.yandex.browser/.YandexBrowserActivity
03-24 15:31:58.941  3670  4019 D NetworkPolicy: isUidForegroundLocked: 10175, mScreenOn: true, uidstate: -1, mProxSensorScreenOff: false
03-24 15:31:58.941 19230 19230 W SELinux : Function: selinux_compare_spd_ram, index[1], priority [2], priority version is VE=SEPF_SECMOBILE_6.0.1_0003
03-24 15:31:58.941 19230 19230 E Zygote  : accessInfo : 0
03-24 15:31:58.941 19230 19230 W SELinux : SELinux: seapp_context_lookup: seinfo=default, level=s0:c512,c768, pkgname=com.yandex.browser 
03-24 15:31:58.971  3670  4947 D ActivityManager:  Launching com.yandex.browser, updated priority
03-24 15:31:58.971  3670  3670 D GameManagerService: NotifyRunnable. pkg: com.yandex.browser, type: 4, isMinimized: false, isTunableApp: false
03-24 15:31:58.971  3670  3796 V MARsPolicyManager: updatePackagesScore PackageInfo name -- com.yandex.browser
03-24 15:31:58.981  3670  4040 D SContextService: unregisterCallback() : Listener = android.hardware.scontext.SContextService$Listener@a10e2d8, Service = Environment Adaptive Display, used = 0
03-24 15:31:58.981  3670  6805 D GameManagerService: identifyGamePackage. com.yandex.browser
03-24 15:31:58.981  3670  4040 W CAE     : unregisterCallback(ContextAwareService.java:206) - [unregi 01] Mutex is locked for EAD
03-24 15:31:58.981  3670  6805 D GameManagerService: identifyGamePackage. com.yandex.browser
03-24 15:31:58.981  3670  4040 V CAE     : stop(ContextProvider.java:155)
03-24 15:31:58.981  3670  4040 V CAE     : clear(EADRunner.java:257)
03-24 15:31:58.981  3670  4040 V CAE     : disable(EADRunner.java:246)
03-24 15:31:58.981  3670  4040 I CAE     : sendCmdToSensorHub(SensorHubCommManager.java:162) - -78, 52, 0, 0,
03-24 15:31:58.981  3670  4040 D SensorHubManager: SendSensorHubData: send data = -78, 52, 0, 0
03-24 15:31:58.981  3054 17920 D Sensorhubs: sendContextData: -78, 52, 0, 0
03-24 15:31:58.991 19230 19230 W ResourcesManager: getTopLevelResources: /data/app/com.yandex.browser-1/base.apk / 1.0 running in com.yandex.browser rsrc of package com.yandex.browser
03-24 15:31:58.991  3670  3697 I InjectionManagerService -AppFeature: getCoreFeaturePkgList :[]
03-24 15:31:58.991 19230 19230 I InjectionManager: Inside getClassLibPath + mLibMap{0=, 1=}
03-24 15:31:58.991  3670  4040 D CAE     : getFaultDetectionResult(EADRunner.java:271) - true
03-24 15:31:58.991  3670  4040 I CAE     : notifyCmdProcessResultObserver(ContextProvider.java:627) - CheckResult = 0, Cause = Success
03-24 15:31:59.001 19230 19230 D ResourcesManager: For user 0 new overlays fetched Null
03-24 15:31:59.001 19230 19230 I InjectionManager: Inside getClassLibPath caller 
03-24 15:31:59.011  3670  4040 D CAE     : doCommendProcess(ContextAwareService.java:433) - complete notify the operation result.
03-24 15:31:59.011  3670  4040 I CAE     : displayUsedCountForService(ContextAwareService.java:525) - totalCnt = 0, serviceCount = 0, subCollectionCount = 0
03-24 15:31:59.011  3670  4040 D CAE     : showListenerList(ContextAwareService.java:366) - ===== Context Aware Service List =====
03-24 15:31:59.011  3670  4040 I CAE     : showListenerList(ContextAwareService.java:375) - Listener : com.samsung.android.contextaware.manager.ContextAwareService$Listener@1e966aa, Service : ACTIVITY_TRACKER_CURRENT_INFO(1)
03-24 15:31:59.011  3670  4040 I CAE     : showListenerList(ContextAwareService.java:375) - Listener : com.samsung.android.contextaware.manager.ContextAwareService$Listener@1e966aa, Service : ACTIVITY_TRACKER(1)
03-24 15:31:59.011  3670  4040 I CAE     : showListenerList(ContextAwareService.java:375) - Listener : com.samsung.android.contextaware.manager.ContextAwareService$Listener@1bfe120, Service : AUTO_BRIGHTNESS(1)
03-24 15:31:59.011  3670  4040 I CAE     : showListenerList(ContextAwareService.java:375) - Listener : com.samsung.android.contextaware.manager.ContextAwareService$Listener@b96c9cc, Service : AUTO_ROTATION(1)
03-24 15:31:59.011  3670  4040 W CAE     : unregisterCallback(ContextAwareService.java:241) - [unregi 02] Mutex is unlocked for EAD
03-24 15:31:59.011  3670  4040 D SContextService: 	.unregisterCallback : 4, client=
03-24 15:31:59.011  3670  4040 D SContextService: ===== SContext Service List =====
03-24 15:31:59.011  3670  4040 D SContextService: Listener : android.hardware.scontext.SContextService$Listener@40acad9, Service : Auto Brightness
03-24 15:31:59.011  3670  4040 D SContextService: Listener : android.hardware.scontext.SContextService$Listener@90a289b, Service : Activity Tracker
03-24 15:31:59.011  3670  4040 D SContextService: Listener : android.hardware.scontext.SContextService$Listener@784415, Service : Auto Rotation
03-24 15:31:59.011  3670  4040 D SContextManager:   .unregisterListener : listener = com.samsung.android.mdnie.AdaptiveDisplayColorService$3@5bb4caa, service=Environment Adaptive Display
03-24 15:31:59.021 19230 19230 I MultiDex: Installing application
03-24 15:31:59.021 19230 19230 I MultiDex: VM with version 2.1.0 has multidex support
03-24 15:31:59.021 19230 19230 I MultiDex: VM has multidex support, MultiDex support library is disabled.
03-24 15:31:59.021 19230 19230 I cr_base_multidex: Completed multidex installation.
03-24 15:31:59.021  3670  6805 D ConnectivityService: returning getNetworkInfo for network type 1 : [type: WIFI[] - WIFI, state: CONNECTED/CONNECTED, reason: (unspecified), extra: "DataStructures", roaming: false, failover: false, isAvailable: true]
03-24 15:31:59.031  3670  6805 D ConnectivityService: returning getNetworkInfo for network type 1 : [type: WIFI[] - WIFI, state: CONNECTED/CONNECTED, reason: (unspecified), extra: "DataStructures", roaming: false, failover: false, isAvailable: true]
03-24 15:31:59.031  3670  6805 D GameManagerService: identifyGamePackage. com.yandex.browser
03-24 15:31:59.071  3670  4946 D PackageManager: setEnabledSetting : userId = 0 packageName = com.yandex.browser cmp = com.yandex.metrica.ConfigurationService newState = 1 callingPackage = 10175
03-24 15:31:59.091 19230 19249 W System.err: remove failed: ENOENT (No such file or directory) : /data/user/0/com.yandex.browser/shared_prefs/com.yandex.browser_preferences.xml.bak
03-24 15:31:59.091 19230 19230 W System.err: remove failed: ENOENT (No such file or directory) : /data/user/0/com.yandex.browser/files/recovery_cancelled
03-24 15:31:59.101 19230 19255 I AppMetrica: [com.yandex.browser] : [d01c0d44-xxxx-xxxx-xxxx-xxxxxxxx00ad] Initializing of Metrica, Release type, Version 3.4.0, API Level 72, Dated 05.11.2018.
03-24 15:31:59.101 19230 19249 W System.err: remove failed: ENOENT (No such file or directory) : /data/user/0/com.yandex.browser/shared_prefs/clids.xml.bak
03-24 15:31:59.151 19230 19249 W System.err: remove failed: ENOENT (No such file or directory) : /data/user/0/com.yandex.browser/shared_prefs/crashreports_storage.xml.bak
03-24 15:31:59.171  3670  4947 I PersonaManager: mKnoxInfo is empty
03-24 15:31:59.171 19230 19255 I art     : Rejecting re-init on previously-failed class java.lang.Class<com.yandex.metrica.impl.ob.lb>
03-24 15:31:59.171 19230 19255 I art     : Rejecting re-init on previously-failed class java.lang.Class<com.yandex.metrica.impl.ob.lb>
03-24 15:31:59.171 19230 19249 W System.err: remove failed: ENOENT (No such file or directory) : /data/user/0/com.yandex.browser/shared_prefs/com.yandex.browser_migrationpreferences.xml.bak
03-24 15:31:59.181 19264 19264 E Zygote  : v2
03-24 15:31:59.181 19264 19264 I libpersona: KNOX_SDCARD checking this for 10175
03-24 15:31:59.181 19264 19264 I libpersona: KNOX_SDCARD not a persona
03-24 15:31:59.181  3670  4947 I ActivityManager: Start proc 19264:com.yandex.browser:Metrica/u0a175 for service com.yandex.browser/com.yandex.metrica.MetricaService
03-24 15:31:59.181 19264 19264 W SELinux : Function: selinux_compare_spd_ram, index[1], priority [2], priority version is VE=SEPF_SECMOBILE_6.0.1_0003
03-24 15:31:59.181 19264 19264 E Zygote  : accessInfo : 0
03-24 15:31:59.181 19264 19264 W SELinux : SELinux: seapp_context_lookup: seinfo=default, level=s0:c512,c768, pkgname=com.yandex.browser:Metrica 
03-24 15:31:59.211 19230 19239 I art     : Background sticky concurrent mark sweep GC freed 12741(1116KB) AllocSpace objects, 28(736KB) LOS objects, 25% free, 4MB/5MB, paused 5.001ms total 19.753ms
03-24 15:31:59.221 19264 19264 W ResourcesManager: getTopLevelResources: /data/app/com.yandex.browser-1/base.apk / 1.0 running in com.yandex.browser rsrc of package com.yandex.browser
03-24 15:31:59.221  3670  4407 I InjectionManagerService -AppFeature: getCoreFeaturePkgList :[]
03-24 15:31:59.221 19264 19264 I InjectionManager: Inside getClassLibPath + mLibMap{0=, 1=}
03-24 15:31:59.221 19264 19264 D ResourcesManager: For user 0 new overlays fetched Null
03-24 15:31:59.231 19264 19264 I InjectionManager: Inside getClassLibPath caller 
03-24 15:31:59.241 19264 19264 I MultiDex: Installing application
03-24 15:31:59.241 19264 19264 I MultiDex: VM with version 2.1.0 has multidex support
03-24 15:31:59.241 19264 19264 I MultiDex: VM has multidex support, MultiDex support library is disabled.
03-24 15:31:59.241 19264 19264 I cr_base_multidex: Completed multidex installation.
03-24 15:31:59.251 19230 19230 W System.err: remove failed: ENOENT (No such file or directory) : /data/user/0/com.yandex.browser/shared_prefs/download_requests.xml
03-24 15:31:59.251 19264 19264 D InjectionManager: InjectionManager
03-24 15:31:59.251 19264 19264 D InjectionManager: fillFeatureStoreMap com.yandex.browser
03-24 15:31:59.251 19264 19264 I InjectionManager: Constructor com.yandex.browser, Feature store :{}
03-24 15:31:59.251 19264 19264 I InjectionManager: featureStore :{}
03-24 15:31:59.281 19230 19239 I art     : Background partial concurrent mark sweep GC freed 28520(1300KB) AllocSpace objects, 3(296KB) LOS objects, 47% free, 4MB/8MB, paused 7.346ms total 19.519ms
03-24 15:31:59.281 19230 19230 W System.err: remove failed: ENOENT (No such file or directory) : /data/user/0/com.yandex.browser/files/roboto_regular.ttf.bak
03-24 15:31:59.301  3670  4946 D PackageManager: setEnabledSetting : userId = 0 packageName = com.yandex.browser cmp = com.yandex.browser.InstallReceiver newState = 0 callingPackage = 10175
03-24 15:31:59.331 19230 19230 I [SL:BaseSearchLibImpl]: SL version: 536
03-24 15:31:59.341 19230 19230 D InjectionManager: InjectionManager
03-24 15:31:59.341 19230 19230 D InjectionManager: fillFeatureStoreMap com.yandex.browser
03-24 15:31:59.341 19230 19249 W System.err: remove failed: ENOENT (No such file or directory) : /data/user/0/com.yandex.browser/shared_prefs/searchlib_settings.xml.bak
03-24 15:31:59.351 19230 19230 I InjectionManager: Constructor com.yandex.browser, Feature store :{}
03-24 15:31:59.351 19230 19230 I InjectionManager: featureStore :{}
03-24 15:31:59.351 19230 19230 W ResourcesManager: getTopLevelResources: /data/app/com.yandex.browser-1/base.apk / 1.0 running in com.yandex.browser rsrc of package com.yandex.browser
03-24 15:31:59.351 19230 19306 W ResourceType: No package identifier when getting value for resource number 0x00000000
03-24 15:31:59.361 19230 19230 W ResourcesManager: getTopLevelResources: /data/app/com.yandex.browser-1/base.apk / 1.0 running in com.yandex.browser rsrc of package com.yandex.browser
03-24 15:31:59.361 19264 19304 I AppMetrica: [com.yandex.browser] : [] Initializing of Metrica, Release type, Version 3.4.0, API Level 72, Dated 05.11.2018.
03-24 15:31:59.371  3670  4550 I PersonaManager: mKnoxInfo is empty
03-24 15:31:59.371  3670  4550 I ActivityManager: Killing 16021:com.android.defcontainer/u0a4 (adj 15): DHA:empty #21
03-24 15:31:59.371  3670  4550 I ActivityManager: Killing 16280:com.android.shell/2000 (adj 15): DHA:empty #21
03-24 15:31:59.381  3670  4452 I PersonaManager: mKnoxInfo is empty
03-24 15:31:59.381  3670  4952 D ActivityManager: cleanUpApplicationRecord -- 16021
03-24 15:31:59.391  3670  4952 D ActivityManager: isAutoRunBlockedApp:: com.android.defcontainer, Auto Run ON
03-24 15:31:59.391 19230 19230 D ConnectivityManager: requestNetwork; getAppId(CallingUid) : 10175, CallingPid : 19230
03-24 15:31:59.391  3670  4952 I ActivityManager: Killing 16457:com.samsung.faceservice/5004 (adj 15): DHA:empty #19
03-24 15:31:59.391  3670  3931 D ConnectivityService: listenForNetwork for Listen from uid/pid:10175/19230 for NetworkRequest [ id=361, legacyType=-1, [ Capabilities: INTERNET&NOT_RESTRICTED&TRUSTED] ]
03-24 15:31:59.391  3670  4029 D ConnectivityService: rematching NetworkAgentInfo [WIFI () - 510]
03-24 15:31:59.391  3670  4029 D ConnectivityService:  network has: NetworkAgentInfo{ ni{[type: WIFI[] - WIFI, state: CONNECTED/CONNECTED, reason: (unspecified), extra: "DataStructures", roaming: false, failover: false, isAvailable: true]}  network{510}  lp{{InterfaceName: wlan0 LinkAddresses: [fe80::ee9b:f3ff:fe73:43e9/64,192.168.0.174/24,]  Routes: [fe80::/64 -> :: wlan0,192.168.0.0/24 -> 0.0.0.0 wlan0,0.0.0.0/0 -> 192.168.0.1 wlan0,] DnsAddresses: [192.168.0.1,] Domains:  MTU: 0 TcpBufferSizes: 524288,1048576,4525824,524288,1048576,4525824}}  nc{[ Transports: WIFI Capabilities: INTERNET&NOT_RESTRICTED&TRUSTED&NOT_VPN&VALIDATED LinkUpBandwidth>=1048576Kbps LinkDnBandwidth>=1048576Kbps SignalStrength: -37]}  Score{60}  everValidated{true}  lastValidated{true}  created{true} lingering{false} explicitlySelected{false} acceptUnvalidated{false} everCaptivePortalDetected{false} lastCaptivePortalDetected{false} }
03-24 15:31:59.391  3670  4029 D ConnectivityService:   checking if request is: NetworkRequest [ id=361, legacyType=-1, [ Capabilities: INTERNET&NOT_RESTRICTED&TRUSTED] ] satisfies: true nri.isRequest: false
03-24 15:31:59.391  3670  4029 D ConnectivityService:   checking if request is: NetworkRequest [ id=5, legacyType=-1, [ Transports: WIFI Capabilities: INTERNET&NOT_RESTRICTED&TRUSTED&NOT_VPN] ] satisfies: true nri.isRequest: false
03-24 15:31:59.391  3670  4029 D ConnectivityService: Network NetworkAgentInfo [WIFI () - 510] was already satisfying request 1. No change.
03-24 15:31:59.391  3670  4029 D ConnectivityService:   checking if request is: NetworkRequest [ id=3, legacyType=-1, [] ] satisfies: true nri.isRequest: false
03-24 15:31:59.391  3670  4029 D ConnectivityService:   checking if request is: NetworkRequest [ id=4, legacyType=-1, [ Transports: CELLULAR Capabilities: INTERNET&NOT_RESTRICTED&TRUSTED&NOT_VPN] ] satisfies: false nri.isRequest: false
03-24 15:31:59.391  3670  4029 D ConnectivityService:   checking if request is: NetworkRequest [ id=348, legacyType=-1, [ Capabilities: INTERNET&NOT_RESTRICTED&TRUSTED] ] satisfies: true nri.isRequest: false
03-24 15:31:59.391  3670  4029 D ConnectivityService: sending notification AVAILABLE for NetworkRequest [ id=361, legacyType=-1, [ Capabilities: INTERNET&NOT_RESTRICTED&TRUSTED] ]
03-24 15:31:59.391  3670  4952 I ActivityManager: Killing 16059:com.samsung.enhanceservice/5004 (adj 15): DHA:empty #19
03-24 15:31:59.401  3670  4454 D ActivityManager: cleanUpApplicationRecord -- 16280
03-24 15:31:59.411  3670  4454 D ActivityManager: isAutoRunBlockedApp:: com.android.shell, Auto Run ON
03-24 15:31:59.411  3670  4454 I ActivityManager: Killing 16071:com.samsung.dcmservice/5004 (adj 15): DHA:empty #17
03-24 15:31:59.411  3670  4454 I ActivityManager: Killing 16445:com.samsung.ipservice/5004 (adj 15): DHA:empty #17
03-24 15:31:59.411 16009 16009 I ServiceManager: [#CMH#] Disconnected to Service  com.samsung.enhanceservice.EnhanceService
03-24 15:31:59.411 16009 16009 I ServiceManager: [#CMH#] Disconnected to Service  com.samsung.faceservice.FaceService
03-24 15:31:59.421  3670  4552 D ActivityManager: cleanUpApplicationRecord -- 16457
03-24 15:31:59.421 16009 16009 I ServiceManager: [#CMH#] Disconnected to Service  com.samsung.dcmservice.DCMService
03-24 15:31:59.421  3670  4552 D ActivityManager: isAutoRunBlockedApp:: com.samsung.faceservice, Auto Run ON
03-24 15:31:59.421  3670  4552 W ActivityManager: Scheduling restart of crashed service com.samsung.faceservice/.FaceService in 1000ms
03-24 15:31:59.421  3670  4552 I ActivityManager: Killing 16121:com.samsung.storyservice/5004 (adj 15): DHA:empty #15
03-24 15:31:59.421  3670  4552 I ActivityManager: Killing 16009:com.samsung.cmh:CMH/5004 (adj 15): DHA:empty #15
03-24 15:31:59.421 19230 19230 I Timeline: Timeline: Activity_launch_request id:com.yandex.browser time:72730357
03-24 15:31:59.421  3670  4407 I PersonaManager: mKnoxInfo is empty
03-24 15:31:59.421  3670  4421 D ActivityManager: cleanUpApplicationRecord -- 16059
03-24 15:31:59.421  3670  4421 D ActivityManager: isAutoRunBlockedApp:: com.samsung.enhanceservice, Auto Run ON
03-24 15:31:59.421  3670  4421 W ActivityManager: Scheduling restart of crashed service com.samsung.enhanceservice/.EnhanceService in 10992ms
03-24 15:31:59.431  3670  4421 I ActivityManager: Killing 16133:com.samsung.android.provider.shootingmodeprovider/u0a63 (adj 15): DHA:empty #13
03-24 15:31:59.431  3670  4421 I ActivityManager: Killing 16042:com.samsung.android.communicationservice/5002 (adj 15): DHA:empty #13
03-24 15:31:59.431  3670  4952 D ActivityManager: cleanUpApplicationRecord -- 16445
03-24 15:31:59.431  3670  4952 D ActivityManager: isAutoRunBlockedApp:: com.samsung.ipservice, Auto Run ON
03-24 15:31:59.431  3670  4952 W ActivityManager: Scheduling restart of crashed service com.samsung.ipservice/.IPService in 20982ms
03-24 15:31:59.431  3670  4952 I ActivityManager: Killing 16086:com.samsung.android.coreapps/5011 (adj 15): DHA:empty #11
03-24 15:31:59.431  3670  4952 I ActivityManager: Killing 16222:com.samsung.android.weather/u0a77 (adj 15): DHA:empty #11
03-24 15:31:59.441 16145 16145 D Mms/MmsApp: CommunicationService Disconnected
03-24 15:31:59.451  3670  4550 D ActivityManager: cleanUpApplicationRecord -- 16071
03-24 15:31:59.451  3670  4550 D ActivityManager: isAutoRunBlockedApp:: com.samsung.dcmservice, Auto Run ON
03-24 15:31:59.451  3670  4550 W ActivityManager: Scheduling restart of crashed service com.samsung.dcmservice/.DCMService in 30969ms
03-24 15:31:59.451  3670  4550 I ActivityManager: Killing 16267:com.android.calendar/u0a164 (adj 15): DHA:empty #9
03-24 15:31:59.451  3670  4550 I ActivityManager: Killing 16242:com.android.documentsui/u0a92 (adj 15): DHA:empty #9
03-24 15:31:59.451  3670  4407 D GameManagerService: identifyGamePackage. com.yandex.browser
03-24 15:31:59.451  3670  4407 D MultiWindowPolicy: Gamemode - return 0,  when calling  identifyForegroundApp(com.yandex.browser)
03-24 15:31:59.451  3670  4407 D CustomFrequencyManagerService: releaseDVFSLockLocked : Getting Lock type frm List : DVFS_MIN_LIMIT  frequency : 1800000  uid : 1000  pid : 3670  tag : ACTIVITY_RESUME_BOOSTER@3
03-24 15:31:59.451  3670  4407 D CustomFrequencyManagerService: acquireDVFSLockLocked : type : DVFS_MIN_LIMIT  frequency : 1800000  uid : 1000  pid : 3670  pkgName : ACTIVITY_RESUME_BOOSTER@3
03-24 15:31:59.461  3670  4407 D ActivityManager: mDVFSHelper.acquire()
03-24 15:31:59.461  3670  4407 V WindowManager: addAppToken: AppWindowToken{86d1ada token=Token{ab35c85 ActivityRecord{d463dfc u0 com.yandex.browser/.YandexBrowserMainActivity t192}}} to stack=1 task=192 at 1
03-24 15:31:59.461  3670  4407 D InputDispatcher: Focused application set to: xxxx
03-24 15:31:59.461  3670  3931 D ActivityManager: cleanUpApplicationRecord -- 16009
03-24 15:31:59.461  3670  3931 W ActivityManager: ProcessRecord{396b90e 16121:com.samsung.storyservice/5004} is already killed
03-24 15:31:59.461  3022  3022 E lowmemorykiller: Error opening /proc/16121/oom_score_adj; errno=2
03-24 15:31:59.491  3670  3931 W ActivityManager: Exception when unbinding service com.samsung.storyservice/.StoryService
03-24 15:31:59.491  3670  3931 W ActivityManager: android.os.DeadObjectException
03-24 15:31:59.491  3670  3931 W ActivityManager: 	at android.os.BinderProxy.transactNative(Native Method)
03-24 15:31:59.491  3670  3931 W ActivityManager: 	at android.os.BinderProxy.transact(Binder.java:503)
03-24 15:31:59.491  3670  3931 W ActivityManager: 	at android.app.ApplicationThreadProxy.scheduleUnbindService(ApplicationThreadNative.java:1260)
03-24 15:31:59.491  3670  3931 W ActivityManager: 	at com.android.server.am.ActiveServices.removeConnectionLocked(ActiveServices.java:2136)
03-24 15:31:59.491  3670  3931 W ActivityManager: 	at com.android.server.am.ActiveServices.killServicesLocked(ActiveServices.java:2499)
03-24 15:31:59.491  3670  3931 W ActivityManager: 	at com.android.server.am.ActivityManagerService.cleanUpApplicationRecordLocked(ActivityManagerService.java:21526)
03-24 15:31:59.491  3670  3931 W ActivityManager: 	at com.android.server.am.ActivityManagerService.handleAppDiedLocked(ActivityManagerService.java:7357)
03-24 15:31:59.491  3670  3931 W ActivityManager: 	at com.android.server.am.ActivityManagerService.appDiedLocked(ActivityManagerService.java:7590)
03-24 15:31:59.491  3670  3931 W ActivityManager: 	at com.android.server.am.ActivityManagerService$AppDeathRecipient.binderDied(ActivityManagerService.java:1925)
03-24 15:31:59.491  3670  3931 W ActivityManager: 	at android.os.BinderProxy.sendDeathNotice(Binder.java:558)
03-24 15:31:59.491  3670  3931 W ActivityManager: ProcessRecord{396b90e 16121:com.samsung.storyservice/5004} is already killed
03-24 15:31:59.491  3670  3931 D ActivityManager: isAutoRunBlockedApp:: com.samsung.cmh, Auto Run ON
03-24 15:31:59.491  3670  4452 D ActivityManager: cleanUpApplicationRecord -- 16121
03-24 15:31:59.491  3670  4452 D ActivityManager: isAutoRunBlockedApp:: com.samsung.storyservice, Auto Run ON
03-24 15:31:59.501  3670  3697 D ActivityManager: cleanUpApplicationRecord -- 16042
03-24 15:31:59.501  3670  3697 D ActivityManager: isAutoRunBlockedApp:: com.samsung.android.communicationservice, Auto Run ON
03-24 15:31:59.501  3670  3697 W ActivityManager: Scheduling restart of crashed service com.samsung.android.communicationservice/.ITransactionManagerService in 1000ms
03-24 15:31:59.501  3670  4407 V AlarmManager:  remove PendingIntent] PendingIntent{33f0b0b: PendingIntentRecord{cb73de8 com.yandex.browser startService}}
03-24 15:31:59.501  3670  4552 D ActivityManager: cleanUpApplicationRecord -- 16133
03-24 15:31:59.501  3670  4552 D ActivityManager: isAutoRunBlockedApp:: com.samsung.android.provider.shootingmodeprovider, Auto Run ON
03-24 15:31:59.511  3670  4409 I PersonaManager: mKnoxInfo is empty
03-24 15:31:59.511  3670  3698 I PersonaManager: mKnoxInfo is empty
03-24 15:31:59.511  3670  4946 D ActivityManager: cleanUpApplicationRecord -- 16086
03-24 15:31:59.511  3670  4946 D ActivityManager: isAutoRunBlockedApp:: com.samsung.android.coreapps, Auto Run ON
03-24 15:31:59.511  3670  4016 D ActivityManager: cleanUpApplicationRecord -- 16222
03-24 15:31:59.521  3670  4016 D ActivityManager: isAutoRunBlockedApp:: com.samsung.android.weather, Auto Run ON
03-24 15:31:59.521  3670  4143 I PersonaManager: mKnoxInfo is empty
03-24 15:31:59.521 19230 19230 D Activity: performCreate Call Injection manager
03-24 15:31:59.521  3670  4524 D ActivityManager: cleanUpApplicationRecord -- 16267
03-24 15:31:59.521  3670  4524 D ActivityManager: isAutoRunBlockedApp:: com.android.calendar, Auto Run ON
03-24 15:31:59.531  3670  4952 D ActivityManager: cleanUpApplicationRecord -- 16242
03-24 15:31:59.531  3670  4952 D ActivityManager: isAutoRunBlockedApp:: com.android.documentsui, Auto Run ON
03-24 15:31:59.531  3670  4421 I PersonaManager: mKnoxInfo is empty
03-24 15:31:59.541  3670  3698 D PackageManager: setEnabledSetting : userId = 0 packageName = com.yandex.browser cmp = ru.yandex.searchlib.notification.BarMarkerService newState = 2 callingPackage = 10175
03-24 15:31:59.541  3670  4407 D PackageManager: setEnabledSetting : userId = 0 packageName = com.yandex.browser cmp = ru.yandex.searchlib.notification.NotificationConnectivityBroadcastReceiver newState = 2 callingPackage = 10175
03-24 15:31:59.541  3670  3670 D GameManagerService: NotifyRunnable. pkg: com.yandex.browser, type: 4, isMinimized: false, isTunableApp: false
03-24 15:31:59.551  3670  3796 V MARsPolicyManager: updatePackagesScore PackageInfo name -- com.yandex.browser
03-24 15:31:59.551  3670  4552 V AlarmManager:  remove PendingIntent] PendingIntent{9b65094: PendingIntentRecord{cb73de8 com.yandex.browser startService}}
03-24 15:31:59.551  3670  4952 I PersonaManager: mKnoxInfo is empty
03-24 15:31:59.551  3670  4407 D PackageManager: setEnabledSetting : userId = 0 packageName = com.yandex.browser cmp = ru.yandex.searchlib.notification.BarMarkerService newState = 2 callingPackage = 10175
03-24 15:31:59.561  3670  4409 D PackageManager: setEnabledSetting : userId = 0 packageName = com.yandex.browser cmp = ru.yandex.searchlib.notification.NotificationConnectivityBroadcastReceiver newState = 2 callingPackage = 10175
03-24 15:31:59.561 19230 19230 W ResourcesManager: getTopLevelResources: /data/app/com.yandex.browser-1/base.apk / 1.0 running in com.yandex.browser rsrc of package com.yandex.browser
03-24 15:31:59.561 19230 19230 W ResourcesManager: getTopLevelResources: /data/app/com.yandex.browser-1/base.apk / 1.0 running in com.yandex.browser rsrc of package com.yandex.browser
03-24 15:31:59.601 19230 19230 D SecWifiDisplayUtil: Metadata value : SecSettings2
03-24 15:31:59.621 19264 19332 I System.out: (HTTPLog)-Static: isSBSettingEnabled false
03-24 15:31:59.621 19264 19332 I System.out: (HTTPLog)-Static: isSBSettingEnabled false
03-24 15:31:59.631  3037  3741 D EnterpriseController: netId is 0
03-24 15:31:59.631  3037  3741 D Netd    : getNetworkForDns: using netid 510 for uid 10175
03-24 15:31:59.711  3670  4952 V WindowOrientationListener: setCurrentAppOrientation :7
03-24 15:31:59.711  3670  4952 V WindowOrientationListener: OrientationSensorJudge.getProposedRotation, Rotation: -1
03-24 15:31:59.711  3670  4952 V WindowManager: rotationForOrientationLw(orient=7, last=0); user=0  sensorRotation=-1 mLidState=-1 mDockMode=0 mHdmiPlugged=false mMobileKeyboardEnabled=false displayId=0
03-24 15:31:59.711  3670  4952 V WindowOrientationListener: OrientationSensorJudge.getProposedRotation, Rotation: -1
03-24 15:31:59.741 19230 19230 I Timeline: Timeline: Activity_launch_request id:com.yandex.browser time:72730678
03-24 15:31:59.741  3670  4952 I PersonaManager: mKnoxInfo is empty
03-24 15:31:59.761  3670  4952 E Parcel  : Class not found when unmarshalling: com.yandex.browser.firstscreen.FirstScreenControllerBridge
03-24 15:31:59.761  3670  4952 E Parcel  : java.lang.ClassNotFoundException: com.yandex.browser.firstscreen.FirstScreenControllerBridge
03-24 15:31:59.761  3670  4952 E Parcel  : 	at java.lang.Class.classForName(Native Method)
03-24 15:31:59.761  3670  4952 E Parcel  : 	at java.lang.Class.forName(Class.java:324)
03-24 15:31:59.761  3670  4952 E Parcel  : 	at android.os.Parcel.readParcelableCreator(Parcel.java:2404)
03-24 15:31:59.761  3670  4952 E Parcel  : 	at android.os.Parcel.readParcelable(Parcel.java:2358)
03-24 15:31:59.761  3670  4952 E Parcel  : 	at android.os.Parcel.readValue(Parcel.java:2264)
03-24 15:31:59.761  3670  4952 E Parcel  : 	at android.os.Parcel.readArrayMapInternal(Parcel.java:2614)
