03-24 15:31:59.761  3670  4952 E Parcel  : 	at android.os.BaseBundle.unparcel(BaseBundle.java:221)
03-24 15:31:59.761  3670  4952 E Parcel  : 	at android.os.BaseBundle.getString(BaseBundle.java:920)
03-24 15:31:59.761  3670  4952 E Parcel  : 	at android.content.Intent.getStringExtra(Intent.java:6183)
03-24 15:31:59.761  3670  4952 E Parcel  : 	at com.android.server.am.ActivityStackSupervisor.startActivityLocked(ActivityStackSupervisor.java:2706)
03-24 15:31:59.761  3670  4952 E Parcel  : 	at com.android.server.am.ActivityStackSupervisor.startActivityMayWait(ActivityStackSupervisor.java:2171)
03-24 15:31:59.761  3670  4952 E Parcel  : 	at com.android.server.am.ActivityManagerService.startActivityAsUser(ActivityManagerService.java:6356)
03-24 15:31:59.761  3670  4952 E Parcel  : 	at com.android.server.am.ActivityManagerService.startActivity(ActivityManagerService.java:6127)
03-24 15:31:59.761  3670  4952 E Parcel  : 	at android.app.ActivityManagerNative.onTransact(ActivityManagerNative.java:170)
03-24 15:31:59.761  3670  4952 E Parcel  : 	at com.android.server.am.ActivityManagerService.onTransact(ActivityManagerService.java:3999)
03-24 15:31:59.761  3670  4952 E Parcel  : 	at android.os.Binder.execTransact(Binder.java:453)
03-24 15:31:59.761  3670  4952 E Parcel  : Caused by: java.lang.ClassNotFoundException: com.yandex.browser.firstscreen.FirstScreenControllerBridge
03-24 15:31:59.761  3670  4952 E Parcel  : 	at java.lang.Class.classForName(Native Method)
03-24 15:31:59.761  3670  4952 E Parcel  : 	at java.lang.BootClassLoader.findClass(ClassLoader.java:781)
03-24 15:31:59.761  3670  4952 E Parcel  : 	at java.lang.BootClassLoader.loadClass(ClassLoader.java:841)
03-24 15:31:59.761  3670  4952 E Parcel  : 	at java.lang.ClassLoader.loadClass(ClassLoader.java:469)
03-24 15:31:59.761  3670  4952 E Parcel  : 	... 16 more
03-24 15:31:59.761  3670  4952 E Parcel  : Caused by: java.lang.NoClassDefFoundError: Class not found using the boot class loader; no stack trace available
03-24 15:31:59.761  3670  4952 D GameManagerService: identifyGamePackage. com.yandex.browser
03-24 15:31:59.761  3670  4952 D MultiWindowPolicy: Gamemode - return 0,  when calling  identifyForegroundApp(com.yandex.browser)
03-24 15:31:59.761  3670  4952 D CustomFrequencyManagerService: releaseDVFSLockLocked : Getting Lock type frm List : DVFS_MIN_LIMIT  frequency : 1800000  uid : 1000  pid : 3670  tag : ACTIVITY_RESUME_BOOSTER@3
03-24 15:31:59.761  3670  4952 D CustomFrequencyManagerService: acquireDVFSLockLocked : type : DVFS_MIN_LIMIT  frequency : 1800000  uid : 1000  pid : 3670  pkgName : ACTIVITY_RESUME_BOOSTER@3
03-24 15:31:59.761  3670  4952 D ActivityManager: mDVFSHelper.acquire()
03-24 15:31:59.761  3670  4952 V WindowManager: addAppToken: AppWindowToken{600f1df token=Token{505c87e ActivityRecord{dd96a39 u0 com.yandex.browser/.firstscreen.FirstScreenActivity t192}}} to stack=1 task=192 at 2
03-24 15:31:59.761  3670  4952 D InputDispatcher: Focused application set to: xxxx
03-24 15:31:59.841  3670  4452 D VoldConnector: SND -> {46 volume mkdirs /storage/emulated/0/Android/data/com.yandex.browser/files/Pictures/}
03-24 15:31:59.841  2999  3238 D VoldCmdListener: volume mkdirs /storage/emulated/0/Android/data/com.yandex.browser/files/Pictures/
03-24 15:31:59.841  2999  3238 D VoldCmdListener: CommandListener::runCommand() cmd:mkdirs
03-24 15:31:59.841  3670  4000 D VoldConnector: RCV <- {200 46 Command succeeded}
03-24 15:31:59.851 19346 19346 E Zygote  : v2
03-24 15:31:59.851 19346 19346 I libpersona: KNOX_SDCARD checking this for 10175
03-24 15:31:59.851 19346 19346 I libpersona: KNOX_SDCARD not a persona
03-24 15:31:59.851 19346 19346 W SELinux : Function: selinux_compare_spd_ram, index[1], priority [2], priority version is VE=SEPF_SECMOBILE_6.0.1_0003
03-24 15:31:59.851 19346 19346 E Zygote  : accessInfo : 0
03-24 15:31:59.851 19346 19346 W SELinux : SELinux: seapp_context_lookup: seinfo=default, level=s0:c512,c768, pkgname=com.yandex.browser:passport 
03-24 15:31:59.861  3670  4952 I ActivityManager: Start proc 19346:com.yandex.browser:passport/u0a175 for content provider com.yandex.browser/com.yandex.passport.internal.provider.InternalProvider
03-24 15:31:59.871 19346 19346 W ResourcesManager: getTopLevelResources: /data/app/com.yandex.browser-1/base.apk / 1.0 running in com.yandex.browser rsrc of package com.yandex.browser
03-24 15:31:59.881  3670  4550 I InjectionManagerService -AppFeature: getCoreFeaturePkgList :[]
03-24 15:31:59.881 19346 19346 I InjectionManager: Inside getClassLibPath + mLibMap{0=, 1=}
03-24 15:31:59.881 19346 19346 D ResourcesManager: For user 0 new overlays fetched Null
03-24 15:31:59.881 19346 19346 I InjectionManager: Inside getClassLibPath caller 
03-24 15:31:59.891 19346 19346 I MultiDex: Installing application
03-24 15:31:59.901 19346 19346 I MultiDex: VM with version 2.1.0 has multidex support
03-24 15:31:59.901 19346 19346 I MultiDex: VM has multidex support, MultiDex support library is disabled.
03-24 15:31:59.901 19346 19346 I cr_base_multidex: Completed multidex installation.
03-24 15:31:59.901 19230 19230 D Activity: performCreate Call Injection manager
03-24 15:31:59.901 19230 19249 W System.err: remove failed: ENOENT (No such file or directory) : /data/user/0/com.yandex.browser/shared_prefs/dashboard_prefs.xml.bak
03-24 15:31:59.901 19230 19230 I InjectionManager: dispatchOnViewCreated > Target : com.yandex.browser.YandexBrowserMainActivity isFragment :false
03-24 15:31:59.911 19230 19230 D SecWifiDisplayUtil: Metadata value : SecSettings2
03-24 15:31:59.911 19230 19230 D ViewRootImpl: #1 mView = com.android.internal.policy.PhoneWindow$DecorView{c72c6ff I.E...... R.....ID 0,0-0,0}
03-24 15:31:59.921 19230 19364 D OpenGLRenderer: Use EGL_SWAP_BEHAVIOR_PRESERVED: true
03-24 15:31:59.921  3670  4952 D ISSUE_DEBUG: InputChannelName : 1acccfb com.yandex.browser/com.yandex.browser.YandexBrowserMainActivity
03-24 15:31:59.931 19230 19230 D ConnectivityManager: unregisterNetworkCallback; CallingUid : 10175, CallingPid : 19230
03-24 15:31:59.931  3670  4029 D ConnectivityService: releasing NetworkRequest NetworkRequest [ id=361, legacyType=-1, [ Capabilities: INTERNET&NOT_RESTRICTED&TRUSTED] ]
03-24 15:31:59.931  3670  4029 D ConnectivityService: sending notification RELEASED for NetworkRequest [ id=361, legacyType=-1, [ Capabilities: INTERNET&NOT_RESTRICTED&TRUSTED] ]
03-24 15:31:59.941 19368 19368 E Zygote  : v2
03-24 15:31:59.951 19368 19368 I libpersona: KNOX_SDCARD checking this for 10175
03-24 15:31:59.951 19368 19368 I libpersona: KNOX_SDCARD not a persona
03-24 15:31:59.951 19368 19368 W SELinux : Function: selinux_compare_spd_ram, index[1], priority [2], priority version is VE=SEPF_SECMOBILE_6.0.1_0003
03-24 15:31:59.951 19368 19368 E Zygote  : accessInfo : 0
03-24 15:31:59.951 19368 19368 W SELinux : SELinux: seapp_context_lookup: seinfo=default, level=s0:c512,c768, pkgname=com.yandex.browser:firstscreen 
03-24 15:31:59.951 19346 19367 I AppMetrica: [com.yandex.browser] : [] Initializing of Metrica, Release type, Version 3.4.0, API Level 72, Dated 05.11.2018.
03-24 15:31:59.951  3670  4552 I ActivityManager: Start proc 19368:com.yandex.browser:firstscreen/u0a175 for activity com.yandex.browser/.firstscreen.FirstScreenActivity
03-24 15:31:59.961  3025  3025 I SurfaceFlinger: id=788 createSurf (1x1),1 flag=4, ZandexBrows
03-24 15:31:59.981  3670  4407 D ActivityManager:  Launching com.yandex.browser, updated priority
03-24 15:31:59.981  3670  3670 D GameManagerService: NotifyRunnable. pkg: com.yandex.browser, type: 4, isMinimized: false, isTunableApp: false
03-24 15:31:59.981  3670  3796 V MARsPolicyManager: updatePackagesScore PackageInfo name -- com.yandex.browser
03-24 15:31:59.981  3670  4550 I PersonaManager: mKnoxInfo is empty
03-24 15:31:59.991  3670  3980 V AlarmManager: Expired Alarm result :8
03-24 15:32:00.001  4103  4103 D KeyguardUpdateMonitor: received broadcast android.intent.action.TIME_TICK
03-24 15:32:00.001  4103  4103 D KeyguardUpdateMonitor: handleTimeUpdate
03-24 15:32:00.001 19230 19364 D libEGL  : loaded /vendor/lib/egl/libGLES_mali.so
03-24 15:32:00.001 19368 19368 W ResourcesManager: getTopLevelResources: /data/app/com.yandex.browser-1/base.apk / 1.0 running in com.yandex.browser rsrc of package com.yandex.browser
03-24 15:32:00.001  4103  4103 D Clock   : received broadcast android.intent.action.TIME_TICK
03-24 15:32:00.001  3670  4550 I InjectionManagerService -AppFeature: getCoreFeaturePkgList :[]
03-24 15:32:00.001 19346 19346 D InjectionManager: InjectionManager
03-24 15:32:00.001 19346 19346 D InjectionManager: fillFeatureStoreMap com.yandex.browser
03-24 15:32:00.001 19368 19368 I InjectionManager: Inside getClassLibPath + mLibMap{0=, 1=}
03-24 15:32:00.001 19346 19346 I InjectionManager: Constructor com.yandex.browser, Feature store :{}
03-24 15:32:00.001 19346 19346 I InjectionManager: featureStore :{}
03-24 15:32:00.011 19368 19368 D ResourcesManager: For user 0 new overlays fetched Null
03-24 15:32:00.011 19368 19368 I InjectionManager: Inside getClassLibPath caller 
03-24 15:32:00.011 19230 19364 D libEGL  : eglInitialize EGLDisplay = 0xd902a7c4
03-24 15:32:00.011 19230 19364 I OpenGLRenderer: Initialized EGL, version 1.4
03-24 15:32:00.011 19230 19364 D         : ro.exynos.dss isEnabled: 0
03-24 15:32:00.021 19230 19364 D mali_winsys: new_window_surface returns 0x3000,  [1440x2560]-format:1
03-24 15:32:00.021 19368 19368 I MultiDex: Installing application
03-24 15:32:00.021 19368 19368 I MultiDex: VM with version 2.1.0 has multidex support
03-24 15:32:00.021 19368 19368 I MultiDex: VM has multidex support, MultiDex support library is disabled.
03-24 15:32:00.021 19230 19406 I cr_ui   : Using UI locale en, system locale: en (Android name: en)
03-24 15:32:00.021 19368 19368 I cr_base_multidex: Completed multidex installation.
03-24 15:32:00.021 19230 19406 I cr_ui   : Missing asset file: yandex/locales#lang_en/en-US.pak
03-24 15:32:00.031 19230 19406 I cr_ui   : Found asset file: yandex/locales/en-US.pak
03-24 15:32:00.031 19230 19406 I cr_ui   : Using app bundle locale directory: yandex/locales
03-24 15:32:00.031 19230 19406 I cr_ui   : UI Language: en requires .pak files: [en-US]
03-24 15:32:00.031  3670  3931 V WindowStateAnimator: Finishing drawing window Window{58fc9ad u0 d0 SurfaceView}: mDrawState=NO_SURFACE
03-24 15:32:00.031 19230 19364 D libGLESv1: DTS_GLAPI : DTS is not allowed for Package : com.yandex.browser
03-24 15:32:00.031 19230 19406 I cr_ui   : Using UI locale en, system locale: en (Android name: en)
03-24 15:32:00.031 19230 19406 I cr_ui   : Missing asset file: yandex/locales#lang_en/en-US.pak
03-24 15:32:00.031 19230 19406 I cr_ui   : Found asset file: yandex/locales/en-US.pak
03-24 15:32:00.031 19230 19406 I cr_ui   : Using app bundle locale directory: yandex/locales
03-24 15:32:00.031 19230 19406 I cr_ui   : UI Language: en requires .pak files: [en-US]
03-24 15:32:00.041 19230 19406 I cr_FileUtils: Writing to /data/user/0/com.yandex.browser/app_chromium/paks/en-US.pak@6bf357a0
03-24 15:32:00.041 19230 19405 I cr_LibraryLoader:  Loading yandexbrowser from within /data/app/com.yandex.browser-1/base.apk
03-24 15:32:00.051  4103  4103 D DateView: received broadcast android.intent.action.TIME_TICK
03-24 15:32:00.061  3670  3698 D BatteryService: !@BatteryListener : batteryPropertiesChanged!
03-24 15:32:00.061  3670  3698 D BatteryService: level:94, scale:100, status:2, health:2, present:true, voltage: 4204, temperature: 324, technology: Li-ion, AC powered:false, USB powered:true, POGO powered:false, Wireless powered:false, icon:17303414, invalid charger:0, maxChargingCurrent:0
03-24 15:32:00.061  3670  3698 D BatteryService: online:4, current avg:-16, charge type:1, power sharing:false, high voltage charger:false, capacity:280000, batterySWSelfDischarging:false, current_now:-1253
03-24 15:32:00.061  3670  3670 D BatteryService: Sending ACTION_BATTERY_CHANGED.
03-24 15:32:00.061  3670  3670 I MotionRecognitionService: Plugged
03-24 15:32:00.061  3670  3670 E MotionRecognitionService: support TA ~
03-24 15:32:00.061  3670  3670 I MotionRecognitionService: isTAConnected | current backoffstate  = 33792
03-24 15:32:00.061  3670  3670 D MotionRecognitionService:  TA connected ,  33792
03-24 15:32:00.061  3670  3670 I MotionRecognitionService: skip setTransmitPower. 
03-24 15:32:00.061  3670  3670 D MotionRecognitionService:   cableConnection= 1
03-24 15:32:00.061  3670  3670 D MotionRecognitionService: setPowerConnected | current backoffstate  = 33792 , state =33792
03-24 15:32:00.061  3670  3670 D MotionRecognitionService: skip setTransmitPower. 
03-24 15:32:00.061  4103  4103 D KeyguardUpdateMonitor: received broadcast android.intent.action.BATTERY_CHANGED
03-24 15:32:00.061  4103  4103 D KeyguardUpdateMonitor: handleBatteryUpdate
03-24 15:32:00.061  4103  4103 D PowerUI : priorPlugType = 2 mPlugType =  2
03-24 15:32:00.071  4103  4103 D PowerUI.Notification: showChargingNotice oldChargingType : 1 currentChargingType : 1 oldChargingTime : 962000 mChargingTime : 962000
03-24 15:32:00.071  4103  4103 D PowerUI.Notification: There is no change about charging status, so return!
03-24 15:32:00.081 19368 19414 I AppMetrica: [com.yandex.browser] : [d01c0d44-xxxx-xxxx-xxxx-xxxxxxxx00ad] Initializing of Metrica, Release type, Version 3.4.0, API Level 72, Dated 05.11.2018.
03-24 15:32:00.081  4103  4103 D BatteryMeterView: ACTION_BATTERY_CHANGED : level:94 status:2 health:2
03-24 15:32:00.081  4103  4103 D BatteryMeterView: ACTION_BATTERY_CHANGED : level:94 status:2 health:2
03-24 15:32:00.091  7226  7226 D [WeatherWidget(1236)]  WeatherService: {[EC3334F14841398C8B464A72D0E61AB7C564889C89112557F2146D56794659083956C77974A4825103AB5C5D4AC85EDAA24236388AC138058106446B92A35777]}
03-24 15:32:00.091  7226  7226 D [WeatherWidget(1236)]  : {[3AE6950019B083611567B0F9442DB03EEFA9050249635C043F7E254E316C2550]}
03-24 15:32:00.101  3670  4409 I PersonaManager: mKnoxInfo is empty
03-24 15:32:00.101  7226  7226 D [WeatherWidget(1236)]  : {[3AE6950019B083611567B0F9442DB03E5DDA24A68DD8F41CDE99F0ED3FBCA79D6E3672D13C47BC5ED8EFB051B507BC35D16D05BE0B1FFC48F1CBC65A73129A0D]}
03-24 15:32:00.101 19346 19391 I art     : Rejecting re-init on previously-failed class java.lang.Class<gx$f>
03-24 15:32:00.101 19346 19391 I art     : Rejecting re-init on previously-failed class java.lang.Class<gx$f>
03-24 15:32:00.101  7226  7226 D [WeatherWidget(1236)]  : {[A1AF0F6A1A65A89C43D705938923D0FEFB71880C4E84718DA0A3E1F383E54FB24509E0FBB917D66D2978C513F7383D4A3053B01023BD027BD5C6B984AE327ACDF73722D68B1F80266469F24891921060F6012335F813CE3C0359344A51D4CD9D96750407689B32392378DF20D5323939]}
03-24 15:32:00.101  7226  7226 D [WeatherWidget(1236)]  : {[15C09394A4E9AFE55A5C62F22AB3FC5902EB2A2150B6646A86F2B3102D669614]}
03-24 15:32:00.111 19368 19414 I art     : Rejecting re-init on previously-failed class java.lang.Class<com.yandex.metrica.impl.ob.lb>
03-24 15:32:00.111 19368 19414 I art     : Rejecting re-init on previously-failed class java.lang.Class<com.yandex.metrica.impl.ob.lb>
03-24 15:32:00.111  3670  4143 V WindowStateAnimator: Finishing drawing window Window{1acccfb u0 d0 com.yandex.browser/com.yandex.browser.YandexBrowserMainActivity}: mDrawState=DRAW_PENDING
03-24 15:32:00.111 19368 19368 D InjectionManager: InjectionManager
03-24 15:32:00.111 19368 19368 D InjectionManager: fillFeatureStoreMap com.yandex.browser
03-24 15:32:00.111 19230 19230 D ViewRootImpl: MSG_RESIZED_REPORT: ci=Rect(0, 96 - 0, 0) vi=Rect(0, 96 - 0, 0) or=1
03-24 15:32:00.111 19368 19368 I InjectionManager: Constructor com.yandex.browser, Feature store :{}
03-24 15:32:00.111 19368 19368 I InjectionManager: featureStore :{}
03-24 15:32:00.111  3025  3025 D libEGL  : eglInitialize EGLDisplay = 0x7ff3f31d28
03-24 15:32:00.111  3670  4524 I PersonaManager: mKnoxInfo is empty
03-24 15:32:00.121 19368 19368 W ResourcesManager: getTopLevelResources: /data/app/com.yandex.browser-1/base.apk / 1.0 running in com.yandex.browser rsrc of package com.yandex.browser
03-24 15:32:00.131 19368 19368 W ResourcesManager: getTopLevelResources: /data/app/com.yandex.browser-1/base.apk / 1.0 running in com.yandex.browser rsrc of package com.yandex.browser
03-24 15:32:00.131  3670  4454 V WindowStateAnimator: Finishing drawing window Window{1acccfb u0 d0 com.yandex.browser/com.yandex.browser.YandexBrowserMainActivity}: mDrawState=READY_TO_SHOW
03-24 15:32:00.161  3670  4421 I PersonaManager: mKnoxInfo is empty
03-24 15:32:00.161 19230 19230 I Timeline: Timeline: Activity_idle id: android.os.BinderProxy@f1272dd time:72731095
03-24 15:32:00.181 19230 19269 W System.err: remove failed: ENOENT (No such file or directory) : /data/user/0/com.yandex.browser/shared_prefs/permanent_user_settings.xml.bak
03-24 15:32:00.191  3670  4421 D PackageManager: setEnabledSetting : userId = 0 packageName = com.yandex.browser cmp = com.yandex.browser.publicwifi.WifiStateMonitorReceiver newState = 1 callingPackage = 10175
03-24 15:32:00.191  3670  3698 V WindowOrientationListener: setCurrentAppOrientation :1
03-24 15:32:00.191  3670  3698 V WindowOrientationListener: OrientationSensorJudge.getProposedRotation, Rotation: -1
03-24 15:32:00.191  3670  3698 V WindowManager: rotationForOrientationLw(orient=1, last=0); user=0  sensorRotation=-1 mLidState=-1 mDockMode=0 mHdmiPlugged=false mMobileKeyboardEnabled=false displayId=0
03-24 15:32:00.191  3670  3698 V WindowOrientationListener: OrientationSensorJudge.getProposedRotation, Rotation: -1
03-24 15:32:00.341 19368 19368 D Activity: performCreate Call Injection manager
03-24 15:32:00.341 19368 19368 I InjectionManager: dispatchOnViewCreated > Target : com.yandex.browser.firstscreen.FirstScreenActivity isFragment :false
03-24 15:32:00.351 19368 19368 D SecWifiDisplayUtil: Metadata value : SecSettings2
03-24 15:32:00.351 19368 19368 D ViewRootImpl: #1 mView = com.android.internal.policy.PhoneWindow$DecorView{8cd9524 I.ED..... R.....I. 0,0-0,0}
03-24 15:32:00.351 19368 19439 D OpenGLRenderer: Use EGL_SWAP_BEHAVIOR_PRESERVED: true
03-24 15:32:00.361  3670  4552 D ISSUE_DEBUG: InputChannelName : 4ebd406 com.yandex.browser/com.yandex.browser.firstscreen.FirstScreenActivity
03-24 15:32:00.371  3025  3025 I SurfaceFlinger: id=789 createSurf (1x1),1 flag=4, GirstScreen
03-24 15:32:00.371  3670  3798 D StatusBarManagerService: manageDisableList userId=0 what=0x0 pkg=Window{4ebd406 u0 d0 com.yandex.browser/com.yandex.browser.firstscreen.FirstScreenActivity}
03-24 15:32:00.371  4103  4103 D PhoneStatusBar: setSystemUiVisibility vis=8000 mask=ffffffff oldVal=8600 newVal=8000 diff=600
03-24 15:32:00.381 19230 19405 I cr_LibraryLoader: Time to load native libraries: 356 ms (timestamps 956-1312)
03-24 15:32:00.381  3670  4143 D InputDispatcher: Focus entered window: 19368
03-24 15:32:00.381 19230 19405 I chromium: [INFO:library_loader_hooks.cc(36)] Chromium logging enabled: level = 0, default verbosity = 0
03-24 15:32:00.381 19230 19405 I cr_LibraryLoader: Expected native library version number "18.11.1.979", actual native library version number "18.11.1.979"
03-24 15:32:00.381  3670  3884 D PointerIcon: setMouseIconStyle1 pointerType: 1001 iconType:101 flag:0 pid:3670 uid:1000
03-24 15:32:00.381  3670  3884 D PointerIcon: setMouseCustomIcon IconType is same.101
03-24 15:32:00.391 19230 19230 I cr_BrowserStartup: Initializing chromium process, singleProcess=false
03-24 15:32:00.401 19368 19439 D libEGL  : loaded /vendor/lib/egl/libGLES_mali.so
03-24 15:32:00.411 19368 19439 D libEGL  : eglInitialize EGLDisplay = 0xda2737c4
03-24 15:32:00.411 19368 19439 I OpenGLRenderer: Initialized EGL, version 1.4
03-24 15:32:00.411 19368 19439 D         : ro.exynos.dss isEnabled: 0
03-24 15:32:00.421 19368 19439 D mali_winsys: new_window_surface returns 0x3000,  [1440x2560]-format:1
03-24 15:32:00.431 19368 19368 D ViewRootImpl: MSG_RESIZED_REPORT: ci=Rect(0, 96 - 0, 0) vi=Rect(0, 96 - 0, 0) or=1
03-24 15:32:00.431  3670  4550 D InputMethodManagerService: windowGainedFocus mCurrentFocusedUserId - 0 and mSecureKeypadEnabled-false
03-24 15:32:00.431  3670  4550 W InputMethodManagerService: Got RemoteException sending setActive(false) notification to pid 18599 uid 10088
03-24 15:32:00.431  7402  7402 D SamsungIME: IMPL finishInput
03-24 15:32:00.431  7402  7402 D SamsungIME: SwiftKeyWrapper writeDBdataToFileOnFinishInput
03-24 15:32:00.431  7402  7402 D SamsungIME: saveAndClear +
03-24 15:32:00.431  7402  7402 D SamsungIME: saveAndClear -
03-24 15:32:00.431  7402  7402 D SamsungIME: onStartInput: No inputType, No imeOption, isInputViewShown = false, isExtractViewShown = false, isShowInputRequested = false, isConfigChanged = false
03-24 15:32:00.441 19368 19439 D libGLESv1: DTS_GLAPI : DTS is not allowed for Package : com.yandex.browser:firstscreen
03-24 15:32:00.521  3670  6805 D SSRM:n  : SIOP:: AP = 460, PST = 422 (W:10), CP = 321, CUR = -16, LCD = 93
03-24 15:32:00.531  3670  6805 D ConnectivityService: returning getNetworkInfo for network type 1 : [type: WIFI[] - WIFI, state: CONNECTED/CONNECTED, reason: (unspecified), extra: "DataStructures", roaming: false, failover: false, isAvailable: true]
03-24 15:32:00.541  3670  4952 V WindowStateAnimator: Finishing drawing window Window{4ebd406 u0 d0 com.yandex.browser/com.yandex.browser.firstscreen.FirstScreenActivity}: mDrawState=DRAW_PENDING
03-24 15:32:00.541 19368 19368 I Timeline: Timeline: Activity_idle id: android.os.BinderProxy@a7d885c time:72731477
03-24 15:32:00.541  3670  3798 D StatusBarManagerService: manageDisableList userId=0 what=0x0 pkg=Window{4ebd406 u0 d0 com.yandex.browser/com.yandex.browser.firstscreen.FirstScreenActivity}
03-24 15:32:00.541  4103  4103 D PhoneStatusBar: setSystemUiVisibility vis=0 mask=ffffffff oldVal=8000 newVal=0 diff=8000
03-24 15:32:00.551  3025  3025 D libEGL  : eglInitialize EGLDisplay = 0x7ff3f31d28
03-24 15:32:00.551  3670  4454 D ActivityManager: The following uid has registered to recieve broadcast for proxy related updates 10175
03-24 15:32:00.551  3670  4454 W ContextImpl: Calling a method in the system process without a qualified user: android.app.ContextImpl.sendBroadcast:845 com.android.server.am.ActivityManagerService.requestKnoxVpnToSendProxyBroadcast:29793 com.android.server.am.ActivityManagerService.registerReceiver:22658 android.app.ActivityManagerNative.onTransact:431 com.android.server.am.ActivityManagerService.onTransact:3999 
03-24 15:32:00.551  3670  3884 I ActivityManager: Displayed com.yandex.browser/.firstscreen.FirstScreenActivity: +613ms (total +1s621ms)
03-24 15:32:00.551  3670  3884 D CustomFrequencyManagerService: releaseDVFSLockLocked : Getting Lock type frm List : DVFS_MIN_LIMIT  frequency : 1800000  uid : 1000  pid : 3670  tag : ACTIVITY_RESUME_BOOSTER@3
03-24 15:32:00.551  3670  3884 D ActivityManager: mDVFSHelper.release()
03-24 15:32:00.551  3670  3884 I Timeline: Timeline: Activity_windows_visible id: ActivityRecord{dd96a39 u0 com.yandex.browser/.firstscreen.FirstScreenActivity t192} time:72731485
03-24 15:32:00.551  3670  3884 I Timeline: Timeline: Activity_windows_visible id: ActivityRecord{d463dfc u0 com.yandex.browser/.YandexBrowserMainActivity t192} time:72731486
03-24 15:32:00.561 19230 19230 I chromium: [INFO:experiments_native_adapter.cc(233)] Feature List State
03-24 15:32:00.561 19230 19230 I chromium: Enabled Features: AddJSFlags<v8_flags,AutofillKeyboardAccessory<psm,CollectMSEBufferQueueInfo<media_statistics,CollectRebufferingInfo<media_statistics,MessengerJsApi<alice,OfflineRecentPages<cache_recent_pages,Passman<psm,PassmanFormMergeOnStore<psm,PassmanLoginDuplicates<psm,PassmanMigrationMerge<psm,PassmanSecureNoteStorage<psm,RendererPrelauncher<renderer_prelauncher,SiteNotificationChannels<site_notification_channels,TopSitesMultiplicator<topsites_first_visit,YandexPrefetch<yandex_prefetch_txt,adaptive-tiling<adaptive_tiling
03-24 15:32:00.561 19230 19230 I chromium: Disabled Features: AjaxStatistics<ajax_logging,AndroidSearchQueriesBlacklist<search_queries_blacklist,Autolandscape<autolandscape,AutomaticTabDiscarding<automatic_tab_discarding,DXT5ImageCompression<etc_image_compression,DetectingHeavyPages<DetectingHeavyPages,EnableTranslate<modern_translator,Favorites<mycollections,FavoritesBookmarkExport<mycollections,Hibernate<hibernate,HostFeatures<host_features,Ignition<ignition,MordaPrerenderingDisabledInRoaming<prerender_morda,OomIntervention<oom_intervention,ReportYandexServicesPageEvents<web_page_events,SafeBrowsingSubframeCheck<sb_subframe_check,SafeContent<ads_logging,SingleProcessForExtensionsBackgroundPages<single_process_for_extensions,a2hs<add_to_home_screen,animated-frame-detection<animated_frame_detection,yandex-collections-button<web_page_inside
03-24 15:32:00.561  3670  3796 D CustomFrequencyManagerService: acquireDVFSLockLocked : type : DVFS_MIN_LIMIT  frequency : 1800000  uid : 1000  pid : 3670  pkgName : ACTIVITY_RESUME_BOOSTER@9
03-24 15:32:00.561  3670  4019 D NetworkPolicy: isUidForegroundLocked: 10185, mScreenOn: true, uidstate: 13, mProxSensorScreenOff: false
03-24 15:32:00.611  3670  3698 I PersonaManager: mKnoxInfo is empty
03-24 15:32:00.621 19474 19474 E Zygote  : v2
03-24 15:32:00.621 19474 19474 I libpersona: KNOX_SDCARD checking this for 10175
03-24 15:32:00.621 19474 19474 I libpersona: KNOX_SDCARD not a persona
03-24 15:32:00.621 19474 19474 W SELinux : Function: selinux_compare_spd_ram, index[1], priority [2], priority version is VE=SEPF_SECMOBILE_6.0.1_0003
03-24 15:32:00.621  3670  3698 I ActivityManager: Start proc 19474:com.yandex.browser:privileged_process2/u0a175 for service com.yandex.browser/org.chromium.content.app.PrivilegedProcessService2
03-24 15:32:00.621  3670  4952 I PersonaManager: mKnoxInfo is empty
03-24 15:32:00.621 19474 19474 E Zygote  : accessInfo : 0
03-24 15:32:00.631 19474 19474 W SELinux : SELinux: seapp_context_lookup: seinfo=default, level=s0:c512,c768, pkgname=com.yandex.browser:privileged_process2 
03-24 15:32:00.671 19474 19474 W ResourcesManager: getTopLevelResources: /data/app/com.yandex.browser-1/base.apk / 1.0 running in com.yandex.browser rsrc of package com.yandex.browser
03-24 15:32:00.681  3670  4409 D ConnectivityService: returning getNetworkInfo for network type 1 : [type: WIFI[] - WIFI, state: CONNECTED/CONNECTED, reason: (unspecified), extra: "DataStructures", roaming: false, failover: false, isAvailable: true]
03-24 15:32:00.681  3670  4454 I InjectionManagerService -AppFeature: getCoreFeaturePkgList :[]
03-24 15:32:00.681 19474 19474 I InjectionManager: Inside getClassLibPath + mLibMap{0=, 1=}
03-24 15:32:00.691 19474 19474 D ResourcesManager: For user 0 new overlays fetched Null
03-24 15:32:00.691  3670  4421 D ActivityManager: The following uid has registered to recieve broadcast for proxy related updates 10175
03-24 15:32:00.691  3670  4421 W ContextImpl: Calling a method in the system process without a qualified user: android.app.ContextImpl.sendBroadcast:845 com.android.server.am.ActivityManagerService.requestKnoxVpnToSendProxyBroadcast:29793 com.android.server.am.ActivityManagerService.registerReceiver:22658 android.app.ActivityManagerNative.onTransact:431 com.android.server.am.ActivityManagerService.onTransact:3999 
03-24 15:32:00.701 19474 19474 I InjectionManager: Inside getClassLibPath caller 
03-24 15:32:00.731 19474 19474 I MultiDex: Installing application
03-24 15:32:00.731 19474 19474 I MultiDex: VM with version 2.1.0 has multidex support
03-24 15:32:00.731 19474 19474 I MultiDex: VM has multidex support, MultiDex support library is disabled.
03-24 15:32:00.731 19474 19474 I cr_base_multidex: Completed multidex installation.
03-24 15:32:00.741 19230 19230 W chromium: [WARNING:passman_password_form_adjustments.cc(127)] No Passman password form adjustments in config, using defaults.
03-24 15:32:00.761 19474 19474 D InjectionManager: InjectionManager
03-24 15:32:00.761 19474 19474 D InjectionManager: fillFeatureStoreMap com.yandex.browser
03-24 15:32:00.761 19474 19474 I InjectionManager: Constructor com.yandex.browser, Feature store :{}
03-24 15:32:00.761 19474 19474 I InjectionManager: featureStore :{}
03-24 15:32:00.791 19474 19474 I cr_ChildProcessService: Creating new ChildProcessService pid=19474
03-24 15:32:00.821 19230 19249 W System.err: remove failed: ENOENT (No such file or directory) : /data/user/0/com.yandex.browser/shared_prefs/os_crypt_password.xml.bak
03-24 15:32:00.831  3670  4947 I PersonaManager: mKnoxInfo is empty
03-24 15:32:00.831  3670  4409 I PersonaManager: mKnoxInfo is empty
03-24 15:32:00.841  3670  4550 I PersonaManager: mKnoxInfo is empty
03-24 15:32:00.861  3670  3670 D CustomFrequencyManagerService: releaseDVFSLockLocked : Getting Lock type frm List : DVFS_MIN_LIMIT  frequency : 1800000  uid : 1000  pid : 3670  tag : ACTIVITY_RESUME_BOOSTER@9
03-24 15:32:00.871  3037  3741 D EnterpriseController: netId is 0
03-24 15:32:00.871  3037  3741 D Netd    : getNetworkForDns: using netid 510 for uid 10175
03-24 15:32:00.881 19230 19230 W System.err: remove failed: ENOENT (No such file or directory) : /data/user/0/com.yandex.browser/files/dashboard.cells.bak
03-24 15:32:00.891 19264 19425 I System.out: (HTTPLog)-Static: isSBSettingEnabled false
03-24 15:32:00.891 19264 19425 I System.out: (HTTPLog)-Static: isSBSettingEnabled false
03-24 15:32:00.891 19264 19315 I System.out: (HTTPLog)-Static: isSBSettingEnabled false
03-24 15:32:00.891 19264 19315 I System.out: (HTTPLog)-Static: isSBSettingEnabled false
03-24 15:32:00.891 19264 19333 I System.out: (HTTPLog)-Static: isSBSettingEnabled false
03-24 15:32:00.891 19264 19333 I System.out: (HTTPLog)-Static: isSBSettingEnabled false
03-24 15:32:00.891 19264 19433 I System.out: (HTTPLog)-Static: isSBSettingEnabled false
03-24 15:32:00.891  3037  3741 D EnterpriseController: netId is 0
03-24 15:32:00.891 19264 19433 I System.out: (HTTPLog)-Static: isSBSettingEnabled false
03-24 15:32:00.891  3037  3741 D Netd    : getNetworkForDns: using netid 510 for uid 10175
03-24 15:32:00.891  3037  3741 D EnterpriseController: netId is 0
03-24 15:32:00.891  3037  3741 D Netd    : getNetworkForDns: using netid 510 for uid 10175
03-24 15:32:00.891  3037  3741 D EnterpriseController: netId is 0
03-24 15:32:00.891  3037  3741 D Netd    : getNetworkForDns: using netid 510 for uid 10175
03-24 15:32:00.891  3037  3741 D EnterpriseController: netId is 0
03-24 15:32:00.891  3037  3741 D Netd    : getNetworkForDns: using netid 510 for uid 10175
03-24 15:32:00.951  6803  6803 D Recents : onTaskStackChanged
03-24 15:32:00.951  3670  4952 I PersonaManager: mKnoxInfo is empty
03-24 15:32:00.961  3670  4952 D PackageManager: findPreferredActivity: No PreferredActivities set
03-24 15:32:00.961  3670  4952 I PackageManager: No preferred activity: intent should not be shown
03-24 15:32:00.961  3670  4143 I PersonaManager: mKnoxInfo is empty
03-24 15:32:00.971  3670  4143 D PackageManager: findPreferredActivity: We found 1 PreferredActivities set, but no match
03-24 15:32:00.971  3670  4143 I PackageManager: No preferred activity: intent should not be shown
03-24 15:32:00.971  3670  4946 I PersonaManager: mKnoxInfo is empty
03-24 15:32:00.971  3670  4016 I PersonaManager: mKnoxInfo is empty
03-24 15:32:00.981  3670  4946 D PackageManager: findPreferredActivity: We found 3 PreferredActivities set, but no match
03-24 15:32:00.981  3670  4946 I PackageManager: No preferred activity: intent should not be shown
03-24 15:32:00.991  3670  4454 I PersonaManager: mKnoxInfo is empty
03-24 15:32:00.991  3670  3931 I PersonaManager: mKnoxInfo is empty
03-24 15:32:00.991  3670  4552 D WifiService: startScan by pid=19230, uid=10175
03-24 15:32:01.001  3670  3931 D PackageManager: findPreferredActivity: We found 1 PreferredActivities set, but no match
03-24 15:32:01.001  3670  3931 I PackageManager: No preferred activity: intent should not be shown
03-24 15:32:01.001  3670  4021 D WifiStateMachine: CMD_START_SCAN : scanLog.mLast - 1553423521008, scanLog.mStartTimeForBigdata - 1553420321394
03-24 15:32:01.001  3670  4021 D WifiStateMachine: CMD_START_SCAN : scanLog.mCountForBigdata - 27
03-24 15:32:01.001 31048 31048 I wpa_supplicant: wlan0: Setting scan request: 0 sec 0 usec
03-24 15:32:01.001 31048 31048 I wpa_supplicant: P2P: Current p2p state = IDLE
03-24 15:32:01.001 31048 31048 I wpa_supplicant: Scan requested (ret=0) - scan timeout 30 seconds
03-24 15:32:01.011  3670  4452 D PackageManager: getComponentMetadataForIconTray : com.example.myapplication.MainActivity does not exist in mServices
03-24 15:32:01.011  3670  4452 D PackageManager: getComponentMetadataForIconTray : com.example.myapplication.MainActivity does not exist in mProviders
03-24 15:32:01.011  3670  4452 D PackageManager: getComponentMetadataForIconTray : com.example.myapplication.MainActivity does not exist in mReceivers
03-24 15:32:01.011  6803  6803 I ApplicationPackageManager: load=com.example.myapplication, bg=192-192, dr=192-192
03-24 15:32:01.011 19230 19230 D ConnectivityManager: requestNetwork; getAppId(CallingUid) : 10175, CallingPid : 19230
03-24 15:32:01.011  6803  6803 I ApplicationPackageManager: scaled rate=1.0429629, size=192, alpha=15, hold=26, target=192
03-24 15:32:01.021  3670  4143 D ConnectivityService: listenForNetwork for Listen from uid/pid:10175/19230 for NetworkRequest [ id=362, legacyType=-1, [ Capabilities: INTERNET&NOT_RESTRICTED&TRUSTED] ]
03-24 15:32:01.021  3670  4029 D ConnectivityService: rematching NetworkAgentInfo [WIFI () - 510]
03-24 15:32:01.021  3670  4029 D ConnectivityService:  network has: NetworkAgentInfo{ ni{[type: WIFI[] - WIFI, state: CONNECTED/CONNECTED, reason: (unspecified), extra: "DataStructures", roaming: false, failover: false, isAvailable: true]}  network{510}  lp{{InterfaceName: wlan0 LinkAddresses: [fe80::ee9b:f3ff:fe73:43e9/64,192.168.0.174/24,]  Routes: [fe80::/64 -> :: wlan0,192.168.0.0/24 -> 0.0.0.0 wlan0,0.0.0.0/0 -> 192.168.0.1 wlan0,] DnsAddresses: [192.168.0.1,] Domains:  MTU: 0 TcpBufferSizes: 524288,1048576,4525824,524288,1048576,4525824}}  nc{[ Transports: WIFI Capabilities: INTERNET&NOT_RESTRICTED&TRUSTED&NOT_VPN&VALIDATED LinkUpBandwidth>=1048576Kbps LinkDnBandwidth>=1048576Kbps SignalStrength: -37]}  Score{60}  everValidated{true}  lastValidated{true}  created{true} lingering{false} explicitlySelected{false} acceptUnvalidated{false} everCaptivePortalDetected{false} lastCaptivePortalDetected{false} }
03-24 15:32:01.021  3670  4029 D ConnectivityService:   checking if request is: NetworkRequest [ id=362, legacyType=-1, [ Capabilities: INTERNET&NOT_RESTRICTED&TRUSTED] ] satisfies: true nri.isRequest: false
03-24 15:32:01.021  3670  4029 D ConnectivityService:   checking if request is: NetworkRequest [ id=5, legacyType=-1, [ Transports: WIFI Capabilities: INTERNET&NOT_RESTRICTED&TRUSTED&NOT_VPN] ] satisfies: true nri.isRequest: false
03-24 15:32:01.021  3670  4029 D ConnectivityService: Network NetworkAgentInfo [WIFI () - 510] was already satisfying request 1. No change.
03-24 15:32:01.021  3670  4029 D ConnectivityService:   checking if request is: NetworkRequest [ id=3, legacyType=-1, [] ] satisfies: true nri.isRequest: false
03-24 15:32:01.021  3670  4029 D ConnectivityService:   checking if request is: NetworkRequest [ id=4, legacyType=-1, [ Transports: CELLULAR Capabilities: INTERNET&NOT_RESTRICTED&TRUSTED&NOT_VPN] ] satisfies: false nri.isRequest: false
03-24 15:32:01.021  3670  4029 D ConnectivityService:   checking if request is: NetworkRequest [ id=348, legacyType=-1, [ Capabilities: INTERNET&NOT_RESTRICTED&TRUSTED] ] satisfies: true nri.isRequest: false
03-24 15:32:01.021  3670  4029 D ConnectivityService: sending notification AVAILABLE for NetworkRequest [ id=362, legacyType=-1, [ Capabilities: INTERNET&NOT_RESTRICTED&TRUSTED] ]
03-24 15:32:01.041 19230 19230 V ActivityThread: updateVisibility : ActivityRecord{cef0dca token=android.os.BinderProxy@f1272dd {com.yandex.browser/com.yandex.browser.YandexBrowserMainActivity}} show : true
03-24 15:32:01.091 19230 19249 W System.err: remove failed: ENOENT (No such file or directory) : /data/user/0/com.yandex.browser/shared_prefs/uuid.xml.bak
03-24 15:32:01.101  3670  4409 D WifiService: startScan by pid=19230, uid=10175
03-24 15:32:01.101  3670  4021 D WifiStateMachine: CMD_START_SCAN : scanLog.mLast - 1553423521109, scanLog.mStartTimeForBigdata - 1553420321394
03-24 15:32:01.101  3670  4021 D WifiStateMachine: CMD_START_SCAN : scanLog.mCountForBigdata - 28
03-24 15:32:01.111 19230 19230 I [ZEN]FeedController: Zen initialize (ZenKit/1.39.0.0-internalDualdesign-ZenKit-SDK.4047)
03-24 15:32:01.111 19230 19230 D [ZEN]ZenController: zen controller initialize
03-24 15:32:01.121 19230 19230 D [ZEN]ZenController: feed controller create [tag=feed][discard=false]
03-24 15:32:01.121 19474 19505 I cr_LibraryLoader:  Loading yandexbrowser from within /data/app/com.yandex.browser-1/base.apk
03-24 15:32:01.151 19230 19536 D [ZEN]ZenController: detectSavedStateChanged :: [LOCALE, COUNTRY]
03-24 15:32:01.151 19230 19249 W System.err: remove failed: ENOENT (No such file or directory) : /data/user/0/com.yandex.browser/shared_prefs/com.yandex.common.prefs.xml.bak
03-24 15:32:01.181 19230 19230 D AbsListView: Get MotionRecognitionManager
03-24 15:32:01.201 19230 19230 E MotionRecognitionManager: mSContextService = android.hardware.scontext.ISContextService$Stub$Proxy@8430839
03-24 15:32:01.201 19230 19230 E MotionRecognitionManager: motionService = com.samsung.android.motion.IMotionRecognitionService$Stub$Proxy@6220e7e
03-24 15:32:01.201 19230 19230 E MotionRecognitionManager: motionService = com.samsung.android.motion.IMotionRecognitionService$Stub$Proxy@6220e7e
03-24 15:32:01.201  3670  4550 D MotionRecognitionService:  ssp status : true
03-24 15:32:01.221 19230 19230 D [ZEN]ZenController: LIFECYCLE :: zen controller hide
03-24 15:32:01.231 19474 19505 I cr_LibraryLoader: Time to load native libraries: 109 ms (timestamps 2058-2167)
03-24 15:32:01.231 19474 19505 I chromium: [INFO:library_loader_hooks.cc(36)] Chromium logging enabled: level = 0, default verbosity = 0
03-24 15:32:01.231 19474 19505 I cr_LibraryLoader: Expected native library version number "18.11.1.979", actual native library version number "18.11.1.979"
03-24 15:32:01.241 19474 19505 W ResourcesManager: getTopLevelResources: /data/app/com.yandex.browser-1/base.apk / 1.0 running in com.yandex.browser rsrc of package com.yandex.browser
03-24 15:32:01.251 19474 19505 E libEGL  : validate_display:255 error 3008 (EGL_BAD_DISPLAY)
03-24 15:32:01.251  3670  3698 I PersonaManager: mKnoxInfo is empty
03-24 15:32:01.291 19474 19505 D libEGL  : loaded /vendor/lib/egl/libGLES_mali.so
03-24 15:32:01.291 19230 19249 W System.err: remove failed: ENOENT (No such file or directory) : /data/user/0/com.yandex.browser/shared_prefs/MetricaFunnelFacade.SHARED_PREF.xml.bak
03-24 15:32:01.331 19474 19505 D libEGL  : eglInitialize EGLDisplay = 0xeedfee0c
03-24 15:32:01.331 19474 19505 D         : ro.exynos.dss isEnabled: 0
03-24 15:32:01.341 19230 19427 W System.err: remove failed: ENOENT (No such file or directory) : /data/user/0/com.yandex.browser/shared_prefs/com.google.android.gms.appid.xml.bak
03-24 15:32:01.371 19474 19505 W AudioCapabilities: Unsupported mime audio/mpeg-L1
03-24 15:32:01.371 19474 19505 W AudioCapabilities: Unsupported mime audio/mpeg-L2
03-24 15:32:01.381 19474 19505 W AudioCapabilities: Unsupported mime audio/x-ms-wma
03-24 15:32:01.381 19474 19505 W AudioCapabilities: Unsupported mime audio/x-ima
03-24 15:32:01.381 19474 19505 W VideoCapabilities: Unrecognized profile/level 32768/2 for video/mp4v-es
03-24 15:32:01.391 19474 19505 W VideoCapabilities: Unrecognized profile 2130706433 for video/avc
03-24 15:32:01.391 19474 19505 W VideoCapabilities: Unrecognized profile 2130706433 for video/avc
03-24 15:32:01.391 19474 19505 W VideoCapabilities: Unrecognized profile 2130706433 for video/avc
03-24 15:32:01.391 19474 19505 W VideoCapabilities: Unrecognized profile 2130706433 for video/avc
03-24 15:32:01.391 19474 19505 W VideoCapabilities: Unrecognized profile 2130706433 for video/avc
03-24 15:32:01.391 19474 19505 W VideoCapabilities: Unrecognized profile 2130706433 for video/avc
03-24 15:32:01.391 19474 19505 W VideoCapabilities: Unrecognized profile 2130706433 for video/avc
03-24 15:32:01.391 19474 19505 W VideoCapabilities: Unrecognized profile 2130706433 for video/avc
03-24 15:32:01.391 19474 19505 W VideoCapabilities: Unrecognized profile 2130706433 for video/avc
03-24 15:32:01.391 19474 19505 W VideoCapabilities: Unrecognized profile 2130706433 for video/avc
03-24 15:32:01.391 19474 19505 W VideoCapabilities: Unrecognized profile 2130706433 for video/avc
03-24 15:32:01.391 19474 19505 W VideoCapabilities: Unrecognized profile 2130706433 for video/avc
03-24 15:32:01.391 19474 19505 W VideoCapabilities: Unrecognized profile 2130706433 for video/avc
03-24 15:32:01.391 19474 19505 W VideoCapabilities: Unrecognized profile 2130706433 for video/avc
03-24 15:32:01.391 19474 19505 W VideoCapabilities: Unrecognized profile 2130706433 for video/avc
03-24 15:32:01.391 19474 19505 W VideoCapabilities: Unrecognized profile 2130706433 for video/avc
03-24 15:32:01.391 19474 19505 W VideoCapabilities: Unrecognized profile 2130706434 for video/avc
03-24 15:32:01.391 19474 19505 W VideoCapabilities: Unrecognized profile 2130706434 for video/avc
03-24 15:32:01.391 19474 19505 W VideoCapabilities: Unrecognized profile 2130706434 for video/avc
03-24 15:32:01.391 19474 19505 W VideoCapabilities: Unrecognized profile 2130706434 for video/avc
03-24 15:32:01.391 19474 19505 W VideoCapabilities: Unrecognized profile 2130706434 for video/avc
03-24 15:32:01.391 19474 19505 W VideoCapabilities: Unrecognized profile 2130706434 for video/avc
03-24 15:32:01.391 19474 19505 W VideoCapabilities: Unrecognized profile 2130706434 for video/avc
03-24 15:32:01.391 19474 19505 W VideoCapabilities: Unrecognized profile 2130706434 for video/avc
03-24 15:32:01.391 19474 19505 W VideoCapabilities: Unrecognized profile 2130706434 for video/avc
03-24 15:32:01.391 19474 19505 W VideoCapabilities: Unrecognized profile 2130706434 for video/avc
03-24 15:32:01.391 19474 19505 W VideoCapabilities: Unrecognized profile 2130706434 for video/avc
03-24 15:32:01.391 19474 19505 W VideoCapabilities: Unrecognized profile 2130706434 for video/avc
03-24 15:32:01.391 19474 19505 W VideoCapabilities: Unrecognized profile 2130706434 for video/avc
03-24 15:32:01.391 19474 19505 W VideoCapabilities: Unrecognized profile 2130706434 for video/avc
03-24 15:32:01.391 19474 19505 W VideoCapabilities: Unrecognized profile 2130706434 for video/avc
03-24 15:32:01.391 19474 19505 W VideoCapabilities: Unrecognized profile 2130706434 for video/avc
03-24 15:32:01.391 19368 19368 D TextView: setTypeface with style : 0
03-24 15:32:01.391 19474 19505 W VideoCapabilities: Unrecognized profile 2130706433 for video/avc
03-24 15:32:01.391 19474 19505 W VideoCapabilities: Unrecognized profile 2130706433 for video/avc
03-24 15:32:01.391 19474 19505 W VideoCapabilities: Unrecognized profile 2130706433 for video/avc
03-24 15:32:01.391 19474 19505 W VideoCapabilities: Unrecognized profile 2130706433 for video/avc
03-24 15:32:01.391 19474 19505 W VideoCapabilities: Unrecognized profile 2130706433 for video/avc
03-24 15:32:01.391 19474 19505 W VideoCapabilities: Unrecognized profile 2130706433 for video/avc
03-24 15:32:01.391 19474 19505 W VideoCapabilities: Unrecognized profile 2130706433 for video/avc
03-24 15:32:01.391 19474 19505 W VideoCapabilities: Unrecognized profile 2130706433 for video/avc
03-24 15:32:01.391 19474 19505 W VideoCapabilities: Unrecognized profile 2130706433 for video/avc
03-24 15:32:01.391 19474 19505 W VideoCapabilities: Unrecognized profile 2130706433 for video/avc
03-24 15:32:01.391 19474 19505 W VideoCapabilities: Unrecognized profile 2130706433 for video/avc
03-24 15:32:01.391 19474 19505 W VideoCapabilities: Unrecognized profile 2130706433 for video/avc
03-24 15:32:01.391 19474 19505 W VideoCapabilities: Unrecognized profile 2130706433 for video/avc
03-24 15:32:01.391 19474 19505 W VideoCapabilities: Unrecognized profile 2130706433 for video/avc
03-24 15:32:01.391 19474 19505 W VideoCapabilities: Unrecognized profile 2130706433 for video/avc
03-24 15:32:01.391 19474 19505 W VideoCapabilities: Unrecognized profile 2130706433 for video/avc
03-24 15:32:01.391 19474 19505 W VideoCapabilities: Unrecognized profile 2130706434 for video/avc
03-24 15:32:01.391 19474 19505 W VideoCapabilities: Unrecognized profile 2130706434 for video/avc
03-24 15:32:01.391 19474 19505 W VideoCapabilities: Unrecognized profile 2130706434 for video/avc
03-24 15:32:01.391 19474 19505 W VideoCapabilities: Unrecognized profile 2130706434 for video/avc
03-24 15:32:01.391 19474 19505 W VideoCapabilities: Unrecognized profile 2130706434 for video/avc
03-24 15:32:01.391 19474 19505 W VideoCapabilities: Unrecognized profile 2130706434 for video/avc
03-24 15:32:01.391 19474 19505 W VideoCapabilities: Unrecognized profile 2130706434 for video/avc
03-24 15:32:01.391 19474 19505 W VideoCapabilities: Unrecognized profile 2130706434 for video/avc
03-24 15:32:01.391 19474 19505 W VideoCapabilities: Unrecognized profile 2130706434 for video/avc
03-24 15:32:01.391 19474 19505 W VideoCapabilities: Unrecognized profile 2130706434 for video/avc
03-24 15:32:01.391 19474 19505 W VideoCapabilities: Unrecognized profile 2130706434 for video/avc
03-24 15:32:01.391 19474 19505 W VideoCapabilities: Unrecognized profile 2130706434 for video/avc
03-24 15:32:01.391 19474 19505 W VideoCapabilities: Unrecognized profile 2130706434 for video/avc
03-24 15:32:01.391 19474 19505 W VideoCapabilities: Unrecognized profile 2130706434 for video/avc
03-24 15:32:01.391 19474 19505 W VideoCapabilities: Unrecognized profile 2130706434 for video/avc
03-24 15:32:01.391 19474 19505 W VideoCapabilities: Unrecognized profile 2130706434 for video/avc
03-24 15:32:01.401 19368 19368 D TextView: setTypeface with style : 0
03-24 15:32:01.401 19474 19505 W VideoCapabilities: Unsupported mime video/wvc1
03-24 15:32:01.401 19368 19368 D TextView: setTypeface with style : 0
03-24 15:32:01.401 19474 19505 W VideoCapabilities: Unsupported mime video/x-ms-wmv
03-24 15:32:01.401  3670  4143 I PersonaManager: mKnoxInfo is empty
03-24 15:32:01.401 19474 19505 W VideoCapabilities: Unrecognized profile/level 32768/2 for video/mp4v-es
03-24 15:32:01.411 19474 19505 W VideoCapabilities: Unsupported mime video/wvc1
03-24 15:32:01.411 19474 19505 W VideoCapabilities: Unsupported mime video/x-ms-wmv
03-24 15:32:01.411 19474 19505 W VideoCapabilities: Unsupported mime video/x-ms-wmv7
03-24 15:32:01.421 19474 19505 W VideoCapabilities: Unsupported mime video/x-ms-wmv8
03-24 15:32:01.421 19474 19505 W VideoCapabilities: Unsupported mime video/mp43
03-24 15:32:01.421 19474 19505 W VideoCapabilities: Unrecognized profile 2130706433 for video/avc
03-24 15:32:01.421 19474 19505 W VideoCapabilities: Unrecognized profile 2130706433 for video/avc
03-24 15:32:01.421 19474 19505 W VideoCapabilities: Unrecognized profile 2130706433 for video/avc
03-24 15:32:01.421 19474 19505 W VideoCapabilities: Unrecognized profile 2130706433 for video/avc
03-24 15:32:01.421 19474 19505 W VideoCapabilities: Unrecognized profile 2130706433 for video/avc
03-24 15:32:01.421 19474 19505 W VideoCapabilities: Unrecognized profile 2130706433 for video/avc
03-24 15:32:01.421 19474 19505 W VideoCapabilities: Unrecognized profile 2130706433 for video/avc
03-24 15:32:01.421 19474 19505 W VideoCapabilities: Unrecognized profile 2130706433 for video/avc
03-24 15:32:01.421 19474 19505 W VideoCapabilities: Unrecognized profile 2130706433 for video/avc
03-24 15:32:01.421 19474 19505 W VideoCapabilities: Unrecognized profile 2130706433 for video/avc
03-24 15:32:01.421 19474 19505 W VideoCapabilities: Unrecognized profile 2130706433 for video/avc
03-24 15:32:01.421 19474 19505 W VideoCapabilities: Unrecognized profile 2130706433 for video/avc
03-24 15:32:01.421 19474 19505 W VideoCapabilities: Unrecognized profile 2130706433 for video/avc
03-24 15:32:01.421 19474 19505 W VideoCapabilities: Unrecognized profile 2130706433 for video/avc
03-24 15:32:01.421 19474 19505 W VideoCapabilities: Unrecognized profile 2130706433 for video/avc
03-24 15:32:01.421 19474 19505 W VideoCapabilities: Unrecognized profile 2130706433 for video/avc
03-24 15:32:01.421 19474 19505 W VideoCapabilities: Unrecognized profile 2130706434 for video/avc
03-24 15:32:01.421 19474 19505 W VideoCapabilities: Unrecognized profile 2130706434 for video/avc
03-24 15:32:01.421 19474 19505 W VideoCapabilities: Unrecognized profile 2130706434 for video/avc
03-24 15:32:01.421 19474 19505 W VideoCapabilities: Unrecognized profile 2130706434 for video/avc
03-24 15:32:01.421 19474 19505 W VideoCapabilities: Unrecognized profile 2130706434 for video/avc
03-24 15:32:01.421 19474 19505 W VideoCapabilities: Unrecognized profile 2130706434 for video/avc
03-24 15:32:01.421 19474 19505 W VideoCapabilities: Unrecognized profile 2130706434 for video/avc
03-24 15:32:01.421 19474 19505 W VideoCapabilities: Unrecognized profile 2130706434 for video/avc
03-24 15:32:01.421 19474 19505 W VideoCapabilities: Unrecognized profile 2130706434 for video/avc
03-24 15:32:01.421 19474 19505 W VideoCapabilities: Unrecognized profile 2130706434 for video/avc
03-24 15:32:01.421 19474 19505 W VideoCapabilities: Unrecognized profile 2130706434 for video/avc
03-24 15:32:01.421 19474 19505 W VideoCapabilities: Unrecognized profile 2130706434 for video/avc
03-24 15:32:01.421 19474 19505 W VideoCapabilities: Unrecognized profile 2130706434 for video/avc
03-24 15:32:01.421 19474 19505 W VideoCapabilities: Unrecognized profile 2130706434 for video/avc
03-24 15:32:01.421 19474 19505 W VideoCapabilities: Unrecognized profile 2130706434 for video/avc
03-24 15:32:01.421 19474 19505 W VideoCapabilities: Unrecognized profile 2130706434 for video/avc
