03-24 15:23:20.951  3670  4029 D ConnectivityService:  network has: NetworkAgentInfo{ ni{[type: WIFI[] - WIFI, state: CONNECTED/CONNECTED, reason: (unspecified), extra: "DataStructures", roaming: false, failover: false, isAvailable: true]}  network{510}  lp{{InterfaceName: wlan0 LinkAddresses: [fe80::ee9b:f3ff:fe73:43e9/64,192.168.0.174/24,]  Routes: [fe80::/64 -> :: wlan0,192.168.0.0/24 -> 0.0.0.0 wlan0,0.0.0.0/0 -> 192.168.0.1 wlan0,] DnsAddresses: [192.168.0.1,] Domains:  MTU: 0 TcpBufferSizes: 524288,1048576,4525824,524288,1048576,4525824}}  nc{[ Transports: WIFI Capabilities: INTERNET&NOT_RESTRICTED&TRUSTED&NOT_VPN&VALIDATED LinkUpBandwidth>=1048576Kbps LinkDnBandwidth>=1048576Kbps SignalStrength: -37]}  Score{60}  everValidated{true}  lastValidated{true}  created{true} lingering{false} explicitlySelected{false} acceptUnvalidated{false} everCaptivePortalDetected{false} lastCaptivePortalDetected{false} }
03-24 15:23:20.951  3670  4029 D ConnectivityService:   checking if request is: NetworkRequest [ id=334, legacyType=-1, [ Capabilities: INTERNET&NOT_RESTRICTED&TRUSTED] ] satisfies: true nri.isRequest: false
03-24 15:23:20.951  3670  4029 D ConnectivityService:   checking if request is: NetworkRequest [ id=5, legacyType=-1, [ Transports: WIFI Capabilities: INTERNET&NOT_RESTRICTED&TRUSTED&NOT_VPN] ] satisfies: true nri.isRequest: false
03-24 15:23:20.951  3670  4029 D ConnectivityService: Network NetworkAgentInfo [WIFI () - 510] was already satisfying request 1. No change.
03-24 15:23:20.951  3670  4029 D ConnectivityService:   checking if request is: NetworkRequest [ id=3, legacyType=-1, [] ] satisfies: true nri.isRequest: false
03-24 15:23:20.951  3670  4029 D ConnectivityService:   checking if request is: NetworkRequest [ id=4, legacyType=-1, [ Transports: CELLULAR Capabilities: INTERNET&NOT_RESTRICTED&TRUSTED&NOT_VPN] ] satisfies: false nri.isRequest: false
03-24 15:23:20.951  3670  4029 D ConnectivityService: sending notification AVAILABLE for NetworkRequest [ id=334, legacyType=-1, [ Capabilities: INTERNET&NOT_RESTRICTED&TRUSTED] ]
03-24 15:23:20.951 31048 31048 I wpa_supplicant: wlan0: Setting scan request: 0 sec 0 usec
03-24 15:23:20.961 31048 31048 I wpa_supplicant: P2P: Current p2p state = IDLE
03-24 15:23:20.961 31048 31048 I wpa_supplicant: Scan requested (ret=0) - scan timeout 30 seconds
03-24 15:23:20.981  9154  9154 V ActivityThread: updateVisibility : ActivityRecord{9177ad0 token=android.os.BinderProxy@5602523 {com.yandex.browser/com.yandex.browser.YandexBrowserMainActivity}} show : true
03-24 15:23:20.981  6803  6803 D Recents : onTaskStackChanged
03-24 15:23:21.001  3670  4952 I PersonaManager: mKnoxInfo is empty
03-24 15:23:21.011  3670  4409 D WifiService: startScan by pid=9154, uid=10175
03-24 15:23:21.011  3670  4021 D WifiStateMachine: CMD_START_SCAN : scanLog.mLast - 1553423001019, scanLog.mStartTimeForBigdata - 1553420321394
03-24 15:23:21.011  3670  4021 D WifiStateMachine: CMD_START_SCAN : scanLog.mCountForBigdata - 22
03-24 15:23:21.011  6803  6803 W ResourcesManager: getTopLevelResources: /data/app/com.yandex.browser-1/base.apk / 1.0 running in com.android.systemui rsrc of package com.yandex.browser
03-24 15:23:21.021  9154  9178 W System.err: remove failed: ENOENT (No such file or directory) : /data/user/0/com.yandex.browser/shared_prefs/uuid.xml.bak
03-24 15:23:21.021  6803  6803 D ResourcesManager: For user 0 new overlays fetched Null
03-24 15:23:21.021  9396  9424 I cr_LibraryLoader:  Loading yandexbrowser from within /data/app/com.yandex.browser-1/base.apk
03-24 15:23:21.021  9154  9154 I [ZEN]FeedController: Zen initialize (ZenKit/1.39.0.0-internalDualdesign-ZenKit-SDK.4047)
03-24 15:23:21.031  3670  4454 I PersonaManager: mKnoxInfo is empty
03-24 15:23:21.031  9154  9154 D [ZEN]ZenController: zen controller initialize
03-24 15:23:21.041  9154  9154 D [ZEN]ZenController: feed controller create [tag=feed][discard=false]
03-24 15:23:21.041  3670  4454 D PackageManager: getComponentMetadataForIconTray : com.example.myapplication.MainActivity does not exist in mServices
03-24 15:23:21.041  3670  4454 D PackageManager: getComponentMetadataForIconTray : com.example.myapplication.MainActivity does not exist in mProviders
03-24 15:23:21.041  3670  4454 D PackageManager: getComponentMetadataForIconTray : com.example.myapplication.MainActivity does not exist in mReceivers
03-24 15:23:21.041  6803  6803 I ApplicationPackageManager: load=com.example.myapplication, bg=192-192, dr=192-192
03-24 15:23:21.041  9154  9453 D [ZEN]ZenController: detectSavedStateChanged :: [LOCALE, COUNTRY]
03-24 15:23:21.051  6803  6803 I ApplicationPackageManager: scaled rate=1.0429629, size=192, alpha=15, hold=26, target=192
03-24 15:23:21.051  9154  9178 W System.err: remove failed: ENOENT (No such file or directory) : /data/user/0/com.yandex.browser/shared_prefs/com.yandex.common.prefs.xml.bak
03-24 15:23:21.101  9396  9424 I cr_LibraryLoader: Time to load native libraries: 73 ms (timestamps 1957-2030)
03-24 15:23:21.101  9396  9424 I chromium: [INFO:library_loader_hooks.cc(36)] Chromium logging enabled: level = 0, default verbosity = 0
03-24 15:23:21.101  9396  9424 I cr_LibraryLoader: Expected native library version number "18.11.1.979", actual native library version number "18.11.1.979"
03-24 15:23:21.101  9396  9424 W ResourcesManager: getTopLevelResources: /data/app/com.yandex.browser-1/base.apk / 1.0 running in com.yandex.browser rsrc of package com.yandex.browser
03-24 15:23:21.111  9154  9154 D AbsListView: Get MotionRecognitionManager
03-24 15:23:21.111  9396  9424 E libEGL  : validate_display:255 error 3008 (EGL_BAD_DISPLAY)
03-24 15:23:21.111  9154  9154 E MotionRecognitionManager: mSContextService = android.hardware.scontext.ISContextService$Stub$Proxy@f197afb
03-24 15:23:21.111  9154  9154 E MotionRecognitionManager: motionService = com.samsung.android.motion.IMotionRecognitionService$Stub$Proxy@a740718
03-24 15:23:21.111  9154  9154 E MotionRecognitionManager: motionService = com.samsung.android.motion.IMotionRecognitionService$Stub$Proxy@a740718
03-24 15:23:21.121  3670  4452 D MotionRecognitionService:  ssp status : true
03-24 15:23:21.131  9154  9154 D [ZEN]ZenController: LIFECYCLE :: zen controller hide
03-24 15:23:21.141  3670  3698 I PersonaManager: mKnoxInfo is empty
03-24 15:23:21.151  9396  9424 D libEGL  : loaded /vendor/lib/egl/libGLES_mali.so
03-24 15:23:21.171  9396  9424 D libEGL  : eglInitialize EGLDisplay = 0xeedfee0c
03-24 15:23:21.171  9396  9424 D         : ro.exynos.dss isEnabled: 0
03-24 15:23:21.181  9154  9178 W System.err: remove failed: ENOENT (No such file or directory) : /data/user/0/com.yandex.browser/shared_prefs/MetricaFunnelFacade.SHARED_PREF.xml.bak
03-24 15:23:21.201  9396  9424 W AudioCapabilities: Unsupported mime audio/mpeg-L1
03-24 15:23:21.201  9396  9424 W AudioCapabilities: Unsupported mime audio/mpeg-L2
03-24 15:23:21.201  9396  9424 W AudioCapabilities: Unsupported mime audio/x-ms-wma
03-24 15:23:21.201  9396  9424 W AudioCapabilities: Unsupported mime audio/x-ima
03-24 15:23:21.201  9396  9424 W VideoCapabilities: Unrecognized profile/level 32768/2 for video/mp4v-es
03-24 15:23:21.211  9396  9424 W VideoCapabilities: Unrecognized profile 2130706433 for video/avc
03-24 15:23:21.211  9396  9424 W VideoCapabilities: Unrecognized profile 2130706433 for video/avc
03-24 15:23:21.211  9396  9424 W VideoCapabilities: Unrecognized profile 2130706433 for video/avc
03-24 15:23:21.211  9396  9424 W VideoCapabilities: Unrecognized profile 2130706433 for video/avc
03-24 15:23:21.211  9396  9424 W VideoCapabilities: Unrecognized profile 2130706433 for video/avc
03-24 15:23:21.211  9396  9424 W VideoCapabilities: Unrecognized profile 2130706433 for video/avc
03-24 15:23:21.211  9396  9424 W VideoCapabilities: Unrecognized profile 2130706433 for video/avc
03-24 15:23:21.211  9396  9424 W VideoCapabilities: Unrecognized profile 2130706433 for video/avc
03-24 15:23:21.211  9396  9424 W VideoCapabilities: Unrecognized profile 2130706433 for video/avc
03-24 15:23:21.211  9396  9424 W VideoCapabilities: Unrecognized profile 2130706433 for video/avc
03-24 15:23:21.211  9396  9424 W VideoCapabilities: Unrecognized profile 2130706433 for video/avc
03-24 15:23:21.211  9396  9424 W VideoCapabilities: Unrecognized profile 2130706433 for video/avc
03-24 15:23:21.211  9396  9424 W VideoCapabilities: Unrecognized profile 2130706433 for video/avc
03-24 15:23:21.211  9396  9424 W VideoCapabilities: Unrecognized profile 2130706433 for video/avc
03-24 15:23:21.211  9396  9424 W VideoCapabilities: Unrecognized profile 2130706433 for video/avc
03-24 15:23:21.211  9396  9424 W VideoCapabilities: Unrecognized profile 2130706433 for video/avc
03-24 15:23:21.211  9396  9424 W VideoCapabilities: Unrecognized profile 2130706434 for video/avc
03-24 15:23:21.211  9396  9424 W VideoCapabilities: Unrecognized profile 2130706434 for video/avc
03-24 15:23:21.211  9396  9424 W VideoCapabilities: Unrecognized profile 2130706434 for video/avc
03-24 15:23:21.211  9396  9424 W VideoCapabilities: Unrecognized profile 2130706434 for video/avc
03-24 15:23:21.211  9396  9424 W VideoCapabilities: Unrecognized profile 2130706434 for video/avc
03-24 15:23:21.211  9396  9424 W VideoCapabilities: Unrecognized profile 2130706434 for video/avc
03-24 15:23:21.211  9396  9424 W VideoCapabilities: Unrecognized profile 2130706434 for video/avc
03-24 15:23:21.211  9396  9424 W VideoCapabilities: Unrecognized profile 2130706434 for video/avc
03-24 15:23:21.211  9396  9424 W VideoCapabilities: Unrecognized profile 2130706434 for video/avc
03-24 15:23:21.211  9396  9424 W VideoCapabilities: Unrecognized profile 2130706434 for video/avc
03-24 15:23:21.211  9396  9424 W VideoCapabilities: Unrecognized profile 2130706434 for video/avc
03-24 15:23:21.211  9396  9424 W VideoCapabilities: Unrecognized profile 2130706434 for video/avc
03-24 15:23:21.211  9396  9424 W VideoCapabilities: Unrecognized profile 2130706434 for video/avc
03-24 15:23:21.211  9396  9424 W VideoCapabilities: Unrecognized profile 2130706434 for video/avc
03-24 15:23:21.211  9396  9424 W VideoCapabilities: Unrecognized profile 2130706434 for video/avc
03-24 15:23:21.211  9396  9424 W VideoCapabilities: Unrecognized profile 2130706434 for video/avc
03-24 15:23:21.211  9396  9424 W VideoCapabilities: Unrecognized profile 2130706433 for video/avc
03-24 15:23:21.211  9396  9424 W VideoCapabilities: Unrecognized profile 2130706433 for video/avc
03-24 15:23:21.211  9396  9424 W VideoCapabilities: Unrecognized profile 2130706433 for video/avc
03-24 15:23:21.211  9396  9424 W VideoCapabilities: Unrecognized profile 2130706433 for video/avc
03-24 15:23:21.211  9396  9424 W VideoCapabilities: Unrecognized profile 2130706433 for video/avc
03-24 15:23:21.211  9396  9424 W VideoCapabilities: Unrecognized profile 2130706433 for video/avc
03-24 15:23:21.211  9396  9424 W VideoCapabilities: Unrecognized profile 2130706433 for video/avc
03-24 15:23:21.211  9396  9424 W VideoCapabilities: Unrecognized profile 2130706433 for video/avc
03-24 15:23:21.211  9396  9424 W VideoCapabilities: Unrecognized profile 2130706433 for video/avc
03-24 15:23:21.211  9396  9424 W VideoCapabilities: Unrecognized profile 2130706433 for video/avc
03-24 15:23:21.211  9396  9424 W VideoCapabilities: Unrecognized profile 2130706433 for video/avc
03-24 15:23:21.211  9396  9424 W VideoCapabilities: Unrecognized profile 2130706433 for video/avc
03-24 15:23:21.211  9396  9424 W VideoCapabilities: Unrecognized profile 2130706433 for video/avc
03-24 15:23:21.211  9396  9424 W VideoCapabilities: Unrecognized profile 2130706433 for video/avc
03-24 15:23:21.211  9396  9424 W VideoCapabilities: Unrecognized profile 2130706433 for video/avc
03-24 15:23:21.211  9396  9424 W VideoCapabilities: Unrecognized profile 2130706433 for video/avc
03-24 15:23:21.211  9396  9424 W VideoCapabilities: Unrecognized profile 2130706434 for video/avc
03-24 15:23:21.211  9396  9424 W VideoCapabilities: Unrecognized profile 2130706434 for video/avc
03-24 15:23:21.211  9396  9424 W VideoCapabilities: Unrecognized profile 2130706434 for video/avc
03-24 15:23:21.211  9396  9424 W VideoCapabilities: Unrecognized profile 2130706434 for video/avc
03-24 15:23:21.211  9396  9424 W VideoCapabilities: Unrecognized profile 2130706434 for video/avc
03-24 15:23:21.211  9396  9424 W VideoCapabilities: Unrecognized profile 2130706434 for video/avc
03-24 15:23:21.211  9396  9424 W VideoCapabilities: Unrecognized profile 2130706434 for video/avc
03-24 15:23:21.211  9396  9424 W VideoCapabilities: Unrecognized profile 2130706434 for video/avc
03-24 15:23:21.211  9396  9424 W VideoCapabilities: Unrecognized profile 2130706434 for video/avc
03-24 15:23:21.211  9396  9424 W VideoCapabilities: Unrecognized profile 2130706434 for video/avc
03-24 15:23:21.211  9396  9424 W VideoCapabilities: Unrecognized profile 2130706434 for video/avc
03-24 15:23:21.211  9396  9424 W VideoCapabilities: Unrecognized profile 2130706434 for video/avc
03-24 15:23:21.211  9396  9424 W VideoCapabilities: Unrecognized profile 2130706434 for video/avc
03-24 15:23:21.211  9396  9424 W VideoCapabilities: Unrecognized profile 2130706434 for video/avc
03-24 15:23:21.211  9396  9424 W VideoCapabilities: Unrecognized profile 2130706434 for video/avc
03-24 15:23:21.211  9396  9424 W VideoCapabilities: Unrecognized profile 2130706434 for video/avc
03-24 15:23:21.211  9396  9424 W VideoCapabilities: Unsupported mime video/wvc1
03-24 15:23:21.211  9396  9424 W VideoCapabilities: Unsupported mime video/x-ms-wmv
03-24 15:23:21.221  9396  9424 W VideoCapabilities: Unrecognized profile/level 32768/2 for video/mp4v-es
03-24 15:23:21.221  9396  9424 W VideoCapabilities: Unsupported mime video/wvc1
03-24 15:23:21.221  9396  9424 W VideoCapabilities: Unsupported mime video/x-ms-wmv
03-24 15:23:21.221  9396  9424 W VideoCapabilities: Unsupported mime video/x-ms-wmv7
03-24 15:23:21.221  9396  9424 W VideoCapabilities: Unsupported mime video/x-ms-wmv8
03-24 15:23:21.221  9396  9424 W VideoCapabilities: Unsupported mime video/mp43
03-24 15:23:21.231  9396  9424 W VideoCapabilities: Unrecognized profile 2130706433 for video/avc
03-24 15:23:21.231  9396  9424 W VideoCapabilities: Unrecognized profile 2130706433 for video/avc
03-24 15:23:21.231  9396  9424 W VideoCapabilities: Unrecognized profile 2130706433 for video/avc
03-24 15:23:21.231  9396  9424 W VideoCapabilities: Unrecognized profile 2130706433 for video/avc
03-24 15:23:21.231  9396  9424 W VideoCapabilities: Unrecognized profile 2130706433 for video/avc
03-24 15:23:21.231  9396  9424 W VideoCapabilities: Unrecognized profile 2130706433 for video/avc
03-24 15:23:21.231  9396  9424 W VideoCapabilities: Unrecognized profile 2130706433 for video/avc
03-24 15:23:21.231  9396  9424 W VideoCapabilities: Unrecognized profile 2130706433 for video/avc
03-24 15:23:21.231  9396  9424 W VideoCapabilities: Unrecognized profile 2130706433 for video/avc
03-24 15:23:21.231  9396  9424 W VideoCapabilities: Unrecognized profile 2130706433 for video/avc
03-24 15:23:21.231  9396  9424 W VideoCapabilities: Unrecognized profile 2130706433 for video/avc
03-24 15:23:21.231  9396  9424 W VideoCapabilities: Unrecognized profile 2130706433 for video/avc
03-24 15:23:21.231  9396  9424 W VideoCapabilities: Unrecognized profile 2130706433 for video/avc
03-24 15:23:21.231  9396  9424 W VideoCapabilities: Unrecognized profile 2130706433 for video/avc
03-24 15:23:21.231  9396  9424 W VideoCapabilities: Unrecognized profile 2130706433 for video/avc
03-24 15:23:21.231  9396  9424 W VideoCapabilities: Unrecognized profile 2130706433 for video/avc
03-24 15:23:21.231  9396  9424 W VideoCapabilities: Unrecognized profile 2130706434 for video/avc
03-24 15:23:21.231  9396  9424 W VideoCapabilities: Unrecognized profile 2130706434 for video/avc
03-24 15:23:21.231  9396  9424 W VideoCapabilities: Unrecognized profile 2130706434 for video/avc
03-24 15:23:21.231  9396  9424 W VideoCapabilities: Unrecognized profile 2130706434 for video/avc
03-24 15:23:21.231  9396  9424 W VideoCapabilities: Unrecognized profile 2130706434 for video/avc
03-24 15:23:21.231  9396  9424 W VideoCapabilities: Unrecognized profile 2130706434 for video/avc
03-24 15:23:21.231  9396  9424 W VideoCapabilities: Unrecognized profile 2130706434 for video/avc
03-24 15:23:21.231  9396  9424 W VideoCapabilities: Unrecognized profile 2130706434 for video/avc
03-24 15:23:21.231  9396  9424 W VideoCapabilities: Unrecognized profile 2130706434 for video/avc
03-24 15:23:21.231  9396  9424 W VideoCapabilities: Unrecognized profile 2130706434 for video/avc
03-24 15:23:21.231  9396  9424 W VideoCapabilities: Unrecognized profile 2130706434 for video/avc
03-24 15:23:21.231  9396  9424 W VideoCapabilities: Unrecognized profile 2130706434 for video/avc
03-24 15:23:21.231  9396  9424 W VideoCapabilities: Unrecognized profile 2130706434 for video/avc
03-24 15:23:21.231  9396  9424 W VideoCapabilities: Unrecognized profile 2130706434 for video/avc
03-24 15:23:21.231  9396  9424 W VideoCapabilities: Unrecognized profile 2130706434 for video/avc
03-24 15:23:21.231  9396  9424 W VideoCapabilities: Unrecognized profile 2130706434 for video/avc
03-24 15:23:21.231  9396  9424 W VideoCapabilities: Unrecognized profile/level 32768/2 for video/mp4v-es
03-24 15:23:21.241  9396  9424 I VideoCapabilities: Unsupported profile 4 for video/mp4v-es
03-24 15:23:21.261  9396  9424 W VideoCapabilities: Unsupported mime video/sorenson
03-24 15:23:21.261  3670  4018 V NetworkStats: performPollLocked(flags=0x1)
03-24 15:23:21.261  3670  4018 D NtpTrustedTime: currentTimeMillis() cache hit
03-24 15:23:21.271  3670  4018 D NetworkStatsRecorder: entry.iface is null
03-24 15:23:21.271  3670  4018 D NetworkStatsRecorder: entry.iface is null
03-24 15:23:21.271  3670  4018 D NetworkStatsRecorder: entry.iface is null
03-24 15:23:21.271  3670  4018 D NetworkStatsRecorder: entry.iface is null
03-24 15:23:21.271  3670  4018 V NetworkStats: performPollLocked() took 11ms
03-24 15:23:21.271  3670  4018 D NtpTrustedTime: currentTimeMillis() cache hit
03-24 15:23:21.281  3670  4019 D NtpTrustedTime: currentTimeMillis() cache hit
03-24 15:23:21.281  9194  9476 I System.out: (HTTPLog)-Static: isSBSettingEnabled false
03-24 15:23:21.281  9194  9476 I System.out: (HTTPLog)-Static: isSBSettingEnabled false
03-24 15:23:21.311  3670  4019 D NtpTrustedTime: currentTimeMillis() cache hit
03-24 15:23:21.351  9305  9305 D TextView: setTypeface with style : 0
03-24 15:23:21.351  9305  9305 D TextView: setTypeface with style : 0
03-24 15:23:21.361  9305  9305 D TextView: setTypeface with style : 0
03-24 15:23:21.371  9305  9489 D Minikin : FontFamily bestFont == NULL, so return vacant FakedFont
03-24 15:23:21.371  9305  9489 D Minikin : FontFamily bestFont == NULL, so return vacant FakedFont
03-24 15:23:21.371  9305  9489 D Minikin : FontFamily bestFont == NULL, so return vacant FakedFont
03-24 15:23:21.391  9305  9489 D Minikin : FontFamily bestFont == NULL, so return vacant FakedFont
03-24 15:23:21.391  9305  9489 D Minikin : FontFamily bestFont == NULL, so return vacant FakedFont
03-24 15:23:21.391  9305  9489 D Minikin : FontFamily bestFont == NULL, so return vacant FakedFont
03-24 15:23:21.431  9305  9305 W View    : requestLayout() improperly called by android.support.v7.widget.AppCompatImageView{da56125 V.ED..... ......ID 0,0-432,2244 #7f0b003e app:id/activity_tutorial_zen_cards} during layout: running second layout pass
03-24 15:23:21.431  9305  9305 I ViewRootImpl: requestLayout is already in process
03-24 15:23:21.481  9305  9305 D TextView: setTypeface with style : 0
03-24 15:23:21.481  9305  9305 D TextView: setTypeface with style : 0
03-24 15:23:21.481  9305  9305 D TextView: setTypeface with style : 0
03-24 15:23:21.531  3025  3025 D libEGL  : eglInitialize EGLDisplay = 0x7ff3f31d28
03-24 15:23:21.531  9305  9392 E         : g2d stretchFimgApi_v5 function does not exist
03-24 15:23:21.531  9305  9392 E         : [JM] stretchFimgApi might be v4.
03-24 15:23:21.531  9305  9305 W PathParser: Points are too far apart 4.002561287974534
03-24 15:23:21.531  9305  9305 W PathParser: Points are too far apart 4.002561287974534
03-24 15:23:21.541  3025  3025 D libEGL  : eglInitialize EGLDisplay = 0x7ff3f31d28
03-24 15:23:21.591  9154  9178 W System.err: remove failed: ENOENT (No such file or directory) : /data/user/0/com.yandex.browser/shared_prefs/messenger.xml.bak
03-24 15:23:21.611  3670  4952 I ActivityManager: Killing 7682:com.samsung.cmh:CMH/5004 (adj 15): DHA:empty #15
03-24 15:23:21.641  9154  9503 E SQLiteLog: (1) no such table: composite_parts
03-24 15:23:21.641  3670  4454 D ActivityManager: cleanUpApplicationRecord -- 7682
03-24 15:23:21.641  3670  4454 I ActivityManager: Killing 7729:com.samsung.android.communicationservice/5002 (adj 15): DHA:empty #13
03-24 15:23:21.651  3670  4454 D ActivityManager: isAutoRunBlockedApp:: com.samsung.cmh, Auto Run ON
03-24 15:23:21.661  7806  7806 I StoryService: [StoryService] On destroy() 
03-24 15:23:21.661  7806  7806 I ServiceController: [StoryService] shutdown() 
03-24 15:23:21.671  3670  4946 D ActivityManager: cleanUpApplicationRecord -- 7729
03-24 15:23:21.671  3670  4946 D ActivityManager: isAutoRunBlockedApp:: com.samsung.android.communicationservice, Auto Run ON
03-24 15:23:21.671  3670  4946 W ActivityManager: Scheduling restart of crashed service com.samsung.android.communicationservice/.ITransactionManagerService in 1000ms
03-24 15:23:21.671  7842  7842 D Mms/MmsApp: CommunicationService Disconnected
03-24 15:23:21.681  9154  9503 E SQLiteLog: (1) no such table: unseen_view
03-24 15:23:21.741  9194  9504 I System.out: (HTTPLog)-Static: isSBSettingEnabled false
03-24 15:23:21.741  9194  9504 I System.out: (HTTPLog)-Static: isSBSettingEnabled false
03-24 15:23:21.751  3670  4068 W System.err: remove failed: ENOENT (No such file or directory) : /data/system/recent_tasks/174_task.xml.bak
03-24 15:23:21.901  3670  4952 E SensorService: getSensorList a sensor (HRM Ambient Light Canceling) without holding its required permission: com.samsung.permission.HRM_EXT
03-24 15:23:21.901  3670  4952 I SensorService: Skipped sensor HRM Ambient Light Canceling because it requires permission com.samsung.permission.HRM_EXT and app op -1
03-24 15:23:21.901  3670  4952 E SensorService: getSensorList a sensor (HRM Proximity detecting) without holding its required permission: com.samsung.permission.HRM_EXT
03-24 15:23:21.901  3670  4952 I SensorService: Skipped sensor HRM Proximity detecting because it requires permission com.samsung.permission.HRM_EXT and app op -1
03-24 15:23:21.901  3670  4952 W ServiceManager: Permission failure: android.permission.BODY_SENSORS from uid=10175 pid=9154
03-24 15:23:21.901  3670  4952 E SensorService: getSensorList a sensor (HRMLED IR) without holding its required permission: android.permission.BODY_SENSORS
03-24 15:23:21.901  3670  4952 I SensorService: Skipped sensor HRMLED IR because it requires permission android.permission.BODY_SENSORS and app op 56
03-24 15:23:21.901  3670  4952 W ServiceManager: Permission failure: android.permission.BODY_SENSORS from uid=10175 pid=9154
03-24 15:23:21.901  3670  4952 E SensorService: getSensorList a sensor (HRMLED RED) without holding its required permission: android.permission.BODY_SENSORS
03-24 15:23:21.901  3670  4952 I SensorService: Skipped sensor HRMLED RED because it requires permission android.permission.BODY_SENSORS and app op 56
03-24 15:23:21.901  3670  4952 E SensorService: getSensorList a sensor (MAX86900) without holding its required permission: com.samsung.permission.SSENSOR
03-24 15:23:21.901  3670  4952 I SensorService: Skipped sensor MAX86900 because it requires permission com.samsung.permission.SSENSOR and app op -1
03-24 15:23:21.901  3670  4952 E SensorService: getSensorList a sensor (HRM Sensor) without holding its required permission: com.samsung.permission.SSENSOR
03-24 15:23:21.901  3670  4952 I SensorService: Skipped sensor HRM Sensor because it requires permission com.samsung.permission.SSENSOR and app op -1
03-24 15:23:21.901  3670  4952 W ServiceManager: Permission failure: android.permission.BODY_SENSORS from uid=10175 pid=9154
03-24 15:23:21.901  3670  4952 E SensorService: getSensorList a sensor (HeartRate Sensor) without holding its required permission: android.permission.BODY_SENSORS
03-24 15:23:21.901  3670  4952 I SensorService: Skipped sensor HeartRate Sensor because it requires permission android.permission.BODY_SENSORS and app op 56
03-24 15:23:22.041  7563  7577 I FontsSharedState: Updating from directory version 0 to 16 from disk
03-24 15:23:22.061  3670  6805 D GameManagerService: identifyGamePackage. com.yandex.browser
03-24 15:23:22.061  7563  7577 I FontsContentProvider: Received query Noto Color Emoji Compat, URI content://com.google.android.gms.fonts
03-24 15:23:22.101  7563  7577 I FontsContentProvider: Query [Noto Color Emoji Compat] resolved to {Noto Color Emoji Compat, wdth 100.0, wght 400, ital 0.0, bestEffort false}
03-24 15:23:22.141  3037  3738 D Netd    : Iface wlan0 link up
03-24 15:23:22.151 31048 31048 I wpa_supplicant: nl80211: Received scan results (5 BSSes)
03-24 15:23:22.151  3670  3804 D Tethering: interfaceLinkStateChanged wlan0, true
03-24 15:23:22.151  3670  3804 D Tethering: interfaceStatusChanged wlan0, true
03-24 15:23:22.151  3670  4020 D WifiP2pService: InactiveState{ what=147461 }
03-24 15:23:22.151  3670  4020 D WifiP2pService: P2pEnabledState{ what=147461 }
03-24 15:23:22.151  3670  4020 D WifiP2pService: DefaultState{ what=147461 }
03-24 15:23:22.181  7563  7577 I FontsContentProvider: Fetch {Noto Color Emoji Compat, wdth 100.0, wght 400, ital 0.0, bestEffort false} end status Status{statusCode=SUCCESS, resolution=null}
03-24 15:23:22.201  3670  3796 V BroadcastQueue: [background] Process cur broadcast BroadcastRecord{d75d241 u-1 android.net.wifi.SCAN_RESULTS qIdx=4}, state= (APP_RECEIVE) DELIVERED for app ProcessRecord{124bbc4 4103:com.android.systemui/u0a43}
03-24 15:23:22.201  3670  3670 I CLocInfoService: External Intent Received android.net.wifi.SCAN_RESULTS
03-24 15:23:22.221  3670  4407 I ActivityManager: Killing 7825:com.samsung.android.provider.shootingmodeprovider/u0a63 (adj 15): DHA:empty #12
03-24 15:23:22.221  3670  4407 I ActivityManager: Killing 7806:com.samsung.storyservice/5004 (adj 15): DHA:empty #12
03-24 15:23:22.241  3670  4409 D ActivityManager: cleanUpApplicationRecord -- 7825
03-24 15:23:22.241  3670  4409 D ActivityManager: isAutoRunBlockedApp:: com.samsung.android.provider.shootingmodeprovider, Auto Run ON
03-24 15:23:22.241  3670  4409 I ActivityManager: Killing 7147:com.samsung.android.coreapps/5011 (adj 15): DHA:empty #10
03-24 15:23:22.251  3670  4409 I ActivityManager: Killing 7195:com.samsung.android.weather/u0a77 (adj 15): DHA:empty #10
03-24 15:23:22.261  3670  3931 D ActivityManager: cleanUpApplicationRecord -- 7806
03-24 15:23:22.261  3670  3931 D ActivityManager: isAutoRunBlockedApp:: com.samsung.storyservice, Auto Run ON
03-24 15:23:22.261  3670  3931 I ActivityManager: Killing 7210:com.android.documentsui/u0a92 (adj 15): DHA:empty #9
03-24 15:23:22.281  3670  4947 D ActivityManager: cleanUpApplicationRecord -- 7147
03-24 15:23:22.281  3670  4947 D ActivityManager: isAutoRunBlockedApp:: com.samsung.android.coreapps, Auto Run ON
03-24 15:23:22.291  3670  3698 D ActivityManager: cleanUpApplicationRecord -- 7195
03-24 15:23:22.291  3670  3698 D ActivityManager: isAutoRunBlockedApp:: com.samsung.android.weather, Auto Run ON
03-24 15:23:22.301  3670  4016 D ActivityManager: cleanUpApplicationRecord -- 7210
03-24 15:23:22.301  3670  4016 D ActivityManager: isAutoRunBlockedApp:: com.android.documentsui, Auto Run ON
03-24 15:23:22.311  3670  4454 I ActivityManager: Killing 7366:com.android.calendar/u0a164 (adj 15): DHA:empty #9
03-24 15:23:22.331  7563  7707 I FontsContentProvider: Pulling font file for id = 1, cache size = 1
03-24 15:23:22.341  3670  4524 D ActivityManager: cleanUpApplicationRecord -- 7366
03-24 15:23:22.341  3670  4524 D ActivityManager: isAutoRunBlockedApp:: com.android.calendar, Auto Run ON
03-24 15:23:22.401  9278  9523 W System.err: remove failed: ENOENT (No such file or directory) : /data/user/0/com.yandex.browser/shared_prefs/experiments.xml.bak
03-24 15:23:22.541  9154  9501 D Minikin : FontFamily bestFont == NULL, so return vacant FakedFont
03-24 15:23:22.541  9154  9501 D Minikin : FontFamily bestFont == NULL, so return vacant FakedFont
03-24 15:23:22.541  9154  9501 D Minikin : FontFamily bestFont == NULL, so return vacant FakedFont
03-24 15:23:22.551  7563  7577 I FontsContentProvider: Pulling font file for id = 1, cache size = 1
03-24 15:23:22.641  9194  9267 I System.out: (HTTPLog)-Static: isSBSettingEnabled false
03-24 15:23:22.641  9194  9267 I System.out: (HTTPLog)-Static: isSBSettingEnabled false
03-24 15:23:22.691  9194  9476 I System.out: (HTTPLog)-Static: isSBSettingEnabled false
03-24 15:23:22.691  9194  9476 I System.out: (HTTPLog)-Static: isSBSettingEnabled false
03-24 15:23:22.771  9154  9178 W System.err: remove failed: ENOENT (No such file or directory) : /data/user/0/com.yandex.browser/shared_prefs/MordaStorage.xml.bak
03-24 15:23:22.891  9154  9301 W System.err: remove failed: ENOENT (No such file or directory) : /data/user/0/com.yandex.browser/files/Default.Dashboard.Cells.bak
03-24 15:23:22.911  9154  9154 W chromium: [WARNING:passman_password_form_adjustments.cc(127)] No Passman password form adjustments in config, using defaults.
03-24 15:23:22.921  9154  9154 W chromium: [WARNING:server_configs_manager_impl.cc(622)] Extracted empty config content_settings
03-24 15:23:23.021  9154  9360 W System.err: remove failed: ENOENT (No such file or directory) : /data/user/0/com.yandex.browser/shared_prefs/com.google.android.gms.appid.xml.bak
03-24 15:23:23.071  3670  4524 I PersonaManager: mKnoxInfo is empty
03-24 15:23:23.101  3670  4016 I ActivityManager: Killing 7419:com.sec.android.app.sbrowser/u0a168 (adj 15): DHA:empty #9
03-24 15:23:23.111  3670  4421 D ActivityManager: cleanUpApplicationRecord -- 7419
03-24 15:23:23.111  3670  4421 D ActivityManager: isAutoRunBlockedApp:: com.sec.android.app.sbrowser, Auto Run ON
03-24 15:23:23.211  9194  9267 I System.out: (HTTPLog)-Static: isSBSettingEnabled false
03-24 15:23:23.211  9194  9267 I System.out: (HTTPLog)-Static: isSBSettingEnabled false
03-24 15:23:23.251  7275  7285 I art     : Background sticky concurrent mark sweep GC freed 70169(4MB) AllocSpace objects, 22(792KB) LOS objects, 24% free, 17MB/23MB, paused 1.503ms total 104.281ms
03-24 15:23:23.271  7275  7540 W ChimeraUtils: Non Chimera context
03-24 15:23:23.311  3670  3697 I PersonaManager: mKnoxInfo is empty
03-24 15:23:23.331  7275  7540 I System.out: (HTTPLog)-Static: isSBSettingEnabled false
03-24 15:23:23.331  7275  7540 I System.out: (HTTPLog)-Static: isSBSettingEnabled false
03-24 15:23:23.331  3037  3741 D EnterpriseController: netId is 0
03-24 15:23:23.331  3037  3741 D Netd    : getNetworkForDns: using netid 510 for uid 10015
03-24 15:23:23.511  7275  7540 I qtaguid : Tagging socket 94 with tag 3000040700000000{805307399,0} uid -1, pid: 7275, getuid(): 10015
03-24 15:23:23.791  7275  7540 W Conscrypt: Could not set socket write timeout: java.net.SocketException: Socket closed
03-24 15:23:23.791  7275  7540 W Conscrypt: 	at com.google.android.gms.org.conscrypt.Platform.setSocketWriteTimeout(:com.google.android.gms@15090019@15.0.90 (040400-231259764):2)
03-24 15:23:23.791  7275  7540 W Conscrypt: 	at com.google.android.gms.org.conscrypt.ConscryptFileDescriptorSocket.setSoWriteTimeout(:com.google.android.gms@15090019@15.0.90 (040400-231259764):2)
03-24 15:23:24.561  7275  7540 W Conscrypt: Could not set socket write timeout: java.net.SocketException: Socket closed
03-24 15:23:24.561  7275  7540 W Conscrypt: 	at com.google.android.gms.org.conscrypt.Platform.setSocketWriteTimeout(:com.google.android.gms@15090019@15.0.90 (040400-231259764):2)
03-24 15:23:24.561  7275  7540 W Conscrypt: 	at com.google.android.gms.org.conscrypt.ConscryptFileDescriptorSocket.setSoWriteTimeout(:com.google.android.gms@15090019@15.0.90 (040400-231259764):2)
03-24 15:23:24.571  9154  9394 W cr_ChildProcLH: Create a new ChildConnectionAllocator with package name = com.yandex.browser, sandboxed = true
03-24 15:23:24.581  3670  4407 I PersonaManager: mKnoxInfo is empty
03-24 15:23:24.581  9584  9584 E Zygote  : v2
03-24 15:23:24.581  9584  9584 I libpersona: KNOX_SDCARD checking this for 99231
03-24 15:23:24.581  9584  9584 I libpersona: KNOX_SDCARD not a persona
03-24 15:23:24.581  9584  9584 W SELinux : Function: selinux_compare_spd_ram, index[1], priority [2], priority version is VE=SEPF_SECMOBILE_6.0.1_0003
03-24 15:23:24.581  9584  9584 E Zygote  : accessInfo : 0
03-24 15:23:24.581  9584  9584 W SELinux : SELinux: seapp_context_lookup: seinfo=default, level=s0:c512,c768, pkgname=com.yandex.browser:sandboxed_process1 
03-24 15:23:24.591  3670  4407 I ActivityManager: Start proc 9584:com.yandex.browser:sandboxed_process1/u0i231 for service com.yandex.browser/org.chromium.content.app.SandboxedProcessService1
03-24 15:23:24.591  3670  4016 I PersonaManager: mKnoxInfo is empty
03-24 15:23:24.611  9584  9584 W ResourcesManager: getTopLevelResources: /data/app/com.yandex.browser-1/base.apk / 1.0 running in com.yandex.browser rsrc of package com.yandex.browser
03-24 15:23:24.621  9584  9584 D ResourcesManager: For user 0 new overlays fetched Null
03-24 15:23:24.621  9584  9584 I InjectionManager: Inside getClassLibPath caller 
03-24 15:23:24.641  9584  9584 I MultiDex: Installing application
03-24 15:23:24.641  9584  9584 I MultiDex: VM with version 2.1.0 has multidex support
03-24 15:23:24.641  9584  9584 I MultiDex: VM has multidex support, MultiDex support library is disabled.
03-24 15:23:24.641  9584  9584 I cr_base_multidex: Completed multidex installation.
03-24 15:23:24.651  9584  9596 E cr_PathUtils: Failed to set permissions for path "/data/user/0/com.yandex.browser/app_chromium"
03-24 15:23:24.661  9584  9584 D InjectionManager: InjectionManager
03-24 15:23:24.661  9584  9584 I InjectionManager: featureStore :{}
03-24 15:23:24.661  9584  9584 I cr_ChildProcessService: Creating new ChildProcessService pid=9584
03-24 15:23:24.691  9584  9597 I cr_LibraryLoader:  Loading yandexbrowser from within /data/app/com.yandex.browser-1/base.apk
03-24 15:23:24.751  9584  9597 I cr_LibraryLoader: Time to load native libraries: 51 ms (timestamps 5628-5679)
03-24 15:23:24.751  9584  9597 I chromium: [INFO:library_loader_hooks.cc(36)] Chromium logging enabled: level = 0, default verbosity = 0
03-24 15:23:24.751  9584  9597 I cr_LibraryLoader: Expected native library version number "18.11.1.979", actual native library version number "18.11.1.979"
03-24 15:23:24.761  9584  9597 W ResourcesManager: getTopLevelResources: /data/app/com.yandex.browser-1/base.apk / 1.0 running in com.yandex.browser rsrc of package com.yandex.browser
03-24 15:23:24.801  9584  9597 I chromium: [INFO:child_process_service.cc(73)] ChildProcessService: Exiting child process.
03-24 15:23:24.811  9154  9394 W cr_ChildProcessConn: onServiceDisconnected (crash or killed by oom): pid=9584
03-24 15:23:24.811  3670  4552 I ActivityManager: Process com.yandex.browser:sandboxed_process1 (pid 9584)(adj 1) has died(51,249)
03-24 15:23:24.811  3670  4552 D ActivityManager: cleanUpApplicationRecord -- 9584
03-24 15:23:24.811  3670  4552 D ActivityManager: isAutoRunBlockedApp:: com.yandex.browser, Auto Run ON
03-24 15:23:24.811  3670  4552 W ActivityManager: Scheduling restart of crashed service com.yandex.browser/org.chromium.content.app.SandboxedProcessService1 in 1000ms
03-24 15:23:24.821  7402  7402 V SamsungIME: onTrimMemory Level = 5
03-24 15:23:24.981  9154  9154 W System.err: remove failed: ENOENT (No such file or directory) : /data/user/0/com.yandex.browser/files/roboto_bold.ttf.bak
03-24 15:23:24.981  9154  9154 D Minikin : FontFamily bestFont == NULL, so return vacant FakedFont
03-24 15:23:24.981  9154  9154 D Minikin : FontFamily bestFont == NULL, so return vacant FakedFont
03-24 15:23:24.981  9154  9154 D Minikin : FontFamily bestFont == NULL, so return vacant FakedFont
03-24 15:23:25.021  9154  9154 D TextView: setTypeface with style : 0
03-24 15:23:25.031  9154  9615 D Minikin : FontFamily bestFont == NULL, so return vacant FakedFont
03-24 15:23:25.031  9154  9615 D Minikin : FontFamily bestFont == NULL, so return vacant FakedFont
03-24 15:23:25.031  9154  9615 D Minikin : FontFamily bestFont == NULL, so return vacant FakedFont
03-24 15:23:25.051  9154  9154 W System.err: remove failed: ENOENT (No such file or directory) : /data/user/0/com.yandex.browser/files/roboto_black.ttf.bak
03-24 15:23:25.061  9154  9154 D Minikin : FontFamily bestFont == NULL, so return vacant FakedFont
03-24 15:23:25.061  9154  9154 D Minikin : FontFamily bestFont == NULL, so return vacant FakedFont
03-24 15:23:25.061  9154  9154 D Minikin : FontFamily bestFont == NULL, so return vacant FakedFont
03-24 15:23:25.081  3670  6805 D O       : limitGPUFreq:: freq = 600
03-24 15:23:25.081  3025  3025 I SurfaceFlinger: id=728 createSurf (1440x2464),4 flag=404, TurfaceView
03-24 15:23:25.091  3670  3698 V WindowStateAnimator: Finishing drawing window Window{295505 u0 d0 SurfaceView}: mDrawState=DRAW_PENDING
03-24 15:23:25.101  3670  4946 V WindowStateAnimator: Finishing drawing window Window{295505 u0 d0 SurfaceView}: mDrawState=HAS_DRAWN
03-24 15:23:25.111  3025  3025 D libEGL  : eglInitialize EGLDisplay = 0x7ff3f31d28
03-24 15:23:25.111  9396  9424 D mali_winsys: new_window_surface returns 0x3000,  [1440x2464]-format:1
03-24 15:23:25.121  9396  9424 D         : ro.exynos.dss isEnabled: 0
03-24 15:23:25.121  3670  6805 D ConnectivityService: returning getNetworkInfo for network type 1 : [type: WIFI[] - WIFI, state: CONNECTED/CONNECTED, reason: (unspecified), extra: "DataStructures", roaming: false, failover: false, isAvailable: true]
03-24 15:23:25.131  9396  9424 D libGLESv2: DTS_GLAPI : DTS is not allowed for Package : com.yandex.browser:privileged_process0
03-24 15:23:25.131  3670  4952 V AlarmManager:  remove PendingIntent] PendingIntent{f993335: PendingIntentRecord{e30a718 com.google.android.gms broadcastIntent}}
03-24 15:23:25.141  7275  7540 I qtaguid : Untagging socket 94
03-24 15:23:25.161  3670  4952 I PersonaManager: mKnoxInfo is empty
03-24 15:23:25.161  9154  9154 D TextView: setTypeface with style : 0
03-24 15:23:25.181  3025  3025 D libEGL  : eglInitialize EGLDisplay = 0x7ff3f31d28
03-24 15:23:25.191  3670  4524 I PersonaManager: mKnoxInfo is empty
03-24 15:23:25.201  3025  3025 D libEGL  : eglInitialize EGLDisplay = 0x7ff3f31d28
03-24 15:23:25.211  9194  9267 I System.out: (HTTPLog)-Static: isSBSettingEnabled false
03-24 15:23:25.211  9194  9267 I System.out: (HTTPLog)-Static: isSBSettingEnabled false
03-24 15:23:25.231  3670  4550 I PersonaManager: mKnoxInfo is empty
03-24 15:23:25.231  9154  9460 D skia    : --- SkImageDecoder::Factory returned null
03-24 15:23:25.241  9154  9460 D skia    : --- SkImageDecoder::Factory returned null
03-24 15:23:25.241  9154  9460 D skia    : --- SkImageDecoder::Factory returned null
03-24 15:23:25.241  9154  9460 D skia    : --- SkImageDecoder::Factory returned null
03-24 15:23:25.241  9154  9460 D skia    : --- SkImageDecoder::Factory returned null
03-24 15:23:25.261  3670  4947 V AlarmManager:  remove PendingIntent] PendingIntent{936cdb1: PendingIntentRecord{e30a718 com.google.android.gms broadcastIntent}}
03-24 15:23:25.291  3670  3931 I PersonaManager: mKnoxInfo is empty
03-24 15:23:25.381  3670  3796 V BroadcastQueue: [background] Process cur broadcast BroadcastRecord{6e7b296 u0 com.google.android.gms.gcm.ACTION_SCHEDULE qIdx=4}, state= (APP_RECEIVE) DELIVERED for app ProcessRecord{68a6177 7275:com.google.android.gms.persistent/u0a15}
03-24 15:23:25.481  7275  7617 W Uploader:  no longer exists, so no auth token.
03-24 15:23:25.521  7275  7617 I System.out: (HTTPLog)-Static: isSBSettingEnabled false
03-24 15:23:25.521  7275  7617 I System.out: (HTTPLog)-Static: isSBSettingEnabled false
03-24 15:23:25.521  3037  3741 D EnterpriseController: netId is 0
03-24 15:23:25.521  3037  3741 D Netd    : getNetworkForDns: using netid 510 for uid 10015
03-24 15:23:25.531  7275  7617 I qtaguid : Tagging socket 76 with tag 31065fff00000000{822501375,0} uid -1, pid: 7275, getuid(): 10015
03-24 15:23:25.821  7275  7617 W Conscrypt: Could not set socket write timeout: java.net.SocketException: Socket closed
03-24 15:23:25.821  7275  7617 W Conscrypt: 	at com.google.android.gms.org.conscrypt.Platform.setSocketWriteTimeout(:com.google.android.gms@15090019@15.0.90 (040400-231259764):2)
03-24 15:23:25.831  7275  7617 W Conscrypt: 	at com.google.android.gms.org.conscrypt.ConscryptFileDescriptorSocket.setSoWriteTimeout(:com.google.android.gms@15090019@15.0.90 (040400-231259764):2)
03-24 15:23:25.971  3670  4946 D ApplicationPolicy: isStatusBarNotificationAllowedAsUser: packageName = com.yandex.browser,userId = 0
03-24 15:23:25.971  3670  4946 I PersonaManager: mKnoxInfo is empty
03-24 15:23:25.991  3670  3670 V NotificationService: notifications are disabled by AppOps for com.yandex.browser
03-24 15:23:25.991  3670  3670 E NotificationService: Suppressing notification from package com.yandex.browser by user request.
03-24 15:23:26.151  9154  9154 D ConnectivityManager: requestNetwork; getAppId(CallingUid) : 10175, CallingPid : 9154
03-24 15:23:26.161  3670  4016 D ConnectivityService: listenForNetwork for Listen from uid/pid:10175/9154 for NetworkRequest [ id=335, legacyType=-1, [ Capabilities: INTERNET&NOT_RESTRICTED&TRUSTED] ]
03-24 15:23:26.161  3670  4029 D ConnectivityService: rematching NetworkAgentInfo [WIFI () - 510]
03-24 15:23:26.161  3670  4029 D ConnectivityService:  network has: NetworkAgentInfo{ ni{[type: WIFI[] - WIFI, state: CONNECTED/CONNECTED, reason: (unspecified), extra: "DataStructures", roaming: false, failover: false, isAvailable: true]}  network{510}  lp{{InterfaceName: wlan0 LinkAddresses: [fe80::ee9b:f3ff:fe73:43e9/64,192.168.0.174/24,]  Routes: [fe80::/64 -> :: wlan0,192.168.0.0/24 -> 0.0.0.0 wlan0,0.0.0.0/0 -> 192.168.0.1 wlan0,] DnsAddresses: [192.168.0.1,] Domains:  MTU: 0 TcpBufferSizes: 524288,1048576,4525824,524288,1048576,4525824}}  nc{[ Transports: WIFI Capabilities: INTERNET&NOT_RESTRICTED&TRUSTED&NOT_VPN&VALIDATED LinkUpBandwidth>=1048576Kbps LinkDnBandwidth>=1048576Kbps SignalStrength: -37]}  Score{60}  everValidated{true}  lastValidated{true}  created{true} lingering{false} explicitlySelected{false} acceptUnvalidated{false} everCaptivePortalDetected{false} lastCaptivePortalDetected{false} }
03-24 15:23:26.161  3670  4029 D ConnectivityService:   checking if request is: NetworkRequest [ id=335, legacyType=-1, [ Capabilities: INTERNET&NOT_RESTRICTED&TRUSTED] ] satisfies: true nri.isRequest: false
03-24 15:23:26.161  3670  4029 D ConnectivityService:   checking if request is: NetworkRequest [ id=334, legacyType=-1, [ Capabilities: INTERNET&NOT_RESTRICTED&TRUSTED] ] satisfies: true nri.isRequest: false
03-24 15:23:26.161  3670  4029 D ConnectivityService:   checking if request is: NetworkRequest [ id=5, legacyType=-1, [ Transports: WIFI Capabilities: INTERNET&NOT_RESTRICTED&TRUSTED&NOT_VPN] ] satisfies: true nri.isRequest: false
03-24 15:23:26.161  3670  4029 D ConnectivityService: Network NetworkAgentInfo [WIFI () - 510] was already satisfying request 1. No change.
03-24 15:23:26.161  3670  4029 D ConnectivityService:   checking if request is: NetworkRequest [ id=3, legacyType=-1, [] ] satisfies: true nri.isRequest: false
03-24 15:23:26.161  3670  4029 D ConnectivityService:   checking if request is: NetworkRequest [ id=4, legacyType=-1, [ Transports: CELLULAR Capabilities: INTERNET&NOT_RESTRICTED&TRUSTED&NOT_VPN] ] satisfies: false nri.isRequest: false
03-24 15:23:26.161  3670  4029 D ConnectivityService: sending notification AVAILABLE for NetworkRequest [ id=335, legacyType=-1, [ Capabilities: INTERNET&NOT_RESTRICTED&TRUSTED] ]
03-24 15:23:26.261  3670  4016 D PackageManager: setEnabledSetting : userId = 0 packageName = com.yandex.browser cmp = com.yandex.alice.shortcut.activities.AliceShortcutActivity newState = 1 callingPackage = 10175
03-24 15:23:26.291  3670  4407 I PersonaManager: mKnoxInfo is empty
03-24 15:23:26.321  3670  3796 V BroadcastQueue: [background] Process cur broadcast BroadcastRecord{f7054b3 u0 android.intent.action.DROPBOX_ENTRY_ADDED qIdx=4}, state= (APP_RECEIVE) DELIVERED for app ProcessRecord{f40f467 7950:com.samsung.android.sm/1000}
03-24 15:23:26.331  3670  4421 I PersonaManager: mKnoxInfo is empty
03-24 15:23:26.361  3670  3698 V BroadcastQueue: [background] Process cur broadcast BroadcastRecord{f7054b3 u0 android.intent.action.DROPBOX_ENTRY_ADDED qIdx=4}, state= (APP_RECEIVE) DELIVERED for app ProcessRecord{1b8fa5f 7563:com.google.android.gms/u0a15}
03-24 15:23:26.371  3670  3697 I PersonaManager: mKnoxInfo is empty
03-24 15:23:26.381  3670  4143 V BroadcastQueue: [background] Process cur broadcast BroadcastRecord{f7054b3 u0 android.intent.action.DROPBOX_ENTRY_ADDED qIdx=4}, state= (APP_RECEIVE) DELIVERED for app ProcessRecord{68a6177 7275:com.google.android.gms.persistent/u0a15}
03-24 15:23:26.391  3670  4421 I PersonaManager: mKnoxInfo is empty
03-24 15:23:26.401  3670  4946 I PersonaManager: mKnoxInfo is empty
03-24 15:23:26.411  3670  4947 I PersonaManager: mKnoxInfo is empty
03-24 15:23:26.411  3670  4407 I PersonaManager: mKnoxInfo is empty
03-24 15:23:26.421  3670  4952 I PersonaManager: mKnoxInfo is empty
03-24 15:23:26.651  7275  7617 W Conscrypt: Could not set socket write timeout: java.net.SocketException: Socket closed
03-24 15:23:26.651  7275  7617 W Conscrypt: 	at com.google.android.gms.org.conscrypt.Platform.setSocketWriteTimeout(:com.google.android.gms@15090019@15.0.90 (040400-231259764):2)
03-24 15:23:26.651  7275  7617 W Conscrypt: 	at com.google.android.gms.org.conscrypt.ConscryptFileDescriptorSocket.setSoWriteTimeout(:com.google.android.gms@15090019@15.0.90 (040400-231259764):2)
03-24 15:23:27.071  7275  7617 I qtaguid : Untagging socket 76
03-24 15:23:27.161  9154  9460 D skia    : --- SkImageDecoder::Factory returned null
03-24 15:23:27.161  9154  9460 D skia    : --- SkImageDecoder::Factory returned null
03-24 15:23:27.161  9154  9460 D skia    : --- SkImageDecoder::Factory returned null
03-24 15:23:27.171  7275  7617 W Uploader:  no longer exists, so no auth token.
03-24 15:23:27.171  9154  9460 D skia    : --- SkImageDecoder::Factory returned null
03-24 15:23:27.181  7275  7617 I System.out: (HTTPLog)-Static: isSBSettingEnabled false
03-24 15:23:27.181  7275  7617 I System.out: (HTTPLog)-Static: isSBSettingEnabled false
03-24 15:23:27.181  7275  7617 I qtaguid : Tagging socket 76 with tag 31065fff00000000{822501375,0} uid -1, pid: 7275, getuid(): 10015
03-24 15:23:27.561  3037  3741 D EnterpriseController: netId is 0
03-24 15:23:27.561  3037  3741 D Netd    : getNetworkForDns: using netid 510 for uid 10175
03-24 15:23:27.561  3037  3741 D EnterpriseController: netId is 0
03-24 15:23:27.561  3037  3741 D Netd    : getNetworkForDns: using netid 510 for uid 10175
03-24 15:23:27.561  3037  3741 D EnterpriseController: netId is 0
03-24 15:23:27.561  3037  3741 D Netd    : getNetworkForDns: using netid 510 for uid 10175
03-24 15:23:27.601  7275  7617 I qtaguid : Untagging socket 76
03-24 15:23:27.651  3670  4016 D BatteryService: !@BatteryListener : batteryPropertiesChanged!
03-24 15:23:27.651  3670  4016 D BatteryService: level:95, scale:100, status:2, health:2, present:true, voltage: 4253, temperature: 314, technology: Li-ion, AC powered:false, USB powered:true, POGO powered:false, Wireless powered:false, icon:17303414, invalid charger:0, maxChargingCurrent:0
03-24 15:23:27.651  3670  4016 D BatteryService: online:4, current avg:-316, charge type:1, power sharing:false, high voltage charger:false, capacity:280000, batterySWSelfDischarging:false, current_now:-18
03-24 15:23:27.651  3670  3670 D BatteryService: Sending ACTION_BATTERY_CHANGED.
03-24 15:23:27.651  3670  3670 I MotionRecognitionService: Plugged
03-24 15:23:27.651  3670  3670 E MotionRecognitionService: support TA ~
03-24 15:23:27.651  3670  3670 I MotionRecognitionService: isTAConnected | current backoffstate  = 33792
03-24 15:23:27.651  3670  3670 D MotionRecognitionService:  TA connected ,  33792
03-24 15:23:27.651  3670  3670 I MotionRecognitionService: skip setTransmitPower. 
03-24 15:23:27.651  3670  3670 D MotionRecognitionService:   cableConnection= 1
03-24 15:23:27.651  3670  3670 D MotionRecognitionService: setPowerConnected | current backoffstate  = 33792 , state =33792
03-24 15:23:27.651  3670  3670 D MotionRecognitionService: skip setTransmitPower. 
03-24 15:23:27.651  4103  4103 D KeyguardUpdateMonitor: received broadcast android.intent.action.BATTERY_CHANGED
03-24 15:23:27.661  4103  4103 D KeyguardUpdateMonitor: handleBatteryUpdate
03-24 15:23:27.661  4103  4103 D PowerUI : priorPlugType = 2 mPlugType =  2
03-24 15:23:27.661  4103  4103 D PowerUI.Notification: showChargingNotice oldChargingType : 1 currentChargingType : 1 oldChargingTime : 893000 mChargingTime : 915000
03-24 15:23:27.661  4103  4103 D PowerUI.Notification: showChargingNotification()
03-24 15:23:27.661  9154  9178 W System.err: remove failed: ENOENT (No such file or directory) : /data/user/0/com.yandex.browser/shared_prefs/ya_traffic_usage_stat.xml.bak
03-24 15:23:27.681  3670  4552 D ApplicationPolicy: isStatusBarNotificationAllowedAsUser: packageName = com.android.systemui,userId = -1
03-24 15:23:27.681  3670  4552 I PersonaManager: mKnoxInfo is empty
03-24 15:23:27.691  3670  3670 D MARsPolicyManager: NotificationListenerService OngoingNotificationPosted : com.android.systemui
