03-24 15:35:17.351  3670  3884 D SecWifiDisplayUtil: Metadata value : SecSettings2
03-24 15:35:17.351  3670  3884 D ViewRootImpl: #1 mView = com.android.internal.policy.PhoneWindow$DecorView{b1fd597 V.E...... R.....ID 0,0-0,0}
03-24 15:35:17.351  3670  3884 W WindowManager: Attempted to add application window with unknown token Token{73f5d27 ActivityRecord{62933e6 u0 com.yandex.browser/.YandexBrowserMainActivity t198 f}}.  Aborting.
03-24 15:35:17.351  4383  4383 I PersonaManager: mKnoxInfo is empty
03-24 15:35:17.351  3670  3884 D ViewRootImpl: #3 mView = null
03-24 15:35:17.361  3670  4029 E ConnectivityService: RemoteException caught trying to send a callback msg for NetworkRequest [ id=372, legacyType=-1, [ Capabilities: INTERNET&NOT_RESTRICTED&TRUSTED] ]
03-24 15:35:17.361  3670  4029 D ConnectivityService: releasing NetworkRequest NetworkRequest [ id=371, legacyType=-1, [ Capabilities: INTERNET&NOT_RESTRICTED&TRUSTED] ]
03-24 15:35:17.361  3670  4029 D ConnectivityService: sending notification RELEASED for NetworkRequest [ id=371, legacyType=-1, [ Capabilities: INTERNET&NOT_RESTRICTED&TRUSTED] ]
03-24 15:35:17.361  3670  4029 E ConnectivityService: RemoteException caught trying to send a callback msg for NetworkRequest [ id=371, legacyType=-1, [ Capabilities: INTERNET&NOT_RESTRICTED&TRUSTED] ]
03-24 15:35:17.361  3670  3884 W WindowManager: Token{73f5d27 ActivityRecord{62933e6 u0 com.yandex.browser/.YandexBrowserMainActivity t198 f}} already running, starting window not displayed. Unable to add window -- token Token{73f5d27 ActivityRecord{62933e6 u0 com.yandex.browser/.YandexBrowserMainActivity t198 f}} is not valid; is your activity running?
03-24 15:35:17.361  4383  4383 I PersonaManager: mKnoxInfo is empty
03-24 15:35:17.361  3670  3884 W WindowManager: view not successfully added to wm, removing view
03-24 15:35:17.361  4383  4383 W ResourcesManager: getTopLevelResources: /data/app/com.google.android.gms-1/base.apk / 1.0 running in com.android.nfc rsrc of package com.google.android.gms
03-24 15:35:17.371  3670  3670 I ActivityManager: Start proc 24280:com.sec.android.app.soundalive/u0a62 for broadcast-3 com.sec.android.app.soundalive/.SAControlPanelReceiver
03-24 15:35:17.371 24280 24280 E Zygote  : v2
03-24 15:35:17.371 24280 24280 I libpersona: KNOX_SDCARD checking this for 10062
03-24 15:35:17.371 24280 24280 I libpersona: KNOX_SDCARD not a persona
03-24 15:35:17.371 24280 24280 W SELinux : Function: selinux_compare_spd_ram, index[1], priority [2], priority version is VE=SEPF_SECMOBILE_6.0.1_0003
03-24 15:35:17.371 24280 24280 E Zygote  : accessInfo : 0
03-24 15:35:17.371 24280 24280 W SELinux : SELinux: seapp_context_lookup: seinfo=platform, level=s0:c512,c768, pkgname=com.sec.android.app.soundalive 
03-24 15:35:17.381  3670  3798 D StatusBarManagerService: manageDisableList userId=0 what=0x0 pkg=Window{5830e4e u0 d0 com.example.myapplication/com.example.myapplication.MainActivity}
03-24 15:35:17.381  4103  4103 D PhoneStatusBar: setSystemUiVisibility vis=8600 mask=ffffffff oldVal=400 newVal=8600 diff=8200
03-24 15:35:17.401  3670  4550 V BroadcastQueue: [background] Process cur broadcast BroadcastRecord{ae836b5 u0 android.intent.action.PACKAGE_RESTARTED qIdx=4}, state= (APP_RECEIVE) DELIVERED for app ProcessRecord{1f5876d 24280:com.sec.android.app.soundalive/u0a62}
03-24 15:35:17.401  3670  3884 W WindowManager: Exception when adding starting window
03-24 15:35:17.401  3670  3884 W WindowManager: java.lang.IllegalArgumentException: View=com.android.internal.policy.PhoneWindow$DecorView{b1fd597 V.E...... R.....ID 0,0-0,0} not attached to window manager
03-24 15:35:17.401  3670  3884 W WindowManager: 	at android.view.WindowManagerGlobal.findViewLocked(WindowManagerGlobal.java:451)
03-24 15:35:17.401  3670  3884 W WindowManager: 	at android.view.WindowManagerGlobal.removeView(WindowManagerGlobal.java:377)
03-24 15:35:17.401  3670  3884 W WindowManager: 	at android.view.WindowManagerImpl.removeViewImmediate(WindowManagerImpl.java:122)
03-24 15:35:17.401  3670  3884 W WindowManager: 	at com.android.server.policy.PhoneWindowManager.addStartingWindow(PhoneWindowManager.java:4452)
03-24 15:35:17.401  3670  3884 W WindowManager: 	at com.android.server.wm.WindowManagerService$H.handleMessage(WindowManagerService.java:13508)
03-24 15:35:17.401  3670  3884 W WindowManager: 	at android.os.Handler.dispatchMessage(Handler.java:102)
03-24 15:35:17.401  3670  3884 W WindowManager: 	at android.os.Looper.loop(Looper.java:158)
03-24 15:35:17.401  3670  3884 W WindowManager: 	at android.os.HandlerThread.run(HandlerThread.java:61)
03-24 15:35:17.401  3670  3884 W WindowManager: 	at com.android.server.ServiceThread.run(ServiceThread.java:46)
03-24 15:35:17.401  3670  3884 D PointerIcon: setMouseIconStyle1 pointerType: 1001 iconType:101 flag:0 pid:3670 uid:1000
03-24 15:35:17.401  3670  3884 D PointerIcon: setMouseCustomIcon IconType is same.101
03-24 15:35:17.401 24280 24280 W ResourcesManager: getTopLevelResources: /system/priv-app/SoundAlive_31_M/SoundAlive_31_M.apk / 1.0 running in com.sec.android.app.soundalive rsrc of package com.sec.android.app.soundalive
03-24 15:35:17.401  3670  4016 I InjectionManagerService -AppFeature: getCoreFeaturePkgList :[]
03-24 15:35:17.401 24280 24280 I InjectionManager: Inside getClassLibPath + mLibMap{0=, 1=}
03-24 15:35:17.401  4383  4383 D ResourcesManager: For user 0 new overlays fetched Null
03-24 15:35:17.411  4383  4383 W ResourcesManager: getTopLevelResources: /data/app/com.google.android.gms-1/base.apk / 1.0 running in com.android.nfc rsrc of package com.google.android.gms
03-24 15:35:17.411 24280 24280 D ResourcesManager: For user 0 new overlays fetched Null
03-24 15:35:17.411 24280 24280 I InjectionManager: Inside getClassLibPath caller 
03-24 15:35:17.411  4383  4383 D ApduServiceInfo: seId: 0
03-24 15:35:17.411  4383  4383 I PersonaManager: mKnoxInfo is empty
03-24 15:35:17.421  3670  6805 D ConnectivityService: returning getNetworkInfo for network type 1 : [type: WIFI[] - WIFI, state: CONNECTED/CONNECTED, reason: (unspecified), extra: "DataStructures", roaming: false, failover: false, isAvailable: true]
03-24 15:35:17.421 24280 24280 W System  : ClassLoader referenced unknown path: /system/priv-app/SoundAlive_31_M/lib/arm64
03-24 15:35:17.421 24280 24280 D InjectionManager: InjectionManager
03-24 15:35:17.421 24280 24280 D InjectionManager: fillFeatureStoreMap com.sec.android.app.soundalive
03-24 15:35:17.421 24280 24280 I InjectionManager: Constructor com.sec.android.app.soundalive, Feature store :{}
03-24 15:35:17.421 24280 24280 I InjectionManager: featureStore :{}
03-24 15:35:17.421 24267 24267 W ResourcesManager: getTopLevelResources: /data/app/com.yandex.browser-1/base.apk / 1.0 running in com.yandex.browser rsrc of package com.yandex.browser
03-24 15:35:17.431  3670  4143 I InjectionManagerService -AppFeature: getCoreFeaturePkgList :[]
03-24 15:35:17.431 24267 24267 I InjectionManager: Inside getClassLibPath + mLibMap{0=, 1=}
03-24 15:35:17.431 24280 24280 D SAControlPanelReceiver: *****onReceive()*****
03-24 15:35:17.431 24280 24280 D SAControlPanelReceiver: Action: android.intent.action.PACKAGE_RESTARTED
03-24 15:35:17.431  3670  6805 D ConnectivityService: returning getNetworkInfo for network type 1 : [type: WIFI[] - WIFI, state: CONNECTED/CONNECTED, reason: (unspecified), extra: "DataStructures", roaming: false, failover: false, isAvailable: true]
03-24 15:35:17.431  3670  4016 V BroadcastQueue: [background] Process cur broadcast BroadcastRecord{ae836b5 u0 android.intent.action.PACKAGE_RESTARTED qIdx=4}, state= (APP_RECEIVE) DELIVERED for app ProcessRecord{2f61a94 7226:com.sec.android.daemonapp/u0a145}
03-24 15:35:17.441  3670  6805 D ConnectivityService: returning getNetworkInfo for network type 1 : [type: WIFI[] - WIFI, state: CONNECTED/CONNECTED, reason: (unspecified), extra: "DataStructures", roaming: false, failover: false, isAvailable: true]
03-24 15:35:17.441  3670  6805 D GameManagerService: identifyGamePackage. com.example.myapplication
03-24 15:35:17.451  7226  7226 D [WeatherWidget(1236)]  ClearDataReceiver: {[2B4A2AC40B5A9FD87A06E8EADDAC90140D0735C4111B00ED5A4BFDD943296A603CF64C72E7F3E6D25FF9ACC8831CFEFA3E34FF6EAD00357EC7386503FB76F1C38DE7DC83CE464FCACDBF41BB39AB7B05023F96E9DCA7279B4E8058678F36E23C157845DF34E1F36630444A53E4EA5934]}
03-24 15:35:17.451 24267 24267 D ResourcesManager: For user 0 new overlays fetched Null
03-24 15:35:17.451 24267 24267 I InjectionManager: Inside getClassLibPath caller 
03-24 15:35:17.501 24267 24267 I MultiDex: Installing application
03-24 15:35:17.501 24267 24267 I MultiDex: VM with version 2.1.0 has multidex support
03-24 15:35:17.501 24267 24267 I MultiDex: VM has multidex support, MultiDex support library is disabled.
03-24 15:35:17.501 24267 24267 I cr_base_multidex: Completed multidex installation.
03-24 15:35:17.621 24267 24267 W System.err: remove failed: ENOENT (No such file or directory) : /data/user/0/com.yandex.browser/files/recovery_cancelled
03-24 15:35:17.641 24267 24308 I AppMetrica: [com.yandex.browser] : [d01c0d44-xxxx-xxxx-xxxx-xxxxxxxx00ad] Initializing of Metrica, Release type, Version 3.4.0, API Level 72, Dated 05.11.2018.
03-24 15:35:17.701 24267 24308 I art     : Rejecting re-init on previously-failed class java.lang.Class<com.yandex.metrica.impl.ob.lb>
03-24 15:35:17.701 24267 24308 I art     : Rejecting re-init on previously-failed class java.lang.Class<com.yandex.metrica.impl.ob.lb>
03-24 15:35:17.701  3670  4143 I PersonaManager: mKnoxInfo is empty
03-24 15:35:17.721 24320 24320 E Zygote  : v2
03-24 15:35:17.721 24320 24320 I libpersona: KNOX_SDCARD checking this for 10175
03-24 15:35:17.721 24320 24320 I libpersona: KNOX_SDCARD not a persona
03-24 15:35:17.721  3670  4143 I ActivityManager: Start proc 24320:com.yandex.browser:Metrica/u0a175 for service com.yandex.browser/com.yandex.metrica.MetricaService
03-24 15:35:17.721 24320 24320 W SELinux : Function: selinux_compare_spd_ram, index[1], priority [2], priority version is VE=SEPF_SECMOBILE_6.0.1_0003
03-24 15:35:17.721 24320 24320 E Zygote  : accessInfo : 0
03-24 15:35:17.721 24320 24320 W SELinux : SELinux: seapp_context_lookup: seinfo=default, level=s0:c512,c768, pkgname=com.yandex.browser:Metrica 
03-24 15:35:17.741 24320 24320 W ResourcesManager: getTopLevelResources: /data/app/com.yandex.browser-1/base.apk / 1.0 running in com.yandex.browser rsrc of package com.yandex.browser
03-24 15:35:17.741  3670  4452 I InjectionManagerService -AppFeature: getCoreFeaturePkgList :[]
03-24 15:35:17.741 24320 24320 I InjectionManager: Inside getClassLibPath + mLibMap{0=, 1=}
03-24 15:35:17.751 24320 24320 D ResourcesManager: For user 0 new overlays fetched Null
03-24 15:35:17.751 24320 24320 I InjectionManager: Inside getClassLibPath caller 
03-24 15:35:17.761 24320 24320 I MultiDex: Installing application
03-24 15:35:17.761 24320 24320 I MultiDex: VM with version 2.1.0 has multidex support
03-24 15:35:17.761 24320 24320 I MultiDex: VM has multidex support, MultiDex support library is disabled.
03-24 15:35:17.761 24320 24320 I cr_base_multidex: Completed multidex installation.
03-24 15:35:17.791 24320 24320 D InjectionManager: InjectionManager
03-24 15:35:17.791 24320 24320 D InjectionManager: fillFeatureStoreMap com.yandex.browser
03-24 15:35:17.791 24320 24320 I InjectionManager: Constructor com.yandex.browser, Feature store :{}
03-24 15:35:17.791 24320 24320 I InjectionManager: featureStore :{}
03-24 15:35:17.811  3670  3698 D PackageManager: setEnabledSetting : userId = 0 packageName = com.yandex.browser cmp = com.yandex.browser.InstallReceiver newState = 0 callingPackage = 10175
03-24 15:35:17.851 24267 24267 I [SL:BaseSearchLibImpl]: SL version: 536
03-24 15:35:17.861 24267 24267 D InjectionManager: InjectionManager
03-24 15:35:17.861 24267 24267 D InjectionManager: fillFeatureStoreMap com.yandex.browser
03-24 15:35:17.861 24267 24267 I InjectionManager: Constructor com.yandex.browser, Feature store :{}
03-24 15:35:17.861 24267 24267 I InjectionManager: featureStore :{}
03-24 15:35:17.871 24267 24345 W ResourceType: No package identifier when getting value for resource number 0x00000000
03-24 15:35:17.891  3670  4407 I PersonaManager: mKnoxInfo is empty
03-24 15:35:17.891 24320 24349 I AppMetrica: [com.yandex.browser] : [] Initializing of Metrica, Release type, Version 3.4.0, API Level 72, Dated 05.11.2018.
03-24 15:35:17.901  3670  4946 I PersonaManager: mKnoxInfo is empty
03-24 15:35:17.911  3670  4552 V AlarmManager:  remove PendingIntent] PendingIntent{5c720a1: PendingIntentRecord{f4022c6 com.yandex.browser startService}}
03-24 15:35:17.921  3670  4524 I PersonaManager: mKnoxInfo is empty
03-24 15:35:17.921  3670  4421 D PackageManager: setEnabledSetting : userId = 0 packageName = com.yandex.browser cmp = ru.yandex.searchlib.notification.BarMarkerService newState = 2 callingPackage = 10175
03-24 15:35:17.931  3670  3697 D PackageManager: setEnabledSetting : userId = 0 packageName = com.yandex.browser cmp = ru.yandex.searchlib.notification.NotificationConnectivityBroadcastReceiver newState = 2 callingPackage = 10175
03-24 15:35:17.951  3670  3931 I PersonaManager: mKnoxInfo is empty
03-24 15:35:17.961  3670  4454 I PersonaManager: mKnoxInfo is empty
03-24 15:35:17.961  3670  3697 I PersonaManager: mKnoxInfo is empty
03-24 15:35:17.961  3670  4143 I PersonaManager: mKnoxInfo is empty
03-24 15:35:17.971  3670  4947 V AlarmManager:  remove PendingIntent] PendingIntent{f8ba552: PendingIntentRecord{f4022c6 com.yandex.browser startService}}
03-24 15:35:17.971  3670  3697 I PersonaManager: mKnoxInfo is empty
03-24 15:35:17.981  3670  3698 D PackageManager: setEnabledSetting : userId = 0 packageName = com.yandex.browser cmp = ru.yandex.searchlib.notification.BarMarkerService newState = 2 callingPackage = 10175
03-24 15:35:17.981  3670  4946 D PackageManager: setEnabledSetting : userId = 0 packageName = com.yandex.browser cmp = com.yandex.browser.publicwifi.WifiStateMonitorReceiver newState = 1 callingPackage = 10175
03-24 15:35:17.991  3670  4407 D PackageManager: setEnabledSetting : userId = 0 packageName = com.yandex.browser cmp = ru.yandex.searchlib.notification.NotificationConnectivityBroadcastReceiver newState = 2 callingPackage = 10175
03-24 15:35:18.001  3670  4409 I PersonaManager: mKnoxInfo is empty
03-24 15:35:18.011 24293 24293 I FIPS_bssl: FIPS approved mode (1) | 24293 | app_process
03-24 15:35:18.011 24293 24293 D AndroidRuntime: >>>>>> START com.android.internal.os.RuntimeInit uid 2000 <<<<<<
03-24 15:35:18.021 24293 24293 D AndroidRuntime: CheckJNI is OFF
03-24 15:35:18.021 24293 24293 D AndroidRuntime: readGMSProperty: start
03-24 15:35:18.021 24293 24293 D AndroidRuntime: readGMSProperty: already setted!!
03-24 15:35:18.021 24293 24293 D AndroidRuntime: propertySet: couldn't set property (it is from app)
03-24 15:35:18.021 24293 24293 D AndroidRuntime: readGMSProperty: could not set the property(default)!!
03-24 15:35:18.021 24293 24293 D AndroidRuntime: readGMSProperty: end
03-24 15:35:18.021 24293 24293 D AndroidRuntime: addProductProperty: start
03-24 15:35:18.041 24293 24293 D ICU     : No timezone override file found: /data/misc/zoneinfo/current/icu/icu_tzdata.dat
03-24 15:35:18.071 24293 24293 I Radio-JNI: register_android_hardware_Radio DONE
03-24 15:35:18.081 24293 24293 E AffinityControl: AffinityControl: registerfunction enter
03-24 15:35:18.091 24293 24293 D AndroidRuntime: Calling main entry com.android.commands.monkey.Monkey
03-24 15:35:18.131  3670  3796 W BroadcastQueue: Skipping deliver [background] BroadcastRecord{e99c74c u-1 android.net.conn.CONNECTIVITY_CHANGE qIdx=4}, state= (IDLE) to ReceiverList{8ea8caa 24293 (unknown name)/2000/u-1 remote:19ac49e}: process crashing
03-24 15:35:18.141 24293 24293 I Timeline: Timeline: Activity_launch_request id:com.microsoft.emmx time:72929073
03-24 15:35:18.141  3670  4407 I PersonaManager: mKnoxInfo is empty
03-24 15:35:18.151  3670  4407 D GameManagerService: identifyGamePackage. com.microsoft.emmx
03-24 15:35:18.151  3670  4407 D MultiWindowPolicy: Gamemode - return 0,  when calling  identifyForegroundApp(com.microsoft.emmx)
03-24 15:35:18.151  3670  4407 D CustomFrequencyManagerService: releaseDVFSLockLocked : Getting Lock type frm List : DVFS_MIN_LIMIT  frequency : 1800000  uid : 1000  pid : 3670  tag : ACTIVITY_RESUME_BOOSTER@3
03-24 15:35:18.151  3670  4407 D CustomFrequencyManagerService: acquireDVFSLockLocked : type : DVFS_MIN_LIMIT  frequency : 1800000  uid : 1000  pid : 3670  pkgName : ACTIVITY_RESUME_BOOSTER@3
03-24 15:35:18.151  3670  4407 D ActivityManager: mDVFSHelper.acquire()
03-24 15:35:18.151  3670  4407 V WindowManager: addAppToken: AppWindowToken{3287411 token=Token{c420c38 ActivityRecord{835e09b u0 com.microsoft.emmx/com.microsoft.ruby.Main t199}}} to stack=1 task=199 at 0
03-24 15:35:18.151 24320 24391 I System.out: (HTTPLog)-Static: isSBSettingEnabled false
03-24 15:35:18.161 24320 24391 I System.out: (HTTPLog)-Static: isSBSettingEnabled false
03-24 15:35:18.161  3037  3741 D EnterpriseController: netId is 0
03-24 15:35:18.161  3037  3741 D Netd    : getNetworkForDns: using netid 510 for uid 10175
03-24 15:35:18.221  3670  4407 D InputDispatcher: Focused application set to: xxxx
03-24 15:35:18.221  3670  4407 D InputDispatcher: Focus left window: 15683
03-24 15:35:18.221  3670  4946 D SettingsProvider: isChangeAllowed() : name = user_rotation
03-24 15:35:18.221  3670  4946 D SettingsProvider: isChangeAllowed() : name = accelerometer_rotation
03-24 15:35:18.221  3670  3884 D PointerIcon: setMouseIconStyle1 pointerType: 1001 iconType:101 flag:0 pid:3670 uid:1000
03-24 15:35:18.221  3670  3884 D PointerIcon: setMouseCustomIcon IconType is same.101
03-24 15:35:18.221  3670  4946 V WindowOrientationListener: OrientationSensorJudge.getProposedRotation, Rotation: -1
03-24 15:35:18.221  3670  4946 V WindowManager: rotationForOrientationLw(orient=7, last=0); user=0  sensorRotation=-1 mLidState=-1 mDockMode=0 mHdmiPlugged=false mMobileKeyboardEnabled=false displayId=0
03-24 15:35:18.221  3670  4946 V WindowOrientationListener: OrientationSensorJudge.getProposedRotation, Rotation: -1
03-24 15:35:18.221  3670  4452 D SettingsProvider: isChangeAllowed() : name = accelerometer_rotation
03-24 15:35:18.221  3670  4452 V WindowOrientationListener: OrientationSensorJudge.getProposedRotation, Rotation: -1
03-24 15:35:18.221  3670  4452 V WindowManager: rotationForOrientationLw(orient=7, last=0); user=0  sensorRotation=-1 mLidState=-1 mDockMode=0 mHdmiPlugged=false mMobileKeyboardEnabled=false displayId=0
03-24 15:35:18.221  3670  4452 V WindowOrientationListener: OrientationSensorJudge.getProposedRotation, Rotation: -1
03-24 15:35:18.221  3670  3798 V WindowOrientationListener: OrientationSensorJudge.getProposedRotation, Rotation: -1
03-24 15:35:18.221  3670  3798 V WindowManager: rotationForOrientationLw(orient=7, last=0); user=0  sensorRotation=-1 mLidState=-1 mDockMode=0 mHdmiPlugged=false mMobileKeyboardEnabled=false displayId=0
03-24 15:35:18.221  3670  3798 V WindowOrientationListener: OrientationSensorJudge.getProposedRotation, Rotation: -1
03-24 15:35:18.231  3670  3798 V WindowOrientationListener: OrientationSensorJudge.getProposedRotation, Rotation: -1
03-24 15:35:18.231  3670  3798 V WindowManager: rotationForOrientationLw(orient=7, last=0); user=0  sensorRotation=-1 mLidState=-1 mDockMode=0 mHdmiPlugged=false mMobileKeyboardEnabled=false displayId=0
03-24 15:35:18.231  3670  3798 V WindowOrientationListener: OrientationSensorJudge.getProposedRotation, Rotation: -1
03-24 15:35:18.231 24399 24399 E Zygote  : v2
03-24 15:35:18.231 24399 24399 I libpersona: KNOX_SDCARD checking this for 1000
03-24 15:35:18.231 24399 24399 I libpersona: KNOX_SDCARD not a persona
03-24 15:35:18.241 24399 24399 W SELinux : Function: selinux_compare_spd_ram, index[1], priority [2], priority version is VE=SEPF_SECMOBILE_6.0.1_0003
03-24 15:35:18.241 24399 24399 E Zygote  : accessInfo : 0
03-24 15:35:18.241  3670  6808 I ActivityManager: Start proc 24399:com.samsung.android.sm.provider/1000 for content provider com.samsung.android.sm.provider/com.samsung.android.sm.database.lowpowercontext.LowpowerContextProvider
03-24 15:35:18.241 24293 24293 I art     : System.exit called, status: 0
03-24 15:35:18.241 24293 24293 I AndroidRuntime: VM exiting with result code 0.
03-24 15:35:18.271 24399 24399 W ResourcesManager: getTopLevelResources: /system/priv-app/SmartManagerProvider/SmartManagerProvider.apk / 1.0 running in com.samsung.android.sm.provider rsrc of package com.samsung.android.sm.provider
03-24 15:35:18.271  3670  4550 I InjectionManagerService -AppFeature: getCoreFeaturePkgList :[]
03-24 15:35:18.271 24399 24399 I InjectionManager: Inside getClassLibPath + mLibMap{0=, 1=}
03-24 15:35:18.271 24399 24399 D ResourcesManager: For user 0 new overlays fetched Null
03-24 15:35:18.271 24399 24399 I InjectionManager: Inside getClassLibPath caller 
03-24 15:35:18.281 24399 24399 W System  : ClassLoader referenced unknown path: /system/priv-app/SmartManagerProvider/lib/arm64
03-24 15:35:18.301 24399 24399 D InjectionManager: InjectionManager
03-24 15:35:18.301 24399 24399 D InjectionManager: fillFeatureStoreMap com.samsung.android.sm.provider
03-24 15:35:18.311 24399 24399 I InjectionManager: Constructor com.samsung.android.sm.provider, Feature store :{}
03-24 15:35:18.311 24399 24399 I InjectionManager: featureStore :{}
03-24 15:35:18.341  3670  3682 I art     : Background partial concurrent mark sweep GC freed 45828(3MB) AllocSpace objects, 88(1760KB) LOS objects, 26% free, 43MB/59MB, paused 1.580ms total 175.808ms
03-24 15:35:18.721  3670  3796 W ActivityManager: Activity pause timeout for ActivityRecord{fdb53d9 u0 com.example.myapplication/.MainActivity t170}
03-24 15:35:18.721 24417 24417 E Zygote  : v2
03-24 15:35:18.721 24417 24417 I libpersona: KNOX_SDCARD checking this for 10098
03-24 15:35:18.721 24417 24417 I libpersona: KNOX_SDCARD not a persona
03-24 15:35:18.721 24417 24417 W SELinux : Function: selinux_compare_spd_ram, index[1], priority [2], priority version is VE=SEPF_SECMOBILE_6.0.1_0003
03-24 15:35:18.731 24417 24417 E Zygote  : accessInfo : 0
03-24 15:35:18.731 24417 24417 W SELinux : SELinux: seapp_context_lookup: seinfo=default, level=s0:c512,c768, pkgname=com.microsoft.emmx 
03-24 15:35:18.731  3670  3796 I ActivityManager: Start proc 24417:com.microsoft.emmx/u0a98 for activity com.microsoft.emmx/com.microsoft.ruby.Main
03-24 15:35:18.731  3670  4019 D NetworkPolicy: isUidForegroundLocked: 10098, mScreenOn: true, uidstate: -1, mProxSensorScreenOff: false
03-24 15:35:18.741  3670  4452 V WindowOrientationListener: setCurrentAppOrientation :-1
03-24 15:35:18.741  3670  4452 V WindowOrientationListener: OrientationSensorJudge.getProposedRotation, Rotation: -1
03-24 15:35:18.741  3670  4452 V WindowManager: rotationForOrientationLw(orient=-1, last=0); user=0  sensorRotation=-1 mLidState=-1 mDockMode=0 mHdmiPlugged=false mMobileKeyboardEnabled=false displayId=0
03-24 15:35:18.741  3670  4452 V WindowOrientationListener: OrientationSensorJudge.getProposedRotation, Rotation: -1
03-24 15:35:18.741  3670  4452 D ActivityManager:  Launching com.microsoft.emmx, updated priority
03-24 15:35:18.741  3670  3670 D GameManagerService: NotifyRunnable. pkg: com.microsoft.emmx, type: 4, isMinimized: false, isTunableApp: false
03-24 15:35:18.741  3670  3796 V MARsPolicyManager: updatePackagesScore PackageInfo name -- com.microsoft.emmx
03-24 15:35:18.751  3670  6805 D GameManagerService: identifyGamePackage. com.microsoft.emmx
03-24 15:35:18.751  3670  6805 D GameManagerService: identifyGamePackage. com.microsoft.emmx
03-24 15:35:18.751 24417 24417 W ResourcesManager: getTopLevelResources: /data/app/com.microsoft.emmx-1/base.apk / 1.0 running in com.microsoft.emmx rsrc of package com.microsoft.emmx
03-24 15:35:18.751  3670  4947 I InjectionManagerService -AppFeature: getCoreFeaturePkgList :[]
03-24 15:35:18.751 24417 24417 I InjectionManager: Inside getClassLibPath + mLibMap{0=, 1=}
03-24 15:35:18.751  3670  6805 D ConnectivityService: returning getNetworkInfo for network type 1 : [type: WIFI[] - WIFI, state: CONNECTED/CONNECTED, reason: (unspecified), extra: "DataStructures", roaming: false, failover: false, isAvailable: true]
03-24 15:35:18.761  3670  6805 D ConnectivityService: returning getNetworkInfo for network type 1 : [type: WIFI[] - WIFI, state: CONNECTED/CONNECTED, reason: (unspecified), extra: "DataStructures", roaming: false, failover: false, isAvailable: true]
03-24 15:35:18.761  3670  6805 D GameManagerService: identifyGamePackage. com.microsoft.emmx
03-24 15:35:18.771 24417 24417 D ResourcesManager: For user 0 new overlays fetched Null
03-24 15:35:18.771 24417 24417 I InjectionManager: Inside getClassLibPath caller 
03-24 15:35:18.841 24417 24417 I MAMInfo : MAMInfo initialized. Debug=false, UseTestAgent=false, ManagedDialogDisabled=false, DeprecationDialogDisabled=false, PolicyRequired=false, MultiIdentityEnabled=true, FullBackupContent=true, UseDefaultEnrollment=false, ExceptionOnInit=false, Debuggable=false
03-24 15:35:18.841  3670  4452 E PackageManager: Failed to generatePackageInfoFromSettingsLPw, There isn't package setting object for 
03-24 15:35:18.841  3670  4524 E PackageManager: Failed to generatePackageInfoFromSettingsLPw, There isn't package setting object for 
03-24 15:35:18.851 24417 24417 I MultiDex: VM with version 2.1.0 has multidex support
03-24 15:35:18.851 24417 24417 I MultiDex: install
03-24 15:35:18.851 24417 24417 I MultiDex: VM has multidex support, MultiDex support library is disabled.
03-24 15:35:18.851 24417 24417 I cr_base_multidex: Completed multidex installation.
03-24 15:35:18.941 24417 24417 I FirebaseInitProvider: FirebaseApp initialization successful
03-24 15:35:18.961 24417 24417 W ResourcesManager: getTopLevelResources: /data/app/com.microsoft.emmx-1/base.apk / 1.0 running in com.microsoft.emmx rsrc of package com.microsoft.emmx
03-24 15:35:18.991 24417 24417 W ResourcesManager: getTopLevelResources: /data/app/com.microsoft.emmx-1/base.apk / 1.0 running in com.microsoft.emmx rsrc of package com.microsoft.emmx
03-24 15:35:18.991  3670  4947 D VoldConnector: SND -> {50 volume mkdirs /storage/emulated/0/Android/data/com.microsoft.emmx/cache/}
03-24 15:35:19.001  2999  3238 D VoldCmdListener: volume mkdirs /storage/emulated/0/Android/data/com.microsoft.emmx/cache/
03-24 15:35:19.001  2999  3238 D VoldCmdListener: CommandListener::runCommand() cmd:mkdirs
03-24 15:35:19.001  3670  4000 D VoldConnector: RCV <- {200 50 Command succeeded}
03-24 15:35:19.021 24417 24438 I cr_MMXManager: MMX init start: 1553423719030
03-24 15:35:19.031 24417 24439 W cr_DualIdentityManager: No need to do AAD profile migration!
03-24 15:35:19.031 24417 24439 W cr_DualIdentityManager: Finished performing dual identity migration.
03-24 15:35:19.031 24417 24439 W cr_DualIdentityManager: Finished performing dual identity decryption migration.
03-24 15:35:19.041 24417 24441 W System.err: remove failed: ENOENT (No such file or directory) : /data/user/0/com.microsoft.emmx/shared_prefs/com.microsoft.emmx_preferences.xml.bak
03-24 15:35:19.071 24417 24438 I Reporting: Builder constructor
03-24 15:35:19.071 24417 24438 I Reporting: Initialize
03-24 15:35:19.071 24417 24447 I System.out: (HTTPLog)-Static: isSBSettingEnabled false
03-24 15:35:19.071 24417 24447 I System.out: (HTTPLog)-Static: isSBSettingEnabled false
03-24 15:35:19.071  3037  3741 D EnterpriseController: netId is 0
03-24 15:35:19.071  3037  3741 D Netd    : getNetworkForDns: using netid 510 for uid 10098
03-24 15:35:19.071 24417 24438 I EventBase: constructor
03-24 15:35:19.071 24417 24438 I SystemInfoCollector: getSystemInfo
03-24 15:35:19.081 24417 24417 E Adjust  : Adjust not initialized correctly
03-24 15:35:19.081 24320 24391 I System.out: (HTTPLog)-Static: isSBSettingEnabled false
03-24 15:35:19.081 24320 24391 I System.out: (HTTPLog)-Static: isSBSettingEnabled false
03-24 15:35:19.081 24417 24441 W System.err: remove failed: ENOENT (No such file or directory) : /data/user/0/com.microsoft.emmx/shared_prefs/mmxsdk.xml.bak
03-24 15:35:19.081 24417 24456 I SharedStateManager: packageName: com.microsoft.emmx, instanceId: 2845be17-9ccf-4996-a73c-7e2e5e0bbdd2, dedupeId: 4d7904bd-7f6e-4fba-8a2f-2bb207d1be12, dedupeRank: 1553423719091
03-24 15:35:19.081 24417 24441 W System.err: remove failed: ENOENT (No such file or directory) : /data/user/0/com.microsoft.emmx/shared_prefs/MMXSharedState.xml.bak
03-24 15:35:19.091 24417 24441 W System.err: remove failed: ENOENT (No such file or directory) : /data/user/0/com.microsoft.emmx/shared_prefs/MMXDeduplicationState.xml.bak
03-24 15:35:19.091 24417 24438 I LifeCycleActivityEvent: LifeCycleApplicationEvent constructor
03-24 15:35:19.091 24417 24441 W System.err: remove failed: ENOENT (No such file or directory) : /data/user/0/com.microsoft.emmx/shared_prefs/AppSettings.xml.bak
03-24 15:35:19.091  3670  3796 V BroadcastQueue: [background] Process cur broadcast BroadcastRecord{a07eb77 u0 com.microsoft.mmx.reporting.ACTION_JOIN qIdx=4}, state= (APP_RECEIVE) DELIVERED for app ProcessRecord{427b3e4 24417:com.microsoft.emmx/u0a98}
03-24 15:35:19.111 24417 24438 I Reporting: onCreate
03-24 15:35:19.111 24417 24438 W Adjust  : PRODUCTION: Adjust is running in Production mode. Use this setting only for the build that you want to publish. Set the environment to `sandbox` if you want to test your app!
03-24 15:35:19.121 24417 24450 I MMXLogger: MMX Logger successfully initiated.
03-24 15:35:19.121 24417 24438 I ReferralClient: ReferralClient-initialize: Adjust is initialized by sdk.
03-24 15:35:19.121 24417 24438 I cr_MMXManager: MMX init end: 1553423719131
03-24 15:35:19.121 24417 24441 W System.err: remove failed: ENOENT (No such file or directory) : /data/user/0/com.microsoft.emmx/shared_prefs/MMXFeedback.xml.bak
03-24 15:35:19.131 24417 24470 E ActivityThread: Failed to find provider info for com.facebook.katana.provider.AttributionIdProvider
03-24 15:35:19.201 24417 24417 W ResourcesManager: getTopLevelResources: /data/app/com.microsoft.emmx-1/base.apk / 1.0 running in com.microsoft.emmx rsrc of package com.microsoft.emmx
03-24 15:35:19.211 24417 24441 W System.err: remove failed: ENOENT (No such file or directory) : /data/user/0/com.microsoft.emmx/shared_prefs/com.appboy.override.configuration.cache.xml.bak
03-24 15:35:19.231 24417 24477 W System.err: remove failed: ENOENT (No such file or directory) : /data/user/0/com.microsoft.emmx/cache/appboy.imageloader.lru.cache/journal.bkp
03-24 15:35:19.231 24417 24417 I cr_XU   : FeatureSingle: BrazeInitialized {brazeId=35e2c5cc-b466-46fa-84f8-da1c91eafcce}
03-24 15:35:19.231 24417 24417 D InjectionManager: InjectionManager
03-24 15:35:19.231 24417 24417 D InjectionManager: fillFeatureStoreMap com.microsoft.emmx
03-24 15:35:19.231 24417 24441 W System.err: remove failed: ENOENT (No such file or directory) : /data/user/0/com.microsoft.emmx/shared_prefs/com.appboy.device.xml.bak
03-24 15:35:19.231 24417 24417 I InjectionManager: Constructor com.microsoft.emmx, Feature store :{}
03-24 15:35:19.231 24417 24417 I InjectionManager: featureStore :{}
03-24 15:35:19.241 24417 24417 W ResourcesManager: getTopLevelResources: /data/app/com.microsoft.emmx-1/base.apk / 1.0 running in com.microsoft.emmx rsrc of package com.microsoft.emmx
03-24 15:35:19.241 24417 24489 I EMMXGcmController: initializeGcm
03-24 15:35:19.251 24417 24441 W System.err: remove failed: ENOENT (No such file or directory) : /data/user/0/com.microsoft.emmx/shared_prefs/com.appboy.support.stringutils.cachefilesuffix.xml.bak
03-24 15:35:19.251 24417 24489 I EMMXGcmController: fetchToken
03-24 15:35:19.251 24417 24489 W System.err: remove failed: ENOENT (No such file or directory) : /data/user/0/com.microsoft.emmx/shared_prefs/org.chromium.chrome.browser.services.gcm.emmxchannel.xml.bak
03-24 15:35:19.261  3670  4454 V AlarmManager:  remove PendingIntent] PendingIntent{cfad26f: PendingIntentRecord{3c39b7c com.microsoft.emmx broadcastIntent}}
03-24 15:35:19.261 24417 24441 W System.err: remove failed: ENOENT (No such file or directory) : /data/user/0/com.microsoft.emmx/shared_prefs/com.appboy.storage.feedstorageprovider.d41d8cd98f00b204e9800998ecf8427e.xml.bak
03-24 15:35:19.291 24417 24511 V MediaPlayer: decode(30, 8764500, 5795)
03-24 15:35:19.291 24417 24441 W System.err: remove failed: ENOENT (No such file or directory) : /data/user/0/com.microsoft.emmx/shared_prefs/com.appboy.storage.user_cache.v3.37a6259cc0c1dae299a7866489dff0bd.xml.bak
03-24 15:35:19.301  3670  4407 I PersonaManager: mKnoxInfo is empty
03-24 15:35:19.301 24417 24417 I EnableLifecycleTask: onActivityCreated
03-24 15:35:19.301  3670  4407 D PackageManager: findPreferredActivity: No PreferredActivities set
03-24 15:35:19.301  3670  4407 I PackageManager: No preferred activity: intent should not be shown
03-24 15:35:19.301 24417 24489 I com.microsoft.rewards.mission.RewardsMissionManager: Mission Status: MISSION_SET_DEFAULT_BROWSER: 0
03-24 15:35:19.301 24417 24489 I com.microsoft.rewards.mission.RewardsMissionManager: Mission Status: MISSION_TURN_ON_ADD_BLOCKER: 0
03-24 15:35:19.301 24417 24489 I com.microsoft.rewards.mission.RewardsMissionManager: Mission Status: MISSION_3DAYS_STREAK: 0
03-24 15:35:19.301 24417 24489 I com.microsoft.rewards.mission.RewardsMissionManager: Mission Status: MISSION_PASSWORD_SYNC: 0
03-24 15:35:19.301 24417 24489 I com.microsoft.rewards.mission.RewardsMissionManager: Mission Status: MISSION_INSTALL_EDGE: 0
03-24 15:35:19.301 24417 24489 I com.microsoft.rewards.mission.RewardsMissionManager: Mission Status: MISSION_GET_WHATS_NEW: 0
03-24 15:35:19.311 24417 24515 I System.out: (HTTPLog)-Static: isSBSettingEnabled false
03-24 15:35:19.311 24417 24515 I System.out: (HTTPLog)-Static: isSBSettingEnabled false
03-24 15:35:19.311  3037  3741 D EnterpriseController: netId is 0
03-24 15:35:19.311  3037  3741 D Netd    : getNetworkForDns: using netid 510 for uid 10098
03-24 15:35:19.311 24417 24417 I cr_InstantAppsHandler: Not handling with Instant Apps (other)
03-24 15:35:19.321 24417 24417 I Timeline: Timeline: Activity_launch_request id:com.microsoft.emmx time:72930250
03-24 15:35:19.321  3047  4578 D OggExtractor:  correct time not found. Let's use approximate value
03-24 15:35:19.321  3047  4578 I OggExtractor: OggSource::OggSource() mExtractor ref count = 4
03-24 15:35:19.321  3670  4421 I PersonaManager: mKnoxInfo is empty
03-24 15:35:19.321  3047  4578 I OMXCodec: Attempting to allocate OMX node 'OMX.google.vorbis.decoder'
03-24 15:35:19.331 24519 24519 E Zygote  : v2
03-24 15:35:19.331 24519 24519 I libpersona: KNOX_SDCARD checking this for 10089
03-24 15:35:19.331 24519 24519 I libpersona: KNOX_SDCARD not a persona
03-24 15:35:19.331 24519 24519 W SELinux : Function: selinux_compare_spd_ram, index[1], priority [2], priority version is VE=SEPF_SECMOBILE_6.0.1_0003
03-24 15:35:19.331  3670  4409 I ActivityManager: Start proc 24519:com.sec.android.app.chromecustomizations/u0a89 for content provider com.sec.android.app.chromecustomizations/com.sec.samsung.android.chromecustomizations.chromecustomizationprovider
03-24 15:35:19.331 24519 24519 E Zygote  : accessInfo : 0
03-24 15:35:19.331 24519 24519 W SELinux : SELinux: seapp_context_lookup: seinfo=platform, level=s0:c512,c768, pkgname=com.sec.android.app.chromecustomizations 
03-24 15:35:19.331  3670  4421 D GameManagerService: identifyGamePackage. com.microsoft.emmx
03-24 15:35:19.331  3670  4421 D MultiWindowPolicy: Gamemode - return 0,  when calling  identifyForegroundApp(com.microsoft.emmx)
03-24 15:35:19.331  3670  4421 D CustomFrequencyManagerService: releaseDVFSLockLocked : Getting Lock type frm List : DVFS_MIN_LIMIT  frequency : 1800000  uid : 1000  pid : 3670  tag : ACTIVITY_RESUME_BOOSTER@3
03-24 15:35:19.331  3670  4421 D CustomFrequencyManagerService: acquireDVFSLockLocked : type : DVFS_MIN_LIMIT  frequency : 1800000  uid : 1000  pid : 3670  pkgName : ACTIVITY_RESUME_BOOSTER@3
03-24 15:35:19.331  3670  4421 D ActivityManager: mDVFSHelper.acquire()
03-24 15:35:19.331  3670  4421 V WindowManager: addAppToken: AppWindowToken{194a067 token=Token{7c87c26 ActivityRecord{3fd8381 u0 com.microsoft.emmx/org.chromium.chrome.browser.ChromeTabbedActivity t200}}} to stack=1 task=200 at 0
03-24 15:35:19.341  3670  4421 D InputDispatcher: Focused application set to: xxxx
03-24 15:35:19.341 24417 24417 D Activity: performCreate Call Injection manager
03-24 15:35:19.341  3670  3884 D SecWifiDisplayUtil: Metadata value : SecSettings2
03-24 15:35:19.341  3670  3884 D ViewRootImpl: #1 mView = com.android.internal.policy.PhoneWindow$DecorView{bb621b9 V.E...... R.....ID 0,0-0,0}
03-24 15:35:19.351 24417 24417 I SharedStateManager: onExternalIntentReceived
03-24 15:35:19.351  3670  3884 D ISSUE_DEBUG: InputChannelName : aeb355f Starting com.microsoft.emmx
03-24 15:35:19.361 24417 24468 I OnReceiveTask:  doInBackground
03-24 15:35:19.361  3670  4952 V BroadcastQueue: [background] Process cur broadcast BroadcastRecord{6e2dbac u0 com.google.android.gms.gcm.ACTION_SCHEDULE qIdx=4}, state= (APP_RECEIVE) DELIVERED for app ProcessRecord{68a6177 7275:com.google.android.gms.persistent/u0a15}
03-24 15:35:19.371  3025  3025 I SurfaceFlinger: id=805 createSurf (1x1),1 flag=404, fmmx
03-24 15:35:19.371  3670  3884 D ViewRootImpl: MSG_RESIZED_REPORT: ci=Rect(0, 96 - 0, 0) vi=Rect(0, 96 - 0, 0) or=1
03-24 15:35:19.381  3670  3670 D GameManagerService: NotifyRunnable. pkg: com.microsoft.emmx, type: 4, isMinimized: false, isTunableApp: false
03-24 15:35:19.401  3670  3796 V MARsPolicyManager: updatePackagesScore PackageInfo name -- com.microsoft.emmx
03-24 15:35:19.401 24519 24519 W ResourcesManager: getTopLevelResources: /system/app/ChromeCustomizations/ChromeCustomizations.apk / 1.0 running in com.sec.android.app.chromecustomizations rsrc of package com.sec.android.app.chromecustomizations
03-24 15:35:19.411  3670  3697 I InjectionManagerService -AppFeature: getCoreFeaturePkgList :[]
03-24 15:35:19.411 24519 24519 I InjectionManager: Inside getClassLibPath + mLibMap{0=, 1=}
03-24 15:35:19.411 24519 24519 D ResourcesManager: For user 0 new overlays fetched Null
03-24 15:35:19.421 24519 24519 I InjectionManager: Inside getClassLibPath caller 
03-24 15:35:19.431 24519 24519 W System  : ClassLoader referenced unknown path: /system/app/ChromeCustomizations/lib/arm64
03-24 15:35:19.431  3670  3884 V WindowStateAnimator: Finishing drawing window Window{aeb355f u0 d0 Starting com.microsoft.emmx}: mDrawState=DRAW_PENDING
03-24 15:35:19.441  3025  3025 D libEGL  : eglInitialize EGLDisplay = 0x7ff3f31d28
03-24 15:35:19.441  3670  3798 D StatusBarManagerService: manageDisableList userId=0 what=0x0 pkg=Window{aeb355f u0 d0 Starting com.microsoft.emmx}
03-24 15:35:19.441 24519 24519 D InjectionManager: InjectionManager
03-24 15:35:19.441 24519 24519 D InjectionManager: fillFeatureStoreMap com.sec.android.app.chromecustomizations
03-24 15:35:19.451 24519 24519 I InjectionManager: Constructor com.sec.android.app.chromecustomizations, Feature store :{}
03-24 15:35:19.451 24519 24519 I InjectionManager: featureStore :{}
03-24 15:35:19.471  3047  4578 I OMXCodec: Successfully allocated OMX node 'OMX.google.vorbis.decoder'
03-24 15:35:19.471  3047  4578 I OMXCodec: >>>UHQA initOutputFormat 16
03-24 15:35:19.471  3047  4578 I OMXCodec: [OMX.google.vorbis.decoder] OMXCodec::start mState=1
03-24 15:35:19.471  3047  4578 I OMXCodec: [OMX.google.vorbis.decoder] allocating 4 buffers of size 8192 on input port
03-24 15:35:19.471  3047  4578 I OMXCodec: [OMX.google.vorbis.decoder] allocating 4 buffers of size 32768 on output port
03-24 15:35:19.471  3047 24533 I OMXCodec: [OMX.google.vorbis.decoder] Now Idle. Component sends idle done Event 
03-24 15:35:19.481  3047 24533 I OMXCodec: [OMX.google.vorbis.decoder] 0onCmdComplete  mState =  7
03-24 15:35:19.481  3047 24533 I OMXCodec: [OMX.google.vorbis.decoder] PORT_DISABLED(1)
03-24 15:35:19.481  3047 24533 I OMXCodec: >>>UHQA initOutputFormat 16
03-24 15:35:19.481  3047 24533 I OMXCodec: [OMX.google.vorbis.decoder] allocating 4 buffers of size 32768 on output port
03-24 15:35:19.481  3047 24533 I OMXCodec: [OMX.google.vorbis.decoder] End Of Stream
03-24 15:35:19.491  3047  4578 I SoundExtractor: extract() reached EOS
03-24 15:35:19.491  3047  4578 I OMXCodec: [OMX.google.vorbis.decoder] stop mState=4
03-24 15:35:19.491  3047  4578 I OMXCodec: [OMX.google.vorbis.decoder] stop() sendCommand(294, OMX_CommandStateSet, OMX_StateIdle)
03-24 15:35:19.491  3047 24533 I OMXCodec: [OMX.google.vorbis.decoder] Now Idle. Component sends idle done Event 
03-24 15:35:19.491  3047  4578 I OMXCodec: [OMX.google.vorbis.decoder] stopOmxComponent_l() mstate = 1
03-24 15:35:19.491  3047  4578 I OggExtractor: OggSource::stop() mExtractor ref count = 1
03-24 15:35:19.491  3047  4578 I OggExtractor: OggSource::~OggSource() mExtractor !mStarted ref count = 1
03-24 15:35:19.491  3047  4578 I OggExtractor: ~OggSource --
03-24 15:35:19.491  3047  4578 I OggExtractor: ~OggExtractor ++
03-24 15:35:19.491  3047  4578 I OggExtractor: ~MyOggExtractor ++ 
03-24 15:35:19.491  3047  4578 I OggExtractor: ~MyOggExtractor --
03-24 15:35:19.491  3047  4578 I OggExtractor: ~OggExtractor --
03-24 15:35:19.491  3670  3796 V BroadcastQueue: [background] Process cur broadcast BroadcastRecord{4780698 u0 com.microsoft.mmx.reporting.ACTION_VOTE qIdx=4}, state= (APP_RECEIVE) DELIVERED for app ProcessRecord{427b3e4 24417:com.microsoft.emmx/u0a98}
03-24 15:35:19.501 24417 24417 W ResourcesManager: getTopLevelResources: /data/app/com.microsoft.emmx-1/base.apk / 1.0 running in com.microsoft.emmx rsrc of package com.microsoft.emmx
03-24 15:35:19.511 24417 24417 D SecWifiDisplayUtil: Metadata value : SecSettings2
03-24 15:35:19.511  3670  4550 V AlarmManager:  remove PendingIntent] PendingIntent{aad4ef1: PendingIntentRecord{e30a718 com.google.android.gms broadcastIntent}}
03-24 15:35:19.511 24417 24417 W ResourcesManager: getTopLevelResources: /data/app/com.microsoft.emmx-1/base.apk / 1.0 running in com.microsoft.emmx rsrc of package com.microsoft.emmx
03-24 15:35:19.511 24417 24417 D ResourcesManager: For user 0 new overlays fetched Null
03-24 15:35:19.521 24417 24542 V MediaPlayer: decode(31, 8764500, 5795)
03-24 15:35:19.521  3047  3047 D OggExtractor:  correct time not found. Let's use approximate value
03-24 15:35:19.521  3047  3047 I OggExtractor: OggSource::OggSource() mExtractor ref count = 4
03-24 15:35:19.521  3047  3047 I OMXCodec: Attempting to allocate OMX node 'OMX.google.vorbis.decoder'
03-24 15:35:19.521  3047  3047 I OMXCodec: Successfully allocated OMX node 'OMX.google.vorbis.decoder'
03-24 15:35:19.521  3047  3047 I OMXCodec: >>>UHQA initOutputFormat 16
03-24 15:35:19.521  3047  3047 I OMXCodec: [OMX.google.vorbis.decoder] OMXCodec::start mState=1
03-24 15:35:19.521  3047  3047 I OMXCodec: [OMX.google.vorbis.decoder] allocating 4 buffers of size 8192 on input port
03-24 15:35:19.521  3047  3047 I OMXCodec: [OMX.google.vorbis.decoder] allocating 4 buffers of size 32768 on output port
03-24 15:35:19.521  3047 24544 I OMXCodec: [OMX.google.vorbis.decoder] Now Idle. Component sends idle done Event 
03-24 15:35:19.531  3047 24544 I OMXCodec: [OMX.google.vorbis.decoder] 0onCmdComplete  mState =  7
03-24 15:35:19.531  3047 24544 I OMXCodec: [OMX.google.vorbis.decoder] PORT_DISABLED(1)
03-24 15:35:19.531  3047 24544 I OMXCodec: >>>UHQA initOutputFormat 16
03-24 15:35:19.531  3047 24544 I OMXCodec: [OMX.google.vorbis.decoder] allocating 4 buffers of size 32768 on output port
03-24 15:35:19.531  3047 24544 I OMXCodec: [OMX.google.vorbis.decoder] End Of Stream
03-24 15:35:19.531  3047  3047 I SoundExtractor: extract() reached EOS
03-24 15:35:19.531  3047  3047 I OMXCodec: [OMX.google.vorbis.decoder] stop mState=4
03-24 15:35:19.531  3047  3047 I OMXCodec: [OMX.google.vorbis.decoder] stop() sendCommand(295, OMX_CommandStateSet, OMX_StateIdle)
03-24 15:35:19.531  3047 24544 I OMXCodec: [OMX.google.vorbis.decoder] Now Idle. Component sends idle done Event 
03-24 15:35:19.531  3047  3047 I OMXCodec: [OMX.google.vorbis.decoder] stopOmxComponent_l() mstate = 1
03-24 15:35:19.531  3047  3047 I OggExtractor: OggSource::stop() mExtractor ref count = 1
03-24 15:35:19.531  3047  3047 I OggExtractor: OggSource::~OggSource() mExtractor !mStarted ref count = 1
03-24 15:35:19.531  3047  3047 I OggExtractor: ~OggSource --
03-24 15:35:19.531  3047  3047 I OggExtractor: ~OggExtractor ++
03-24 15:35:19.531  3047  3047 I OggExtractor: ~MyOggExtractor ++ 
03-24 15:35:19.531  3047  3047 I OggExtractor: ~MyOggExtractor --
03-24 15:35:19.531  3047  3047 I OggExtractor: ~OggExtractor --
03-24 15:35:19.541  3670  4409 I PersonaManager: mKnoxInfo is empty
03-24 15:35:19.611 24417 24417 I AppCompatDelegate: The Activity's LayoutInflater already has a Factory installed so we can not install AppCompat's
03-24 15:35:19.611 24417 24417 I EnableLifecycleTask: onActivityCreated
03-24 15:35:19.661 24417 24558 W System.err: remove failed: ENOENT (No such file or directory) : /data/user/0/com.microsoft.emmx/cache/uil-images/journal.bkp
03-24 15:35:19.671 24417 24559 I cr_LibraryLoader: Loading chrome
03-24 15:35:19.681 24417 24552 W System.err: stat failed: ENOENT (No such file or directory) : /data/user/0/com.microsoft.emmx/files/microsoft/office/feedback/floodgate/CampaignStates.json
03-24 15:35:19.681 24417 24552 W System.err: stat failed: ENOENT (No such file or directory) : /data/user/0/com.microsoft.emmx/files/microsoft/office/feedback/floodgate/CampaignStates.json
03-24 15:35:19.691 24417 24552 W System.err: stat failed: ENOENT (No such file or directory) : /data/user/0/com.microsoft.emmx/files/microsoft/office/feedback/floodgate/GovernedChannelStates.json
03-24 15:35:19.691 24417 24552 W System.err: stat failed: ENOENT (No such file or directory) : /data/user/0/com.microsoft.emmx/files/microsoft/office/feedback/floodgate/GovernedChannelStates.json
03-24 15:35:19.691 24417 24552 W System.err: stat failed: ENOENT (No such file or directory) : /data/user/0/com.microsoft.emmx/files/microsoft/office/feedback/floodgate/FloodgateSettings.json
03-24 15:35:19.691 24417 24552 W System.err: stat failed: ENOENT (No such file or directory) : /data/user/0/com.microsoft.emmx/files/microsoft/office/feedback/floodgate/FloodgateSettings.json
03-24 15:35:19.691 24417 24552 W System.err: stat failed: ENOENT (No such file or directory) : /data/user/0/com.microsoft.emmx/files/microsoft/office/feedback/floodgate/SurveyActivationStats.json
03-24 15:35:19.691 24417 24552 W System.err: stat failed: ENOENT (No such file or directory) : /data/user/0/com.microsoft.emmx/files/microsoft/office/feedback/floodgate/SurveyActivationStats.json
03-24 15:35:19.691 24417 24552 W System.err: stat failed: ENOENT (No such file or directory) : /data/user/0/com.microsoft.emmx/files/microsoft/office/feedback/floodgate/SurveyEventActivityStats.json
03-24 15:35:19.691 24417 24552 W System.err: stat failed: ENOENT (No such file or directory) : /data/user/0/com.microsoft.emmx/files/microsoft/office/feedback/floodgate/SurveyEventActivityStats.json
03-24 15:35:19.701 24417 24558 I System.out: uid: 10098 read uid: 0
03-24 15:35:19.701 24417 24558 I System.out: uid: 10098 read uid: 0
03-24 15:35:19.701 24417 24558 I System.out: uid: 10098 read uid: 1000
03-24 15:35:19.701 24417 24558 I System.out: uid: 10098 read uid: 1000
03-24 15:35:19.701 24417 24558 I System.out: uid: 10098 read uid: 10015
03-24 15:35:19.701 24417 24558 I System.out: uid: 10098 read uid: 10015
03-24 15:35:19.701 24417 24558 I System.out: uid: 10098 read uid: 10030
03-24 15:35:19.701 24417 24558 I System.out: uid: 10098 read uid: 10030
03-24 15:35:19.701 24417 24558 I System.out: uid: 10098 read uid: 10070
03-24 15:35:19.701 24417 24558 I System.out: uid: 10098 read uid: 10070
03-24 15:35:19.701 24417 24558 I System.out: uid: 10098 read uid: 10088
03-24 15:35:19.701 24417 24558 I System.out: uid: 10098 read uid: 10088
03-24 15:35:19.701 24417 24558 I System.out: uid: 10098 read uid: 10179
03-24 15:35:19.701 24417 24558 I System.out: uid: 10098 read uid: 10179
03-24 15:35:19.701 24417 24558 I System.out: uid: 10098 read uid: 0
03-24 15:35:19.701 24417 24558 I System.out: uid: 10098 read uid: 0
03-24 15:35:19.701 24417 24558 I System.out: uid: 10098 read uid: 1000
03-24 15:35:19.701 24417 24558 I System.out: uid: 10098 read uid: 1000
03-24 15:35:19.701 24417 24558 I System.out: uid: 10098 read uid: 1014
03-24 15:35:19.701 24417 24558 I System.out: uid: 10098 read uid: 1014
03-24 15:35:19.701 24417 24558 I System.out: uid: 10098 read uid: 2000
03-24 15:35:19.701 24417 24558 I System.out: uid: 10098 read uid: 2000
03-24 15:35:19.701 24417 24558 I System.out: uid: 10098 read uid: 5011
03-24 15:35:19.701 24417 24558 I System.out: uid: 10098 read uid: 5011
03-24 15:35:19.701 24417 24558 I System.out: uid: 10098 read uid: 10007
03-24 15:35:19.701 24417 24558 I System.out: uid: 10098 read uid: 10007
03-24 15:35:19.701 24417 24558 I System.out: uid: 10098 read uid: 10013
03-24 15:35:19.701 24417 24558 I System.out: uid: 10098 read uid: 10013
03-24 15:35:19.701 24417 24558 I System.out: uid: 10098 read uid: 10015
03-24 15:35:19.701 24417 24558 I System.out: uid: 10098 read uid: 10015
03-24 15:35:19.701 24417 24558 I System.out: uid: 10098 read uid: 10024
03-24 15:35:19.701 24417 24558 I System.out: uid: 10098 read uid: 10024
03-24 15:35:19.701 24417 24558 I System.out: uid: 10098 read uid: 10030
03-24 15:35:19.701 24417 24558 I System.out: uid: 10098 read uid: 10030
03-24 15:35:19.701 24417 24558 I System.out: uid: 10098 read uid: 10035
03-24 15:35:19.701 24417 24558 I System.out: uid: 10098 read uid: 10035
03-24 15:35:19.701 24417 24558 I System.out: uid: 10098 read uid: 10048
03-24 15:35:19.701 24417 24558 I System.out: uid: 10098 read uid: 10048
03-24 15:35:19.701 24417 24558 I System.out: uid: 10098 read uid: 10070
