03-24 14:53:21.331  3670  4421 V BroadcastQueue: [background] Process cur broadcast BroadcastRecord{7646c60 u0 android.intent.action.DROPBOX_ENTRY_ADDED qIdx=4}, state= (APP_RECEIVE) DELIVERED for app ProcessRecord{49f3f4c 4932:com.google.android.gms.persistent/u0a15}
03-24 14:53:21.331 16390 16390 I dex2oat : ----------------------------------------------------
03-24 14:53:21.331 16390 16390 I dex2oat : <SS>: S T A R T I N G . . .
03-24 14:53:21.331 16390 16390 E dex2oat : <SS>: apk not found at /data/user/0/com.microsoft.emmx/app_dex/
03-24 14:53:21.331 16390 16390 I dex2oat : dex2oat took 63.975ms (threads: 8) arena alloc=234KB java alloc=42KB native alloc=1108KB free=1195KB
03-24 14:53:21.331  3670  4524 I PersonaManager: mKnoxInfo is empty
03-24 14:53:21.361 16109 16152 W System.err: remove failed: ENOENT (No such file or directory) : /data/user/0/com.microsoft.emmx/databases/snapshots.db
03-24 14:53:21.371 16109 16152 W System.err: remove failed: ENOENT (No such file or directory) : /data/user/0/com.microsoft.emmx/databases/snapshots.db-journal
03-24 14:53:21.371 16109 16152 W System.err: remove failed: ENOENT (No such file or directory) : /data/user/0/com.microsoft.emmx/databases/snapshots.db-shm
03-24 14:53:21.371 16109 16152 W System.err: remove failed: ENOENT (No such file or directory) : /data/user/0/com.microsoft.emmx/databases/snapshots.db-wal
03-24 14:53:21.371  3670  3698 I PersonaManager: mKnoxInfo is empty
03-24 14:53:21.371  3670  4947 I PersonaManager: mKnoxInfo is empty
03-24 14:53:21.381  3670  4452 I PersonaManager: mKnoxInfo is empty
03-24 14:53:21.381  3670  4454 I PersonaManager: mKnoxInfo is empty
03-24 14:53:21.381  3670  4409 I PersonaManager: mKnoxInfo is empty
03-24 14:53:21.381 16391 16413 I cr_LibraryLoader: Loading chrome
03-24 14:53:21.381 16109 16132 W System.err: remove failed: ENOENT (No such file or directory) : /data/user/0/com.microsoft.emmx/shared_prefs/webapp_registry.xml.bak
03-24 14:53:21.381  3670  4407 I PersonaManager: mKnoxInfo is empty
03-24 14:53:21.411  3670  4550 I PersonaManager: mKnoxInfo is empty
03-24 14:53:21.411  3670  3697 I PersonaManager: mKnoxInfo is empty
03-24 14:53:21.431 16391 16413 I cr_LibraryLoader: Time to load native libraries: 51 ms (timestamps 2315-2366)
03-24 14:53:21.431 16391 16413 I chromium: [INFO:library_loader_hooks.cc(36)] Chromium logging enabled: level = 0, default verbosity = 0
03-24 14:53:21.431 16391 16413 I cr_LibraryLoader: Expected native library version number "71.0.3578.99", actual native library version number "71.0.3578.99"
03-24 14:53:21.451 16391 16413 W ResourcesManager: getTopLevelResources: /data/app/com.microsoft.emmx-1/base.apk / 1.0 running in com.microsoft.emmx rsrc of package com.microsoft.emmx
03-24 14:53:21.631 16109 16109 I chromium: [INFO:CONSOLE(0)] "The source list for Content Security Policy directive 'default-src' contains an invalid source: ''none''. It will be ignored. Note that 'none' has no effect unless it is the only expression in the source list.", source: https://www.msn.com/spartan/mmx?locale=en-GB&rt=0 (0)
03-24 14:53:21.651  3025  3025 I SurfaceFlinger: id=570 createSurf (1440x2560),4 flag=404, TurfaceView
03-24 14:53:21.651  3670  3698 V WindowStateAnimator: Finishing drawing window Window{abee68e u0 d0 SurfaceView}: mDrawState=DRAW_PENDING
03-24 14:53:21.651  3670  4952 V WindowStateAnimator: Finishing drawing window Window{abee68e u0 d0 SurfaceView}: mDrawState=HAS_DRAWN
03-24 14:53:21.661 16291 16307 D mali_winsys: new_window_surface returns 0x3000,  [1440x2560]-format:1
03-24 14:53:21.661 16109 16173 I RubyPalClient: Read from input stream
03-24 14:53:21.691  3025  3025 D libEGL  : eglInitialize EGLDisplay = 0x7ff3f31d28
03-24 14:53:22.141 16109 16127 W System.err: remove failed: ENOENT (No such file or directory) : /data/user/0/com.microsoft.emmx/shared_prefs/com.google.android.gms.appid.xml.bak
03-24 14:53:22.151  3670  4407 I PersonaManager: mKnoxInfo is empty
03-24 14:53:22.161  3670  3697 I PersonaManager: mKnoxInfo is empty
03-24 14:53:22.161  4932 30137 I System.out: (HTTPLog)-Static: isSBSettingEnabled false
03-24 14:53:22.161  4932 30137 I System.out: (HTTPLog)-Static: isSBSettingEnabled false
03-24 14:53:22.161  4932 30137 I qtaguid : Tagging socket 98 with tag 3000040700000000{805307399,0} uid -1, pid: 4932, getuid(): 10015
03-24 14:53:22.231  3670  4018 D NtpTrustedTime: currentTimeMillis() cache hit
03-24 14:53:22.231  3670  4018 V NetworkStats: performPollLocked(flags=0x1)
03-24 14:53:22.231 16109 16173 I SmartScreenLog:     Query Malware Backend service succeeded, and status code is 200
03-24 14:53:22.231  3670  4018 D NetworkStatsRecorder: entry.iface is null
03-24 14:53:22.231  3670  4018 D NetworkStatsRecorder: entry.iface is null
03-24 14:53:22.231  3670  4018 D NetworkStatsRecorder: entry.iface is null
03-24 14:53:22.231  3670  4018 D NetworkStatsRecorder: entry.iface is null
03-24 14:53:22.241  3670  4018 V NetworkStats: performPollLocked() took 12ms
03-24 14:53:22.241  3670  4018 D NtpTrustedTime: currentTimeMillis() cache hit
03-24 14:53:22.241  3670  4019 D NtpTrustedTime: currentTimeMillis() cache hit
03-24 14:53:22.251  3670  4019 D NtpTrustedTime: currentTimeMillis() cache hit
03-24 14:53:22.311  3670  4068 W System.err: remove failed: ENOENT (No such file or directory) : /data/system/recent_tasks/136_task.xml.bak
03-24 14:53:22.421 16109 16173 I SmartScreenLog:     First time download of MalwareData.db succeeded
03-24 14:53:22.421 16109 16173 I cr_XU   : FeatureSingle: MalwareDBUpdate {malwareDBDeleteLog=, malwareDBAddLog=First time download of MalwareData.db succeeded}
03-24 14:53:22.471  3025  3025 D libEGL  : eglInitialize EGLDisplay = 0x7ff3f31d28
03-24 14:53:22.491 16248 16260 E chromium: [ERROR:translate_manager.cc(674)] domainhttps://www.msn.com/spartan/
03-24 14:53:22.491 16248 16260 E chromium: [ERROR:translate_helper.cc(111)] language
03-24 14:53:22.491 16248 16260 W chromium: [WARNING:resource_bundle.cc(599)] GetRawDataResourceForScale::GetStringPiece failed, i: 0 scale_factor: 1
03-24 14:53:22.491 16248 16260 W chromium: [WARNING:resource_bundle.cc(599)] GetRawDataResourceForScale::GetStringPiece failed, i: 0 scale_factor: 1
03-24 14:53:22.511  4932 30137 I qtaguid : Untagging socket 98
03-24 14:53:22.531  3670  3796 V BroadcastQueue: [background] Process cur broadcast BroadcastRecord{e8dedc1 u0 com.google.firebase.INSTANCE_ID_EVENT qIdx=4}, state= (APP_RECEIVE) DELIVERED for app ProcessRecord{989a4dc 16109:com.microsoft.emmx/u0a98}
03-24 14:53:22.531 16109 16242 I EMMXGcmRegistrationTask: device token: cKWMSWp-d-Q:APA91bEcN_unR6_XtDeGYAndAAapwF651uIdp7OM7CbxJK5VbUQL6V3ZqkMjIAOwt9uqnKFoEnoFwPeraScIE-qw7yUq1E5C5OWKtfd4osMd86_VEpsx0JxitoyT1C1llC4Jrej_TtZ2
03-24 14:53:22.531 16109 16242 I RubySyncClient: registerNotifications
03-24 14:53:22.531  3670  3698 I PersonaManager: mKnoxInfo is empty
03-24 14:53:22.531 16109 16132 W System.err: remove failed: ENOENT (No such file or directory) : /data/user/0/com.microsoft.emmx/shared_prefs/com.appboy.push_registration.xml.bak
03-24 14:53:22.541 16109 16202 I System.out: (HTTPLog)-Static: isSBSettingEnabled false
03-24 14:53:22.541 16109 16202 I System.out: (HTTPLog)-Static: isSBSettingEnabled false
03-24 14:53:22.541 16109 16428 I EMMXInstanceIDListener: Received token refresh request
03-24 14:53:22.541 16109 16428 I EMMXGcmController: fetchToken
03-24 14:53:22.561  3670  3796 V BroadcastQueue: [background] Process cur broadcast BroadcastRecord{33ab4a7 u0 com.google.android.gms.gcm.ACTION_SCHEDULE qIdx=4}, state= (APP_RECEIVE) DELIVERED for app ProcessRecord{49f3f4c 4932:com.google.android.gms.persistent/u0a15}
03-24 14:53:22.561  3670  4452 V AlarmManager:  remove PendingIntent] PendingIntent{333fd54: PendingIntentRecord{e30a718 com.google.android.gms broadcastIntent}}
03-24 14:53:22.581  3670  4452 I PersonaManager: mKnoxInfo is empty
03-24 14:53:22.581  3670  4454 I PersonaManager: mKnoxInfo is empty
03-24 14:53:22.601  4932 30137 I System.out: (HTTPLog)-Static: isSBSettingEnabled false
03-24 14:53:22.601  4932 30137 I System.out: (HTTPLog)-Static: isSBSettingEnabled false
03-24 14:53:22.601  4932 30137 I qtaguid : Tagging socket 92 with tag 3000040700000000{805307399,0} uid -1, pid: 4932, getuid(): 10015
03-24 14:53:22.641  3025  3025 D libEGL  : eglInitialize EGLDisplay = 0x7ff3f31d28
03-24 14:53:22.711  3025  3025 D libEGL  : eglInitialize EGLDisplay = 0x7ff3f31d28
03-24 14:53:22.751 16291 16323 E         : g2d stretchFimgApi_v5 function does not exist
03-24 14:53:22.751 16291 16323 E         : [JM] stretchFimgApi might be v4.
03-24 14:53:22.811 16109 16132 W System.err: remove failed: ENOENT (No such file or directory) : /data/user/0/com.microsoft.emmx/shared_prefs/com.appboy.storage.user_cache.push_token_store.37a6259cc0c1dae299a7866489dff0bd.xml.bak
03-24 14:53:22.841  4932 30137 I qtaguid : Untagging socket 92
03-24 14:53:22.871 16109 16429 I EMMXGcmRegistrationTask: device token: cKWMSWp-d-Q:APA91bEcN_unR6_XtDeGYAndAAapwF651uIdp7OM7CbxJK5VbUQL6V3ZqkMjIAOwt9uqnKFoEnoFwPeraScIE-qw7yUq1E5C5OWKtfd4osMd86_VEpsx0JxitoyT1C1llC4Jrej_TtZ2
03-24 14:53:22.871 16109 16429 I RubySyncClient: registerNotifications
03-24 14:53:23.031 16109 16281 I cr_XU   : FeatureSingle: Native.PageLoadPerf.PageLoadTime {WebContentsImpl::DocumentOnLoadCompleted=2337}
03-24 14:53:24.081 16109 16227 E ServerConfigManager: http response error when fetch server config, response code: 404
03-24 14:53:24.491 16109 16331 E ServerConfigManager: http response error when fetch server config, response code: 404
03-24 14:53:25.631 16109 16109 D ConnectivityManager: requestNetwork; getAppId(CallingUid) : 10098, CallingPid : 16109
03-24 14:53:25.641  3670  3698 D ConnectivityService: listenForNetwork for Listen from uid/pid:10098/16109 for NetworkRequest [ id=277, legacyType=-1, [ Capabilities: INTERNET&NOT_RESTRICTED&TRUSTED] ]
03-24 14:53:25.641  3670  4029 D ConnectivityService: rematching NetworkAgentInfo [WIFI () - 510]
03-24 14:53:25.641  3670  4029 D ConnectivityService:  network has: NetworkAgentInfo{ ni{[type: WIFI[] - WIFI, state: CONNECTED/CONNECTED, reason: (unspecified), extra: "DataStructures", roaming: false, failover: false, isAvailable: true]}  network{510}  lp{{InterfaceName: wlan0 LinkAddresses: [fe80::ee9b:f3ff:fe73:43e9/64,192.168.0.174/24,]  Routes: [fe80::/64 -> :: wlan0,192.168.0.0/24 -> 0.0.0.0 wlan0,0.0.0.0/0 -> 192.168.0.1 wlan0,] DnsAddresses: [192.168.0.1,] Domains:  MTU: 0 TcpBufferSizes: 524288,1048576,4525824,524288,1048576,4525824}}  nc{[ Transports: WIFI Capabilities: INTERNET&NOT_RESTRICTED&TRUSTED&NOT_VPN&VALIDATED LinkUpBandwidth>=1048576Kbps LinkDnBandwidth>=1048576Kbps SignalStrength: -33]}  Score{60}  everValidated{true}  lastValidated{true}  created{true} lingering{false} explicitlySelected{false} acceptUnvalidated{false} everCaptivePortalDetected{false} lastCaptivePortalDetected{false} }
03-24 14:53:25.641  3670  4029 D ConnectivityService:   checking if request is: NetworkRequest [ id=267, legacyType=-1, [ Capabilities: INTERNET&NOT_RESTRICTED&TRUSTED] ] satisfies: true nri.isRequest: false
03-24 14:53:25.651  3670  4029 D ConnectivityService:   checking if request is: NetworkRequest [ id=5, legacyType=-1, [ Transports: WIFI Capabilities: INTERNET&NOT_RESTRICTED&TRUSTED&NOT_VPN] ] satisfies: true nri.isRequest: false
03-24 14:53:25.651  3670  4029 D ConnectivityService:   checking if request is: NetworkRequest [ id=275, legacyType=-1, [ Capabilities: INTERNET&NOT_RESTRICTED&TRUSTED] ] satisfies: true nri.isRequest: false
03-24 14:53:25.651  3670  4029 D ConnectivityService: Network NetworkAgentInfo [WIFI () - 510] was already satisfying request 1. No change.
03-24 14:53:25.651  3670  4029 D ConnectivityService:   checking if request is: NetworkRequest [ id=3, legacyType=-1, [] ] satisfies: true nri.isRequest: false
03-24 14:53:25.651  3670  4029 D ConnectivityService:   checking if request is: NetworkRequest [ id=4, legacyType=-1, [ Transports: CELLULAR Capabilities: INTERNET&NOT_RESTRICTED&TRUSTED&NOT_VPN] ] satisfies: false nri.isRequest: false
03-24 14:53:25.651  3670  4029 D ConnectivityService:   checking if request is: NetworkRequest [ id=277, legacyType=-1, [ Capabilities: INTERNET&NOT_RESTRICTED&TRUSTED] ] satisfies: true nri.isRequest: false
03-24 14:53:25.651  3670  4029 D ConnectivityService:   checking if request is: NetworkRequest [ id=276, legacyType=-1, [ Capabilities: INTERNET&NOT_RESTRICTED&TRUSTED] ] satisfies: true nri.isRequest: false
03-24 14:53:25.651  3670  4029 D ConnectivityService: sending notification AVAILABLE for NetworkRequest [ id=277, legacyType=-1, [ Capabilities: INTERNET&NOT_RESTRICTED&TRUSTED] ]
03-24 14:53:25.711  3670  6805 D ConnectivityService: returning getNetworkInfo for network type 1 : [type: WIFI[] - WIFI, state: CONNECTED/CONNECTED, reason: (unspecified), extra: "DataStructures", roaming: false, failover: false, isAvailable: true]
03-24 14:53:27.431 16391 16413 I chromium: [INFO:child_process_service.cc(73)] ChildProcessService: Exiting child process.
03-24 14:53:27.471 16109 16109 W chromium: [WARNING:compositor_view.cc(263)] Child process died (type=6) pid=16391)
03-24 14:53:27.471 16109 16245 W cr_ChildProcessConn: onServiceDisconnected (crash or killed by oom): pid=16391
03-24 14:53:27.491  3670  4452 I ActivityManager: Process com.microsoft.emmx:sandboxed_process2 (pid 16391)(adj 1) has died(63,1144)
03-24 14:53:27.491  3670  4452 D ActivityManager: cleanUpApplicationRecord -- 16391
03-24 14:53:27.491  3670  4452 D ActivityManager: isAutoRunBlockedApp:: com.microsoft.emmx, Auto Run ON
03-24 14:53:27.491  3670  4452 W ActivityManager: Scheduling restart of crashed service com.microsoft.emmx/org.chromium.content.app.EdgeSandboxedProcessService2 in 1000ms
03-24 14:53:28.421  3670  4407 D BatteryService: !@BatteryListener : batteryPropertiesChanged!
03-24 14:53:28.421  3670  4407 D BatteryService: level:93, scale:100, status:2, health:2, present:true, voltage: 4271, temperature: 311, technology: Li-ion, AC powered:false, USB powered:true, POGO powered:false, Wireless powered:false, icon:17303414, invalid charger:0, maxChargingCurrent:0
03-24 14:53:28.421  3670  4407 D BatteryService: online:4, current avg:-25, charge type:1, power sharing:false, high voltage charger:false, capacity:280000, batterySWSelfDischarging:false, current_now:232
03-24 14:53:28.421  3670  3670 D BatteryService: Sending ACTION_BATTERY_CHANGED.
03-24 14:53:28.431  3670  3670 I MotionRecognitionService: Plugged
03-24 14:53:28.431  3670  3670 E MotionRecognitionService: support TA ~
03-24 14:53:28.431  3670  3670 I MotionRecognitionService: isTAConnected | current backoffstate  = 33792
03-24 14:53:28.431  3670  3670 D MotionRecognitionService:  TA connected ,  33792
03-24 14:53:28.431  3670  3670 I MotionRecognitionService: skip setTransmitPower. 
03-24 14:53:28.431  3670  3670 D MotionRecognitionService:   cableConnection= 1
03-24 14:53:28.431  3670  3670 D MotionRecognitionService: setPowerConnected | current backoffstate  = 33792 , state =33792
03-24 14:53:28.431  3670  3670 D MotionRecognitionService: skip setTransmitPower. 
03-24 14:53:28.431  4103  4103 D KeyguardUpdateMonitor: received broadcast android.intent.action.BATTERY_CHANGED
03-24 14:53:28.431  4103  4103 D PowerUI : priorPlugType = 2 mPlugType =  2
03-24 14:53:28.441  4103  4103 D PowerUI.Notification: showChargingNotice oldChargingType : 1 currentChargingType : 1 oldChargingTime : 1369000 mChargingTime : 1369000
03-24 14:53:28.441  4103  4103 D KeyguardUpdateMonitor: handleBatteryUpdate
03-24 14:53:28.441  4103  4103 D PowerUI.Notification: There is no change about charging status, so return!
03-24 14:53:28.471  4103  4103 D BatteryMeterView: ACTION_BATTERY_CHANGED : level:93 status:2 health:2
03-24 14:53:28.471  4103  4103 D BatteryMeterView: ACTION_BATTERY_CHANGED : level:93 status:2 health:2
03-24 14:53:28.731  3670  3930 D PackageManager: [MSG] WRITE_PACKAGE_RESTRICTIONS
03-24 14:53:28.761  3670  3930 W System.err: remove failed: ENOENT (No such file or directory) : /data/system/users/0/package-restrictions.xml.bak
03-24 14:53:28.801  3670  6805 D SSRM:n  : SIOP:: AP = 410, PST = 384 (W:16), CP = 299, CUR = -25, LCD = 114
03-24 14:53:28.861  3670  6805 D ConnectivityService: returning getNetworkInfo for network type 1 : [type: WIFI[] - WIFI, state: CONNECTED/CONNECTED, reason: (unspecified), extra: "DataStructures", roaming: false, failover: false, isAvailable: true]
03-24 14:53:34.151  3670  3796 I ActivityManager: Waited long enough for: ServiceRecord{25639b2 u0 com.yandex.browser/com.yandex.metrica.ConfigurationService}
03-24 14:53:38.471  3670  3931 D BatteryService: !@BatteryListener : batteryPropertiesChanged!
03-24 14:53:38.471  3670  3931 D BatteryService: level:93, scale:100, status:2, health:2, present:true, voltage: 4263, temperature: 311, technology: Li-ion, AC powered:false, USB powered:true, POGO powered:false, Wireless powered:false, icon:17303414, invalid charger:0, maxChargingCurrent:0
03-24 14:53:38.471  3670  3931 D BatteryService: online:4, current avg:99, charge type:1, power sharing:false, high voltage charger:false, capacity:280000, batterySWSelfDischarging:false, current_now:180
03-24 14:53:38.471  3670  3670 D BatteryService: Sending ACTION_BATTERY_CHANGED.
03-24 14:53:38.481  3670  3670 I MotionRecognitionService: Plugged
03-24 14:53:38.481  3670  3670 E MotionRecognitionService: support TA ~
03-24 14:53:38.481  3670  3670 I MotionRecognitionService: isTAConnected | current backoffstate  = 33792
03-24 14:53:38.481  3670  3670 D MotionRecognitionService:  TA connected ,  33792
03-24 14:53:38.481  3670  3670 I MotionRecognitionService: skip setTransmitPower. 
03-24 14:53:38.481  3670  3670 D MotionRecognitionService:   cableConnection= 1
03-24 14:53:38.481  3670  3670 D MotionRecognitionService: setPowerConnected | current backoffstate  = 33792 , state =33792
03-24 14:53:38.481  3670  3670 D MotionRecognitionService: skip setTransmitPower. 
03-24 14:53:38.491  4103  4103 D KeyguardUpdateMonitor: received broadcast android.intent.action.BATTERY_CHANGED
03-24 14:53:38.491  4103  4103 D KeyguardUpdateMonitor: handleBatteryUpdate
03-24 14:53:38.491  4103  4103 D PowerUI : priorPlugType = 2 mPlugType =  2
03-24 14:53:38.491  4103  4103 D PowerUI.Notification: showChargingNotice oldChargingType : 1 currentChargingType : 1 oldChargingTime : 1369000 mChargingTime : 1369000
03-24 14:53:38.491  4103  4103 D PowerUI.Notification: There is no change about charging status, so return!
03-24 14:53:38.511  4103  4103 D BatteryMeterView: ACTION_BATTERY_CHANGED : level:93 status:2 health:2
03-24 14:53:38.511  4103  4103 D BatteryMeterView: ACTION_BATTERY_CHANGED : level:93 status:2 health:2
03-24 14:53:38.911  3670  6805 D SSRM:n  : SIOP:: AP = 380, PST = 375 (W:22), CP = 300, CUR = 99, LCD = 114
03-24 14:53:47.001  3670  4283 E Watchdog: !@Sync 2347 [03-24 14:53:47.006]
03-24 14:53:48.531  3670  3931 D BatteryService: !@BatteryListener : batteryPropertiesChanged!
03-24 14:53:48.531  3670  3931 D BatteryService: level:93, scale:100, status:2, health:2, present:true, voltage: 4275, temperature: 311, technology: Li-ion, AC powered:false, USB powered:true, POGO powered:false, Wireless powered:false, icon:17303414, invalid charger:0, maxChargingCurrent:0
03-24 14:53:48.531  3670  3931 D BatteryService: online:4, current avg:184, charge type:1, power sharing:false, high voltage charger:false, capacity:280000, batterySWSelfDischarging:false, current_now:222
03-24 14:53:48.531  3670  3670 D BatteryService: Sending ACTION_BATTERY_CHANGED.
03-24 14:53:48.541  3670  3670 I MotionRecognitionService: Plugged
03-24 14:53:48.541  3670  3670 E MotionRecognitionService: support TA ~
03-24 14:53:48.541  3670  3670 I MotionRecognitionService: isTAConnected | current backoffstate  = 33792
03-24 14:53:48.541  3670  3670 D MotionRecognitionService:  TA connected ,  33792
03-24 14:53:48.541  3670  3670 I MotionRecognitionService: skip setTransmitPower. 
03-24 14:53:48.541  3670  3670 D MotionRecognitionService:   cableConnection= 1
03-24 14:53:48.541  3670  3670 D MotionRecognitionService: setPowerConnected | current backoffstate  = 33792 , state =33792
03-24 14:53:48.541  3670  3670 D MotionRecognitionService: skip setTransmitPower. 
03-24 14:53:48.551  4103  4103 D KeyguardUpdateMonitor: received broadcast android.intent.action.BATTERY_CHANGED
03-24 14:53:48.551  4103  4103 D KeyguardUpdateMonitor: handleBatteryUpdate
03-24 14:53:48.561  4103  4103 D PowerUI : priorPlugType = 2 mPlugType =  2
03-24 14:53:48.561  4103  4103 D PowerUI.Notification: showChargingNotice oldChargingType : 1 currentChargingType : 1 oldChargingTime : 1369000 mChargingTime : 1369000
03-24 14:53:48.561  4103  4103 D PowerUI.Notification: There is no change about charging status, so return!
03-24 14:53:48.591  4103  4103 D BatteryMeterView: ACTION_BATTERY_CHANGED : level:93 status:2 health:2
03-24 14:53:48.591  4103  4103 D BatteryMeterView: ACTION_BATTERY_CHANGED : level:93 status:2 health:2
03-24 14:53:48.951  3670  6805 D SSRM:n  : SIOP:: AP = 360, PST = 375 (W:26), CP = 299, CUR = 184, LCD = 114
03-24 14:53:50.281 16440 16440 I FIPS_bssl: FIPS approved mode (1) | 16440 | app_process
03-24 14:53:50.291 16440 16440 D AndroidRuntime: >>>>>> START com.android.internal.os.RuntimeInit uid 2000 <<<<<<
03-24 14:53:50.291 16440 16440 D AndroidRuntime: CheckJNI is OFF
03-24 14:53:50.291 16440 16440 D AndroidRuntime: readGMSProperty: start
03-24 14:53:50.291 16440 16440 D AndroidRuntime: readGMSProperty: already setted!!
03-24 14:53:50.291 16440 16440 D AndroidRuntime: propertySet: couldn't set property (it is from app)
03-24 14:53:50.291 16440 16440 D AndroidRuntime: readGMSProperty: could not set the property(default)!!
03-24 14:53:50.291 16440 16440 D AndroidRuntime: readGMSProperty: end
03-24 14:53:50.291 16440 16440 D AndroidRuntime: addProductProperty: start
03-24 14:53:50.311 16440 16440 D ICU     : No timezone override file found: /data/misc/zoneinfo/current/icu/icu_tzdata.dat
03-24 14:53:50.341 16440 16440 I Radio-JNI: register_android_hardware_Radio DONE
03-24 14:53:50.341 16440 16440 E AffinityControl: AffinityControl: registerfunction enter
03-24 14:53:50.361 16440 16440 D AndroidRuntime: Calling main entry com.android.commands.am.Am
03-24 14:53:50.361  3670  3698 I ActivityManager: Force stopping com.microsoft.emmx appid=10098 user=0: from pid 16440
03-24 14:53:50.361  3670  3698 I PersonaManager: mKnoxInfo is empty
03-24 14:53:50.361  3670  3698 I PersonaManager: mKnoxInfo is empty
03-24 14:53:50.361  3670  3698 I ActivityManager: Killing 16109:com.microsoft.emmx/u0a98 (adj 0): stop com.microsoft.emmx cause from pid 16440
03-24 14:53:50.361  3670  3698 D ActivityManager: cleanUpApplicationRecord -- 16109
03-24 14:53:50.361 16248 16248 I cr_ChildProcessService: Destroying ChildProcessService pid=16248
03-24 14:53:50.361 16332 16332 I cr_ChildProcessService: Destroying ChildProcessService pid=16332
03-24 14:53:50.371  3670  3698 D ActivityManager: isAutoRunBlockedApp:: com.microsoft.emmx, Auto Run ON
03-24 14:53:50.371 16291 16291 I cr_ChildProcessService: Destroying ChildProcessService pid=16291
03-24 14:53:50.371  3670  3698 W ActivityManager: Force removing ActivityRecord{21c7912 u0 com.microsoft.emmx/org.chromium.chrome.browser.ChromeTabbedActivity t136}: app died, no saved state
03-24 14:53:50.371  3670  3698 D FocusedStackFrame: Set to : 0
03-24 14:53:50.371  3670  3698 D InputDispatcher: Focused application set to: xxxx
03-24 14:53:50.371  3670  3698 D InputDispatcher: Focus left window: 16109
03-24 14:53:50.371  3025  3210 D libEGL  : eglTerminate EGLDisplay = 0x7f76d80e78
03-24 14:53:50.371  3025  3210 D libEGL  : eglTerminate EGLDisplay = 0x7f76d80e78
03-24 14:53:50.371  3670  3884 D PointerIcon: setMouseIconStyle1 pointerType: 1001 iconType:101 flag:0 pid:3670 uid:1000
03-24 14:53:50.371  3670  3884 D PointerIcon: setMouseCustomIcon IconType is same.101
03-24 14:53:50.381  3670  3698 D CustomFrequencyManagerService: acquireDVFSLockLocked : type : DVFS_MIN_LIMIT  frequency : 1800000  uid : 1000  pid : 3670  pkgName : ACTIVITY_RESUME_BOOSTER@3
03-24 14:53:50.381  3670  3698 D ActivityManager: mDVFSHelper.acquire()
03-24 14:53:50.381  3670  3698 I ActivityManager: Killing 16332:com.microsoft.emmx:sandboxed_process1/u0a98i194 (adj 0): isolated not needed
03-24 14:53:50.381  3025  4174 D libEGL  : eglTerminate EGLDisplay = 0x7f72ebee78
03-24 14:53:50.381  3670  3698 I ActivityManager: Killing 16248:com.microsoft.emmx:sandboxed_process0/u0a98i193 (adj 0): isolated not needed
03-24 14:53:50.381 16291 16307 I chromium: [INFO:child_process_service.cc(73)] ChildProcessService: Exiting child process.
03-24 14:53:50.391  3670  3698 V WindowOrientationListener: setCurrentAppOrientation :1
03-24 14:53:50.391  3670  3698 V WindowOrientationListener: OrientationSensorJudge.getProposedRotation, Rotation: -1
03-24 14:53:50.391  3670  3698 V WindowManager: rotationForOrientationLw(orient=1, last=0); user=0  sensorRotation=-1 mLidState=-1 mDockMode=0 mHdmiPlugged=false mMobileKeyboardEnabled=false displayId=0
03-24 14:53:50.391  3670  3698 V WindowOrientationListener: OrientationSensorJudge.getProposedRotation, Rotation: -1
03-24 14:53:50.391  3670  3670 D GameManagerService: NotifyRunnable. pkg: com.sec.android.app.launcher, type: 4, isMinimized: false, isTunableApp: false
03-24 14:53:50.391  3670  3796 V MARsPolicyManager: updatePackagesScore PackageInfo name -- com.sec.android.app.launcher
03-24 14:53:50.391  3670  3698 I ActivityManager: Killing 16291:com.microsoft.emmx:privileged_process0/u0a98 (adj 0): stop com.microsoft.emmx cause from pid 16440
03-24 14:53:50.391  3670  3698 D ActivityManager: cleanUpApplicationRecord -- 16291
03-24 14:53:50.391  3670  3698 D ActivityManager: isAutoRunBlockedApp:: com.microsoft.emmx, Auto Run ON
03-24 14:53:50.391  4408  4408 D Launcher: onRestart, Launcher: 236504
03-24 14:53:50.401 16440 16440 D AndroidRuntime: Shutting down VM
03-24 14:53:50.401  3670  4409 D ActivityManager: cleanUpApplicationRecord -- 16332
03-24 14:53:50.401  3670  4409 D ActivityManager: isAutoRunBlockedApp:: com.microsoft.emmx, Auto Run ON
03-24 14:53:50.401  3670  3931 D ActivityManager: cleanUpApplicationRecord -- 16248
03-24 14:53:50.401  3670  3931 D ActivityManager: isAutoRunBlockedApp:: com.microsoft.emmx, Auto Run ON
03-24 14:53:50.411  4408  4408 D Launcher: onStart, Launcher: 236504
03-24 14:53:50.411  4408  4408 D Launcher.HomeView: onStart
03-24 14:53:50.411  4408  4408 D Launcher: onResume, Launcher: 236504
03-24 14:53:50.411  3670  4947 D SecContentProvider: query(), uri = 17 selection = isSettingsChangesAllowed
03-24 14:53:50.411  3670  4947 D SettingsProvider: isChangeAllowed() : name = kids_home_mode
03-24 14:53:50.411  3670  4947 D SettingsProvider: edmUri: content://com.sec.knox.provider/RestrictionPolicy3
03-24 14:53:50.411  3670  4947 D SettingsProvider: projectionArgs: isSettingsChangesAllowed
03-24 14:53:50.411  3670  4947 D SettingsProvider: selectionArgs: false
03-24 14:53:50.411  3670  4947 D SettingsProvider: selectionArgs: 10067
03-24 14:53:50.411  3670  4947 D SettingsProvider: ret = -1
03-24 14:53:50.411  3670  3670 V AlarmManager: Remove alarm for next reason : android.intent.action.PACKAGE_RESTARTED : package: com.microsoft.emmx
03-24 14:53:50.411  4408  4408 D Launcher.HomeView: onResume
03-24 14:53:50.411  4408  4408 D capture : ---------checkFileExist land
03-24 14:53:50.411  4408  4408 D capture : currentOrientation: 1 mMainHomeScreenshot: false mMainHomeScreenshotLand: true
03-24 14:53:50.421  3670  3796 V BroadcastQueue: [background] Process cur broadcast BroadcastRecord{ddc01d8 u0 android.intent.action.PACKAGE_RESTARTED qIdx=4}, state= (APP_RECEIVE) DELIVERED for app ProcessRecord{a8b6d0a 3670:system/1000}
03-24 14:53:50.421  3670  6805 D GameManagerService: identifyGamePackage. com.sec.android.app.launcher
03-24 14:53:50.421  3670  3670 V BroadcastQueue: [background] Process cur broadcast BroadcastRecord{ddc01d8 u0 android.intent.action.PACKAGE_RESTARTED qIdx=4}, state= (APP_RECEIVE) DELIVERED for app ProcessRecord{dcc91b0 14048:com.sec.android.app.soundalive/u0a62}
03-24 14:53:50.421 14048 14048 D SAControlPanelReceiver: *****onReceive()*****
03-24 14:53:50.421 14048 14048 D SAControlPanelReceiver: Action: android.intent.action.PACKAGE_RESTARTED
03-24 14:53:50.431  3670  4952 V BroadcastQueue: [background] Process cur broadcast BroadcastRecord{ddc01d8 u0 android.intent.action.PACKAGE_RESTARTED qIdx=4}, state= (APP_RECEIVE) DELIVERED for app ProcessRecord{126ce28 24150:com.sec.android.daemonapp/u0a145}
03-24 14:53:50.431 24150 24150 D [WeatherWidget(1236)]  ClearDataReceiver: {[2B4A2AC40B5A9FD87A06E8EADDAC90140D0735C4111B00ED5A4BFDD943296A603CF64C72E7F3E6D25FF9ACC8831CFEFA3E34FF6EAD00357EC7386503FB76F1C38DE7DC83CE464FCACDBF41BB39AB7B054A7DF2E7DC22A3D5464AE16F04652F0CC893404A7558568DB201C2D86D3385F2]}
03-24 14:53:50.431  3670  3994 W InputDispatcher: channel ~ Consumer closed input channel or an error occurred.  events=0x9
03-24 14:53:50.431  3670  3994 E InputDispatcher: channel ~ Channel is unrecoverably broken and will be disposed!
03-24 14:53:50.431  3670  3697 I WindowState: WIN DEATH: Window{abee68e u0 d0 SurfaceView}
03-24 14:53:50.431  3670  4454 D ConnectivityService: ConnectivityService NetworkRequestInfo binderDied(NetworkRequest [ id=277, legacyType=-1, [ Capabilities: INTERNET&NOT_RESTRICTED&TRUSTED] ], android.os.BinderProxy@44cc931)
03-24 14:53:50.431  3670  4029 D ConnectivityService: releasing NetworkRequest NetworkRequest [ id=277, legacyType=-1, [ Capabilities: INTERNET&NOT_RESTRICTED&TRUSTED] ]
03-24 14:53:50.431  3670  4947 D ConnectivityService: ConnectivityService NetworkRequestInfo binderDied(NetworkRequest [ id=275, legacyType=-1, [ Capabilities: INTERNET&NOT_RESTRICTED&TRUSTED] ], android.os.BinderProxy@6e4c816)
03-24 14:53:50.431  3670  4029 D ConnectivityService: sending notification RELEASED for NetworkRequest [ id=277, legacyType=-1, [ Capabilities: INTERNET&NOT_RESTRICTED&TRUSTED] ]
03-24 14:53:50.431  3670  4016 D ConnectivityService: ConnectivityService NetworkRequestInfo binderDied(NetworkRequest [ id=276, legacyType=-1, [ Capabilities: INTERNET&NOT_RESTRICTED&TRUSTED] ], android.os.BinderProxy@b641597)
03-24 14:53:50.431  3025  4439 D libEGL  : eglTerminate EGLDisplay = 0x7f7139ef88
03-24 14:53:50.431  3025  4439 D libEGL  : eglTerminate EGLDisplay = 0x7f7139ef88
03-24 14:53:50.431  3025  4439 D libEGL  : eglTerminate EGLDisplay = 0x7f7139ef88
03-24 14:53:50.431  3025  4439 D libEGL  : eglTerminate EGLDisplay = 0x7f7139ef88
03-24 14:53:50.431  3025  3732 I SurfaceFlinger: id=570 Removed TurfaceView (5/10)
03-24 14:53:50.431  3670  4029 E ConnectivityService: RemoteException caught trying to send a callback msg for NetworkRequest [ id=277, legacyType=-1, [ Capabilities: INTERNET&NOT_RESTRICTED&TRUSTED] ]
03-24 14:53:50.431  3670  4029 D ConnectivityService: releasing NetworkRequest NetworkRequest [ id=275, legacyType=-1, [ Capabilities: INTERNET&NOT_RESTRICTED&TRUSTED] ]
03-24 14:53:50.431  3670  4029 D ConnectivityService: sending notification RELEASED for NetworkRequest [ id=275, legacyType=-1, [ Capabilities: INTERNET&NOT_RESTRICTED&TRUSTED] ]
03-24 14:53:50.431  3670  4029 E ConnectivityService: RemoteException caught trying to send a callback msg for NetworkRequest [ id=275, legacyType=-1, [ Capabilities: INTERNET&NOT_RESTRICTED&TRUSTED] ]
03-24 14:53:50.431  3670  4029 D ConnectivityService: releasing NetworkRequest NetworkRequest [ id=276, legacyType=-1, [ Capabilities: INTERNET&NOT_RESTRICTED&TRUSTED] ]
03-24 14:53:50.431  3670  4029 D ConnectivityService: sending notification RELEASED for NetworkRequest [ id=276, legacyType=-1, [ Capabilities: INTERNET&NOT_RESTRICTED&TRUSTED] ]
03-24 14:53:50.441  3670  4029 E ConnectivityService: RemoteException caught trying to send a callback msg for NetworkRequest [ id=276, legacyType=-1, [ Capabilities: INTERNET&NOT_RESTRICTED&TRUSTED] ]
03-24 14:53:50.441  3670  3798 D StatusBarManagerService: manageDisableList userId=0 what=0x0 pkg=Window{f10140 u0 d0 com.microsoft.emmx/org.chromium.chrome.browser.ChromeTabbedActivity}
03-24 14:53:50.441  4103  4103 D PhoneStatusBar: setSystemUiVisibility vis=8600 mask=ffffffff oldVal=8000 newVal=8600 diff=600
03-24 14:53:50.441  4408  4408 D MenuAppsGridFragment: onResume
03-24 14:53:50.441  4408  4408 D MenuAppsGridFragment: changeState: (new)NORMAL(old)NORMAL(force)false
03-24 14:53:50.441  3670  4550 D GraphicsStats: Buffer count: 6
03-24 14:53:50.441  4408  4408 D Launcher.MenuAppsGrid: onConfigurationChanged MobileKeyboardChanged : false
03-24 14:53:50.441  4408  4408 D Launcher.MenuAppsGrid: updateGridSize:GRID_4x4 cellWidth:348  cellHeight:432
03-24 14:53:50.441  3025  3212 I SurfaceFlinger: id=570 Removed TurfaceView (-2/10)
03-24 14:53:50.441  3670  4421 I WindowState: WIN DEATH: Window{5e99c73 u0 d0 com.microsoft.emmx/org.chromium.chrome.browser.ChromeTabbedActivity}
03-24 14:53:50.441  3670  4019 D NetworkPolicy: isUidForegroundLocked: 10098, mScreenOn: true, uidstate: 16, mProxSensorScreenOff: false
03-24 14:53:50.441  3025  3025 D libEGL  : eglTerminate EGLDisplay = 0x7ff3f31e58
03-24 14:53:50.441  3670  3931 I WindowState: WIN DEATH: Window{b843ed u0 d0 SurfaceView}
03-24 14:53:50.441  3025  3212 I SurfaceFlinger: id=568 Removed TurfaceView (4/9)
03-24 14:53:50.441  3025  3210 I SurfaceFlinger: id=568 Removed TurfaceView (-2/9)
03-24 14:53:50.441  3670  4452 I WindowState: WIN DEATH: Window{f10140 u0 d0 com.microsoft.emmx/org.chromium.chrome.browser.ChromeTabbedActivity}
03-24 14:53:50.441  3670  4452 W InputDispatcher: Attempted to unregister already unregistered input channel
03-24 14:53:50.441  3025  4174 I SurfaceFlinger: id=567 Removed DhromeTabbe (5/8)
03-24 14:53:50.441  3025  3212 I SurfaceFlinger: id=567 Removed DhromeTabbe (-2/8)
03-24 14:53:50.451  4383  4383 I PersonaManager: mKnoxInfo is empty
03-24 14:53:50.451  4383  4383 I PersonaManager: mKnoxInfo is empty
03-24 14:53:50.451  4383  4383 I PersonaManager: mKnoxInfo is empty
03-24 14:53:50.451  4383  4383 W ResourcesManager: getTopLevelResources: /data/app/com.google.android.gms-1/base.apk / 1.0 running in com.android.nfc rsrc of package com.google.android.gms
03-24 14:53:50.451  4383  4383 W ResourcesManager: getTopLevelResources: /data/app/com.google.android.gms-1/base.apk / 1.0 running in com.android.nfc rsrc of package com.google.android.gms
03-24 14:53:50.451  4383  4383 D ApduServiceInfo: seId: 0
03-24 14:53:50.451  4383  4383 I PersonaManager: mKnoxInfo is empty
03-24 14:53:50.451  4408  4408 W ResourcesManager: getTopLevelResources: /system/app/SPlanner_M/SPlanner_M.apk / 1.0 running in com.sec.android.app.launcher rsrc of package com.android.calendar
03-24 14:53:50.461  4408  4408 D ResourcesManager: For user 0 new overlays fetched Null
03-24 14:53:50.461  4408  4408 D ApplicationPackageManager: we has com.android.calendar class. reuse it 
03-24 14:53:50.461  4408  4408 W ResourcesManager: getTopLevelResources: /system/app/SPlanner_M/SPlanner_M.apk / 1.0 running in com.sec.android.app.launcher rsrc of package com.android.calendar
03-24 14:53:50.461  4408  4408 D Minikin : FontFamily bestFont == NULL, so return vacant FakedFont
03-24 14:53:50.461  4408  4408 D Minikin : FontFamily bestFont == NULL, so return vacant FakedFont
03-24 14:53:50.461  4408  4408 D Minikin : FontFamily bestFont == NULL, so return vacant FakedFont
03-24 14:53:50.461  3025  3025 D libEGL  : eglTerminate EGLDisplay = 0x7ff3f31e58
03-24 14:53:50.461  3025  3025 D libEGL  : eglTerminate EGLDisplay = 0x7ff3f31e58
03-24 14:53:50.481  3670  6805 D ConnectivityService: returning getNetworkInfo for network type 1 : [type: WIFI[] - WIFI, state: CONNECTED/CONNECTED, reason: (unspecified), extra: "DataStructures", roaming: false, failover: false, isAvailable: true]
03-24 14:53:50.481  3025  3025 I SurfaceFlinger: id=571 createSurf (1440x2560),1 flag=4, MauncherAct
03-24 14:53:50.491  3670  3798 D StatusBarManagerService: manageDisableList userId=0 what=0x0 pkg=Window{c8297e0 u0 d0 com.sec.android.app.launcher/com.sec.android.app.launcher.activities.LauncherActivity}
03-24 14:53:50.491  3670  4952 D InputDispatcher: Focus entered window: 4408
03-24 14:53:50.491  3670  3884 D PointerIcon: setMouseIconStyle1 pointerType: 1001 iconType:101 flag:0 pid:3670 uid:1000
03-24 14:53:50.491  3670  3884 D PointerIcon: setMouseCustomIcon IconType is same.101
03-24 14:53:50.491  4408  4626 D mali_winsys: new_window_surface returns 0x3000,  [1440x2560]-format:1
03-24 14:53:50.491  3670  6805 D ConnectivityService: returning getNetworkInfo for network type 1 : [type: WIFI[] - WIFI, state: CONNECTED/CONNECTED, reason: (unspecified), extra: "DataStructures", roaming: false, failover: false, isAvailable: true]
03-24 14:53:50.491  3670  3931 D InputMethodManagerService: windowGainedFocus mCurrentFocusedUserId - 0 and mSecureKeypadEnabled-false
03-24 14:53:50.491  3670  3931 W InputMethodManagerService: Got RemoteException sending setActive(false) notification to pid 16109 uid 10098
03-24 14:53:50.501 18067 18067 D SamsungIME: IMPL finishInput
03-24 14:53:50.501 18067 18067 D SamsungIME: SwiftKeyWrapper writeDBdataToFileOnFinishInput
03-24 14:53:50.501 18067 18067 D SamsungIME: saveAndClear +
03-24 14:53:50.501 18067 18067 D SamsungIME: saveAndClear -
03-24 14:53:50.501 18067 18067 D SamsungIME: onStartInput: No inputType, No imeOption, isInputViewShown = false, isExtractViewShown = false, isShowInputRequested = false, isConfigChanged = false
03-24 14:53:50.501  3670  6805 D ConnectivityService: returning getNetworkInfo for network type 1 : [type: WIFI[] - WIFI, state: CONNECTED/CONNECTED, reason: (unspecified), extra: "DataStructures", roaming: false, failover: false, isAvailable: true]
03-24 14:53:50.501  3670  6805 D GameManagerService: identifyGamePackage. com.sec.android.app.launcher
03-24 14:53:50.511  3670  4421 V WindowStateAnimator: Finishing drawing window Window{c8297e0 u0 d0 com.sec.android.app.launcher/com.sec.android.app.launcher.activities.LauncherActivity}: mDrawState=DRAW_PENDING
03-24 14:53:50.511  4408  4408 I Timeline: Timeline: Activity_idle id: android.os.BinderProxy@765da0c time:70441446
03-24 14:53:50.511  4103  4103 D WallpaperService: updateSurface:[forceRelayout]false[redrawNeeded]false
03-24 14:53:50.511  4103  4103 D ImageWallpaper: onVisibilityChanged:true
03-24 14:53:50.511  4103  4103 D ImageWallpaper: drawFrame:false rotation:0 mLastRotation:0
03-24 14:53:50.511  4103  4103 D ImageWallpaper: drawFrame:[frame.width()]2240[frame.height()]2560
03-24 14:53:50.511  4103  4103 D ImageWallpaper: Suppressed drawFrame since redraw is not needed and offsets have not changed.
03-24 14:53:50.521  3025  3025 D libEGL  : eglInitialize EGLDisplay = 0x7ff3f31d28
03-24 14:53:50.541  3670  3884 W WindowAnimator: Failed to dispatch window animation state change.
03-24 14:53:50.541  3670  3884 W WindowAnimator: android.os.DeadObjectException
03-24 14:53:50.541  3670  3884 W WindowAnimator: 	at android.os.BinderProxy.transactNative(Native Method)
03-24 14:53:50.541  3670  3884 W WindowAnimator: 	at android.os.BinderProxy.transact(Binder.java:503)
03-24 14:53:50.541  3670  3884 W WindowAnimator: 	at android.view.IWindow$Stub$Proxy.onAnimationStopped(IWindow.java:607)
03-24 14:53:50.541  3670  3884 W WindowAnimator: 	at com.android.server.wm.WindowAnimator.updateWindowsLocked(WindowAnimator.java:535)
03-24 14:53:50.541  3670  3884 W WindowAnimator: 	at com.android.server.wm.WindowAnimator.animateLocked(WindowAnimator.java:1203)
03-24 14:53:50.541  3670  3884 W WindowAnimator: 	at com.android.server.wm.WindowAnimator.access$000(WindowAnimator.java:95)
03-24 14:53:50.541  3670  3884 W WindowAnimator: 	at com.android.server.wm.WindowAnimator$1.doFrame(WindowAnimator.java:182)
03-24 14:53:50.541  3670  3884 W WindowAnimator: 	at android.view.Choreographer$CallbackRecord.run(Choreographer.java:918)
03-24 14:53:50.541  3670  3884 W WindowAnimator: 	at android.view.Choreographer.doCallbacks(Choreographer.java:695)
03-24 14:53:50.541  3670  3884 W WindowAnimator: 	at android.view.Choreographer.doFrame(Choreographer.java:628)
03-24 14:53:50.541  3670  3884 W WindowAnimator: 	at android.view.Choreographer$FrameDisplayEventReceiver.run(Choreographer.java:906)
03-24 14:53:50.541  3670  3884 W WindowAnimator: 	at android.os.Handler.handleCallback(Handler.java:739)
03-24 14:53:50.541  3670  3884 W WindowAnimator: 	at android.os.Handler.dispatchMessage(Handler.java:95)
03-24 14:53:50.541  3670  3884 W WindowAnimator: 	at android.os.Looper.loop(Looper.java:158)
03-24 14:53:50.541  3670  3884 W WindowAnimator: 	at android.os.HandlerThread.run(HandlerThread.java:61)
03-24 14:53:50.541  3670  3884 W WindowAnimator: 	at com.android.server.ServiceThread.run(ServiceThread.java:46)
03-24 14:53:50.541  3025  3212 I SurfaceFlinger: id=569 Removed DhromeTabbe (3/8)
03-24 14:53:50.541  3025  4439 I SurfaceFlinger: id=569 Removed DhromeTabbe (-2/8)
03-24 14:53:50.541  3025  3732 I SurfaceFlinger: id=569 Removed DhromeTabbe (-2/8)
03-24 14:53:50.561  3025  3025 D libEGL  : eglTerminate EGLDisplay = 0x7ff3f31e58
03-24 14:53:50.881  3670  3796 D CustomFrequencyManagerService: releaseDVFSLockLocked : Getting Lock type frm List : DVFS_MIN_LIMIT  frequency : 1800000  uid : 1000  pid : 3670  tag : ACTIVITY_RESUME_BOOSTER@3
03-24 14:53:50.881  3670  3796 D ActivityManager: mDVFSHelper.release()
03-24 14:53:50.881  3670  3796 D CustomFrequencyManagerService: acquireDVFSLockLocked : type : DVFS_MIN_LIMIT  frequency : 1800000  uid : 1000  pid : 3670  pkgName : ACTIVITY_RESUME_BOOSTER@9
03-24 14:53:50.921  3670  3884 I Timeline: Timeline: Activity_windows_visible id: ActivityRecord{5c51c7 u0 com.sec.android.app.launcher/.activities.LauncherActivity t1} time:70441859
03-24 14:53:51.011 16453 16453 I FIPS_bssl: FIPS approved mode (1) | 16453 | app_process
03-24 14:53:51.011 16453 16453 D AndroidRuntime: >>>>>> START com.android.internal.os.RuntimeInit uid 2000 <<<<<<
03-24 14:53:51.021 16453 16453 D AndroidRuntime: CheckJNI is OFF
03-24 14:53:51.021 16453 16453 D AndroidRuntime: readGMSProperty: start
03-24 14:53:51.021 16453 16453 D AndroidRuntime: readGMSProperty: already setted!!
03-24 14:53:51.021 16453 16453 D AndroidRuntime: propertySet: couldn't set property (it is from app)
03-24 14:53:51.021 16453 16453 D AndroidRuntime: readGMSProperty: could not set the property(default)!!
03-24 14:53:51.021 16453 16453 D AndroidRuntime: readGMSProperty: end
03-24 14:53:51.021 16453 16453 D AndroidRuntime: addProductProperty: start
03-24 14:53:51.041 16453 16453 D ICU     : No timezone override file found: /data/misc/zoneinfo/current/icu/icu_tzdata.dat
03-24 14:53:51.061 16453 16453 I Radio-JNI: register_android_hardware_Radio DONE
03-24 14:53:51.071 16453 16453 E AffinityControl: AffinityControl: registerfunction enter
03-24 14:53:51.081 16453 16453 D AndroidRuntime: Calling main entry com.android.commands.monkey.Monkey
03-24 14:53:51.101  3670  3796 W BroadcastQueue: Skipping deliver [background] BroadcastRecord{fe4c3ee u-1 android.net.conn.CONNECTIVITY_CHANGE qIdx=4}, state= (IDLE) to ReceiverList{2e208f 16453 (unknown name)/2000/u-1 remote:b8d33f0}: process crashing
03-24 14:53:51.111 16453 16453 I Timeline: Timeline: Activity_launch_request id:org.mozilla.firefox time:70442046
03-24 14:53:51.111  3670  4143 I PersonaManager: mKnoxInfo is empty
03-24 14:53:51.111  3670  4143 D GameManagerService: identifyGamePackage. org.mozilla.firefox
03-24 14:53:51.111  3670  4143 D MultiWindowPolicy: Gamemode - return 0,  when calling  identifyForegroundApp(org.mozilla.firefox)
03-24 14:53:51.111  3670  4143 D CustomFrequencyManagerService: acquireDVFSLockLocked : type : DVFS_MIN_LIMIT  frequency : 1800000  uid : 1000  pid : 3670  pkgName : ACTIVITY_RESUME_BOOSTER@3
03-24 14:53:51.111  3670  4143 D ActivityManager: mDVFSHelper.acquire()
03-24 14:53:51.111  3670  4143 D FocusedStackFrame: Set to : 0
03-24 14:53:51.111  3670  4143 V WindowManager: addAppToken: AppWindowToken{d5d30fa token=Token{edb7725 ActivityRecord{f299f1c u0 org.mozilla.firefox/.App t137}}} to stack=1 task=137 at 0
03-24 14:53:51.121  4408  4408 D Launcher: onPause, Launcher: 236504
03-24 14:53:51.121  4408  4408 D Launcher.HomeView: onPause
03-24 14:53:51.121  4408  4408 D Launcher.Workspace: exitWidgetResizeMode. isClearResizeFrame is false
03-24 14:53:51.121  3670  4143 D InputDispatcher: Focused application set to: xxxx
03-24 14:53:51.121  3670  4143 D InputDispatcher: Focus left window: 4408
03-24 14:53:51.121  3670  4946 D SettingsProvider: isChangeAllowed() : name = user_rotation
03-24 14:53:51.121  3670  4946 D SettingsProvider: isChangeAllowed() : name = accelerometer_rotation
03-24 14:53:51.121  3670  4946 V WindowOrientationListener: OrientationSensorJudge.getProposedRotation, Rotation: -1
03-24 14:53:51.121  3670  4946 V WindowManager: rotationForOrientationLw(orient=1, last=0); user=0  sensorRotation=-1 mLidState=-1 mDockMode=0 mHdmiPlugged=false mMobileKeyboardEnabled=false displayId=0
03-24 14:53:51.121  3670  4946 V WindowOrientationListener: OrientationSensorJudge.getProposedRotation, Rotation: -1
03-24 14:53:51.121  3670  3884 D PointerIcon: setMouseIconStyle1 pointerType: 1001 iconType:101 flag:0 pid:3670 uid:1000
03-24 14:53:51.121  3670  3884 D PointerIcon: setMouseCustomIcon IconType is same.101
03-24 14:53:51.121  3670  4421 D SettingsProvider: isChangeAllowed() : name = accelerometer_rotation
03-24 14:53:51.121  3670  4421 V WindowOrientationListener: OrientationSensorJudge.getProposedRotation, Rotation: -1
03-24 14:53:51.121  3670  4421 V WindowManager: rotationForOrientationLw(orient=1, last=0); user=0  sensorRotation=-1 mLidState=-1 mDockMode=0 mHdmiPlugged=false mMobileKeyboardEnabled=false displayId=0
03-24 14:53:51.121  3670  4421 V WindowOrientationListener: OrientationSensorJudge.getProposedRotation, Rotation: -1
03-24 14:53:51.121 16462 16462 E Zygote  : v2
03-24 14:53:51.121 16462 16462 I libpersona: KNOX_SDCARD checking this for 10117
03-24 14:53:51.121 16462 16462 I libpersona: KNOX_SDCARD not a persona
03-24 14:53:51.121 16462 16462 W SELinux : Function: selinux_compare_spd_ram, index[1], priority [2], priority version is VE=SEPF_SECMOBILE_6.0.1_0003
03-24 14:53:51.121 16462 16462 E Zygote  : accessInfo : 0
03-24 14:53:51.121 16462 16462 W SELinux : SELinux: seapp_context_lookup: seinfo=default, level=s0:c512,c768, pkgname=org.mozilla.firefox 
03-24 14:53:51.131  3670  4552 I ActivityManager: Start proc 16462:org.mozilla.firefox/u0a117 for activity org.mozilla.firefox/.App
03-24 14:53:51.131  3670  4019 D NetworkPolicy: isUidForegroundLocked: 10117, mScreenOn: true, uidstate: -1, mProxSensorScreenOff: false
03-24 14:53:51.131  3670  3798 V WindowOrientationListener: OrientationSensorJudge.getProposedRotation, Rotation: -1
03-24 14:53:51.131  3670  3798 V WindowManager: rotationForOrientationLw(orient=1, last=0); user=0  sensorRotation=-1 mLidState=-1 mDockMode=0 mHdmiPlugged=false mMobileKeyboardEnabled=false displayId=0
03-24 14:53:51.131  3670  3798 V WindowOrientationListener: OrientationSensorJudge.getProposedRotation, Rotation: -1
03-24 14:53:51.131 16453 16453 I art     : System.exit called, status: 0
03-24 14:53:51.131 16453 16453 I AndroidRuntime: VM exiting with result code 0.
03-24 14:53:51.131  3670  3798 V WindowOrientationListener: OrientationSensorJudge.getProposedRotation, Rotation: -1
03-24 14:53:51.131  3670  3798 V WindowManager: rotationForOrientationLw(orient=1, last=0); user=0  sensorRotation=-1 mLidState=-1 mDockMode=0 mHdmiPlugged=false mMobileKeyboardEnabled=false displayId=0
03-24 14:53:51.131  3670  3798 V WindowOrientationListener: OrientationSensorJudge.getProposedRotation, Rotation: -1
03-24 14:53:51.141  3670  4952 D ActivityManager:  Launching org.mozilla.firefox, updated priority
03-24 14:53:51.141  3670  3670 D GameManagerService: NotifyRunnable. pkg: org.mozilla.firefox, type: 4, isMinimized: false, isTunableApp: false
03-24 14:53:51.141  3670  3796 V MARsPolicyManager: updatePackagesScore PackageInfo name -- org.mozilla.firefox
03-24 14:53:51.141  4408  4408 V LauncherAppWidgetHostView: calculateWidgetSize: (target widgetsize)  using w/h 1372 440 span 4 1 (widgetid 2) [current Gridsize : GRID_4x4]
03-24 14:53:51.141  4408  4408 D LauncherAppWidgetHostView: calculateWidgetSize() widget = Weather and Clock(widget id = 2) result hostview size = 1372 x 440
03-24 14:53:51.141  4408  4408 D LauncherAppWidgetHostView: setResizeScaleResult() 1372/ 440 scaleToResize = 1.0(widget id = 2)
03-24 14:53:51.151 16462 16462 W ResourcesManager: getTopLevelResources: /data/app/org.mozilla.firefox-1/base.apk / 1.0 running in org.mozilla.firefox rsrc of package org.mozilla.firefox
03-24 14:53:51.151  3670  3697 I InjectionManagerService -AppFeature: getCoreFeaturePkgList :[]
03-24 14:53:51.151 16462 16462 I InjectionManager: Inside getClassLibPath + mLibMap{0=, 1=}
03-24 14:53:51.151 16462 16462 D ResourcesManager: For user 0 new overlays fetched Null
03-24 14:53:51.151  3670  6805 D GameManagerService: identifyGamePackage. org.mozilla.firefox
03-24 14:53:51.151  3670  6805 D GameManagerService: identifyGamePackage. org.mozilla.firefox
03-24 14:53:51.151 16462 16462 I InjectionManager: Inside getClassLibPath caller 
03-24 14:53:51.151  3670  6805 D ConnectivityService: returning getNetworkInfo for network type 1 : [type: WIFI[] - WIFI, state: CONNECTED/CONNECTED, reason: (unspecified), extra: "DataStructures", roaming: false, failover: false, isAvailable: true]
03-24 14:53:51.161 16462 16462 I MultiDex: VM with version 2.1.0 has multidex support
03-24 14:53:51.161 16462 16462 I MultiDex: Installing application
03-24 14:53:51.161 16462 16462 I MultiDex: VM has multidex support, MultiDex support library is disabled.
