03-24 15:42:12.311  3670  3931 I PersonaManager: mKnoxInfo is empty
03-24 15:42:12.311  7275  7706 I System.out: (HTTPLog)-Static: isSBSettingEnabled false
03-24 15:42:12.311  7275  7706 I System.out: (HTTPLog)-Static: isSBSettingEnabled false
03-24 15:42:12.311  7275  7706 I qtaguid : Tagging socket 103 with tag 3000040700000000{805307399,0} uid -1, pid: 7275, getuid(): 10015
03-24 15:42:12.921  7275  7706 I qtaguid : Untagging socket 103
03-24 15:42:12.941  3670  4016 D BatteryService: !@BatteryListener : batteryPropertiesChanged!
03-24 15:42:12.941  3670  4016 D BatteryService: level:94, scale:100, status:2, health:2, present:true, voltage: 4257, temperature: 325, technology: Li-ion, AC powered:false, USB powered:true, POGO powered:false, Wireless powered:false, icon:17303414, invalid charger:0, maxChargingCurrent:0
03-24 15:42:12.941  3670  4016 D BatteryService: online:4, current avg:-277, charge type:1, power sharing:false, high voltage charger:false, capacity:280000, batterySWSelfDischarging:false, current_now:66
03-24 15:42:12.941  3670  3670 D BatteryService: Sending ACTION_BATTERY_CHANGED.
03-24 15:42:12.951  3670  3804 D BluetoothAdapter: STATE_BLE_ON
03-24 15:42:12.971 30611 30753 I EMMXGcmRegistrationTask: device token: cUK8OwQhLEc:APA91bEAgro8vh8pdkZIgVX1UhwFnVjLMK7n7XC9snusDvA_PGbPHubNAQR2ZPBeUIIQvHf5kTdgoAQlv5aWu-mxPOfABc9ptJaenwy1qtMzd_e8WWFNGLLQxdCwXLkB_sUQV7voufPN
03-24 15:42:12.971 30611 30753 I RubySyncClient: registerNotifications
03-24 15:42:12.971 30611 30635 W System.err: remove failed: ENOENT (No such file or directory) : /data/user/0/com.microsoft.emmx/shared_prefs/com.appboy.push_registration.xml.bak
03-24 15:42:12.981 30611 30710 I System.out: (HTTPLog)-Static: isSBSettingEnabled false
03-24 15:42:12.981 30611 30710 I System.out: (HTTPLog)-Static: isSBSettingEnabled false
03-24 15:42:12.981  3037  3741 D EnterpriseController: netId is 0
03-24 15:42:12.981  3037  3741 D Netd    : getNetworkForDns: using netid 510 for uid 10098
03-24 15:42:13.041  3670  3888 D PowerManagerService: [PSM] lowPowerModeEnabled: false (mLowPowerModeSetting: false, mIsPowered: true, mAutoLowPowerModeConfigured: false, mBatteryLevel: 94, mLowBatteryTriggerLevel: 0)
03-24 15:42:13.051  3670  3670 I MotionRecognitionService: Plugged
03-24 15:42:13.051  3670  3670 E MotionRecognitionService: support TA ~
03-24 15:42:13.051  3670  3670 I MotionRecognitionService: isTAConnected | current backoffstate  = 33792
03-24 15:42:13.051  3670  3670 D MotionRecognitionService:  TA connected ,  33792
03-24 15:42:13.051  3670  3670 I MotionRecognitionService: skip setTransmitPower. 
03-24 15:42:13.051  3670  3670 D MotionRecognitionService:   cableConnection= 1
03-24 15:42:13.051  3670  3670 D MotionRecognitionService: setPowerConnected | current backoffstate  = 33792 , state =33792
03-24 15:42:13.051  3670  3670 D MotionRecognitionService: skip setTransmitPower. 
03-24 15:42:13.051  4103  4103 D KeyguardUpdateMonitor: received broadcast android.intent.action.BATTERY_CHANGED
03-24 15:42:13.051  4103  4103 D PowerUI : priorPlugType = 2 mPlugType =  2
03-24 15:42:13.061  4103  4103 D PowerUI.Notification: showChargingNotice oldChargingType : 1 currentChargingType : 1 oldChargingTime : 937000 mChargingTime : 962000
03-24 15:42:13.061  4103  4103 D PowerUI.Notification: showChargingNotification()
03-24 15:42:13.061  3670  3796 V BroadcastQueue: [background] Process cur broadcast BroadcastRecord{cbfb448 u0 com.google.firebase.INSTANCE_ID_EVENT qIdx=4}, state= (APP_RECEIVE) DELIVERED for app ProcessRecord{bacdf8b 30611:com.microsoft.emmx/u0a98}
03-24 15:42:13.071  3670  3697 D ApplicationPolicy: isStatusBarNotificationAllowedAsUser: packageName = com.android.systemui,userId = -1
03-24 15:42:13.071  3670  3697 I PersonaManager: mKnoxInfo is empty
03-24 15:42:13.071  4103  4103 D KeyguardUpdateMonitor: handleBatteryUpdate
03-24 15:42:13.071  3670  3670 D MARsPolicyManager: NotificationListenerService OngoingNotificationPosted : com.android.systemui
03-24 15:42:13.071  3670  3698 I PersonaManager: mKnoxInfo is empty
03-24 15:42:13.071  4103  4103 D BatteryMeterView: ACTION_BATTERY_CHANGED : level:94 status:2 health:2
03-24 15:42:13.081  4103  4103 D BatteryMeterView: ACTION_BATTERY_CHANGED : level:94 status:2 health:2
03-24 15:42:13.091 30611 31068 I EMMXInstanceIDListener: Received token refresh request
03-24 15:42:13.091 30611 31068 I EMMXGcmController: fetchToken
03-24 15:42:13.111  4103  4103 W ResourcesManager: getTopLevelResources: /system/priv-app/SystemUI/SystemUI.apk / 1.0 running in com.android.systemui rsrc of package com.android.systemui
03-24 15:42:13.121  3670  3796 V BroadcastQueue: [background] Process cur broadcast BroadcastRecord{6805806 u0 com.google.android.gms.gcm.ACTION_SCHEDULE qIdx=4}, state= (APP_RECEIVE) DELIVERED for app ProcessRecord{68a6177 7275:com.google.android.gms.persistent/u0a15}
03-24 15:42:13.121  4103  4103 D PhoneStatusBar: setAreThereNotifications: N=2 any=true clearable=false
03-24 15:42:13.141  3670  3698 V AlarmManager:  remove PendingIntent] PendingIntent{a1b7ec7: PendingIntentRecord{e30a718 com.google.android.gms broadcastIntent}}
03-24 15:42:13.151  3670  4947 I PersonaManager: mKnoxInfo is empty
03-24 15:42:13.171  3670  4409 I PersonaManager: mKnoxInfo is empty
03-24 15:42:13.181  3670  6805 D SSRM:n  : SIOP:: AP = 500, PST = 420 (W:10), CP = 321, CUR = -277, LCD = 93
03-24 15:42:13.191  7275  7706 I System.out: (HTTPLog)-Static: isSBSettingEnabled false
03-24 15:42:13.191  7275  7706 I System.out: (HTTPLog)-Static: isSBSettingEnabled false
03-24 15:42:13.191  7275  7706 I qtaguid : Tagging socket 94 with tag 3000040700000000{805307399,0} uid -1, pid: 7275, getuid(): 10015
03-24 15:42:13.221  3670  6805 D ConnectivityService: returning getNetworkInfo for network type 1 : [type: WIFI[] - WIFI, state: CONNECTED/CONNECTED, reason: (unspecified), extra: "DataStructures", roaming: false, failover: false, isAvailable: true]
03-24 15:42:13.241  3670  6805 D ConnectivityService: returning getNetworkInfo for network type 1 : [type: WIFI[] - WIFI, state: CONNECTED/CONNECTED, reason: (unspecified), extra: "DataStructures", roaming: false, failover: false, isAvailable: true]
03-24 15:42:13.641  7275  7706 I qtaguid : Untagging socket 94
03-24 15:42:13.661 30611 31069 I EMMXGcmRegistrationTask: device token: cUK8OwQhLEc:APA91bEAgro8vh8pdkZIgVX1UhwFnVjLMK7n7XC9snusDvA_PGbPHubNAQR2ZPBeUIIQvHf5kTdgoAQlv5aWu-mxPOfABc9ptJaenwy1qtMzd_e8WWFNGLLQxdCwXLkB_sUQV7voufPN
03-24 15:42:13.661 30611 31069 I RubySyncClient: registerNotifications
03-24 15:42:13.681 30611 30611 D ConnectivityManager: requestNetwork; getAppId(CallingUid) : 10098, CallingPid : 30611
03-24 15:42:13.681  3670  4552 D ConnectivityService: listenForNetwork for Listen from uid/pid:10098/30611 for NetworkRequest [ id=393, legacyType=-1, [ Capabilities: INTERNET&NOT_RESTRICTED&TRUSTED] ]
03-24 15:42:13.681  3670  4029 D ConnectivityService: rematching NetworkAgentInfo [WIFI () - 510]
03-24 15:42:13.681  3670  4029 D ConnectivityService:  network has: NetworkAgentInfo{ ni{[type: WIFI[] - WIFI, state: CONNECTED/CONNECTED, reason: (unspecified), extra: "DataStructures", roaming: false, failover: false, isAvailable: true]}  network{510}  lp{{InterfaceName: wlan0 LinkAddresses: [fe80::ee9b:f3ff:fe73:43e9/64,192.168.0.174/24,]  Routes: [fe80::/64 -> :: wlan0,192.168.0.0/24 -> 0.0.0.0 wlan0,0.0.0.0/0 -> 192.168.0.1 wlan0,] DnsAddresses: [192.168.0.1,] Domains:  MTU: 0 TcpBufferSizes: 524288,1048576,4525824,524288,1048576,4525824}}  nc{[ Transports: WIFI Capabilities: INTERNET&NOT_RESTRICTED&TRUSTED&NOT_VPN&VALIDATED LinkUpBandwidth>=1048576Kbps LinkDnBandwidth>=1048576Kbps SignalStrength: -37]}  Score{60}  everValidated{true}  lastValidated{true}  created{true} lingering{false} explicitlySelected{false} acceptUnvalidated{false} everCaptivePortalDetected{false} lastCaptivePortalDetected{false} }
03-24 15:42:13.681  3670  4029 D ConnectivityService:   checking if request is: NetworkRequest [ id=393, legacyType=-1, [ Capabilities: INTERNET&NOT_RESTRICTED&TRUSTED] ] satisfies: true nri.isRequest: false
03-24 15:42:13.681  3670  4029 D ConnectivityService:   checking if request is: NetworkRequest [ id=391, legacyType=-1, [ Capabilities: INTERNET&NOT_RESTRICTED&TRUSTED] ] satisfies: true nri.isRequest: false
03-24 15:42:13.681  3670  4029 D ConnectivityService:   checking if request is: NetworkRequest [ id=5, legacyType=-1, [ Transports: WIFI Capabilities: INTERNET&NOT_RESTRICTED&TRUSTED&NOT_VPN] ] satisfies: true nri.isRequest: false
03-24 15:42:13.681  3670  4029 D ConnectivityService:   checking if request is: NetworkRequest [ id=392, legacyType=-1, [ Capabilities: INTERNET&NOT_RESTRICTED&TRUSTED] ] satisfies: true nri.isRequest: false
03-24 15:42:13.681  3670  4029 D ConnectivityService: Network NetworkAgentInfo [WIFI () - 510] was already satisfying request 1. No change.
03-24 15:42:13.681  3670  4029 D ConnectivityService:   checking if request is: NetworkRequest [ id=3, legacyType=-1, [] ] satisfies: true nri.isRequest: false
03-24 15:42:13.681  3670  4029 D ConnectivityService:   checking if request is: NetworkRequest [ id=4, legacyType=-1, [ Transports: CELLULAR Capabilities: INTERNET&NOT_RESTRICTED&TRUSTED&NOT_VPN] ] satisfies: false nri.isRequest: false
03-24 15:42:13.681  3670  4029 D ConnectivityService: sending notification AVAILABLE for NetworkRequest [ id=393, legacyType=-1, [ Capabilities: INTERNET&NOT_RESTRICTED&TRUSTED] ]
03-24 15:42:13.711 30611 30635 W System.err: remove failed: ENOENT (No such file or directory) : /data/user/0/com.microsoft.emmx/shared_prefs/com.appboy.storage.user_cache.push_token_store.37a6259cc0c1dae299a7866489dff0bd.xml.bak
03-24 15:42:14.701 25534 25534 E TRACKERS: File error! Can't Open File 
03-24 15:42:15.801  3670  3930 D PackageManager: [MSG] WRITE_PACKAGE_RESTRICTIONS
03-24 15:42:15.831  3670  3930 W System.err: remove failed: ENOENT (No such file or directory) : /data/system/users/0/package-restrictions.xml.bak
03-24 15:42:15.881 30934 30952 I chromium: [INFO:child_process_service.cc(73)] ChildProcessService: Exiting child process.
03-24 15:42:15.901 30611 30611 W chromium: [WARNING:compositor_view.cc(263)] Child process died (type=6) pid=30934)
03-24 15:42:15.901 30611 30757 W cr_ChildProcessConn: onServiceDisconnected (crash or killed by oom): pid=30934
03-24 15:42:15.901  3670  4550 I ActivityManager: Process com.microsoft.emmx:sandboxed_process2 (pid 30934)(adj 1) has died(76,1026)
03-24 15:42:15.901  3670  4550 D ActivityManager: cleanUpApplicationRecord -- 30934
03-24 15:42:15.911  3670  4550 D ActivityManager: isAutoRunBlockedApp:: com.microsoft.emmx, Auto Run ON
03-24 15:42:15.911  3670  4550 W ActivityManager: Scheduling restart of crashed service com.microsoft.emmx/org.chromium.content.app.EdgeSandboxedProcessService2 in 1000ms
03-24 15:42:17.251  3670  4283 E Watchdog: !@Sync 2444 [03-24 15:42:17.256]
03-24 15:42:19.051  3670  3796 W ActivityManager: Activity stop timeout for ActivityRecord{fcdcea1 u0 com.example.myapplication/.MainActivity t170}
03-24 15:42:21.191  3670  3796 I ActivityManager: Waited long enough for: ServiceRecord{eccf47f u0 com.yandex.browser/com.yandex.metrica.ConfigurationService}
03-24 15:42:22.981  3670  3697 D BatteryService: !@BatteryListener : batteryPropertiesChanged!
03-24 15:42:22.981  3670  3697 D BatteryService: level:94, scale:100, status:2, health:2, present:true, voltage: 4280, temperature: 325, technology: Li-ion, AC powered:false, USB powered:true, POGO powered:false, Wireless powered:false, icon:17303414, invalid charger:0, maxChargingCurrent:0
03-24 15:42:22.981  3670  3697 D BatteryService: online:4, current avg:-53, charge type:1, power sharing:false, high voltage charger:false, capacity:280000, batterySWSelfDischarging:false, current_now:227
03-24 15:42:22.981  3670  3670 D BatteryService: Sending ACTION_BATTERY_CHANGED.
03-24 15:42:22.981  3670  3670 I MotionRecognitionService: Plugged
03-24 15:42:22.981  3670  3670 E MotionRecognitionService: support TA ~
03-24 15:42:22.981  3670  3670 I MotionRecognitionService: isTAConnected | current backoffstate  = 33792
03-24 15:42:22.981  3670  3670 D MotionRecognitionService:  TA connected ,  33792
03-24 15:42:22.981  3670  3670 I MotionRecognitionService: skip setTransmitPower. 
03-24 15:42:22.981  3670  3670 D MotionRecognitionService:   cableConnection= 1
03-24 15:42:22.981  3670  3670 D MotionRecognitionService: setPowerConnected | current backoffstate  = 33792 , state =33792
03-24 15:42:22.981  3670  3670 D MotionRecognitionService: skip setTransmitPower. 
03-24 15:42:22.991  4103  4103 D KeyguardUpdateMonitor: received broadcast android.intent.action.BATTERY_CHANGED
03-24 15:42:22.991  4103  4103 D KeyguardUpdateMonitor: handleBatteryUpdate
03-24 15:42:22.991  4103  4103 D PowerUI : priorPlugType = 2 mPlugType =  2
03-24 15:42:22.991  4103  4103 D PowerUI.Notification: showChargingNotice oldChargingType : 1 currentChargingType : 1 oldChargingTime : 962000 mChargingTime : 962000
03-24 15:42:22.991  4103  4103 D PowerUI.Notification: There is no change about charging status, so return!
03-24 15:42:23.011  4103  4103 D BatteryMeterView: ACTION_BATTERY_CHANGED : level:94 status:2 health:2
03-24 15:42:23.011  4103  4103 D BatteryMeterView: ACTION_BATTERY_CHANGED : level:94 status:2 health:2
03-24 15:42:23.241  3670  6805 D SSRM:n  : SIOP:: AP = 440, PST = 429 (W:10), CP = 323, CUR = -53, LCD = 93
03-24 15:42:23.291  3670  6805 D ConnectivityService: returning getNetworkInfo for network type 1 : [type: WIFI[] - WIFI, state: CONNECTED/CONNECTED, reason: (unspecified), extra: "DataStructures", roaming: false, failover: false, isAvailable: true]
03-24 15:42:33.031  3670  4409 D BatteryService: !@BatteryListener : batteryPropertiesChanged!
03-24 15:42:33.031  3670  4409 D BatteryService: level:94, scale:100, status:2, health:2, present:true, voltage: 4285, temperature: 326, technology: Li-ion, AC powered:false, USB powered:true, POGO powered:false, Wireless powered:false, icon:17303414, invalid charger:0, maxChargingCurrent:0
03-24 15:42:33.031  3670  4409 D BatteryService: online:4, current avg:63, charge type:1, power sharing:false, high voltage charger:false, capacity:280000, batterySWSelfDischarging:false, current_now:249
03-24 15:42:33.031  3670  3670 D BatteryService: Sending ACTION_BATTERY_CHANGED.
03-24 15:42:33.041  3670  3670 I MotionRecognitionService: Plugged
03-24 15:42:33.041  3670  3670 E MotionRecognitionService: support TA ~
03-24 15:42:33.041  3670  3670 I MotionRecognitionService: isTAConnected | current backoffstate  = 33792
03-24 15:42:33.041  3670  3670 D MotionRecognitionService:  TA connected ,  33792
03-24 15:42:33.041  3670  3670 I MotionRecognitionService: skip setTransmitPower. 
03-24 15:42:33.041  3670  3670 D MotionRecognitionService:   cableConnection= 1
03-24 15:42:33.041  3670  3670 D MotionRecognitionService: setPowerConnected | current backoffstate  = 33792 , state =33792
03-24 15:42:33.041  3670  3670 D MotionRecognitionService: skip setTransmitPower. 
03-24 15:42:33.041  4103  4103 D KeyguardUpdateMonitor: received broadcast android.intent.action.BATTERY_CHANGED
03-24 15:42:33.041  4103  4103 D KeyguardUpdateMonitor: handleBatteryUpdate
03-24 15:42:33.041  4103  4103 D PowerUI : priorPlugType = 2 mPlugType =  2
03-24 15:42:33.041  4103  4103 D PowerUI.Notification: showChargingNotice oldChargingType : 1 currentChargingType : 1 oldChargingTime : 962000 mChargingTime : 962000
03-24 15:42:33.041  4103  4103 D PowerUI.Notification: There is no change about charging status, so return!
03-24 15:42:33.061  4103  4103 D BatteryMeterView: ACTION_BATTERY_CHANGED : level:94 status:2 health:2
03-24 15:42:33.061  4103  4103 D BatteryMeterView: ACTION_BATTERY_CHANGED : level:94 status:2 health:2
03-24 15:42:33.331  3670  6805 D SSRM:n  : SIOP:: AP = 420, PST = 429 (W:14), CP = 324, CUR = 63, LCD = 93
03-24 15:42:36.781  3670  4018 V NetworkStats: performPollLocked(flags=0x1)
03-24 15:42:36.781  3670  4018 D NtpTrustedTime: currentTimeMillis() cache hit
03-24 15:42:36.781  3670  4018 D NetworkStatsRecorder: entry.iface is null
03-24 15:42:36.781  3670  4018 D NetworkStatsRecorder: entry.iface is null
03-24 15:42:36.791  3670  4018 D NetworkStatsRecorder: entry.iface is null
03-24 15:42:36.791  3670  4018 D NetworkStatsRecorder: entry.iface is null
03-24 15:42:36.791  3670  4018 D NtpTrustedTime: currentTimeMillis() cache hit
03-24 15:42:36.791  3670  4018 V NetworkStats: performPollLocked() took 11ms
03-24 15:42:36.791  3670  4019 D NtpTrustedTime: currentTimeMillis() cache hit
03-24 15:42:36.811  3670  4019 D NtpTrustedTime: currentTimeMillis() cache hit
03-24 15:42:37.241 31321 31321 I FIPS_bssl: FIPS approved mode (1) | 31321 | app_process
03-24 15:42:37.251 31321 31321 D AndroidRuntime: >>>>>> START com.android.internal.os.RuntimeInit uid 2000 <<<<<<
03-24 15:42:37.251 31321 31321 D AndroidRuntime: CheckJNI is OFF
03-24 15:42:37.251 31321 31321 D AndroidRuntime: readGMSProperty: start
03-24 15:42:37.251 31321 31321 D AndroidRuntime: readGMSProperty: already setted!!
03-24 15:42:37.251 31321 31321 D AndroidRuntime: propertySet: couldn't set property (it is from app)
03-24 15:42:37.251 31321 31321 D AndroidRuntime: readGMSProperty: could not set the property(default)!!
03-24 15:42:37.251 31321 31321 D AndroidRuntime: readGMSProperty: end
03-24 15:42:37.251 31321 31321 D AndroidRuntime: addProductProperty: start
03-24 15:42:37.271 31321 31321 D ICU     : No timezone override file found: /data/misc/zoneinfo/current/icu/icu_tzdata.dat
03-24 15:42:37.301 31321 31321 I Radio-JNI: register_android_hardware_Radio DONE
03-24 15:42:37.301 31321 31321 E AffinityControl: AffinityControl: registerfunction enter
03-24 15:42:37.321 31321 31321 D AndroidRuntime: Calling main entry com.android.commands.am.Am
03-24 15:42:37.321  3670  4407 I ActivityManager: Force stopping com.microsoft.emmx appid=10098 user=0: from pid 31321
03-24 15:42:37.321  3670  4407 I PersonaManager: mKnoxInfo is empty
03-24 15:42:37.321  3670  4407 I PersonaManager: mKnoxInfo is empty
03-24 15:42:37.321  3670  4407 I ActivityManager: Killing 30611:com.microsoft.emmx/u0a98 (adj 0): stop com.microsoft.emmx cause from pid 31321
03-24 15:42:37.321  3670  4407 D ActivityManager: cleanUpApplicationRecord -- 30611
03-24 15:42:37.321  3670  4407 D ActivityManager: isAutoRunBlockedApp:: com.microsoft.emmx, Auto Run ON
03-24 15:42:37.321  3670  4407 W ActivityManager: Force removing ActivityRecord{2a722b9 u0 com.microsoft.emmx/org.chromium.chrome.browser.ChromeTabbedActivity t212}: app died, no saved state
03-24 15:42:37.331 30801 30801 I cr_ChildProcessService: Destroying ChildProcessService pid=30801
03-24 15:42:37.331 30843 30843 I cr_ChildProcessService: Destroying ChildProcessService pid=30843
03-24 15:42:37.331 30758 30758 I cr_ChildProcessService: Destroying ChildProcessService pid=30758
03-24 15:42:37.341  3670  4407 D InputDispatcher: Focused application set to: xxxx
03-24 15:42:37.341  3025  4439 D libEGL  : eglTerminate EGLDisplay = 0x7f7139ee78
03-24 15:42:37.341  3025  4439 D libEGL  : eglTerminate EGLDisplay = 0x7f7139ee78
03-24 15:42:37.341  3670  4407 D InputDispatcher: Focus left window: 30611
03-24 15:42:37.341  3670  3884 D PointerIcon: setMouseIconStyle1 pointerType: 1001 iconType:101 flag:0 pid:3670 uid:1000
03-24 15:42:37.341  3670  3884 D PointerIcon: setMouseCustomIcon IconType is same.101
03-24 15:42:37.341  3670  4407 D CustomFrequencyManagerService: acquireDVFSLockLocked : type : DVFS_MIN_LIMIT  frequency : 1800000  uid : 1000  pid : 3670  pkgName : ACTIVITY_RESUME_BOOSTER@3
03-24 15:42:37.351  3670  4407 D ActivityManager: mDVFSHelper.acquire()
03-24 15:42:37.351  3670  4407 I ActivityManager: Killing 30843:com.microsoft.emmx:sandboxed_process1/u0a98i269 (adj 0): isolated not needed
03-24 15:42:37.351  3670  4407 I ActivityManager: Killing 30758:com.microsoft.emmx:sandboxed_process0/u0a98i268 (adj 0): isolated not needed
03-24 15:42:37.351  3025  3210 D libEGL  : eglTerminate EGLDisplay = 0x7f76d80e78
03-24 15:42:37.351  3670  4407 V WindowOrientationListener: setCurrentAppOrientation :-1
03-24 15:42:37.351  3670  4407 V WindowOrientationListener: OrientationSensorJudge.getProposedRotation, Rotation: -1
03-24 15:42:37.351  3670  4407 V WindowManager: rotationForOrientationLw(orient=-1, last=0); user=0  sensorRotation=-1 mLidState=-1 mDockMode=0 mHdmiPlugged=false mMobileKeyboardEnabled=false displayId=0
03-24 15:42:37.351  3670  4407 V WindowOrientationListener: OrientationSensorJudge.getProposedRotation, Rotation: -1
03-24 15:42:37.351  3670  3670 D GameManagerService: NotifyRunnable. pkg: com.example.myapplication, type: 4, isMinimized: false, isTunableApp: false
03-24 15:42:37.351  3670  3796 V MARsPolicyManager: updatePackagesScore PackageInfo name -- com.example.myapplication
03-24 15:42:37.351  3670  4407 D InputDispatcher: Focus entered window: 25534
03-24 15:42:37.351  3670  4407 I ActivityManager: Killing 30801:com.microsoft.emmx:privileged_process0/u0a98 (adj 0): stop com.microsoft.emmx cause from pid 31321
03-24 15:42:37.351  3670  4407 D ActivityManager: cleanUpApplicationRecord -- 30801
03-24 15:42:37.351  3670  4407 D ActivityManager: isAutoRunBlockedApp:: com.microsoft.emmx, Auto Run ON
03-24 15:42:37.361 31321 31321 D AndroidRuntime: Shutting down VM
03-24 15:42:37.361  3670  4550 D ActivityManager: cleanUpApplicationRecord -- 30843
03-24 15:42:37.361  3670  4550 D ActivityManager: isAutoRunBlockedApp:: com.microsoft.emmx, Auto Run ON
03-24 15:42:37.371  3670  4552 D ActivityManager: cleanUpApplicationRecord -- 30758
03-24 15:42:37.371  3670  4552 D ActivityManager: isAutoRunBlockedApp:: com.microsoft.emmx, Auto Run ON
03-24 15:42:37.371  3670  3798 D StatusBarManagerService: manageDisableList userId=0 what=0x0 pkg=Window{dadd50c u0 d0 com.microsoft.emmx/org.chromium.chrome.browser.ChromeTabbedActivity}
03-24 15:42:37.371  3670  3884 D PointerIcon: setMouseIconStyle1 pointerType: 1001 iconType:101 flag:0 pid:3670 uid:1000
03-24 15:42:37.371  3670  3884 D PointerIcon: setMouseCustomIcon IconType is same.101
03-24 15:42:37.371  4103  4103 D PhoneStatusBar: setSystemUiVisibility vis=8600 mask=ffffffff oldVal=8000 newVal=8600 diff=600
03-24 15:42:37.381  3670  3670 V AlarmManager: Remove alarm for next reason : android.intent.action.PACKAGE_RESTARTED : package: com.microsoft.emmx
03-24 15:42:37.381  3670  3796 V BroadcastQueue: [background] Process cur broadcast BroadcastRecord{cf44651 u0 android.intent.action.PACKAGE_RESTARTED qIdx=4}, state= (APP_RECEIVE) DELIVERED for app ProcessRecord{a8b6d0a 3670:system/1000}
03-24 15:42:37.381  3670  4019 D NetworkPolicy: isUidForegroundLocked: 10185, mScreenOn: true, uidstate: 2, mProxSensorScreenOff: false
03-24 15:42:37.381  4383  4383 I PersonaManager: mKnoxInfo is empty
03-24 15:42:37.381  3670  4019 D NetworkPolicy: isUidForegroundLocked: 10098, mScreenOn: true, uidstate: 16, mProxSensorScreenOff: false
03-24 15:42:37.381  4383  4383 I PersonaManager: mKnoxInfo is empty
03-24 15:42:37.391  4383  4383 I PersonaManager: mKnoxInfo is empty
03-24 15:42:37.391  4383  4383 W ResourcesManager: getTopLevelResources: /data/app/com.google.android.gms-1/base.apk / 1.0 running in com.android.nfc rsrc of package com.google.android.gms
03-24 15:42:37.391  4383  4383 W ResourcesManager: getTopLevelResources: /data/app/com.google.android.gms-1/base.apk / 1.0 running in com.android.nfc rsrc of package com.google.android.gms
03-24 15:42:37.391  3670  3670 V BroadcastQueue: [background] Process cur broadcast BroadcastRecord{cf44651 u0 android.intent.action.PACKAGE_RESTARTED qIdx=4}, state= (APP_RECEIVE) DELIVERED for app ProcessRecord{b18f6e4 25230:com.sec.android.app.soundalive/u0a62}
03-24 15:42:37.391 25230 25230 D SAControlPanelReceiver: *****onReceive()*****
03-24 15:42:37.391 25230 25230 D SAControlPanelReceiver: Action: android.intent.action.PACKAGE_RESTARTED
03-24 15:42:37.391  4383  4383 D ApduServiceInfo: seId: 0
03-24 15:42:37.391  4383  4383 I PersonaManager: mKnoxInfo is empty
03-24 15:42:37.391  3670  3798 D StatusBarManagerService: manageDisableList userId=0 what=0x0 pkg=Window{5ca5f76 u0 d0 com.example.myapplication/com.example.myapplication.MainActivity}
03-24 15:42:37.401  3670  3994 W InputDispatcher: channel ~ Consumer closed input channel or an error occurred.  events=0x9
03-24 15:42:37.401  3670  3994 E InputDispatcher: channel ~ Channel is unrecoverably broken and will be disposed!
03-24 15:42:37.401  3670  4452 D ConnectivityService: ConnectivityService NetworkRequestInfo binderDied(NetworkRequest [ id=393, legacyType=-1, [ Capabilities: INTERNET&NOT_RESTRICTED&TRUSTED] ], android.os.BinderProxy@514ceb6)
03-24 15:42:37.401  3670  4952 I WindowState: WIN DEATH: Window{d63c22c u0 d0 SurfaceView}
03-24 15:42:37.401  3670  4029 D ConnectivityService: releasing NetworkRequest NetworkRequest [ id=393, legacyType=-1, [ Capabilities: INTERNET&NOT_RESTRICTED&TRUSTED] ]
03-24 15:42:37.401  3025  4439 D libEGL  : eglTerminate EGLDisplay = 0x7f7139ef88
03-24 15:42:37.401  3670  4143 D ConnectivityService: ConnectivityService NetworkRequestInfo binderDied(NetworkRequest [ id=392, legacyType=-1, [ Capabilities: INTERNET&NOT_RESTRICTED&TRUSTED] ], android.os.BinderProxy@565f68d)
03-24 15:42:37.401  3025  4439 D libEGL  : eglTerminate EGLDisplay = 0x7f7139ef88
03-24 15:42:37.401  3670  4946 D ConnectivityService: ConnectivityService NetworkRequestInfo binderDied(NetworkRequest [ id=391, legacyType=-1, [ Capabilities: INTERNET&NOT_RESTRICTED&TRUSTED] ], android.os.BinderProxy@b972042)
03-24 15:42:37.401  3670  4552 D GraphicsStats: Buffer count: 6
03-24 15:42:37.401  3670  4029 D ConnectivityService: sending notification RELEASED for NetworkRequest [ id=393, legacyType=-1, [ Capabilities: INTERNET&NOT_RESTRICTED&TRUSTED] ]
03-24 15:42:37.401  3025  4439 D libEGL  : eglTerminate EGLDisplay = 0x7f7139ef88
03-24 15:42:37.401  3670  4524 V BroadcastQueue: [background] Process cur broadcast BroadcastRecord{cf44651 u0 android.intent.action.PACKAGE_RESTARTED qIdx=4}, state= (APP_RECEIVE) DELIVERED for app ProcessRecord{81441b6 25088:com.sec.android.daemonapp/u0a145}
03-24 15:42:37.401  3025  4439 D libEGL  : eglTerminate EGLDisplay = 0x7f7139ef88
03-24 15:42:37.401  3670  4029 E ConnectivityService: RemoteException caught trying to send a callback msg for NetworkRequest [ id=393, legacyType=-1, [ Capabilities: INTERNET&NOT_RESTRICTED&TRUSTED] ]
03-24 15:42:37.401  3670  4029 D ConnectivityService: releasing NetworkRequest NetworkRequest [ id=392, legacyType=-1, [ Capabilities: INTERNET&NOT_RESTRICTED&TRUSTED] ]
03-24 15:42:37.411  3670  4029 D ConnectivityService: sending notification RELEASED for NetworkRequest [ id=392, legacyType=-1, [ Capabilities: INTERNET&NOT_RESTRICTED&TRUSTED] ]
03-24 15:42:37.411  3670  4029 E ConnectivityService: RemoteException caught trying to send a callback msg for NetworkRequest [ id=392, legacyType=-1, [ Capabilities: INTERNET&NOT_RESTRICTED&TRUSTED] ]
03-24 15:42:37.411  3670  4029 D ConnectivityService: releasing NetworkRequest NetworkRequest [ id=391, legacyType=-1, [ Capabilities: INTERNET&NOT_RESTRICTED&TRUSTED] ]
03-24 15:42:37.411  3670  4029 D ConnectivityService: sending notification RELEASED for NetworkRequest [ id=391, legacyType=-1, [ Capabilities: INTERNET&NOT_RESTRICTED&TRUSTED] ]
03-24 15:42:37.411  3670  4029 E ConnectivityService: RemoteException caught trying to send a callback msg for NetworkRequest [ id=391, legacyType=-1, [ Capabilities: INTERNET&NOT_RESTRICTED&TRUSTED] ]
03-24 15:42:37.411  3025  3212 I SurfaceFlinger: id=848 Removed TurfaceView (6/11)
03-24 15:42:37.411 25088 25088 D [WeatherWidget(1236)]  ClearDataReceiver: {[2B4A2AC40B5A9FD87A06E8EADDAC90140D0735C4111B00ED5A4BFDD943296A603CF64C72E7F3E6D25FF9ACC8831CFEFA3E34FF6EAD00357EC7386503FB76F1C38DE7DC83CE464FCACDBF41BB39AB7B054A7DF2E7DC22A3D5464AE16F04652F0CC893404A7558568DB201C2D86D3385F2]}
03-24 15:42:37.411  3025  3025 D libEGL  : eglTerminate EGLDisplay = 0x7ff3f31e58
03-24 15:42:37.411  3670  4407 I WindowState: WIN DEATH: Window{47050c9 u0 d0 com.microsoft.emmx/org.chromium.chrome.browser.ChromeTabbedActivity}
03-24 15:42:37.411  3670  3697 I WindowState: WIN DEATH: Window{e8bf309 u0 d0 SurfaceView}
03-24 15:42:37.411  3025  3210 I SurfaceFlinger: id=846 Removed TurfaceView (4/10)
03-24 15:42:37.411  3025  4174 I SurfaceFlinger: id=846 Removed TurfaceView (-2/10)
03-24 15:42:37.421  3670  4524 W InputDispatcher: Attempted to unregister already unregistered input channel
03-24 15:42:37.421  3670  4524 I WindowState: WIN DEATH: Window{dadd50c u0 d0 com.microsoft.emmx/org.chromium.chrome.browser.ChromeTabbedActivity}
03-24 15:42:37.421  3025  3212 I SurfaceFlinger: id=845 Removed DhromeTabbe (5/9)
03-24 15:42:37.421  3025  3212 I SurfaceFlinger: id=845 Removed DhromeTabbe (-2/9)
03-24 15:42:37.431  3025  3025 D libEGL  : eglTerminate EGLDisplay = 0x7ff3f31e58
03-24 15:42:37.431  3025  3025 D libEGL  : eglTerminate EGLDisplay = 0x7ff3f31e58
03-24 15:42:37.511  3670  3884 W WindowAnimator: Failed to dispatch window animation state change.
03-24 15:42:37.511  3670  3884 W WindowAnimator: android.os.DeadObjectException
03-24 15:42:37.511  3670  3884 W WindowAnimator: 	at android.os.BinderProxy.transactNative(Native Method)
03-24 15:42:37.511  3670  3884 W WindowAnimator: 	at android.os.BinderProxy.transact(Binder.java:503)
03-24 15:42:37.511  3670  3884 W WindowAnimator: 	at android.view.IWindow$Stub$Proxy.onAnimationStopped(IWindow.java:607)
03-24 15:42:37.511  3670  3884 W WindowAnimator: 	at com.android.server.wm.WindowAnimator.updateWindowsLocked(WindowAnimator.java:535)
03-24 15:42:37.511  3670  3884 W WindowAnimator: 	at com.android.server.wm.WindowAnimator.animateLocked(WindowAnimator.java:1203)
03-24 15:42:37.511  3670  3884 W WindowAnimator: 	at com.android.server.wm.WindowAnimator.access$000(WindowAnimator.java:95)
03-24 15:42:37.511  3670  3884 W WindowAnimator: 	at com.android.server.wm.WindowAnimator$1.doFrame(WindowAnimator.java:182)
03-24 15:42:37.511  3670  3884 W WindowAnimator: 	at android.view.Choreographer$CallbackRecord.run(Choreographer.java:918)
03-24 15:42:37.511  3670  3884 W WindowAnimator: 	at android.view.Choreographer.doCallbacks(Choreographer.java:695)
03-24 15:42:37.511  3670  3884 W WindowAnimator: 	at android.view.Choreographer.doFrame(Choreographer.java:628)
03-24 15:42:37.511  3670  3884 W WindowAnimator: 	at android.view.Choreographer$FrameDisplayEventReceiver.run(Choreographer.java:906)
03-24 15:42:37.511  3670  3884 W WindowAnimator: 	at android.os.Handler.handleCallback(Handler.java:739)
03-24 15:42:37.511  3670  3884 W WindowAnimator: 	at android.os.Handler.dispatchMessage(Handler.java:95)
03-24 15:42:37.511  3670  3884 W WindowAnimator: 	at android.os.Looper.loop(Looper.java:158)
03-24 15:42:37.511  3670  3884 W WindowAnimator: 	at android.os.HandlerThread.run(HandlerThread.java:61)
03-24 15:42:37.511  3670  3884 W WindowAnimator: 	at com.android.server.ServiceThread.run(ServiceThread.java:46)
03-24 15:42:37.511  3025  3732 I SurfaceFlinger: id=847 Removed DhromeTabbe (3/8)
03-24 15:42:37.511  3025  4439 I SurfaceFlinger: id=847 Removed DhromeTabbe (-2/8)
03-24 15:42:37.511  3025  3212 I SurfaceFlinger: id=847 Removed DhromeTabbe (-2/8)
03-24 15:42:37.531  3025  3025 D libEGL  : eglTerminate EGLDisplay = 0x7ff3f31e58
03-24 15:42:37.991 31340 31340 I FIPS_bssl: FIPS approved mode (1) | 31340 | app_process
03-24 15:42:37.991 31340 31340 D AndroidRuntime: >>>>>> START com.android.internal.os.RuntimeInit uid 2000 <<<<<<
03-24 15:42:38.001 31340 31340 D AndroidRuntime: CheckJNI is OFF
03-24 15:42:38.001 31340 31340 D AndroidRuntime: readGMSProperty: start
03-24 15:42:38.001 31340 31340 D AndroidRuntime: readGMSProperty: already setted!!
03-24 15:42:38.001 31340 31340 D AndroidRuntime: propertySet: couldn't set property (it is from app)
03-24 15:42:38.001 31340 31340 D AndroidRuntime: readGMSProperty: could not set the property(default)!!
03-24 15:42:38.001 31340 31340 D AndroidRuntime: readGMSProperty: end
03-24 15:42:38.001 31340 31340 D AndroidRuntime: addProductProperty: start
03-24 15:42:38.021 31340 31340 D ICU     : No timezone override file found: /data/misc/zoneinfo/current/icu/icu_tzdata.dat
03-24 15:42:38.041 31340 31340 I Radio-JNI: register_android_hardware_Radio DONE
03-24 15:42:38.051 31340 31340 E AffinityControl: AffinityControl: registerfunction enter
03-24 15:42:38.061 31340 31340 D AndroidRuntime: Calling main entry com.android.commands.monkey.Monkey
03-24 15:42:38.081  3670  3796 W BroadcastQueue: Skipping deliver [background] BroadcastRecord{4c86e89 u-1 android.net.conn.CONNECTIVITY_CHANGE qIdx=4}, state= (IDLE) to ReceiverList{1fafe8e 31340 (unknown name)/2000/u-1 remote:390853}: process crashing
03-24 15:42:38.091 31340 31340 I Timeline: Timeline: Activity_launch_request id:org.mozilla.firefox time:73369025
03-24 15:42:38.091  3670  4143 I PersonaManager: mKnoxInfo is empty
03-24 15:42:38.091  3670  4143 D GameManagerService: identifyGamePackage. org.mozilla.firefox
03-24 15:42:38.091  3670  4143 D MultiWindowPolicy: Gamemode - return 0,  when calling  identifyForegroundApp(org.mozilla.firefox)
03-24 15:42:38.091  3670  4143 D CustomFrequencyManagerService: releaseDVFSLockLocked : Getting Lock type frm List : DVFS_MIN_LIMIT  frequency : 1800000  uid : 1000  pid : 3670  tag : ACTIVITY_RESUME_BOOSTER@3
03-24 15:42:38.091  3670  4143 D CustomFrequencyManagerService: acquireDVFSLockLocked : type : DVFS_MIN_LIMIT  frequency : 1800000  uid : 1000  pid : 3670  pkgName : ACTIVITY_RESUME_BOOSTER@3
03-24 15:42:38.091  3670  4143 D ActivityManager: mDVFSHelper.acquire()
03-24 15:42:38.091  3670  4143 V WindowManager: addAppToken: AppWindowToken{bc06a45 token=Token{2cbeabc ActivityRecord{141d6af u0 org.mozilla.firefox/.App t213}}} to stack=1 task=213 at 0
03-24 15:42:38.111  3670  4143 D InputDispatcher: Focused application set to: xxxx
03-24 15:42:38.111  3670  4143 D InputDispatcher: Focus left window: 25534
03-24 15:42:38.111  3670  3884 D PointerIcon: setMouseIconStyle1 pointerType: 1001 iconType:101 flag:0 pid:3670 uid:1000
03-24 15:42:38.111  3670  3884 D PointerIcon: setMouseCustomIcon IconType is same.101
03-24 15:42:38.111  3670  4452 D SettingsProvider: isChangeAllowed() : name = user_rotation
03-24 15:42:38.111  3670  4452 D SettingsProvider: isChangeAllowed() : name = accelerometer_rotation
03-24 15:42:38.111  3670  4452 V WindowOrientationListener: OrientationSensorJudge.getProposedRotation, Rotation: -1
03-24 15:42:38.111  3670  4452 V WindowManager: rotationForOrientationLw(orient=-1, last=0); user=0  sensorRotation=-1 mLidState=-1 mDockMode=0 mHdmiPlugged=false mMobileKeyboardEnabled=false displayId=0
03-24 15:42:38.111  3670  4452 V WindowOrientationListener: OrientationSensorJudge.getProposedRotation, Rotation: -1
03-24 15:42:38.111  3670  3798 D SContextService: unregisterCallback() : Listener = android.hardware.scontext.SContextService$Listener@cc034ed, Service = Auto Rotation, used = 0
03-24 15:42:38.111  3670  3798 W CAE     : unregisterCallback(ContextAwareService.java:206) - [unregi 01] Mutex is locked for AUTO_ROTATION
03-24 15:42:38.121  3670  3798 V CAE     : stop(ContextProvider.java:155)
03-24 15:42:38.121  3670  3798 V CAE     : clear(AutoRotationRunner.java:182)
03-24 15:42:38.121  3670  3798 V CAE     : disable(AutoRotationRunner.java:171)
03-24 15:42:38.121  3670  3798 I CAE     : sendCmdToSensorHub(SensorHubCommManager.java:162) - -78, 7, 0, 0,
03-24 15:42:38.121  3670  3798 D SensorHubManager: SendSensorHubData: send data = -78, 7, 0, 0
03-24 15:42:38.121  3054  3104 D Sensorhubs: sendContextData: -78, 7, 0, 0
03-24 15:42:38.131  3670  3798 D CAE     : getFaultDetectionResult(AutoRotationRunner.java:195) - true
03-24 15:42:38.131  3670  3798 I CAE     : notifyCmdProcessResultObserver(ContextProvider.java:627) - CheckResult = 0, Cause = Success
03-24 15:42:38.131  3670  4421 D SettingsProvider: isChangeAllowed() : name = accelerometer_rotation
03-24 15:42:38.141  3670  3798 D CAE     : doCommendProcess(ContextAwareService.java:433) - complete notify the operation result.
03-24 15:42:38.141  3670  3798 I CAE     : displayUsedCountForService(ContextAwareService.java:525) - totalCnt = 0, serviceCount = 0, subCollectionCount = 0
03-24 15:42:38.141  3670  3798 D CAE     : showListenerList(ContextAwareService.java:366) - ===== Context Aware Service List =====
03-24 15:42:38.141  3670  3798 I CAE     : showListenerList(ContextAwareService.java:375) - Listener : com.samsung.android.contextaware.manager.ContextAwareService$Listener@1e966aa, Service : ACTIVITY_TRACKER_CURRENT_INFO(1)
03-24 15:42:38.141  3670  3798 I CAE     : showListenerList(ContextAwareService.java:375) - Listener : com.samsung.android.contextaware.manager.ContextAwareService$Listener@1e966aa, Service : ACTIVITY_TRACKER(1)
03-24 15:42:38.141  3670  3798 I CAE     : showListenerList(ContextAwareService.java:375) - Listener : com.samsung.android.contextaware.manager.ContextAwareService$Listener@1bfe120, Service : AUTO_BRIGHTNESS(1)
03-24 15:42:38.141  3670  3798 W CAE     : unregisterCallback(ContextAwareService.java:241) - [unregi 02] Mutex is unlocked for AUTO_ROTATION
03-24 15:42:38.141  3670  3798 D SContextService: 	.unregisterCallback : 3, client=
03-24 15:42:38.141  3670  3798 D SContextService: ===== SContext Service List =====
03-24 15:42:38.141  3670  4421 V WindowManager: rotationForOrientationLw(orient=-1, last=0); user=0 USER_ROTATION_LOCKED sensorRotation=-1 mLidState=-1 mDockMode=0 mHdmiPlugged=false mMobileKeyboardEnabled=false displayId=0
03-24 15:42:38.141  3670  3798 D SContextService: Listener : android.hardware.scontext.SContextService$Listener@40acad9, Service : Auto Brightness
03-24 15:42:38.141  3670  3798 D SContextService: Listener : android.hardware.scontext.SContextService$Listener@90a289b, Service : Activity Tracker
03-24 15:42:38.141  3670  3798 D SContextManager:   .unregisterListener : listener = com.android.server.policy.WindowOrientationListener$OrientationSensorJudge@a57e543, service=Auto Rotation
03-24 15:42:38.141  3670  3798 V WindowManager: rotationForOrientationLw(orient=-1, last=0); user=0 USER_ROTATION_LOCKED sensorRotation=-1 mLidState=-1 mDockMode=0 mHdmiPlugged=false mMobileKeyboardEnabled=false displayId=0
03-24 15:42:38.151  3670  3798 V WindowManager: rotationForOrientationLw(orient=-1, last=0); user=0 USER_ROTATION_LOCKED sensorRotation=-1 mLidState=-1 mDockMode=0 mHdmiPlugged=false mMobileKeyboardEnabled=false displayId=0
03-24 15:42:38.151 31340 31340 I art     : System.exit called, status: 0
03-24 15:42:38.151 31340 31340 I AndroidRuntime: VM exiting with result code 0.
03-24 15:42:38.151  3670  3798 W CAE     : setCAProperty(ContextAwareService.java:578) - [setProperty 01] Mutex is locked for AUTO_ROTATION
03-24 15:42:38.151  3670  3798 I CAE     : setPropertyValue(AutoRotationRunner.java:119) - Device Type = 0.0
03-24 15:42:38.151  3670  3798 I CAE     : setCAProperty(ContextAwareService.java:583) - result : true
03-24 15:42:38.151  3670  3798 W CAE     : setCAProperty(ContextAwareService.java:584) - [setProperty 02] Mutex is unlocked for AUTO_ROTATION
03-24 15:42:38.151  3670  3798 W CAE     : registerCallback(ContextAwareService.java:144) - [regi 01] Mutex is locked for AUTO_ROTATION
03-24 15:42:38.161  3670  3798 V CAE     : start(ContextProvider.java:128)
03-24 15:42:38.161  3670  3798 V CAE     : clear(AutoRotationRunner.java:182)
03-24 15:42:38.161  3670  3798 V CAE     : enable(AutoRotationRunner.java:158)
03-24 15:42:38.161  3670  3798 I CAE     : sendCmdToSensorHub(SensorHubCommManager.java:162) - -79, 7, 0, 0,
03-24 15:42:38.161  3670  3798 D SensorHubManager: SendSensorHubData: send data = -79, 7, 0, 0
03-24 15:42:38.161  3054  3054 D Sensorhubs: sendContextData: -79, 7, 0, 0
03-24 15:42:38.171  3670  3798 D CAE     : getFaultDetectionResult(AutoRotationRunner.java:195) - true
03-24 15:42:38.171  3670  3798 I CAE     : notifyCmdProcessResultObserver(ContextProvider.java:627) - CheckResult = 0, Cause = Success
03-24 15:42:38.181  3670  3798 D CAE     : doCommendProcess(ContextAwareService.java:433) - complete notify the operation result.
03-24 15:42:38.181  3670  3798 I CAE     : displayUsedCountForService(ContextAwareService.java:525) - totalCnt = 1, serviceCount = 1, subCollectionCount = 0
03-24 15:42:38.181  3670  3798 D CAE     : showListenerList(ContextAwareService.java:366) - ===== Context Aware Service List =====
03-24 15:42:38.181  3670  3798 I CAE     : showListenerList(ContextAwareService.java:375) - Listener : com.samsung.android.contextaware.manager.ContextAwareService$Listener@1e966aa, Service : ACTIVITY_TRACKER_CURRENT_INFO(1)
03-24 15:42:38.181  3670  3798 I CAE     : showListenerList(ContextAwareService.java:375) - Listener : com.samsung.android.contextaware.manager.ContextAwareService$Listener@1e966aa, Service : ACTIVITY_TRACKER(1)
03-24 15:42:38.181  3670  3798 I CAE     : showListenerList(ContextAwareService.java:375) - Listener : com.samsung.android.contextaware.manager.ContextAwareService$Listener@1bfe120, Service : AUTO_BRIGHTNESS(1)
03-24 15:42:38.181  3670  3798 I CAE     : showListenerList(ContextAwareService.java:375) - Listener : com.samsung.android.contextaware.manager.ContextAwareService$Listener@7ac759a, Service : AUTO_ROTATION(1)
03-24 15:42:38.181  3670  3798 W CAE     : registerCallback(ContextAwareService.java:180) - [regi 02] Mutex is unlocked for AUTO_ROTATION
03-24 15:42:38.181  3670  3798 V WindowOrientationListener: OrientationSensorJudge.getProposedRotation, Rotation: -1
03-24 15:42:38.181  3670  3798 D SContextService: 	.registerCallback : 3, client=
03-24 15:42:38.181  3670  3798 V WindowManager: rotationForOrientationLw(orient=-1, last=0); user=0  sensorRotation=-1 mLidState=-1 mDockMode=0 mHdmiPlugged=false mMobileKeyboardEnabled=false displayId=0
03-24 15:42:38.181  3670  3798 D SContextService: ===== SContext Service List =====
03-24 15:42:38.181  3670  3798 V WindowOrientationListener: OrientationSensorJudge.getProposedRotation, Rotation: -1
03-24 15:42:38.181  3670  3798 D SContextService: Listener : android.hardware.scontext.SContextService$Listener@40acad9, Service : Auto Brightness
03-24 15:42:38.181  3670  3798 D SContextService: Listener : android.hardware.scontext.SContextService$Listener@90a289b, Service : Activity Tracker
03-24 15:42:38.181  3670  3798 D SContextService: Listener : android.hardware.scontext.SContextService$Listener@f5f2ecb, Service : Auto Rotation
03-24 15:42:38.181  3670  3798 D SContextManager:   .registerListener : listener = com.android.server.policy.WindowOrientationListener$OrientationSensorJudge@a57e543, service=Auto Rotation
03-24 15:42:38.191  3670  3798 V WindowOrientationListener: OrientationSensorJudge.getProposedRotation, Rotation: -1
03-24 15:42:38.191  3670  3798 V WindowManager: rotationForOrientationLw(orient=-1, last=0); user=0  sensorRotation=-1 mLidState=-1 mDockMode=0 mHdmiPlugged=false mMobileKeyboardEnabled=false displayId=0
03-24 15:42:38.191  3670  3798 V WindowOrientationListener: OrientationSensorJudge.getProposedRotation, Rotation: -1
03-24 15:42:38.251  3670  3682 I art     : Background partial concurrent mark sweep GC freed 102487(7MB) AllocSpace objects, 175(3MB) LOS objects, 26% free, 43MB/59MB, paused 1.469ms total 147.973ms
03-24 15:42:38.611  3670  3796 W ActivityManager: Activity pause timeout for ActivityRecord{fcdcea1 u0 com.example.myapplication/.MainActivity t170}
03-24 15:42:38.621 31364 31364 E Zygote  : v2
03-24 15:42:38.621 31364 31364 I libpersona: KNOX_SDCARD checking this for 10117
03-24 15:42:38.621 31364 31364 I libpersona: KNOX_SDCARD not a persona
03-24 15:42:38.621 31364 31364 W SELinux : Function: selinux_compare_spd_ram, index[1], priority [2], priority version is VE=SEPF_SECMOBILE_6.0.1_0003
03-24 15:42:38.621  3670  3796 I ActivityManager: Start proc 31364:org.mozilla.firefox/u0a117 for activity org.mozilla.firefox/.App
03-24 15:42:38.621  3670  4019 D NetworkPolicy: isUidForegroundLocked: 10117, mScreenOn: true, uidstate: -1, mProxSensorScreenOff: false
03-24 15:42:38.621 31364 31364 E Zygote  : accessInfo : 0
03-24 15:42:38.621 31364 31364 W SELinux : SELinux: seapp_context_lookup: seinfo=default, level=s0:c512,c768, pkgname=org.mozilla.firefox 
03-24 15:42:38.631  3670  3697 D ActivityManager:  Launching org.mozilla.firefox, updated priority
03-24 15:42:38.641  3670  3670 D GameManagerService: NotifyRunnable. pkg: org.mozilla.firefox, type: 4, isMinimized: false, isTunableApp: false
03-24 15:42:38.641  3670  3796 V MARsPolicyManager: updatePackagesScore PackageInfo name -- org.mozilla.firefox
03-24 15:42:38.641  3670  6805 D GameManagerService: identifyGamePackage. org.mozilla.firefox
03-24 15:42:38.641  3670  6805 D GameManagerService: identifyGamePackage. org.mozilla.firefox
03-24 15:42:38.641 31364 31364 W ResourcesManager: getTopLevelResources: /data/app/org.mozilla.firefox-1/base.apk / 1.0 running in org.mozilla.firefox rsrc of package org.mozilla.firefox
03-24 15:42:38.641  3670  4454 I InjectionManagerService -AppFeature: getCoreFeaturePkgList :[]
03-24 15:42:38.641 31364 31364 I InjectionManager: Inside getClassLibPath + mLibMap{0=, 1=}
03-24 15:42:38.651 31364 31364 D ResourcesManager: For user 0 new overlays fetched Null
03-24 15:42:38.651 31364 31364 I InjectionManager: Inside getClassLibPath caller 
03-24 15:42:38.661 31364 31364 I MultiDex: VM with version 2.1.0 has multidex support
03-24 15:42:38.661 31364 31364 I MultiDex: Installing application
03-24 15:42:38.661 31364 31364 I MultiDex: VM has multidex support, MultiDex support library is disabled.
03-24 15:42:38.661 31364 31364 W ResourcesManager: getTopLevelResources: /data/app/org.mozilla.firefox-1/base.apk / 1.0 running in org.mozilla.firefox rsrc of package org.mozilla.firefox
03-24 15:42:38.671 31364 31364 I GeckoApplication: zerdatime 174387045 - application start
03-24 15:42:38.681  3670  6805 D ConnectivityService: returning getNetworkInfo for network type 1 : [type: WIFI[] - WIFI, state: CONNECTED/CONNECTED, reason: (unspecified), extra: "DataStructures", roaming: false, failover: false, isAvailable: true]
03-24 15:42:38.681  3670  6805 D GameManagerService: identifyGamePackage. org.mozilla.firefox
03-24 15:42:38.691 31364 31364 I art     : Rejecting re-init on previously-failed class java.lang.Class<android.support.v4.app.JobIntentService$JobServiceEngineImpl>
03-24 15:42:38.691 31364 31364 I art     : Rejecting re-init on previously-failed class java.lang.Class<android.support.v4.app.JobIntentService$JobServiceEngineImpl>
03-24 15:42:38.691 31364 31364 D InjectionManager: InjectionManager
03-24 15:42:38.691 31364 31364 D InjectionManager: fillFeatureStoreMap org.mozilla.firefox
03-24 15:42:38.691 31364 31364 I InjectionManager: Constructor org.mozilla.firefox, Feature store :{}
03-24 15:42:38.691 31364 31364 I InjectionManager: featureStore :{}
03-24 15:42:38.691 31364 31364 W ResourcesManager: getTopLevelResources: /data/app/org.mozilla.firefox-1/base.apk / 1.0 running in org.mozilla.firefox rsrc of package org.mozilla.firefox
03-24 15:42:38.701 31364 31377 V MediaPlayer: decode(21, 8764500, 5795)
03-24 15:42:38.711 31364 31364 I Timeline: Timeline: Activity_launch_request id:org.mozilla.firefox time:73369642
03-24 15:42:38.711  3047  3047 D OggExtractor:  correct time not found. Let's use approximate value
03-24 15:42:38.711  3047  3047 I OggExtractor: OggSource::OggSource() mExtractor ref count = 4
03-24 15:42:38.711  3047  3047 I OMXCodec: Attempting to allocate OMX node 'OMX.google.vorbis.decoder'
03-24 15:42:38.711  3670  4452 I PersonaManager: mKnoxInfo is empty
03-24 15:42:38.711  3047  3047 I OMXCodec: Successfully allocated OMX node 'OMX.google.vorbis.decoder'
03-24 15:42:38.711  3047  3047 I OMXCodec: >>>UHQA initOutputFormat 16
03-24 15:42:38.711  3047  3047 I OMXCodec: [OMX.google.vorbis.decoder] OMXCodec::start mState=1
03-24 15:42:38.711  3047  3047 I OMXCodec: [OMX.google.vorbis.decoder] allocating 4 buffers of size 8192 on input port
03-24 15:42:38.711  3670  4452 D GameManagerService: identifyGamePackage. org.mozilla.firefox
03-24 15:42:38.711  3670  4452 D MultiWindowPolicy: Gamemode - return 0,  when calling  identifyForegroundApp(org.mozilla.firefox)
03-24 15:42:38.711  3670  4452 D CustomFrequencyManagerService: releaseDVFSLockLocked : Getting Lock type frm List : DVFS_MIN_LIMIT  frequency : 1800000  uid : 1000  pid : 3670  tag : ACTIVITY_RESUME_BOOSTER@3
03-24 15:42:38.711  3670  4452 D CustomFrequencyManagerService: acquireDVFSLockLocked : type : DVFS_MIN_LIMIT  frequency : 1800000  uid : 1000  pid : 3670  pkgName : ACTIVITY_RESUME_BOOSTER@3
03-24 15:42:38.711  3047  3047 I OMXCodec: [OMX.google.vorbis.decoder] allocating 4 buffers of size 32768 on output port
03-24 15:42:38.711  3047 31379 I OMXCodec: [OMX.google.vorbis.decoder] Now Idle. Component sends idle done Event 
03-24 15:42:38.711  3670  4452 D ActivityManager: mDVFSHelper.acquire()
03-24 15:42:38.711  3047 31379 I OMXCodec: [OMX.google.vorbis.decoder] 0onCmdComplete  mState =  7
03-24 15:42:38.721  3047 31379 I OMXCodec: [OMX.google.vorbis.decoder] PORT_DISABLED(1)
03-24 15:42:38.721  3047 31379 I OMXCodec: >>>UHQA initOutputFormat 16
03-24 15:42:38.721  3047 31379 I OMXCodec: [OMX.google.vorbis.decoder] allocating 4 buffers of size 32768 on output port
03-24 15:42:38.721  3670  4452 V WindowManager: addAppToken: AppWindowToken{bc1df2 token=Token{60e9cfd ActivityRecord{32cd554 u0 org.mozilla.firefox/org.mozilla.gecko.BrowserApp t214}}} to stack=1 task=214 at 0
03-24 15:42:38.721  3670  4452 D InputDispatcher: Focused application set to: xxxx
03-24 15:42:38.721 31364 31364 D Activity: performCreate Call Injection manager
03-24 15:42:38.721  3670  3884 D SecWifiDisplayUtil: Metadata value : SecSettings2
