03-24 15:41:04.571  3670  4407 V AlarmManager:  remove PendingIntent] PendingIntent{9c87e38: PendingIntentRecord{e30a718 com.google.android.gms broadcastIntent}}
03-24 15:41:04.601 29334 29353 I cr_LibraryLoader: Time to load native libraries: 29 ms (timestamps 5505-5534)
03-24 15:41:04.601 29334 29353 I chromium: [INFO:library_loader_hooks.cc(42)] Chromium logging enabled: level = 0, default verbosity = 0
03-24 15:41:04.601 29334 29353 I cr_LibraryLoader: Expected native library version number "72.0.3626.105", actual native library version number "72.0.3626.105"
03-24 15:41:04.601 29151 29271 W art     : Verification of void q.c() took 401.537ms
03-24 15:41:04.601 29334 29353 W ResourcesManager: getTopLevelResources: /data/app/com.android.chrome-2/base.apk / 1.0 running in com.android.chrome rsrc of package com.android.chrome
03-24 15:41:04.611 29334 29353 E libEGL  : validate_display:255 error 3008 (EGL_BAD_DISPLAY)
03-24 15:41:04.641 29334 29353 D libEGL  : loaded /vendor/lib/egl/libGLES_mali.so
03-24 15:41:04.651 29334 29353 D libEGL  : eglInitialize EGLDisplay = 0xf3abae0c
03-24 15:41:04.651 29334 29353 D         : ro.exynos.dss isEnabled: 0
03-24 15:41:04.671 29334 29353 W AudioCapabilities: Unsupported mime audio/mpeg-L1
03-24 15:41:04.681 29334 29353 W AudioCapabilities: Unsupported mime audio/mpeg-L2
03-24 15:41:04.681 29334 29353 W AudioCapabilities: Unsupported mime audio/x-ms-wma
03-24 15:41:04.681 29334 29353 W AudioCapabilities: Unsupported mime audio/x-ima
03-24 15:41:04.681 29334 29353 W VideoCapabilities: Unrecognized profile/level 32768/2 for video/mp4v-es
03-24 15:41:04.681 29334 29353 W VideoCapabilities: Unrecognized profile 2130706433 for video/avc
03-24 15:41:04.681 29334 29353 W VideoCapabilities: Unrecognized profile 2130706433 for video/avc
03-24 15:41:04.681 29334 29353 W VideoCapabilities: Unrecognized profile 2130706433 for video/avc
03-24 15:41:04.681 29334 29353 W VideoCapabilities: Unrecognized profile 2130706433 for video/avc
03-24 15:41:04.681 29334 29353 W VideoCapabilities: Unrecognized profile 2130706433 for video/avc
03-24 15:41:04.681 29334 29353 W VideoCapabilities: Unrecognized profile 2130706433 for video/avc
03-24 15:41:04.681 29334 29353 W VideoCapabilities: Unrecognized profile 2130706433 for video/avc
03-24 15:41:04.681 29334 29353 W VideoCapabilities: Unrecognized profile 2130706433 for video/avc
03-24 15:41:04.681 29334 29353 W VideoCapabilities: Unrecognized profile 2130706433 for video/avc
03-24 15:41:04.681 29334 29353 W VideoCapabilities: Unrecognized profile 2130706433 for video/avc
03-24 15:41:04.681 29334 29353 W VideoCapabilities: Unrecognized profile 2130706433 for video/avc
03-24 15:41:04.681 29334 29353 W VideoCapabilities: Unrecognized profile 2130706433 for video/avc
03-24 15:41:04.681 29334 29353 W VideoCapabilities: Unrecognized profile 2130706433 for video/avc
03-24 15:41:04.681 29334 29353 W VideoCapabilities: Unrecognized profile 2130706433 for video/avc
03-24 15:41:04.681 29334 29353 W VideoCapabilities: Unrecognized profile 2130706433 for video/avc
03-24 15:41:04.681 29334 29353 W VideoCapabilities: Unrecognized profile 2130706433 for video/avc
03-24 15:41:04.681 29334 29353 W VideoCapabilities: Unrecognized profile 2130706434 for video/avc
03-24 15:41:04.681 29334 29353 W VideoCapabilities: Unrecognized profile 2130706434 for video/avc
03-24 15:41:04.681 29334 29353 W VideoCapabilities: Unrecognized profile 2130706434 for video/avc
03-24 15:41:04.681 29334 29353 W VideoCapabilities: Unrecognized profile 2130706434 for video/avc
03-24 15:41:04.681 29334 29353 W VideoCapabilities: Unrecognized profile 2130706434 for video/avc
03-24 15:41:04.681 29334 29353 W VideoCapabilities: Unrecognized profile 2130706434 for video/avc
03-24 15:41:04.681 29334 29353 W VideoCapabilities: Unrecognized profile 2130706434 for video/avc
03-24 15:41:04.681 29334 29353 W VideoCapabilities: Unrecognized profile 2130706434 for video/avc
03-24 15:41:04.681 29334 29353 W VideoCapabilities: Unrecognized profile 2130706434 for video/avc
03-24 15:41:04.681 29334 29353 W VideoCapabilities: Unrecognized profile 2130706434 for video/avc
03-24 15:41:04.681 29334 29353 W VideoCapabilities: Unrecognized profile 2130706434 for video/avc
03-24 15:41:04.681 29334 29353 W VideoCapabilities: Unrecognized profile 2130706434 for video/avc
03-24 15:41:04.681 29334 29353 W VideoCapabilities: Unrecognized profile 2130706434 for video/avc
03-24 15:41:04.681 29334 29353 W VideoCapabilities: Unrecognized profile 2130706434 for video/avc
03-24 15:41:04.681 29334 29353 W VideoCapabilities: Unrecognized profile 2130706434 for video/avc
03-24 15:41:04.681 29334 29353 W VideoCapabilities: Unrecognized profile 2130706434 for video/avc
03-24 15:41:04.681 29334 29353 W VideoCapabilities: Unrecognized profile 2130706433 for video/avc
03-24 15:41:04.681 29334 29353 W VideoCapabilities: Unrecognized profile 2130706433 for video/avc
03-24 15:41:04.681 29334 29353 W VideoCapabilities: Unrecognized profile 2130706433 for video/avc
03-24 15:41:04.681 29334 29353 W VideoCapabilities: Unrecognized profile 2130706433 for video/avc
03-24 15:41:04.681 29334 29353 W VideoCapabilities: Unrecognized profile 2130706433 for video/avc
03-24 15:41:04.681 29334 29353 W VideoCapabilities: Unrecognized profile 2130706433 for video/avc
03-24 15:41:04.681 29334 29353 W VideoCapabilities: Unrecognized profile 2130706433 for video/avc
03-24 15:41:04.681 29334 29353 W VideoCapabilities: Unrecognized profile 2130706433 for video/avc
03-24 15:41:04.681 29334 29353 W VideoCapabilities: Unrecognized profile 2130706433 for video/avc
03-24 15:41:04.681 29334 29353 W VideoCapabilities: Unrecognized profile 2130706433 for video/avc
03-24 15:41:04.681 29334 29353 W VideoCapabilities: Unrecognized profile 2130706433 for video/avc
03-24 15:41:04.681 29334 29353 W VideoCapabilities: Unrecognized profile 2130706433 for video/avc
03-24 15:41:04.681 29334 29353 W VideoCapabilities: Unrecognized profile 2130706433 for video/avc
03-24 15:41:04.681 29334 29353 W VideoCapabilities: Unrecognized profile 2130706433 for video/avc
03-24 15:41:04.681 29334 29353 W VideoCapabilities: Unrecognized profile 2130706433 for video/avc
03-24 15:41:04.681 29334 29353 W VideoCapabilities: Unrecognized profile 2130706433 for video/avc
03-24 15:41:04.681 29334 29353 W VideoCapabilities: Unrecognized profile 2130706434 for video/avc
03-24 15:41:04.681 29334 29353 W VideoCapabilities: Unrecognized profile 2130706434 for video/avc
03-24 15:41:04.681 29334 29353 W VideoCapabilities: Unrecognized profile 2130706434 for video/avc
03-24 15:41:04.681 29334 29353 W VideoCapabilities: Unrecognized profile 2130706434 for video/avc
03-24 15:41:04.681 29334 29353 W VideoCapabilities: Unrecognized profile 2130706434 for video/avc
03-24 15:41:04.681 29334 29353 W VideoCapabilities: Unrecognized profile 2130706434 for video/avc
03-24 15:41:04.681 29334 29353 W VideoCapabilities: Unrecognized profile 2130706434 for video/avc
03-24 15:41:04.681 29334 29353 W VideoCapabilities: Unrecognized profile 2130706434 for video/avc
03-24 15:41:04.681 29334 29353 W VideoCapabilities: Unrecognized profile 2130706434 for video/avc
03-24 15:41:04.681 29334 29353 W VideoCapabilities: Unrecognized profile 2130706434 for video/avc
03-24 15:41:04.681 29334 29353 W VideoCapabilities: Unrecognized profile 2130706434 for video/avc
03-24 15:41:04.681 29334 29353 W VideoCapabilities: Unrecognized profile 2130706434 for video/avc
03-24 15:41:04.681 29334 29353 W VideoCapabilities: Unrecognized profile 2130706434 for video/avc
03-24 15:41:04.681 29334 29353 W VideoCapabilities: Unrecognized profile 2130706434 for video/avc
03-24 15:41:04.681 29334 29353 W VideoCapabilities: Unrecognized profile 2130706434 for video/avc
03-24 15:41:04.681 29334 29353 W VideoCapabilities: Unrecognized profile 2130706434 for video/avc
03-24 15:41:04.681 29334 29353 W VideoCapabilities: Unsupported mime video/wvc1
03-24 15:41:04.681 29334 29353 W VideoCapabilities: Unsupported mime video/x-ms-wmv
03-24 15:41:04.691 29334 29353 W VideoCapabilities: Unrecognized profile/level 32768/2 for video/mp4v-es
03-24 15:41:04.691 29334 29353 W VideoCapabilities: Unsupported mime video/wvc1
03-24 15:41:04.691 29334 29353 W VideoCapabilities: Unsupported mime video/x-ms-wmv
03-24 15:41:04.691 29334 29353 W VideoCapabilities: Unsupported mime video/x-ms-wmv7
03-24 15:41:04.691 29334 29353 W VideoCapabilities: Unsupported mime video/x-ms-wmv8
03-24 15:41:04.691 29334 29353 W VideoCapabilities: Unsupported mime video/mp43
03-24 15:41:04.691 29334 29353 W VideoCapabilities: Unrecognized profile 2130706433 for video/avc
03-24 15:41:04.691 29334 29353 W VideoCapabilities: Unrecognized profile 2130706433 for video/avc
03-24 15:41:04.691 29334 29353 W VideoCapabilities: Unrecognized profile 2130706433 for video/avc
03-24 15:41:04.691 29334 29353 W VideoCapabilities: Unrecognized profile 2130706433 for video/avc
03-24 15:41:04.691 29334 29353 W VideoCapabilities: Unrecognized profile 2130706433 for video/avc
03-24 15:41:04.691 29334 29353 W VideoCapabilities: Unrecognized profile 2130706433 for video/avc
03-24 15:41:04.691 29334 29353 W VideoCapabilities: Unrecognized profile 2130706433 for video/avc
03-24 15:41:04.691 29334 29353 W VideoCapabilities: Unrecognized profile 2130706433 for video/avc
03-24 15:41:04.691 29334 29353 W VideoCapabilities: Unrecognized profile 2130706433 for video/avc
03-24 15:41:04.691 29334 29353 W VideoCapabilities: Unrecognized profile 2130706433 for video/avc
03-24 15:41:04.691 29334 29353 W VideoCapabilities: Unrecognized profile 2130706433 for video/avc
03-24 15:41:04.691 29334 29353 W VideoCapabilities: Unrecognized profile 2130706433 for video/avc
03-24 15:41:04.691 29334 29353 W VideoCapabilities: Unrecognized profile 2130706433 for video/avc
03-24 15:41:04.691 29334 29353 W VideoCapabilities: Unrecognized profile 2130706433 for video/avc
03-24 15:41:04.691 29334 29353 W VideoCapabilities: Unrecognized profile 2130706433 for video/avc
03-24 15:41:04.691 29334 29353 W VideoCapabilities: Unrecognized profile 2130706433 for video/avc
03-24 15:41:04.691 29334 29353 W VideoCapabilities: Unrecognized profile 2130706434 for video/avc
03-24 15:41:04.691 29334 29353 W VideoCapabilities: Unrecognized profile 2130706434 for video/avc
03-24 15:41:04.691 29334 29353 W VideoCapabilities: Unrecognized profile 2130706434 for video/avc
03-24 15:41:04.691 29334 29353 W VideoCapabilities: Unrecognized profile 2130706434 for video/avc
03-24 15:41:04.691 29334 29353 W VideoCapabilities: Unrecognized profile 2130706434 for video/avc
03-24 15:41:04.691 29334 29353 W VideoCapabilities: Unrecognized profile 2130706434 for video/avc
03-24 15:41:04.691 29334 29353 W VideoCapabilities: Unrecognized profile 2130706434 for video/avc
03-24 15:41:04.691 29334 29353 W VideoCapabilities: Unrecognized profile 2130706434 for video/avc
03-24 15:41:04.691 29334 29353 W VideoCapabilities: Unrecognized profile 2130706434 for video/avc
03-24 15:41:04.691 29334 29353 W VideoCapabilities: Unrecognized profile 2130706434 for video/avc
03-24 15:41:04.691 29334 29353 W VideoCapabilities: Unrecognized profile 2130706434 for video/avc
03-24 15:41:04.691 29334 29353 W VideoCapabilities: Unrecognized profile 2130706434 for video/avc
03-24 15:41:04.691 29334 29353 W VideoCapabilities: Unrecognized profile 2130706434 for video/avc
03-24 15:41:04.691 29334 29353 W VideoCapabilities: Unrecognized profile 2130706434 for video/avc
03-24 15:41:04.691 29334 29353 W VideoCapabilities: Unrecognized profile 2130706434 for video/avc
03-24 15:41:04.691 29334 29353 W VideoCapabilities: Unrecognized profile 2130706434 for video/avc
03-24 15:41:04.691 29334 29353 W VideoCapabilities: Unrecognized profile/level 32768/2 for video/mp4v-es
03-24 15:41:04.701 29334 29353 I VideoCapabilities: Unsupported profile 4 for video/mp4v-es
03-24 15:41:04.711 29334 29353 W VideoCapabilities: Unsupported mime video/sorenson
03-24 15:41:04.751  3670  3670 D CustomFrequencyManagerService: releaseDVFSLockLocked : Getting Lock type frm List : DVFS_MIN_LIMIT  frequency : 1800000  uid : 1000  pid : 3670  tag : ACTIVITY_RESUME_BOOSTER@9
03-24 15:41:04.801 29151 29271 W art     : Verification of void q.d() took 195.984ms
03-24 15:41:04.811  3670  4407 I PersonaManager: mKnoxInfo is empty
03-24 15:41:04.811 29151 29271 W cr_tabmodel: Starting to perform legacy migration.
03-24 15:41:04.811 29151 29271 W cr_tabmodel: Finished performing legacy migration.
03-24 15:41:04.811 29151 29271 W cr_tabmodel: Starting to perform multi-instance migration.
03-24 15:41:04.811 29151 29271 W cr_tabmodel: Finished performing multi-instance migration.
03-24 15:41:04.811 29151 29271 I cr_tabmodel: Starting to fetch tab list for tab_state0
03-24 15:41:04.811 29151 29271 I cr_tabmodel: State file does not exist.
03-24 15:41:04.811 29151 29271 I cr_tabmodel: Starting to fetch tab list for tab_state_browser_actions
03-24 15:41:04.811 29151 29271 I cr_tabmodel: State file does not exist.
03-24 15:41:04.811  3670  3697 D SecContentProvider: query(), uri = 2 selection = isAuditLogEnabled
03-24 15:41:04.811  3670  4016 D SecContentProvider: query(), uri = 5 selection = getAutoFillSetting
03-24 15:41:04.811  3670  4421 D SecContentProvider: query(), uri = 5 selection = getCookiesSetting
03-24 15:41:04.811  3670  4946 D SecContentProvider: query(), uri = 5 selection = getHttpProxy
03-24 15:41:04.811  3670  4524 D SecContentProvider: query(), uri = 5 selection = getJavaScriptSetting
03-24 15:41:04.811  3670  3931 D SecContentProvider: query(), uri = 5 selection = getPopupsSetting
03-24 15:41:04.811 29334 29353 D mali_winsys: new_window_surface returns 0x3000,  [1440x2464]-format:1
03-24 15:41:04.811 29334 29353 D         : ro.exynos.dss isEnabled: 0
03-24 15:41:04.811  3670  4550 D SecContentProvider: query(), uri = 22 selection = isAuthenticationEnabled
03-24 15:41:04.821  3670  3698 D SecContentProvider: query(), uri = 10 selection = getURLFilterList
03-24 15:41:04.821  3670  4407 D SecContentProvider: query(), uri = 10 selection = getURLFilterEnabled
03-24 15:41:04.821  3670  4143 D SecContentProvider: query(), uri = 10 selection = getURLFilterReportEnabled
03-24 15:41:04.821  3670  4552 D SecContentProvider: query(), uri = 2 selection = isAuditLogEnabled
03-24 15:41:04.821  3670  4952 D SecContentProvider: query(), uri = 5 selection = getAutoFillSetting
03-24 15:41:04.821  3670  4452 D SecContentProvider: query(), uri = 5 selection = getCookiesSetting
03-24 15:41:04.821 29334 29353 D libGLESv2: DTS_GLAPI : DTS is not allowed for Package : com.android.chrome:privileged_process0
03-24 15:41:04.821  3670  4947 D SecContentProvider: query(), uri = 5 selection = getHttpProxy
03-24 15:41:04.821  3670  3697 D SecContentProvider: query(), uri = 5 selection = getJavaScriptSetting
03-24 15:41:04.821  3670  4409 D SecContentProvider: query(), uri = 5 selection = getPopupsSetting
03-24 15:41:04.821  3670  4454 D SecContentProvider: query(), uri = 22 selection = isAuthenticationEnabled
03-24 15:41:04.821 29151 29151 I cr_SnippetsLauncher: Scheduling: 172800 172800
03-24 15:41:04.821  3670  4016 D SecContentProvider: query(), uri = 10 selection = getURLFilterList
03-24 15:41:04.831  3670  4421 D SecContentProvider: query(), uri = 10 selection = getURLFilterEnabled
03-24 15:41:04.831  3670  4143 D SecContentProvider: query(), uri = 10 selection = getURLFilterReportEnabled
03-24 15:41:04.831  3670  3796 V BroadcastQueue: [background] Process cur broadcast BroadcastRecord{822fe11 u0 com.google.android.gms.gcm.ACTION_SCHEDULE qIdx=4}, state= (APP_RECEIVE) DELIVERED for app ProcessRecord{68a6177 7275:com.google.android.gms.persistent/u0a15}
03-24 15:41:04.841  3670  3796 V BroadcastQueue: [background] Process cur broadcast BroadcastRecord{2758b76 u0 com.google.android.gms.gcm.ACTION_SCHEDULE qIdx=4}, state= (APP_RECEIVE) DELIVERED for app ProcessRecord{68a6177 7275:com.google.android.gms.persistent/u0a15}
03-24 15:41:04.851  3670  4524 I PersonaManager: mKnoxInfo is empty
03-24 15:41:04.851  7275  7275 W ChimeraUtils: Non Chimera context
03-24 15:41:04.861  3670  4019 D NetworkPolicy: isUidForegroundLocked: 10018, mScreenOn: true, uidstate: 2, mProxSensorScreenOff: false
03-24 15:41:04.891 29151 29151 D TextView: setTypeface with style : 0
03-24 15:41:04.931  6803  6803 D Recents : onTaskStackChanged
03-24 15:41:04.931  3670  4421 I PersonaManager: mKnoxInfo is empty
03-24 15:41:04.931  3670  4452 I PersonaManager: mKnoxInfo is empty
03-24 15:41:04.931  6803  6803 W ResourcesManager: getTopLevelResources: /data/app/com.example.myapplication-1/base.apk / 1.0 running in com.android.systemui rsrc of package com.example.myapplication
03-24 15:41:04.941  6803  6803 D ResourcesManager: For user 0 new overlays fetched Null
03-24 15:41:04.941  3670  4421 D PackageManager: getComponentMetadataForIconTray : com.example.myapplication.MainActivity does not exist in mServices
03-24 15:41:04.941  3670  4421 D PackageManager: getComponentMetadataForIconTray : com.example.myapplication.MainActivity does not exist in mProviders
03-24 15:41:04.941  3670  4421 D PackageManager: getComponentMetadataForIconTray : com.example.myapplication.MainActivity does not exist in mReceivers
03-24 15:41:04.941  6803  6803 I ApplicationPackageManager: load=com.example.myapplication, bg=192-192, dr=192-192
03-24 15:41:04.941  6803  6803 I ApplicationPackageManager: scaled rate=1.0429629, size=192, alpha=15, hold=26, target=192
03-24 15:41:04.941  3670  4946 I PersonaManager: mKnoxInfo is empty
03-24 15:41:04.961  3670  3697 I PersonaManager: mKnoxInfo is empty
03-24 15:41:04.971  3670  4143 I PersonaManager: mKnoxInfo is empty
03-24 15:41:04.981 29292 29304 I cr_LibraryLoader:  Loading chrome from within /data/app/com.android.chrome-2/base.apk
03-24 15:41:04.991  3670  4409 I PersonaManager: mKnoxInfo is empty
03-24 15:41:05.001  3670  4550 I PersonaManager: mKnoxInfo is empty
03-24 15:41:05.011 29383 29383 E Zygote  : v2
03-24 15:41:05.011 29383 29383 I libpersona: KNOX_SDCARD checking this for 99266
03-24 15:41:05.011 29383 29383 I libpersona: KNOX_SDCARD not a persona
03-24 15:41:05.011 29383 29383 W SELinux : Function: selinux_compare_spd_ram, index[1], priority [2], priority version is VE=SEPF_SECMOBILE_6.0.1_0003
03-24 15:41:05.011 29292 29304 I cr_LibraryLoader: Time to load native libraries: 31 ms (timestamps 5911-5942)
03-24 15:41:05.011 29383 29383 E Zygote  : accessInfo : 0
03-24 15:41:05.011 29383 29383 W SELinux : SELinux: seapp_context_lookup: seinfo=chrome, level=s0:c512,c768, pkgname=com.android.chrome:sandboxed_process1 
03-24 15:41:05.011 29292 29304 I chromium: [INFO:library_loader_hooks.cc(42)] Chromium logging enabled: level = 0, default verbosity = 0
03-24 15:41:05.011 29292 29304 I cr_LibraryLoader: Expected native library version number "72.0.3626.105", actual native library version number "72.0.3626.105"
03-24 15:41:05.011  3670  4550 I ActivityManager: Start proc 29383:com.android.chrome:sandboxed_process1/u0i266 for service com.android.chrome/org.chromium.content.app.SandboxedProcessService1
03-24 15:41:05.011  3670  4019 D NetworkPolicy: isUidForegroundLocked: 10018, mScreenOn: true, uidstate: 16, mProxSensorScreenOff: false
03-24 15:41:05.011  3670  4454 I PersonaManager: mKnoxInfo is empty
03-24 15:41:05.021 29292 29304 W ResourcesManager: getTopLevelResources: /data/app/com.android.chrome-2/base.apk / 1.0 running in com.android.chrome rsrc of package com.android.chrome
03-24 15:41:05.021  7402  7402 D SamsungIME: IMPL finishInput
03-24 15:41:05.021  7402  7402 D SamsungIME: SwiftKeyWrapper writeDBdataToFileOnFinishInput
03-24 15:41:05.021  7402  7402 D SamsungIME: saveAndClear +
03-24 15:41:05.021  7402  7402 D SamsungIME: saveAndClear -
03-24 15:41:05.051  3670  4409 I PersonaManager: mKnoxInfo is empty
03-24 15:41:05.051  3670  4409 D PackageManager: findPreferredActivity: We found 1 PreferredActivities set, but no match
03-24 15:41:05.051  3670  4409 I PackageManager: No preferred activity: intent should not be shown
03-24 15:41:05.061  3670  4552 I PersonaManager: mKnoxInfo is empty
03-24 15:41:05.071  3025  3732 I SurfaceFlinger: id=838 Removed dhrome (5/10)
03-24 15:41:05.081  3025  3025 D libEGL  : eglTerminate EGLDisplay = 0x7ff3f31e58
03-24 15:41:05.081 29383 29383 W ResourcesManager: getTopLevelResources: /data/app/com.android.chrome-2/base.apk / 1.0 running in com.android.chrome rsrc of package com.android.chrome
03-24 15:41:05.081 29151 29285 W System.err: remove failed: ENOENT (No such file or directory) : /data/user/0/com.android.chrome/app_tabs/0/tab_state0.bak
03-24 15:41:05.091 29383 29383 D ResourcesManager: For user 0 new overlays fetched Null
03-24 15:41:05.091 29383 29383 I InjectionManager: Inside getClassLibPath caller 
03-24 15:41:05.101 29383 29383 D InjectionManager: InjectionManager
03-24 15:41:05.101 29383 29383 I InjectionManager: featureStore :{}
03-24 15:41:05.101 29383 29383 I cr_ChildProcessService: Creating new ChildProcessService pid=29383
03-24 15:41:05.111 29151 29151 D TextView: setTypeface with style : 0
03-24 15:41:05.121 29151 29151 D TextView: setTypeface with style : 0
03-24 15:41:05.141  7275  7629 E alar    : Phenotype API error. Event # bsha@30e2d9ab, EventCode: GET_EXP [CONTEXT service_id=51 ]
03-24 15:41:05.141  7275  7629 E alar    : akzn: 29505: No config packages for log source, or config package not registered
03-24 15:41:05.141  7275  7629 E alar    : 	at albe.a(:com.google.android.gms@15090019@15.0.90 (040400-231259764):45)
03-24 15:41:05.141  7275  7629 E alar    : 	at albd.b(:com.google.android.gms@15090019@15.0.90 (040400-231259764))
03-24 15:41:05.141  7275  7629 E alar    : 	at alar.a(:com.google.android.gms@15090019@15.0.90 (040400-231259764):103)
03-24 15:41:05.141  7275  7629 E alar    : 	at alar.a(:com.google.android.gms@15090019@15.0.90 (040400-231259764):97)
03-24 15:41:05.141  7275  7629 E alar    : 	at yzz.run(:com.google.android.gms@15090019@15.0.90 (040400-231259764):27)
03-24 15:41:05.141  7275  7629 E alar    : 	at bgah.run(:com.google.android.gms@15090019@15.0.90 (040400-231259764):2)
03-24 15:41:05.141  7275  7629 E alar    : 	at rrm.run(:com.google.android.gms@15090019@15.0.90 (040400-231259764):21)
03-24 15:41:05.141  7275  7629 E alar    : 	at java.util.concurrent.ThreadPoolExecutor.runWorker(ThreadPoolExecutor.java:1113)
03-24 15:41:05.141  7275  7629 E alar    : 	at java.util.concurrent.ThreadPoolExecutor$Worker.run(ThreadPoolExecutor.java:588)
03-24 15:41:05.141  7275  7629 E alar    : 	at rxo.run(:com.google.android.gms@15090019@15.0.90 (040400-231259764))
03-24 15:41:05.141  7275  7629 E alar    : 	at java.lang.Thread.run(Thread.java:818)
03-24 15:41:05.141  7275  7629 E AsyncOperation: serviceID=51, operation=GetExperimentTokensOperationCall
03-24 15:41:05.141  7275  7629 E AsyncOperation: OperationException[Status{statusCode=No config packages for log source, or config package not registered, resolution=null}]
03-24 15:41:05.141  7275  7629 E AsyncOperation: 	at alar.a(:com.google.android.gms@15090019@15.0.90 (040400-231259764):111)
03-24 15:41:05.141  7275  7629 E AsyncOperation: 	at alar.a(:com.google.android.gms@15090019@15.0.90 (040400-231259764):97)
03-24 15:41:05.141  7275  7629 E AsyncOperation: 	at yzz.run(:com.google.android.gms@15090019@15.0.90 (040400-231259764):27)
03-24 15:41:05.141  7275  7629 E AsyncOperation: 	at bgah.run(:com.google.android.gms@15090019@15.0.90 (040400-231259764):2)
03-24 15:41:05.141  7275  7629 E AsyncOperation: 	at rrm.run(:com.google.android.gms@15090019@15.0.90 (040400-231259764):21)
03-24 15:41:05.141  7275  7629 E AsyncOperation: 	at java.util.concurrent.ThreadPoolExecutor.runWorker(ThreadPoolExecutor.java:1113)
03-24 15:41:05.141  7275  7629 E AsyncOperation: 	at java.util.concurrent.ThreadPoolExecutor$Worker.run(ThreadPoolExecutor.java:588)
03-24 15:41:05.141  7275  7629 E AsyncOperation: 	at rxo.run(:com.google.android.gms@15090019@15.0.90 (040400-231259764))
03-24 15:41:05.141  7275  7629 E AsyncOperation: 	at java.lang.Thread.run(Thread.java:818)
03-24 15:41:05.141 29151 29151 D TextView: setTypeface with style : 0
03-24 15:41:05.161  3670  3697 I PersonaManager: mKnoxInfo is empty
03-24 15:41:05.191 29151 29151 I Timeline: Timeline: Activity_idle id: android.os.BinderProxy@ff8a33b time:73276122
03-24 15:41:05.201 29151 29151 E NFC     : isAndroidBeamAllowed - Begin
03-24 15:41:05.201 29151 29151 I NFC     : showMsg is false
03-24 15:41:05.201  3670  3931 D SecContentProvider: query(), uri = 15 selection = isAndroidBeamAllowed
03-24 15:41:05.201  3670  4454 I PersonaManager: mKnoxInfo is empty
03-24 15:41:05.201  3670  4019 D NetworkPolicy: isUidForegroundLocked: 10185, mScreenOn: true, uidstate: 13, mProxSensorScreenOff: false
03-24 15:41:05.201 29383 29414 I cr_LibraryLoader:  Loading chrome from within /data/app/com.android.chrome-2/base.apk
03-24 15:41:05.211  3025  3025 D libEGL  : eglInitialize EGLDisplay = 0x7ff3f31d28
03-24 15:41:05.241 29383 29414 I cr_LibraryLoader: Time to load native libraries: 35 ms (timestamps 6138-6173)
03-24 15:41:05.241 29383 29414 I chromium: [INFO:library_loader_hooks.cc(42)] Chromium logging enabled: level = 0, default verbosity = 0
03-24 15:41:05.241 29383 29414 I cr_LibraryLoader: Expected native library version number "72.0.3626.105", actual native library version number "72.0.3626.105"
03-24 15:41:05.241  3025  3025 D libEGL  : eglInitialize EGLDisplay = 0x7ff3f31d28
03-24 15:41:05.251  3670  3697 I PersonaManager: mKnoxInfo is empty
03-24 15:41:05.251 29383 29414 W ResourcesManager: getTopLevelResources: /data/app/com.android.chrome-2/base.apk / 1.0 running in com.android.chrome rsrc of package com.android.chrome
03-24 15:41:05.261  3670  4143 I PersonaManager: mKnoxInfo is empty
03-24 15:41:05.281 29151 29151 W ahp     : platform method missing - proto runtime falling back to safer methods: java.lang.NoSuchMethodException: getByte [class java.lang.Object, long]
03-24 15:41:05.281  3670  4524 I PersonaManager: mKnoxInfo is empty
03-24 15:41:05.281  3670  4524 D PackageManager: findPreferredActivity: We found 1 PreferredActivities set, but no match
03-24 15:41:05.281  3670  4524 I PackageManager: No preferred activity: intent should not be shown
03-24 15:41:05.291  3670  3796 V BroadcastQueue: [background] Process cur broadcast BroadcastRecord{2f1c15e u0 com.android.chrome.BOOKMARK_APPWIDGET_UPDATE qIdx=4}, state= (APP_RECEIVE) DELIVERED for app ProcessRecord{6f662c9 29151:com.android.chrome/u0a88}
03-24 15:41:05.311 29151 29290 I cr_BindingManager: Moderate binding enabled: maxSize=40
03-24 15:41:05.371  3670  4552 I PersonaManager: mKnoxInfo is empty
03-24 15:41:05.371 29430 29430 I dex2oat : /system/bin/dex2oat --compiler-filter=speed --dex-file=/data/user/0/com.android.chrome/app_dex/webapk5.dex --oat-file=/data/user/0/com.android.chrome/app_dex/oat/arm/webapk5.dex
03-24 15:41:05.401  3670  3931 I PersonaManager: mKnoxInfo is empty
03-24 15:41:05.401 29430 29430 I dex2oat : ----------------------------------------------------
03-24 15:41:05.401 29430 29430 I dex2oat : <SS>: S T A R T I N G . . .
03-24 15:41:05.401 29430 29430 E dex2oat : <SS>: apk not found at /data/user/0/com.android.chrome/app_dex/
03-24 15:41:05.401 29430 29430 I dex2oat : dex2oat took 33.882ms (threads: 8) arena alloc=270KB java alloc=50KB native alloc=1880KB free=1959KB
03-24 15:41:05.411 23981 24899 I Icing   : IndexChimeraService.getServiceInterface callingPackage=com.android.chrome componentName=null serviceId=SEARCH_CORPORA
03-24 15:41:05.411  3670  4421 I PersonaManager: mKnoxInfo is empty
03-24 15:41:05.411 29151 29272 W System.err: remove failed: ENOENT (No such file or directory) : /data/user/0/com.android.chrome/databases/snapshots.db
03-24 15:41:05.411 29151 29272 W System.err: remove failed: ENOENT (No such file or directory) : /data/user/0/com.android.chrome/databases/snapshots.db-journal
03-24 15:41:05.411 29151 29272 W System.err: remove failed: ENOENT (No such file or directory) : /data/user/0/com.android.chrome/databases/snapshots.db-shm
03-24 15:41:05.411 29151 29272 W System.err: remove failed: ENOENT (No such file or directory) : /data/user/0/com.android.chrome/databases/snapshots.db-wal
03-24 15:41:05.421  3670  3931 I PersonaManager: mKnoxInfo is empty
03-24 15:41:05.421  3670  4552 I PersonaManager: mKnoxInfo is empty
03-24 15:41:05.421  3670  4407 I PersonaManager: mKnoxInfo is empty
03-24 15:41:05.431 29151 29267 W System.err: remove failed: ENOENT (No such file or directory) : /data/user/0/com.android.chrome/shared_prefs/webapp_registry.xml.bak
03-24 15:41:05.431 23981 24899 I Icing   : IndexChimeraService.getServiceInterface callingPackage=com.android.chrome componentName=null serviceId=SEARCH_CORPORA
03-24 15:41:05.461 23981 25171 W ResourcesManager: getTopLevelResources: /data/app/com.example.myapplication-1/base.apk / 1.0 running in com.google.android.gms rsrc of package com.example.myapplication
03-24 15:41:05.461 23981 25171 D ResourcesManager: For user 0 new overlays fetched Null
03-24 15:41:05.461 23981 25171 W ResourcesManager: getTopLevelResources: /data/app/com.example.myapplication-1/base.apk / 1.0 running in com.google.android.gms rsrc of package com.example.myapplication
03-24 15:41:05.491 23981 25171 W ResourcesManager: getTopLevelResources: /data/app/com.yandex.browser-1/base.apk / 1.0 running in com.google.android.gms rsrc of package com.yandex.browser
03-24 15:41:05.501 23981 25171 D ResourcesManager: For user 0 new overlays fetched Null
03-24 15:41:05.501 23981 25171 W ResourcesManager: getTopLevelResources: /data/app/com.yandex.browser-1/base.apk / 1.0 running in com.google.android.gms rsrc of package com.yandex.browser
03-24 15:41:05.531 23981 25171 W ResourcesManager: getTopLevelResources: /data/app/com.microsoft.emmx-1/base.apk / 1.0 running in com.google.android.gms rsrc of package com.microsoft.emmx
03-24 15:41:05.541 23981 25171 D ResourcesManager: For user 0 new overlays fetched Null
03-24 15:41:05.541 23981 25171 W ResourcesManager: getTopLevelResources: /data/app/com.microsoft.emmx-1/base.apk / 1.0 running in com.google.android.gms rsrc of package com.microsoft.emmx
03-24 15:41:05.561 23981 25171 W ResourcesManager: getTopLevelResources: /data/app/org.mozilla.firefox-1/base.apk / 1.0 running in com.google.android.gms rsrc of package org.mozilla.firefox
03-24 15:41:05.561 23981 25171 D ResourcesManager: For user 0 new overlays fetched Null
03-24 15:41:05.591 23981 25171 W ResourcesManager: getTopLevelResources: /data/app/com.android.chrome-2/base.apk / 1.0 running in com.google.android.gms rsrc of package com.android.chrome
03-24 15:41:05.601 23981 25171 D ResourcesManager: For user 0 new overlays fetched Null
03-24 15:41:05.601 23981 25171 W ResourcesManager: getTopLevelResources: /data/app/com.android.chrome-2/base.apk / 1.0 running in com.google.android.gms rsrc of package com.android.chrome
03-24 15:41:05.601 23981 25171 I Icing   : Usage reports ok 8, Failed Usage reports 0, indexed 0, rejected 0, imm upload false
03-24 15:41:05.611  3670  4952 I PersonaManager: mKnoxInfo is empty
03-24 15:41:05.611 23981 25171 I Icing   : Usage reports ok 0, Failed Usage reports 0, indexed 0, rejected 0, imm upload false
03-24 15:41:05.611 23981 25171 I Icing   : Removing corpus key com.android.chrome-omnibox for package com.android.chrome
03-24 15:41:05.811 23981 25171 I native  : document-store.cc:1756 Scored 2272 usage reports, missing_corpora 102 update_failed 218
03-24 15:41:05.861 23981 25171 I Icing   : Indexing com.android.chrome-omnibox from com.android.chrome
03-24 15:41:05.911 23981 25171 I Icing   : Indexing done com.android.chrome-omnibox
03-24 15:41:05.931  3670  4524 I PersonaManager: mKnoxInfo is empty
03-24 15:41:06.011  3670  3796 V BroadcastQueue: [background] Process cur broadcast BroadcastRecord{7d35910 u0 android.intent.action.DROPBOX_ENTRY_ADDED qIdx=4}, state= (APP_RECEIVE) DELIVERED for app ProcessRecord{9c05121 26542:com.samsung.android.sm/1000}
03-24 15:41:06.041  3670  4454 V BroadcastQueue: [background] Process cur broadcast BroadcastRecord{7d35910 u0 android.intent.action.DROPBOX_ENTRY_ADDED qIdx=4}, state= (APP_RECEIVE) DELIVERED for app ProcessRecord{547f966 23981:com.google.android.gms/u0a15}
03-24 15:41:06.061  3670  4952 I PersonaManager: mKnoxInfo is empty
03-24 15:41:06.101  3670  4946 V BroadcastQueue: [background] Process cur broadcast BroadcastRecord{7d35910 u0 android.intent.action.DROPBOX_ENTRY_ADDED qIdx=4}, state= (APP_RECEIVE) DELIVERED for app ProcessRecord{68a6177 7275:com.google.android.gms.persistent/u0a15}
03-24 15:41:06.101  3670  4407 I PersonaManager: mKnoxInfo is empty
03-24 15:41:06.111  3670  4143 I PersonaManager: mKnoxInfo is empty
03-24 15:41:06.121  3670  4409 I PersonaManager: mKnoxInfo is empty
03-24 15:41:06.131  3670  4016 I PersonaManager: mKnoxInfo is empty
03-24 15:41:06.141  3670  4524 I PersonaManager: mKnoxInfo is empty
03-24 15:41:06.171  3670  4946 I PersonaManager: mKnoxInfo is empty
03-24 15:41:06.411  3670  4068 W System.err: remove failed: ENOENT (No such file or directory) : /data/system/recent_tasks/209_task.xml.bak
03-24 15:41:09.851 29151 29151 D ConnectivityManager: requestNetwork; getAppId(CallingUid) : 10088, CallingPid : 29151
03-24 15:41:09.851  3670  3697 D ConnectivityService: listenForNetwork for Listen from uid/pid:10088/29151 for NetworkRequest [ id=387, legacyType=-1, [ Capabilities: INTERNET&NOT_RESTRICTED&TRUSTED] ]
03-24 15:41:09.861  3670  4029 D ConnectivityService: rematching NetworkAgentInfo [WIFI () - 510]
03-24 15:41:09.861  3670  4029 D ConnectivityService:  network has: NetworkAgentInfo{ ni{[type: WIFI[] - WIFI, state: CONNECTED/CONNECTED, reason: (unspecified), extra: "DataStructures", roaming: false, failover: false, isAvailable: true]}  network{510}  lp{{InterfaceName: wlan0 LinkAddresses: [fe80::ee9b:f3ff:fe73:43e9/64,192.168.0.174/24,]  Routes: [fe80::/64 -> :: wlan0,192.168.0.0/24 -> 0.0.0.0 wlan0,0.0.0.0/0 -> 192.168.0.1 wlan0,] DnsAddresses: [192.168.0.1,] Domains:  MTU: 0 TcpBufferSizes: 524288,1048576,4525824,524288,1048576,4525824}}  nc{[ Transports: WIFI Capabilities: INTERNET&NOT_RESTRICTED&TRUSTED&NOT_VPN&VALIDATED LinkUpBandwidth>=1048576Kbps LinkDnBandwidth>=1048576Kbps SignalStrength: -37]}  Score{60}  everValidated{true}  lastValidated{true}  created{true} lingering{false} explicitlySelected{false} acceptUnvalidated{false} everCaptivePortalDetected{false} lastCaptivePortalDetected{false} }
03-24 15:41:09.861  3670  4029 D ConnectivityService:   checking if request is: NetworkRequest [ id=387, legacyType=-1, [ Capabilities: INTERNET&NOT_RESTRICTED&TRUSTED] ] satisfies: true nri.isRequest: false
03-24 15:41:09.861  3670  4029 D ConnectivityService:   checking if request is: NetworkRequest [ id=5, legacyType=-1, [ Transports: WIFI Capabilities: INTERNET&NOT_RESTRICTED&TRUSTED&NOT_VPN] ] satisfies: true nri.isRequest: false
03-24 15:41:09.861  3670  4029 D ConnectivityService:   checking if request is: NetworkRequest [ id=385, legacyType=-1, [ Capabilities: INTERNET&NOT_RESTRICTED&TRUSTED] ] satisfies: true nri.isRequest: false
03-24 15:41:09.861  3670  4029 D ConnectivityService: Network NetworkAgentInfo [WIFI () - 510] was already satisfying request 1. No change.
03-24 15:41:09.861  3670  4029 D ConnectivityService:   checking if request is: NetworkRequest [ id=3, legacyType=-1, [] ] satisfies: true nri.isRequest: false
03-24 15:41:09.861  3670  4029 D ConnectivityService:   checking if request is: NetworkRequest [ id=4, legacyType=-1, [ Transports: CELLULAR Capabilities: INTERNET&NOT_RESTRICTED&TRUSTED&NOT_VPN] ] satisfies: false nri.isRequest: false
03-24 15:41:09.861  3670  4029 D ConnectivityService:   checking if request is: NetworkRequest [ id=386, legacyType=-1, [ Capabilities: INTERNET&NOT_RESTRICTED&TRUSTED] ] satisfies: true nri.isRequest: false
03-24 15:41:09.861  3670  4029 D ConnectivityService: sending notification AVAILABLE for NetworkRequest [ id=387, legacyType=-1, [ Capabilities: INTERNET&NOT_RESTRICTED&TRUSTED] ]
03-24 15:41:10.021  3670  6805 D ConnectivityService: returning getNetworkInfo for network type 1 : [type: WIFI[] - WIFI, state: CONNECTED/CONNECTED, reason: (unspecified), extra: "DataStructures", roaming: false, failover: false, isAvailable: true]
03-24 15:41:10.351  3054  3101 D Sensorhubs: readContextData: 1, 1, 52, 0, 0, 15, -51, 0, 0, 12, 13, 0, 0, 11, 52, 0, 0, 0, 0, 0, 0, 0, 89, 0, 0, 14, -57
03-24 15:41:10.351  3670  3983 D SensorHubManager: onGetSensorHubDataLocked: library(27) = 1, 1, 52, 0, 0, 15, -51, 0, 0, 12, 13, 0, 0, 11, 52, 0, 0, 0, 0, 0, 0, 0, 89, 0, 0, 14, -57
03-24 15:41:10.351  3670  3982 D CAE     : onGetSensorHubData(SensorHubParserProvider.java:92) - onGetSensorHubData Event [event buffer len :27], AP_WAKEUP
03-24 15:41:10.351  3670  3982 I CAE     : parse(SensorHubParserProvider.java:188) - buffer size = 27
03-24 15:41:10.351  3670  3982 I CAE     : parse(SensorHubParserProvider.java:199) - 1, 1, 52, 0, 0, 15, -51, 0, 0, 12, 13, 0, 0, 11, 52, 0, 0, 0, 0, 0, 0, 0, 89, 0, 0, 14, -57,
03-24 15:41:10.351  3670  3982 D CAE     : display(ContextProvider.java:375) - ================= EAD =================
03-24 15:41:10.351  3670  3982 I CAE     : display(ContextProvider.java:391) - B=[0.2868], G=[0.3085], R=[0.4045], CCT=[3783], Lux=[89]
03-24 15:41:10.351  3670  3985 D SContextService: updateSContext() : event = Environment Adaptive Display
03-24 15:41:10.351  3670  4040 I AdaptiveDisplayColorService: AvgR : 0.4045, AvgG : 0.3085, AvgB : 0.2868, avg lux : 89
03-24 15:41:11.391  3670  3930 D PackageManager: [MSG] WRITE_PACKAGE_RESTRICTIONS
03-24 15:41:11.411  3670  3930 W System.err: remove failed: ENOENT (No such file or directory) : /data/system/users/0/package-restrictions.xml.bak
03-24 15:41:11.961 29383 29414 I chromium: [INFO:child_process_service.cc(73)] ChildProcessService: Exiting child process.
03-24 15:41:11.971 29151 29151 W chromium: [WARNING:compositor_view.cc(263)] Child process died (type=6) pid=29383)
03-24 15:41:11.981  3670  4952 I ActivityManager: Process com.android.chrome:sandboxed_process1 (pid 29383)(adj 0) has died(157,1043)
03-24 15:41:11.981  3670  4952 D ActivityManager: cleanUpApplicationRecord -- 29383
03-24 15:41:11.981  3670  4952 D ActivityManager: isAutoRunBlockedApp:: com.android.chrome, Auto Run ON
03-24 15:41:12.671  3670  3931 D BatteryService: !@BatteryListener : batteryPropertiesChanged!
03-24 15:41:12.671  3670  3931 D BatteryService: level:94, scale:100, status:2, health:2, present:true, voltage: 4276, temperature: 326, technology: Li-ion, AC powered:false, USB powered:true, POGO powered:false, Wireless powered:false, icon:17303414, invalid charger:0, maxChargingCurrent:0
03-24 15:41:12.671  3670  3931 D BatteryService: online:4, current avg:-43, charge type:1, power sharing:false, high voltage charger:false, capacity:280000, batterySWSelfDischarging:false, current_now:114
03-24 15:41:12.671  3670  3670 D BatteryService: Sending ACTION_BATTERY_CHANGED.
03-24 15:41:12.681  3670  3804 D BluetoothAdapter: STATE_BLE_ON
03-24 15:41:12.801  3670  3888 D PowerManagerService: [PSM] lowPowerModeEnabled: false (mLowPowerModeSetting: false, mIsPowered: true, mAutoLowPowerModeConfigured: false, mBatteryLevel: 94, mLowBatteryTriggerLevel: 0)
03-24 15:41:12.801  3670  3670 I MotionRecognitionService: Plugged
03-24 15:41:12.801  3670  3670 E MotionRecognitionService: support TA ~
03-24 15:41:12.801  3670  3670 I MotionRecognitionService: isTAConnected | current backoffstate  = 33792
03-24 15:41:12.801  3670  3670 D MotionRecognitionService:  TA connected ,  33792
03-24 15:41:12.801  3670  3670 I MotionRecognitionService: skip setTransmitPower. 
03-24 15:41:12.801  3670  3670 D MotionRecognitionService:   cableConnection= 1
03-24 15:41:12.801  3670  3670 D MotionRecognitionService: setPowerConnected | current backoffstate  = 33792 , state =33792
03-24 15:41:12.801  3670  3670 D MotionRecognitionService: skip setTransmitPower. 
03-24 15:41:12.801  4103  4103 D KeyguardUpdateMonitor: received broadcast android.intent.action.BATTERY_CHANGED
03-24 15:41:12.811  4103  4103 D PowerUI : priorPlugType = 2 mPlugType =  2
03-24 15:41:12.811  4103  4103 D PowerUI.Notification: showChargingNotice oldChargingType : 1 currentChargingType : 1 oldChargingTime : 937000 mChargingTime : 962000
03-24 15:41:12.811  4103  4103 D PowerUI.Notification: showChargingNotification()
03-24 15:41:12.821  3670  4952 D ApplicationPolicy: isStatusBarNotificationAllowedAsUser: packageName = com.android.systemui,userId = -1
03-24 15:41:12.821  3670  4952 I PersonaManager: mKnoxInfo is empty
03-24 15:41:12.821  4103  4103 D KeyguardUpdateMonitor: handleBatteryUpdate
03-24 15:41:12.821  3670  3670 D MARsPolicyManager: NotificationListenerService OngoingNotificationPosted : com.android.systemui
03-24 15:41:12.821  4103  4103 D BatteryMeterView: ACTION_BATTERY_CHANGED : level:94 status:2 health:2
03-24 15:41:12.821  4103  4103 D BatteryMeterView: ACTION_BATTERY_CHANGED : level:94 status:2 health:2
03-24 15:41:12.841  4103  4103 W ResourcesManager: getTopLevelResources: /system/priv-app/SystemUI/SystemUI.apk / 1.0 running in com.android.systemui rsrc of package com.android.systemui
03-24 15:41:12.851  4103  4103 D PhoneStatusBar: setAreThereNotifications: N=2 any=true clearable=false
03-24 15:41:12.911  3670  6805 D SSRM:n  : SIOP:: AP = 440, PST = 419 (W:16), CP = 320, CUR = -43, LCD = 93
03-24 15:41:12.971  3670  6805 D ConnectivityService: returning getNetworkInfo for network type 1 : [type: WIFI[] - WIFI, state: CONNECTED/CONNECTED, reason: (unspecified), extra: "DataStructures", roaming: false, failover: false, isAvailable: true]
03-24 15:41:15.191  3670  3796 W ActivityManager: Activity stop timeout for ActivityRecord{fcdcea1 u0 com.example.myapplication/.MainActivity t170}
03-24 15:41:17.241  3670  4283 E Watchdog: !@Sync 2442 [03-24 15:41:17.252]
03-24 15:41:20.051  3670  4018 V NetworkStats: performPollLocked(flags=0x1)
03-24 15:41:20.051  3670  4018 D NtpTrustedTime: currentTimeMillis() cache hit
03-24 15:41:20.061  3670  4018 D NetworkStatsRecorder: entry.iface is null
03-24 15:41:20.061  3670  4018 D NetworkStatsRecorder: entry.iface is null
03-24 15:41:20.061  3670  4018 D NetworkStatsRecorder: entry.iface is null
03-24 15:41:20.061  3670  4018 D NetworkStatsRecorder: entry.iface is null
03-24 15:41:20.061  3670  4018 V NetworkStats: performPollLocked() took 8ms
03-24 15:41:20.061  3670  4018 D NtpTrustedTime: currentTimeMillis() cache hit
03-24 15:41:20.061  3670  4019 D NtpTrustedTime: currentTimeMillis() cache hit
03-24 15:41:20.081  3670  4019 D NtpTrustedTime: currentTimeMillis() cache hit
03-24 15:41:22.721  3670  3697 D BatteryService: !@BatteryListener : batteryPropertiesChanged!
03-24 15:41:22.721  3670  3697 D BatteryService: level:95, scale:100, status:2, health:2, present:true, voltage: 4281, temperature: 326, technology: Li-ion, AC powered:false, USB powered:true, POGO powered:false, Wireless powered:false, icon:17303414, invalid charger:0, maxChargingCurrent:0
03-24 15:41:22.721  3670  3697 D BatteryService: online:4, current avg:75, charge type:1, power sharing:false, high voltage charger:false, capacity:280000, batterySWSelfDischarging:false, current_now:199
03-24 15:41:22.721  3670  3670 D BatteryService: Sending ACTION_BATTERY_CHANGED.
03-24 15:41:22.721  3670  3888 D PowerManagerService: [PSM] lowPowerModeEnabled: false (mLowPowerModeSetting: false, mIsPowered: true, mAutoLowPowerModeConfigured: false, mBatteryLevel: 95, mLowBatteryTriggerLevel: 0)
03-24 15:41:22.721  3670  3804 D BluetoothAdapter: STATE_BLE_ON
03-24 15:41:22.721  3670  3670 I MotionRecognitionService: Plugged
03-24 15:41:22.721  3670  3670 E MotionRecognitionService: support TA ~
03-24 15:41:22.721  3670  3670 I MotionRecognitionService: isTAConnected | current backoffstate  = 33792
03-24 15:41:22.721  3670  3670 D MotionRecognitionService:  TA connected ,  33792
03-24 15:41:22.721  3670  3670 I MotionRecognitionService: skip setTransmitPower. 
03-24 15:41:22.721  3670  3670 D MotionRecognitionService:   cableConnection= 1
03-24 15:41:22.721  3670  3670 D MotionRecognitionService: setPowerConnected | current backoffstate  = 33792 , state =33792
03-24 15:41:22.721  3670  3670 D MotionRecognitionService: skip setTransmitPower. 
03-24 15:41:22.731  4103  4103 D KeyguardUpdateMonitor: received broadcast android.intent.action.BATTERY_CHANGED
03-24 15:41:22.731  4103  4103 D KeyguardUpdateMonitor: handleBatteryUpdate
03-24 15:41:22.741  4103  4103 D PowerUI : priorPlugType = 2 mPlugType =  2
03-24 15:41:22.751  4103  4103 D PowerUI.Notification: showChargingNotice oldChargingType : 1 currentChargingType : 1 oldChargingTime : 962000 mChargingTime : 937000
03-24 15:41:22.751  4103  4103 D PowerUI.Notification: showChargingNotification()
03-24 15:41:22.771  3670  4946 D ApplicationPolicy: isStatusBarNotificationAllowedAsUser: packageName = com.android.systemui,userId = -1
03-24 15:41:22.771  3670  4946 I PersonaManager: mKnoxInfo is empty
03-24 15:41:22.771  4103  4103 D BatteryMeterView: ACTION_BATTERY_CHANGED : level:95 status:2 health:2
03-24 15:41:22.771  4103  4103 D BatteryMeterView: ACTION_BATTERY_CHANGED : level:95 status:2 health:2
03-24 15:41:22.771  3670  3670 D MARsPolicyManager: NotificationListenerService OngoingNotificationPosted : com.android.systemui
03-24 15:41:22.791  4103  4103 W ResourcesManager: getTopLevelResources: /system/priv-app/SystemUI/SystemUI.apk / 1.0 running in com.android.systemui rsrc of package com.android.systemui
03-24 15:41:22.801  4103  4103 D PhoneStatusBar: setAreThereNotifications: N=2 any=true clearable=false
03-24 15:41:23.001  3670  6805 D SSRM:n  : SIOP:: AP = 410, PST = 418 (W:22), CP = 321, CUR = 75, LCD = 93
03-24 15:41:23.051  3670  6805 D ConnectivityService: returning getNetworkInfo for network type 1 : [type: WIFI[] - WIFI, state: CONNECTED/CONNECTED, reason: (unspecified), extra: "DataStructures", roaming: false, failover: false, isAvailable: true]
03-24 15:41:32.771  3670  4016 D BatteryService: !@BatteryListener : batteryPropertiesChanged!
03-24 15:41:32.771  3670  4016 D BatteryService: level:95, scale:100, status:2, health:2, present:true, voltage: 4287, temperature: 326, technology: Li-ion, AC powered:false, USB powered:true, POGO powered:false, Wireless powered:false, icon:17303414, invalid charger:0, maxChargingCurrent:0
03-24 15:41:32.771  3670  4016 D BatteryService: online:4, current avg:141, charge type:1, power sharing:false, high voltage charger:false, capacity:280000, batterySWSelfDischarging:false, current_now:250
03-24 15:41:32.771  3670  3670 D BatteryService: Sending ACTION_BATTERY_CHANGED.
03-24 15:41:32.781  3670  3670 I MotionRecognitionService: Plugged
03-24 15:41:32.781  3670  3670 E MotionRecognitionService: support TA ~
03-24 15:41:32.781  3670  3670 I MotionRecognitionService: isTAConnected | current backoffstate  = 33792
03-24 15:41:32.781  3670  3670 D MotionRecognitionService:  TA connected ,  33792
03-24 15:41:32.781  3670  3670 I MotionRecognitionService: skip setTransmitPower. 
03-24 15:41:32.781  3670  3670 D MotionRecognitionService:   cableConnection= 1
03-24 15:41:32.781  3670  3670 D MotionRecognitionService: setPowerConnected | current backoffstate  = 33792 , state =33792
03-24 15:41:32.781  3670  3670 D MotionRecognitionService: skip setTransmitPower. 
03-24 15:41:32.791  4103  4103 D KeyguardUpdateMonitor: received broadcast android.intent.action.BATTERY_CHANGED
03-24 15:41:32.791  4103  4103 D KeyguardUpdateMonitor: handleBatteryUpdate
03-24 15:41:32.791  4103  4103 D PowerUI : priorPlugType = 2 mPlugType =  2
03-24 15:41:32.791  4103  4103 D PowerUI.Notification: showChargingNotice oldChargingType : 1 currentChargingType : 1 oldChargingTime : 937000 mChargingTime : 937000
03-24 15:41:32.791  4103  4103 D PowerUI.Notification: There is no change about charging status, so return!
03-24 15:41:32.811  4103  4103 D BatteryMeterView: ACTION_BATTERY_CHANGED : level:95 status:2 health:2
03-24 15:41:32.811  4103  4103 D BatteryMeterView: ACTION_BATTERY_CHANGED : level:95 status:2 health:2
03-24 15:41:33.081  3670  6805 D SSRM:n  : SIOP:: AP = 400, PST = 415 (W:22), CP = 321, CUR = 141, LCD = 93
03-24 15:41:34.011 29746 29746 I FIPS_bssl: FIPS approved mode (1) | 29746 | app_process
03-24 15:41:34.011 29746 29746 D AndroidRuntime: >>>>>> START com.android.internal.os.RuntimeInit uid 2000 <<<<<<
03-24 15:41:34.021 29746 29746 D AndroidRuntime: CheckJNI is OFF
03-24 15:41:34.021 29746 29746 D AndroidRuntime: readGMSProperty: start
03-24 15:41:34.021 29746 29746 D AndroidRuntime: readGMSProperty: already setted!!
03-24 15:41:34.021 29746 29746 D AndroidRuntime: propertySet: couldn't set property (it is from app)
03-24 15:41:34.021 29746 29746 D AndroidRuntime: readGMSProperty: could not set the property(default)!!
03-24 15:41:34.021 29746 29746 D AndroidRuntime: readGMSProperty: end
03-24 15:41:34.021 29746 29746 D AndroidRuntime: addProductProperty: start
03-24 15:41:34.041 29746 29746 D ICU     : No timezone override file found: /data/misc/zoneinfo/current/icu/icu_tzdata.dat
03-24 15:41:34.071 29746 29746 I Radio-JNI: register_android_hardware_Radio DONE
03-24 15:41:34.071 29746 29746 E AffinityControl: AffinityControl: registerfunction enter
03-24 15:41:34.091 29746 29746 D AndroidRuntime: Calling main entry com.android.commands.am.Am
03-24 15:41:34.091  3670  3931 I ActivityManager: Force stopping com.android.chrome appid=10088 user=0: from pid 29746
03-24 15:41:34.091  3670  3931 I PersonaManager: mKnoxInfo is empty
03-24 15:41:34.091  3670  3931 I PersonaManager: mKnoxInfo is empty
03-24 15:41:34.091  3670  3931 I ActivityManager: Killing 29334:com.android.chrome:privileged_process0/u0a88 (adj 0): stop com.android.chrome cause from pid 29746
03-24 15:41:34.091  3670  3931 D ActivityManager: cleanUpApplicationRecord -- 29334
