03-24 15:42:40.581 23981 25171 I qtaguid : Tagging socket 76 with tag 3000090000000000{805308672,0} uid -1, pid: 23981, getuid(): 10015
03-24 15:42:40.581 23981 25171 I qtaguid : Untagging socket 76
03-24 15:42:40.581 23981 25171 I qtaguid : Tagging socket 76 with tag 3000090000000000{805308672,0} uid -1, pid: 23981, getuid(): 10015
03-24 15:42:40.581 23981 25171 I qtaguid : Untagging socket 76
03-24 15:42:40.581 23981 25171 I qtaguid : Tagging socket 76 with tag 3000090000000000{805308672,0} uid -1, pid: 23981, getuid(): 10015
03-24 15:42:40.581 23981 25171 I qtaguid : Untagging socket 76
03-24 15:42:40.581 23981 25171 I qtaguid : Tagging socket 76 with tag 3000090000000000{805308672,0} uid -1, pid: 23981, getuid(): 10015
03-24 15:42:40.581 23981 25171 I qtaguid : Untagging socket 76
03-24 15:42:40.581 23981 25171 I qtaguid : Tagging socket 76 with tag 3000090000000000{805308672,0} uid -1, pid: 23981, getuid(): 10015
03-24 15:42:40.581 23981 25171 I qtaguid : Untagging socket 76
03-24 15:42:40.581 23981 25171 I qtaguid : Tagging socket 76 with tag 3000090000000000{805308672,0} uid -1, pid: 23981, getuid(): 10015
03-24 15:42:40.581 23981 25171 I qtaguid : Untagging socket 76
03-24 15:42:40.581 23981 25171 I qtaguid : Tagging socket 76 with tag 3000090000000000{805308672,0} uid -1, pid: 23981, getuid(): 10015
03-24 15:42:40.581 23981 25171 I qtaguid : Untagging socket 76
03-24 15:42:40.581 23981 25171 I qtaguid : Tagging socket 76 with tag 3000090000000000{805308672,0} uid -1, pid: 23981, getuid(): 10015
03-24 15:42:40.581 23981 25171 I qtaguid : Untagging socket 76
03-24 15:42:40.581 23981 25171 I qtaguid : Tagging socket 76 with tag 3000090000000000{805308672,0} uid -1, pid: 23981, getuid(): 10015
03-24 15:42:40.581 23981 25171 I qtaguid : Untagging socket 76
03-24 15:42:40.581  3670  4143 E BatteryStatsImpl: Wifi multicast lock enabled by UID  = 10015
03-24 15:42:40.711 31364 31518 W System.err: remove failed: ENOENT (No such file or directory) : /data/user/0/org.mozilla.firefox/cache/picasso-cache/9a83671e5995b82be140314522be3c44.0
03-24 15:42:40.711 31364 31518 W System.err: remove failed: ENOENT (No such file or directory) : /data/user/0/org.mozilla.firefox/cache/picasso-cache/9a83671e5995b82be140314522be3c44.1
03-24 15:42:40.711 31364 31518 D DLCSyncAction: Server returned 48 records (since 0)
03-24 15:42:40.711  3670  4143 I PersonaManager: mKnoxInfo is empty
03-24 15:42:40.721 31364 31518 V DLCSyncAction: Done
03-24 15:42:40.721 31364 31518 D GeckoDLCCatalog: Writing to disk
03-24 15:42:40.721 31364 31415 D GeckoDLCCatalog: Loading from disk
03-24 15:42:40.721 31364 31415 W GeckoDLCCatalog: Unable to parse catalog JSON. Re-creating empty catalog.
03-24 15:42:40.721 31364 31415 W GeckoDLCCatalog: org.json.JSONException: End of input at character 0 of 
03-24 15:42:40.721 31364 31415 W GeckoDLCCatalog: 	at org.json.JSONTokener.syntaxError(JSONTokener.java:449)
03-24 15:42:40.721 31364 31415 W GeckoDLCCatalog: 	at org.json.JSONTokener.nextValue(JSONTokener.java:97)
03-24 15:42:40.721 31364 31415 W GeckoDLCCatalog: 	at org.json.JSONObject.<init>(JSONObject.java:156)
03-24 15:42:40.721 31364 31415 W GeckoDLCCatalog: 	at org.json.JSONObject.<init>(JSONObject.java:173)
03-24 15:42:40.721 31364 31415 W GeckoDLCCatalog: 	at org.mozilla.gecko.dlc.catalog.DownloadContentCatalog.loadFromDisk(DownloadContentCatalog.java:213)
03-24 15:42:40.721 31364 31415 W GeckoDLCCatalog: 	at org.mozilla.gecko.dlc.catalog.DownloadContentCatalog.startLoadFromDisk(DownloadContentCatalog.java:181)
03-24 15:42:40.721 31364 31415 W GeckoDLCCatalog: 	at org.mozilla.gecko.dlc.catalog.DownloadContentCatalog.<init>(DownloadContentCatalog.java:49)
03-24 15:42:40.721 31364 31415 W GeckoDLCCatalog: 	at org.mozilla.gecko.dlc.DlcStudyService.onHandleWork(DlcStudyService.java:25)
03-24 15:42:40.721 31364 31415 W GeckoDLCCatalog: 	at android.support.v4.app.JobIntentService$CommandProcessor.doInBackground(JobIntentService.java:391)
03-24 15:42:40.721 31364 31415 W GeckoDLCCatalog: 	at android.support.v4.app.JobIntentService$CommandProcessor.doInBackground(JobIntentService.java:382)
03-24 15:42:40.721 31364 31415 W GeckoDLCCatalog: 	at android.os.AsyncTask$2.call(AsyncTask.java:295)
03-24 15:42:40.721 31364 31415 W GeckoDLCCatalog: 	at java.util.concurrent.FutureTask.run(FutureTask.java:237)
03-24 15:42:40.721 31364 31415 W GeckoDLCCatalog: 	at java.util.concurrent.ThreadPoolExecutor.runWorker(ThreadPoolExecutor.java:1113)
03-24 15:42:40.721 31364 31415 W GeckoDLCCatalog: 	at java.util.concurrent.ThreadPoolExecutor$Worker.run(ThreadPoolExecutor.java:588)
03-24 15:42:40.721 31364 31415 W GeckoDLCCatalog: 	at java.lang.Thread.run(Thread.java:818)
03-24 15:42:40.721 31364 31415 D GeckoDLCCatalog: Loaded 0 elements
03-24 15:42:40.721 31364 31415 D DLCStudyAction: Studying catalog..
03-24 15:42:40.721 31364 31415 V DLCStudyAction: Done
03-24 15:42:40.721 31364 31415 D GeckoDLCCatalog: Writing to disk
03-24 15:42:40.731 31364 31415 W System.err: remove failed: ENOENT (No such file or directory) : /data/user/0/org.mozilla.firefox/download_content_catalog.bak
03-24 15:42:40.731 31364 31518 D DLCVerifyAction: Verifying catalog..
03-24 15:42:40.731 31364 31518 V DLCVerifyAction: Done
03-24 15:42:40.731 31364 31518 V GeckoDLCCatalog: Not persisting: Catalog has not changed
03-24 15:42:40.921 31364 31521 W System.err: remove failed: ENOENT (No such file or directory) : /data/user/0/org.mozilla.firefox/shared_prefs/com.google.android.gms.appid.xml.bak
03-24 15:42:40.931  3670  4952 I PersonaManager: mKnoxInfo is empty
03-24 15:42:40.931  3670  3931 I PersonaManager: mKnoxInfo is empty
03-24 15:42:40.941  3670  4947 I PersonaManager: mKnoxInfo is empty
03-24 15:42:40.941  7275  7706 I System.out: (HTTPLog)-Static: isSBSettingEnabled false
03-24 15:42:40.941  7275  7706 I System.out: (HTTPLog)-Static: isSBSettingEnabled false
03-24 15:42:40.941  7275 14548 I System.out: (HTTPLog)-Static: isSBSettingEnabled false
03-24 15:42:40.941  7275 14548 I System.out: (HTTPLog)-Static: isSBSettingEnabled false
03-24 15:42:40.941  7275  7706 I qtaguid : Tagging socket 103 with tag 3000040700000000{805307399,0} uid -1, pid: 7275, getuid(): 10015
03-24 15:42:40.941  7275 14548 I qtaguid : Tagging socket 94 with tag 3000040700000000{805307399,0} uid -1, pid: 7275, getuid(): 10015
03-24 15:42:40.981  3037  3741 D EnterpriseController: netId is 0
03-24 15:42:40.981  3037  3741 D Netd    : getNetworkForDns: using netid 510 for uid 10117
03-24 15:42:41.101 31364 31532 W System.err: remove failed: ENOENT (No such file or directory) : /data/user/0/org.mozilla.firefox/cache/picasso-cache/9fa063f5f02a9fc187218fc30f055cfe.0
03-24 15:42:41.101 31364 31532 W System.err: remove failed: ENOENT (No such file or directory) : /data/user/0/org.mozilla.firefox/cache/picasso-cache/9fa063f5f02a9fc187218fc30f055cfe.1
03-24 15:42:41.121 31364 31533 W System.err: remove failed: ENOENT (No such file or directory) : /data/user/0/org.mozilla.firefox/cache/picasso-cache/4bcd7273a0cf812165790879b62dd6fb.0
03-24 15:42:41.121 31364 31533 W System.err: remove failed: ENOENT (No such file or directory) : /data/user/0/org.mozilla.firefox/cache/picasso-cache/4bcd7273a0cf812165790879b62dd6fb.1
03-24 15:42:41.331 31364 31534 W System.err: remove failed: ENOENT (No such file or directory) : /data/user/0/org.mozilla.firefox/cache/picasso-cache/ce5bc25cdc25c0e2ecb5f95e84210451.0
03-24 15:42:41.331 31364 31534 W System.err: remove failed: ENOENT (No such file or directory) : /data/user/0/org.mozilla.firefox/cache/picasso-cache/ce5bc25cdc25c0e2ecb5f95e84210451.1
03-24 15:42:41.331  3037  3738 D Netd    : Iface wlan0 link up
03-24 15:42:41.331 31048 31048 I wpa_supplicant: nl80211: Received scan results (6 BSSes)
03-24 15:42:41.341  3670  3804 D Tethering: interfaceLinkStateChanged wlan0, true
03-24 15:42:41.341  3670  3804 D Tethering: interfaceStatusChanged wlan0, true
03-24 15:42:41.341  3670  4020 D WifiP2pService: InactiveState{ what=147461 }
03-24 15:42:41.341  3670  4020 D WifiP2pService: P2pEnabledState{ what=147461 }
03-24 15:42:41.341  3670  4020 D WifiP2pService: DefaultState{ what=147461 }
03-24 15:42:41.351  3670  3670 I CLocInfoService: External Intent Received android.net.wifi.SCAN_RESULTS
03-24 15:42:41.351  3670  3796 V BroadcastQueue: [background] Process cur broadcast BroadcastRecord{d6a3f10 u-1 android.net.wifi.SCAN_RESULTS qIdx=4}, state= (APP_RECEIVE) DELIVERED for app ProcessRecord{124bbc4 4103:com.android.systemui/u0a43}
03-24 15:42:41.361  7275 14548 I qtaguid : Untagging socket 94
03-24 15:42:41.371  7275  7706 I qtaguid : Untagging socket 103
03-24 15:42:41.381 31364 31384 I GeckoPushGCM: Got fresh GCM token; caching.
03-24 15:42:41.381 31364 31521 I [INFO][Leanplum]: [com.leanplum.LeanplumCloudMessagingProvider::onRegistrationIdReceived::96]: Device registered for push notifications with registration token, APA91bGDEBIAJ94uToivVrh2As7kCtGZvWWv_F-6KOrj4ra5Z8c2Xj50pqtGRKTwiCyTAlKDTm3glqzIC7Gw_MuqHlxQLP8DJwv5YFwO__X81h7UuuOnQevZV4PXAyFjyql0cuyHPU_4
03-24 15:42:41.381 31364 31384 I GeckoPushManager: Startup: advancing all registrations.
03-24 15:42:41.381 31364 31384 W System.err: remove failed: ENOENT (No such file or directory) : /data/user/0/org.mozilla.firefox/GeckoPushState.json.bak
03-24 15:42:41.391  3670  4952 I PersonaManager: mKnoxInfo is empty
03-24 15:42:41.391 31364 31384 I GeckoPushService: Handling event: PushServiceAndroidGCM:Configure
03-24 15:42:41.391 31364 31384 I GeckoPushManager: Updating configuration.
03-24 15:42:41.391 31364 31384 I GeckoPushManager: Push configuration set!
03-24 15:42:41.391 31364 31384 I GeckoPushService: Handling event: PushServiceAndroidGCM:Initialized
03-24 15:42:41.401 31364 31442 D GeckoTelemetryUploadSer: Service started
03-24 15:42:41.401 31364 31364 D GeckoToolbar: onTabChanged: THUMBNAIL
03-24 15:42:41.401 31364 31364 D GeckoBrowserApp: BrowserApp.onTabChanged: 0: THUMBNAIL
03-24 15:42:41.421  3037  3741 D EnterpriseController: netId is 0
03-24 15:42:41.421  3037  3741 D Netd    : getNetworkForDns: using netid 510 for uid 10117
03-24 15:42:41.711  3037  3741 D EnterpriseController: netId is 0
03-24 15:42:41.711  3037  3741 D Netd    : getNetworkForDns: using netid 510 for uid 10117
03-24 15:42:41.901 31364 31428 E         : g2d stretchFimgApi_v5 function does not exist
03-24 15:42:41.901 31364 31428 E         : [JM] stretchFimgApi might be v4.
03-24 15:42:41.941  3670  4068 W System.err: remove failed: ENOENT (No such file or directory) : /data/system/recent_tasks/214_task.xml.bak
03-24 15:42:42.221 31364 31391 D GeckoDistribution: Custom distribution directory not found.
03-24 15:42:42.411  3037  3741 D EnterpriseController: netId is 0
03-24 15:42:42.411  3037  3741 D Netd    : getNetworkForDns: using netid 510 for uid 10117
03-24 15:42:42.941 31364 31442 D GeckoTelemetryUploadSer: Telemetry upload success!
03-24 15:42:42.941 31364 31442 D GeckoTelemetryUploadSer: Service finished: upload and prune attempts completed
03-24 15:42:43.041  3037  3741 D EnterpriseController: netId is 0
03-24 15:42:43.041  3037  3741 D Netd    : getNetworkForDns: using netid 510 for uid 10117
03-24 15:42:43.091  3670  4421 D BatteryService: !@BatteryListener : batteryPropertiesChanged!
03-24 15:42:43.091  3670  4421 D BatteryService: level:94, scale:100, status:2, health:2, present:true, voltage: 4229, temperature: 325, technology: Li-ion, AC powered:false, USB powered:true, POGO powered:false, Wireless powered:false, icon:17303414, invalid charger:0, maxChargingCurrent:0
03-24 15:42:43.091  3670  4421 D BatteryService: online:4, current avg:-150, charge type:1, power sharing:false, high voltage charger:false, capacity:280000, batterySWSelfDischarging:false, current_now:-177
03-24 15:42:43.091  3670  3670 D BatteryService: Sending ACTION_BATTERY_CHANGED.
03-24 15:42:43.101  3670  3670 I MotionRecognitionService: Plugged
03-24 15:42:43.101  3670  3670 E MotionRecognitionService: support TA ~
03-24 15:42:43.101  3670  3670 I MotionRecognitionService: isTAConnected | current backoffstate  = 33792
03-24 15:42:43.101  3670  3670 D MotionRecognitionService:  TA connected ,  33792
03-24 15:42:43.101  3670  3670 I MotionRecognitionService: skip setTransmitPower. 
03-24 15:42:43.101  3670  3670 D MotionRecognitionService:   cableConnection= 1
03-24 15:42:43.101  3670  3670 D MotionRecognitionService: setPowerConnected | current backoffstate  = 33792 , state =33792
03-24 15:42:43.101  3670  3670 D MotionRecognitionService: skip setTransmitPower. 
03-24 15:42:43.101  4103  4103 D KeyguardUpdateMonitor: received broadcast android.intent.action.BATTERY_CHANGED
03-24 15:42:43.101  4103  4103 D PowerUI : priorPlugType = 2 mPlugType =  2
03-24 15:42:43.111  4103  4103 D KeyguardUpdateMonitor: handleBatteryUpdate
03-24 15:42:43.111  4103  4103 D PowerUI.Notification: showChargingNotice oldChargingType : 1 currentChargingType : 1 oldChargingTime : 962000 mChargingTime : 962000
03-24 15:42:43.111  4103  4103 D PowerUI.Notification: There is no change about charging status, so return!
03-24 15:42:43.111  4103  4103 D BatteryMeterView: ACTION_BATTERY_CHANGED : level:94 status:2 health:2
03-24 15:42:43.111  4103  4103 D BatteryMeterView: ACTION_BATTERY_CHANGED : level:94 status:2 health:2
03-24 15:42:43.211  3037  3741 D EnterpriseController: netId is 0
03-24 15:42:43.211  3037  3741 D Netd    : getNetworkForDns: using netid 510 for uid 10117
03-24 15:42:43.351  3670  6805 D SSRM:n  : SIOP:: AP = 480, PST = 430 (W:10), CP = 323, CUR = -150, LCD = 93
03-24 15:42:43.401  3670  6805 D ConnectivityService: returning getNetworkInfo for network type 1 : [type: WIFI[] - WIFI, state: CONNECTED/CONNECTED, reason: (unspecified), extra: "DataStructures", roaming: false, failover: false, isAvailable: true]
03-24 15:42:43.451  3037  3741 D EnterpriseController: netId is 0
03-24 15:42:43.451  3037  3741 D Netd    : getNetworkForDns: using netid 510 for uid 10117
03-24 15:42:43.571 23981 25168 W AdaptiveDiscoveryWorker: Exiting Adaptive Discovery. Current NetworkInfo is NULL.
03-24 15:42:43.611  3037  3741 D EnterpriseController: netId is 0
03-24 15:42:43.611  3037  3741 D Netd    : getNetworkForDns: using netid 510 for uid 10117
03-24 15:42:44.691  3670  6805 D ConnectivityService: returning getNetworkInfo for network type 1 : [type: WIFI[] - WIFI, state: CONNECTED/CONNECTED, reason: (unspecified), extra: "DataStructures", roaming: false, failover: false, isAvailable: true]
03-24 15:42:47.251  3670  4283 E Watchdog: !@Sync 2445 [03-24 15:42:47.257]
03-24 15:42:47.371  3670  3930 D PackageManager: [MSG] WRITE_PACKAGE_RESTRICTIONS
03-24 15:42:47.411  3670  3930 W System.err: remove failed: ENOENT (No such file or directory) : /data/system/users/0/package-restrictions.xml.bak
03-24 15:42:49.341  3670  3796 W ActivityManager: Activity stop timeout for ActivityRecord{fcdcea1 u0 com.example.myapplication/.MainActivity t170}
03-24 15:42:49.971 31364 31391 W GeckoEventDispatcher: No listener for Session:DataWritten
03-24 15:42:53.131  3670  4952 D BatteryService: !@BatteryListener : batteryPropertiesChanged!
03-24 15:42:53.131  3670  4952 D BatteryService: level:94, scale:100, status:2, health:2, present:true, voltage: 4282, temperature: 326, technology: Li-ion, AC powered:false, USB powered:true, POGO powered:false, Wireless powered:false, icon:17303414, invalid charger:0, maxChargingCurrent:0
03-24 15:42:53.131  3670  4952 D BatteryService: online:4, current avg:2, charge type:1, power sharing:false, high voltage charger:false, capacity:280000, batterySWSelfDischarging:false, current_now:222
03-24 15:42:53.131  3670  3670 D BatteryService: Sending ACTION_BATTERY_CHANGED.
03-24 15:42:53.131  3670  3670 I MotionRecognitionService: Plugged
03-24 15:42:53.131  3670  3670 E MotionRecognitionService: support TA ~
03-24 15:42:53.131  3670  3670 I MotionRecognitionService: isTAConnected | current backoffstate  = 33792
03-24 15:42:53.131  3670  3670 D MotionRecognitionService:  TA connected ,  33792
03-24 15:42:53.131  3670  3670 I MotionRecognitionService: skip setTransmitPower. 
03-24 15:42:53.131  3670  3670 D MotionRecognitionService:   cableConnection= 1
03-24 15:42:53.131  3670  3670 D MotionRecognitionService: setPowerConnected | current backoffstate  = 33792 , state =33792
03-24 15:42:53.131  3670  3670 D MotionRecognitionService: skip setTransmitPower. 
03-24 15:42:53.141  4103  4103 D KeyguardUpdateMonitor: received broadcast android.intent.action.BATTERY_CHANGED
03-24 15:42:53.141  4103  4103 D KeyguardUpdateMonitor: handleBatteryUpdate
03-24 15:42:53.141  4103  4103 D PowerUI : priorPlugType = 2 mPlugType =  2
03-24 15:42:53.141  4103  4103 D PowerUI.Notification: showChargingNotice oldChargingType : 1 currentChargingType : 1 oldChargingTime : 962000 mChargingTime : 962000
03-24 15:42:53.141  4103  4103 D PowerUI.Notification: There is no change about charging status, so return!
03-24 15:42:53.171  4103  4103 D BatteryMeterView: ACTION_BATTERY_CHANGED : level:94 status:2 health:2
03-24 15:42:53.171  4103  4103 D BatteryMeterView: ACTION_BATTERY_CHANGED : level:94 status:2 health:2
03-24 15:42:53.421  3670  6805 D SSRM:n  : SIOP:: AP = 430, PST = 436 (W:20), CP = 324, CUR = 2, LCD = 93
03-24 15:42:53.461  3670  6805 D ConnectivityService: returning getNetworkInfo for network type 1 : [type: WIFI[] - WIFI, state: CONNECTED/CONNECTED, reason: (unspecified), extra: "DataStructures", roaming: false, failover: false, isAvailable: true]
03-24 15:42:53.871  3037  3741 D EnterpriseController: netId is 0
03-24 15:42:53.871  3037  3741 D Netd    : getNetworkForDns: using netid 510 for uid 10117
03-24 15:42:57.521  3670  4018 D NtpTrustedTime: currentTimeMillis() cache hit
03-24 15:42:57.521  3670  4018 V NetworkStats: performPollLocked(flags=0x1)
03-24 15:42:57.531  3670  4018 D NetworkStatsRecorder: entry.iface is null
03-24 15:42:57.531  3670  4018 D NetworkStatsRecorder: entry.iface is null
03-24 15:42:57.531  3670  4018 D NetworkStatsRecorder: entry.iface is null
03-24 15:42:57.531  3670  4018 D NetworkStatsRecorder: entry.iface is null
03-24 15:42:57.551  3670  4018 V NetworkStats: performPollLocked() took 37ms
03-24 15:42:57.551  3670  4018 D NtpTrustedTime: currentTimeMillis() cache hit
03-24 15:42:57.561  3670  4019 D NtpTrustedTime: currentTimeMillis() cache hit
03-24 15:42:57.591  3670  4019 D NtpTrustedTime: currentTimeMillis() cache hit
03-24 15:42:58.981  3670  4018 D NtpTrustedTime: currentTimeMillis() cache hit
03-24 15:42:58.981  3670  4018 V NetworkStats: performPollLocked(flags=0x1)
03-24 15:42:58.991  3670  4018 D NetworkStatsRecorder: entry.iface is null
03-24 15:42:58.991  3670  4018 D NetworkStatsRecorder: entry.iface is null
03-24 15:42:58.991  3670  4018 D NetworkStatsRecorder: entry.iface is null
03-24 15:42:58.991  3670  4018 D NetworkStatsRecorder: entry.iface is null
03-24 15:42:59.011  3670  4018 V NetworkStats: performPollLocked() took 31ms
03-24 15:42:59.011  3670  4018 D NtpTrustedTime: currentTimeMillis() cache hit
03-24 15:42:59.011  3670  4019 D NtpTrustedTime: currentTimeMillis() cache hit
03-24 15:42:59.031  3670  4019 D NtpTrustedTime: currentTimeMillis() cache hit
03-24 15:42:59.991  3670  3980 V AlarmManager: Expired Alarm result :8
03-24 15:43:00.001  4103  4103 D KeyguardUpdateMonitor: received broadcast android.intent.action.TIME_TICK
03-24 15:43:00.001  4103  4103 D KeyguardUpdateMonitor: handleTimeUpdate
03-24 15:43:00.011  4103  4103 D Clock   : received broadcast android.intent.action.TIME_TICK
03-24 15:43:00.061  4103  4103 D DateView: received broadcast android.intent.action.TIME_TICK
03-24 15:43:00.091 25088 25088 D [WeatherWidget(1236)]  WeatherService: {[EC3334F14841398C8B464A72D0E61AB7C564889C89112557F2146D56794659083956C77974A4825103AB5C5D4AC85EDAA24236388AC138058106446B92A35777]}
03-24 15:43:00.091 25088 25088 D [WeatherWidget(1236)]  : {[3AE6950019B083611567B0F9442DB03EEFA9050249635C043F7E254E316C2550]}
03-24 15:43:00.101 25088 25088 D [WeatherWidget(1236)]  : {[3AE6950019B083611567B0F9442DB03E5DDA24A68DD8F41CDE99F0ED3FBCA79D6E3672D13C47BC5ED8EFB051B507BC35D16D05BE0B1FFC48F1CBC65A73129A0D]}
03-24 15:43:00.101 25088 25088 D [WeatherWidget(1236)]  : {[A1AF0F6A1A65A89C43D705938923D0FEFB71880C4E84718DA0A3E1F383E54FB24509E0FBB917D66D2978C513F7383D4A3053B01023BD027BD5C6B984AE327ACDF73722D68B1F80266469F24891921060F6012335F813CE3C0359344A51D4CD9D96750407689B32392378DF20D5323939]}
03-24 15:43:00.101 25088 25088 D [WeatherWidget(1236)]  : {[15C09394A4E9AFE55A5C62F22AB3FC5902EB2A2150B6646A86F2B3102D669614]}
03-24 15:43:03.171  3670  4454 D BatteryService: !@BatteryListener : batteryPropertiesChanged!
03-24 15:43:03.171  3670  4454 D BatteryService: level:94, scale:100, status:2, health:2, present:true, voltage: 4217, temperature: 326, technology: Li-ion, AC powered:false, USB powered:true, POGO powered:false, Wireless powered:false, icon:17303414, invalid charger:0, maxChargingCurrent:0
03-24 15:43:03.171  3670  4454 D BatteryService: online:4, current avg:-54, charge type:1, power sharing:false, high voltage charger:false, capacity:280000, batterySWSelfDischarging:false, current_now:-283
03-24 15:43:03.171  3670  3670 D BatteryService: Sending ACTION_BATTERY_CHANGED.
03-24 15:43:03.171  3670  3670 I MotionRecognitionService: Plugged
03-24 15:43:03.171  3670  3670 E MotionRecognitionService: support TA ~
03-24 15:43:03.171  3670  3670 I MotionRecognitionService: isTAConnected | current backoffstate  = 33792
03-24 15:43:03.171  3670  3670 D MotionRecognitionService:  TA connected ,  33792
03-24 15:43:03.171  3670  3670 I MotionRecognitionService: skip setTransmitPower. 
03-24 15:43:03.171  3670  3670 D MotionRecognitionService:   cableConnection= 1
03-24 15:43:03.171  3670  3670 D MotionRecognitionService: setPowerConnected | current backoffstate  = 33792 , state =33792
03-24 15:43:03.171  3670  3670 D MotionRecognitionService: skip setTransmitPower. 
03-24 15:43:03.171  4103  4103 D KeyguardUpdateMonitor: received broadcast android.intent.action.BATTERY_CHANGED
03-24 15:43:03.171  4103  4103 D PowerUI : priorPlugType = 2 mPlugType =  2
03-24 15:43:03.171  4103  4103 D PowerUI.Notification: showChargingNotice oldChargingType : 1 currentChargingType : 1 oldChargingTime : 962000 mChargingTime : 962000
03-24 15:43:03.171  4103  4103 D KeyguardUpdateMonitor: handleBatteryUpdate
03-24 15:43:03.171  4103  4103 D PowerUI.Notification: There is no change about charging status, so return!
03-24 15:43:03.171  4103  4103 D BatteryMeterView: ACTION_BATTERY_CHANGED : level:94 status:2 health:2
03-24 15:43:03.171  4103  4103 D BatteryMeterView: ACTION_BATTERY_CHANGED : level:94 status:2 health:2
03-24 15:43:03.481  3670  6805 D SSRM:n  : SIOP:: AP = 450, PST = 435 (W:16), CP = 324, CUR = -54, LCD = 93
03-24 15:43:05.261  3670  4018 D NtpTrustedTime: currentTimeMillis() cache hit
03-24 15:43:05.261  3670  4018 V NetworkStats: performPollLocked(flags=0x1)
03-24 15:43:05.271  3670  4018 D NetworkStatsRecorder: entry.iface is null
03-24 15:43:05.271  3670  4018 D NetworkStatsRecorder: entry.iface is null
03-24 15:43:05.271  3670  4018 D NetworkStatsRecorder: entry.iface is null
03-24 15:43:05.271  3670  4018 D NetworkStatsRecorder: entry.iface is null
03-24 15:43:05.281  3670  4018 V NetworkStats: performPollLocked() took 25ms
03-24 15:43:05.281  3670  4018 D NtpTrustedTime: currentTimeMillis() cache hit
03-24 15:43:05.291  3670  4019 D NtpTrustedTime: currentTimeMillis() cache hit
03-24 15:43:05.311  3670  4019 D NtpTrustedTime: currentTimeMillis() cache hit
03-24 15:43:08.821 31876 31876 I FIPS_bssl: FIPS approved mode (1) | 31876 | app_process
03-24 15:43:08.821 31876 31876 D AndroidRuntime: >>>>>> START com.android.internal.os.RuntimeInit uid 2000 <<<<<<
03-24 15:43:08.821 31876 31876 D AndroidRuntime: CheckJNI is OFF
03-24 15:43:08.821 31876 31876 D AndroidRuntime: readGMSProperty: start
03-24 15:43:08.821 31876 31876 D AndroidRuntime: readGMSProperty: already setted!!
03-24 15:43:08.821 31876 31876 D AndroidRuntime: propertySet: couldn't set property (it is from app)
03-24 15:43:08.821 31876 31876 D AndroidRuntime: readGMSProperty: could not set the property(default)!!
03-24 15:43:08.821 31876 31876 D AndroidRuntime: readGMSProperty: end
03-24 15:43:08.821 31876 31876 D AndroidRuntime: addProductProperty: start
03-24 15:43:08.851 31876 31876 D ICU     : No timezone override file found: /data/misc/zoneinfo/current/icu/icu_tzdata.dat
03-24 15:43:08.871 31876 31876 I Radio-JNI: register_android_hardware_Radio DONE
03-24 15:43:08.881 31876 31876 E AffinityControl: AffinityControl: registerfunction enter
03-24 15:43:08.891 31876 31876 D AndroidRuntime: Calling main entry com.android.commands.am.Am
03-24 15:43:08.891  3670  4143 I PersonaManager: mKnoxInfo is empty
03-24 15:43:08.891  3670  4143 I ActivityManager: Force stopping org.mozilla.firefox appid=10117 user=0: from pid 31876
03-24 15:43:08.891  3670  4143 I ActivityManager: Killing 31364:org.mozilla.firefox/u0a117 (adj 0): stop org.mozilla.firefox cause from pid 31876
03-24 15:43:08.891  3670  4143 D ActivityManager: cleanUpApplicationRecord -- 31364
03-24 15:43:08.891  3670  4143 D ActivityManager: isAutoRunBlockedApp:: org.mozilla.firefox, Auto Run ON
03-24 15:43:08.891  3670  4143 W ActivityManager: Force removing ActivityRecord{32cd554 u0 org.mozilla.firefox/org.mozilla.gecko.BrowserApp t214}: app died, no saved state
03-24 15:43:08.901  3670  4143 D InputDispatcher: Focused application set to: xxxx
03-24 15:43:08.901  3670  4143 D InputDispatcher: Focus left window: 31364
03-24 15:43:08.901  3025  3212 I SurfaceFlinger: id=851 Removed TurfaceView (6/9)
03-24 15:43:08.901  3025  3732 I SurfaceFlinger: id=851 Removed TurfaceView (-2/9)
03-24 15:43:08.911  3025  4439 I SurfaceFlinger: id=850 Removed CrowserApp (6/8)
03-24 15:43:08.911  3025  3212 I SurfaceFlinger: id=850 Removed CrowserApp (-2/8)
03-24 15:43:08.911  3670  3884 D PointerIcon: setMouseIconStyle1 pointerType: 1001 iconType:101 flag:0 pid:3670 uid:1000
03-24 15:43:08.911  3670  4143 D CustomFrequencyManagerService: acquireDVFSLockLocked : type : DVFS_MIN_LIMIT  frequency : 1800000  uid : 1000  pid : 3670  pkgName : ACTIVITY_RESUME_BOOSTER@3
03-24 15:43:08.911  3670  3884 D PointerIcon: setMouseCustomIcon IconType is same.101
03-24 15:43:08.911  3670  4143 D ActivityManager: mDVFSHelper.acquire()
03-24 15:43:08.911  3025  3025 D libEGL  : eglTerminate EGLDisplay = 0x7ff3f31e28
03-24 15:43:08.911  3025  3025 D libEGL  : eglTerminate EGLDisplay = 0x7ff3f31e28
03-24 15:43:08.911  3025  3025 D libEGL  : eglTerminate EGLDisplay = 0x7ff3f31e28
03-24 15:43:08.911  3025  3025 D libEGL  : eglTerminate EGLDisplay = 0x7ff3f31e28
03-24 15:43:08.911  3025  3025 D libEGL  : eglTerminate EGLDisplay = 0x7ff3f31e28
03-24 15:43:08.921  3670  3670 D GameManagerService: NotifyRunnable. pkg: com.example.myapplication, type: 4, isMinimized: false, isTunableApp: false
03-24 15:43:08.921  3670  3796 V MARsPolicyManager: updatePackagesScore PackageInfo name -- com.example.myapplication
03-24 15:43:08.921  3670  4143 D InputDispatcher: Focus entered window: 25534
03-24 15:43:08.921 31876 31876 D AndroidRuntime: Shutting down VM
03-24 15:43:08.921  3670  4019 D NetworkPolicy: isUidForegroundLocked: 10117, mScreenOn: true, uidstate: 16, mProxSensorScreenOff: false
03-24 15:43:08.921  3670  4019 D NetworkPolicy: isUidForegroundLocked: 10185, mScreenOn: true, uidstate: 2, mProxSensorScreenOff: false
03-24 15:43:08.931  3670  3884 D PointerIcon: setMouseIconStyle1 pointerType: 1001 iconType:101 flag:0 pid:3670 uid:1000
03-24 15:43:08.931  3670  3884 D PointerIcon: setMouseCustomIcon IconType is same.101
03-24 15:43:08.931  3670  6805 D GameManagerService: identifyGamePackage. com.example.myapplication
03-24 15:43:08.931  3670  6805 D GameManagerService: identifyGamePackage. com.example.myapplication
03-24 15:43:08.931  3670  3670 V AlarmManager: Remove alarm for next reason : android.intent.action.PACKAGE_RESTARTED : package: org.mozilla.firefox
03-24 15:43:08.931  3670  3670 D LightsService: [api] [SvcLED] turnOff:: id = 6 (uid: 1000 pid: 3670) 
03-24 15:43:08.931  3670  3670 D EdgeLight: Turning off
03-24 15:43:08.931  3670  3670 D LightsService: [SvcLED] setSvcLedStateLocked:: SvcLEDState : 0x0 -> 0x0 | SvcLED(id=6) set Off
03-24 15:43:08.931  3670  3904 D LightsService: [SvcLED] handleForcedSvcLEDTask()
03-24 15:43:08.931  3670  3904 D LightsService: [SvcLED]  setSvcLedLightLocked :: Current SvcLED(id=5) maintains its priority right
03-24 15:43:08.941  4103  4103 D PhoneStatusBar: removeNotification key=0|org.mozilla.firefox|-1475389868|null|10117 old=StatusBarNotification(pkg=org.mozilla.firefox user=UserHandle{0} id=-1475389868 tag=null score=0 key=0|org.mozilla.firefox|-1475389868|null|10117: Notification(pri=0 contentView=org.mozilla.firefox/0x10900a3 vibrate=null sound=null tick defaults=0x0 flags=0x10 color=0x00000000 actions=1 vis=PRIVATE secFlags=0x0 secPriority=0))
03-24 15:43:08.941  4103  4103 D PhoneStatusBar: setAreThereNotifications: N=2 any=true clearable=false
03-24 15:43:08.941  3670  3796 V BroadcastQueue: [background] Process cur broadcast BroadcastRecord{ac81dc5 u0 android.intent.action.PACKAGE_RESTARTED qIdx=4}, state= (APP_RECEIVE) DELIVERED for app ProcessRecord{a8b6d0a 3670:system/1000}
03-24 15:43:08.941  4383  4383 I PersonaManager: mKnoxInfo is empty
03-24 15:43:08.941  4383  4383 I PersonaManager: mKnoxInfo is empty
03-24 15:43:08.941  4383  4383 I PersonaManager: mKnoxInfo is empty
03-24 15:43:08.941  4383  4383 W ResourcesManager: getTopLevelResources: /data/app/com.google.android.gms-1/base.apk / 1.0 running in com.android.nfc rsrc of package com.google.android.gms
03-24 15:43:08.941  4383  4383 W ResourcesManager: getTopLevelResources: /data/app/com.google.android.gms-1/base.apk / 1.0 running in com.android.nfc rsrc of package com.google.android.gms
03-24 15:43:08.951  3670  3670 V BroadcastQueue: [background] Process cur broadcast BroadcastRecord{ac81dc5 u0 android.intent.action.PACKAGE_RESTARTED qIdx=4}, state= (APP_RECEIVE) DELIVERED for app ProcessRecord{b18f6e4 25230:com.sec.android.app.soundalive/u0a62}
03-24 15:43:08.951 25230 25230 D SAControlPanelReceiver: *****onReceive()*****
03-24 15:43:08.951 25230 25230 D SAControlPanelReceiver: Action: android.intent.action.PACKAGE_RESTARTED
03-24 15:43:08.951  4383  4383 D ApduServiceInfo: seId: 0
03-24 15:43:08.951  4383  4383 I PersonaManager: mKnoxInfo is empty
03-24 15:43:08.951  3670  3798 D StatusBarManagerService: manageDisableList userId=0 what=0x0 pkg=Window{5ca5f76 u0 d0 com.example.myapplication/com.example.myapplication.MainActivity}
03-24 15:43:08.961  3670  4952 V BroadcastQueue: [background] Process cur broadcast BroadcastRecord{ac81dc5 u0 android.intent.action.PACKAGE_RESTARTED qIdx=4}, state= (APP_RECEIVE) DELIVERED for app ProcessRecord{81441b6 25088:com.sec.android.daemonapp/u0a145}
03-24 15:43:08.961 25088 25088 D [WeatherWidget(1236)]  ClearDataReceiver: {[2B4A2AC40B5A9FD87A06E8EADDAC90140D0735C4111B00ED5A4BFDD943296A603CF64C72E7F3E6D25FF9ACC8831CFEFA3E34FF6EAD00357EC7386503FB76F1C38DE7DC83CE464FCACDBF41BB39AB7B0532B2430328A965C13539887ACF027538D8F07ACD0F60FD058041946420F66BD7]}
03-24 15:43:08.971  4103  4103 D PhoneStatusBar: setSystemUiVisibility vis=8600 mask=ffffffff oldVal=a600 newVal=8600 diff=2000
03-24 15:43:08.971  3670  6805 D ConnectivityService: returning getNetworkInfo for network type 1 : [type: WIFI[] - WIFI, state: CONNECTED/CONNECTED, reason: (unspecified), extra: "DataStructures", roaming: false, failover: false, isAvailable: true]
03-24 15:43:08.981  3670  6805 D ConnectivityService: returning getNetworkInfo for network type 1 : [type: WIFI[] - WIFI, state: CONNECTED/CONNECTED, reason: (unspecified), extra: "DataStructures", roaming: false, failover: false, isAvailable: true]
03-24 15:43:08.991  3670  6805 D ConnectivityService: returning getNetworkInfo for network type 1 : [type: WIFI[] - WIFI, state: CONNECTED/CONNECTED, reason: (unspecified), extra: "DataStructures", roaming: false, failover: false, isAvailable: true]
03-24 15:43:08.991  3670  6805 D GameManagerService: identifyGamePackage. com.example.myapplication
03-24 15:43:09.001  3670  3931 D GraphicsStats: Buffer count: 6
03-24 15:43:09.001  4103  4199 D vol.MediaSessions: onSessionDestroyed org.mozilla.firefox 
03-24 15:43:09.001  4103  4199 D vol.MediaSessions: onActiveSessionsUpdatedH n=0
03-24 15:43:09.011  3670  4016 D MediaSessionRecord: requestLock
03-24 15:43:09.011 23981 31557 I DiscoveryManager: Filter criteria(null) scannerFlags(0)
03-24 15:43:09.011  3670  4946 D MediaSessionRecord: releaseLock
03-24 15:43:09.011  4103  4199 D vol.MediaSessions: Removing Firefox sentRemote=false
03-24 15:43:09.011  4103  4199 D vol.MediaSessions: updateRemoteControllerH null
03-24 15:43:09.011  4103  4199 D vol.MediaSessions: onActiveSessionsUpdatedH n=0
03-24 15:43:09.011  3670  3698 I PersonaManager: mKnoxInfo is empty
