03-24 14:52:17.201 18067 18067 D SamsungIME: IMPL finishInput
03-24 14:52:17.201 18067 18067 D SamsungIME: SwiftKeyWrapper writeDBdataToFileOnFinishInput
03-24 14:52:17.201 18067 18067 D SamsungIME: saveAndClear +
03-24 14:52:17.201 18067 18067 D SamsungIME: saveAndClear -
03-24 14:52:17.211 15512 15512 W ResourcesManager: getTopLevelResources: /data/app/com.android.chrome-2/base.apk / 1.0 running in com.android.chrome rsrc of package com.android.chrome
03-24 14:52:17.211 15512 15512 D ResourcesManager: For user 0 new overlays fetched Null
03-24 14:52:17.221 15512 15512 I InjectionManager: Inside getClassLibPath caller 
03-24 14:52:17.221 15512 15512 D InjectionManager: InjectionManager
03-24 14:52:17.221  3670  3698 I PersonaManager: mKnoxInfo is empty
03-24 14:52:17.221  3670  3931 I PersonaManager: mKnoxInfo is empty
03-24 14:52:17.231 15512 15512 I InjectionManager: featureStore :{}
03-24 14:52:17.231 15512 15512 I cr_ChildProcessService: Creating new ChildProcessService pid=15512
03-24 14:52:17.231  3025  3732 I SurfaceFlinger: id=558 Removed dhrome (3/9)
03-24 14:52:17.231  3025  3212 I SurfaceFlinger: id=558 Removed dhrome (-2/9)
03-24 14:52:17.231  3670  3698 D PackageManager: findPreferredActivity: We found 1 PreferredActivities set, but no match
03-24 14:52:17.231  3670  3698 I PackageManager: No preferred activity: intent should not be shown
03-24 14:52:17.241  3025  3025 D libEGL  : eglTerminate EGLDisplay = 0x7ff3f31e58
03-24 14:52:17.251 15316 15380 W System.err: remove failed: ENOENT (No such file or directory) : /data/user/0/com.android.chrome/app_tabs/0/tab_state0.bak
03-24 14:52:17.281 15316 15316 D TextView: setTypeface with style : 0
03-24 14:52:17.281 15316 15316 D TextView: setTypeface with style : 0
03-24 14:52:17.301 15316 15316 D TextView: setTypeface with style : 0
03-24 14:52:17.321 15512 15538 I cr_LibraryLoader:  Loading chrome from within /data/app/com.android.chrome-2/base.apk
03-24 14:52:17.341  4932  5520 E alar    : Phenotype API error. Event # bsha@faae973c, EventCode: GET_EXP [CONTEXT service_id=51 ]
03-24 14:52:17.341  4932  5520 E alar    : akzn: 29505: No config packages for log source, or config package not registered
03-24 14:52:17.341  4932  5520 E alar    : 	at albe.a(:com.google.android.gms@15090019@15.0.90 (040400-231259764):45)
03-24 14:52:17.341  4932  5520 E alar    : 	at albd.b(:com.google.android.gms@15090019@15.0.90 (040400-231259764))
03-24 14:52:17.341  4932  5520 E alar    : 	at alar.a(:com.google.android.gms@15090019@15.0.90 (040400-231259764):103)
03-24 14:52:17.341  4932  5520 E alar    : 	at alar.a(:com.google.android.gms@15090019@15.0.90 (040400-231259764):97)
03-24 14:52:17.341  4932  5520 E alar    : 	at yzz.run(:com.google.android.gms@15090019@15.0.90 (040400-231259764):27)
03-24 14:52:17.341  4932  5520 E alar    : 	at bgah.run(:com.google.android.gms@15090019@15.0.90 (040400-231259764):2)
03-24 14:52:17.341  4932  5520 E alar    : 	at rrm.run(:com.google.android.gms@15090019@15.0.90 (040400-231259764):21)
03-24 14:52:17.341  4932  5520 E alar    : 	at java.util.concurrent.ThreadPoolExecutor.runWorker(ThreadPoolExecutor.java:1113)
03-24 14:52:17.341  4932  5520 E alar    : 	at java.util.concurrent.ThreadPoolExecutor$Worker.run(ThreadPoolExecutor.java:588)
03-24 14:52:17.341  4932  5520 E alar    : 	at rxo.run(:com.google.android.gms@15090019@15.0.90 (040400-231259764))
03-24 14:52:17.341  4932  5520 E alar    : 	at java.lang.Thread.run(Thread.java:818)
03-24 14:52:17.351  4932  5520 E AsyncOperation: serviceID=51, operation=GetExperimentTokensOperationCall
03-24 14:52:17.351  4932  5520 E AsyncOperation: OperationException[Status{statusCode=No config packages for log source, or config package not registered, resolution=null}]
03-24 14:52:17.351  4932  5520 E AsyncOperation: 	at alar.a(:com.google.android.gms@15090019@15.0.90 (040400-231259764):111)
03-24 14:52:17.351  4932  5520 E AsyncOperation: 	at alar.a(:com.google.android.gms@15090019@15.0.90 (040400-231259764):97)
03-24 14:52:17.351  4932  5520 E AsyncOperation: 	at yzz.run(:com.google.android.gms@15090019@15.0.90 (040400-231259764):27)
03-24 14:52:17.351  4932  5520 E AsyncOperation: 	at bgah.run(:com.google.android.gms@15090019@15.0.90 (040400-231259764):2)
03-24 14:52:17.351  4932  5520 E AsyncOperation: 	at rrm.run(:com.google.android.gms@15090019@15.0.90 (040400-231259764):21)
03-24 14:52:17.351  4932  5520 E AsyncOperation: 	at java.util.concurrent.ThreadPoolExecutor.runWorker(ThreadPoolExecutor.java:1113)
03-24 14:52:17.351  4932  5520 E AsyncOperation: 	at java.util.concurrent.ThreadPoolExecutor$Worker.run(ThreadPoolExecutor.java:588)
03-24 14:52:17.351  4932  5520 E AsyncOperation: 	at rxo.run(:com.google.android.gms@15090019@15.0.90 (040400-231259764))
03-24 14:52:17.351  4932  5520 E AsyncOperation: 	at java.lang.Thread.run(Thread.java:818)
03-24 14:52:17.351 15512 15538 I cr_LibraryLoader: Time to load native libraries: 32 ms (timestamps 8252-8284)
03-24 14:52:17.351 15512 15538 I chromium: [INFO:library_loader_hooks.cc(42)] Chromium logging enabled: level = 0, default verbosity = 0
03-24 14:52:17.351 15512 15538 I cr_LibraryLoader: Expected native library version number "72.0.3626.105", actual native library version number "72.0.3626.105"
03-24 14:52:17.351 15512 15538 W ResourcesManager: getTopLevelResources: /data/app/com.android.chrome-2/base.apk / 1.0 running in com.android.chrome rsrc of package com.android.chrome
03-24 14:52:17.371 15316 15316 I Timeline: Timeline: Activity_idle id: android.os.BinderProxy@ff8a33b time:70348305
03-24 14:52:17.371  3670  3931 I PersonaManager: mKnoxInfo is empty
03-24 14:52:17.381  3025  3025 D libEGL  : eglInitialize EGLDisplay = 0x7ff3f31d28
03-24 14:52:17.381 15316 15316 E NFC     : isAndroidBeamAllowed - Begin
03-24 14:52:17.381 15316 15316 I NFC     : showMsg is false
03-24 14:52:17.381  4408  4408 D Launcher.HomeView: onStop
03-24 14:52:17.381  4408  4408 D capture : ----destroy
03-24 14:52:17.381  3670  4550 D SecContentProvider: query(), uri = 15 selection = isAndroidBeamAllowed
03-24 14:52:17.391  4408  4408 V ActivityThread: updateVisibility : ActivityRecord{fd54842 token=android.os.BinderProxy@765da0c {com.sec.android.app.launcher/com.sec.android.app.launcher.activities.LauncherActivity}} show : false
03-24 14:52:17.401  4408  4408 D Launcher: onTrimMemory. Level: 20
03-24 14:52:17.411  3025  3025 D libEGL  : eglInitialize EGLDisplay = 0x7ff3f31d28
03-24 14:52:17.471  3670  4016 I PersonaManager: mKnoxInfo is empty
03-24 14:52:17.481 15550 15550 E Zygote  : v2
03-24 14:52:17.481 15550 15550 I libpersona: KNOX_SDCARD checking this for 10048
03-24 14:52:17.481 15550 15550 I libpersona: KNOX_SDCARD not a persona
03-24 14:52:17.481 15550 15550 W SELinux : Function: selinux_compare_spd_ram, index[1], priority [2], priority version is VE=SEPF_SECMOBILE_6.0.1_0003
03-24 14:52:17.481 15550 15550 E Zygote  : accessInfo : 0
03-24 14:52:17.481 15550 15550 W SELinux : SELinux: seapp_context_lookup: seinfo=untrusted, level=s0:c512,c768, pkgname=com.google.android.googlequicksearchbox:search 
03-24 14:52:17.481  3670  4016 I ActivityManager: Start proc 15550:com.google.android.googlequicksearchbox:search/u0a48 for service com.google.android.googlequicksearchbox/com.google.android.ssb.service.SsbService
03-24 14:52:17.481  3670  4407 I PersonaManager: mKnoxInfo is empty
03-24 14:52:17.491  3670  4552 I PersonaManager: mKnoxInfo is empty
03-24 14:52:17.501 15316 15379 W System.err: mkdir failed: EEXIST (File exists) : /data/user/0/com.android.chrome/files/images
03-24 14:52:17.501  3670  4454 I PersonaManager: mKnoxInfo is empty
03-24 14:52:17.501 15316 15383 I cr_BindingManager: Moderate binding enabled: maxSize=40
03-24 14:52:17.501  3670  4454 D PackageManager: findPreferredActivity: We found 1 PreferredActivities set, but no match
03-24 14:52:17.501  3670  4454 I PackageManager: No preferred activity: intent should not be shown
03-24 14:52:17.511  3670  4409 I PersonaManager: mKnoxInfo is empty
03-24 14:52:17.511 15550 15550 W ResourcesManager: getTopLevelResources: /data/app/com.google.android.googlequicksearchbox-1/base.apk / 1.0 running in com.google.android.googlequicksearchbox rsrc of package com.google.android.googlequicksearchbox
03-24 14:52:17.511  3670  4407 I InjectionManagerService -AppFeature: getCoreFeaturePkgList :[]
03-24 14:52:17.511 15550 15550 I InjectionManager: Inside getClassLibPath + mLibMap{0=, 1=}
03-24 14:52:17.511  3670  3796 V BroadcastQueue: [background] Process cur broadcast BroadcastRecord{e5f4d77 u0 com.android.chrome.BOOKMARK_APPWIDGET_UPDATE qIdx=4}, state= (APP_RECEIVE) DELIVERED for app ProcessRecord{e23b7f8 15316:com.android.chrome/u0a88}
03-24 14:52:17.511  3670  4524 I PersonaManager: mKnoxInfo is empty
03-24 14:52:17.511  3670  4946 I PersonaManager: mKnoxInfo is empty
03-24 14:52:17.521 15550 15550 D ResourcesManager: For user 0 new overlays fetched Null
03-24 14:52:17.541  3670  3931 I PersonaManager: mKnoxInfo is empty
03-24 14:52:17.551 14144 15296 I PeopleDatabaseHelper: cleanUpNonGplusAccounts done.
03-24 14:52:17.551 15550 15550 I InjectionManager: Inside getClassLibPath caller 
03-24 14:52:17.551  3670  4550 I PersonaManager: mKnoxInfo is empty
03-24 14:52:17.561  3670  4454 I PersonaManager: mKnoxInfo is empty
03-24 14:52:17.571  3670  4946 I PersonaManager: mKnoxInfo is empty
03-24 14:52:17.571 14144 14592 I Icing   : IndexChimeraService.getServiceInterface callingPackage=com.android.chrome componentName=null serviceId=SEARCH_CORPORA
03-24 14:52:17.621 15316 15434 E         : g2d stretchFimgApi_v5 function does not exist
03-24 14:52:17.621 15316 15434 E         : [JM] stretchFimgApi might be v4.
03-24 14:52:17.761 14992 15028 I ReschedulableTimer: [#CMH#] ReschedulableTimer started 
03-24 14:52:17.861  3670  4143 I PersonaManager: mKnoxInfo is empty
03-24 14:52:17.881 14144 14592 I Icing   : IndexChimeraService.getServiceInterface callingPackage=com.android.chrome componentName=null serviceId=SEARCH_CORPORA
03-24 14:52:17.931 15577 15577 I dex2oat : /system/bin/dex2oat --compiler-filter=speed --dex-file=/data/user/0/com.android.chrome/app_dex/webapk5.dex --oat-file=/data/user/0/com.android.chrome/app_dex/oat/arm/webapk5.dex
03-24 14:52:17.971  4393  4406 D TP/SmsProvider: query,matched:0, calling pid = 14144
03-24 14:52:17.981  4393  4406 D TP/SmsProvider: query, match 0:Elapsed time : 8.457 ms
03-24 14:52:18.031  3670  4552 D BatteryService: !@BatteryListener : batteryPropertiesChanged!
03-24 14:52:18.031  3670  4552 D BatteryService: level:93, scale:100, status:2, health:2, present:true, voltage: 4226, temperature: 309, technology: Li-ion, AC powered:false, USB powered:true, POGO powered:false, Wireless powered:false, icon:17303414, invalid charger:0, maxChargingCurrent:0
03-24 14:52:18.031  3670  4552 D BatteryService: online:4, current avg:-68, charge type:1, power sharing:false, high voltage charger:false, capacity:280000, batterySWSelfDischarging:false, current_now:-48
03-24 14:52:18.031  3670  3670 D BatteryService: Sending ACTION_BATTERY_CHANGED.
03-24 14:52:18.031  3670  3670 I MotionRecognitionService: Plugged
03-24 14:52:18.031  3670  3670 E MotionRecognitionService: support TA ~
03-24 14:52:18.031  3670  3670 I MotionRecognitionService: isTAConnected | current backoffstate  = 33792
03-24 14:52:18.031  3670  3670 D MotionRecognitionService:  TA connected ,  33792
03-24 14:52:18.031  3670  3670 I MotionRecognitionService: skip setTransmitPower. 
03-24 14:52:18.031  3670  3670 D MotionRecognitionService:   cableConnection= 1
03-24 14:52:18.031  3670  3670 D MotionRecognitionService: setPowerConnected | current backoffstate  = 33792 , state =33792
03-24 14:52:18.031  3670  3670 D MotionRecognitionService: skip setTransmitPower. 
03-24 14:52:18.031  4103  4103 D KeyguardUpdateMonitor: received broadcast android.intent.action.BATTERY_CHANGED
03-24 14:52:18.031  4103  4103 D KeyguardUpdateMonitor: handleBatteryUpdate
03-24 14:52:18.041  4103  4103 D PowerUI : priorPlugType = 2 mPlugType =  2
03-24 14:52:18.041  4103  4103 D PowerUI.Notification: showChargingNotice oldChargingType : 1 currentChargingType : 1 oldChargingTime : 1394000 mChargingTime : 1394000
03-24 14:52:18.041  4103  4103 D PowerUI.Notification: There is no change about charging status, so return!
03-24 14:52:18.061  4103  4103 D BatteryMeterView: ACTION_BATTERY_CHANGED : level:93 status:2 health:2
03-24 14:52:18.061  4103  4103 D BatteryMeterView: ACTION_BATTERY_CHANGED : level:93 status:2 health:2
03-24 14:52:18.071  4393  4666 D TP/MmsProvider: query uri=content://mms, match=0, calling pid = 14144
03-24 14:52:18.071  4393  4666 D TP/MmsProvider: query uri=content://mms, match=0:Elapsed time : 2.498 ms
03-24 14:52:18.141  4393  4762 D TP/SmsProvider: query,matched:0, calling pid = 14144
03-24 14:52:18.141  4393  4762 D TP/SmsProvider: query, match 0:Elapsed time : 2.147 ms
03-24 14:52:18.161  4393  4743 D TP/SmsProvider: query,matched:0, calling pid = 14144
03-24 14:52:18.161  4393  4743 D TP/SmsProvider: query, match 0:Elapsed time : 1.503 ms
03-24 14:52:18.181  4393  4765 D TP/MmsProvider: query uri=content://mms, match=0, calling pid = 14144
03-24 14:52:18.181  4393  4765 D TP/MmsProvider: query uri=content://mms, match=0:Elapsed time : 2.284 ms
03-24 14:52:18.341  3670  6805 D SSRM:n  : SIOP:: AP = 450, PST = 389 (W:10), CP = 298, CUR = -68, LCD = 114
03-24 14:52:18.381  3670  6805 D ConnectivityService: returning getNetworkInfo for network type 1 : [type: WIFI[] - WIFI, state: CONNECTED/CONNECTED, reason: (unspecified), extra: "DataStructures", roaming: false, failover: false, isAvailable: true]
03-24 14:52:19.171 15550 15559 W art     : Suspending all threads took: 9.432ms
03-24 14:52:19.281  3670  4018 D NtpTrustedTime: currentTimeMillis() cache hit
03-24 14:52:19.281  3670  4018 V NetworkStats: performPollLocked(flags=0x1)
03-24 14:52:19.291  3670  4018 D NetworkStatsRecorder: entry.iface is null
03-24 14:52:19.291  3670  4018 D NetworkStatsRecorder: entry.iface is null
03-24 14:52:19.291  3670  4018 D NetworkStatsRecorder: entry.iface is null
03-24 14:52:19.291  3670  4018 D NetworkStatsRecorder: entry.iface is null
03-24 14:52:19.371 15550 15559 W art     : Suspending all threads took: 5.090ms
03-24 14:52:21.631  3670  4068 W System.err: remove failed: ENOENT (No such file or directory) : /data/system/recent_tasks/133_task.xml.bak
03-24 14:52:21.631 15577 15577 I dex2oat : ----------------------------------------------------
03-24 14:52:21.631 15577 15577 I dex2oat : <SS>: S T A R T I N G . . .
03-24 14:52:21.631 15577 15577 E dex2oat : <SS>: apk not found at /data/user/0/com.android.chrome/app_dex/
03-24 14:52:21.631  3670  4552 I PersonaManager: mKnoxInfo is empty
03-24 14:52:21.681 15550 15550 D InjectionManager: InjectionManager
03-24 14:52:21.681 15550 15550 D InjectionManager: fillFeatureStoreMap com.google.android.googlequicksearchbox
03-24 14:52:21.681 15550 15550 I InjectionManager: Constructor com.google.android.googlequicksearchbox, Feature store :{}
03-24 14:52:21.681 15550 15550 I InjectionManager: featureStore :{}
03-24 14:52:21.711 14144 14588 W ResourcesManager: getTopLevelResources: /data/app/com.example.myapplication-2/base.apk / 1.0 running in com.google.android.gms rsrc of package com.example.myapplication
03-24 14:52:21.751 14144 14588 D ResourcesManager: For user 0 new overlays fetched Null
03-24 14:52:21.761 14144 14588 W ResourcesManager: getTopLevelResources: /data/app/com.example.myapplication-2/base.apk / 1.0 running in com.google.android.gms rsrc of package com.example.myapplication
03-24 14:52:21.781 15577 15577 I dex2oat : dex2oat took 3.850s (threads: 8) arena alloc=439KB java alloc=105KB native alloc=1753KB free=1830KB
03-24 14:52:21.831 14144 14588 W ResourcesManager: getTopLevelResources: /data/app/com.yandex.browser-1/base.apk / 1.0 running in com.google.android.gms rsrc of package com.yandex.browser
03-24 14:52:21.841 14144 14588 D ResourcesManager: For user 0 new overlays fetched Null
03-24 14:52:21.851 14144 14588 W ResourcesManager: getTopLevelResources: /data/app/com.yandex.browser-1/base.apk / 1.0 running in com.google.android.gms rsrc of package com.yandex.browser
03-24 14:52:21.911 15316 15380 W System.err: remove failed: ENOENT (No such file or directory) : /data/user/0/com.android.chrome/databases/snapshots.db
03-24 14:52:21.911 15316 15380 W System.err: remove failed: ENOENT (No such file or directory) : /data/user/0/com.android.chrome/databases/snapshots.db-journal
03-24 14:52:21.911 15316 15380 W System.err: remove failed: ENOENT (No such file or directory) : /data/user/0/com.android.chrome/databases/snapshots.db-shm
03-24 14:52:21.911 15316 15380 W System.err: remove failed: ENOENT (No such file or directory) : /data/user/0/com.android.chrome/databases/snapshots.db-wal
03-24 14:52:21.921 14144 14588 W ResourcesManager: getTopLevelResources: /data/app/com.microsoft.emmx-1/base.apk / 1.0 running in com.google.android.gms rsrc of package com.microsoft.emmx
03-24 14:52:21.931 14144 14588 D ResourcesManager: For user 0 new overlays fetched Null
03-24 14:52:21.931  3670  4018 V NetworkStats: performPollLocked() took 2650ms
03-24 14:52:21.931  3670  4018 D NtpTrustedTime: currentTimeMillis() cache hit
03-24 14:52:21.931  3670  4019 D NtpTrustedTime: currentTimeMillis() cache hit
03-24 14:52:21.931 14144 14588 W ResourcesManager: getTopLevelResources: /data/app/com.microsoft.emmx-1/base.apk / 1.0 running in com.google.android.gms rsrc of package com.microsoft.emmx
03-24 14:52:21.971  3670  4019 D NtpTrustedTime: currentTimeMillis() cache hit
03-24 14:52:22.011 15316 15316 D ConnectivityManager: requestNetwork; getAppId(CallingUid) : 10088, CallingPid : 15316
03-24 14:52:22.011  3670  4550 D ConnectivityService: listenForNetwork for Listen from uid/pid:10088/15316 for NetworkRequest [ id=271, legacyType=-1, [ Capabilities: INTERNET&NOT_RESTRICTED&TRUSTED] ]
03-24 14:52:22.011  3670  4029 D ConnectivityService: rematching NetworkAgentInfo [WIFI () - 510]
03-24 14:52:22.011  3670  4029 D ConnectivityService:  network has: NetworkAgentInfo{ ni{[type: WIFI[] - WIFI, state: CONNECTED/CONNECTED, reason: (unspecified), extra: "DataStructures", roaming: false, failover: false, isAvailable: true]}  network{510}  lp{{InterfaceName: wlan0 LinkAddresses: [fe80::ee9b:f3ff:fe73:43e9/64,192.168.0.174/24,]  Routes: [fe80::/64 -> :: wlan0,192.168.0.0/24 -> 0.0.0.0 wlan0,0.0.0.0/0 -> 192.168.0.1 wlan0,] DnsAddresses: [192.168.0.1,] Domains:  MTU: 0 TcpBufferSizes: 524288,1048576,4525824,524288,1048576,4525824}}  nc{[ Transports: WIFI Capabilities: INTERNET&NOT_RESTRICTED&TRUSTED&NOT_VPN&VALIDATED LinkUpBandwidth>=1048576Kbps LinkDnBandwidth>=1048576Kbps SignalStrength: -33]}  Score{60}  everValidated{true}  lastValidated{true}  created{true} lingering{false} explicitlySelected{false} acceptUnvalidated{false} everCaptivePortalDetected{false} lastCaptivePortalDetected{false} }
03-24 14:52:22.011  3670  4029 D ConnectivityService:   checking if request is: NetworkRequest [ id=267, legacyType=-1, [ Capabilities: INTERNET&NOT_RESTRICTED&TRUSTED] ] satisfies: true nri.isRequest: false
03-24 14:52:22.011  3670  4029 D ConnectivityService:   checking if request is: NetworkRequest [ id=5, legacyType=-1, [ Transports: WIFI Capabilities: INTERNET&NOT_RESTRICTED&TRUSTED&NOT_VPN] ] satisfies: true nri.isRequest: false
03-24 14:52:22.011  3670  4029 D ConnectivityService: Network NetworkAgentInfo [WIFI () - 510] was already satisfying request 1. No change.
03-24 14:52:22.011  3670  4029 D ConnectivityService:   checking if request is: NetworkRequest [ id=3, legacyType=-1, [] ] satisfies: true nri.isRequest: false
03-24 14:52:22.011  3670  4029 D ConnectivityService:   checking if request is: NetworkRequest [ id=271, legacyType=-1, [ Capabilities: INTERNET&NOT_RESTRICTED&TRUSTED] ] satisfies: true nri.isRequest: false
03-24 14:52:22.011  3670  4029 D ConnectivityService:   checking if request is: NetworkRequest [ id=4, legacyType=-1, [ Transports: CELLULAR Capabilities: INTERNET&NOT_RESTRICTED&TRUSTED&NOT_VPN] ] satisfies: false nri.isRequest: false
03-24 14:52:22.011  3670  4029 D ConnectivityService:   checking if request is: NetworkRequest [ id=269, legacyType=-1, [ Capabilities: INTERNET&NOT_RESTRICTED&TRUSTED] ] satisfies: true nri.isRequest: false
03-24 14:52:22.011  3670  4029 D ConnectivityService:   checking if request is: NetworkRequest [ id=270, legacyType=-1, [ Capabilities: INTERNET&NOT_RESTRICTED&TRUSTED] ] satisfies: true nri.isRequest: false
03-24 14:52:22.011  3670  4029 D ConnectivityService: sending notification AVAILABLE for NetworkRequest [ id=271, legacyType=-1, [ Capabilities: INTERNET&NOT_RESTRICTED&TRUSTED] ]
03-24 14:52:22.021 14144 14588 W ResourcesManager: getTopLevelResources: /data/app/org.mozilla.firefox-1/base.apk / 1.0 running in com.google.android.gms rsrc of package org.mozilla.firefox
03-24 14:52:22.021 14144 14588 D ResourcesManager: For user 0 new overlays fetched Null
03-24 14:52:22.091 14144 14588 W ResourcesManager: getTopLevelResources: /data/app/com.android.chrome-2/base.apk / 1.0 running in com.google.android.gms rsrc of package com.android.chrome
03-24 14:52:22.101 14144 14588 D ResourcesManager: For user 0 new overlays fetched Null
03-24 14:52:22.101 14144 14588 W ResourcesManager: getTopLevelResources: /data/app/com.android.chrome-2/base.apk / 1.0 running in com.google.android.gms rsrc of package com.android.chrome
03-24 14:52:22.131 14144 14588 I Icing   : Usage reports ok 5, Failed Usage reports 0, indexed 0, rejected 0, imm upload false
03-24 14:52:22.191  3670  6805 D ConnectivityService: returning getNetworkInfo for network type 1 : [type: WIFI[] - WIFI, state: CONNECTED/CONNECTED, reason: (unspecified), extra: "DataStructures", roaming: false, failover: false, isAvailable: true]
03-24 14:52:22.461  3054  3101 D Sensorhubs: readContextData: 1, 1, 52, 0, 0, 16, 16, 0, 0, 12, 2, 0, 0, 10, -3, 0, 0, 0, 0, 0, 0, 0, 89, 0, 0, 14, 121
03-24 14:52:22.461  3670  3983 D SensorHubManager: onGetSensorHubDataLocked: library(27) = 1, 1, 52, 0, 0, 16, 16, 0, 0, 12, 2, 0, 0, 10, -3, 0, 0, 0, 0, 0, 0, 0, 89, 0, 0, 14, 121
03-24 14:52:22.461  3670  3982 D CAE     : onGetSensorHubData(SensorHubParserProvider.java:92) - onGetSensorHubData Event [event buffer len :27], AP_WAKEUP
03-24 14:52:22.461  3670  3982 I CAE     : parse(SensorHubParserProvider.java:188) - buffer size = 27
03-24 14:52:22.461  3670  3982 I CAE     : parse(SensorHubParserProvider.java:199) - 1, 1, 52, 0, 0, 16, 16, 0, 0, 12, 2, 0, 0, 10, -3, 0, 0, 0, 0, 0, 0, 0, 89, 0, 0, 14, 121,
03-24 14:52:22.461  3670  3982 D CAE     : display(ContextProvider.java:375) - ================= EAD =================
03-24 14:52:22.471  3670  3982 I CAE     : display(ContextProvider.java:391) - B=[0.2813], G=[0.3074], R=[0.4112], CCT=[3705], Lux=[89]
03-24 14:52:22.471  3670  3985 D SContextService: updateSContext() : event = Environment Adaptive Display
03-24 14:52:22.471  3670  4040 I AdaptiveDisplayColorService: AvgR : 0.4112, AvgG : 0.3074, AvgB : 0.2813, avg lux : 89
03-24 14:52:22.521 15550 15559 W art     : Suspending all threads took: 17.260ms
03-24 14:52:22.521  3670  4952 I PersonaManager: mKnoxInfo is empty
03-24 14:52:22.531 14144 14588 I Icing   : Usage reports ok 0, Failed Usage reports 0, indexed 0, rejected 0, imm upload false
03-24 14:52:22.531 14144 14588 I Icing   : Removing corpus key com.android.chrome-omnibox for package com.android.chrome
03-24 14:52:22.571 15171 15195 E ContactsProvider_EventLog: Flush buffer to file cnt : 2 size : 0Kb duration : 4631ms lastUpdatedAfter : 6807 ms mFlush_time_threasold : 2200 mCurrentSize : 466
03-24 14:52:22.701  3670  3697 I PersonaManager: mKnoxInfo is empty
03-24 14:52:23.061  3670  3931 V BroadcastQueue: [background] Process cur broadcast BroadcastRecord{6808d68 u0 android.intent.action.DROPBOX_ENTRY_ADDED qIdx=4}, state= (APP_RECEIVE) DELIVERED for app ProcessRecord{c6617ee 14560:com.samsung.android.sm/1000}
03-24 14:52:23.071  3670  3931 V BroadcastQueue: [background] Process cur broadcast BroadcastRecord{6808d68 u0 android.intent.action.DROPBOX_ENTRY_ADDED qIdx=4}, state= (APP_RECEIVE) DELIVERED for app ProcessRecord{3d26dbe 14144:com.google.android.gms/u0a15}
03-24 14:52:23.081  3670  4524 I PersonaManager: mKnoxInfo is empty
03-24 14:52:23.101  3670  4550 V BroadcastQueue: [background] Process cur broadcast BroadcastRecord{6808d68 u0 android.intent.action.DROPBOX_ENTRY_ADDED qIdx=4}, state= (APP_RECEIVE) DELIVERED for app ProcessRecord{49f3f4c 4932:com.google.android.gms.persistent/u0a15}
03-24 14:52:23.101  3670  4421 I PersonaManager: mKnoxInfo is empty
03-24 14:52:23.101  3670  4946 I PersonaManager: mKnoxInfo is empty
03-24 14:52:23.111  3670  4016 I PersonaManager: mKnoxInfo is empty
03-24 14:52:23.111  3670  3697 I PersonaManager: mKnoxInfo is empty
03-24 14:52:23.121  3670  4452 I PersonaManager: mKnoxInfo is empty
03-24 14:52:23.121  3670  4454 I PersonaManager: mKnoxInfo is empty
03-24 14:52:23.141  3670  4421 I PersonaManager: mKnoxInfo is empty
03-24 14:52:23.151  3670  4016 I PersonaManager: mKnoxInfo is empty
03-24 14:52:24.081 15316 15361 W System.err: remove failed: ENOENT (No such file or directory) : /data/user/0/com.android.chrome/shared_prefs/webapp_registry.xml.bak
03-24 14:52:24.331 15512 15538 I chromium: [INFO:child_process_service.cc(73)] ChildProcessService: Exiting child process.
03-24 14:52:24.331  3670  4947 E Process : Error getting pid for '0'
03-24 14:52:24.341 15316 15316 W chromium: [WARNING:compositor_view.cc(263)] Child process died (type=6) pid=15512)
03-24 14:52:24.351  3670  4016 I ActivityManager: Process com.android.chrome:sandboxed_process1 (pid 15512)(adj 0) has died(117,1189)
03-24 14:52:24.351  3670  4016 D ActivityManager: cleanUpApplicationRecord -- 15512
03-24 14:52:24.351  3670  4016 D ActivityManager: isAutoRunBlockedApp:: com.android.chrome, Auto Run ON
03-24 14:52:24.651  3670  4454 I PersonaManager: mKnoxInfo is empty
03-24 14:52:24.681  3670  4952 D PackageManager: setEnabledSetting : userId = 0 packageName = com.google.android.googlequicksearchbox cmp = com.google.android.apps.gsa.deeplink.DeeplinkActivityEntrypoint newState = 0 callingPackage = 10048
03-24 14:52:24.781 15550 15559 W art     : Suspending all threads took: 21.286ms
03-24 14:52:24.781 15550 15559 I art     : Background sticky concurrent mark sweep GC freed 2652(191KB) AllocSpace objects, 1(16KB) LOS objects, 1% free, 11MB/11MB, paused 24.943ms total 69.506ms
03-24 14:52:24.791 15550 15593 I art     : Rejecting re-init on previously-failed class java.lang.Class<com.google.android.apps.gsa.shared.w.c>
03-24 14:52:24.791 15550 15593 I art     : Rejecting re-init on previously-failed class java.lang.Class<com.google.android.apps.gsa.shared.w.c>
03-24 14:52:24.791 15550 15593 I art     : Rejecting re-init on previously-failed class java.lang.Class<com.google.android.apps.gsa.shared.w.c>
03-24 14:52:24.791 15550 15593 I art     : Rejecting re-init on previously-failed class java.lang.Class<com.google.android.apps.gsa.shared.w.c>
03-24 14:52:24.791 15550 15593 I art     : Rejecting re-init on previously-failed class java.lang.Class<com.google.android.apps.gsa.shared.w.c>
03-24 14:52:24.791 15550 15593 I art     : Rejecting re-init on previously-failed class java.lang.Class<com.google.android.apps.gsa.shared.w.c>
03-24 14:52:24.791 15550 15593 I art     : Rejecting re-init on previously-failed class java.lang.Class<com.google.android.apps.gsa.shared.w.c>
03-24 14:52:24.791 15550 15593 I art     : Rejecting re-init on previously-failed class java.lang.Class<com.google.android.apps.gsa.shared.w.c>
03-24 14:52:24.821 15316 15316 W ahp     : platform method missing - proto runtime falling back to safer methods: java.lang.NoSuchMethodException: getByte [class java.lang.Object, long]
03-24 14:52:24.831 14144 14588 I native  : document-store.cc:1756 Scored 2188 usage reports, missing_corpora 102 update_failed 218
03-24 14:52:24.981  3670  4407 I PersonaManager: mKnoxInfo is empty
03-24 14:52:24.991 15550 15560 W DynamiteModule: Local module descriptor class for com.google.android.gms.googlecertificates not found.
03-24 14:52:24.991 15550 15559 I art     : Background partial concurrent mark sweep GC freed 938(87KB) AllocSpace objects, 2(92KB) LOS objects, 40% free, 11MB/19MB, paused 3.674ms total 166.044ms
03-24 14:52:25.011 15550 15560 I DynamiteModule: Considering local module com.google.android.gms.googlecertificates:0 and remote module com.google.android.gms.googlecertificates:4
03-24 14:52:25.011 15550 15560 I DynamiteModule: Selected remote version of com.google.android.gms.googlecertificates, version >= 4
03-24 14:52:25.011 15550 15560 V DynamiteModule: Dynamite loader version >= 2, using loadModule2NoCrashUtils
03-24 14:52:25.021 15550 15561 I HotwordHelper: hasHotwordEverywhere-true
03-24 14:52:25.021 15550 15560 W ResourcesManager: getTopLevelResources: /data/app/com.google.android.gms-1/base.apk / 1.0 running in com.google.android.googlequicksearchbox rsrc of package com.google.android.gms
03-24 14:52:25.031 10070 10070 I HwDetectorWithState: #performNextHotwordAction action: 3
03-24 14:52:25.031 15550 15560 D ResourcesManager: For user 0 new overlays fetched Null
03-24 14:52:25.081 15550 15560 W System  : ClassLoader referenced unknown path: /data/data/com.google.android.gms/app_chimera/m/0000003c/n/arm64-v8a
03-24 14:52:25.091 15550 15560 W ResourcesManager: getTopLevelResources: /data/data/com.google.android.gms/app_chimera/m/0000003c/GoogleCertificates.apk / 1.0 running in com.google.android.googlequicksearchbox rsrc of package com.google.android.gms
03-24 14:52:25.091 15550 15560 D ResourcesManager: For user 0 new overlays fetched Null
03-24 14:52:25.091 15550 15560 W ResourcesManager: getTopLevelResources: /data/data/com.google.android.gms/app_chimera/m/0000003c/GoogleCertificates.apk / 1.0 running in com.google.android.googlequicksearchbox rsrc of package com.google.android.gms
03-24 14:52:25.181 15550 15599 I SharedPreferencesProto: load shared preferences: file not found
03-24 14:52:25.341 15550 15593 I OpaEligibilityChecker: send OpaEligibilityChange broadcast to CommonBroadcastReceiver
03-24 14:52:25.341  3670  4016 D PackageManager: setEnabledSetting : userId = 0 packageName = com.google.android.googlequicksearchbox cmp = com.google.android.apps.gsa.staticplugins.opa.EnterOpaActivityFromDeeplink newState = 1 callingPackage = 10048
03-24 14:52:25.351  3670  4952 D PackageManager: setEnabledSetting : userId = 0 packageName = com.google.android.googlequicksearchbox cmp = com.google.android.apps.gsa.staticplugins.opa.EnterOpaActivityFromLauncher newState = 2 callingPackage = 10048
03-24 14:52:25.351  3670  3796 V BroadcastQueue: [background] Process cur broadcast BroadcastRecord{90e299d u0 com.google.android.apps.gsa.broadcastreceiver.ACTION_OPA_ELIGIBILITY_CHANGE qIdx=4}, state= (APP_RECEIVE) DELIVERED for app ProcessRecord{59b8ae 15550:com.google.android.googlequicksearchbox:search/u0a48}
03-24 14:52:25.361  3670  3931 D PackageManager: setEnabledSetting : userId = 0 packageName = com.google.android.googlequicksearchbox cmp = com.google.android.googlequicksearchbox.VoiceSearchActivity newState = 1 callingPackage = 10048
03-24 14:52:25.361 15550 15593 I OpaEligibilityChecker: Clock app not installed.
03-24 14:52:25.451  3670  4947 D PackageManager: setEnabledSetting : userId = 0 packageName = com.google.android.googlequicksearchbox cmp = com.google.android.apps.gsa.deeplink.EnterCollectionsFromDeeplink newState = 2 callingPackage = 10048
03-24 14:52:25.461 15550 15593 I ModelDownloadListener: Schdedule model download
03-24 14:52:25.481 14144 14588 I Icing   : Indexing com.android.chrome-omnibox from com.android.chrome
03-24 14:52:25.531  3670  3930 D PackageManager: [MSG] WRITE_PACKAGE_RESTRICTIONS
03-24 14:52:25.621 15550 15601 I EventBusThread: Event Bus thread starting with TID 15601
03-24 14:52:25.631 15550 15550 I WorkerManager: New handler created for worker [service] (manager: 5af4e6c, handler: 9117c35)
03-24 14:52:25.711 15550 15550 I WorkerHandler: New state for worker [service]: d (handler: 9117c35)
03-24 14:52:25.711 15550 15550 I SearchServiceCore: Event Bus thread is enabled
03-24 14:52:25.711  3670  4407 I PersonaManager: mKnoxInfo is empty
03-24 14:52:25.731  3670  3930 W System.err: remove failed: ENOENT (No such file or directory) : /data/system/users/0/package-restrictions.xml.bak
03-24 14:52:25.841  3670  4143 I PersonaManager: mKnoxInfo is empty
03-24 14:52:25.851 14144 14588 I Icing   : Indexing done com.android.chrome-omnibox
03-24 14:52:25.851 15550 15550 I WorkerManager: New handler created for worker [service] (manager: 5ca31f4, handler: 907cd1d)
03-24 14:52:25.851 15550 15550 I WorkerHandler: New state for worker [service]: d (handler: 907cd1d)
03-24 14:52:25.851 15550 15550 I SearchServiceCore: Event Bus thread is enabled
03-24 14:52:25.891  3670  4550 I PersonaManager: mKnoxInfo is empty
03-24 14:52:25.891  3670  4552 I PersonaManager: mKnoxInfo is empty
03-24 14:52:25.981 15550 15601 I WorkerManager: New handler created for worker [optin] (manager: 5af4e6c, handler: cf6995a)
03-24 14:52:25.981 15550 15601 I WorkerHandler: New state for worker [optin]: d (handler: cf6995a)
03-24 14:52:25.991  3670  4016 I PersonaManager: mKnoxInfo is empty
03-24 14:52:26.011 15550 15601 I WorkerManager: dispose()
03-24 14:52:26.011 15550 15601 I WorkerManager: Disposing handler for worker [service] (manager: 5af4e6c, handler: 9117c35)
03-24 14:52:26.011 15550 15601 I WorkerManager: Disposing handler for worker [optin] (manager: 5af4e6c, handler: cf6995a)
03-24 14:52:26.011 15550 15601 I WorkController: Work is not performed because WorkController is disposed
03-24 14:52:26.021 15550 15601 I WorkerManager: New handler created for worker [optin] (manager: 5ca31f4, handler: d45972b)
03-24 14:52:26.021 15550 15601 I WorkerHandler: New state for worker [optin]: d (handler: d45972b)
03-24 14:52:26.021  3670  3697 I PersonaManager: mKnoxInfo is empty
03-24 14:52:26.081 15550 15601 I WorkerManager: New handler created for worker [bisto] (manager: 5ca31f4, handler: 4c6891)
03-24 14:52:26.081 15550 15601 I WorkerHandler: New state for worker [bisto]: d (handler: 4c6891)
03-24 14:52:26.091 15550 15601 I WorkController: WorkProxy is not enqueued because WorkController is disposed: WorkProxy{Name=microdetection::c, WorkerId=microdetection, id=3961893}
03-24 14:52:26.091 15550 15601 I WorkController: WorkProxy is not enqueued because WorkController is disposed: WorkProxy{Name=microdetection::v, WorkerId=microdetection, id=71770d0}
03-24 14:52:26.111 15550 15601 I WorkerManager: New handler created for worker [searchplate] (manager: 5ca31f4, handler: 6c6070b)
03-24 14:52:26.111 15550 15601 I WorkerHandler: New state for worker [searchplate]: d (handler: 6c6070b)
03-24 14:52:26.111 15550 15601 I MicroDetectionWorker: Initializing MicroDataManager InitializeType-1, isForced-false, isActivePhoneEnrollment-false isActiveGoogleHomeEnrollment-false
03-24 14:52:26.471  3670  3980 V AlarmManager: Expired Alarm result :4
03-24 14:52:27.121  3670  3697 V BroadcastQueue: [background] Process cur broadcast BroadcastRecord{218ce40 u0 run_background_task183 qIdx=4}, state= (APP_RECEIVE) DELIVERED for app ProcessRecord{59b8ae 15550:com.google.android.googlequicksearchbox:search/u0a48}
03-24 14:52:27.131  3670  4143 I PersonaManager: mKnoxInfo is empty
03-24 14:52:27.151 15550 15608 I BgTaskExecutorImpl: Starting EXCLUSIVE background task UPDATE_HOTWORD_MODELS.
03-24 14:52:27.161  3670  4454 I PersonaManager: mKnoxInfo is empty
03-24 14:52:27.171 15550 15601 W SearchServiceCore: Abort, client detached.
03-24 14:52:27.171 15550 15593 I ModelDownloadController: requestHotwordModelUpdate modelType-OK_HEY_GOOGLE
03-24 14:52:27.171 15550 15593 I ModelDownloadController: We already downloaded model from given location.
03-24 14:52:27.371  3670  3682 I art     : Background partial concurrent mark sweep GC freed 42544(2MB) AllocSpace objects, 15(316KB) LOS objects, 27% free, 42MB/58MB, paused 1.916ms total 215.007ms
03-24 14:52:28.091  3670  4524 D BatteryService: !@BatteryListener : batteryPropertiesChanged!
03-24 14:52:28.091  3670  4524 D BatteryService: level:93, scale:100, status:2, health:2, present:true, voltage: 4275, temperature: 310, technology: Li-ion, AC powered:false, USB powered:true, POGO powered:false, Wireless powered:false, icon:17303414, invalid charger:0, maxChargingCurrent:0
03-24 14:52:28.091  3670  4524 D BatteryService: online:4, current avg:33, charge type:1, power sharing:false, high voltage charger:false, capacity:280000, batterySWSelfDischarging:false, current_now:283
03-24 14:52:28.091  3670  3670 D BatteryService: Sending ACTION_BATTERY_CHANGED.
03-24 14:52:28.101  3670  3670 I MotionRecognitionService: Plugged
03-24 14:52:28.101  3670  3670 E MotionRecognitionService: support TA ~
03-24 14:52:28.101  3670  3670 I MotionRecognitionService: isTAConnected | current backoffstate  = 33792
03-24 14:52:28.101  3670  3670 D MotionRecognitionService:  TA connected ,  33792
03-24 14:52:28.101  3670  3670 I MotionRecognitionService: skip setTransmitPower. 
03-24 14:52:28.101  3670  3670 D MotionRecognitionService:   cableConnection= 1
03-24 14:52:28.101  3670  3670 D MotionRecognitionService: setPowerConnected | current backoffstate  = 33792 , state =33792
03-24 14:52:28.101  3670  3670 D MotionRecognitionService: skip setTransmitPower. 
03-24 14:52:28.121  4103  4103 D KeyguardUpdateMonitor: received broadcast android.intent.action.BATTERY_CHANGED
03-24 14:52:28.121  4103  4103 D KeyguardUpdateMonitor: handleBatteryUpdate
03-24 14:52:28.121  4103  4103 D PowerUI : priorPlugType = 2 mPlugType =  2
03-24 14:52:28.121  4103  4103 D PowerUI.Notification: showChargingNotice oldChargingType : 1 currentChargingType : 1 oldChargingTime : 1394000 mChargingTime : 1394000
03-24 14:52:28.121  4103  4103 D PowerUI.Notification: There is no change about charging status, so return!
03-24 14:52:28.151  4103  4103 D BatteryMeterView: ACTION_BATTERY_CHANGED : level:93 status:2 health:2
03-24 14:52:28.151  4103  4103 D BatteryMeterView: ACTION_BATTERY_CHANGED : level:93 status:2 health:2
03-24 14:52:28.411  3670  6805 D SSRM:n  : SIOP:: AP = 400, PST = 380 (W:20), CP = 300, CUR = 33, LCD = 114
03-24 14:52:28.481  3670  6805 D ConnectivityService: returning getNetworkInfo for network type 1 : [type: WIFI[] - WIFI, state: CONNECTED/CONNECTED, reason: (unspecified), extra: "DataStructures", roaming: false, failover: false, isAvailable: true]
03-24 14:52:31.141 15550 15597 I EventLogSendingHelper: Sending log events.
03-24 14:52:31.281  3670  3698 I PersonaManager: mKnoxInfo is empty
03-24 14:52:32.681 15550 15617 W ResourcesManager: getTopLevelResources: /data/app/com.google.android.googlequicksearchbox-1/base.apk / 1.0 running in com.google.android.googlequicksearchbox rsrc of package com.google.android.googlequicksearchbox
03-24 14:52:32.701 15550 15617 I FA      : App measurement is starting up, version: 14710
03-24 14:52:32.701 15550 15617 I FA      : To enable debug logging run: adb shell setprop log.tag.FA VERBOSE
03-24 14:52:32.701 15550 15617 I FA      : To enable faster debug mode event logging run:
03-24 14:52:32.701 15550 15617 I FA      :   adb shell setprop debug.firebase.analytics.app com.google.android.googlequicksearchbox
03-24 14:52:32.751 15550 15593 D FirebaseApp: com.google.firebase.auth.FirebaseAuth is not linked. Skipping initialization.
03-24 14:52:32.751 15550 15593 D FirebaseApp: com.google.firebase.crash.FirebaseCrash is not linked. Skipping initialization.
03-24 14:52:32.771  3670  4407 I PersonaManager: mKnoxInfo is empty
03-24 14:52:32.891 14144 15622 W ResourcesManager: getTopLevelResources: /data/app/com.google.android.gms-1/base.apk / 1.0 running in com.google.android.gms rsrc of package com.google.android.gms
03-24 14:52:32.911 14144 15622 I FA-SVC  : App measurement is starting up, version: 15090
03-24 14:52:33.031  3670  3796 V BroadcastQueue: [background] Process cur broadcast BroadcastRecord{adc5796 u0 com.google.android.gms.gcm.ACTION_SCHEDULE qIdx=4}, state= (APP_RECEIVE) DELIVERED for app ProcessRecord{49f3f4c 4932:com.google.android.gms.persistent/u0a15}
03-24 14:52:33.031  3670  3698 V AlarmManager:  remove PendingIntent] PendingIntent{6852f17: PendingIntentRecord{dd83f04 com.google.android.gms broadcastIntent}}
03-24 14:52:33.061  3670  4946 V AlarmManager:  remove PendingIntent] PendingIntent{95e3ced: PendingIntentRecord{e30a718 com.google.android.gms broadcastIntent}}
03-24 14:52:33.121  3670  4552 V AlarmManager:  remove PendingIntent] PendingIntent{ffe5722: PendingIntentRecord{dd83f04 com.google.android.gms broadcastIntent}}
03-24 14:52:33.131  3670  3796 V BroadcastQueue: [background] Process cur broadcast BroadcastRecord{423a5b3 u0 com.google.android.gms.gcm.ACTION_SCHEDULE qIdx=4}, state= (APP_RECEIVE) DELIVERED for app ProcessRecord{49f3f4c 4932:com.google.android.gms.persistent/u0a15}
03-24 14:52:33.141  3670  3698 V AlarmManager:  remove PendingIntent] PendingIntent{b1c4770: PendingIntentRecord{e30a718 com.google.android.gms broadcastIntent}}
03-24 14:52:33.171  3670  4016 I PersonaManager: mKnoxInfo is empty
03-24 14:52:36.131 15550 15597 I EventLogSendingHelper: Sending log events.
03-24 14:52:36.141  3670  3931 I PersonaManager: mKnoxInfo is empty
03-24 14:52:36.151 15550 15601 I WorkerManager: dispose()
03-24 14:52:36.151 15550 15601 I WorkerManager: Disposing handler for worker [bisto] (manager: 5ca31f4, handler: 4c6891)
03-24 14:52:36.151 15550 15601 I WorkerManager: Disposing handler for worker [service] (manager: 5ca31f4, handler: 907cd1d)
03-24 14:52:36.161 15550 15601 I WorkerManager: Disposing handler for worker [optin] (manager: 5ca31f4, handler: d45972b)
03-24 14:52:36.161 15550 15601 I WorkerManager: Disposing handler for worker [searchplate] (manager: 5ca31f4, handler: 6c6070b)
03-24 14:52:38.141  3670  4452 D BatteryService: !@BatteryListener : batteryPropertiesChanged!
03-24 14:52:38.141  3670  4452 D BatteryService: level:93, scale:100, status:2, health:2, present:true, voltage: 4275, temperature: 310, technology: Li-ion, AC powered:false, USB powered:true, POGO powered:false, Wireless powered:false, icon:17303414, invalid charger:0, maxChargingCurrent:0
03-24 14:52:38.141  3670  4452 D BatteryService: online:4, current avg:147, charge type:1, power sharing:false, high voltage charger:false, capacity:280000, batterySWSelfDischarging:false, current_now:262
03-24 14:52:38.141  3670  3670 D BatteryService: Sending ACTION_BATTERY_CHANGED.
03-24 14:52:38.151  3670  3670 I MotionRecognitionService: Plugged
03-24 14:52:38.151  3670  3670 E MotionRecognitionService: support TA ~
03-24 14:52:38.151  3670  3670 I MotionRecognitionService: isTAConnected | current backoffstate  = 33792
03-24 14:52:38.151  3670  3670 D MotionRecognitionService:  TA connected ,  33792
03-24 14:52:38.151  3670  3670 I MotionRecognitionService: skip setTransmitPower. 
03-24 14:52:38.151  3670  3670 D MotionRecognitionService:   cableConnection= 1
03-24 14:52:38.151  3670  3670 D MotionRecognitionService: setPowerConnected | current backoffstate  = 33792 , state =33792
03-24 14:52:38.151  3670  3670 D MotionRecognitionService: skip setTransmitPower. 
03-24 14:52:38.161  4103  4103 D KeyguardUpdateMonitor: received broadcast android.intent.action.BATTERY_CHANGED
03-24 14:52:38.161  4103  4103 D KeyguardUpdateMonitor: handleBatteryUpdate
03-24 14:52:38.161  4103  4103 D PowerUI : priorPlugType = 2 mPlugType =  2
03-24 14:52:38.171  4103  4103 D PowerUI.Notification: showChargingNotice oldChargingType : 1 currentChargingType : 1 oldChargingTime : 1394000 mChargingTime : 1394000
03-24 14:52:38.171  4103  4103 D PowerUI.Notification: There is no change about charging status, so return!
03-24 14:52:38.201  4103  4103 D BatteryMeterView: ACTION_BATTERY_CHANGED : level:93 status:2 health:2
03-24 14:52:38.201  4103  4103 D BatteryMeterView: ACTION_BATTERY_CHANGED : level:93 status:2 health:2
03-24 14:52:38.541  3670  6805 D SSRM:n  : SIOP:: AP = 370, PST = 390 (W:26), CP = 301, CUR = 147, LCD = 114
03-24 14:52:46.691 15627 15627 I FIPS_bssl: FIPS approved mode (1) | 15627 | app_process
03-24 14:52:46.701 15627 15627 D AndroidRuntime: >>>>>> START com.android.internal.os.RuntimeInit uid 2000 <<<<<<
03-24 14:52:46.701 15627 15627 D AndroidRuntime: CheckJNI is OFF
03-24 14:52:46.701 15627 15627 D AndroidRuntime: readGMSProperty: start
03-24 14:52:46.701 15627 15627 D AndroidRuntime: readGMSProperty: already setted!!
03-24 14:52:46.701 15627 15627 D AndroidRuntime: propertySet: couldn't set property (it is from app)
03-24 14:52:46.701 15627 15627 D AndroidRuntime: readGMSProperty: could not set the property(default)!!
03-24 14:52:46.701 15627 15627 D AndroidRuntime: readGMSProperty: end
03-24 14:52:46.701 15627 15627 D AndroidRuntime: addProductProperty: start
03-24 14:52:46.731 15627 15627 D ICU     : No timezone override file found: /data/misc/zoneinfo/current/icu/icu_tzdata.dat
03-24 14:52:46.751 15627 15627 I Radio-JNI: register_android_hardware_Radio DONE
03-24 14:52:46.761 15627 15627 E AffinityControl: AffinityControl: registerfunction enter
03-24 14:52:46.771 15627 15627 D AndroidRuntime: Calling main entry com.android.commands.am.Am
03-24 14:52:46.781  3670  4407 I ActivityManager: Force stopping com.android.chrome appid=10088 user=0: from pid 15627
03-24 14:52:46.781  3670  4407 I PersonaManager: mKnoxInfo is empty
03-24 14:52:46.781  3670  4407 I PersonaManager: mKnoxInfo is empty
03-24 14:52:46.781  3670  4407 I ActivityManager: Killing 15460:com.android.chrome:privileged_process0/u0a88 (adj 0): stop com.android.chrome cause from pid 15627
03-24 14:52:46.791  3670  4407 D ActivityManager: cleanUpApplicationRecord -- 15460
03-24 14:52:46.791  3670  4407 D ActivityManager: isAutoRunBlockedApp:: com.android.chrome, Auto Run ON
03-24 14:52:46.791  3670  4407 W ActivityManager: Scheduling restart of crashed service com.android.chrome/org.chromium.content.app.PrivilegedProcessService0 in 1000ms
03-24 14:52:46.791  3670  4407 I ActivityManager: Killing 15316:com.android.chrome/u0a88 (adj 0): stop com.android.chrome cause from pid 15627
03-24 14:52:46.801  3670  4407 D ActivityManager: cleanUpApplicationRecord -- 15316
03-24 14:52:46.801  3670  4407 D ActivityManager: isAutoRunBlockedApp:: com.android.chrome, Auto Run ON
03-24 14:52:46.801  3670  4407 W ActivityManager: Force removing ActivityRecord{2a02b6c u0 com.android.chrome/com.google.android.apps.chrome.Main t133}: app died, no saved state
03-24 14:52:46.811  3670  4407 D FocusedStackFrame: Set to : 0
03-24 14:52:46.811 15385 15385 I cr_ChildProcessService: Destroying ChildProcessService pid=15385
03-24 14:52:46.811  3670  4407 D InputDispatcher: Focused application set to: xxxx
03-24 14:52:46.811  3670  4407 D InputDispatcher: Focus left window: 15316
03-24 14:52:46.821  3025  3210 I SurfaceFlinger: id=560 Removed TurfaceView (3/8)
03-24 14:52:46.821  3025  3732 I SurfaceFlinger: id=560 Removed TurfaceView (-2/8)
03-24 14:52:46.821  3025  4174 I SurfaceFlinger: id=559 Removed Nain (4/7)
03-24 14:52:46.831  3025  3210 I SurfaceFlinger: id=559 Removed Nain (-2/7)
03-24 14:52:46.831  3670  3884 D PointerIcon: setMouseIconStyle1 pointerType: 1001 iconType:101 flag:0 pid:3670 uid:1000
03-24 14:52:46.831  3670  3884 D PointerIcon: setMouseCustomIcon IconType is same.101
03-24 14:52:46.831  3670  4407 D CustomFrequencyManagerService: acquireDVFSLockLocked : type : DVFS_MIN_LIMIT  frequency : 1800000  uid : 1000  pid : 3670  pkgName : ACTIVITY_RESUME_BOOSTER@3
03-24 14:52:46.831  3025  3025 D libEGL  : eglTerminate EGLDisplay = 0x7ff3f31e28
03-24 14:52:46.831  3025  3025 D libEGL  : eglTerminate EGLDisplay = 0x7ff3f31e28
03-24 14:52:46.831  3025  3025 D libEGL  : eglTerminate EGLDisplay = 0x7ff3f31e28
03-24 14:52:46.831  3025  3025 D libEGL  : eglTerminate EGLDisplay = 0x7ff3f31e28
03-24 14:52:46.831  3025  3025 D libEGL  : eglTerminate EGLDisplay = 0x7ff3f31e28
03-24 14:52:46.841  3670  4407 D ActivityManager: mDVFSHelper.acquire()
03-24 14:52:46.841  3670  4407 I ActivityManager: Killing 15385:com.android.chrome:sandboxed_process0/u0a88i190 (adj 0): isolated not needed
03-24 14:52:46.851  3670  4407 V WindowOrientationListener: setCurrentAppOrientation :1
03-24 14:52:46.851  3670  4407 V WindowOrientationListener: OrientationSensorJudge.getProposedRotation, Rotation: -1
03-24 14:52:46.851  3670  4407 V WindowManager: rotationForOrientationLw(orient=1, last=0); user=0  sensorRotation=-1 mLidState=-1 mDockMode=0 mHdmiPlugged=false mMobileKeyboardEnabled=false displayId=0
03-24 14:52:46.851  3670  4407 V WindowOrientationListener: OrientationSensorJudge.getProposedRotation, Rotation: -1
03-24 14:52:46.851  3670  3670 D GameManagerService: NotifyRunnable. pkg: com.sec.android.app.launcher, type: 4, isMinimized: false, isTunableApp: false
03-24 14:52:46.851  3670  3796 V MARsPolicyManager: updatePackagesScore PackageInfo name -- com.sec.android.app.launcher
03-24 14:52:46.851  4408  4408 D Launcher: onRestart, Launcher: 236504
03-24 14:52:46.851 15627 15627 D AndroidRuntime: Shutting down VM
03-24 14:52:46.851  3670  4019 D NetworkPolicy: isUidForegroundLocked: 10088, mScreenOn: true, uidstate: 16, mProxSensorScreenOff: false
03-24 14:52:46.851  4408  4408 D Launcher: onStart, Launcher: 236504
03-24 14:52:46.851  4408  4408 D Launcher.HomeView: onStart
03-24 14:52:46.861  4408  4408 D Launcher: onResume, Launcher: 236504
03-24 14:52:46.861  3670  4452 D SettingsProvider: isChangeAllowed() : name = kids_home_mode
03-24 14:52:46.861  3670  4452 D SettingsProvider: edmUri: content://com.sec.knox.provider/RestrictionPolicy3
03-24 14:52:46.861  3670  4452 D SettingsProvider: projectionArgs: isSettingsChangesAllowed
03-24 14:52:46.861  3670  4452 D SettingsProvider: selectionArgs: false
