03-24 14:52:16.321 15316 15379 I cr_FileUtils: Writing to /data/user/0/com.android.chrome/app_chrome/paks/en-US.pak@159cff45
03-24 14:52:16.321 15316 15371 I cr_LibraryLoader: Time to load native libraries: 132 ms (timestamps 7122-7254)
03-24 14:52:16.321 15316 15316 D Activity: performCreate Call Injection manager
03-24 14:52:16.331 15316 15371 I chromium: [INFO:library_loader_hooks.cc(42)] Chromium logging enabled: level = 0, default verbosity = 0
03-24 14:52:16.331 15316 15316 I InjectionManager: dispatchOnViewCreated > Target : org.chromium.chrome.browser.ChromeTabbedActivity isFragment :false
03-24 14:52:16.331 15316 15371 I cr_LibraryLoader: Expected native library version number "72.0.3626.105", actual native library version number "72.0.3626.105"
03-24 14:52:16.341 15316 15316 D SecWifiDisplayUtil: Metadata value : SecSettings2
03-24 14:52:16.341 15316 15316 D ViewRootImpl: #1 mView = com.android.internal.policy.MultiPhoneWindow$MultiPhoneDecorView{6b4688e I.E...... R.....ID 0,0-0,0}
03-24 14:52:16.341 15316 15381 D OpenGLRenderer: Use EGL_SWAP_BEHAVIOR_PRESERVED: true
03-24 14:52:16.351  3670  4143 D ISSUE_DEBUG: InputChannelName : a30eac9 com.android.chrome/com.google.android.apps.chrome.Main
03-24 14:52:16.361 15316 15383 W cr_ChildProcLH: Create a new ChildConnectionAllocator with package name = com.android.chrome, sandboxed = true
03-24 14:52:16.371  3670  4454 I PersonaManager: mKnoxInfo is empty
03-24 14:52:16.371 15316 15316 D MultiPhoneWindow: performUpdateVisibility, same visibility false
03-24 14:52:16.381 14992 15048 I Controller: [#CMH#] initializing late running services 
03-24 14:52:16.381 14992 15048 I ServiceManager: [#CMH#] Binding To Service  IPService
03-24 14:52:16.381 15385 15385 E Zygote  : v2
03-24 14:52:16.381 15385 15385 I libpersona: KNOX_SDCARD checking this for 99190
03-24 14:52:16.381 15385 15385 I libpersona: KNOX_SDCARD not a persona
03-24 14:52:16.381 15385 15385 W SELinux : Function: selinux_compare_spd_ram, index[1], priority [2], priority version is VE=SEPF_SECMOBILE_6.0.1_0003
03-24 14:52:16.381 15385 15385 E Zygote  : accessInfo : 0
03-24 14:52:16.381 15385 15385 W SELinux : SELinux: seapp_context_lookup: seinfo=chrome, level=s0:c512,c768, pkgname=com.android.chrome:sandboxed_process0 
03-24 14:52:16.381  3670  4454 I ActivityManager: Start proc 15385:com.android.chrome:sandboxed_process0/u0i190 for service com.android.chrome/org.chromium.content.app.SandboxedProcessService0
03-24 14:52:16.391  3670  4946 I PersonaManager: mKnoxInfo is empty
03-24 14:52:16.401 15397 15397 E Zygote  : v2
03-24 14:52:16.401  3025  3025 I SurfaceFlinger: id=559 createSurf (1440x2560),1 flag=4, Nain
03-24 14:52:16.401 15397 15397 I libpersona: KNOX_SDCARD checking this for 5004
03-24 14:52:16.401 15397 15397 I libpersona: KNOX_SDCARD not a persona
03-24 14:52:16.411  3670  4946 I ActivityManager: Start proc 15397:com.samsung.ipservice/5004 for service com.samsung.ipservice/.IPService
03-24 14:52:16.411 15397 15397 W SELinux : Function: selinux_compare_spd_ram, index[1], priority [2], priority version is VE=SEPF_SECMOBILE_6.0.1_0003
03-24 14:52:16.411  3670  4143 I PersonaManager: mKnoxInfo is empty
03-24 14:52:16.411 15397 15397 E Zygote  : accessInfo : 0
03-24 14:52:16.411 15397 15397 W SELinux : SELinux: seapp_context_lookup: seinfo=platform, level=s0:c512,c768, pkgname=com.samsung.ipservice 
03-24 14:52:16.411 14992 15048 I ServiceManager: [#CMH#] Binding To Service  FaceService
03-24 14:52:16.411  3670  3798 D StatusBarManagerService: manageDisableList userId=0 what=0x0 pkg=Window{a30eac9 u0 d0 com.android.chrome/com.google.android.apps.chrome.Main}
03-24 14:52:16.411  3670  4409 D InputDispatcher: Focus entered window: 15316
03-24 14:52:16.411  4103  4103 D PhoneStatusBar: setSystemUiVisibility vis=a600 mask=ffffffff oldVal=8600 newVal=a600 diff=2000
03-24 14:52:16.421  3670  3884 D PointerIcon: setMouseIconStyle1 pointerType: 1001 iconType:101 flag:0 pid:3670 uid:1000
03-24 14:52:16.421  3670  3884 D PointerIcon: setMouseCustomIcon IconType is same.101
03-24 14:52:16.421  3025  4439 I SurfaceFlinger: id=557 Removed MauncherAct (3/9)
03-24 14:52:16.421  3025  4439 I SurfaceFlinger: id=557 Removed MauncherAct (-2/9)
03-24 14:52:16.421  4103  4103 D ImageWallpaper: onVisibilityChanged:false
03-24 14:52:16.421  4103  4103 D ImageWallpaper: drawFrame:false rotation:0 mLastRotation:0
03-24 14:52:16.421  4103  4103 D ImageWallpaper: drawFrame:[frame.width()]2240[frame.height()]2560
03-24 14:52:16.421  4103  4103 D ImageWallpaper: Suppressed drawFrame since redraw is not needed and offsets have not changed.
03-24 14:52:16.431  3025  3025 D libEGL  : eglTerminate EGLDisplay = 0x7ff3f31e58
03-24 14:52:16.431  3670  4016 I PersonaManager: mKnoxInfo is empty
03-24 14:52:16.441 15385 15385 W ResourcesManager: getTopLevelResources: /data/app/com.android.chrome-2/base.apk / 1.0 running in com.android.chrome rsrc of package com.android.chrome
03-24 14:52:16.441 15409 15409 E Zygote  : v2
03-24 14:52:16.441 15409 15409 I libpersona: KNOX_SDCARD checking this for 5004
03-24 14:52:16.441 15409 15409 I libpersona: KNOX_SDCARD not a persona
03-24 14:52:16.441 15409 15409 W SELinux : Function: selinux_compare_spd_ram, index[1], priority [2], priority version is VE=SEPF_SECMOBILE_6.0.1_0003
03-24 14:52:16.441 15409 15409 E Zygote  : accessInfo : 0
03-24 14:52:16.441  3670  4016 I ActivityManager: Start proc 15409:com.samsung.faceservice/5004 for service com.samsung.faceservice/.FaceService
03-24 14:52:16.441 15409 15409 W SELinux : SELinux: seapp_context_lookup: seinfo=platform, level=s0:c512,c768, pkgname=com.samsung.faceservice 
03-24 14:52:16.441 14992 15048 I ServiceManager: [#CMH#] Binding To Service  StoryService
03-24 14:52:16.451 15316 15381 D libEGL  : loaded /vendor/lib/egl/libGLES_mali.so
03-24 14:52:16.451 15385 15385 D ResourcesManager: For user 0 new overlays fetched Null
03-24 14:52:16.451  3670  3931 I PersonaManager: mKnoxInfo is empty
03-24 14:52:16.461 15385 15385 I InjectionManager: Inside getClassLibPath caller 
03-24 14:52:16.461 15100 15100 I StoryService: [StoryService] onBind() 
03-24 14:52:16.471 15385 15385 D InjectionManager: InjectionManager
03-24 14:52:16.471 15397 15397 W ResourcesManager: getTopLevelResources: /system/priv-app/IPService/IPService.apk / 1.0 running in com.samsung.ipservice rsrc of package com.samsung.ipservice
03-24 14:52:16.471 15316 15381 D libEGL  : eglInitialize EGLDisplay = 0xdedff7c4
03-24 14:52:16.471 15316 15381 I OpenGLRenderer: Initialized EGL, version 1.4
03-24 14:52:16.471 14992 15072 I Controller: [#CMH#] startRebuilder In 
03-24 14:52:16.471 15316 15381 D         : ro.exynos.dss isEnabled: 0
03-24 14:52:16.471 14992 15072 I ControllerEventHandler: [#CMH#] onSystemRebooted 
03-24 14:52:16.471 14992 15072 I BaseThreadPoolExecutor: [#CMH#] Task com.samsung.cmh.database.DatabaseRebuilderTask@3ce0df0 is submitted
03-24 14:52:16.481 15385 15385 I InjectionManager: featureStore :{}
03-24 14:52:16.481 15316 15381 D mali_winsys: new_window_surface returns 0x3000,  [1440x2560]-format:1
03-24 14:52:16.481 14992 15436 I DatabaseRebuilderTask: [#CMH#] syncCMHDB started  
03-24 14:52:16.481 15385 15385 I cr_ChildProcessService: Creating new ChildProcessService pid=15385
03-24 14:52:16.481  3670  4016 I InjectionManagerService -AppFeature: getCoreFeaturePkgList :[]
03-24 14:52:16.481 15397 15397 I InjectionManager: Inside getClassLibPath + mLibMap{0=, 1=}
03-24 14:52:16.481  3670  4409 V WindowStateAnimator: Finishing drawing window Window{4d30afb u0 d0 SurfaceView}: mDrawState=NO_SURFACE
03-24 14:52:16.491 15397 15397 D ResourcesManager: For user 0 new overlays fetched Null
03-24 14:52:16.491 15409 15409 W ResourcesManager: getTopLevelResources: /system/priv-app/FaceService/FaceService.apk / 1.0 running in com.samsung.faceservice rsrc of package com.samsung.faceservice
03-24 14:52:16.491  3670  4016 I InjectionManagerService -AppFeature: getCoreFeaturePkgList :[]
03-24 14:52:16.491 15409 15409 I InjectionManager: Inside getClassLibPath + mLibMap{0=, 1=}
03-24 14:52:16.491 15397 15397 I InjectionManager: Inside getClassLibPath caller 
03-24 14:52:16.491 15409 15409 D ResourcesManager: For user 0 new overlays fetched Null
03-24 14:52:16.491 15316 15381 D libGLESv1: DTS_GLAPI : DTS is not allowed for Package : com.android.chrome
03-24 14:52:16.501 15397 15397 W System  : ClassLoader referenced unknown path: /system/priv-app/IPService/lib/arm64
03-24 14:52:16.501 15397 15397 D InjectionManager: InjectionManager
03-24 14:52:16.501 15397 15397 D InjectionManager: fillFeatureStoreMap com.samsung.ipservice
03-24 14:52:16.501 15397 15397 I InjectionManager: Constructor com.samsung.ipservice, Feature store :{}
03-24 14:52:16.501 15397 15397 I InjectionManager: featureStore :{}
03-24 14:52:16.501 15409 15409 I InjectionManager: Inside getClassLibPath caller 
03-24 14:52:16.501 15397 15397 I IPService: [IPService] onbind () called 
03-24 14:52:16.511 15409 15409 W System  : ClassLoader referenced unknown path: /system/priv-app/FaceService/lib/arm64
03-24 14:52:16.511 15397 15397 I IPModuleQE: [IPService] IPModuleQE Const 
03-24 14:52:16.511 15397 15397 I IPModuleVA: [IPService] IPModuleVA Const 
03-24 14:52:16.511 15409 15409 D InjectionManager: InjectionManager
03-24 14:52:16.511 15409 15409 D InjectionManager: fillFeatureStoreMap com.samsung.faceservice
03-24 14:52:16.511 15409 15409 I InjectionManager: Constructor com.samsung.faceservice, Feature store :{}
03-24 14:52:16.511 15409 15409 I InjectionManager: featureStore :{}
03-24 14:52:16.511 15409 15409 I FaceService: [FaceService] onBind() called 
03-24 14:52:16.511 14992 14992 I ServiceManager: [#CMH#] Bound to Package  com.samsung.storyservice
03-24 14:52:16.511 15100 15100 I ServiceController: [StoryService] Sending response for  31 with status 0
03-24 14:52:16.511 14992 14992 I ServiceManager: [#CMH#] Bound to Package  com.samsung.ipservice
03-24 14:52:16.521 15397 15397 I IPService: [IPService] onSetResponseHandler () called 
03-24 14:52:16.541 14992 15436 I DatabaseRebuilderTask: [#CMH#] No of Uris that are present in media :  33
03-24 14:52:16.541 14992 15436 I DatabaseRebuilderTask: [#CMH#] No of Uris that are present in CMH :  33
03-24 14:52:16.541 14992 15436 I DatabaseRebuilderTask: [#CMH#] No of Uris that are present in both Media and CMH:  33
03-24 14:52:16.541 14992 15436 I DatabaseRebuilderTask: [#CMH#] Insert =  0 Delete =  0
03-24 14:52:16.541 14992 15436 I DatabaseRebuilderTask: [#CMH#] syncCMHDB ended  0
03-24 14:52:16.541  3670  4524 I PersonaManager: mKnoxInfo is empty
03-24 14:52:16.551 14992 15436 I DatabaseRebuilderTask: [#CMH#]  sending broadcast for Event title upgrade  
03-24 14:52:16.551 14992 14992 E CMHService: [#CMH#] onCreate() 
03-24 14:52:16.551 14992 15436 I BaseThreadPoolExecutor: [#CMH#] afterExecute FutureTask
03-24 14:52:16.551 14992 15441 I Controller: [#CMH#] com.android.providers.media Insert
03-24 14:52:16.551 15397 15397 I IPService: [IPService] onStopService () called 
03-24 14:52:16.551 15100 15100 I StoryService: [StoryService] onStopService() 
03-24 14:52:16.551 15100 15100 I ServiceController: [StoryService] Sending response for  34 with status 35
03-24 14:52:16.551 14992 15441 I Controller: [#CMH#] startSmartClustering starting clustering 
03-24 14:52:16.551 14992 15441 I Controller: [#CMH#] startSmartClustering starting day clustering 
03-24 14:52:16.551 14992 15071 I ClusteringTask: [#CMH#] before mutex 
03-24 14:52:16.551 14992 15441 I Controller: [#CMH#] startDaywiseClustering starting day clustering 
03-24 14:52:16.551 14992 15071 I ClusteringTask: [#CMH#] after mutex 
03-24 14:52:16.551 14992 15071 I MomentClusteringAlgo: [#CMH#] performClustering images deleted false
03-24 14:52:16.551 14992 15071 I ClusteringDBUtils: [#CMH#] updateClusterTable In nothing to update 
03-24 14:52:16.551 14992 15068 I DayClusteringTask: [#CMH#] before mutex 
03-24 14:52:16.551 14992 15069 I DayAndMonthTask: [#CMH#] before mutex 
03-24 14:52:16.551 14992 15068 I DayClusteringTask: [#CMH#] after mutex 
03-24 14:52:16.551 14992 15069 I DayAndMonthTask: [#CMH#] after mutex 
03-24 14:52:16.551 14992 15068 I DayClusteringTask: [#CMH#] internalRun Cluster size after image deletion:  0
03-24 14:52:16.551 14992 15069 I DayAndMonthTask: [#CMH#] after mutex release 
03-24 14:52:16.551 14992 15068 I ClusteringDBUtils: [#CMH#] No clusters..!! 
03-24 14:52:16.551 14992 15071 I MomentClusteringAlgo: [#CMH#] performClustering In 0 
03-24 14:52:16.551 14992 15068 I TimeBasedClustering: [#CMH#] performClustering insertimages In 0 
03-24 14:52:16.551 14992 15071 I ClusteringTask: [#CMH#] Cluster size: 0
03-24 14:52:16.551 14992 15071 I ClusteringDBUtils: [#CMH#] updateClusterTable In nothing to update 
03-24 14:52:16.551 14992 15071 I ClusteringTask: [#CMH#] after mutex release 
03-24 14:52:16.551 14992 15068 I DayClusteringTask: [#CMH#] internalRun Cluster size after image insertion:  0
03-24 14:52:16.551 14992 15068 I ClusteringDBUtils: [#CMH#] No clusters..!! 
03-24 14:52:16.551 14992 15068 I DayClusteringTask: [#CMH#] startLocationClustering In  0
03-24 14:52:16.551 14992 15068 I DayClusteringTask: [#CMH#] internalRun::No more Images/Videos to process, Finished Task, Exiting  
03-24 14:52:16.551 14992 15068 I DayClusteringTask: [#CMH#] after mutex release 
03-24 14:52:16.551  3670  3796 V BroadcastQueue: [background] Process cur broadcast BroadcastRecord{291de73 u0 com.samsung.storyservice.eventUpgrade qIdx=4}, state= (APP_RECEIVE) DELIVERED for app ProcessRecord{10c1338 15100:com.samsung.storyservice/5004}
03-24 14:52:16.551  3670  3697 V WindowStateAnimator: Finishing drawing window Window{a30eac9 u0 d0 com.android.chrome/com.google.android.apps.chrome.Main}: mDrawState=DRAW_PENDING
03-24 14:52:16.551 14992 14992 E CMHService: [#CMH#] onDestroy() 
03-24 14:52:16.561 15316 15316 D ViewRootImpl: MSG_RESIZED_REPORT: ci=Rect(0, 96 - 0, 0) vi=Rect(0, 96 - 0, 0) or=1
03-24 14:52:16.561  3670  4946 D InputMethodManagerService: windowGainedFocus mCurrentFocusedUserId - 0 and mSecureKeypadEnabled-false
03-24 14:52:16.561  3670  3884 I ActivityManager: Displayed com.android.chrome/com.google.android.apps.chrome.Main: +571ms
03-24 14:52:16.561  3670  3884 D CustomFrequencyManagerService: releaseDVFSLockLocked : Getting Lock type frm List : DVFS_MIN_LIMIT  frequency : 1800000  uid : 1000  pid : 3670  tag : ACTIVITY_RESUME_BOOSTER@3
03-24 14:52:16.561  3670  3884 D ActivityManager: mDVFSHelper.release()
03-24 14:52:16.561  3670  3884 I Timeline: Timeline: Activity_windows_visible id: ActivityRecord{2a02b6c u0 com.android.chrome/com.google.android.apps.chrome.Main t133} time:70347492
03-24 14:52:16.561  3670  3796 D CustomFrequencyManagerService: acquireDVFSLockLocked : type : DVFS_MIN_LIMIT  frequency : 1800000  uid : 1000  pid : 3670  pkgName : ACTIVITY_RESUME_BOOSTER@9
03-24 14:52:16.561  3670  3884 D ViewRootImpl: #3 mView = null
03-24 14:52:16.561 15100 15100 I ServiceUtils: [StoryService] getSharedPrefLong retVal: 2 
03-24 14:52:16.561 15100 15100 I ServiceUtils: [StoryService] setSharedPrefLong : 2 
03-24 14:52:16.561  3025  3025 D libEGL  : eglInitialize EGLDisplay = 0x7ff3f31d28
03-24 14:52:16.561 15409 15409 I FaceRecognition: create new instance
03-24 14:52:16.571 18067 18067 D SamsungIME: IMPL finishInput
03-24 14:52:16.571 18067 18067 D SamsungIME: SwiftKeyWrapper writeDBdataToFileOnFinishInput
03-24 14:52:16.571 18067 18067 D SamsungIME: saveAndClear +
03-24 14:52:16.571 18067 18067 D SamsungIME: saveAndClear -
03-24 14:52:16.571 18067 18067 D SamsungIME: onStartInput: No inputType, No imeOption, isInputViewShown = false, isExtractViewShown = false, isShowInputRequested = false, isConfigChanged = false
03-24 14:52:16.581  3025  3025 D libEGL  : eglInitialize EGLDisplay = 0x7ff3f31d28
03-24 14:52:16.581  3670  4550 V WindowStateAnimator: Finishing drawing window Window{a30eac9 u0 d0 com.android.chrome/com.google.android.apps.chrome.Main}: mDrawState=HAS_DRAWN
03-24 14:52:16.581 15316 15316 I cr_BrowserStartup: Initializing chromium process, singleProcess=false
03-24 14:52:16.591 14144 14588 I Icing   : Post-init done
03-24 14:52:16.591 14144 14588 I Icing   : doRemovePackageData com.microsoft.emmx
03-24 14:52:16.611  3025  3025 D libEGL  : eglInitialize EGLDisplay = 0x7ff3f31d28
03-24 14:52:16.641  3670  3931 D ActivityManager: The following uid has registered to recieve broadcast for proxy related updates 10088
03-24 14:52:16.641  3670  3931 W ContextImpl: Calling a method in the system process without a qualified user: android.app.ContextImpl.sendBroadcast:845 com.android.server.am.ActivityManagerService.requestKnoxVpnToSendProxyBroadcast:29793 com.android.server.am.ActivityManagerService.registerReceiver:22658 android.app.ActivityManagerNative.onTransact:431 com.android.server.am.ActivityManagerService.onTransact:3999 
03-24 14:52:16.651 14144 14588 I Icing   : doRemovePackageData com.yandex.browser
03-24 14:52:16.661  3670  4421 I PersonaManager: mKnoxInfo is empty
03-24 14:52:16.671 15460 15460 E Zygote  : v2
03-24 14:52:16.671 15460 15460 I libpersona: KNOX_SDCARD checking this for 10088
03-24 14:52:16.671 15460 15460 I libpersona: KNOX_SDCARD not a persona
03-24 14:52:16.671 15460 15460 W SELinux : Function: selinux_compare_spd_ram, index[1], priority [2], priority version is VE=SEPF_SECMOBILE_6.0.1_0003
03-24 14:52:16.671  3670  4421 I ActivityManager: Start proc 15460:com.android.chrome:privileged_process0/u0a88 for service com.android.chrome/org.chromium.content.app.PrivilegedProcessService0
03-24 14:52:16.671 15460 15460 E Zygote  : accessInfo : 0
03-24 14:52:16.671  3670  3698 D ActivityManager: The following uid has registered to recieve broadcast for proxy related updates 10088
03-24 14:52:16.671  3670  3698 W ContextImpl: Calling a method in the system process without a qualified user: android.app.ContextImpl.sendBroadcast:845 com.android.server.am.ActivityManagerService.requestKnoxVpnToSendProxyBroadcast:29793 com.android.server.am.ActivityManagerService.registerReceiver:22658 android.app.ActivityManagerNative.onTransact:431 com.android.server.am.ActivityManagerService.onTransact:3999 
03-24 14:52:16.671 15460 15460 W SELinux : SELinux: seapp_context_lookup: seinfo=chrome, level=s0:c512,c768, pkgname=com.android.chrome:privileged_process0 
03-24 14:52:16.671  3670  4952 I PersonaManager: mKnoxInfo is empty
03-24 14:52:16.691 15316 15316 D ConnectivityManager: requestNetwork; getAppId(CallingUid) : 10088, CallingPid : 15316
03-24 14:52:16.691  3670  4409 D ConnectivityService: listenForNetwork for Listen from uid/pid:10088/15316 for NetworkRequest [ id=269, legacyType=-1, [ Capabilities: INTERNET&NOT_RESTRICTED&TRUSTED] ]
03-24 14:52:16.691  3670  4029 D ConnectivityService: rematching NetworkAgentInfo [WIFI () - 510]
03-24 14:52:16.691  3670  4029 D ConnectivityService:  network has: NetworkAgentInfo{ ni{[type: WIFI[] - WIFI, state: CONNECTED/CONNECTED, reason: (unspecified), extra: "DataStructures", roaming: false, failover: false, isAvailable: true]}  network{510}  lp{{InterfaceName: wlan0 LinkAddresses: [fe80::ee9b:f3ff:fe73:43e9/64,192.168.0.174/24,]  Routes: [fe80::/64 -> :: wlan0,192.168.0.0/24 -> 0.0.0.0 wlan0,0.0.0.0/0 -> 192.168.0.1 wlan0,] DnsAddresses: [192.168.0.1,] Domains:  MTU: 0 TcpBufferSizes: 524288,1048576,4525824,524288,1048576,4525824}}  nc{[ Transports: WIFI Capabilities: INTERNET&NOT_RESTRICTED&TRUSTED&NOT_VPN&VALIDATED LinkUpBandwidth>=1048576Kbps LinkDnBandwidth>=1048576Kbps SignalStrength: -33]}  Score{60}  everValidated{true}  lastValidated{true}  created{true} lingering{false} explicitlySelected{false} acceptUnvalidated{false} everCaptivePortalDetected{false} lastCaptivePortalDetected{false} }
03-24 14:52:16.691  3670  4029 D ConnectivityService:   checking if request is: NetworkRequest [ id=267, legacyType=-1, [ Capabilities: INTERNET&NOT_RESTRICTED&TRUSTED] ] satisfies: true nri.isRequest: false
03-24 14:52:16.691  3670  4029 D ConnectivityService:   checking if request is: NetworkRequest [ id=5, legacyType=-1, [ Transports: WIFI Capabilities: INTERNET&NOT_RESTRICTED&TRUSTED&NOT_VPN] ] satisfies: true nri.isRequest: false
03-24 14:52:16.691  3670  4029 D ConnectivityService: Network NetworkAgentInfo [WIFI () - 510] was already satisfying request 1. No change.
03-24 14:52:16.691  3670  4029 D ConnectivityService:   checking if request is: NetworkRequest [ id=3, legacyType=-1, [] ] satisfies: true nri.isRequest: false
03-24 14:52:16.691  3670  4029 D ConnectivityService:   checking if request is: NetworkRequest [ id=4, legacyType=-1, [ Transports: CELLULAR Capabilities: INTERNET&NOT_RESTRICTED&TRUSTED&NOT_VPN] ] satisfies: false nri.isRequest: false
03-24 14:52:16.691  3670  4029 D ConnectivityService:   checking if request is: NetworkRequest [ id=269, legacyType=-1, [ Capabilities: INTERNET&NOT_RESTRICTED&TRUSTED] ] satisfies: true nri.isRequest: false
03-24 14:52:16.691  3670  4029 D ConnectivityService: sending notification AVAILABLE for NetworkRequest [ id=269, legacyType=-1, [ Capabilities: INTERNET&NOT_RESTRICTED&TRUSTED] ]
03-24 14:52:16.701 15460 15460 W ResourcesManager: getTopLevelResources: /data/app/com.android.chrome-2/base.apk / 1.0 running in com.android.chrome rsrc of package com.android.chrome
03-24 14:52:16.701 15409 15409 I SAIV_FACE: create face recognition engine - 20151223
03-24 14:52:16.701 15409 15409 I SAIV_FACE: feature size : 1024
03-24 14:52:16.701 15409 15409 I SAIV_FACE: File : /data/user/0/com.samsung.faceservice/face/face_data
03-24 14:52:16.701  3670  4421 I InjectionManagerService -AppFeature: getCoreFeaturePkgList :[]
03-24 14:52:16.711 15460 15460 I InjectionManager: Inside getClassLibPath + mLibMap{0=, 1=}
03-24 14:52:16.711 15460 15460 D ResourcesManager: For user 0 new overlays fetched Null
03-24 14:52:16.711 15460 15460 I InjectionManager: Inside getClassLibPath caller 
03-24 14:52:16.711 14144 14588 I Icing   : doRemovePackageData org.mozilla.firefox
03-24 14:52:16.721  3670  3796 V BroadcastQueue: [background] Process cur broadcast BroadcastRecord{fc229bf u0 com.google.android.gms.gcm.ACTION_SCHEDULE qIdx=4}, state= (APP_RECEIVE) DELIVERED for app ProcessRecord{49f3f4c 4932:com.google.android.gms.persistent/u0a15}
03-24 14:52:16.731 15460 15460 D InjectionManager: InjectionManager
03-24 14:52:16.731 15460 15460 D InjectionManager: fillFeatureStoreMap com.android.chrome
03-24 14:52:16.731 15460 15460 I InjectionManager: Constructor com.android.chrome, Feature store :{}
03-24 14:52:16.731  3670  3796 V BroadcastQueue: [background] Process cur broadcast BroadcastRecord{71e288c u0 com.google.android.gms.gcm.ACTION_SCHEDULE qIdx=4}, state= (APP_RECEIVE) DELIVERED for app ProcessRecord{49f3f4c 4932:com.google.android.gms.persistent/u0a15}
03-24 14:52:16.731 15460 15460 I InjectionManager: featureStore :{}
03-24 14:52:16.731 15460 15460 I cr_ChildProcessService: Creating new ChildProcessService pid=15460
03-24 14:52:16.731 15409 15409 I [smart_cropping]: SmartCropping.cpp(150): SmartCropping(): : SCE 1302 build
03-24 14:52:16.731 15409 15409 I [smart_cropping]: SmartCropping.cpp(169): SmartCropping(): : 
03-24 14:52:16.731 15409 15409 I [smart_cropping]: SmartCropping.cpp(169): SmartCropping(): : SCE ContrastSaliency
03-24 14:52:16.741 15316 15362 W art     : Verification of void q.c() took 411.033ms
03-24 14:52:16.741 14992 14992 I ServiceManager: [#CMH#] Bound to Package  com.samsung.faceservice
03-24 14:52:16.751  3670  3698 V AlarmManager:  remove PendingIntent] PendingIntent{7a1bd5: PendingIntentRecord{e30a718 com.google.android.gms broadcastIntent}}
03-24 14:52:16.751  3670  4016 V BroadcastQueue: [background] Process cur broadcast BroadcastRecord{436efea u0 com.google.android.gms.gcm.ACTION_SCHEDULE qIdx=4}, state= (APP_RECEIVE) DELIVERED for app ProcessRecord{49f3f4c 4932:com.google.android.gms.persistent/u0a15}
03-24 14:52:16.761 15316 15316 D ConnectivityManager: requestNetwork; getAppId(CallingUid) : 10088, CallingPid : 15316
03-24 14:52:16.761  3670  3698 D ConnectivityService: listenForNetwork for Listen from uid/pid:10088/15316 for NetworkRequest [ id=270, legacyType=-1, [ Capabilities: INTERNET&NOT_RESTRICTED&TRUSTED] ]
03-24 14:52:16.771  3670  4029 D ConnectivityService: rematching NetworkAgentInfo [WIFI () - 510]
03-24 14:52:16.771  3670  4029 D ConnectivityService:  network has: NetworkAgentInfo{ ni{[type: WIFI[] - WIFI, state: CONNECTED/CONNECTED, reason: (unspecified), extra: "DataStructures", roaming: false, failover: false, isAvailable: true]}  network{510}  lp{{InterfaceName: wlan0 LinkAddresses: [fe80::ee9b:f3ff:fe73:43e9/64,192.168.0.174/24,]  Routes: [fe80::/64 -> :: wlan0,192.168.0.0/24 -> 0.0.0.0 wlan0,0.0.0.0/0 -> 192.168.0.1 wlan0,] DnsAddresses: [192.168.0.1,] Domains:  MTU: 0 TcpBufferSizes: 524288,1048576,4525824,524288,1048576,4525824}}  nc{[ Transports: WIFI Capabilities: INTERNET&NOT_RESTRICTED&TRUSTED&NOT_VPN&VALIDATED LinkUpBandwidth>=1048576Kbps LinkDnBandwidth>=1048576Kbps SignalStrength: -33]}  Score{60}  everValidated{true}  lastValidated{true}  created{true} lingering{false} explicitlySelected{false} acceptUnvalidated{false} everCaptivePortalDetected{false} lastCaptivePortalDetected{false} }
03-24 14:52:16.771  3670  4029 D ConnectivityService:   checking if request is: NetworkRequest [ id=267, legacyType=-1, [ Capabilities: INTERNET&NOT_RESTRICTED&TRUSTED] ] satisfies: true nri.isRequest: false
03-24 14:52:16.771  3670  4029 D ConnectivityService:   checking if request is: NetworkRequest [ id=5, legacyType=-1, [ Transports: WIFI Capabilities: INTERNET&NOT_RESTRICTED&TRUSTED&NOT_VPN] ] satisfies: true nri.isRequest: false
03-24 14:52:16.771  3670  4029 D ConnectivityService: Network NetworkAgentInfo [WIFI () - 510] was already satisfying request 1. No change.
03-24 14:52:16.771  3670  4029 D ConnectivityService:   checking if request is: NetworkRequest [ id=3, legacyType=-1, [] ] satisfies: true nri.isRequest: false
03-24 14:52:16.771  3670  4029 D ConnectivityService:   checking if request is: NetworkRequest [ id=4, legacyType=-1, [ Transports: CELLULAR Capabilities: INTERNET&NOT_RESTRICTED&TRUSTED&NOT_VPN] ] satisfies: false nri.isRequest: false
03-24 14:52:16.771  3670  4029 D ConnectivityService:   checking if request is: NetworkRequest [ id=269, legacyType=-1, [ Capabilities: INTERNET&NOT_RESTRICTED&TRUSTED] ] satisfies: true nri.isRequest: false
03-24 14:52:16.771  3670  4029 D ConnectivityService:   checking if request is: NetworkRequest [ id=270, legacyType=-1, [ Capabilities: INTERNET&NOT_RESTRICTED&TRUSTED] ] satisfies: true nri.isRequest: false
03-24 14:52:16.771  3670  4029 D ConnectivityService: sending notification AVAILABLE for NetworkRequest [ id=270, legacyType=-1, [ Capabilities: INTERNET&NOT_RESTRICTED&TRUSTED] ]
03-24 14:52:16.791  3025  3025 I SurfaceFlinger: id=560 createSurf (1440x2464),4 flag=404, TurfaceView
03-24 14:52:16.791  3670  4550 V WindowStateAnimator: Finishing drawing window Window{4d30afb u0 d0 SurfaceView}: mDrawState=DRAW_PENDING
03-24 14:52:16.791 15460 15473 I cr_LibraryLoader:  Loading chrome from within /data/app/com.android.chrome-2/base.apk
03-24 14:52:16.801 15316 15316 I cr_ContextualSearch: Tap suppression enabled: false
03-24 14:52:16.801 15316 15316 I cr_ContextualSearch: Consructing ContextualSearchRankerLoggerImpl, enabled: true
03-24 14:52:16.801 14144 14588 I Icing   : doRemovePackageData com.android.chrome
03-24 14:52:16.801 14144 14588 I Icing   : Removing corpus key com.android.chrome-omnibox for package com.android.chrome
03-24 14:52:16.801  3670  4946 V WindowStateAnimator: Finishing drawing window Window{4d30afb u0 d0 SurfaceView}: mDrawState=HAS_DRAWN
03-24 14:52:16.811  3670  4407 V AlarmManager:  remove PendingIntent] PendingIntent{cfaf08d: PendingIntentRecord{e30a718 com.google.android.gms broadcastIntent}}
03-24 14:52:16.821 15460 15473 I cr_LibraryLoader: Time to load native libraries: 28 ms (timestamps 7725-7753)
03-24 14:52:16.821 15460 15473 I chromium: [INFO:library_loader_hooks.cc(42)] Chromium logging enabled: level = 0, default verbosity = 0
03-24 14:52:16.821 15460 15473 I cr_LibraryLoader: Expected native library version number "72.0.3626.105", actual native library version number "72.0.3626.105"
03-24 14:52:16.821 15460 15473 W ResourcesManager: getTopLevelResources: /data/app/com.android.chrome-2/base.apk / 1.0 running in com.android.chrome rsrc of package com.android.chrome
03-24 14:52:16.821  3670  3931 V AlarmManager:  remove PendingIntent] PendingIntent{6319242: PendingIntentRecord{e30a718 com.google.android.gms broadcastIntent}}
03-24 14:52:16.831 15460 15473 E libEGL  : validate_display:255 error 3008 (EGL_BAD_DISPLAY)
03-24 14:52:16.861 15460 15473 D libEGL  : loaded /vendor/lib/egl/libGLES_mali.so
03-24 14:52:16.861  3670  3670 D CustomFrequencyManagerService: releaseDVFSLockLocked : Getting Lock type frm List : DVFS_MIN_LIMIT  frequency : 1800000  uid : 1000  pid : 3670  tag : ACTIVITY_RESUME_BOOSTER@9
03-24 14:52:16.871 14144 14588 I Icing   : updateResources: need to parse abiz{com.android.chrome}
03-24 14:52:16.871 14144 14588 W ResourcesManager: getTopLevelResources: /data/app/com.android.chrome-2/base.apk / 1.0 running in com.google.android.gms rsrc of package com.android.chrome
03-24 14:52:16.871 14144 14588 D ResourcesManager: For user 0 new overlays fetched Null
03-24 14:52:16.871 14144 14588 W ResourcesManager: getTopLevelResources: /data/app/com.android.chrome-2/base.apk / 1.0 running in com.google.android.gms rsrc of package com.android.chrome
03-24 14:52:16.871 14144 14588 W ResourcesManager: getTopLevelResources: /data/app/com.android.chrome-2/base.apk / 1.0 running in com.google.android.gms rsrc of package com.android.chrome
03-24 14:52:16.881 15460 15473 D libEGL  : eglInitialize EGLDisplay = 0xf3abae0c
03-24 14:52:16.881 15460 15473 D         : ro.exynos.dss isEnabled: 0
03-24 14:52:16.911 15460 15473 W AudioCapabilities: Unsupported mime audio/mpeg-L1
03-24 14:52:16.911 15460 15473 W AudioCapabilities: Unsupported mime audio/mpeg-L2
03-24 14:52:16.911 15460 15473 W AudioCapabilities: Unsupported mime audio/x-ms-wma
03-24 14:52:16.921 15460 15473 W AudioCapabilities: Unsupported mime audio/x-ima
03-24 14:52:16.921 15460 15473 W VideoCapabilities: Unrecognized profile/level 32768/2 for video/mp4v-es
03-24 14:52:16.921 14144 14588 I Icing   : Indexing com.android.chrome-omnibox from com.android.chrome
03-24 14:52:16.921 15460 15473 W VideoCapabilities: Unrecognized profile 2130706433 for video/avc
03-24 14:52:16.921 15460 15473 W VideoCapabilities: Unrecognized profile 2130706433 for video/avc
03-24 14:52:16.921 15460 15473 W VideoCapabilities: Unrecognized profile 2130706433 for video/avc
03-24 14:52:16.921 15460 15473 W VideoCapabilities: Unrecognized profile 2130706433 for video/avc
03-24 14:52:16.921 15460 15473 W VideoCapabilities: Unrecognized profile 2130706433 for video/avc
03-24 14:52:16.921 15460 15473 W VideoCapabilities: Unrecognized profile 2130706433 for video/avc
03-24 14:52:16.921 15460 15473 W VideoCapabilities: Unrecognized profile 2130706433 for video/avc
03-24 14:52:16.921 15460 15473 W VideoCapabilities: Unrecognized profile 2130706433 for video/avc
03-24 14:52:16.921 15460 15473 W VideoCapabilities: Unrecognized profile 2130706433 for video/avc
03-24 14:52:16.921 15460 15473 W VideoCapabilities: Unrecognized profile 2130706433 for video/avc
03-24 14:52:16.921 15460 15473 W VideoCapabilities: Unrecognized profile 2130706433 for video/avc
03-24 14:52:16.921 15460 15473 W VideoCapabilities: Unrecognized profile 2130706433 for video/avc
03-24 14:52:16.921 15460 15473 W VideoCapabilities: Unrecognized profile 2130706433 for video/avc
03-24 14:52:16.921 15460 15473 W VideoCapabilities: Unrecognized profile 2130706433 for video/avc
03-24 14:52:16.921 15460 15473 W VideoCapabilities: Unrecognized profile 2130706433 for video/avc
03-24 14:52:16.921 15460 15473 W VideoCapabilities: Unrecognized profile 2130706433 for video/avc
03-24 14:52:16.921 15460 15473 W VideoCapabilities: Unrecognized profile 2130706434 for video/avc
03-24 14:52:16.921 15460 15473 W VideoCapabilities: Unrecognized profile 2130706434 for video/avc
03-24 14:52:16.921 15460 15473 W VideoCapabilities: Unrecognized profile 2130706434 for video/avc
03-24 14:52:16.921 15460 15473 W VideoCapabilities: Unrecognized profile 2130706434 for video/avc
03-24 14:52:16.921 15460 15473 W VideoCapabilities: Unrecognized profile 2130706434 for video/avc
03-24 14:52:16.921 15460 15473 W VideoCapabilities: Unrecognized profile 2130706434 for video/avc
03-24 14:52:16.921 15460 15473 W VideoCapabilities: Unrecognized profile 2130706434 for video/avc
03-24 14:52:16.921 15460 15473 W VideoCapabilities: Unrecognized profile 2130706434 for video/avc
03-24 14:52:16.921 15460 15473 W VideoCapabilities: Unrecognized profile 2130706434 for video/avc
03-24 14:52:16.921 15460 15473 W VideoCapabilities: Unrecognized profile 2130706434 for video/avc
03-24 14:52:16.921 15460 15473 W VideoCapabilities: Unrecognized profile 2130706434 for video/avc
03-24 14:52:16.921 15460 15473 W VideoCapabilities: Unrecognized profile 2130706434 for video/avc
03-24 14:52:16.921 15460 15473 W VideoCapabilities: Unrecognized profile 2130706434 for video/avc
03-24 14:52:16.921 15460 15473 W VideoCapabilities: Unrecognized profile 2130706434 for video/avc
03-24 14:52:16.921 15460 15473 W VideoCapabilities: Unrecognized profile 2130706434 for video/avc
03-24 14:52:16.921 15460 15473 W VideoCapabilities: Unrecognized profile 2130706434 for video/avc
03-24 14:52:16.921 15460 15473 W VideoCapabilities: Unrecognized profile 2130706433 for video/avc
03-24 14:52:16.921 15460 15473 W VideoCapabilities: Unrecognized profile 2130706433 for video/avc
03-24 14:52:16.921 15460 15473 W VideoCapabilities: Unrecognized profile 2130706433 for video/avc
03-24 14:52:16.921 15460 15473 W VideoCapabilities: Unrecognized profile 2130706433 for video/avc
03-24 14:52:16.921 15460 15473 W VideoCapabilities: Unrecognized profile 2130706433 for video/avc
03-24 14:52:16.921 15460 15473 W VideoCapabilities: Unrecognized profile 2130706433 for video/avc
03-24 14:52:16.921 15460 15473 W VideoCapabilities: Unrecognized profile 2130706433 for video/avc
03-24 14:52:16.921 15460 15473 W VideoCapabilities: Unrecognized profile 2130706433 for video/avc
03-24 14:52:16.921 15460 15473 W VideoCapabilities: Unrecognized profile 2130706433 for video/avc
03-24 14:52:16.921 15460 15473 W VideoCapabilities: Unrecognized profile 2130706433 for video/avc
03-24 14:52:16.921 15460 15473 W VideoCapabilities: Unrecognized profile 2130706433 for video/avc
03-24 14:52:16.921 15460 15473 W VideoCapabilities: Unrecognized profile 2130706433 for video/avc
03-24 14:52:16.921 15460 15473 W VideoCapabilities: Unrecognized profile 2130706433 for video/avc
03-24 14:52:16.921 15460 15473 W VideoCapabilities: Unrecognized profile 2130706433 for video/avc
03-24 14:52:16.921 15460 15473 W VideoCapabilities: Unrecognized profile 2130706433 for video/avc
03-24 14:52:16.921 15460 15473 W VideoCapabilities: Unrecognized profile 2130706433 for video/avc
03-24 14:52:16.921 15460 15473 W VideoCapabilities: Unrecognized profile 2130706434 for video/avc
03-24 14:52:16.921 15460 15473 W VideoCapabilities: Unrecognized profile 2130706434 for video/avc
03-24 14:52:16.921 15460 15473 W VideoCapabilities: Unrecognized profile 2130706434 for video/avc
03-24 14:52:16.921 15460 15473 W VideoCapabilities: Unrecognized profile 2130706434 for video/avc
03-24 14:52:16.921 15460 15473 W VideoCapabilities: Unrecognized profile 2130706434 for video/avc
03-24 14:52:16.921 15460 15473 W VideoCapabilities: Unrecognized profile 2130706434 for video/avc
03-24 14:52:16.921 15460 15473 W VideoCapabilities: Unrecognized profile 2130706434 for video/avc
03-24 14:52:16.921 15460 15473 W VideoCapabilities: Unrecognized profile 2130706434 for video/avc
03-24 14:52:16.921 15460 15473 W VideoCapabilities: Unrecognized profile 2130706434 for video/avc
03-24 14:52:16.921 15460 15473 W VideoCapabilities: Unrecognized profile 2130706434 for video/avc
03-24 14:52:16.921 15460 15473 W VideoCapabilities: Unrecognized profile 2130706434 for video/avc
03-24 14:52:16.921 15460 15473 W VideoCapabilities: Unrecognized profile 2130706434 for video/avc
03-24 14:52:16.921 15460 15473 W VideoCapabilities: Unrecognized profile 2130706434 for video/avc
03-24 14:52:16.921 15460 15473 W VideoCapabilities: Unrecognized profile 2130706434 for video/avc
03-24 14:52:16.921 15460 15473 W VideoCapabilities: Unrecognized profile 2130706434 for video/avc
03-24 14:52:16.921 15460 15473 W VideoCapabilities: Unrecognized profile 2130706434 for video/avc
03-24 14:52:16.931 15460 15473 W VideoCapabilities: Unsupported mime video/wvc1
03-24 14:52:16.931 15460 15473 W VideoCapabilities: Unsupported mime video/x-ms-wmv
03-24 14:52:16.931 15460 15473 W VideoCapabilities: Unrecognized profile/level 32768/2 for video/mp4v-es
03-24 14:52:16.931 15460 15473 W VideoCapabilities: Unsupported mime video/wvc1
03-24 14:52:16.931 15460 15473 W VideoCapabilities: Unsupported mime video/x-ms-wmv
03-24 14:52:16.931 15460 15473 W VideoCapabilities: Unsupported mime video/x-ms-wmv7
03-24 14:52:16.931 15460 15473 W VideoCapabilities: Unsupported mime video/x-ms-wmv8
03-24 14:52:16.931 15460 15473 W VideoCapabilities: Unsupported mime video/mp43
03-24 14:52:16.931 15460 15473 W VideoCapabilities: Unrecognized profile 2130706433 for video/avc
03-24 14:52:16.931 15460 15473 W VideoCapabilities: Unrecognized profile 2130706433 for video/avc
03-24 14:52:16.931 15460 15473 W VideoCapabilities: Unrecognized profile 2130706433 for video/avc
03-24 14:52:16.931 15460 15473 W VideoCapabilities: Unrecognized profile 2130706433 for video/avc
03-24 14:52:16.931 15460 15473 W VideoCapabilities: Unrecognized profile 2130706433 for video/avc
03-24 14:52:16.931 15460 15473 W VideoCapabilities: Unrecognized profile 2130706433 for video/avc
03-24 14:52:16.931 15460 15473 W VideoCapabilities: Unrecognized profile 2130706433 for video/avc
03-24 14:52:16.931 15460 15473 W VideoCapabilities: Unrecognized profile 2130706433 for video/avc
03-24 14:52:16.931 15460 15473 W VideoCapabilities: Unrecognized profile 2130706433 for video/avc
03-24 14:52:16.931 15460 15473 W VideoCapabilities: Unrecognized profile 2130706433 for video/avc
03-24 14:52:16.931 15460 15473 W VideoCapabilities: Unrecognized profile 2130706433 for video/avc
03-24 14:52:16.931 15460 15473 W VideoCapabilities: Unrecognized profile 2130706433 for video/avc
03-24 14:52:16.931 15460 15473 W VideoCapabilities: Unrecognized profile 2130706433 for video/avc
03-24 14:52:16.931 15460 15473 W VideoCapabilities: Unrecognized profile 2130706433 for video/avc
03-24 14:52:16.931 15460 15473 W VideoCapabilities: Unrecognized profile 2130706433 for video/avc
03-24 14:52:16.931 15460 15473 W VideoCapabilities: Unrecognized profile 2130706433 for video/avc
03-24 14:52:16.931 15460 15473 W VideoCapabilities: Unrecognized profile 2130706434 for video/avc
03-24 14:52:16.931 15460 15473 W VideoCapabilities: Unrecognized profile 2130706434 for video/avc
03-24 14:52:16.931 15460 15473 W VideoCapabilities: Unrecognized profile 2130706434 for video/avc
03-24 14:52:16.931 15460 15473 W VideoCapabilities: Unrecognized profile 2130706434 for video/avc
03-24 14:52:16.931 15460 15473 W VideoCapabilities: Unrecognized profile 2130706434 for video/avc
03-24 14:52:16.931 15460 15473 W VideoCapabilities: Unrecognized profile 2130706434 for video/avc
03-24 14:52:16.931 15460 15473 W VideoCapabilities: Unrecognized profile 2130706434 for video/avc
03-24 14:52:16.931 15460 15473 W VideoCapabilities: Unrecognized profile 2130706434 for video/avc
03-24 14:52:16.931 15460 15473 W VideoCapabilities: Unrecognized profile 2130706434 for video/avc
03-24 14:52:16.931 15460 15473 W VideoCapabilities: Unrecognized profile 2130706434 for video/avc
03-24 14:52:16.931 15460 15473 W VideoCapabilities: Unrecognized profile 2130706434 for video/avc
03-24 14:52:16.931 15460 15473 W VideoCapabilities: Unrecognized profile 2130706434 for video/avc
03-24 14:52:16.931 15460 15473 W VideoCapabilities: Unrecognized profile 2130706434 for video/avc
03-24 14:52:16.931 15460 15473 W VideoCapabilities: Unrecognized profile 2130706434 for video/avc
03-24 14:52:16.931 15460 15473 W VideoCapabilities: Unrecognized profile 2130706434 for video/avc
03-24 14:52:16.931 15460 15473 W VideoCapabilities: Unrecognized profile 2130706434 for video/avc
03-24 14:52:16.941 15460 15473 W VideoCapabilities: Unrecognized profile/level 32768/2 for video/mp4v-es
03-24 14:52:16.941 14144 14588 I Icing   : Indexing done com.android.chrome-omnibox
03-24 14:52:16.941  3670  4552 I PersonaManager: mKnoxInfo is empty
03-24 14:52:16.951 15460 15473 I VideoCapabilities: Unsupported profile 4 for video/mp4v-es
03-24 14:52:16.961 15316 15362 W art     : Verification of void q.d() took 210.313ms
03-24 14:52:16.961 15460 15473 W VideoCapabilities: Unsupported mime video/sorenson
03-24 14:52:16.961  3670  4550 I PersonaManager: mKnoxInfo is empty
03-24 14:52:16.961 15316 15362 W cr_tabmodel: Starting to perform legacy migration.
03-24 14:52:16.961 15316 15362 W cr_tabmodel: Finished performing legacy migration.
03-24 14:52:16.961 15316 15362 W cr_tabmodel: Starting to perform multi-instance migration.
03-24 14:52:16.961 15316 15362 W cr_tabmodel: Finished performing multi-instance migration.
03-24 14:52:16.961 15316 15362 I cr_tabmodel: Starting to fetch tab list for tab_state0
03-24 14:52:16.971 15316 15362 I cr_tabmodel: State file does not exist.
03-24 14:52:16.971 15316 15362 I cr_tabmodel: Starting to fetch tab list for tab_state_browser_actions
03-24 14:52:16.971 15316 15362 I cr_tabmodel: State file does not exist.
03-24 14:52:16.971  3670  3931 D SecContentProvider: query(), uri = 2 selection = isAuditLogEnabled
03-24 14:52:16.971  3670  4016 D SecContentProvider: query(), uri = 5 selection = getAutoFillSetting
03-24 14:52:16.971  3670  4952 D SecContentProvider: query(), uri = 5 selection = getCookiesSetting
03-24 14:52:16.971  3670  4947 D SecContentProvider: query(), uri = 5 selection = getHttpProxy
03-24 14:52:16.971  3670  4452 D SecContentProvider: query(), uri = 5 selection = getJavaScriptSetting
03-24 14:52:16.971  3670  3698 D SecContentProvider: query(), uri = 5 selection = getPopupsSetting
03-24 14:52:16.971  3670  3697 D SecContentProvider: query(), uri = 22 selection = isAuthenticationEnabled
03-24 14:52:16.971 15460 15473 D mali_winsys: new_window_surface returns 0x3000,  [1440x2464]-format:1
03-24 14:52:16.971 15460 15473 D         : ro.exynos.dss isEnabled: 0
03-24 14:52:16.971  3670  4421 D SecContentProvider: query(), uri = 10 selection = getURLFilterList
03-24 14:52:16.971  3670  4550 D SecContentProvider: query(), uri = 10 selection = getURLFilterEnabled
03-24 14:52:16.981  3670  4409 D SecContentProvider: query(), uri = 10 selection = getURLFilterReportEnabled
03-24 14:52:16.981  3670  4143 D SecContentProvider: query(), uri = 2 selection = isAuditLogEnabled
03-24 14:52:16.981 15460 15473 D libGLESv2: DTS_GLAPI : DTS is not allowed for Package : com.android.chrome:privileged_process0
03-24 14:52:16.981  3670  4524 D SecContentProvider: query(), uri = 5 selection = getAutoFillSetting
03-24 14:52:16.981  3670  4946 D SecContentProvider: query(), uri = 5 selection = getCookiesSetting
03-24 14:52:16.981  3670  4552 D SecContentProvider: query(), uri = 5 selection = getHttpProxy
03-24 14:52:16.981  3670  3931 D SecContentProvider: query(), uri = 5 selection = getJavaScriptSetting
03-24 14:52:16.981  3670  4454 D SecContentProvider: query(), uri = 5 selection = getPopupsSetting
03-24 14:52:16.981 15316 15316 I cr_SnippetsLauncher: Scheduling: 172800 172800
03-24 14:52:16.991  3670  4407 D SecContentProvider: query(), uri = 22 selection = isAuthenticationEnabled
03-24 14:52:16.991  3670  3682 I art     : Background partial concurrent mark sweep GC freed 42427(2MB) AllocSpace objects, 5(100KB) LOS objects, 27% free, 42MB/58MB, paused 1.586ms total 128.438ms
03-24 14:52:16.991  3670  4016 D SecContentProvider: query(), uri = 10 selection = getURLFilterList
03-24 14:52:16.991  3670  3697 D SecContentProvider: query(), uri = 10 selection = getURLFilterEnabled
03-24 14:52:16.991  3670  4946 D SecContentProvider: query(), uri = 10 selection = getURLFilterReportEnabled
03-24 14:52:16.991  3670  4283 E Watchdog: !@Sync 2344 [03-24 14:52:17.001]
03-24 14:52:16.991  3670  3796 V BroadcastQueue: [background] Process cur broadcast BroadcastRecord{eb79253 u0 com.google.android.gms.gcm.ACTION_SCHEDULE qIdx=4}, state= (APP_RECEIVE) DELIVERED for app ProcessRecord{49f3f4c 4932:com.google.android.gms.persistent/u0a15}
03-24 14:52:17.001  3670  3796 V BroadcastQueue: [background] Process cur broadcast BroadcastRecord{1f0c790 u0 com.google.android.gms.gcm.ACTION_SCHEDULE qIdx=4}, state= (APP_RECEIVE) DELIVERED for app ProcessRecord{49f3f4c 4932:com.google.android.gms.persistent/u0a15}
03-24 14:52:17.011  4183  4183 D Recents : onTaskStackChanged
03-24 14:52:17.011  3670  3698 I PersonaManager: mKnoxInfo is empty
03-24 14:52:17.011  3670  3931 I PersonaManager: mKnoxInfo is empty
03-24 14:52:17.011  4932  4932 W ChimeraUtils: Non Chimera context
03-24 14:52:17.021 15495 15495 E Zygote  : v2
03-24 14:52:17.021 15495 15495 I libpersona: KNOX_SDCARD checking this for 10018
03-24 14:52:17.021 15495 15495 I libpersona: KNOX_SDCARD not a persona
03-24 14:52:17.021 15495 15495 W SELinux : Function: selinux_compare_spd_ram, index[1], priority [2], priority version is VE=SEPF_SECMOBILE_6.0.1_0003
03-24 14:52:17.021 15495 15495 E Zygote  : accessInfo : 0
03-24 14:52:17.021 15495 15495 W SELinux : SELinux: seapp_context_lookup: seinfo=untrusted, level=s0:c512,c768, pkgname=com.google.android.partnersetup 
03-24 14:52:17.021  3670  4143 I ActivityManager: Start proc 15495:com.google.android.partnersetup/u0a18 for content provider com.google.android.partnersetup/.RlzAppProvider
03-24 14:52:17.021  3670  4952 D PackageManager: getComponentMetadataForIconTray : com.example.myapplication.MainActivity does not exist in mServices
03-24 14:52:17.021  3670  4952 D PackageManager: getComponentMetadataForIconTray : com.example.myapplication.MainActivity does not exist in mProviders
03-24 14:52:17.021  3670  4952 D PackageManager: getComponentMetadataForIconTray : com.example.myapplication.MainActivity does not exist in mReceivers
03-24 14:52:17.021  4183  4183 I ApplicationPackageManager: load=com.example.myapplication, bg=192-192, dr=192-192
03-24 14:52:17.031  4183  4183 I ApplicationPackageManager: scaled rate=1.0429629, size=192, alpha=15, hold=26, target=192
03-24 14:52:17.041  3670  4019 D NetworkPolicy: isUidForegroundLocked: 10018, mScreenOn: true, uidstate: 2, mProxSensorScreenOff: false
03-24 14:52:17.041 15495 15495 W ResourcesManager: getTopLevelResources: /system/priv-app/GooglePartnerSetup/GooglePartnerSetup.apk / 1.0 running in com.google.android.partnersetup rsrc of package com.google.android.partnersetup
03-24 14:52:17.041  3670  4016 I InjectionManagerService -AppFeature: getCoreFeaturePkgList :[]
03-24 14:52:17.041 15495 15495 I InjectionManager: Inside getClassLibPath + mLibMap{0=, 1=}
03-24 14:52:17.051 15495 15495 D ResourcesManager: For user 0 new overlays fetched Null
03-24 14:52:17.051 15495 15495 I InjectionManager: Inside getClassLibPath caller 
03-24 14:52:17.061 15495 15495 W System  : ClassLoader referenced unknown path: /system/priv-app/GooglePartnerSetup/lib/arm64
03-24 14:52:17.061 15316 15316 D TextView: setTypeface with style : 0
03-24 14:52:17.071 15495 15495 D InjectionManager: InjectionManager
03-24 14:52:17.071 15495 15495 D InjectionManager: fillFeatureStoreMap com.google.android.partnersetup
03-24 14:52:17.071 15495 15495 I InjectionManager: Constructor com.google.android.partnersetup, Feature store :{}
03-24 14:52:17.071 15495 15495 I InjectionManager: featureStore :{}
03-24 14:52:17.111  3670  4452 I PersonaManager: mKnoxInfo is empty
03-24 14:52:17.141  3670  4016 I PersonaManager: mKnoxInfo is empty
03-24 14:52:17.141 15385 15437 I cr_LibraryLoader:  Loading chrome from within /data/app/com.android.chrome-2/base.apk
03-24 14:52:17.151  3670  4552 I PersonaManager: mKnoxInfo is empty
03-24 14:52:17.161  3670  4452 I PersonaManager: mKnoxInfo is empty
03-24 14:52:17.171 15385 15437 I cr_LibraryLoader: Time to load native libraries: 30 ms (timestamps 8076-8106)
03-24 14:52:17.171 15385 15437 I chromium: [INFO:library_loader_hooks.cc(42)] Chromium logging enabled: level = 0, default verbosity = 0
03-24 14:52:17.171 15385 15437 I cr_LibraryLoader: Expected native library version number "72.0.3626.105", actual native library version number "72.0.3626.105"
03-24 14:52:17.171  3670  4947 I PersonaManager: mKnoxInfo is empty
03-24 14:52:17.181 15385 15437 W ResourcesManager: getTopLevelResources: /data/app/com.android.chrome-2/base.apk / 1.0 running in com.android.chrome rsrc of package com.android.chrome
03-24 14:52:17.181 15512 15512 E Zygote  : v2
03-24 14:52:17.181 15512 15512 I libpersona: KNOX_SDCARD checking this for 99191
03-24 14:52:17.181 15512 15512 I libpersona: KNOX_SDCARD not a persona
03-24 14:52:17.181 15512 15512 W SELinux : Function: selinux_compare_spd_ram, index[1], priority [2], priority version is VE=SEPF_SECMOBILE_6.0.1_0003
03-24 14:52:17.181 15512 15512 E Zygote  : accessInfo : 0
03-24 14:52:17.181 15512 15512 W SELinux : SELinux: seapp_context_lookup: seinfo=chrome, level=s0:c512,c768, pkgname=com.android.chrome:sandboxed_process1 
03-24 14:52:17.181  3670  4947 I ActivityManager: Start proc 15512:com.android.chrome:sandboxed_process1/u0i191 for service com.android.chrome/org.chromium.content.app.SandboxedProcessService1
03-24 14:52:17.181  3670  4019 D NetworkPolicy: isUidForegroundLocked: 10018, mScreenOn: true, uidstate: 16, mProxSensorScreenOff: false
03-24 14:52:17.191  3670  4952 I PersonaManager: mKnoxInfo is empty
