03-24 15:42:38.721  3670  3884 D ViewRootImpl: #1 mView = com.android.internal.policy.PhoneWindow$DecorView{93d7aec V.E...... R.....ID 0,0-0,0}
03-24 15:42:38.721  3670  3884 D ISSUE_DEBUG: InputChannelName : b5d794a Starting org.mozilla.firefox
03-24 15:42:38.721  3047 31379 I OMXCodec: [OMX.google.vorbis.decoder] End Of Stream
03-24 15:42:38.721  3047  3047 I SoundExtractor: extract() reached EOS
03-24 15:42:38.721  3047  3047 I OMXCodec: [OMX.google.vorbis.decoder] stop mState=4
03-24 15:42:38.721  3047  3047 I OMXCodec: [OMX.google.vorbis.decoder] stop() sendCommand(306, OMX_CommandStateSet, OMX_StateIdle)
03-24 15:42:38.721  3047 31379 I OMXCodec: [OMX.google.vorbis.decoder] Now Idle. Component sends idle done Event 
03-24 15:42:38.721  3047  3047 I OMXCodec: [OMX.google.vorbis.decoder] stopOmxComponent_l() mstate = 1
03-24 15:42:38.721  3047  3047 I OggExtractor: OggSource::stop() mExtractor ref count = 1
03-24 15:42:38.721  3047  3047 I OggExtractor: OggSource::~OggSource() mExtractor !mStarted ref count = 1
03-24 15:42:38.721  3047  3047 I OggExtractor: ~OggSource --
03-24 15:42:38.721  3047  3047 I OggExtractor: ~OggExtractor ++
03-24 15:42:38.721  3047  3047 I OggExtractor: ~MyOggExtractor ++ 
03-24 15:42:38.721  3047  3047 I OggExtractor: ~MyOggExtractor --
03-24 15:42:38.721  3047  3047 I OggExtractor: ~OggExtractor --
03-24 15:42:38.721  3670  3670 D GameManagerService: NotifyRunnable. pkg: org.mozilla.firefox, type: 4, isMinimized: false, isTunableApp: false
03-24 15:42:38.731  3670  3796 V MARsPolicyManager: updatePackagesScore PackageInfo name -- org.mozilla.firefox
03-24 15:42:38.731  3025  3025 I SurfaceFlinger: id=849 createSurf (1x1),1 flag=404, girefox
03-24 15:42:38.751  3670  3884 D ViewRootImpl: MSG_RESIZED_REPORT: ci=Rect(0, 96 - 0, 0) vi=Rect(0, 96 - 0, 0) or=1
03-24 15:42:38.761  3670  3884 V WindowStateAnimator: Finishing drawing window Window{b5d794a u0 d0 Starting org.mozilla.firefox}: mDrawState=DRAW_PENDING
03-24 15:42:38.771  3670  3798 D StatusBarManagerService: manageDisableList userId=0 what=0x0 pkg=Window{b5d794a u0 d0 Starting org.mozilla.firefox}
03-24 15:42:38.771 31364 31364 W ResourcesManager: getTopLevelResources: /data/app/org.mozilla.firefox-1/base.apk / 1.0 running in org.mozilla.firefox rsrc of package org.mozilla.firefox
03-24 15:42:38.771 31364 31364 W ResourcesManager: getTopLevelResources: /data/app/org.mozilla.firefox-1/base.apk / 1.0 running in org.mozilla.firefox rsrc of package org.mozilla.firefox
03-24 15:42:38.771 31364 31381 V MediaPlayer: decode(22, 8764500, 5795)
03-24 15:42:38.781  3047  4578 D OggExtractor:  correct time not found. Let's use approximate value
03-24 15:42:38.781  3047  4578 I OggExtractor: OggSource::OggSource() mExtractor ref count = 4
03-24 15:42:38.781  3047  4578 I OMXCodec: Attempting to allocate OMX node 'OMX.google.vorbis.decoder'
03-24 15:42:38.781  3047  4578 I OMXCodec: Successfully allocated OMX node 'OMX.google.vorbis.decoder'
03-24 15:42:38.781  3047  4578 I OMXCodec: >>>UHQA initOutputFormat 16
03-24 15:42:38.781  3047  4578 I OMXCodec: [OMX.google.vorbis.decoder] OMXCodec::start mState=1
03-24 15:42:38.781  3047  4578 I OMXCodec: [OMX.google.vorbis.decoder] allocating 4 buffers of size 8192 on input port
03-24 15:42:38.781  3047  4578 I OMXCodec: [OMX.google.vorbis.decoder] allocating 4 buffers of size 32768 on output port
03-24 15:42:38.781  3047 31383 I OMXCodec: [OMX.google.vorbis.decoder] Now Idle. Component sends idle done Event 
03-24 15:42:38.781  3670  3697 I PersonaManager: mKnoxInfo is empty
03-24 15:42:38.781  3025  3025 D libEGL  : eglInitialize EGLDisplay = 0x7ff3f31d28
03-24 15:42:38.781  3047 31383 I OMXCodec: [OMX.google.vorbis.decoder] 0onCmdComplete  mState =  7
03-24 15:42:38.781  3047 31383 I OMXCodec: [OMX.google.vorbis.decoder] PORT_DISABLED(1)
03-24 15:42:38.781  3047 31383 I OMXCodec: >>>UHQA initOutputFormat 16
03-24 15:42:38.781  3047 31383 I OMXCodec: [OMX.google.vorbis.decoder] allocating 4 buffers of size 32768 on output port
03-24 15:42:38.781  3047 31383 I OMXCodec: [OMX.google.vorbis.decoder] End Of Stream
03-24 15:42:38.781  3047  4578 I SoundExtractor: extract() reached EOS
03-24 15:42:38.781  3047  4578 I OMXCodec: [OMX.google.vorbis.decoder] stop mState=4
03-24 15:42:38.781  3047  4578 I OMXCodec: [OMX.google.vorbis.decoder] stop() sendCommand(307, OMX_CommandStateSet, OMX_StateIdle)
03-24 15:42:38.781  3047 31383 I OMXCodec: [OMX.google.vorbis.decoder] Now Idle. Component sends idle done Event 
03-24 15:42:38.781  3047  4578 I OMXCodec: [OMX.google.vorbis.decoder] stopOmxComponent_l() mstate = 1
03-24 15:42:38.781  3047  4578 I OggExtractor: OggSource::stop() mExtractor ref count = 1
03-24 15:42:38.781  3047  4578 I OggExtractor: OggSource::~OggSource() mExtractor !mStarted ref count = 1
03-24 15:42:38.781  3047  4578 I OggExtractor: ~OggSource --
03-24 15:42:38.781  3047  4578 I OggExtractor: ~OggExtractor ++
03-24 15:42:38.781  3047  4578 I OggExtractor: ~MyOggExtractor ++ 
03-24 15:42:38.781  3047  4578 I OggExtractor: ~MyOggExtractor --
03-24 15:42:38.781  3047  4578 I OggExtractor: ~OggExtractor --
03-24 15:42:38.781 31364 31384 D GeckoSharedPrefs: Current version = 0, prefs version = 2
03-24 15:42:38.781 31364 31384 D GeckoSharedPrefs: Performing migration
03-24 15:42:38.791 31364 31384 D GeckoSharedPrefs: Migrating to version = 1
03-24 15:42:38.791 31364 31384 D GeckoSharedPrefs: Migrating from PreferenceManager
03-24 15:42:38.791 31364 31384 D GeckoSharedPrefs: Migrating to version = 2
03-24 15:42:38.791 31364 31384 D GeckoSharedPrefs: Migrating crash reporter settings
03-24 15:42:38.791 31364 31384 D GeckoSharedPrefs: All keys have been migrated
03-24 15:42:38.791 31364 31364 D GeckoScreenOrientation: updating to new orientation PORTRAIT_PRIMARY
03-24 15:42:38.801 31364 31389 W System.err: remove failed: ENOENT (No such file or directory) : /data/user/0/org.mozilla.firefox/shared_prefs/GeckoApp.xml.bak
03-24 15:42:38.801  3670  3796 V BroadcastQueue: [background] Process cur broadcast BroadcastRecord{dda3b84 u0 org.mozilla.gecko.STUMBLER_REGISTER_LOCAL_LISTENER qIdx=4}, state= (APP_RECEIVE) DELIVERED for app ProcessRecord{25bf6d 31364:org.mozilla.firefox/u0a117}
03-24 15:42:38.801 31364 31364 D GeckoThread: State changed to LAUNCHED
03-24 15:42:38.801 31364 31391 I GeckoThread: preparing to run Gecko
03-24 15:42:38.801 31364 31391 D GeckoThread: State changed to MOZGLUE_READY
03-24 15:42:38.801 31364 31391 W Settings: Setting animator_duration_scale has moved from android.provider.Settings.System to android.provider.Settings.Global, returning read-only global URI.
03-24 15:42:38.801 31364 31364 W art     : Before Android 4.1, method android.graphics.PorterDuffColorFilter android.support.graphics.drawable.VectorDrawableCompat.updateTintFilter(android.graphics.PorterDuffColorFilter, android.content.res.ColorStateList, android.graphics.PorterDuff$Mode) would have incorrectly overridden the package-private method in android.graphics.drawable.Drawable
03-24 15:42:38.801 31364 31389 W System.err: remove failed: ENOENT (No such file or directory) : /data/user/0/org.mozilla.firefox/shared_prefs/GeckoProfile-default.xml.bak
03-24 15:42:38.811 31364 31391 E GeckoLibLoad: Load sqlite start
03-24 15:42:38.811 31364 31389 W System.err: remove failed: ENOENT (No such file or directory) : /data/user/0/org.mozilla.firefox/shared_prefs/CrashReporter.xml.bak
03-24 15:42:38.811 31364 31389 W System.err: remove failed: ENOENT (No such file or directory) : /data/user/0/org.mozilla.firefox/shared_prefs/org.mozilla.firefox_preferences.xml.bak
03-24 15:42:38.821 31364 31391 W GeckoLinker: /data/app/org.mozilla.firefox-1/lib/arm/libnss3.so: Relocation to NULL @0x0012a97c for symbol "__cxa_type_match"
03-24 15:42:38.821 31364 31391 E GeckoLibLoad: Load sqlite done
03-24 15:42:38.821 31364 31391 E GeckoLibLoad: Load nss start
03-24 15:42:38.821 31364 31391 E GeckoLibLoad: Load nss done
03-24 15:42:38.831 31364 31391 E GeckoLibLoad: Loaded libs in 17.523292ms total, 10ms(30ms) user, 0ms(0ms) system, 0(0) faults
03-24 15:42:38.831 31364 31391 D GeckoThread: State changed to LIBS_READY
03-24 15:42:38.831 31364 31391 W GeckoThread: zerdatime 174387211 - runGecko
03-24 15:42:38.831 31364 31391 D GeckoProfile: Created new profile dir.
03-24 15:42:38.831 31364 31391 I GeckoProfile: Enqueuing profile init.
03-24 15:42:38.841 31364 31391 D GeckoProfile: Found profile dir.
03-24 15:42:38.841 31364 31391 D GeckoProfile: Attempting to write new client ID properties
03-24 15:42:38.841  3670  3931 D VoldConnector: SND -> {57 volume mkdirs /storage/emulated/0/Android/data/org.mozilla.firefox/files/Download/}
03-24 15:42:38.841  2999  3238 D VoldCmdListener: volume mkdirs /storage/emulated/0/Android/data/org.mozilla.firefox/files/Download/
03-24 15:42:38.841  2999  3238 D VoldCmdListener: CommandListener::runCommand() cmd:mkdirs
03-24 15:42:38.841  3670  4000 D VoldConnector: RCV <- {200 57 Command succeeded}
03-24 15:42:38.851  3037  3741 D EnterpriseController: netId is 0
03-24 15:42:38.851  3037  3741 D Netd    : getNetworkForDns: using netid 510 for uid 10117
03-24 15:42:38.881 31364 31364 D ClipboardExManager: no knox
03-24 15:42:38.891 31364 31391 I Gecko:DumpUtils: Fifo watcher disabled via pref.
03-24 15:42:38.911 31364 31364 D TextView: setTypeface with style : 0
03-24 15:42:38.921 31364 31364 D AbsListView: Get MotionRecognitionManager
03-24 15:42:38.921 31364 31364 E MotionRecognitionManager: mSContextService = android.hardware.scontext.ISContextService$Stub$Proxy@752716d
03-24 15:42:38.921 31364 31364 E MotionRecognitionManager: motionService = com.samsung.android.motion.IMotionRecognitionService$Stub$Proxy@3f7b1a2
03-24 15:42:38.921 31364 31364 E MotionRecognitionManager: motionService = com.samsung.android.motion.IMotionRecognitionService$Stub$Proxy@3f7b1a2
03-24 15:42:38.921  3670  4452 D MotionRecognitionService:  ssp status : true
03-24 15:42:38.951 31364 31384 E GeckoApp: An error occurred during restore, switching to backup file
03-24 15:42:38.951 31364 31384 E GeckoApp: org.mozilla.gecko.GeckoApp$SessionRestoreException: Could not read from session file
03-24 15:42:38.951 31364 31384 E GeckoApp: 	at org.mozilla.gecko.GeckoApp.restoreSessionTabs(GeckoApp.java:1673)
03-24 15:42:38.951 31364 31384 E GeckoApp: 	at org.mozilla.gecko.GeckoApp.access$200(GeckoApp.java:116)
03-24 15:42:38.951 31364 31384 E GeckoApp: 	at org.mozilla.gecko.GeckoApp$9.run(GeckoApp.java:1198)
03-24 15:42:38.951 31364 31384 E GeckoApp: 	at android.os.Handler.handleCallback(Handler.java:739)
03-24 15:42:38.951 31364 31384 E GeckoApp: 	at android.os.Handler.dispatchMessage(Handler.java:95)
03-24 15:42:38.951 31364 31384 E GeckoApp: 	at android.os.Looper.loop(Looper.java:158)
03-24 15:42:38.951 31364 31384 E GeckoApp: 	at org.mozilla.gecko.util.GeckoBackgroundThread.run(GeckoBackgroundThread.java:43)
03-24 15:42:38.951 31364 31406 W ActivityThread: ClassLoader.loadClass: The class loader returned by Thread.getContextClassLoader() may fail for processes that host multiple applications. You should explicitly specify a context class loader. For example: Thread.setContextClassLoader(getClass().getClassLoader());
03-24 15:42:38.951 31364 31384 E GeckoApp: An error occurred during restore
03-24 15:42:38.951 31364 31384 E GeckoApp: org.mozilla.gecko.GeckoApp$SessionRestoreException: Could not read from session file
03-24 15:42:38.951 31364 31384 E GeckoApp: 	at org.mozilla.gecko.GeckoApp.restoreSessionTabs(GeckoApp.java:1673)
03-24 15:42:38.951 31364 31384 E GeckoApp: 	at org.mozilla.gecko.GeckoApp.access$200(GeckoApp.java:116)
03-24 15:42:38.951 31364 31384 E GeckoApp: 	at org.mozilla.gecko.GeckoApp$9.run(GeckoApp.java:1216)
03-24 15:42:38.951 31364 31384 E GeckoApp: 	at android.os.Handler.handleCallback(Handler.java:739)
03-24 15:42:38.951 31364 31384 E GeckoApp: 	at android.os.Handler.dispatchMessage(Handler.java:95)
03-24 15:42:38.951 31364 31384 E GeckoApp: 	at android.os.Looper.loop(Looper.java:158)
03-24 15:42:38.951 31364 31384 E GeckoApp: 	at org.mozilla.gecko.util.GeckoBackgroundThread.run(GeckoBackgroundThread.java:43)
03-24 15:42:38.951 31364 31384 D GeckoSessInfo: Building SessionInformation from prefs: 0, 0, true, false
03-24 15:42:38.951 31364 31384 D GeckoApp: OS locale is en_GB, app locale is null
03-24 15:42:38.951 31364 31406 I System.out: (HTTPLog)-Static: isSBSettingEnabled false
03-24 15:42:38.951 31364 31406 I System.out: (HTTPLog)-Static: isSBSettingEnabled false
03-24 15:42:38.951  3037  3741 D EnterpriseController: netId is 0
03-24 15:42:38.951  3037  3741 D Netd    : getNetworkForDns: using netid 510 for uid 10117
03-24 15:42:38.961 31364 31391 D GeckoSysInfo: System memory: 2698MB.
03-24 15:42:38.961 31364 31391 D GeckoThread: State changed to JNI_READY
03-24 15:42:38.981 31364 31384 D GeckoDistribution: Custom distribution directory not found.
03-24 15:42:38.981 31364 31364 E NFC     : isAndroidBeamAllowed - Begin
03-24 15:42:38.981 31364 31364 I NFC     : showMsg is false
03-24 15:42:38.981  3670  3697 D SecContentProvider: query(), uri = 15 selection = isAndroidBeamAllowed
03-24 15:42:38.981 31364 31364 F Adjust  : PRODUCTION: Adjust is running in Production mode. Use this setting only for the build that you want to publish. Set the environment to `sandbox` if you want to test your app!
03-24 15:42:38.981 31364 31364 D Activity: performCreate Call Injection manager
03-24 15:42:38.981 31364 31384 D GeckoApplication: Running post-distribution task: bookmarks.
03-24 15:42:38.991 31364 31364 D GeckoNetworkManager: Incoming event start for state OffNoListeners -> OnNoListeners
03-24 15:42:38.991 31364 31364 D GeckoNetworkManager: New network state: UP, WIFI, WIFI
03-24 15:42:38.991 31364 31409 E ActivityThread: Failed to find provider info for com.facebook.katana.provider.AttributionIdProvider
03-24 15:42:38.991 31364 31409 W ResourcesManager: getTopLevelResources: /data/app/com.google.android.gms-1/base.apk / 1.0 running in org.mozilla.firefox rsrc of package com.google.android.gms
03-24 15:42:38.991 31364 31364 I InjectionManager: dispatchOnViewCreated > Target : org.mozilla.gecko.BrowserApp isFragment :false
03-24 15:42:39.001 31364 31409 D ResourcesManager: For user 0 new overlays fetched Null
03-24 15:42:39.001 31364 31364 D SecWifiDisplayUtil: Metadata value : SecSettings2
03-24 15:42:39.001 31364 31364 D ViewRootImpl: #1 mView = com.android.internal.policy.MultiPhoneWindow$MultiPhoneDecorView{b1e565a I.E...... R.....ID 0,0-0,0}
03-24 15:42:39.001 31364 31412 D OpenGLRenderer: Use EGL_SWAP_BEHAVIOR_PRESERVED: true
03-24 15:42:39.011  3670  4407 I PersonaManager: mKnoxInfo is empty
03-24 15:42:39.011  3670  4947 D ISSUE_DEBUG: InputChannelName : cc97d52 org.mozilla.firefox/org.mozilla.gecko.BrowserApp
03-24 15:42:39.021 31364 31415 D GeckoDLCCatalog: Loading from disk
03-24 15:42:39.021 31364 31415 D GeckoDLCCatalog: Catalog file does not exist: Starting with empty catalog.
03-24 15:42:39.021 31364 31415 D GeckoDLCCatalog: Loaded 0 elements
03-24 15:42:39.021 31364 31415 D DLCStudyAction: Studying catalog..
03-24 15:42:39.021 31364 31415 V DLCStudyAction: Done
03-24 15:42:39.021 31364 31415 V GeckoDLCCatalog: Not persisting: Catalog has not changed
03-24 15:42:39.021 31364 31364 D StumblerSafeReceiver: Registered local preference listener
03-24 15:42:39.031 31364 31364 D TelemetryUtils: StartUISession: firstrun.1
03-24 15:42:39.031 31364 31364 D MultiPhoneWindow: performUpdateVisibility, same visibility false
03-24 15:42:39.031 31364 31384 E SQLiteLog: (1) no such table: bookmarks
03-24 15:42:39.041 31364 31384 D GeckoLocalBrowserDB: No raw favicon resource found for bookmarkdefaults_title_aboutfirefox
03-24 15:42:39.041 31364 31384 E GeckoLocalBrowserDB: Failed to find favicon resource ID for bookmarkdefaults_title_aboutfirefox
03-24 15:42:39.041 31364 31384 D GeckoLocalBrowserDB: No raw favicon resource found for bookmarkdefaults_title_aboutfirefox
03-24 15:42:39.041 31364 31384 E GeckoLocalBrowserDB: Failed to find favicon resource ID for bookmarkdefaults_title_aboutfirefox
03-24 15:42:39.041  3025  3025 I SurfaceFlinger: id=850 createSurf (1x1),1 flag=4, CrowserApp
03-24 15:42:39.041  3670  3798 D StatusBarManagerService: manageDisableList userId=0 what=0x0 pkg=Window{cc97d52 u0 d0 org.mozilla.firefox/org.mozilla.gecko.BrowserApp}
03-24 15:42:39.041  4103  4103 D PhoneStatusBar: setSystemUiVisibility vis=a600 mask=ffffffff oldVal=8600 newVal=a600 diff=2000
03-24 15:42:39.051  3670  4524 D InputDispatcher: Focus entered window: 31364
03-24 15:42:39.051  3670  3884 D PointerIcon: setMouseIconStyle1 pointerType: 1001 iconType:101 flag:0 pid:3670 uid:1000
03-24 15:42:39.051  3670  3884 D PointerIcon: setMouseCustomIcon IconType is same.101
03-24 15:42:39.061 31364 31384 D GeckoApplication: Running post-distribution task: android preferences.
03-24 15:42:39.061  3670  4409 I PersonaManager: mKnoxInfo is empty
03-24 15:42:39.081 31364 31412 D libEGL  : loaded /vendor/lib/egl/libGLES_mali.so
03-24 15:42:39.091 31364 31412 D libEGL  : eglInitialize EGLDisplay = 0xd563f7c4
03-24 15:42:39.091 31364 31412 I OpenGLRenderer: Initialized EGL, version 1.4
03-24 15:42:39.091 31364 31412 D         : ro.exynos.dss isEnabled: 0
03-24 15:42:39.101 31364 31412 D mali_winsys: new_window_surface returns 0x3000,  [1440x2560]-format:1
03-24 15:42:39.101 31364 31384 I System.out: (HTTPLog)-Static: isSBSettingEnabled false
03-24 15:42:39.101 31364 31384 I System.out: (HTTPLog)-Static: isSBSettingEnabled false
03-24 15:42:39.101  3037  3741 D EnterpriseController: netId is 0
03-24 15:42:39.101  3037  3741 D Netd    : getNetworkForDns: using netid 510 for uid 10117
03-24 15:42:39.101 31364 31364 D GeckoToolbar: onTabChanged: SELECTED
03-24 15:42:39.111 31364 31364 D GeckoBrowserApp: BrowserApp.onTabChanged: 0: SELECTED
03-24 15:42:39.121 31364 31364 D GeckoToolbar: onTabChanged: RESTORED
03-24 15:42:39.131 31364 31432 W System.err: remove failed: ENOENT (No such file or directory) : /data/user/0/org.mozilla.firefox/cache/icons/journal.bkp
03-24 15:42:39.131  3025  3025 I SurfaceFlinger: id=851 createSurf (1440x2464),4 flag=404, TurfaceView
03-24 15:42:39.131 31364 31432 W System.err: remove failed: ENOENT (No such file or directory) : /data/user/0/org.mozilla.firefox/files/mozilla/chg3rsso.default/suggestedsites.json
03-24 15:42:39.131 31364 31432 D GeckoSuggestedSites: No cached sites, refreshing.
03-24 15:42:39.131 31364 31432 D GeckoSuggestedSites: Refreshing suggested sites from file
03-24 15:42:39.131 31364 31432 D GeckoSuggestedSites: Loading blacklisted suggested sites from SharedPreferences.
03-24 15:42:39.131 31364 31432 D GeckoSuggestedSites: Number of suggested sites: 8
03-24 15:42:39.131  3670  4524 V WindowStateAnimator: Finishing drawing window Window{ebb784d u0 d0 SurfaceView}: mDrawState=DRAW_PENDING
03-24 15:42:39.141 31364 31364 D GeckoBrowserApp: onLocaleReady: en_GB
03-24 15:42:39.141 31364 31364 D GeckoNetworkManager: Incoming event receivedUpdate for state OnNoListeners -> OnNoListeners
03-24 15:42:39.151 31364 31364 D GeckoNetworkManager: New network state: UP, WIFI, WIFI
03-24 15:42:39.161  3670  4452 I PersonaManager: mKnoxInfo is empty
03-24 15:42:39.161  3670  4409 V WindowStateAnimator: Finishing drawing window Window{ebb784d u0 d0 SurfaceView}: mDrawState=READY_TO_SHOW
03-24 15:42:39.171 31364 31412 D libGLESv1: DTS_GLAPI : DTS is not allowed for Package : org.mozilla.firefox
03-24 15:42:39.201  3670  4946 V WindowStateAnimator: Finishing drawing window Window{cc97d52 u0 d0 org.mozilla.firefox/org.mozilla.gecko.BrowserApp}: mDrawState=DRAW_PENDING
03-24 15:42:39.201 31364 31364 D ViewRootImpl: MSG_RESIZED_REPORT: ci=Rect(0, 96 - 0, 0) vi=Rect(0, 96 - 0, 0) or=1
03-24 15:42:39.211  3670  4947 I PersonaManager: mKnoxInfo is empty
03-24 15:42:39.211  3670  3697 D InputMethodManagerService: windowGainedFocus mCurrentFocusedUserId - 0 and mSecureKeypadEnabled-false
03-24 15:42:39.211  3670  3884 I ActivityManager: Displayed org.mozilla.firefox/org.mozilla.gecko.BrowserApp: +490ms (total +600ms)
03-24 15:42:39.211  3670  3884 D ViewRootImpl: #3 mView = null
03-24 15:42:39.211  3670  3697 W InputMethodManagerService: Got RemoteException sending setActive(false) notification to pid 30611 uid 10098
03-24 15:42:39.211  3025  3025 D libEGL  : eglInitialize EGLDisplay = 0x7ff3f31d28
03-24 15:42:39.221  7402  7402 D SamsungIME: IMPL finishInput
03-24 15:42:39.221  7402  7402 D SamsungIME: SwiftKeyWrapper writeDBdataToFileOnFinishInput
03-24 15:42:39.221  7402  7402 D SamsungIME: saveAndClear +
03-24 15:42:39.221  7402  7402 D SamsungIME: saveAndClear -
03-24 15:42:39.221 31364 31442 W System.err: remove failed: ENOENT (No such file or directory) : /data/user/0/org.mozilla.firefox/files/mozilla/chg3rsso.default/health.db
03-24 15:42:39.221 31364 31442 W System.err: remove failed: ENOENT (No such file or directory) : /data/user/0/org.mozilla.firefox/files/mozilla/chg3rsso.default/health.db-journal
03-24 15:42:39.221 31364 31442 W System.err: remove failed: ENOENT (No such file or directory) : /data/user/0/org.mozilla.firefox/files/mozilla/chg3rsso.default/health.db-shm
03-24 15:42:39.221 31364 31442 W System.err: remove failed: ENOENT (No such file or directory) : /data/user/0/org.mozilla.firefox/files/mozilla/chg3rsso.default/health.db-wal
03-24 15:42:39.221  7402  7402 D SamsungIME: onStartInput: No inputType, No imeOption, isInputViewShown = false, isExtractViewShown = false, isShowInputRequested = false, isConfigChanged = false
03-24 15:42:39.221 31364 31364 D TelemetryUtils: StartUISession: activitystream.1:newtab
03-24 15:42:39.251 31364 31364 D AbsListView: Get MotionRecognitionManager
03-24 15:42:39.261 31364 31364 D TextView: setTypeface with style : 0
03-24 15:42:39.261 31364 31364 D TextView: setTypeface with style : 0
03-24 15:42:39.261 31364 31364 D TextView: setTypeface with style : 0
03-24 15:42:39.261 31364 31364 D TextView: setTypeface with style : 0
03-24 15:42:39.271 31364 31364 D TelemetryUtils: StartUISession: homepanel.1:activity_stream
03-24 15:42:39.271 31364 31364 D GeckoToolbar: onTabChanged: FAVICON
03-24 15:42:39.271 31364 31364 D GeckoBrowserApp: BrowserApp.onTabChanged: 0: FAVICON
03-24 15:42:39.281  3670  3884 D CustomFrequencyManagerService: releaseDVFSLockLocked : Getting Lock type frm List : DVFS_MIN_LIMIT  frequency : 1800000  uid : 1000  pid : 3670  tag : ACTIVITY_RESUME_BOOSTER@3
03-24 15:42:39.281  3670  3884 D ActivityManager: mDVFSHelper.release()
03-24 15:42:39.281  3670  3884 I Timeline: Timeline: Activity_windows_visible id: ActivityRecord{32cd554 u0 org.mozilla.firefox/org.mozilla.gecko.BrowserApp t214} time:73370218
03-24 15:42:39.281  3670  3796 D CustomFrequencyManagerService: acquireDVFSLockLocked : type : DVFS_MIN_LIMIT  frequency : 1800000  uid : 1000  pid : 3670  pkgName : ACTIVITY_RESUME_BOOSTER@9
03-24 15:42:39.321  3670  4947 V WindowStateAnimator: Finishing drawing window Window{cc97d52 u0 d0 org.mozilla.firefox/org.mozilla.gecko.BrowserApp}: mDrawState=HAS_DRAWN
03-24 15:42:39.321 31364 31364 D GeckoNetworkManager: Incoming event enableNotifications for state OnNoListeners -> OnWithListeners
03-24 15:42:39.321 31364 31364 D GeckoNetworkManager: New network state: UP, WIFI, WIFI
03-24 15:42:39.331  7402  7402 D SamsungIME: IMPL finishInput
03-24 15:42:39.331  7402  7402 D SamsungIME: SwiftKeyWrapper writeDBdataToFileOnFinishInput
03-24 15:42:39.331  7402  7402 D SamsungIME: saveAndClear +
03-24 15:42:39.331  7402  7402 D SamsungIME: saveAndClear -
03-24 15:42:39.331  7402  7402 D SamsungIME: onStartInput: No inputType, No imeOption, isInputViewShown = false, isExtractViewShown = false, isShowInputRequested = false, isConfigChanged = false
03-24 15:42:39.331  3670  4947 I PersonaManager: mKnoxInfo is empty
03-24 15:42:39.331 31364 31364 W InputMethodManager: Ignoring onBind: cur seq=556, given seq=555
03-24 15:42:39.331  3025  3025 D libEGL  : eglInitialize EGLDisplay = 0x7ff3f31d28
03-24 15:42:39.341 31364 31364 D GeckoNetworkManager: Incoming event receivedUpdate for state OnWithListeners -> OnWithListeners
03-24 15:42:39.341 31364 31454 I System.out: (HTTPLog)-Static: isSBSettingEnabled false
03-24 15:42:39.341 31364 31454 I System.out: (HTTPLog)-Static: isSBSettingEnabled false
03-24 15:42:39.341 31364 31364 D GeckoNetworkManager: New network state: UP, WIFI, WIFI
03-24 15:42:39.341 31364 31364 I Timeline: Timeline: Activity_idle id: android.os.BinderProxy@84d7be9 time:73370274
03-24 15:42:39.341  3037  3741 D EnterpriseController: netId is 0
03-24 15:42:39.341  3037  3741 D Netd    : getNetworkForDns: using netid 510 for uid 10117
03-24 15:42:39.341 31364 31451 D GeckoSuggestedSites: Number of suggested sites: 8
03-24 15:42:39.351  3670  4019 D NetworkPolicy: isUidForegroundLocked: 10185, mScreenOn: true, uidstate: 13, mProxSensorScreenOff: false
03-24 15:42:39.361  3670  4550 I PersonaManager: mKnoxInfo is empty
03-24 15:42:39.381  3037  3741 D EnterpriseController: netId is 0
03-24 15:42:39.381  3037  3741 D Netd    : getNetworkForDns: using netid 510 for uid 10117
03-24 15:42:39.381  3670  4947 I PersonaManager: mKnoxInfo is empty
03-24 15:42:39.381  3025  3025 D libEGL  : eglInitialize EGLDisplay = 0x7ff3f31d28
03-24 15:42:39.391 31364 31432 W Settings: Setting airplane_mode_on has moved from android.provider.Settings.System to android.provider.Settings.Global, returning read-only value.
03-24 15:42:39.401 31364 31432 W ResourcesManager: getTopLevelResources: /data/app/org.mozilla.firefox-1/base.apk / 1.0 running in org.mozilla.firefox rsrc of package org.mozilla.firefox
03-24 15:42:39.401  3025  3732 I SurfaceFlinger: id=849 Removed girefox (8/10)
03-24 15:42:39.401  3025  4439 I SurfaceFlinger: id=849 Removed girefox (-2/10)
03-24 15:42:39.411 31364 31432 W ResourcesManager: getTopLevelResources: /data/app/org.mozilla.firefox-1/base.apk / 1.0 running in org.mozilla.firefox rsrc of package org.mozilla.firefox
03-24 15:42:39.411  7402  7402 D SamsungIME: IMPL finishInput
03-24 15:42:39.411  7402  7402 D SamsungIME: SwiftKeyWrapper writeDBdataToFileOnFinishInput
03-24 15:42:39.411  7402  7402 D SamsungIME: saveAndClear +
03-24 15:42:39.411  7402  7402 D SamsungIME: saveAndClear -
03-24 15:42:39.411  7402  7402 D SamsungIME: onStartInput: No inputType, No imeOption, isInputViewShown = false, isExtractViewShown = false, isShowInputRequested = false, isConfigChanged = false
03-24 15:42:39.411  3025  3025 D libEGL  : eglTerminate EGLDisplay = 0x7ff3f31e58
03-24 15:42:39.431 31364 31432 W ResourcesManager: getTopLevelResources: /data/app/org.mozilla.firefox-1/base.apk / 1.0 running in org.mozilla.firefox rsrc of package org.mozilla.firefox
03-24 15:42:39.431 31364 31432 W ResourcesManager: getTopLevelResources: /data/app/org.mozilla.firefox-1/base.apk / 1.0 running in org.mozilla.firefox rsrc of package org.mozilla.firefox
03-24 15:42:39.441 31364 31432 W ResourcesManager: getTopLevelResources: /data/app/org.mozilla.firefox-1/base.apk / 1.0 running in org.mozilla.firefox rsrc of package org.mozilla.firefox
03-24 15:42:39.581 31364 31391 D GeckoThread: State changed to PROFILE_READY
03-24 15:42:39.591  3670  3670 D CustomFrequencyManagerService: releaseDVFSLockLocked : Getting Lock type frm List : DVFS_MIN_LIMIT  frequency : 1800000  uid : 1000  pid : 3670  tag : ACTIVITY_RESUME_BOOSTER@9
03-24 15:42:39.611 31364 31391 W GeckoEventDispatcher: No listener for AndroidCastDevice:SyncDevice
03-24 15:42:39.611 31364 31391 I Gecko   : -*- nsDNSServiceDiscovery.js : nsDNSServiceDiscovery
03-24 15:42:39.641 31364 31391 I Gecko   : Attempting load of libEGL.so
03-24 15:42:39.641 31364 31391 D libEGL  : eglInitialize EGLDisplay = 0xde8fd5f4
03-24 15:42:39.641 31364 31391 D         : ro.exynos.dss isEnabled: 0
03-24 15:42:39.721 31364 31391 W ResourceType: Too many attribute references, stopped at: 0x01010099
03-24 15:42:39.721  6803  6803 D Recents : onTaskStackChanged
03-24 15:42:39.741  3670  4016 I PersonaManager: mKnoxInfo is empty
03-24 15:42:39.741  3670  4452 I PersonaManager: mKnoxInfo is empty
03-24 15:42:39.741 31364 31391 D SecWifiDisplayUtil: Metadata value : SecSettings2
03-24 15:42:39.741  3670  4016 D PackageManager: getComponentMetadataForIconTray : com.example.myapplication.MainActivity does not exist in mServices
03-24 15:42:39.741  3670  4016 D PackageManager: getComponentMetadataForIconTray : com.example.myapplication.MainActivity does not exist in mProviders
03-24 15:42:39.741  3670  4016 D PackageManager: getComponentMetadataForIconTray : com.example.myapplication.MainActivity does not exist in mReceivers
03-24 15:42:39.741  6803  6803 I ApplicationPackageManager: load=com.example.myapplication, bg=192-192, dr=192-192
03-24 15:42:39.751  6803  6803 I ApplicationPackageManager: scaled rate=1.0429629, size=192, alpha=15, hold=26, target=192
03-24 15:42:39.761 31364 31489 D         : ro.exynos.dss isEnabled: 0
03-24 15:42:39.771 31364 31489 D libGLESv2: DTS_GLAPI : DTS is not allowed for Package : org.mozilla.firefox
03-24 15:42:39.801 31364 31489 D mali_winsys: new_window_surface returns 0x3000,  [1440x2464]-format:2
03-24 15:42:39.941 31364 31406 D SwitchBoard: Result: {"data":[{"name":"leanplum-start","match":{"lang":"eng|zho|deu|fra|ita|ind|por|spa|pol|rus","appId":"^org.mozilla.firefox_beta$|^org.mozilla.firefox$","regions":[]},"schema":1523549592861,"buckets":{"max":"100","min":"0"},"description":"Enable Leanplum SDK - Bug 1351571 \nExpand English Users to more region - Bug 1411066\nEnable  50% eng|zho|deu globally for Leanplum. see https://bugzilla.mozilla.org/show_bug.cgi?id=1411066#c8","id":"12f8f0dc-6401-402e-9e7d-3aec52576b87","last_modified":1523549895713},{"name":"custom-tabs","match":{"regions":[]},"schema":1510207707840,"buckets":{"max":"100","min":"0"},"description":"Allows apps to open tabs in a customized UI.","id":"5e23b482-8800-47be-b6dc-1a3bb6e455d4","last_modified":1510211043874},{"name":"activity-stream-opt-out","match":{"appId":"^org.mozilla.fennec.*$","regions":[]},"schema":1498764179980,"buckets":{"max":"100","min":"0"},"description":"Enable Activity stream by default for users in the \"opt out\" group.","id":"7d504093-67c4-4afb-adf5-5ad23c7c1995","last_modified":1500969355986},{"name":"full-bookmark-management","match":{"appId":"^org.mozilla.fennec.*$"},"schema":1480618438089,"buckets":{"max":"100","min":"0"},"description":"Bug 1232439 - Show full-page edit bookmark dialog","id":"9ae1019b-9107-47c5-83f3-afa73360b020","last_modified":1498690258010},{"name":"top-addons-menu","match":{},"schema":1480618438089,"buckets":{"max":"100","min":"0"},"description":"Show addon menu item in top-level.","id":"46894232-177a-4cd1-b620-47c0b8e5e2aa","last_modified":1498599522440},{"name":"offline-cache","match":{"appId":"^org.mozilla.fennec|org.mozilla.firefox_beta"},"schema":1480618438089,"buckets":{"max":"100","min":"0"},"id":"5e4277e0-1029-ea14-1b74-5d25d301c5dc","last_modified":1497643056372},{"name":"process-background-telemetry","match":{},"schema":1480618438089,"buckets":{"max":"100","min":"0"},"description":"Gate flag for controlling if background telemetry processing (sync ping) is enabled or not.","id":"e6f9d217-3f43-478f-bff3-7829d7b9eeeb","last_modified":1496971360625},{"name":"activity-stream-setting","match":{"appId":"^org.mozilla.fennec.*$"},"schema":1480618438089,"buckets":{"max":"100","min":"0"},"description":"Show a setting in \"experimental features\" for enabling/disabling activity stream.","id":"7a022463-67fd-4ba3-8b06-a79d0c5e1fdc","last_modified":1496331790186},{"name":"activity-stream","match":{"appId":"^org.mozilla.fennec.*$"},"schema":1480618438089,"buckets":{"max":"100","min":"0"},"description":"Enable/Disable Activity Stream","id":"d4fd9cfb-4c8b-4963-b21e-1c2f4bcd61d6","last_modified":1496331773809},{"name":"download-content-catalog-sync","match":{"appId":""},"schema":1480618438089,"buckets":{"max":"100","min":"0"},"id":"4d2fa5c3-18b2-8734-49be-fe58993d2cf6","last_modified":1485853244635},{"name":"promote-add-to-homescreen","match":{"appId":"^org.mozilla.fennec.*$|^org.mozilla.firefox_beta$"},"schema":1480618438089,"values":{"minimumTotalVisits":5,"lastVisitMaximumAgeMs":600000,"lastVisitMinimumAgeMs":30000},"buckets":{"max":"100","min":"50"},"id":"1d05fa3e-095f-b29a-d9b6-ab3a578efd0b","last_modified":1482264639326},{"name":"triple-readerview-bookmark-prompt","match":{"appId":"^org.mozilla.fennec.*$|^org.mozilla.firefox_beta$"},"schema":1480618438089,"buckets":{"max":"100","min":"0"},"id":"02d7caa1-cd9e-6949-084c-18bc9d468b6b","last_modified":1482262302021},{"name":"compact-tabs","match":{},"schema":1480618438089,"buckets":{"max":"50","min":"0"},"description":"Arrange tabs in two columns in portrait mode (tabs tray)","id":"14fdc9f3-cf11-4bee-84f6-98495d08c61f","last_modified":1482242613284},{"name":"hls-video-playback","match":{},"schema":1467794476773,"buckets":{"max":"100","min":"0"},"id":"d9f9f124-a4d6-47db-a9f4-cf0d00915088","last_modified":1477907551487},{"name":"bookmark-history-menu","match":{},"buckets":{"max":"100","min":"0"},"id":"9a53ebfa-772d-d2d8-8307-f98943310360","last_modified":1467794477013},{"name":"content-notifications-12hrs","match":{},"buckets":{"max":"0","min":"0"},"id":"3e4cef10-3a87-3
03-24 15:42:39.941  3670  4407 I PersonaManager: mKnoxInfo is empty
03-24 15:42:39.951  3670  4407 D PackageManager: findPreferredActivity: We found 1 PreferredActivities set, but no match
03-24 15:42:39.951  3670  4407 I PackageManager: No preferred activity: intent should not be shown
03-24 15:42:39.951 31364 31389 W System.err: remove failed: ENOENT (No such file or directory) : /data/user/0/org.mozilla.firefox/shared_prefs/com.keepsafe.switchboard.settings.xml.bak
03-24 15:42:39.951 31364 31389 W System.err: remove failed: ENOENT (No such file or directory) : /data/user/0/org.mozilla.firefox/shared_prefs/com.keepsafe.switchboard.uuid.xml.bak
03-24 15:42:39.951 31364 31389 W System.err: remove failed: ENOENT (No such file or directory) : /data/user/0/org.mozilla.firefox/shared_prefs/org.mozilla.gecko.BrowserApp.xml.bak
03-24 15:42:39.961 31364 31391 D GeckoThread: State changed to RUNNING
03-24 15:42:39.961 31364 31391 I GeckoSession: zerdatime 174388341 - chrome startup finished
03-24 15:42:39.971  3670  4143 I PersonaManager: mKnoxInfo is empty
03-24 15:42:39.971  3670  4143 D PackageManager: findPreferredActivity: We found 1 PreferredActivities set, but no match
03-24 15:42:39.971  3670  4143 I PackageManager: No preferred activity: intent should not be shown
03-24 15:42:40.001 31364 31512 I [INFO][Leanplum]: [com.leanplum.LeanplumGcmProvider::isManifestSetup::152]: Google Cloud Messaging is setup correctly.
03-24 15:42:40.001  3670  3931 I PersonaManager: mKnoxInfo is empty
03-24 15:42:40.001 31364 31391 W GeckoLinker: /data/app/org.mozilla.firefox-1/lib/arm/libsoftokn3.so: Relocation to NULL @0x00023610 for symbol "__cxa_type_match"
03-24 15:42:40.001 31364 31391 W GeckoLinker: /data/app/org.mozilla.firefox-1/lib/arm/libfreebl3.so: Relocation to NULL @0x00040210 for symbol "__cxa_type_match"
03-24 15:42:40.011 31364 31389 W System.err: remove failed: ENOENT (No such file or directory) : /data/user/0/org.mozilla.firefox/shared_prefs/__leanplum_push__.xml.bak
03-24 15:42:40.011 31364 31389 W System.err: remove failed: ENOENT (No such file or directory) : /data/user/0/org.mozilla.firefox/shared_prefs/__leanplum__.xml.bak
03-24 15:42:40.011 31364 31512 I System.out: (HTTPLog)-Static: isSBSettingEnabled false
03-24 15:42:40.011 31364 31512 I System.out: (HTTPLog)-Static: isSBSettingEnabled false
03-24 15:42:40.011  3037  3741 D EnterpriseController: netId is 0
03-24 15:42:40.011  3037  3741 D Netd    : getNetworkForDns: using netid 510 for uid 10117
03-24 15:42:40.021 31364 31521 W InstanceID: Instance ID SDK is deprecated, org.mozilla.firefox should update to use Firebase Instance ID
03-24 15:42:40.051 31364 31524 W GeckoLinker: /data/app/org.mozilla.firefox-1/lib/arm/libnssckbi.so: Relocation to NULL @0x00056b00 for symbol "__cxa_type_match"
03-24 15:42:40.071 31364 31391 I Gecko   : console.log: "browser.js: loading Firefox Accounts WebChannel"
03-24 15:42:40.081 31364 31384 E GeckoSearchEngineManager: Could not find search plugin files in profile directory
03-24 15:42:40.081 31364 31384 E GeckoSearchEngineManager: Could not create search engine from name: Google
03-24 15:42:40.081 31364 31384 D GeckoSessInfo: Recording start of session: 1553424159003
03-24 15:42:40.081 31364 31364 D GeckoToolbar: onTabChanged: MENU_UPDATED
03-24 15:42:40.081 31364 31364 D GeckoBrowserApp: BrowserApp.onTabChanged: 0: MENU_UPDATED
03-24 15:42:40.081 31364 31391 D GeckoFxAccounts: FxAccountsWebChannel registered: account_updates with origin https://accounts.firefox.com
03-24 15:42:40.091  3670  4946 I PersonaManager: mKnoxInfo is empty
03-24 15:42:40.091 31364 31364 D GeckoMediaControlAgent: initialize
03-24 15:42:40.101  4103  4199 D vol.MediaSessions: updateRemoteControllerH null
03-24 15:42:40.101  3670  4552 D ApplicationPolicy: isStatusBarNotificationAllowedAsUser: packageName = org.mozilla.firefox,userId = 0
03-24 15:42:40.101  3670  4552 I PersonaManager: mKnoxInfo is empty
03-24 15:42:40.101  3670  4946 D PackageManager: findPreferredActivity: We found 1 PreferredActivities set, but no match
03-24 15:42:40.101  3670  4946 I PackageManager: No preferred activity: intent should not be shown
03-24 15:42:40.101  4103  4199 D vol.MediaSessions: onActiveSessionsUpdatedH n=0
03-24 15:42:40.101  4103  4199 D vol.MediaSessions: onActiveSessionsUpdatedH n=0
03-24 15:42:40.101  3670  4947 D AudioService: getStreamVolume 3 index 60
03-24 15:42:40.101  4103  4199 D vol.MediaSessions: updateRemoteControllerH null
03-24 15:42:40.111  4103  4199 D vol.MediaSessions: onActiveSessionsUpdatedH n=1
03-24 15:42:40.111 31364 31364 W GeckoEventDispatcher: No listener for AudioFocusAgent:Ready
03-24 15:42:40.111  3670  4409 D AudioService: getStreamVolume 3 index 60
03-24 15:42:40.111  4103  4199 D vol.MediaSessions: onActiveSessionsUpdatedH n=1
03-24 15:42:40.121  3670  4550 D AudioService: getStreamVolume 3 index 60
03-24 15:42:40.121  4103  4103 W ResourcesManager: getTopLevelResources: /data/app/org.mozilla.firefox-1/base.apk / 1.0 running in com.android.systemui rsrc of package org.mozilla.firefox
03-24 15:42:40.131 31364 31384 I GeckoPushState: No storage found; starting fresh.
03-24 15:42:40.131 31364 31384 D GeckoPushService: Registered Gecko event listener.
03-24 15:42:40.131 31364 31384 I GeckoPushService: Starting up.
03-24 15:42:40.131 31364 31384 I GeckoPushManager: Startup: requesting GCM token.
03-24 15:42:40.131 31364 31391 I Gecko   : console.log: "Locale:OS: en-GB"
03-24 15:42:40.131 31364 31384 I GeckoPushGCM: Cached GCM token does not exist; requesting new token with sender ID: 965234145045,242693410970
03-24 15:42:40.131 31364 31391 I Gecko   : console.log: "New OS locale."
03-24 15:42:40.141 31364 31391 I Gecko   : console.log: "Default intl.accept_languages = en-GB, en"
03-24 15:42:40.141  4103  4103 W ResourcesManager: getTopLevelResources: /data/app/org.mozilla.firefox-1/base.apk / 1.0 running in com.android.systemui rsrc of package org.mozilla.firefox
03-24 15:42:40.141 31364 31389 W System.err: remove failed: ENOENT (No such file or directory) : /data/user/0/org.mozilla.firefox/shared_prefs/PocketStories.xml.bak
03-24 15:42:40.141 31364 31391 I Gecko   : console.log: "Setting intl.accept_languages to en-gb,en"
03-24 15:42:40.151  3025  3025 D libEGL  : eglInitialize EGLDisplay = 0x7ff3f31d28
03-24 15:42:40.151  4103  4103 W ResourcesManager: getTopLevelResources: /data/app/org.mozilla.firefox-1/base.apk / 1.0 running in com.android.systemui rsrc of package org.mozilla.firefox
03-24 15:42:40.161 31364 31364 W Settings: Setting airplane_mode_on has moved from android.provider.Settings.System to android.provider.Settings.Global, returning read-only value.
03-24 15:42:40.161  4103  4103 D KnoxNotification: ----- inflateViews : modified publicViewLocal -----
03-24 15:42:40.171  4103  4103 D KnoxNotification: ----- inflateViews : modified KnoxViewLocal -----
03-24 15:42:40.171  4103  4103 W ResourcesManager: getTopLevelResources: /data/app/org.mozilla.firefox-1/base.apk / 1.0 running in com.android.systemui rsrc of package org.mozilla.firefox
03-24 15:42:40.181  4103  4103 D PhoneStatusBar: setAreThereNotifications: N=3 any=true clearable=true
03-24 15:42:40.191 31364 31532 I System.out: (HTTPLog)-Static: isSBSettingEnabled false
03-24 15:42:40.191 31364 31533 I System.out: (HTTPLog)-Static: isSBSettingEnabled false
03-24 15:42:40.191 31364 31532 I System.out: (HTTPLog)-Static: isSBSettingEnabled false
03-24 15:42:40.191 31364 31533 I System.out: (HTTPLog)-Static: isSBSettingEnabled false
03-24 15:42:40.191 31364 31533 W System.err: remove failed: ENOENT (No such file or directory) : /data/user/0/org.mozilla.firefox/cache/picasso-cache/journal
03-24 15:42:40.191 31364 31533 W System.err: remove failed: ENOENT (No such file or directory) : /data/user/0/org.mozilla.firefox/cache/picasso-cache/journal.bkp
03-24 15:42:40.191  3037  3741 D EnterpriseController: netId is 0
03-24 15:42:40.191  3037  3741 D Netd    : getNetworkForDns: using netid 510 for uid 10117
03-24 15:42:40.191  3037  3741 D EnterpriseController: netId is 0
03-24 15:42:40.191  3037  3741 D Netd    : getNetworkForDns: using netid 510 for uid 10117
03-24 15:42:40.201 31364 31534 I System.out: (HTTPLog)-Static: isSBSettingEnabled false
03-24 15:42:40.201 31364 31534 I System.out: (HTTPLog)-Static: isSBSettingEnabled false
03-24 15:42:40.201  3037  3741 D EnterpriseController: netId is 0
03-24 15:42:40.201  3037  3741 D Netd    : getNetworkForDns: using netid 510 for uid 10117
03-24 15:42:40.251 31364 31364 I GeckoTabs: zerdatime 174388623 - page load start
03-24 15:42:40.251 31364 31364 D GeckoToolbar: onTabChanged: START
03-24 15:42:40.251 31364 31364 D GeckoBrowserApp: BrowserApp.onTabChanged: 0: START
03-24 15:42:40.251 31364 31391 D GeckoScreenOrientation: unlocking
03-24 15:42:40.261 31364 31391 D GeckoViewAutoFill: Clearing auto-fill
03-24 15:42:40.291  3037  3741 D EnterpriseController: netId is 0
03-24 15:42:40.291  3037  3741 D Netd    : getNetworkForDns: using netid 510 for uid 10117
03-24 15:42:40.291 31364 31391 D GeckoViewAutoFill: Clearing auto-fill
03-24 15:42:40.301 31364 31364 D GeckoToolbar: onTabChanged: LOCATION_CHANGE
03-24 15:42:40.301 31364 31364 D GeckoBrowserApp: BrowserApp.onTabChanged: 0: LOCATION_CHANGE
03-24 15:42:40.311 31364 31364 D GeckoToolbar: onTabChanged: SECURITY_CHANGE
03-24 15:42:40.311 31364 31364 D GeckoBrowserApp: BrowserApp.onTabChanged: 0: SECURITY_CHANGE
03-24 15:42:40.331 25181 25197 D ContactsProvider_EventLog: contents_sample_state: [ contacts(0) data(0) accounts({}) accounts deleted({}) calls([])  ]
03-24 15:42:40.331 25181 25197 D ContactsProvider_EventLog: contents_sample_state: [ agr({})  ]
03-24 15:42:40.371 31364 31364 D GeckoToolbar: onTabChanged: TITLE
03-24 15:42:40.371 31364 31364 D GeckoBrowserApp: BrowserApp.onTabChanged: 0: TITLE
03-24 15:42:40.381 25181 25197 E ContactsProvider_EventLog: Flush buffer to file cnt : 3 size : 1Kb duration : 51ms lastUpdatedAfter : 60069 ms mFlush_time_threasold : 2000 mCurrentSize : 513
03-24 15:42:40.381  3025  3025 D libEGL  : eglInitialize EGLDisplay = 0x7ff3f31d28
03-24 15:42:40.391 31364 31364 D GeckoToolbar: onTabChanged: LOADED
03-24 15:42:40.391 31364 31364 D GeckoBrowserApp: BrowserApp.onTabChanged: 0: LOADED
03-24 15:42:40.391 31364 31364 D GeckoToolbar: onTabChanged: PAGE_SHOW
03-24 15:42:40.391 31364 31364 D GeckoBrowserApp: BrowserApp.onTabChanged: 0: PAGE_SHOW
03-24 15:42:40.391 31364 31364 I GeckoTabs: zerdatime 174388771 - page load stop
03-24 15:42:40.391 31364 31364 D GeckoToolbar: onTabChanged: STOP
03-24 15:42:40.391 31364 31364 D GeckoBrowserApp: BrowserApp.onTabChanged: 0: STOP
03-24 15:42:40.411 31364 31391 W GeckoEventDispatcher: No listener for Website:AppLeft
03-24 15:42:40.431 31364 31391 W GeckoEventDispatcher: No listener for FormHistory:Ready
03-24 15:42:40.441 31364 31391 W GeckoEventDispatcher: No listener for GeckoView:AccessibilityReady
03-24 15:42:40.451 31364 31364 D AbsListView: Get MotionRecognitionManager
03-24 15:42:40.481 31364 31364 I GeckoBrowserApp: Found tag 
03-24 15:42:40.481  3670  4550 I PersonaManager: mKnoxInfo is empty
03-24 15:42:40.501  3670  4552 D WifiDisplayAdapter: getWifiDisplayStatusLocked: result=WifiDisplayStatus{featureState=2, scanState=0, activeDisplayState=0, activeDisplay=null, displays=[], sessionInfo=WifiDisplaySessionInfo: Client/Owner: Client GroupId:  Passphrase:  SessionId: 0 IP Address: , connectedState=-1, networkQoS=0}
03-24 15:42:40.501  3670  4550 D WifiDisplayAdapter: getWifiDisplayStatusLocked: result=WifiDisplayStatus{featureState=2, scanState=0, activeDisplayState=0, activeDisplay=null, displays=[], sessionInfo=WifiDisplaySessionInfo: Client/Owner: Client GroupId:  Passphrase:  SessionId: 0 IP Address: , connectedState=-1, networkQoS=0}
03-24 15:42:40.501  3670  4016 D AudioService: getStreamVolume 3 index 60
03-24 15:42:40.511 31364 31364 I MediaRouter: Found default route: MediaRouter.RouteInfo{ uniqueId=android/.support.v7.media.SystemMediaRouteProvider:DEFAULT_ROUTE, name=Phone, description=null, iconUri=null, enabled=true, connecting=false, connectionState=0, canDisconnect=false, playbackType=0, playbackStream=3, deviceType=0, volumeHandling=1, volume=6, volumeMax=15, presentationDisplayId=-1, extras=null, settingsIntent=null, providerPackageName=android }
03-24 15:42:40.511 31364 31364 I MediaRouter: Unselecting the current route because it is no longer selectable: null
03-24 15:42:40.511 31364 31364 D PassiveStumbler: Stopping StumblerService | isDebug:false
03-24 15:42:40.511  3670  4946 I PersonaManager: mKnoxInfo is empty
03-24 15:42:40.521 31364 31518 D GeckoDLCCatalog: Loading from disk
03-24 15:42:40.521 31364 31518 D GeckoDLCCatalog: Catalog file does not exist: Starting with empty catalog.
03-24 15:42:40.521 31364 31518 D GeckoDLCCatalog: Loaded 0 elements
03-24 15:42:40.521 31364 31518 D DLCSyncAction: Synchronizing catalog.
03-24 15:42:40.521 31364 31518 I System.out: (HTTPLog)-Static: isSBSettingEnabled false
03-24 15:42:40.521 31364 31518 I System.out: (HTTPLog)-Static: isSBSettingEnabled false
03-24 15:42:40.521  3670  4947 D WifiDisplayAdapter: getWifiDisplayStatusLocked: result=WifiDisplayStatus{featureState=2, scanState=0, activeDisplayState=0, activeDisplay=null, displays=[], sessionInfo=WifiDisplaySessionInfo: Client/Owner: Client GroupId:  Passphrase:  SessionId: 0 IP Address: , connectedState=-1, networkQoS=0}
03-24 15:42:40.521  3670  4452 I PersonaManager: mKnoxInfo is empty
03-24 15:42:40.531 23981 24060 I CastDatabase: Opening the database
03-24 15:42:40.531 23981 24060 I SQLiteCastStore: 0 CastNetworkInfo instances loaded, 0 CastDeviceInfo instances loaded, 0 paired guest mode devices loaded.
03-24 15:42:40.541  3670  4946 D WifiService: startScan by pid=23981, uid=10015
03-24 15:42:40.541 23981 23981 I DiscoveryManager: WifiGuestModeDeviceScanner enabled.
03-24 15:42:40.541 23981 23981 W CastMediaRouteProvider: Not a Cast compatible category: android.media.intent.category.LIVE_VIDEO
03-24 15:42:40.541  3670  4021 I WifiScanController: location is disabled
03-24 15:42:40.541 23981 24060 I DiscoveryManager: Filter criteria(4574A331,08FF1091,CC1AD845) scannerFlags(2)
03-24 15:42:40.541  3670  4021 D WifiStateMachine: CMD_START_SCAN : scanLog.mLast - 1553424160548, scanLog.mStartTimeForBigdata - 1553249835846
03-24 15:42:40.541  3670  4021 D WifiStateMachine: CMD_START_SCAN : scanLog.mCountForBigdata - 40
03-24 15:42:40.541 23981 24060 I CastDatabase: CastDeviceInfo created: V_eb480708-03a7-42c3-83b0-825b98ea363b
03-24 15:42:40.541  3037  3741 D EnterpriseController: netId is 0
03-24 15:42:40.541  3037  3741 D Netd    : getNetworkForDns: using netid 510 for uid 10117
03-24 15:42:40.541 31048 31048 I wpa_supplicant: wlan0: Setting scan request: 0 sec 0 usec
03-24 15:42:40.541 31048 31048 I wpa_supplicant: P2P: Current p2p state = IDLE
03-24 15:42:40.551 31048 31048 I wpa_supplicant: Scan requested (ret=0) - scan timeout 30 seconds
03-24 15:42:40.551  3670  4550 D WifiService: startScan by pid=23981, uid=10015
03-24 15:42:40.551  3670  4021 I WifiScanController: location is disabled
03-24 15:42:40.551  3670  4021 D WifiStateMachine: CMD_START_SCAN : scanLog.mLast - 1553424160559, scanLog.mStartTimeForBigdata - 1553249835846
03-24 15:42:40.551  3670  4021 D WifiStateMachine: CMD_START_SCAN : scanLog.mCountForBigdata - 41
03-24 15:42:40.551  3670  4407 I PersonaManager: mKnoxInfo is empty
03-24 15:42:40.551 31048 31048 I wpa_supplicant: already scanning
03-24 15:42:40.561 23981 24060 E DeviceScanner: [BLE] Failed to start scan because the Bluetooth is disabled.
03-24 15:42:40.561 23981 25171 I qtaguid : Tagging socket 39 with tag 3000090000000000{805308672,0} uid -1, pid: 23981, getuid(): 10015
03-24 15:42:40.571 23981 25171 I qtaguid : Tagging socket 76 with tag 3000090000000000{805308672,0} uid -1, pid: 23981, getuid(): 10015
03-24 15:42:40.571 23981 24060 E DeviceScanner: [BLE] Failed to start scan because the Bluetooth is disabled.
03-24 15:42:40.571 23981 25171 I qtaguid : Untagging socket 76
03-24 15:42:40.571 23981 25171 I qtaguid : Tagging socket 76 with tag 3000090000000000{805308672,0} uid -1, pid: 23981, getuid(): 10015
03-24 15:42:40.571 23981 25171 I qtaguid : Untagging socket 76
03-24 15:42:40.581 23981 25171 I qtaguid : Tagging socket 76 with tag 3000090000000000{805308672,0} uid -1, pid: 23981, getuid(): 10015
03-24 15:42:40.581 23981 25171 I qtaguid : Untagging socket 76
03-24 15:42:40.581 23981 25171 I qtaguid : Tagging socket 76 with tag 3000090000000000{805308672,0} uid -1, pid: 23981, getuid(): 10015
03-24 15:42:40.581 23981 25171 I qtaguid : Untagging socket 76
