03-24 14:40:35.621  3670  4029 D ConnectivityService:   checking if request is: NetworkRequest [ id=30, legacyType=-1, [ Capabilities: INTERNET&NOT_RESTRICTED&TRUSTED] ] satisfies: true nri.isRequest: false
03-24 14:40:35.621  3670  4029 D ConnectivityService:   checking if request is: NetworkRequest [ id=241, legacyType=-1, [ Capabilities: INTERNET&NOT_RESTRICTED&TRUSTED] ] satisfies: true nri.isRequest: false
03-24 14:40:35.621  3670  4029 D ConnectivityService:   checking if request is: NetworkRequest [ id=5, legacyType=-1, [ Transports: WIFI Capabilities: INTERNET&NOT_RESTRICTED&TRUSTED&NOT_VPN] ] satisfies: true nri.isRequest: false
03-24 14:40:35.621  3670  4029 D ConnectivityService: Network NetworkAgentInfo [WIFI () - 510] was already satisfying request 1. No change.
03-24 14:40:35.621  3670  4029 D ConnectivityService:   checking if request is: NetworkRequest [ id=3, legacyType=-1, [] ] satisfies: true nri.isRequest: false
03-24 14:40:35.621  3670  4029 D ConnectivityService:   checking if request is: NetworkRequest [ id=4, legacyType=-1, [ Transports: CELLULAR Capabilities: INTERNET&NOT_RESTRICTED&TRUSTED&NOT_VPN] ] satisfies: false nri.isRequest: false
03-24 14:40:35.621  3670  4029 D ConnectivityService:   checking if request is: NetworkRequest [ id=226, legacyType=-1, [ Capabilities: INTERNET&NOT_RESTRICTED&TRUSTED] ] satisfies: true nri.isRequest: false
03-24 14:40:35.621  3670  4029 D ConnectivityService:   checking if request is: NetworkRequest [ id=29, legacyType=-1, [ Capabilities: INTERNET&NOT_RESTRICTED&TRUSTED] ] satisfies: true nri.isRequest: false
03-24 14:40:35.621  3670  4029 D ConnectivityService:   checking if request is: NetworkRequest [ id=242, legacyType=-1, [ Capabilities: INTERNET&NOT_RESTRICTED&TRUSTED] ] satisfies: true nri.isRequest: false
03-24 14:40:35.621  3670  4029 D ConnectivityService:   checking if request is: NetworkRequest [ id=228, legacyType=-1, [ Capabilities: INTERNET&NOT_RESTRICTED&TRUSTED] ] satisfies: true nri.isRequest: false
03-24 14:40:35.621  3670  4029 D ConnectivityService: sending notification AVAILABLE for NetworkRequest [ id=242, legacyType=-1, [ Capabilities: INTERNET&NOT_RESTRICTED&TRUSTED] ]
03-24 14:40:35.631  3476  3476 D InjectionManager: InjectionManager
03-24 14:40:35.631  3476  3476 D InjectionManager: fillFeatureStoreMap com.android.chrome
03-24 14:40:35.631  3476  3476 I InjectionManager: Constructor com.android.chrome, Feature store :{}
03-24 14:40:35.631  3476  3476 I InjectionManager: featureStore :{}
03-24 14:40:35.631  3476  3476 I cr_ChildProcessService: Creating new ChildProcessService pid=3476
03-24 14:40:35.641  3670  3796 V BroadcastQueue: [background] Process cur broadcast BroadcastRecord{9022a9e u0 com.google.android.gms.gcm.ACTION_SCHEDULE qIdx=4}, state= (APP_RECEIVE) DELIVERED for app ProcessRecord{49f3f4c 4932:com.google.android.gms.persistent/u0a15}
03-24 14:40:35.641  3670  4947 V BroadcastQueue: [background] Process cur broadcast BroadcastRecord{31c797f u0 com.google.android.gms.gcm.ACTION_SCHEDULE qIdx=4}, state= (APP_RECEIVE) DELIVERED for app ProcessRecord{49f3f4c 4932:com.google.android.gms.persistent/u0a15}
03-24 14:40:35.641  3670  4452 V AlarmManager:  remove PendingIntent] PendingIntent{75e9d4c: PendingIntentRecord{e30a718 com.google.android.gms broadcastIntent}}
03-24 14:40:35.651  3670  3796 V BroadcastQueue: [background] Process cur broadcast BroadcastRecord{bfe5195 u0 com.google.android.gms.gcm.ACTION_SCHEDULE qIdx=4}, state= (APP_RECEIVE) DELIVERED for app ProcessRecord{49f3f4c 4932:com.google.android.gms.persistent/u0a15}
03-24 14:40:35.661  3278  3405 W art     : Verification of void q.c() took 405.228ms
03-24 14:40:35.671  3025  3025 I SurfaceFlinger: id=504 createSurf (1440x2464),4 flag=404, TurfaceView
03-24 14:40:35.671  3670  4409 V WindowStateAnimator: Finishing drawing window Window{432b984 u0 d0 SurfaceView}: mDrawState=DRAW_PENDING
03-24 14:40:35.671  3278  3278 I cr_ContextualSearch: Tap suppression enabled: false
03-24 14:40:35.681  3278  3278 I cr_ContextualSearch: Consructing ContextualSearchRankerLoggerImpl, enabled: true
03-24 14:40:35.681  3670  4421 V AlarmManager:  remove PendingIntent] PendingIntent{c3f7211: PendingIntentRecord{e30a718 com.google.android.gms broadcastIntent}}
03-24 14:40:35.691  3476  3492 I cr_LibraryLoader:  Loading chrome from within /data/app/com.android.chrome-2/base.apk
03-24 14:40:35.691  3670  3931 V WindowStateAnimator: Finishing drawing window Window{432b984 u0 d0 SurfaceView}: mDrawState=HAS_DRAWN
03-24 14:40:35.721  3476  3492 I cr_LibraryLoader: Time to load native libraries: 29 ms (timestamps 6622-6651)
03-24 14:40:35.721  3476  3492 I chromium: [INFO:library_loader_hooks.cc(42)] Chromium logging enabled: level = 0, default verbosity = 0
03-24 14:40:35.721  3476  3492 I cr_LibraryLoader: Expected native library version number "72.0.3626.105", actual native library version number "72.0.3626.105"
03-24 14:40:35.721  3476  3492 W ResourcesManager: getTopLevelResources: /data/app/com.android.chrome-2/base.apk / 1.0 running in com.android.chrome rsrc of package com.android.chrome
03-24 14:40:35.731  3476  3492 E libEGL  : validate_display:255 error 3008 (EGL_BAD_DISPLAY)
03-24 14:40:35.751  3476  3492 D libEGL  : loaded /vendor/lib/egl/libGLES_mali.so
03-24 14:40:35.771  3476  3492 D libEGL  : eglInitialize EGLDisplay = 0xf3a6ce0c
03-24 14:40:35.771  3476  3492 D         : ro.exynos.dss isEnabled: 0
03-24 14:40:35.781  3670  3670 D CustomFrequencyManagerService: releaseDVFSLockLocked : Getting Lock type frm List : DVFS_MIN_LIMIT  frequency : 1800000  uid : 1000  pid : 3670  tag : ACTIVITY_RESUME_BOOSTER@9
03-24 14:40:35.791  3476  3492 W AudioCapabilities: Unsupported mime audio/mpeg-L1
03-24 14:40:35.791  3476  3492 W AudioCapabilities: Unsupported mime audio/mpeg-L2
03-24 14:40:35.791  3476  3492 W AudioCapabilities: Unsupported mime audio/x-ms-wma
03-24 14:40:35.791  3476  3492 W AudioCapabilities: Unsupported mime audio/x-ima
03-24 14:40:35.791  3476  3492 W VideoCapabilities: Unrecognized profile/level 32768/2 for video/mp4v-es
03-24 14:40:35.801  3476  3492 W VideoCapabilities: Unrecognized profile 2130706433 for video/avc
03-24 14:40:35.801  3476  3492 W VideoCapabilities: Unrecognized profile 2130706433 for video/avc
03-24 14:40:35.801  3476  3492 W VideoCapabilities: Unrecognized profile 2130706433 for video/avc
03-24 14:40:35.801  3476  3492 W VideoCapabilities: Unrecognized profile 2130706433 for video/avc
03-24 14:40:35.801  3476  3492 W VideoCapabilities: Unrecognized profile 2130706433 for video/avc
03-24 14:40:35.801  3476  3492 W VideoCapabilities: Unrecognized profile 2130706433 for video/avc
03-24 14:40:35.801  3476  3492 W VideoCapabilities: Unrecognized profile 2130706433 for video/avc
03-24 14:40:35.801  3476  3492 W VideoCapabilities: Unrecognized profile 2130706433 for video/avc
03-24 14:40:35.801  3476  3492 W VideoCapabilities: Unrecognized profile 2130706433 for video/avc
03-24 14:40:35.801  3476  3492 W VideoCapabilities: Unrecognized profile 2130706433 for video/avc
03-24 14:40:35.801  3476  3492 W VideoCapabilities: Unrecognized profile 2130706433 for video/avc
03-24 14:40:35.801  3476  3492 W VideoCapabilities: Unrecognized profile 2130706433 for video/avc
03-24 14:40:35.801  3476  3492 W VideoCapabilities: Unrecognized profile 2130706433 for video/avc
03-24 14:40:35.801  3476  3492 W VideoCapabilities: Unrecognized profile 2130706433 for video/avc
03-24 14:40:35.801  3476  3492 W VideoCapabilities: Unrecognized profile 2130706433 for video/avc
03-24 14:40:35.801  3476  3492 W VideoCapabilities: Unrecognized profile 2130706433 for video/avc
03-24 14:40:35.801  3476  3492 W VideoCapabilities: Unrecognized profile 2130706434 for video/avc
03-24 14:40:35.801  3476  3492 W VideoCapabilities: Unrecognized profile 2130706434 for video/avc
03-24 14:40:35.801  3476  3492 W VideoCapabilities: Unrecognized profile 2130706434 for video/avc
03-24 14:40:35.801  3476  3492 W VideoCapabilities: Unrecognized profile 2130706434 for video/avc
03-24 14:40:35.801  3476  3492 W VideoCapabilities: Unrecognized profile 2130706434 for video/avc
03-24 14:40:35.801  3476  3492 W VideoCapabilities: Unrecognized profile 2130706434 for video/avc
03-24 14:40:35.801  3476  3492 W VideoCapabilities: Unrecognized profile 2130706434 for video/avc
03-24 14:40:35.801  3476  3492 W VideoCapabilities: Unrecognized profile 2130706434 for video/avc
03-24 14:40:35.801  3476  3492 W VideoCapabilities: Unrecognized profile 2130706434 for video/avc
03-24 14:40:35.801  3476  3492 W VideoCapabilities: Unrecognized profile 2130706434 for video/avc
03-24 14:40:35.801  3476  3492 W VideoCapabilities: Unrecognized profile 2130706434 for video/avc
03-24 14:40:35.801  3476  3492 W VideoCapabilities: Unrecognized profile 2130706434 for video/avc
03-24 14:40:35.801  3476  3492 W VideoCapabilities: Unrecognized profile 2130706434 for video/avc
03-24 14:40:35.801  3476  3492 W VideoCapabilities: Unrecognized profile 2130706434 for video/avc
03-24 14:40:35.801  3476  3492 W VideoCapabilities: Unrecognized profile 2130706434 for video/avc
03-24 14:40:35.801  3476  3492 W VideoCapabilities: Unrecognized profile 2130706434 for video/avc
03-24 14:40:35.801  3476  3492 W VideoCapabilities: Unrecognized profile 2130706433 for video/avc
03-24 14:40:35.801  3476  3492 W VideoCapabilities: Unrecognized profile 2130706433 for video/avc
03-24 14:40:35.801  3476  3492 W VideoCapabilities: Unrecognized profile 2130706433 for video/avc
03-24 14:40:35.801  3476  3492 W VideoCapabilities: Unrecognized profile 2130706433 for video/avc
03-24 14:40:35.801  3476  3492 W VideoCapabilities: Unrecognized profile 2130706433 for video/avc
03-24 14:40:35.801  3476  3492 W VideoCapabilities: Unrecognized profile 2130706433 for video/avc
03-24 14:40:35.801  3476  3492 W VideoCapabilities: Unrecognized profile 2130706433 for video/avc
03-24 14:40:35.801  3476  3492 W VideoCapabilities: Unrecognized profile 2130706433 for video/avc
03-24 14:40:35.801  3476  3492 W VideoCapabilities: Unrecognized profile 2130706433 for video/avc
03-24 14:40:35.801  3476  3492 W VideoCapabilities: Unrecognized profile 2130706433 for video/avc
03-24 14:40:35.801  3476  3492 W VideoCapabilities: Unrecognized profile 2130706433 for video/avc
03-24 14:40:35.801  3476  3492 W VideoCapabilities: Unrecognized profile 2130706433 for video/avc
03-24 14:40:35.801  3476  3492 W VideoCapabilities: Unrecognized profile 2130706433 for video/avc
03-24 14:40:35.801  3476  3492 W VideoCapabilities: Unrecognized profile 2130706433 for video/avc
03-24 14:40:35.801  3476  3492 W VideoCapabilities: Unrecognized profile 2130706433 for video/avc
03-24 14:40:35.801  3476  3492 W VideoCapabilities: Unrecognized profile 2130706433 for video/avc
03-24 14:40:35.801  3476  3492 W VideoCapabilities: Unrecognized profile 2130706434 for video/avc
03-24 14:40:35.801  3476  3492 W VideoCapabilities: Unrecognized profile 2130706434 for video/avc
03-24 14:40:35.801  3476  3492 W VideoCapabilities: Unrecognized profile 2130706434 for video/avc
03-24 14:40:35.801  3476  3492 W VideoCapabilities: Unrecognized profile 2130706434 for video/avc
03-24 14:40:35.801  3476  3492 W VideoCapabilities: Unrecognized profile 2130706434 for video/avc
03-24 14:40:35.801  3476  3492 W VideoCapabilities: Unrecognized profile 2130706434 for video/avc
03-24 14:40:35.801  3476  3492 W VideoCapabilities: Unrecognized profile 2130706434 for video/avc
03-24 14:40:35.801  3476  3492 W VideoCapabilities: Unrecognized profile 2130706434 for video/avc
03-24 14:40:35.801  3476  3492 W VideoCapabilities: Unrecognized profile 2130706434 for video/avc
03-24 14:40:35.801  3476  3492 W VideoCapabilities: Unrecognized profile 2130706434 for video/avc
03-24 14:40:35.801  3476  3492 W VideoCapabilities: Unrecognized profile 2130706434 for video/avc
03-24 14:40:35.801  3476  3492 W VideoCapabilities: Unrecognized profile 2130706434 for video/avc
03-24 14:40:35.801  3476  3492 W VideoCapabilities: Unrecognized profile 2130706434 for video/avc
03-24 14:40:35.801  3476  3492 W VideoCapabilities: Unrecognized profile 2130706434 for video/avc
03-24 14:40:35.801  3476  3492 W VideoCapabilities: Unrecognized profile 2130706434 for video/avc
03-24 14:40:35.801  3476  3492 W VideoCapabilities: Unrecognized profile 2130706434 for video/avc
03-24 14:40:35.801  3476  3492 W VideoCapabilities: Unsupported mime video/wvc1
03-24 14:40:35.801  3476  3492 W VideoCapabilities: Unsupported mime video/x-ms-wmv
03-24 14:40:35.801  3476  3492 W VideoCapabilities: Unrecognized profile/level 32768/2 for video/mp4v-es
03-24 14:40:35.801  3476  3492 W VideoCapabilities: Unsupported mime video/wvc1
03-24 14:40:35.801  3476  3492 W VideoCapabilities: Unsupported mime video/x-ms-wmv
03-24 14:40:35.801  3476  3492 W VideoCapabilities: Unsupported mime video/x-ms-wmv7
03-24 14:40:35.801  3476  3492 W VideoCapabilities: Unsupported mime video/x-ms-wmv8
03-24 14:40:35.811  3476  3492 W VideoCapabilities: Unsupported mime video/mp43
03-24 14:40:35.811  3476  3492 W VideoCapabilities: Unrecognized profile 2130706433 for video/avc
03-24 14:40:35.811  3476  3492 W VideoCapabilities: Unrecognized profile 2130706433 for video/avc
03-24 14:40:35.811  3476  3492 W VideoCapabilities: Unrecognized profile 2130706433 for video/avc
03-24 14:40:35.811  3476  3492 W VideoCapabilities: Unrecognized profile 2130706433 for video/avc
03-24 14:40:35.811  3476  3492 W VideoCapabilities: Unrecognized profile 2130706433 for video/avc
03-24 14:40:35.811  3476  3492 W VideoCapabilities: Unrecognized profile 2130706433 for video/avc
03-24 14:40:35.811  3476  3492 W VideoCapabilities: Unrecognized profile 2130706433 for video/avc
03-24 14:40:35.811  3476  3492 W VideoCapabilities: Unrecognized profile 2130706433 for video/avc
03-24 14:40:35.811  3476  3492 W VideoCapabilities: Unrecognized profile 2130706433 for video/avc
03-24 14:40:35.811  3476  3492 W VideoCapabilities: Unrecognized profile 2130706433 for video/avc
03-24 14:40:35.811  3476  3492 W VideoCapabilities: Unrecognized profile 2130706433 for video/avc
03-24 14:40:35.811  3476  3492 W VideoCapabilities: Unrecognized profile 2130706433 for video/avc
03-24 14:40:35.811  3476  3492 W VideoCapabilities: Unrecognized profile 2130706433 for video/avc
03-24 14:40:35.811  3476  3492 W VideoCapabilities: Unrecognized profile 2130706433 for video/avc
03-24 14:40:35.811  3476  3492 W VideoCapabilities: Unrecognized profile 2130706433 for video/avc
03-24 14:40:35.811  3476  3492 W VideoCapabilities: Unrecognized profile 2130706433 for video/avc
03-24 14:40:35.811  3476  3492 W VideoCapabilities: Unrecognized profile 2130706434 for video/avc
03-24 14:40:35.811  3476  3492 W VideoCapabilities: Unrecognized profile 2130706434 for video/avc
03-24 14:40:35.811  3476  3492 W VideoCapabilities: Unrecognized profile 2130706434 for video/avc
03-24 14:40:35.811  3476  3492 W VideoCapabilities: Unrecognized profile 2130706434 for video/avc
03-24 14:40:35.811  3476  3492 W VideoCapabilities: Unrecognized profile 2130706434 for video/avc
03-24 14:40:35.811  3476  3492 W VideoCapabilities: Unrecognized profile 2130706434 for video/avc
03-24 14:40:35.811  3476  3492 W VideoCapabilities: Unrecognized profile 2130706434 for video/avc
03-24 14:40:35.811  3476  3492 W VideoCapabilities: Unrecognized profile 2130706434 for video/avc
03-24 14:40:35.811  3476  3492 W VideoCapabilities: Unrecognized profile 2130706434 for video/avc
03-24 14:40:35.811  3476  3492 W VideoCapabilities: Unrecognized profile 2130706434 for video/avc
03-24 14:40:35.811  3476  3492 W VideoCapabilities: Unrecognized profile 2130706434 for video/avc
03-24 14:40:35.811  3476  3492 W VideoCapabilities: Unrecognized profile 2130706434 for video/avc
03-24 14:40:35.811  3476  3492 W VideoCapabilities: Unrecognized profile 2130706434 for video/avc
03-24 14:40:35.811  3476  3492 W VideoCapabilities: Unrecognized profile 2130706434 for video/avc
03-24 14:40:35.811  3476  3492 W VideoCapabilities: Unrecognized profile 2130706434 for video/avc
03-24 14:40:35.811  3476  3492 W VideoCapabilities: Unrecognized profile 2130706434 for video/avc
03-24 14:40:35.811  3476  3492 W VideoCapabilities: Unrecognized profile/level 32768/2 for video/mp4v-es
03-24 14:40:35.821  3476  3492 I VideoCapabilities: Unsupported profile 4 for video/mp4v-es
03-24 14:40:35.821  3476  3492 W VideoCapabilities: Unsupported mime video/sorenson
03-24 14:40:35.861  3278  3405 W art     : Verification of void q.d() took 203.015ms
03-24 14:40:35.871  3670  4409 I PersonaManager: mKnoxInfo is empty
03-24 14:40:35.871  3278  3405 W cr_tabmodel: Starting to perform legacy migration.
03-24 14:40:35.871  3278  3405 W cr_tabmodel: Finished performing legacy migration.
03-24 14:40:35.871  3278  3405 W cr_tabmodel: Starting to perform multi-instance migration.
03-24 14:40:35.871  3278  3405 W cr_tabmodel: Finished performing multi-instance migration.
03-24 14:40:35.871  3278  3405 I cr_tabmodel: Starting to fetch tab list for tab_state0
03-24 14:40:35.871  3278  3405 I cr_tabmodel: State file does not exist.
03-24 14:40:35.871  3278  3405 I cr_tabmodel: Starting to fetch tab list for tab_state_browser_actions
03-24 14:40:35.871  3278  3405 I cr_tabmodel: State file does not exist.
03-24 14:40:35.881  3670  4421 D SecContentProvider: query(), uri = 2 selection = isAuditLogEnabled
03-24 14:40:35.881  3670  4143 D SecContentProvider: query(), uri = 5 selection = getAutoFillSetting
03-24 14:40:35.881  3670  4550 D SecContentProvider: query(), uri = 5 selection = getCookiesSetting
03-24 14:40:35.881  3670  3698 D SecContentProvider: query(), uri = 5 selection = getHttpProxy
03-24 14:40:35.881  3670  4947 D SecContentProvider: query(), uri = 5 selection = getJavaScriptSetting
03-24 14:40:35.881  3670  4407 D SecContentProvider: query(), uri = 5 selection = getPopupsSetting
03-24 14:40:35.881  3476  3492 D mali_winsys: new_window_surface returns 0x3000,  [1440x2464]-format:1
03-24 14:40:35.881  3476  3492 D         : ro.exynos.dss isEnabled: 0
03-24 14:40:35.881  3670  4524 D SecContentProvider: query(), uri = 22 selection = isAuthenticationEnabled
03-24 14:40:35.881  3670  4952 D SecContentProvider: query(), uri = 10 selection = getURLFilterList
03-24 14:40:35.881  3670  3697 D SecContentProvider: query(), uri = 10 selection = getURLFilterEnabled
03-24 14:40:35.881  3670  4452 D SecContentProvider: query(), uri = 10 selection = getURLFilterReportEnabled
03-24 14:40:35.881  3670  4946 D SecContentProvider: query(), uri = 2 selection = isAuditLogEnabled
03-24 14:40:35.891  3670  4552 D SecContentProvider: query(), uri = 5 selection = getAutoFillSetting
03-24 14:40:35.891  3670  4016 D SecContentProvider: query(), uri = 5 selection = getCookiesSetting
03-24 14:40:35.891  3670  3931 D SecContentProvider: query(), uri = 5 selection = getHttpProxy
03-24 14:40:35.891  3670  4421 D SecContentProvider: query(), uri = 5 selection = getJavaScriptSetting
03-24 14:40:35.891  3670  4454 D SecContentProvider: query(), uri = 5 selection = getPopupsSetting
03-24 14:40:35.891  3476  3492 D libGLESv2: DTS_GLAPI : DTS is not allowed for Package : com.android.chrome:privileged_process0
03-24 14:40:35.891  3670  4143 D SecContentProvider: query(), uri = 22 selection = isAuthenticationEnabled
03-24 14:40:35.891  3670  4550 D SecContentProvider: query(), uri = 10 selection = getURLFilterList
03-24 14:40:35.891  3670  3698 D SecContentProvider: query(), uri = 10 selection = getURLFilterEnabled
03-24 14:40:35.891  3670  4947 D SecContentProvider: query(), uri = 10 selection = getURLFilterReportEnabled
03-24 14:40:35.891  3278  3278 I cr_SnippetsLauncher: Scheduling: 172800 172800
03-24 14:40:35.901  3670  3796 V BroadcastQueue: [background] Process cur broadcast BroadcastRecord{5eaef76 u0 com.google.android.gms.gcm.ACTION_SCHEDULE qIdx=4}, state= (APP_RECEIVE) DELIVERED for app ProcessRecord{49f3f4c 4932:com.google.android.gms.persistent/u0a15}
03-24 14:40:35.901  3670  3931 V BroadcastQueue: [background] Process cur broadcast BroadcastRecord{5421977 u0 com.google.android.gms.gcm.ACTION_SCHEDULE qIdx=4}, state= (APP_RECEIVE) DELIVERED for app ProcessRecord{49f3f4c 4932:com.google.android.gms.persistent/u0a15}
03-24 14:40:35.911  3670  4552 I PersonaManager: mKnoxInfo is empty
03-24 14:40:35.921  4932  4932 W ChimeraUtils: Non Chimera context
03-24 14:40:35.921  4183  4183 D Recents : onTaskStackChanged
03-24 14:40:35.921  3670  4019 D NetworkPolicy: isUidForegroundLocked: 10018, mScreenOn: true, uidstate: 2, mProxSensorScreenOff: false
03-24 14:40:35.931  3670  4016 I PersonaManager: mKnoxInfo is empty
03-24 14:40:35.931  3670  4407 I PersonaManager: mKnoxInfo is empty
03-24 14:40:35.931  3670  3931 D PackageManager: getComponentMetadataForIconTray : com.example.myapplication.MainActivity does not exist in mServices
03-24 14:40:35.931  3670  3931 D PackageManager: getComponentMetadataForIconTray : com.example.myapplication.MainActivity does not exist in mProviders
03-24 14:40:35.931  3670  3931 D PackageManager: getComponentMetadataForIconTray : com.example.myapplication.MainActivity does not exist in mReceivers
03-24 14:40:35.931  4183  4183 I ApplicationPackageManager: load=com.example.myapplication, bg=192-192, dr=192-192
03-24 14:40:35.931  4183  4183 I ApplicationPackageManager: scaled rate=1.0429629, size=192, alpha=15, hold=26, target=192
03-24 14:40:35.961  3278  3278 D TextView: setTypeface with style : 0
03-24 14:40:36.011  3670  3697 I PersonaManager: mKnoxInfo is empty
03-24 14:40:36.021  3670  4452 I PersonaManager: mKnoxInfo is empty
03-24 14:40:36.041  3670  3697 I PersonaManager: mKnoxInfo is empty
03-24 14:40:36.041  3433  3445 I cr_LibraryLoader:  Loading chrome from within /data/app/com.android.chrome-2/base.apk
03-24 14:40:36.051  3670  4019 D NetworkPolicy: isUidForegroundLocked: 10018, mScreenOn: true, uidstate: 16, mProxSensorScreenOff: false
03-24 14:40:36.051  3670  3931 I PersonaManager: mKnoxInfo is empty
03-24 14:40:36.061  3670  4454 I PersonaManager: mKnoxInfo is empty
03-24 14:40:36.061  3520  3520 E Zygote  : v2
03-24 14:40:36.061  3520  3520 I libpersona: KNOX_SDCARD checking this for 99173
03-24 14:40:36.061  3520  3520 I libpersona: KNOX_SDCARD not a persona
03-24 14:40:36.061  3520  3520 W SELinux : Function: selinux_compare_spd_ram, index[1], priority [2], priority version is VE=SEPF_SECMOBILE_6.0.1_0003
03-24 14:40:36.071  3670  4454 I ActivityManager: Start proc 3520:com.android.chrome:sandboxed_process1/u0i173 for service com.android.chrome/org.chromium.content.app.SandboxedProcessService1
03-24 14:40:36.071  3520  3520 E Zygote  : accessInfo : 0
03-24 14:40:36.071  3520  3520 W SELinux : SELinux: seapp_context_lookup: seinfo=chrome, level=s0:c512,c768, pkgname=com.android.chrome:sandboxed_process1 
03-24 14:40:36.071  3670  4947 I PersonaManager: mKnoxInfo is empty
03-24 14:40:36.081  3433  3445 I cr_LibraryLoader: Time to load native libraries: 33 ms (timestamps 6977-7010)
03-24 14:40:36.081  3433  3445 I chromium: [INFO:library_loader_hooks.cc(42)] Chromium logging enabled: level = 0, default verbosity = 0
03-24 14:40:36.081  3433  3445 I cr_LibraryLoader: Expected native library version number "72.0.3626.105", actual native library version number "72.0.3626.105"
03-24 14:40:36.081 18067 18067 D SamsungIME: IMPL finishInput
03-24 14:40:36.081 18067 18067 D SamsungIME: SwiftKeyWrapper writeDBdataToFileOnFinishInput
03-24 14:40:36.081 18067 18067 D SamsungIME: saveAndClear +
03-24 14:40:36.081 18067 18067 D SamsungIME: saveAndClear -
03-24 14:40:36.081  3433  3445 W ResourcesManager: getTopLevelResources: /data/app/com.android.chrome-2/base.apk / 1.0 running in com.android.chrome rsrc of package com.android.chrome
03-24 14:40:36.101  3520  3520 W ResourcesManager: getTopLevelResources: /data/app/com.android.chrome-2/base.apk / 1.0 running in com.android.chrome rsrc of package com.android.chrome
03-24 14:40:36.101  3670  4143 I PersonaManager: mKnoxInfo is empty
03-24 14:40:36.101  3670  4524 I PersonaManager: mKnoxInfo is empty
03-24 14:40:36.101  3670  4524 D PackageManager: findPreferredActivity: We found 1 PreferredActivities set, but no match
03-24 14:40:36.101  3670  4524 I PackageManager: No preferred activity: intent should not be shown
03-24 14:40:36.111  3520  3520 D ResourcesManager: For user 0 new overlays fetched Null
03-24 14:40:36.111  3520  3520 I InjectionManager: Inside getClassLibPath caller 
03-24 14:40:36.111  3520  3520 D InjectionManager: InjectionManager
03-24 14:40:36.121  3520  3520 I InjectionManager: featureStore :{}
03-24 14:40:36.121  3520  3520 I cr_ChildProcessService: Creating new ChildProcessService pid=3520
03-24 14:40:36.151  3278  3278 D TextView: setTypeface with style : 0
03-24 14:40:36.151  3278  3278 D TextView: setTypeface with style : 0
03-24 14:40:36.151  3025  3210 I SurfaceFlinger: id=502 Removed dhrome (5/10)
03-24 14:40:36.151  3025  4439 I SurfaceFlinger: id=502 Removed dhrome (-2/10)
03-24 14:40:36.171  3025  3025 D libEGL  : eglTerminate EGLDisplay = 0x7ff3f31e58
03-24 14:40:36.181  3278  3423 W System.err: remove failed: ENOENT (No such file or directory) : /data/user/0/com.android.chrome/app_tabs/0/tab_state0.bak
03-24 14:40:36.191  3278  3278 D TextView: setTypeface with style : 0
03-24 14:40:36.211  3520  3548 I cr_LibraryLoader:  Loading chrome from within /data/app/com.android.chrome-2/base.apk
03-24 14:40:36.211  4932  5370 E alar    : Phenotype API error. Event # bsha@eba94b11, EventCode: GET_EXP [CONTEXT service_id=51 ]
03-24 14:40:36.211  4932  5370 E alar    : akzn: 29505: No config packages for log source, or config package not registered
03-24 14:40:36.211  4932  5370 E alar    : 	at albe.a(:com.google.android.gms@15090019@15.0.90 (040400-231259764):45)
03-24 14:40:36.211  4932  5370 E alar    : 	at albd.b(:com.google.android.gms@15090019@15.0.90 (040400-231259764))
03-24 14:40:36.211  4932  5370 E alar    : 	at alar.a(:com.google.android.gms@15090019@15.0.90 (040400-231259764):103)
03-24 14:40:36.211  4932  5370 E alar    : 	at alar.a(:com.google.android.gms@15090019@15.0.90 (040400-231259764):97)
03-24 14:40:36.211  4932  5370 E alar    : 	at yzz.run(:com.google.android.gms@15090019@15.0.90 (040400-231259764):27)
03-24 14:40:36.211  4932  5370 E alar    : 	at bgah.run(:com.google.android.gms@15090019@15.0.90 (040400-231259764):2)
03-24 14:40:36.211  4932  5370 E alar    : 	at rrm.run(:com.google.android.gms@15090019@15.0.90 (040400-231259764):21)
03-24 14:40:36.211  4932  5370 E alar    : 	at java.util.concurrent.ThreadPoolExecutor.runWorker(ThreadPoolExecutor.java:1113)
03-24 14:40:36.211  4932  5370 E alar    : 	at java.util.concurrent.ThreadPoolExecutor$Worker.run(ThreadPoolExecutor.java:588)
03-24 14:40:36.211  4932  5370 E alar    : 	at rxo.run(:com.google.android.gms@15090019@15.0.90 (040400-231259764))
03-24 14:40:36.211  4932  5370 E alar    : 	at java.lang.Thread.run(Thread.java:818)
03-24 14:40:36.211  3670  4952 I PersonaManager: mKnoxInfo is empty
03-24 14:40:36.211  4932  5370 E AsyncOperation: serviceID=51, operation=GetExperimentTokensOperationCall
03-24 14:40:36.211  4932  5370 E AsyncOperation: OperationException[Status{statusCode=No config packages for log source, or config package not registered, resolution=null}]
03-24 14:40:36.211  4932  5370 E AsyncOperation: 	at alar.a(:com.google.android.gms@15090019@15.0.90 (040400-231259764):111)
03-24 14:40:36.211  4932  5370 E AsyncOperation: 	at alar.a(:com.google.android.gms@15090019@15.0.90 (040400-231259764):97)
03-24 14:40:36.211  4932  5370 E AsyncOperation: 	at yzz.run(:com.google.android.gms@15090019@15.0.90 (040400-231259764):27)
03-24 14:40:36.211  4932  5370 E AsyncOperation: 	at bgah.run(:com.google.android.gms@15090019@15.0.90 (040400-231259764):2)
03-24 14:40:36.211  4932  5370 E AsyncOperation: 	at rrm.run(:com.google.android.gms@15090019@15.0.90 (040400-231259764):21)
03-24 14:40:36.211  4932  5370 E AsyncOperation: 	at java.util.concurrent.ThreadPoolExecutor.runWorker(ThreadPoolExecutor.java:1113)
03-24 14:40:36.211  4932  5370 E AsyncOperation: 	at java.util.concurrent.ThreadPoolExecutor$Worker.run(ThreadPoolExecutor.java:588)
03-24 14:40:36.211  4932  5370 E AsyncOperation: 	at rxo.run(:com.google.android.gms@15090019@15.0.90 (040400-231259764))
03-24 14:40:36.211  4932  5370 E AsyncOperation: 	at java.lang.Thread.run(Thread.java:818)
03-24 14:40:36.241  3520  3548 I cr_LibraryLoader: Time to load native libraries: 31 ms (timestamps 7140-7171)
03-24 14:40:36.241  3520  3548 I chromium: [INFO:library_loader_hooks.cc(42)] Chromium logging enabled: level = 0, default verbosity = 0
03-24 14:40:36.241  3520  3548 I cr_LibraryLoader: Expected native library version number "72.0.3626.105", actual native library version number "72.0.3626.105"
03-24 14:40:36.241  3520  3548 W ResourcesManager: getTopLevelResources: /data/app/com.android.chrome-2/base.apk / 1.0 running in com.android.chrome rsrc of package com.android.chrome
03-24 14:40:36.241  3670  4552 I PersonaManager: mKnoxInfo is empty
03-24 14:40:36.241  3278  3278 I Timeline: Timeline: Activity_idle id: android.os.BinderProxy@ff8a33b time:69647178
03-24 14:40:36.251  3278  3278 E NFC     : isAndroidBeamAllowed - Begin
03-24 14:40:36.251  3278  3278 I NFC     : showMsg is false
03-24 14:40:36.251  3670  4947 D SecContentProvider: query(), uri = 15 selection = isAndroidBeamAllowed
03-24 14:40:36.261  3670  4019 D NetworkPolicy: isUidForegroundLocked: 10185, mScreenOn: true, uidstate: 13, mProxSensorScreenOff: false
03-24 14:40:36.271  3025  3025 D libEGL  : eglInitialize EGLDisplay = 0x7ff3f31d28
03-24 14:40:36.281  3025  3025 D libEGL  : eglInitialize EGLDisplay = 0x7ff3f31d28
03-24 14:40:36.341  3670  4409 I PersonaManager: mKnoxInfo is empty
03-24 14:40:36.351  3670  4947 I PersonaManager: mKnoxInfo is empty
03-24 14:40:36.361  3670  4409 I PersonaManager: mKnoxInfo is empty
03-24 14:40:36.361  3278  3405 W System.err: mkdir failed: EEXIST (File exists) : /data/user/0/com.android.chrome/files/images
03-24 14:40:36.361  3670  4409 D PackageManager: findPreferredActivity: We found 1 PreferredActivities set, but no match
03-24 14:40:36.361  3670  4409 I PackageManager: No preferred activity: intent should not be shown
03-24 14:40:36.371  3278  3278 W ahp     : platform method missing - proto runtime falling back to safer methods: java.lang.NoSuchMethodException: getByte [class java.lang.Object, long]
03-24 14:40:36.371  3670  3796 V BroadcastQueue: [background] Process cur broadcast BroadcastRecord{2aa1b55 u0 com.android.chrome.BOOKMARK_APPWIDGET_UPDATE qIdx=4}, state= (APP_RECEIVE) DELIVERED for app ProcessRecord{38556c9 3278:com.android.chrome/u0a88}
03-24 14:40:36.391  3278  3432 I cr_BindingManager: Moderate binding enabled: maxSize=40
03-24 14:40:36.421  3572  3572 I dex2oat : /system/bin/dex2oat --compiler-filter=speed --dex-file=/data/user/0/com.android.chrome/app_dex/webapk5.dex --oat-file=/data/user/0/com.android.chrome/app_dex/oat/arm/webapk5.dex
03-24 14:40:36.441  3572  3572 I dex2oat : ----------------------------------------------------
03-24 14:40:36.441  3572  3572 I dex2oat : <SS>: S T A R T I N G . . .
03-24 14:40:36.441  3572  3572 E dex2oat : <SS>: apk not found at /data/user/0/com.android.chrome/app_dex/
03-24 14:40:36.441  3572  3572 I dex2oat : dex2oat took 25.666ms (threads: 8) arena alloc=405KB java alloc=86KB native alloc=1753KB free=2MB
03-24 14:40:36.441  3670  4550 I PersonaManager: mKnoxInfo is empty
03-24 14:40:36.441  3670  3698 I PersonaManager: mKnoxInfo is empty
03-24 14:40:36.441  3278  3428 W System.err: remove failed: ENOENT (No such file or directory) : /data/user/0/com.android.chrome/databases/snapshots.db
03-24 14:40:36.451  3278  3428 W System.err: remove failed: ENOENT (No such file or directory) : /data/user/0/com.android.chrome/databases/snapshots.db-journal
03-24 14:40:36.451  3278  3428 W System.err: remove failed: ENOENT (No such file or directory) : /data/user/0/com.android.chrome/databases/snapshots.db-shm
03-24 14:40:36.451  3278  3428 W System.err: remove failed: ENOENT (No such file or directory) : /data/user/0/com.android.chrome/databases/snapshots.db-wal
03-24 14:40:36.451  4968 24650 I Icing   : IndexChimeraService.getServiceInterface callingPackage=com.android.chrome componentName=null serviceId=SEARCH_CORPORA
03-24 14:40:36.461  3670  4947 I PersonaManager: mKnoxInfo is empty
03-24 14:40:36.461  3278  3404 W System.err: remove failed: ENOENT (No such file or directory) : /data/user/0/com.android.chrome/shared_prefs/webapp_registry.xml.bak
03-24 14:40:36.461  3670  4409 I PersonaManager: mKnoxInfo is empty
03-24 14:40:36.471  3670  4016 I PersonaManager: mKnoxInfo is empty
03-24 14:40:36.471  3670  4550 I PersonaManager: mKnoxInfo is empty
03-24 14:40:36.471  4968 24650 I Icing   : IndexChimeraService.getServiceInterface callingPackage=com.android.chrome componentName=null serviceId=SEARCH_CORPORA
03-24 14:40:36.501  4968  2656 W ResourcesManager: getTopLevelResources: /data/app/com.example.myapplication-2/base.apk / 1.0 running in com.google.android.gms rsrc of package com.example.myapplication
03-24 14:40:36.501  4968  2656 D ResourcesManager: For user 0 new overlays fetched Null
03-24 14:40:36.501  4968  2656 W ResourcesManager: getTopLevelResources: /data/app/com.example.myapplication-2/base.apk / 1.0 running in com.google.android.gms rsrc of package com.example.myapplication
03-24 14:40:36.531  3670  3796 V BroadcastQueue: [background] Process cur broadcast BroadcastRecord{c384dd3 u0 android.intent.action.DROPBOX_ENTRY_ADDED qIdx=4}, state= (APP_RECEIVE) DELIVERED for app ProcessRecord{c537c7c 31311:com.samsung.android.sm/1000}
03-24 14:40:36.541  3670  4421 V BroadcastQueue: [background] Process cur broadcast BroadcastRecord{c384dd3 u0 android.intent.action.DROPBOX_ENTRY_ADDED qIdx=4}, state= (APP_RECEIVE) DELIVERED for app ProcessRecord{b2538ea 4968:com.google.android.gms/u0a15}
03-24 14:40:36.541  3670  4550 I PersonaManager: mKnoxInfo is empty
03-24 14:40:36.541  4968  2656 W ResourcesManager: getTopLevelResources: /data/app/com.yandex.browser-1/base.apk / 1.0 running in com.google.android.gms rsrc of package com.yandex.browser
03-24 14:40:36.551  4968  2656 D ResourcesManager: For user 0 new overlays fetched Null
03-24 14:40:36.551  4968  2656 W ResourcesManager: getTopLevelResources: /data/app/com.yandex.browser-1/base.apk / 1.0 running in com.google.android.gms rsrc of package com.yandex.browser
03-24 14:40:36.551  3670  4143 V BroadcastQueue: [background] Process cur broadcast BroadcastRecord{c384dd3 u0 android.intent.action.DROPBOX_ENTRY_ADDED qIdx=4}, state= (APP_RECEIVE) DELIVERED for app ProcessRecord{49f3f4c 4932:com.google.android.gms.persistent/u0a15}
03-24 14:40:36.551  3670  4947 I PersonaManager: mKnoxInfo is empty
03-24 14:40:36.551  3670  3697 I PersonaManager: mKnoxInfo is empty
03-24 14:40:36.561  3670  4421 I PersonaManager: mKnoxInfo is empty
03-24 14:40:36.561  3670  4524 I PersonaManager: mKnoxInfo is empty
03-24 14:40:36.561  3670  4454 I PersonaManager: mKnoxInfo is empty
03-24 14:40:36.581  4968  2656 W ResourcesManager: getTopLevelResources: /data/app/com.microsoft.emmx-1/base.apk / 1.0 running in com.google.android.gms rsrc of package com.microsoft.emmx
03-24 14:40:36.591  4968  2656 D ResourcesManager: For user 0 new overlays fetched Null
03-24 14:40:36.591  4968  2656 W ResourcesManager: getTopLevelResources: /data/app/com.microsoft.emmx-1/base.apk / 1.0 running in com.google.android.gms rsrc of package com.microsoft.emmx
03-24 14:40:36.621  4968  2656 W ResourcesManager: getTopLevelResources: /data/app/org.mozilla.firefox-1/base.apk / 1.0 running in com.google.android.gms rsrc of package org.mozilla.firefox
03-24 14:40:36.621  4968  2656 D ResourcesManager: For user 0 new overlays fetched Null
03-24 14:40:36.641  4968  2656 W ResourcesManager: getTopLevelResources: /data/app/com.android.chrome-2/base.apk / 1.0 running in com.google.android.gms rsrc of package com.android.chrome
03-24 14:40:36.641  4968  2656 W ResourcesManager: getTopLevelResources: /data/app/com.android.chrome-2/base.apk / 1.0 running in com.google.android.gms rsrc of package com.android.chrome
03-24 14:40:36.641  4968  2656 I Icing   : Usage reports ok 8, Failed Usage reports 0, indexed 0, rejected 0, imm upload false
03-24 14:40:36.651  3670  3698 I PersonaManager: mKnoxInfo is empty
03-24 14:40:36.661  4968  2656 I Icing   : Usage reports ok 0, Failed Usage reports 0, indexed 0, rejected 0, imm upload false
03-24 14:40:36.661  4968  2656 I Icing   : Removing corpus key com.android.chrome-omnibox for package com.android.chrome
03-24 14:40:36.741  4968  2656 I native  : document-store.cc:1756 Scored 2166 usage reports, missing_corpora 102 update_failed 218
03-24 14:40:36.771  4968  2656 I Icing   : Indexing com.android.chrome-omnibox from com.android.chrome
03-24 14:40:36.791  4968  2656 I Icing   : Indexing done com.android.chrome-omnibox
03-24 14:40:36.791  3670  4552 I PersonaManager: mKnoxInfo is empty
03-24 14:40:37.411  3670  4068 W System.err: remove failed: ENOENT (No such file or directory) : /data/system/recent_tasks/114_task.xml.bak
03-24 14:40:40.621  3670  6805 D SSRM:n  : SIOP:: AP = 410, PST = 374 (W:10), CP = 283, LCD = 113
03-24 14:40:40.701  3670  6805 D ConnectivityService: returning getNetworkInfo for network type 1 : [type: WIFI[] - WIFI, state: CONNECTED/CONNECTED, reason: (unspecified), extra: "DataStructures", roaming: false, failover: false, isAvailable: true]
03-24 14:40:40.931  3278  3278 D ConnectivityManager: requestNetwork; getAppId(CallingUid) : 10088, CallingPid : 3278
03-24 14:40:40.941  3670  4550 D ConnectivityService: listenForNetwork for Listen from uid/pid:10088/3278 for NetworkRequest [ id=243, legacyType=-1, [ Capabilities: INTERNET&NOT_RESTRICTED&TRUSTED] ]
03-24 14:40:40.941  3670  4029 D ConnectivityService: rematching NetworkAgentInfo [WIFI () - 510]
03-24 14:40:40.941  3670  4029 D ConnectivityService:  network has: NetworkAgentInfo{ ni{[type: WIFI[] - WIFI, state: CONNECTED/CONNECTED, reason: (unspecified), extra: "DataStructures", roaming: false, failover: false, isAvailable: true]}  network{510}  lp{{InterfaceName: wlan0 LinkAddresses: [fe80::ee9b:f3ff:fe73:43e9/64,192.168.0.174/24,]  Routes: [fe80::/64 -> :: wlan0,192.168.0.0/24 -> 0.0.0.0 wlan0,0.0.0.0/0 -> 192.168.0.1 wlan0,] DnsAddresses: [192.168.0.1,] Domains:  MTU: 0 TcpBufferSizes: 524288,1048576,4525824,524288,1048576,4525824}}  nc{[ Transports: WIFI Capabilities: INTERNET&NOT_RESTRICTED&TRUSTED&NOT_VPN&VALIDATED LinkUpBandwidth>=1048576Kbps LinkDnBandwidth>=1048576Kbps SignalStrength: -33]}  Score{60}  everValidated{true}  lastValidated{true}  created{true} lingering{false} explicitlySelected{false} acceptUnvalidated{false} everCaptivePortalDetected{false} lastCaptivePortalDetected{false} }
03-24 14:40:40.941  3670  4029 D ConnectivityService:   checking if request is: NetworkRequest [ id=243, legacyType=-1, [ Capabilities: INTERNET&NOT_RESTRICTED&TRUSTED] ] satisfies: true nri.isRequest: false
03-24 14:40:40.951  3670  4029 D ConnectivityService:   checking if request is: NetworkRequest [ id=10, legacyType=-1, [ Capabilities: INTERNET&NOT_RESTRICTED&TRUSTED&NOT_VPN] ] satisfies: true nri.isRequest: false
03-24 14:40:40.951  3670  4029 D ConnectivityService:   checking if request is: NetworkRequest [ id=30, legacyType=-1, [ Capabilities: INTERNET&NOT_RESTRICTED&TRUSTED] ] satisfies: true nri.isRequest: false
03-24 14:40:40.951  3670  4029 D ConnectivityService:   checking if request is: NetworkRequest [ id=241, legacyType=-1, [ Capabilities: INTERNET&NOT_RESTRICTED&TRUSTED] ] satisfies: true nri.isRequest: false
03-24 14:40:40.951  3670  4029 D ConnectivityService:   checking if request is: NetworkRequest [ id=5, legacyType=-1, [ Transports: WIFI Capabilities: INTERNET&NOT_RESTRICTED&TRUSTED&NOT_VPN] ] satisfies: true nri.isRequest: false
03-24 14:40:40.951  3670  4029 D ConnectivityService: Network NetworkAgentInfo [WIFI () - 510] was already satisfying request 1. No change.
03-24 14:40:40.951  3670  4029 D ConnectivityService:   checking if request is: NetworkRequest [ id=3, legacyType=-1, [] ] satisfies: true nri.isRequest: false
03-24 14:40:40.951  3670  4029 D ConnectivityService:   checking if request is: NetworkRequest [ id=4, legacyType=-1, [ Transports: CELLULAR Capabilities: INTERNET&NOT_RESTRICTED&TRUSTED&NOT_VPN] ] satisfies: false nri.isRequest: false
03-24 14:40:40.951  3670  4029 D ConnectivityService:   checking if request is: NetworkRequest [ id=226, legacyType=-1, [ Capabilities: INTERNET&NOT_RESTRICTED&TRUSTED] ] satisfies: true nri.isRequest: false
03-24 14:40:40.951  3670  4029 D ConnectivityService:   checking if request is: NetworkRequest [ id=29, legacyType=-1, [ Capabilities: INTERNET&NOT_RESTRICTED&TRUSTED] ] satisfies: true nri.isRequest: false
03-24 14:40:40.951  3670  4029 D ConnectivityService:   checking if request is: NetworkRequest [ id=242, legacyType=-1, [ Capabilities: INTERNET&NOT_RESTRICTED&TRUSTED] ] satisfies: true nri.isRequest: false
03-24 14:40:40.951  3670  4029 D ConnectivityService:   checking if request is: NetworkRequest [ id=228, legacyType=-1, [ Capabilities: INTERNET&NOT_RESTRICTED&TRUSTED] ] satisfies: true nri.isRequest: false
03-24 14:40:40.951  3670  4029 D ConnectivityService: sending notification AVAILABLE for NetworkRequest [ id=243, legacyType=-1, [ Capabilities: INTERNET&NOT_RESTRICTED&TRUSTED] ]
03-24 14:40:41.001  3670  6805 D ConnectivityService: returning getNetworkInfo for network type 1 : [type: WIFI[] - WIFI, state: CONNECTED/CONNECTED, reason: (unspecified), extra: "DataStructures", roaming: false, failover: false, isAvailable: true]
03-24 14:40:41.661  3054  3101 D Sensorhubs: readContextData: 1, 1, 52, 0, 0, 16, 93, 0, 0, 11, -59, 0, 0, 10, -20, 0, 0, 0, 0, 0, 0, 0, 78, 0, 0, 14, 83
03-24 14:40:41.661  3670  3983 D SensorHubManager: onGetSensorHubDataLocked: library(27) = 1, 1, 52, 0, 0, 16, 93, 0, 0, 11, -59, 0, 0, 10, -20, 0, 0, 0, 0, 0, 0, 0, 78, 0, 0, 14, 83
03-24 14:40:41.661  3670  3982 D CAE     : onGetSensorHubData(SensorHubParserProvider.java:92) - onGetSensorHubData Event [event buffer len :27], AP_WAKEUP
03-24 14:40:41.661  3670  3982 I CAE     : parse(SensorHubParserProvider.java:188) - buffer size = 27
03-24 14:40:41.661  3670  3982 I CAE     : parse(SensorHubParserProvider.java:199) - 1, 1, 52, 0, 0, 16, 93, 0, 0, 11, -59, 0, 0, 10, -20, 0, 0, 0, 0, 0, 0, 0, 78, 0, 0, 14, 83,
03-24 14:40:41.661  3670  3982 D CAE     : display(ContextProvider.java:375) - ================= EAD =================
03-24 14:40:41.661  3670  3982 I CAE     : display(ContextProvider.java:391) - B=[0.2796], G=[0.3013], R=[0.4189], CCT=[3667], Lux=[78]
03-24 14:40:41.661  3670  3985 D SContextService: updateSContext() : event = Environment Adaptive Display
03-24 14:40:41.661  3670  4040 I AdaptiveDisplayColorService: AvgR : 0.4189, AvgG : 0.3013, AvgB : 0.2796, avg lux : 78
03-24 14:40:42.411  3670  3930 D PackageManager: [MSG] WRITE_PACKAGE_RESTRICTIONS
03-24 14:40:42.441  3670  3930 W System.err: remove failed: ENOENT (No such file or directory) : /data/system/users/0/package-restrictions.xml.bak
03-24 14:40:42.641  3520  3548 I chromium: [INFO:child_process_service.cc(73)] ChildProcessService: Exiting child process.
03-24 14:40:42.681  3278  3278 W chromium: [WARNING:compositor_view.cc(263)] Child process died (type=6) pid=3520)
03-24 14:40:42.691  3670  4421 I ActivityManager: Process com.android.chrome:sandboxed_process1 (pid 3520)(adj 0) has died(54,607)
03-24 14:40:42.691  3670  4421 D ActivityManager: cleanUpApplicationRecord -- 3520
03-24 14:40:42.691  3670  4421 D ActivityManager: isAutoRunBlockedApp:: com.android.chrome, Auto Run ON
03-24 14:40:44.701  3670  4552 D BatteryService: !@BatteryListener : batteryPropertiesChanged!
03-24 14:40:44.701  3670  4552 D BatteryService: level:92, scale:100, status:2, health:2, present:true, voltage: 4269, temperature: 297, technology: Li-ion, AC powered:false, USB powered:true, POGO powered:false, Wireless powered:false, icon:17303414, invalid charger:0, maxChargingCurrent:0
03-24 14:40:44.701  3670  4552 D BatteryService: online:4, current avg:15, charge type:1, power sharing:false, high voltage charger:false, capacity:280000, batterySWSelfDischarging:false, current_now:275
03-24 14:40:44.701  3670  3670 D BatteryService: Sending ACTION_BATTERY_CHANGED.
03-24 14:40:44.711  3670  3670 I MotionRecognitionService: Plugged
03-24 14:40:44.711  3670  3670 E MotionRecognitionService: support TA ~
03-24 14:40:44.711  3670  3670 I MotionRecognitionService: isTAConnected | current backoffstate  = 33792
03-24 14:40:44.711  3670  3670 D MotionRecognitionService:  TA connected ,  33792
03-24 14:40:44.711  3670  3670 I MotionRecognitionService: skip setTransmitPower. 
03-24 14:40:44.711  3670  3670 D MotionRecognitionService:   cableConnection= 1
03-24 14:40:44.711  3670  3670 D MotionRecognitionService: setPowerConnected | current backoffstate  = 33792 , state =33792
03-24 14:40:44.711  3670  3670 D MotionRecognitionService: skip setTransmitPower. 
03-24 14:40:44.711  4103  4103 D KeyguardUpdateMonitor: received broadcast android.intent.action.BATTERY_CHANGED
03-24 14:40:44.711  4103  4103 D PowerUI : priorPlugType = 2 mPlugType =  2
03-24 14:40:44.721  4103  4103 D PowerUI.Notification: showChargingNotice oldChargingType : 1 currentChargingType : 1 oldChargingTime : 1574000 mChargingTime : 1599000
03-24 14:40:44.721  4103  4103 D PowerUI.Notification: showChargingNotification()
03-24 14:40:44.731  3670  4421 D ApplicationPolicy: isStatusBarNotificationAllowedAsUser: packageName = com.android.systemui,userId = -1
03-24 14:40:44.731  3670  4421 I PersonaManager: mKnoxInfo is empty
03-24 14:40:44.731  4103  4103 D KeyguardUpdateMonitor: handleBatteryUpdate
03-24 14:40:44.731  4103  4103 D BatteryMeterView: ACTION_BATTERY_CHANGED : level:92 status:2 health:2
03-24 14:40:44.731  4103  4103 D BatteryMeterView: ACTION_BATTERY_CHANGED : level:92 status:2 health:2
03-24 14:40:44.731  3670  3670 D MARsPolicyManager: NotificationListenerService OngoingNotificationPosted : com.android.systemui
03-24 14:40:44.751  4103  4103 W ResourcesManager: getTopLevelResources: /system/priv-app/SystemUI/SystemUI.apk / 1.0 running in com.android.systemui rsrc of package com.android.systemui
03-24 14:40:44.761  4103  4103 D PhoneStatusBar: setAreThereNotifications: N=2 any=true clearable=false
03-24 14:40:46.251  3670  3796 W ActivityManager: Activity stop timeout for ActivityRecord{9b79b u0 com.example.myapplication/.MainActivity t99}
03-24 14:40:46.941  3670  4283 E Watchdog: !@Sync 2321 [03-24 14:40:46.943]
03-24 14:40:50.781  3670  6805 D SSRM:n  : SIOP:: AP = 370, PST = 369 (W:18), CP = 285, CUR = 15, LCD = 113
03-24 14:40:50.841  3670  6805 D ConnectivityService: returning getNetworkInfo for network type 1 : [type: WIFI[] - WIFI, state: CONNECTED/CONNECTED, reason: (unspecified), extra: "DataStructures", roaming: false, failover: false, isAvailable: true]
03-24 14:40:54.731  3670  4947 D BatteryService: !@BatteryListener : batteryPropertiesChanged!
03-24 14:40:54.731  3670  4947 D BatteryService: level:92, scale:100, status:2, health:2, present:true, voltage: 4257, temperature: 297, technology: Li-ion, AC powered:false, USB powered:true, POGO powered:false, Wireless powered:false, icon:17303414, invalid charger:0, maxChargingCurrent:0
03-24 14:40:54.731  3670  4947 D BatteryService: online:4, current avg:90, charge type:1, power sharing:false, high voltage charger:false, capacity:280000, batterySWSelfDischarging:false, current_now:156
03-24 14:40:54.731  3670  3670 D BatteryService: Sending ACTION_BATTERY_CHANGED.
03-24 14:40:54.731  3670  3670 I MotionRecognitionService: Plugged
03-24 14:40:54.731  3670  3670 E MotionRecognitionService: support TA ~
03-24 14:40:54.731  3670  3670 I MotionRecognitionService: isTAConnected | current backoffstate  = 33792
03-24 14:40:54.731  3670  3670 D MotionRecognitionService:  TA connected ,  33792
03-24 14:40:54.731  3670  3670 I MotionRecognitionService: skip setTransmitPower. 
03-24 14:40:54.731  3670  3670 D MotionRecognitionService:   cableConnection= 1
03-24 14:40:54.731  3670  3670 D MotionRecognitionService: setPowerConnected | current backoffstate  = 33792 , state =33792
03-24 14:40:54.731  3670  3670 D MotionRecognitionService: skip setTransmitPower. 
03-24 14:40:54.741  4103  4103 D KeyguardUpdateMonitor: received broadcast android.intent.action.BATTERY_CHANGED
03-24 14:40:54.741  4103  4103 D PowerUI : priorPlugType = 2 mPlugType =  2
03-24 14:40:54.741  4103  4103 D KeyguardUpdateMonitor: handleBatteryUpdate
03-24 14:40:54.741  4103  4103 D PowerUI.Notification: showChargingNotice oldChargingType : 1 currentChargingType : 1 oldChargingTime : 1599000 mChargingTime : 1574000
03-24 14:40:54.741  4103  4103 D PowerUI.Notification: showChargingNotification()
03-24 14:40:54.751  3670  4016 D ApplicationPolicy: isStatusBarNotificationAllowedAsUser: packageName = com.android.systemui,userId = -1
03-24 14:40:54.751  3670  4016 I PersonaManager: mKnoxInfo is empty
03-24 14:40:54.761  4103  4103 D BatteryMeterView: ACTION_BATTERY_CHANGED : level:92 status:2 health:2
03-24 14:40:54.761  4103  4103 D BatteryMeterView: ACTION_BATTERY_CHANGED : level:92 status:2 health:2
03-24 14:40:54.771  3670  3670 D MARsPolicyManager: NotificationListenerService OngoingNotificationPosted : com.android.systemui
03-24 14:40:54.781  4103  4103 W ResourcesManager: getTopLevelResources: /system/priv-app/SystemUI/SystemUI.apk / 1.0 running in com.android.systemui rsrc of package com.android.systemui
03-24 14:40:54.781  4103  4103 D PhoneStatusBar: setAreThereNotifications: N=2 any=true clearable=false
03-24 14:40:59.991  3670  3980 V AlarmManager: Expired Alarm result :8
