--------- beginning of main
03-24 14:40:33.871 31989 31989 D CS/SettingChangeReceiver: onReceive() action = android.intent.action.PACKAGE_DATA_CLEARED
03-24 14:40:33.871 31989 31989 D CS/SettingChangeReceiver: ACTION_PACKAGE_DATA_CLEARED
--------- beginning of system
03-24 14:40:33.871  3670  3697 V BroadcastQueue: [background] Process cur broadcast BroadcastRecord{71336e2 u0 android.intent.action.PACKAGE_DATA_CLEARED qIdx=4}, state= (APP_RECEIVE) DELIVERED for app ProcessRecord{6de0e95 31989:com.samsung.android.communicationservice/5002}
03-24 14:40:33.881  3670  3697 V BroadcastQueue: [background] Process cur broadcast BroadcastRecord{71336e2 u0 android.intent.action.PACKAGE_DATA_CLEARED qIdx=4}, state= (APP_RECEIVE) DELIVERED for app ProcessRecord{36ab8db 30090:com.samsung.storyservice/5004}
03-24 14:40:33.881  3670  3697 V BroadcastQueue: [background] Process cur broadcast BroadcastRecord{71336e2 u0 android.intent.action.PACKAGE_DATA_CLEARED qIdx=4}, state= (APP_RECEIVE) DELIVERED for app ProcessRecord{13bcbaa 32007:com.samsung.android.provider.shootingmodeprovider/u0a63}
03-24 14:40:33.891  3670  3697 V BroadcastQueue: [background] Process cur broadcast BroadcastRecord{71336e2 u0 android.intent.action.PACKAGE_DATA_CLEARED qIdx=4}, state= (APP_RECEIVE) DELIVERED for app ProcessRecord{dffb39b 32019:com.android.mms/u0a68}
03-24 14:40:33.891 32019 32019 D Mms/FreeMessageStatusReceiver: onReceive, action : android.intent.action.PACKAGE_DATA_CLEARED
03-24 14:40:33.891  3670  4452 I PersonaManager: mKnoxInfo is empty
03-24 14:40:33.901 32019  3376 D Mms/FreeMessageReceiverService: onHandleIntent, action : android.intent.action.PACKAGE_DATA_CLEARED
03-24 14:40:33.901 32019  3376 D Mms/FreeMessageReceiverService: onHandleIntent: ACTION_PACKAGE_DATA_CLEARED
03-24 14:40:33.901  3670  4016 V BroadcastQueue: [background] Process cur broadcast BroadcastRecord{71336e2 u0 android.intent.action.PACKAGE_DATA_CLEARED qIdx=4}, state= (APP_RECEIVE) DELIVERED for app ProcessRecord{c098a68 32052:com.android.contacts/u0a11}
03-24 14:40:33.911  3670  4016 V BroadcastQueue: [background] Process cur broadcast BroadcastRecord{71336e2 u0 android.intent.action.PACKAGE_DATA_CLEARED qIdx=4}, state= (APP_RECEIVE) DELIVERED for app ProcessRecord{e27b8fe 32085:com.samsung.android.weather/u0a77}
03-24 14:40:33.911 32085 32085 D [WeatherApp(1236)]  : {[210EBC5507306FD4A50F1D40A85780C068F240D41FBB267D51FF013BE0DD2039C2D12A1E8BDFBC0AEF71E0B60AC5CC1257983AB444C2B609C0595121A88B8667126ECD7216DE7D2CE75D86A1801F9BBE78FBFBEB799E5575E2D9DAD51288243B5A63DDAD069337FD6A3E71263149F35F40291D6406B56B349769C2DB709665DC]}
03-24 14:40:33.921  3670  4016 V BroadcastQueue: [background] Process cur broadcast BroadcastRecord{71336e2 u0 android.intent.action.PACKAGE_DATA_CLEARED qIdx=4}, state= (APP_RECEIVE) DELIVERED for app ProcessRecord{a7cb8c2 30789:com.samsung.android.coreapps/5011}
03-24 14:40:33.921  3670  4016 V BroadcastQueue: [background] Process cur broadcast BroadcastRecord{71336e2 u0 android.intent.action.PACKAGE_DATA_CLEARED qIdx=4}, state= (APP_RECEIVE) DELIVERED for app ProcessRecord{3bb585f 32098:com.android.documentsui/u0a92}
03-24 14:40:33.931  3670  4016 V BroadcastQueue: [background] Process cur broadcast BroadcastRecord{71336e2 u0 android.intent.action.PACKAGE_DATA_CLEARED qIdx=4}, state= (APP_RECEIVE) DELIVERED for app ProcessRecord{126ce28 24150:com.sec.android.daemonapp/u0a145}
03-24 14:40:33.931 24150 24150 D [WeatherWidget(1236)]  ClearDataReceiver: {[2B4A2AC40B5A9FD87A06E8EADDAC90140D0735C4111B00ED5A4BFDD943296A603CF64C72E7F3E6D25FF9ACC8831CFEFAAF9CFCCA971A42420C7C4462190C6970D4522B06ADB15EB3E59FE8EB8A3E9AFD587790E7525E9B2C629DB8BB87C6ACCAFC257863C371D4D677465673D32DD8E1]}
03-24 14:40:33.931  3670  4016 V BroadcastQueue: [background] Process cur broadcast BroadcastRecord{71336e2 u0 android.intent.action.PACKAGE_DATA_CLEARED qIdx=4}, state= (APP_RECEIVE) DELIVERED for app ProcessRecord{ae85d98 32123:com.android.calendar/u0a164}
03-24 14:40:33.941  3670  4016 V BroadcastQueue: [background] Process cur broadcast BroadcastRecord{71336e2 u0 android.intent.action.PACKAGE_DATA_CLEARED qIdx=4}, state= (APP_RECEIVE) DELIVERED for app ProcessRecord{d0459f1 32150:com.sec.android.app.sbrowser/u0a168}
03-24 14:40:33.941 32150 32150 E WebContentsProviderReceiver: onReceive - not approved application
03-24 14:40:33.941  3670  4016 V BroadcastQueue: [background] Process cur broadcast BroadcastRecord{71336e2 u0 android.intent.action.PACKAGE_DATA_CLEARED qIdx=4}, state= (APP_RECEIVE) DELIVERED for app ProcessRecord{38556c9 3278:com.android.chrome/u0a88}
03-24 14:40:33.951  3670  4016 V BroadcastQueue: [background] Process cur broadcast BroadcastRecord{71336e2 u0 android.intent.action.PACKAGE_DATA_CLEARED qIdx=4}, state= (APP_RECEIVE) DELIVERED for app ProcessRecord{49f3f4c 4932:com.google.android.gms.persistent/u0a15}
03-24 14:40:33.951  3670  4550 I PersonaManager: mKnoxInfo is empty
03-24 14:40:33.951  3670  3698 I PersonaManager: mKnoxInfo is empty
03-24 14:40:33.961  3670  4524 I PersonaManager: mKnoxInfo is empty
03-24 14:40:33.961  3670  4421 I PersonaManager: mKnoxInfo is empty
03-24 14:40:33.971  3670  4552 I PersonaManager: mKnoxInfo is empty
03-24 14:40:33.971  4968  3265 I LocationSettingsChecker: Removing dialog suppression flag for package org.mozilla.firefox
03-24 14:40:33.991  3670  4454 I PersonaManager: mKnoxInfo is empty
03-24 14:40:33.991  3670  3697 I PersonaManager: mKnoxInfo is empty
03-24 14:40:33.991  3670  4952 I PersonaManager: mKnoxInfo is empty
03-24 14:40:34.001  3670  4016 I PersonaManager: mKnoxInfo is empty
03-24 14:40:34.001  3670  4524 I PersonaManager: mKnoxInfo is empty
03-24 14:40:34.001  4968  2656 I Icing   : doRemovePackageData org.mozilla.firefox
03-24 14:40:34.031  3670  4454 I PersonaManager: mKnoxInfo is empty
03-24 14:40:34.121  3670  3682 I art     : Background partial concurrent mark sweep GC freed 103249(6MB) AllocSpace objects, 47(940KB) LOS objects, 27% free, 41MB/57MB, paused 1.458ms total 149.745ms
03-24 14:40:34.291  3371  3371 I FIPS_bssl: FIPS approved mode (1) | 3371 | app_process
03-24 14:40:34.291  3371  3371 D AndroidRuntime: >>>>>> START com.android.internal.os.RuntimeInit uid 2000 <<<<<<
03-24 14:40:34.301  3371  3371 D AndroidRuntime: CheckJNI is OFF
03-24 14:40:34.301  3371  3371 D AndroidRuntime: readGMSProperty: start
03-24 14:40:34.301  3371  3371 D AndroidRuntime: readGMSProperty: already setted!!
03-24 14:40:34.301  3371  3371 D AndroidRuntime: propertySet: couldn't set property (it is from app)
03-24 14:40:34.301  3371  3371 D AndroidRuntime: readGMSProperty: could not set the property(default)!!
03-24 14:40:34.301  3371  3371 D AndroidRuntime: readGMSProperty: end
03-24 14:40:34.301  3371  3371 D AndroidRuntime: addProductProperty: start
03-24 14:40:34.321  3371  3371 D ICU     : No timezone override file found: /data/misc/zoneinfo/current/icu/icu_tzdata.dat
03-24 14:40:34.351  3371  3371 I Radio-JNI: register_android_hardware_Radio DONE
03-24 14:40:34.351  3371  3371 E AffinityControl: AffinityControl: registerfunction enter
03-24 14:40:34.371  3371  3371 D AndroidRuntime: Calling main entry com.android.commands.monkey.Monkey
03-24 14:40:34.391  3670  3796 W BroadcastQueue: Skipping deliver [background] BroadcastRecord{701d248 u-1 android.net.conn.CONNECTIVITY_CHANGE qIdx=4}, state= (IDLE) to ReceiverList{588a8e1 3371 (unknown name)/2000/u-1 remote:280c03a}: process crashing
03-24 14:40:34.391  3371  3371 I Timeline: Timeline: Activity_launch_request id:com.android.chrome time:69645329
03-24 14:40:34.401  3670  4407 I PersonaManager: mKnoxInfo is empty
03-24 14:40:34.401  3670  4407 D GameManagerService: identifyGamePackage. com.android.chrome
03-24 14:40:34.401  3670  4407 D MultiWindowPolicy: Gamemode - return 0,  when calling  identifyForegroundApp(com.android.chrome)
03-24 14:40:34.401  3670  4407 D CustomFrequencyManagerService: acquireDVFSLockLocked : type : DVFS_MIN_LIMIT  frequency : 1800000  uid : 1000  pid : 3670  pkgName : ACTIVITY_RESUME_BOOSTER@3
03-24 14:40:34.401  3670  4407 D ActivityManager: mDVFSHelper.acquire()
03-24 14:40:34.401  3670  4407 V WindowManager: addAppToken: AppWindowToken{285caf4 token=Token{ee2b4c7 ActivityRecord{daaa606 u0 com.android.chrome/com.google.android.apps.chrome.Main t114}}} to stack=1 task=114 at 0
03-24 14:40:34.411  3670  4407 D InputDispatcher: Focused application set to: xxxx
03-24 14:40:34.421  3670  4407 D InputDispatcher: Focus left window: 30395
03-24 14:40:34.421  3670  4454 D SettingsProvider: isChangeAllowed() : name = user_rotation
03-24 14:40:34.421  3670  4454 D SettingsProvider: isChangeAllowed() : name = accelerometer_rotation
03-24 14:40:34.421  3670  4454 V WindowOrientationListener: OrientationSensorJudge.getProposedRotation, Rotation: -1
03-24 14:40:34.421  3670  4454 V WindowManager: rotationForOrientationLw(orient=-1, last=0); user=0  sensorRotation=-1 mLidState=-1 mDockMode=0 mHdmiPlugged=false mMobileKeyboardEnabled=false displayId=0
03-24 14:40:34.421  3670  4454 V WindowOrientationListener: OrientationSensorJudge.getProposedRotation, Rotation: -1
03-24 14:40:34.421  3670  3884 D SecWifiDisplayUtil: Metadata value : SecSettings2
03-24 14:40:34.421  3670  3884 D ViewRootImpl: #1 mView = com.android.internal.policy.PhoneWindow$DecorView{3ea6fde V.E...... R.....ID 0,0-0,0}
03-24 14:40:34.421  3670  3798 D SContextService: unregisterCallback() : Listener = android.hardware.scontext.SContextService$Listener@2e75e6d, Service = Auto Rotation, used = 0
03-24 14:40:34.421  3670  3798 W CAE     : unregisterCallback(ContextAwareService.java:206) - [unregi 01] Mutex is locked for AUTO_ROTATION
03-24 14:40:34.421  3670  3798 V CAE     : stop(ContextProvider.java:155)
03-24 14:40:34.431  3670  3798 V CAE     : clear(AutoRotationRunner.java:182)
03-24 14:40:34.431  3670  3798 V CAE     : disable(AutoRotationRunner.java:171)
03-24 14:40:34.431  3670  3798 I CAE     : sendCmdToSensorHub(SensorHubCommManager.java:162) - -78, 7, 0, 0,
03-24 14:40:34.431  3670  3798 D SensorHubManager: SendSensorHubData: send data = -78, 7, 0, 0
03-24 14:40:34.431  3054  3104 D Sensorhubs: sendContextData: -78, 7, 0, 0
03-24 14:40:34.431  3670  3884 D ISSUE_DEBUG: InputChannelName : ccb848c Starting com.android.chrome
03-24 14:40:34.431  3670  3884 D PointerIcon: setMouseIconStyle1 pointerType: 1001 iconType:101 flag:0 pid:3670 uid:1000
03-24 14:40:34.431  3670  3884 D PointerIcon: setMouseCustomIcon IconType is same.101
03-24 14:40:34.431  3670  4143 D SettingsProvider: isChangeAllowed() : name = accelerometer_rotation
03-24 14:40:34.431  3670  3798 D CAE     : getFaultDetectionResult(AutoRotationRunner.java:195) - true
03-24 14:40:34.431  3670  3798 I CAE     : notifyCmdProcessResultObserver(ContextProvider.java:627) - CheckResult = 0, Cause = Success
03-24 14:40:34.441  3670  3798 D CAE     : doCommendProcess(ContextAwareService.java:433) - complete notify the operation result.
03-24 14:40:34.451  3670  4143 V WindowManager: rotationForOrientationLw(orient=-1, last=0); user=0 USER_ROTATION_LOCKED sensorRotation=-1 mLidState=-1 mDockMode=0 mHdmiPlugged=false mMobileKeyboardEnabled=false displayId=0
03-24 14:40:34.441  3670  3798 I CAE     : displayUsedCountForService(ContextAwareService.java:525) - totalCnt = 0, serviceCount = 0, subCollectionCount = 0
03-24 14:40:34.441  3670  3798 D CAE     : showListenerList(ContextAwareService.java:366) - ===== Context Aware Service List =====
03-24 14:40:34.441  3670  3798 I CAE     : showListenerList(ContextAwareService.java:375) - Listener : com.samsung.android.contextaware.manager.ContextAwareService$Listener@1e966aa, Service : ACTIVITY_TRACKER_CURRENT_INFO(1)
03-24 14:40:34.441  3670  3798 I CAE     : showListenerList(ContextAwareService.java:375) - Listener : com.samsung.android.contextaware.manager.ContextAwareService$Listener@1e966aa, Service : ACTIVITY_TRACKER(1)
03-24 14:40:34.451  3670  3798 I CAE     : showListenerList(ContextAwareService.java:375) - Listener : com.samsung.android.contextaware.manager.ContextAwareService$Listener@f46c0eb, Service : AUTO_BRIGHTNESS(1)
03-24 14:40:34.451  3670  3798 W CAE     : unregisterCallback(ContextAwareService.java:241) - [unregi 02] Mutex is unlocked for AUTO_ROTATION
03-24 14:40:34.451  3670  3798 D SContextService: 	.unregisterCallback : 3, client=
03-24 14:40:34.451  3670  3798 D SContextService: ===== SContext Service List =====
03-24 14:40:34.451  3670  3798 D SContextService: Listener : android.hardware.scontext.SContextService$Listener@a9ee48, Service : Auto Brightness
03-24 14:40:34.451  3670  3798 D SContextService: Listener : android.hardware.scontext.SContextService$Listener@ba6ba11, Service : Activity Tracker
03-24 14:40:34.451  3670  3798 D SContextManager:   .unregisterListener : listener = com.android.server.policy.WindowOrientationListener$OrientationSensorJudge@a57e543, service=Auto Rotation
03-24 14:40:34.451  3670  3798 V WindowManager: rotationForOrientationLw(orient=-1, last=0); user=0 USER_ROTATION_LOCKED sensorRotation=-1 mLidState=-1 mDockMode=0 mHdmiPlugged=false mMobileKeyboardEnabled=false displayId=0
03-24 14:40:34.451  3025  3025 I SurfaceFlinger: id=502 createSurf (1440x2560),1 flag=404, dhrome
03-24 14:40:34.451  3670  3884 D ViewRootImpl: MSG_RESIZED_REPORT: ci=Rect(0, 96 - 0, 0) vi=Rect(0, 96 - 0, 0) or=1
03-24 14:40:34.451  3670  3798 V WindowManager: rotationForOrientationLw(orient=-1, last=0); user=0 USER_ROTATION_LOCKED sensorRotation=-1 mLidState=-1 mDockMode=0 mHdmiPlugged=false mMobileKeyboardEnabled=false displayId=0
03-24 14:40:34.451  3371  3371 I art     : System.exit called, status: 0
03-24 14:40:34.451  3371  3371 I AndroidRuntime: VM exiting with result code 0.
03-24 14:40:34.451  3670  3798 W CAE     : setCAProperty(ContextAwareService.java:578) - [setProperty 01] Mutex is locked for AUTO_ROTATION
03-24 14:40:34.461  3670  3798 I CAE     : setPropertyValue(AutoRotationRunner.java:119) - Device Type = 0.0
03-24 14:40:34.461  3670  3798 I CAE     : setCAProperty(ContextAwareService.java:583) - result : true
03-24 14:40:34.461  3670  3798 W CAE     : setCAProperty(ContextAwareService.java:584) - [setProperty 02] Mutex is unlocked for AUTO_ROTATION
03-24 14:40:34.461  3670  3798 W CAE     : registerCallback(ContextAwareService.java:144) - [regi 01] Mutex is locked for AUTO_ROTATION
03-24 14:40:34.461  3670  3798 V CAE     : start(ContextProvider.java:128)
03-24 14:40:34.461  3670  3798 V CAE     : clear(AutoRotationRunner.java:182)
03-24 14:40:34.461  3670  3798 V CAE     : enable(AutoRotationRunner.java:158)
03-24 14:40:34.461  3670  3798 I CAE     : sendCmdToSensorHub(SensorHubCommManager.java:162) - -79, 7, 0, 0,
03-24 14:40:34.461  3670  3798 D SensorHubManager: SendSensorHubData: send data = -79, 7, 0, 0
03-24 14:40:34.461  3054  3054 D Sensorhubs: sendContextData: -79, 7, 0, 0
03-24 14:40:34.461  3670  3798 D CAE     : getFaultDetectionResult(AutoRotationRunner.java:195) - true
03-24 14:40:34.461  3670  3798 I CAE     : notifyCmdProcessResultObserver(ContextProvider.java:627) - CheckResult = 0, Cause = Success
03-24 14:40:34.471  3670  3884 V WindowStateAnimator: Finishing drawing window Window{ccb848c u0 d0 Starting com.android.chrome}: mDrawState=DRAW_PENDING
03-24 14:40:34.471  3670  3798 D CAE     : doCommendProcess(ContextAwareService.java:433) - complete notify the operation result.
03-24 14:40:34.481  3670  3798 I CAE     : displayUsedCountForService(ContextAwareService.java:525) - totalCnt = 1, serviceCount = 1, subCollectionCount = 0
03-24 14:40:34.481  3670  3798 D CAE     : showListenerList(ContextAwareService.java:366) - ===== Context Aware Service List =====
03-24 14:40:34.481  3670  3798 I CAE     : showListenerList(ContextAwareService.java:375) - Listener : com.samsung.android.contextaware.manager.ContextAwareService$Listener@1e966aa, Service : ACTIVITY_TRACKER_CURRENT_INFO(1)
03-24 14:40:34.481  3670  3798 I CAE     : showListenerList(ContextAwareService.java:375) - Listener : com.samsung.android.contextaware.manager.ContextAwareService$Listener@1e966aa, Service : ACTIVITY_TRACKER(1)
03-24 14:40:34.481  3670  3798 I CAE     : showListenerList(ContextAwareService.java:375) - Listener : com.samsung.android.contextaware.manager.ContextAwareService$Listener@f46c0eb, Service : AUTO_BRIGHTNESS(1)
03-24 14:40:34.481  3670  3798 I CAE     : showListenerList(ContextAwareService.java:375) - Listener : com.samsung.android.contextaware.manager.ContextAwareService$Listener@9a9abea, Service : AUTO_ROTATION(1)
03-24 14:40:34.481  3670  3798 W CAE     : registerCallback(ContextAwareService.java:180) - [regi 02] Mutex is unlocked for AUTO_ROTATION
03-24 14:40:34.481  3670  3798 D SContextService: 	.registerCallback : 3, client=
03-24 14:40:34.481  3670  3798 D SContextService: ===== SContext Service List =====
03-24 14:40:34.481  3670  3798 D SContextService: Listener : android.hardware.scontext.SContextService$Listener@a9ee48, Service : Auto Brightness
03-24 14:40:34.481  3670  3798 D SContextService: Listener : android.hardware.scontext.SContextService$Listener@ba6ba11, Service : Activity Tracker
03-24 14:40:34.481  3670  3798 D SContextService: Listener : android.hardware.scontext.SContextService$Listener@9baedb, Service : Auto Rotation
03-24 14:40:34.481  3670  3798 D SContextManager:   .registerListener : listener = com.android.server.policy.WindowOrientationListener$OrientationSensorJudge@a57e543, service=Auto Rotation
03-24 14:40:34.481  3670  3798 V WindowOrientationListener: OrientationSensorJudge.getProposedRotation, Rotation: -1
03-24 14:40:34.481  3670  3798 V WindowManager: rotationForOrientationLw(orient=-1, last=0); user=0  sensorRotation=-1 mLidState=-1 mDockMode=0 mHdmiPlugged=false mMobileKeyboardEnabled=false displayId=0
03-24 14:40:34.481  3670  3798 V WindowOrientationListener: OrientationSensorJudge.getProposedRotation, Rotation: -1
03-24 14:40:34.481  3670  3798 V WindowOrientationListener: OrientationSensorJudge.getProposedRotation, Rotation: -1
03-24 14:40:34.481  3670  3798 V WindowManager: rotationForOrientationLw(orient=-1, last=0); user=0  sensorRotation=-1 mLidState=-1 mDockMode=0 mHdmiPlugged=false mMobileKeyboardEnabled=false displayId=0
03-24 14:40:34.481  3670  3798 V WindowOrientationListener: OrientationSensorJudge.getProposedRotation, Rotation: -1
03-24 14:40:34.491  3025  3025 D libEGL  : eglInitialize EGLDisplay = 0x7ff3f31d28
03-24 14:40:34.551  3670  3682 I art     : Background partial concurrent mark sweep GC freed 11992(824KB) AllocSpace objects, 0(0B) LOS objects, 27% free, 41MB/57MB, paused 1.532ms total 140.986ms
03-24 14:40:34.631  3670  4016 D BatteryService: !@BatteryListener : batteryPropertiesChanged!
03-24 14:40:34.631  3670  4016 D BatteryService: level:92, scale:100, status:2, health:2, present:true, voltage: 4142, temperature: 297, technology: Li-ion, AC powered:false, USB powered:true, POGO powered:false, Wireless powered:false, icon:17303414, invalid charger:0, maxChargingCurrent:0
03-24 14:40:34.631  3670  4016 D BatteryService: online:4, current avg:0, charge type:1, power sharing:false, high voltage charger:false, capacity:280000, batterySWSelfDischarging:false, current_now:-764
03-24 14:40:34.631  3670  3670 D BatteryService: Sending ACTION_BATTERY_CHANGED.
03-24 14:40:34.631  3670  3670 I MotionRecognitionService: Plugged
03-24 14:40:34.631  3670  3670 E MotionRecognitionService: support TA ~
03-24 14:40:34.631  3670  3670 I MotionRecognitionService: isTAConnected | current backoffstate  = 33792
03-24 14:40:34.631  3670  3670 D MotionRecognitionService:  TA connected ,  33792
03-24 14:40:34.631  3670  3670 I MotionRecognitionService: skip setTransmitPower. 
03-24 14:40:34.631  3670  3670 D MotionRecognitionService:   cableConnection= 1
03-24 14:40:34.631  3670  3670 D MotionRecognitionService: setPowerConnected | current backoffstate  = 33792 , state =33792
03-24 14:40:34.631  3670  3670 D MotionRecognitionService: skip setTransmitPower. 
03-24 14:40:34.631  4103  4103 D KeyguardUpdateMonitor: received broadcast android.intent.action.BATTERY_CHANGED
03-24 14:40:34.631  4103  4103 D PowerUI : priorPlugType = 2 mPlugType =  2
03-24 14:40:34.631  4103  4103 D KeyguardUpdateMonitor: handleBatteryUpdate
03-24 14:40:34.631  4103  4103 D PowerUI.Notification: showChargingNotice oldChargingType : 1 currentChargingType : 1 oldChargingTime : 1574000 mChargingTime : 1574000
03-24 14:40:34.631  4103  4103 D PowerUI.Notification: There is no change about charging status, so return!
03-24 14:40:34.651  4103  4103 D BatteryMeterView: ACTION_BATTERY_CHANGED : level:92 status:2 health:2
03-24 14:40:34.651  4103  4103 D BatteryMeterView: ACTION_BATTERY_CHANGED : level:92 status:2 health:2
03-24 14:40:34.911  3670  3796 W ActivityManager: Activity pause timeout for ActivityRecord{9b79b u0 com.example.myapplication/.MainActivity t99}
03-24 14:40:34.911  3670  3796 D ActivityManager:  Launching com.android.chrome, updated priority
03-24 14:40:34.921  3670  3670 D GameManagerService: NotifyRunnable. pkg: com.android.chrome, type: 4, isMinimized: false, isTunableApp: false
03-24 14:40:34.931  3670  3796 V MARsPolicyManager: updatePackagesScore PackageInfo name -- com.android.chrome
03-24 14:40:34.931  3670  4040 D SContextEnvironmentAdaptiveDisplayAttribute: setAttribute() mColorThreshold : 0.07
03-24 14:40:34.931  3670  3798 D StatusBarManagerService: manageDisableList userId=0 what=0x0 pkg=Window{ccb848c u0 d0 Starting com.android.chrome}
03-24 14:40:34.931  3670  4040 D SContextEnvironmentAdaptiveDisplayAttribute: setAttribute() mDuration : 35
03-24 14:40:34.931  3670  6805 D GameManagerService: identifyGamePackage. com.android.chrome
03-24 14:40:34.931  3670  4019 D NetworkPolicy: isUidForegroundLocked: 10088, mScreenOn: true, uidstate: 2, mProxSensorScreenOff: false
03-24 14:40:34.941  3670  4040 W CAE     : setCAProperty(ContextAwareService.java:578) - [setProperty 01] Mutex is locked for EAD
03-24 14:40:34.941  3670  4040 I CAE     : setPropertyValue(EADRunner.java:146) - Mode = 0.0
03-24 14:40:34.941  3670  4040 I CAE     : sendCmdToSensorHub(SensorHubCommManager.java:162) - -63, 23, 52, 1, 0, 0, 0, 0,
03-24 14:40:34.941  3670  4040 D SensorHubManager: SendSensorHubData: send data = -63, 23, 52, 1, 0, 0, 0, 0
03-24 14:40:34.941  3054 17920 D Sensorhubs: sendContextData: -63, 23, 52, 1, 0, 0, 0, 0
03-24 14:40:34.941  3670  4040 I CAE     : setCAProperty(ContextAwareService.java:583) - result : true
03-24 14:40:34.941  3670  4040 W CAE     : setCAProperty(ContextAwareService.java:584) - [setProperty 02] Mutex is unlocked for EAD
03-24 14:40:34.941  3670  4040 W CAE     : setCAProperty(ContextAwareService.java:578) - [setProperty 01] Mutex is locked for EAD
03-24 14:40:34.941  3670  4040 I CAE     : setPropertyValue(EADRunner.java:159) - Duration = 0
03-24 14:40:34.941  3670  4040 I CAE     : sendCmdToSensorHub(SensorHubCommManager.java:162) - -63, 23, 52, 2, 0,
03-24 14:40:34.941  3670  4040 D SensorHubManager: SendSensorHubData: send data = -63, 23, 52, 2, 0
03-24 14:40:34.941  3054  3104 D Sensorhubs: sendContextData: -63, 23, 52, 2, 0
03-24 14:40:34.941  3670  4040 I CAE     : setCAProperty(ContextAwareService.java:583) - result : true
03-24 14:40:34.941  3670  4040 W CAE     : setCAProperty(ContextAwareService.java:584) - [setProperty 02] Mutex is unlocked for EAD
03-24 14:40:34.941  3670  4040 W CAE     : registerCallback(ContextAwareService.java:144) - [regi 01] Mutex is locked for EAD
03-24 14:40:34.941  3670  4040 V CAE     : start(ContextProvider.java:128)
03-24 14:40:34.951  3670  4040 V CAE     : clear(EADRunner.java:257)
03-24 14:40:34.951  3670  4040 V CAE     : enable(EADRunner.java:232)
03-24 14:40:34.951  3670  4040 I CAE     : sendCmdToSensorHub(SensorHubCommManager.java:162) - -79, 52, 0, 0, 0, 0,
03-24 14:40:34.951  3670  4040 D SensorHubManager: SendSensorHubData: send data = -79, 52, 0, 0, 0, 0
03-24 14:40:34.951  3054  3054 D Sensorhubs: sendContextData: -79, 52, 0, 0, 0, 0
03-24 14:40:34.951  3670  4040 D CAE     : getFaultDetectionResult(EADRunner.java:271) - true
03-24 14:40:34.951  3670  4040 I CAE     : notifyCmdProcessResultObserver(ContextProvider.java:627) - CheckResult = 0, Cause = Success
03-24 14:40:34.961  3670  4040 D CAE     : doCommendProcess(ContextAwareService.java:433) - complete notify the operation result.
03-24 14:40:34.961  3670  4040 I CAE     : displayUsedCountForService(ContextAwareService.java:525) - totalCnt = 1, serviceCount = 1, subCollectionCount = 0
03-24 14:40:34.961  3670  4040 D CAE     : showListenerList(ContextAwareService.java:366) - ===== Context Aware Service List =====
03-24 14:40:34.961  3670  4040 I CAE     : showListenerList(ContextAwareService.java:375) - Listener : com.samsung.android.contextaware.manager.ContextAwareService$Listener@1e966aa, Service : ACTIVITY_TRACKER_CURRENT_INFO(1)
03-24 14:40:34.961  3670  4040 I CAE     : showListenerList(ContextAwareService.java:375) - Listener : com.samsung.android.contextaware.manager.ContextAwareService$Listener@1e966aa, Service : ACTIVITY_TRACKER(1)
03-24 14:40:34.961  3670  4040 I CAE     : showListenerList(ContextAwareService.java:375) - Listener : com.samsung.android.contextaware.manager.ContextAwareService$Listener@f46c0eb, Service : AUTO_BRIGHTNESS(1)
03-24 14:40:34.961  3670  4040 I CAE     : showListenerList(ContextAwareService.java:375) - Listener : com.samsung.android.contextaware.manager.ContextAwareService$Listener@9a9abea, Service : AUTO_ROTATION(1)
03-24 14:40:34.961  3670  4040 I CAE     : showListenerList(ContextAwareService.java:375) - Listener : com.samsung.android.contextaware.manager.ContextAwareService$Listener@f9c5db7, Service : EAD(1)
03-24 14:40:34.961  3670  4040 W CAE     : registerCallback(ContextAwareService.java:180) - [regi 02] Mutex is unlocked for EAD
03-24 14:40:34.961  3670  4040 D SContextService: 	.registerCallback : 4, client=
03-24 14:40:34.961  3670  4040 D SContextService: ===== SContext Service List =====
03-24 14:40:34.961  3670  4040 D SContextService: Listener : android.hardware.scontext.SContextService$Listener@a9ee48, Service : Auto Brightness
03-24 14:40:34.961  3670  4040 D SContextService: Listener : android.hardware.scontext.SContextService$Listener@ba6ba11, Service : Activity Tracker
03-24 14:40:34.961  3670  4040 D SContextService: Listener : android.hardware.scontext.SContextService$Listener@9baedb, Service : Auto Rotation
03-24 14:40:34.961  3670  4040 D SContextService: Listener : android.hardware.scontext.SContextService$Listener@cabd924, Service : Environment Adaptive Display
03-24 14:40:34.961  3670  4040 D SContextManager:   .registerListener : listener = com.samsung.android.mdnie.AdaptiveDisplayColorService$3@5bb4caa, service=Environment Adaptive Display
03-24 14:40:34.971  3670  6805 D ConnectivityService: returning getNetworkInfo for network type 1 : [type: WIFI[] - WIFI, state: CONNECTED/CONNECTED, reason: (unspecified), extra: "DataStructures", roaming: false, failover: false, isAvailable: true]
03-24 14:40:34.971  3670  6805 D ConnectivityService: returning getNetworkInfo for network type 1 : [type: WIFI[] - WIFI, state: CONNECTED/CONNECTED, reason: (unspecified), extra: "DataStructures", roaming: false, failover: false, isAvailable: true]
03-24 14:40:34.981  3670  6805 D ConnectivityService: returning getNetworkInfo for network type 1 : [type: WIFI[] - WIFI, state: CONNECTED/CONNECTED, reason: (unspecified), extra: "DataStructures", roaming: false, failover: false, isAvailable: true]
03-24 14:40:34.981  3670  6805 D GameManagerService: identifyGamePackage. com.android.chrome
03-24 14:40:35.021  3278  3278 W ResourcesManager: getTopLevelResources: /data/app/com.android.chrome-2/base.apk / 1.0 running in com.android.chrome rsrc of package com.android.chrome
03-24 14:40:35.031  3278  3278 W ResourcesManager: getTopLevelResources: /data/app/com.android.chrome-2/base.apk / 1.0 running in com.android.chrome rsrc of package com.android.chrome
03-24 14:40:35.031  3278  3278 D SecWifiDisplayUtil: Metadata value : SecSettings2
03-24 14:40:35.051  3278  3401 V MediaPlayer: decode(21, 8764500, 5795)
03-24 14:40:35.051  3047  3962 D OggExtractor:  correct time not found. Let's use approximate value
03-24 14:40:35.051  3047  3962 I OggExtractor: OggSource::OggSource() mExtractor ref count = 4
03-24 14:40:35.061  3047  3962 I OMXCodec: Attempting to allocate OMX node 'OMX.google.vorbis.decoder'
03-24 14:40:35.061  3047  3962 I OMXCodec: Successfully allocated OMX node 'OMX.google.vorbis.decoder'
03-24 14:40:35.061  3047  3962 I OMXCodec: >>>UHQA initOutputFormat 16
03-24 14:40:35.061  3047  3962 I OMXCodec: [OMX.google.vorbis.decoder] OMXCodec::start mState=1
03-24 14:40:35.061  3047  3962 I OMXCodec: [OMX.google.vorbis.decoder] allocating 4 buffers of size 8192 on input port
03-24 14:40:35.061  3047  3962 I OMXCodec: [OMX.google.vorbis.decoder] allocating 4 buffers of size 32768 on output port
03-24 14:40:35.061  3047  3403 I OMXCodec: [OMX.google.vorbis.decoder] Now Idle. Component sends idle done Event 
03-24 14:40:35.061  3047  3403 I OMXCodec: [OMX.google.vorbis.decoder] 0onCmdComplete  mState =  7
03-24 14:40:35.061  3047  3403 I OMXCodec: [OMX.google.vorbis.decoder] PORT_DISABLED(1)
03-24 14:40:35.061  3047  3403 I OMXCodec: >>>UHQA initOutputFormat 16
03-24 14:40:35.061  3047  3403 I OMXCodec: [OMX.google.vorbis.decoder] allocating 4 buffers of size 32768 on output port
03-24 14:40:35.061  3047  3403 I OMXCodec: [OMX.google.vorbis.decoder] End Of Stream
03-24 14:40:35.061  3047  3962 I SoundExtractor: extract() reached EOS
03-24 14:40:35.061  3047  3962 I OMXCodec: [OMX.google.vorbis.decoder] stop mState=4
03-24 14:40:35.061  3047  3962 I OMXCodec: [OMX.google.vorbis.decoder] stop() sendCommand(209, OMX_CommandStateSet, OMX_StateIdle)
03-24 14:40:35.061  3047  3403 I OMXCodec: [OMX.google.vorbis.decoder] Now Idle. Component sends idle done Event 
03-24 14:40:35.061  3047  3962 I OMXCodec: [OMX.google.vorbis.decoder] stopOmxComponent_l() mstate = 1
03-24 14:40:35.061  3047  3962 I OggExtractor: OggSource::stop() mExtractor ref count = 1
03-24 14:40:35.061  3047  3962 I OggExtractor: OggSource::~OggSource() mExtractor !mStarted ref count = 1
03-24 14:40:35.061  3047  3962 I OggExtractor: ~OggSource --
03-24 14:40:35.061  3047  3962 I OggExtractor: ~OggExtractor ++
03-24 14:40:35.061  3047  3962 I OggExtractor: ~MyOggExtractor ++ 
03-24 14:40:35.061  3047  3962 I OggExtractor: ~MyOggExtractor --
03-24 14:40:35.061  3047  3962 I OggExtractor: ~OggExtractor --
03-24 14:40:35.071  3278  3404 W System.err: remove failed: ENOENT (No such file or directory) : /data/user/0/com.android.chrome/shared_prefs/com.android.chrome_preferences.xml.bak
03-24 14:40:35.111  3278  3405 W DynamiteModule: Local module descriptor class for com.google.android.gms.googlecertificates not found.
03-24 14:40:35.141  3278  3415 I cr_LibraryLoader:  Loading chrome from within /data/app/com.android.chrome-2/base.apk
03-24 14:40:35.151  3414  3414 I dex2oat : /system/bin/dex2oat --compiler-filter=speed --dex-file=/data/data/com.google.android.gms/app_chimera/m/00000039/DynamiteLoader.apk --oat-file=/data/dalvik-cache/arm/data@data@com.google.android.gms@app_chimera@m@00000039@DynamiteLoader.apk@classes.dex
03-24 14:40:35.151  3414  3414 E dex2oat : Failed to create oat file: /data/dalvik-cache/arm/data@data@com.google.android.gms@app_chimera@m@00000039@DynamiteLoader.apk@classes.dex: Permission denied
03-24 14:40:35.151  3414  3414 I dex2oat : dex2oat took 501.709us (threads: 8) 
03-24 14:40:35.151  3278  3405 W art     : Failed execv(/system/bin/dex2oat --runtime-arg -classpath --runtime-arg  --instruction-set=arm --instruction-set-features=smp,div,atomic_ldrd_strd --runtime-arg -Xrelocate --boot-image=/system/framework/boot.art --runtime-arg -Xms64m --runtime-arg -Xmx512m --compiler-filter=speed --instruction-set-variant=cortex-a15 --instruction-set-features=default --dex-file=/data/data/com.google.android.gms/app_chimera/m/00000039/DynamiteLoader.apk --oat-file=/data/dalvik-cache/arm/data@data@com.google.android.gms@app_chimera@m@00000039@DynamiteLoader.apk@classes.dex) because non-0 exit status
03-24 14:40:35.161  3278  3405 I DynamiteModule: Considering local module com.google.android.gms.googlecertificates:0 and remote module com.google.android.gms.googlecertificates:4
03-24 14:40:35.161  3278  3405 I DynamiteModule: Selected remote version of com.google.android.gms.googlecertificates, version >= 4
03-24 14:40:35.171  3278  3405 W ResourcesManager: getTopLevelResources: /data/app/com.google.android.gms-1/base.apk / 1.0 running in com.android.chrome rsrc of package com.google.android.gms
03-24 14:40:35.171  3278  3405 D ResourcesManager: For user 0 new overlays fetched Null
03-24 14:40:35.221  3278  3278 D ClipboardExManager: no knox
03-24 14:40:35.221  3419  3419 I dex2oat : /system/bin/dex2oat --compiler-filter=speed --dex-file=/data/data/com.google.android.gms/app_chimera/m/0000003c/GoogleCertificates.apk --oat-file=/data/dalvik-cache/arm/data@data@com.google.android.gms@app_chimera@m@0000003c@GoogleCertificates.apk@classes.dex
03-24 14:40:35.221  3419  3419 E dex2oat : Failed to create oat file: /data/dalvik-cache/arm/data@data@com.google.android.gms@app_chimera@m@0000003c@GoogleCertificates.apk@classes.dex: Permission denied
03-24 14:40:35.221  3419  3419 I dex2oat : dex2oat took 358.291us (threads: 8) 
03-24 14:40:35.221  3278  3405 W art     : Failed execv(/system/bin/dex2oat --runtime-arg -classpath --runtime-arg  --instruction-set=arm --instruction-set-features=smp,div,atomic_ldrd_strd --runtime-arg -Xrelocate --boot-image=/system/framework/boot.art --runtime-arg -Xms64m --runtime-arg -Xmx512m --compiler-filter=speed --instruction-set-variant=cortex-a15 --instruction-set-features=default --dex-file=/data/data/com.google.android.gms/app_chimera/m/0000003c/GoogleCertificates.apk --oat-file=/data/dalvik-cache/arm/data@data@com.google.android.gms@app_chimera@m@0000003c@GoogleCertificates.apk@classes.dex) because non-0 exit status
03-24 14:40:35.231  3278  3278 D TextView: setTypeface with style : 0
03-24 14:40:35.241  3278  3405 W System  : ClassLoader referenced unknown path: /data/data/com.google.android.gms/app_chimera/m/0000003c/n/armeabi-v7a
03-24 14:40:35.241  3278  3405 W System  : ClassLoader referenced unknown path: /data/data/com.google.android.gms/app_chimera/m/0000003c/n/armeabi
03-24 14:40:35.241  3278  3405 W ResourcesManager: getTopLevelResources: /data/data/com.google.android.gms/app_chimera/m/0000003c/GoogleCertificates.apk / 1.0 running in com.android.chrome rsrc of package com.google.android.gms
03-24 14:40:35.241  3278  3405 D ResourcesManager: For user 0 new overlays fetched Null
03-24 14:40:35.241  3278  3405 W ResourcesManager: getTopLevelResources: /data/data/com.google.android.gms/app_chimera/m/0000003c/GoogleCertificates.apk / 1.0 running in com.android.chrome rsrc of package com.google.android.gms
03-24 14:40:35.261  3278  3423 I cr_ui   : Using UI locale en, system locale: en (Android name: en)
03-24 14:40:35.261  3278  3423 I cr_ui   : Missing asset file: locales#lang_en/en-US.pak
03-24 14:40:35.261  3278  3423 I cr_ui   : Found asset file: locales/en-GB.pak
03-24 14:40:35.261  3278  3423 I cr_ui   : Using app bundle locale directory: locales
03-24 14:40:35.261  3278  3423 I cr_ui   : UI Language: en requires .pak files: [en-GB, en-US]
03-24 14:40:35.261  3278  3415 I cr_LibraryLoader: Time to load native libraries: 137 ms (timestamps 6058-6195)
03-24 14:40:35.271  3278  3423 I cr_FileUtils: Writing to /data/user/0/com.android.chrome/app_chrome/paks/en-GB.pak@159cff45
03-24 14:40:35.271  3278  3278 D Activity: performCreate Call Injection manager
03-24 14:40:35.271  3278  3423 I cr_FileUtils: Writing to /data/user/0/com.android.chrome/app_chrome/paks/en-US.pak@159cff45
03-24 14:40:35.271  3278  3278 I InjectionManager: dispatchOnViewCreated > Target : org.chromium.chrome.browser.ChromeTabbedActivity isFragment :false
03-24 14:40:35.271  3278  3415 I chromium: [INFO:library_loader_hooks.cc(42)] Chromium logging enabled: level = 0, default verbosity = 0
03-24 14:40:35.271  3278  3415 I cr_LibraryLoader: Expected native library version number "72.0.3626.105", actual native library version number "72.0.3626.105"
03-24 14:40:35.271  3278  3278 D SecWifiDisplayUtil: Metadata value : SecSettings2
03-24 14:40:35.281  3278  3278 D ViewRootImpl: #1 mView = com.android.internal.policy.MultiPhoneWindow$MultiPhoneDecorView{6b4688e I.E...... R.....ID 0,0-0,0}
03-24 14:40:35.281  3278  3429 D OpenGLRenderer: Use EGL_SWAP_BEHAVIOR_PRESERVED: true
03-24 14:40:35.281  3670  4947 D ISSUE_DEBUG: InputChannelName : 76c4243 com.android.chrome/com.google.android.apps.chrome.Main
03-24 14:40:35.301  3278  3432 W cr_ChildProcLH: Create a new ChildConnectionAllocator with package name = com.android.chrome, sandboxed = true
03-24 14:40:35.301  3670  4409 I PersonaManager: mKnoxInfo is empty
03-24 14:40:35.311  3433  3433 E Zygote  : v2
03-24 14:40:35.311  3433  3433 I libpersona: KNOX_SDCARD checking this for 99172
03-24 14:40:35.311  3433  3433 I libpersona: KNOX_SDCARD not a persona
03-24 14:40:35.311  3433  3433 W SELinux : Function: selinux_compare_spd_ram, index[1], priority [2], priority version is VE=SEPF_SECMOBILE_6.0.1_0003
03-24 14:40:35.311  3433  3433 E Zygote  : accessInfo : 0
03-24 14:40:35.311  3433  3433 W SELinux : SELinux: seapp_context_lookup: seinfo=chrome, level=s0:c512,c768, pkgname=com.android.chrome:sandboxed_process0 
03-24 14:40:35.321  3670  4409 I ActivityManager: Start proc 3433:com.android.chrome:sandboxed_process0/u0i172 for service com.android.chrome/org.chromium.content.app.SandboxedProcessService0
03-24 14:40:35.321  3278  3278 D MultiPhoneWindow: performUpdateVisibility, same visibility false
03-24 14:40:35.321  3670  4947 I PersonaManager: mKnoxInfo is empty
03-24 14:40:35.331  3025  3025 I SurfaceFlinger: id=503 createSurf (1x1),1 flag=4, Nain
03-24 14:40:35.331  3670  3798 D StatusBarManagerService: manageDisableList userId=0 what=0x0 pkg=Window{76c4243 u0 d0 com.android.chrome/com.google.android.apps.chrome.Main}
03-24 14:40:35.331  4103  4103 D PhoneStatusBar: setSystemUiVisibility vis=a600 mask=ffffffff oldVal=8600 newVal=a600 diff=2000
03-24 14:40:35.351  3670  4454 D InputDispatcher: Focus entered window: 3278
03-24 14:40:35.351  3670  3884 D PointerIcon: setMouseIconStyle1 pointerType: 1001 iconType:101 flag:0 pid:3670 uid:1000
03-24 14:40:35.351  3670  3884 D PointerIcon: setMouseCustomIcon IconType is same.101
03-24 14:40:35.351  3433  3433 W ResourcesManager: getTopLevelResources: /data/app/com.android.chrome-2/base.apk / 1.0 running in com.android.chrome rsrc of package com.android.chrome
03-24 14:40:35.361  3433  3433 D ResourcesManager: For user 0 new overlays fetched Null
03-24 14:40:35.361  3433  3433 I InjectionManager: Inside getClassLibPath caller 
03-24 14:40:35.371  3433  3433 D InjectionManager: InjectionManager
03-24 14:40:35.371  3433  3433 I InjectionManager: featureStore :{}
03-24 14:40:35.371  3433  3433 I cr_ChildProcessService: Creating new ChildProcessService pid=3433
03-24 14:40:35.381  3278  3429 D libEGL  : loaded /vendor/lib/egl/libGLES_mali.so
03-24 14:40:35.401  3278  3429 D libEGL  : eglInitialize EGLDisplay = 0xded7f7c4
03-24 14:40:35.401  3278  3429 I OpenGLRenderer: Initialized EGL, version 1.4
03-24 14:40:35.401  3278  3429 D         : ro.exynos.dss isEnabled: 0
03-24 14:40:35.401  3278  3429 D mali_winsys: new_window_surface returns 0x3000,  [1440x2560]-format:1
03-24 14:40:35.411  3670  4409 V WindowStateAnimator: Finishing drawing window Window{432b984 u0 d0 SurfaceView}: mDrawState=NO_SURFACE
03-24 14:40:35.411  3278  3429 D libGLESv1: DTS_GLAPI : DTS is not allowed for Package : com.android.chrome
03-24 14:40:35.471  3670  4454 V WindowStateAnimator: Finishing drawing window Window{76c4243 u0 d0 com.android.chrome/com.google.android.apps.chrome.Main}: mDrawState=DRAW_PENDING
03-24 14:40:35.481  3670  3884 I ActivityManager: Displayed com.android.chrome/com.google.android.apps.chrome.Main: +563ms
03-24 14:40:35.481  3670  3884 D CustomFrequencyManagerService: releaseDVFSLockLocked : Getting Lock type frm List : DVFS_MIN_LIMIT  frequency : 1800000  uid : 1000  pid : 3670  tag : ACTIVITY_RESUME_BOOSTER@3
03-24 14:40:35.481  3670  3884 D ActivityManager: mDVFSHelper.release()
03-24 14:40:35.481  3670  3884 I Timeline: Timeline: Activity_windows_visible id: ActivityRecord{daaa606 u0 com.android.chrome/com.google.android.apps.chrome.Main t114} time:69646412
03-24 14:40:35.481  3670  3796 D CustomFrequencyManagerService: acquireDVFSLockLocked : type : DVFS_MIN_LIMIT  frequency : 1800000  uid : 1000  pid : 3670  pkgName : ACTIVITY_RESUME_BOOSTER@9
03-24 14:40:35.481  3670  3884 D ViewRootImpl: #3 mView = null
03-24 14:40:35.481  3025  3025 D libEGL  : eglInitialize EGLDisplay = 0x7ff3f31d28
03-24 14:40:35.481  3278  3278 D ViewRootImpl: MSG_RESIZED_REPORT: ci=Rect(0, 96 - 0, 0) vi=Rect(0, 96 - 0, 0) or=1
03-24 14:40:35.481  3670  4952 D InputMethodManagerService: windowGainedFocus mCurrentFocusedUserId - 0 and mSecureKeypadEnabled-false
03-24 14:40:35.481  3670  4952 W InputMethodManagerService: Got RemoteException sending setActive(false) notification to pid 2468 uid 10117
03-24 14:40:35.491 18067 18067 D SamsungIME: IMPL finishInput
03-24 14:40:35.491 18067 18067 D SamsungIME: SwiftKeyWrapper writeDBdataToFileOnFinishInput
03-24 14:40:35.491 18067 18067 D SamsungIME: saveAndClear +
03-24 14:40:35.491 18067 18067 D SamsungIME: saveAndClear -
03-24 14:40:35.491 18067 18067 D SamsungIME: onStartInput: No inputType, No imeOption, isInputViewShown = false, isExtractViewShown = false, isShowInputRequested = false, isConfigChanged = false
03-24 14:40:35.491  3670  4552 V WindowStateAnimator: Finishing drawing window Window{76c4243 u0 d0 com.android.chrome/com.google.android.apps.chrome.Main}: mDrawState=HAS_DRAWN
03-24 14:40:35.491  3278  3278 I cr_BrowserStartup: Initializing chromium process, singleProcess=false
03-24 14:40:35.501  3025  3025 D libEGL  : eglInitialize EGLDisplay = 0x7ff3f31d28
03-24 14:40:35.511  3025  3025 D libEGL  : eglInitialize EGLDisplay = 0x7ff3f31d28
03-24 14:40:35.531  3670  4409 D ActivityManager: The following uid has registered to recieve broadcast for proxy related updates 10088
03-24 14:40:35.531  3670  4409 W ContextImpl: Calling a method in the system process without a qualified user: android.app.ContextImpl.sendBroadcast:845 com.android.server.am.ActivityManagerService.requestKnoxVpnToSendProxyBroadcast:29793 com.android.server.am.ActivityManagerService.registerReceiver:22658 android.app.ActivityManagerNative.onTransact:431 com.android.server.am.ActivityManagerService.onTransact:3999 
03-24 14:40:35.561  3670  4947 I PersonaManager: mKnoxInfo is empty
03-24 14:40:35.561  3476  3476 E Zygote  : v2
03-24 14:40:35.561  3476  3476 I libpersona: KNOX_SDCARD checking this for 10088
03-24 14:40:35.561  3476  3476 I libpersona: KNOX_SDCARD not a persona
03-24 14:40:35.561  3476  3476 W SELinux : Function: selinux_compare_spd_ram, index[1], priority [2], priority version is VE=SEPF_SECMOBILE_6.0.1_0003
03-24 14:40:35.561  3476  3476 E Zygote  : accessInfo : 0
03-24 14:40:35.561  3476  3476 W SELinux : SELinux: seapp_context_lookup: seinfo=chrome, level=s0:c512,c768, pkgname=com.android.chrome:privileged_process0 
03-24 14:40:35.571  3670  4947 I ActivityManager: Start proc 3476:com.android.chrome:privileged_process0/u0a88 for service com.android.chrome/org.chromium.content.app.PrivilegedProcessService0
03-24 14:40:35.571  3670  3931 D ActivityManager: The following uid has registered to recieve broadcast for proxy related updates 10088
03-24 14:40:35.571  3670  3931 W ContextImpl: Calling a method in the system process without a qualified user: android.app.ContextImpl.sendBroadcast:845 com.android.server.am.ActivityManagerService.requestKnoxVpnToSendProxyBroadcast:29793 com.android.server.am.ActivityManagerService.registerReceiver:22658 android.app.ActivityManagerNative.onTransact:431 com.android.server.am.ActivityManagerService.onTransact:3999 
03-24 14:40:35.571  3670  4452 I PersonaManager: mKnoxInfo is empty
03-24 14:40:35.591  3278  3278 D ConnectivityManager: requestNetwork; getAppId(CallingUid) : 10088, CallingPid : 3278
03-24 14:40:35.591  3670  4550 D ConnectivityService: listenForNetwork for Listen from uid/pid:10088/3278 for NetworkRequest [ id=241, legacyType=-1, [ Capabilities: INTERNET&NOT_RESTRICTED&TRUSTED] ]
03-24 14:40:35.591  3670  4029 D ConnectivityService: rematching NetworkAgentInfo [WIFI () - 510]
03-24 14:40:35.591  3670  4029 D ConnectivityService:  network has: NetworkAgentInfo{ ni{[type: WIFI[] - WIFI, state: CONNECTED/CONNECTED, reason: (unspecified), extra: "DataStructures", roaming: false, failover: false, isAvailable: true]}  network{510}  lp{{InterfaceName: wlan0 LinkAddresses: [fe80::ee9b:f3ff:fe73:43e9/64,192.168.0.174/24,]  Routes: [fe80::/64 -> :: wlan0,192.168.0.0/24 -> 0.0.0.0 wlan0,0.0.0.0/0 -> 192.168.0.1 wlan0,] DnsAddresses: [192.168.0.1,] Domains:  MTU: 0 TcpBufferSizes: 524288,1048576,4525824,524288,1048576,4525824}}  nc{[ Transports: WIFI Capabilities: INTERNET&NOT_RESTRICTED&TRUSTED&NOT_VPN&VALIDATED LinkUpBandwidth>=1048576Kbps LinkDnBandwidth>=1048576Kbps SignalStrength: -33]}  Score{60}  everValidated{true}  lastValidated{true}  created{true} lingering{false} explicitlySelected{false} acceptUnvalidated{false} everCaptivePortalDetected{false} lastCaptivePortalDetected{false} }
03-24 14:40:35.591  3670  4029 D ConnectivityService:   checking if request is: NetworkRequest [ id=10, legacyType=-1, [ Capabilities: INTERNET&NOT_RESTRICTED&TRUSTED&NOT_VPN] ] satisfies: true nri.isRequest: false
03-24 14:40:35.591  3670  4029 D ConnectivityService:   checking if request is: NetworkRequest [ id=30, legacyType=-1, [ Capabilities: INTERNET&NOT_RESTRICTED&TRUSTED] ] satisfies: true nri.isRequest: false
03-24 14:40:35.591  3670  4029 D ConnectivityService:   checking if request is: NetworkRequest [ id=241, legacyType=-1, [ Capabilities: INTERNET&NOT_RESTRICTED&TRUSTED] ] satisfies: true nri.isRequest: false
03-24 14:40:35.591  3670  4029 D ConnectivityService:   checking if request is: NetworkRequest [ id=5, legacyType=-1, [ Transports: WIFI Capabilities: INTERNET&NOT_RESTRICTED&TRUSTED&NOT_VPN] ] satisfies: true nri.isRequest: false
03-24 14:40:35.591  3670  4029 D ConnectivityService: Network NetworkAgentInfo [WIFI () - 510] was already satisfying request 1. No change.
03-24 14:40:35.591  3670  4029 D ConnectivityService:   checking if request is: NetworkRequest [ id=3, legacyType=-1, [] ] satisfies: true nri.isRequest: false
03-24 14:40:35.591  3670  4029 D ConnectivityService:   checking if request is: NetworkRequest [ id=4, legacyType=-1, [ Transports: CELLULAR Capabilities: INTERNET&NOT_RESTRICTED&TRUSTED&NOT_VPN] ] satisfies: false nri.isRequest: false
03-24 14:40:35.591  3670  4029 D ConnectivityService:   checking if request is: NetworkRequest [ id=226, legacyType=-1, [ Capabilities: INTERNET&NOT_RESTRICTED&TRUSTED] ] satisfies: true nri.isRequest: false
03-24 14:40:35.591  3670  4029 D ConnectivityService:   checking if request is: NetworkRequest [ id=29, legacyType=-1, [ Capabilities: INTERNET&NOT_RESTRICTED&TRUSTED] ] satisfies: true nri.isRequest: false
03-24 14:40:35.591  3670  4029 D ConnectivityService:   checking if request is: NetworkRequest [ id=228, legacyType=-1, [ Capabilities: INTERNET&NOT_RESTRICTED&TRUSTED] ] satisfies: true nri.isRequest: false
03-24 14:40:35.591  3670  4029 D ConnectivityService: sending notification AVAILABLE for NetworkRequest [ id=241, legacyType=-1, [ Capabilities: INTERNET&NOT_RESTRICTED&TRUSTED] ]
03-24 14:40:35.611  3476  3476 W ResourcesManager: getTopLevelResources: /data/app/com.android.chrome-2/base.apk / 1.0 running in com.android.chrome rsrc of package com.android.chrome
03-24 14:40:35.611  3670  4552 I InjectionManagerService -AppFeature: getCoreFeaturePkgList :[]
03-24 14:40:35.611  3476  3476 I InjectionManager: Inside getClassLibPath + mLibMap{0=, 1=}
03-24 14:40:35.611  3476  3476 D ResourcesManager: For user 0 new overlays fetched Null
03-24 14:40:35.611  3476  3476 I InjectionManager: Inside getClassLibPath caller 
03-24 14:40:35.611  3278  3278 D ConnectivityManager: requestNetwork; getAppId(CallingUid) : 10088, CallingPid : 3278
03-24 14:40:35.621  3670  4550 D ConnectivityService: listenForNetwork for Listen from uid/pid:10088/3278 for NetworkRequest [ id=242, legacyType=-1, [ Capabilities: INTERNET&NOT_RESTRICTED&TRUSTED] ]
03-24 14:40:35.621  3670  4029 D ConnectivityService: rematching NetworkAgentInfo [WIFI () - 510]
03-24 14:40:35.621  3670  4029 D ConnectivityService:  network has: NetworkAgentInfo{ ni{[type: WIFI[] - WIFI, state: CONNECTED/CONNECTED, reason: (unspecified), extra: "DataStructures", roaming: false, failover: false, isAvailable: true]}  network{510}  lp{{InterfaceName: wlan0 LinkAddresses: [fe80::ee9b:f3ff:fe73:43e9/64,192.168.0.174/24,]  Routes: [fe80::/64 -> :: wlan0,192.168.0.0/24 -> 0.0.0.0 wlan0,0.0.0.0/0 -> 192.168.0.1 wlan0,] DnsAddresses: [192.168.0.1,] Domains:  MTU: 0 TcpBufferSizes: 524288,1048576,4525824,524288,1048576,4525824}}  nc{[ Transports: WIFI Capabilities: INTERNET&NOT_RESTRICTED&TRUSTED&NOT_VPN&VALIDATED LinkUpBandwidth>=1048576Kbps LinkDnBandwidth>=1048576Kbps SignalStrength: -33]}  Score{60}  everValidated{true}  lastValidated{true}  created{true} lingering{false} explicitlySelected{false} acceptUnvalidated{false} everCaptivePortalDetected{false} lastCaptivePortalDetected{false} }
03-24 14:40:35.621  3670  4029 D ConnectivityService:   checking if request is: NetworkRequest [ id=10, legacyType=-1, [ Capabilities: INTERNET&NOT_RESTRICTED&TRUSTED&NOT_VPN] ] satisfies: true nri.isRequest: false
