03-24 15:34:44.851 22711 22711 I cr_ChildProcessService: Destroying ChildProcessService pid=22711
03-24 15:34:44.851  3670  4952 D ActivityManager: isAutoRunBlockedApp:: com.android.chrome, Auto Run ON
03-24 15:34:44.851  3670  4952 W ActivityManager: Force removing ActivityRecord{2e020f1 u0 com.android.chrome/com.google.android.apps.chrome.Main t197}: app died, no saved state
03-24 15:34:44.851  3670  4952 D InputDispatcher: Focused application set to: xxxx
03-24 15:34:44.861  3670  4952 D InputDispatcher: Focus left window: 22580
03-24 15:34:44.861  3025  3210 I SurfaceFlinger: id=801 Removed TurfaceView (4/9)
03-24 15:34:44.861  3025  3732 I SurfaceFlinger: id=801 Removed TurfaceView (-2/9)
03-24 15:34:44.861  3025  4439 I SurfaceFlinger: id=800 Removed Nain (5/8)
03-24 15:34:44.861  3025  3210 I SurfaceFlinger: id=800 Removed Nain (-2/8)
03-24 15:34:44.861  3670  3884 D PointerIcon: setMouseIconStyle1 pointerType: 1001 iconType:101 flag:0 pid:3670 uid:1000
03-24 15:34:44.861  3670  3884 D PointerIcon: setMouseCustomIcon IconType is same.101
03-24 15:34:44.861  3670  4952 D CustomFrequencyManagerService: acquireDVFSLockLocked : type : DVFS_MIN_LIMIT  frequency : 1800000  uid : 1000  pid : 3670  pkgName : ACTIVITY_RESUME_BOOSTER@3
03-24 15:34:44.861  3670  4952 D ActivityManager: mDVFSHelper.acquire()
03-24 15:34:44.861  3670  4952 D ActivityManager:  Launching com.example.myapplication, updated priority
03-24 15:34:44.861  3670  4952 I ActivityManager: Killing 22711:com.android.chrome:sandboxed_process0/u0a88i253 (adj 0): isolated not needed
03-24 15:34:44.861  3025  3025 D libEGL  : eglTerminate EGLDisplay = 0x7ff3f31e28
03-24 15:34:44.861  3025  3025 D libEGL  : eglTerminate EGLDisplay = 0x7ff3f31e28
03-24 15:34:44.861  3025  3025 D libEGL  : eglTerminate EGLDisplay = 0x7ff3f31e28
03-24 15:34:44.861  3025  3025 D libEGL  : eglTerminate EGLDisplay = 0x7ff3f31e28
03-24 15:34:44.861  3025  3025 D libEGL  : eglTerminate EGLDisplay = 0x7ff3f31e28
03-24 15:34:44.861  3670  4952 I ActivityManager: Killing 22499:com.samsung.storyservice/5004 (adj 15): DHA:empty #9
03-24 15:34:44.871  3670  3670 D GameManagerService: NotifyRunnable. pkg: com.example.myapplication, type: 4, isMinimized: false, isTunableApp: false
03-24 15:34:44.871  3670  3796 V MARsPolicyManager: updatePackagesScore PackageInfo name -- com.example.myapplication
03-24 15:34:44.871  3670  4952 D InputDispatcher: Focus entered window: 15683
03-24 15:34:44.881 23406 23406 D AndroidRuntime: Shutting down VM
03-24 15:34:44.881  3670  4019 D NetworkPolicy: isUidForegroundLocked: 10088, mScreenOn: true, uidstate: 16, mProxSensorScreenOff: false
03-24 15:34:44.881  3670  4019 D NetworkPolicy: isUidForegroundLocked: 10185, mScreenOn: true, uidstate: 2, mProxSensorScreenOff: false
03-24 15:34:44.881  3670  4407 D ActivityManager: cleanUpApplicationRecord -- 22711
03-24 15:34:44.881  3670  4407 D ActivityManager: isAutoRunBlockedApp:: com.android.chrome, Auto Run ON
03-24 15:34:44.891  3670  4143 D ActivityManager: cleanUpApplicationRecord -- 22499
03-24 15:34:44.891  3670  4143 D ActivityManager: isAutoRunBlockedApp:: com.samsung.storyservice, Auto Run ON
03-24 15:34:44.891  3670  3884 D PointerIcon: setMouseIconStyle1 pointerType: 1001 iconType:101 flag:0 pid:3670 uid:1000
03-24 15:34:44.891  3670  3884 D PointerIcon: setMouseCustomIcon IconType is same.101
03-24 15:34:44.891  3670  3670 V AlarmManager: Remove alarm for next reason : android.intent.action.PACKAGE_RESTARTED : package: com.android.chrome
03-24 15:34:44.901  3670  3796 V BroadcastQueue: [background] Process cur broadcast BroadcastRecord{10ab09d u0 android.intent.action.PACKAGE_RESTARTED qIdx=4}, state= (APP_RECEIVE) DELIVERED for app ProcessRecord{a8b6d0a 3670:system/1000}
03-24 15:34:44.901  4383  4383 I PersonaManager: mKnoxInfo is empty
03-24 15:34:44.901  3670  3798 D StatusBarManagerService: manageDisableList userId=0 what=0x0 pkg=Window{5830e4e u0 d0 com.example.myapplication/com.example.myapplication.MainActivity}
03-24 15:34:44.901  4383  4383 I PersonaManager: mKnoxInfo is empty
03-24 15:34:44.901  4383  4383 I PersonaManager: mKnoxInfo is empty
03-24 15:34:44.901  4383  4383 W ResourcesManager: getTopLevelResources: /data/app/com.google.android.gms-1/base.apk / 1.0 running in com.android.nfc rsrc of package com.google.android.gms
03-24 15:34:44.911  4383  4383 W ResourcesManager: getTopLevelResources: /data/app/com.google.android.gms-1/base.apk / 1.0 running in com.android.nfc rsrc of package com.google.android.gms
03-24 15:34:44.911 23429 23429 E Zygote  : v2
03-24 15:34:44.911 23429 23429 I libpersona: KNOX_SDCARD checking this for 10062
03-24 15:34:44.911 23429 23429 I libpersona: KNOX_SDCARD not a persona
03-24 15:34:44.911 23429 23429 W SELinux : Function: selinux_compare_spd_ram, index[1], priority [2], priority version is VE=SEPF_SECMOBILE_6.0.1_0003
03-24 15:34:44.911 23429 23429 E Zygote  : accessInfo : 0
03-24 15:34:44.911 23429 23429 W SELinux : SELinux: seapp_context_lookup: seinfo=platform, level=s0:c512,c768, pkgname=com.sec.android.app.soundalive 
03-24 15:34:44.911  3670  3670 I ActivityManager: Start proc 23429:com.sec.android.app.soundalive/u0a62 for broadcast-3 com.sec.android.app.soundalive/.SAControlPanelReceiver
03-24 15:34:44.921  4383  4383 D ApduServiceInfo: seId: 0
03-24 15:34:44.921  4383  4383 I PersonaManager: mKnoxInfo is empty
03-24 15:34:44.921  4103  4103 D PhoneStatusBar: setSystemUiVisibility vis=8600 mask=ffffffff oldVal=a600 newVal=8600 diff=2000
03-24 15:34:44.941  3670  4550 V BroadcastQueue: [background] Process cur broadcast BroadcastRecord{10ab09d u0 android.intent.action.PACKAGE_RESTARTED qIdx=4}, state= (APP_RECEIVE) DELIVERED for app ProcessRecord{9cb3912 23429:com.sec.android.app.soundalive/u0a62}
03-24 15:34:44.941 23429 23429 W ResourcesManager: getTopLevelResources: /system/priv-app/SoundAlive_31_M/SoundAlive_31_M.apk / 1.0 running in com.sec.android.app.soundalive rsrc of package com.sec.android.app.soundalive
03-24 15:34:44.941  3670  4421 I InjectionManagerService -AppFeature: getCoreFeaturePkgList :[]
03-24 15:34:44.941 23429 23429 I InjectionManager: Inside getClassLibPath + mLibMap{0=, 1=}
03-24 15:34:44.951 23429 23429 D ResourcesManager: For user 0 new overlays fetched Null
03-24 15:34:44.951 23429 23429 I InjectionManager: Inside getClassLibPath caller 
03-24 15:34:44.961 23429 23429 W System  : ClassLoader referenced unknown path: /system/priv-app/SoundAlive_31_M/lib/arm64
03-24 15:34:44.961  3670  4454 D ConnectivityService: ConnectivityService NetworkRequestInfo binderDied(NetworkRequest [ id=369, legacyType=-1, [ Capabilities: INTERNET&NOT_RESTRICTED&TRUSTED] ], android.os.BinderProxy@cd6f8e3)
03-24 15:34:44.961  3670  4029 D ConnectivityService: releasing NetworkRequest NetworkRequest [ id=369, legacyType=-1, [ Capabilities: INTERNET&NOT_RESTRICTED&TRUSTED] ]
03-24 15:34:44.961  3670  4452 D ConnectivityService: ConnectivityService NetworkRequestInfo binderDied(NetworkRequest [ id=368, legacyType=-1, [ Capabilities: INTERNET&NOT_RESTRICTED&TRUSTED] ], android.os.BinderProxy@9ef52e0)
03-24 15:34:44.961  3670  4409 D GraphicsStats: Buffer count: 6
03-24 15:34:44.961  3670  3931 D ConnectivityService: ConnectivityService NetworkRequestInfo binderDied(NetworkRequest [ id=367, legacyType=-1, [ Capabilities: INTERNET&NOT_RESTRICTED&TRUSTED] ], android.os.BinderProxy@f66b999)
03-24 15:34:44.961  3670  4029 D ConnectivityService: sending notification RELEASED for NetworkRequest [ id=369, legacyType=-1, [ Capabilities: INTERNET&NOT_RESTRICTED&TRUSTED] ]
03-24 15:34:44.961 23429 23429 D InjectionManager: InjectionManager
03-24 15:34:44.961 23429 23429 D InjectionManager: fillFeatureStoreMap com.sec.android.app.soundalive
03-24 15:34:44.961 23429 23429 I InjectionManager: Constructor com.sec.android.app.soundalive, Feature store :{}
03-24 15:34:44.961 23429 23429 I InjectionManager: featureStore :{}
03-24 15:34:44.971 23429 23429 D SAControlPanelReceiver: *****onReceive()*****
03-24 15:34:44.971 23429 23429 D SAControlPanelReceiver: Action: android.intent.action.PACKAGE_RESTARTED
03-24 15:34:44.971  3670  4029 E ConnectivityService: RemoteException caught trying to send a callback msg for NetworkRequest [ id=369, legacyType=-1, [ Capabilities: INTERNET&NOT_RESTRICTED&TRUSTED] ]
03-24 15:34:44.971  3670  4029 D ConnectivityService: releasing NetworkRequest NetworkRequest [ id=368, legacyType=-1, [ Capabilities: INTERNET&NOT_RESTRICTED&TRUSTED] ]
03-24 15:34:44.971  3670  4029 D ConnectivityService: sending notification RELEASED for NetworkRequest [ id=368, legacyType=-1, [ Capabilities: INTERNET&NOT_RESTRICTED&TRUSTED] ]
03-24 15:34:44.971  3670  4029 E ConnectivityService: RemoteException caught trying to send a callback msg for NetworkRequest [ id=368, legacyType=-1, [ Capabilities: INTERNET&NOT_RESTRICTED&TRUSTED] ]
03-24 15:34:44.971  3670  4029 D ConnectivityService: releasing NetworkRequest NetworkRequest [ id=367, legacyType=-1, [ Capabilities: INTERNET&NOT_RESTRICTED&TRUSTED] ]
03-24 15:34:44.971  3670  4029 D ConnectivityService: sending notification RELEASED for NetworkRequest [ id=367, legacyType=-1, [ Capabilities: INTERNET&NOT_RESTRICTED&TRUSTED] ]
03-24 15:34:44.971  3670  4029 E ConnectivityService: RemoteException caught trying to send a callback msg for NetworkRequest [ id=367, legacyType=-1, [ Capabilities: INTERNET&NOT_RESTRICTED&TRUSTED] ]
03-24 15:34:44.971  3670  4407 I ActivityManager: Killing 22513:com.samsung.android.provider.shootingmodeprovider/u0a63 (adj 15): DHA:empty #9
03-24 15:34:44.981  3670  4407 V BroadcastQueue: [background] Process cur broadcast BroadcastRecord{10ab09d u0 android.intent.action.PACKAGE_RESTARTED qIdx=4}, state= (APP_RECEIVE) DELIVERED for app ProcessRecord{2f61a94 7226:com.sec.android.daemonapp/u0a145}
03-24 15:34:44.981  7226  7226 D [WeatherWidget(1236)]  ClearDataReceiver: {[2B4A2AC40B5A9FD87A06E8EADDAC90140D0735C4111B00ED5A4BFDD943296A603CF64C72E7F3E6D25FF9ACC8831CFEFA3E34FF6EAD00357EC7386503FB76F1C38DE7DC83CE464FCACDBF41BB39AB7B052FE0F7B48A3DA34B35B7EA4C9669647F066BF7A880C587B9171A84D276A481B9]}
03-24 15:34:44.981  3670  4016 D ActivityManager: cleanUpApplicationRecord -- 22513
03-24 15:34:44.981  3670  4016 D ActivityManager: isAutoRunBlockedApp:: com.samsung.android.provider.shootingmodeprovider, Auto Run ON
03-24 15:34:45.541 23443 23443 I FIPS_bssl: FIPS approved mode (1) | 23443 | app_process
03-24 15:34:45.541 23443 23443 D AndroidRuntime: >>>>>> START com.android.internal.os.RuntimeInit uid 2000 <<<<<<
03-24 15:34:45.551 23443 23443 D AndroidRuntime: CheckJNI is OFF
03-24 15:34:45.551 23443 23443 D AndroidRuntime: readGMSProperty: start
03-24 15:34:45.551 23443 23443 D AndroidRuntime: readGMSProperty: already setted!!
03-24 15:34:45.551 23443 23443 D AndroidRuntime: propertySet: couldn't set property (it is from app)
03-24 15:34:45.551 23443 23443 D AndroidRuntime: readGMSProperty: could not set the property(default)!!
03-24 15:34:45.551 23443 23443 D AndroidRuntime: readGMSProperty: end
03-24 15:34:45.551 23443 23443 D AndroidRuntime: addProductProperty: start
03-24 15:34:45.571 23443 23443 D ICU     : No timezone override file found: /data/misc/zoneinfo/current/icu/icu_tzdata.dat
03-24 15:34:45.601 23443 23443 I Radio-JNI: register_android_hardware_Radio DONE
03-24 15:34:45.611 23443 23443 E AffinityControl: AffinityControl: registerfunction enter
03-24 15:34:45.631 23443 23443 D AndroidRuntime: Calling main entry com.android.commands.monkey.Monkey
03-24 15:34:45.661  3670  3796 W BroadcastQueue: Skipping deliver [background] BroadcastRecord{aa6bd0c u-1 android.net.conn.CONNECTIVITY_CHANGE qIdx=4}, state= (IDLE) to ReceiverList{9e05655 23443 (unknown name)/2000/u-1 remote:9fd45e}: process crashing
03-24 15:34:45.671 23443 23443 I Timeline: Timeline: Activity_launch_request id:com.yandex.browser time:72896607
03-24 15:34:45.671  3670  4952 I PersonaManager: mKnoxInfo is empty
03-24 15:34:45.681  3670  4952 D GameManagerService: identifyGamePackage. com.yandex.browser
03-24 15:34:45.681  3670  4952 D MultiWindowPolicy: Gamemode - return 0,  when calling  identifyForegroundApp(com.yandex.browser)
03-24 15:34:45.681  3670  4952 D CustomFrequencyManagerService: releaseDVFSLockLocked : Getting Lock type frm List : DVFS_MIN_LIMIT  frequency : 1800000  uid : 1000  pid : 3670  tag : ACTIVITY_RESUME_BOOSTER@3
03-24 15:34:45.681  3670  4952 D CustomFrequencyManagerService: acquireDVFSLockLocked : type : DVFS_MIN_LIMIT  frequency : 1800000  uid : 1000  pid : 3670  pkgName : ACTIVITY_RESUME_BOOSTER@3
03-24 15:34:45.681  3670  4952 D ActivityManager: mDVFSHelper.acquire()
03-24 15:34:45.681  3670  4952 V WindowManager: addAppToken: AppWindowToken{9889df8 token=Token{98a15b ActivityRecord{990d86a u0 com.yandex.browser/.YandexBrowserActivity t198}}} to stack=1 task=198 at 0
03-24 15:34:45.701  3670  4952 D InputDispatcher: Focused application set to: xxxx
03-24 15:34:45.701  3670  4952 D InputDispatcher: Focus left window: 15683
03-24 15:34:45.711  3670  3884 D PointerIcon: setMouseIconStyle1 pointerType: 1001 iconType:101 flag:0 pid:3670 uid:1000
03-24 15:34:45.711  3670  3884 D PointerIcon: setMouseCustomIcon IconType is same.101
03-24 15:34:45.711  3670  3931 D SettingsProvider: isChangeAllowed() : name = user_rotation
03-24 15:34:45.711  3670  3931 D SettingsProvider: isChangeAllowed() : name = accelerometer_rotation
03-24 15:34:45.711  3670  3931 V WindowOrientationListener: OrientationSensorJudge.getProposedRotation, Rotation: -1
03-24 15:34:45.711  3670  3931 V WindowManager: rotationForOrientationLw(orient=-1, last=0); user=0  sensorRotation=-1 mLidState=-1 mDockMode=0 mHdmiPlugged=false mMobileKeyboardEnabled=false displayId=0
03-24 15:34:45.711  3670  3931 V WindowOrientationListener: OrientationSensorJudge.getProposedRotation, Rotation: -1
03-24 15:34:45.711  3670  3798 D SContextService: unregisterCallback() : Listener = android.hardware.scontext.SContextService$Listener@784415, Service = Auto Rotation, used = 0
03-24 15:34:45.711  3670  3698 D SettingsProvider: isChangeAllowed() : name = accelerometer_rotation
03-24 15:34:45.721 23455 23455 E Zygote  : v2
03-24 15:34:45.721 23455 23455 I libpersona: KNOX_SDCARD checking this for 1000
03-24 15:34:45.721 23455 23455 I libpersona: KNOX_SDCARD not a persona
03-24 15:34:45.721 23455 23455 W SELinux : Function: selinux_compare_spd_ram, index[1], priority [2], priority version is VE=SEPF_SECMOBILE_6.0.1_0003
03-24 15:34:45.721 23455 23455 E Zygote  : accessInfo : 0
03-24 15:34:45.721  3670  6808 I ActivityManager: Start proc 23455:com.samsung.android.sm.provider/1000 for content provider com.samsung.android.sm.provider/com.samsung.android.sm.database.lowpowercontext.LowpowerContextProvider
03-24 15:34:45.741  3670  3798 W CAE     : unregisterCallback(ContextAwareService.java:206) - [unregi 01] Mutex is locked for AUTO_ROTATION
03-24 15:34:45.741  3670  3798 V CAE     : stop(ContextProvider.java:155)
03-24 15:34:45.741  3670  3798 V CAE     : clear(AutoRotationRunner.java:182)
03-24 15:34:45.741  3670  3798 V CAE     : disable(AutoRotationRunner.java:171)
03-24 15:34:45.741  3670  3798 I CAE     : sendCmdToSensorHub(SensorHubCommManager.java:162) - -78, 7, 0, 0,
03-24 15:34:45.741  3670  3798 D SensorHubManager: SendSensorHubData: send data = -78, 7, 0, 0
03-24 15:34:45.741  3054  3104 D Sensorhubs: sendContextData: -78, 7, 0, 0
03-24 15:34:45.751 23455 23455 W ResourcesManager: getTopLevelResources: /system/priv-app/SmartManagerProvider/SmartManagerProvider.apk / 1.0 running in com.samsung.android.sm.provider rsrc of package com.samsung.android.sm.provider
03-24 15:34:45.751  3670  4143 I InjectionManagerService -AppFeature: getCoreFeaturePkgList :[]
03-24 15:34:45.751 23455 23455 I InjectionManager: Inside getClassLibPath + mLibMap{0=, 1=}
03-24 15:34:45.751 23455 23455 D ResourcesManager: For user 0 new overlays fetched Null
03-24 15:34:45.751 23455 23455 I InjectionManager: Inside getClassLibPath caller 
03-24 15:34:45.761  3670  3798 D CAE     : getFaultDetectionResult(AutoRotationRunner.java:195) - true
03-24 15:34:45.761  3670  3798 I CAE     : notifyCmdProcessResultObserver(ContextProvider.java:627) - CheckResult = 0, Cause = Success
03-24 15:34:45.761 23455 23455 W System  : ClassLoader referenced unknown path: /system/priv-app/SmartManagerProvider/lib/arm64
03-24 15:34:45.771  3670  3798 D CAE     : doCommendProcess(ContextAwareService.java:433) - complete notify the operation result.
03-24 15:34:45.771  3670  3798 I CAE     : displayUsedCountForService(ContextAwareService.java:525) - totalCnt = 0, serviceCount = 0, subCollectionCount = 0
03-24 15:34:45.771  3670  3798 D CAE     : showListenerList(ContextAwareService.java:366) - ===== Context Aware Service List =====
03-24 15:34:45.771  3670  3798 I CAE     : showListenerList(ContextAwareService.java:375) - Listener : com.samsung.android.contextaware.manager.ContextAwareService$Listener@1e966aa, Service : ACTIVITY_TRACKER_CURRENT_INFO(1)
03-24 15:34:45.771  3670  3798 I CAE     : showListenerList(ContextAwareService.java:375) - Listener : com.samsung.android.contextaware.manager.ContextAwareService$Listener@1e966aa, Service : ACTIVITY_TRACKER(1)
03-24 15:34:45.771  3670  3798 I CAE     : showListenerList(ContextAwareService.java:375) - Listener : com.samsung.android.contextaware.manager.ContextAwareService$Listener@1bfe120, Service : AUTO_BRIGHTNESS(1)
03-24 15:34:45.771  3670  3798 I CAE     : showListenerList(ContextAwareService.java:375) - Listener : com.samsung.android.contextaware.manager.ContextAwareService$Listener@ffcebd1, Service : EAD(1)
03-24 15:34:45.771  3670  3798 W CAE     : unregisterCallback(ContextAwareService.java:241) - [unregi 02] Mutex is unlocked for AUTO_ROTATION
03-24 15:34:45.771  3670  3798 D SContextService: 	.unregisterCallback : 4, client=
03-24 15:34:45.771  3670  3798 D SContextService: ===== SContext Service List =====
03-24 15:34:45.771  3670  3798 D SContextService: Listener : android.hardware.scontext.SContextService$Listener@40acad9, Service : Auto Brightness
03-24 15:34:45.771  3670  3798 D SContextService: Listener : android.hardware.scontext.SContextService$Listener@90a289b, Service : Activity Tracker
03-24 15:34:45.771  3670  3698 V WindowManager: rotationForOrientationLw(orient=-1, last=0); user=0 USER_ROTATION_LOCKED sensorRotation=-1 mLidState=-1 mDockMode=0 mHdmiPlugged=false mMobileKeyboardEnabled=false displayId=0
03-24 15:34:45.771  3670  3798 D SContextService: Listener : android.hardware.scontext.SContextService$Listener@3304636, Service : Environment Adaptive Display
03-24 15:34:45.771  3670  3798 D SContextManager:   .unregisterListener : listener = com.android.server.policy.WindowOrientationListener$OrientationSensorJudge@a57e543, service=Auto Rotation
03-24 15:34:45.771  3670  3798 V WindowManager: rotationForOrientationLw(orient=-1, last=0); user=0 USER_ROTATION_LOCKED sensorRotation=-1 mLidState=-1 mDockMode=0 mHdmiPlugged=false mMobileKeyboardEnabled=false displayId=0
03-24 15:34:45.781 23443 23443 I art     : System.exit called, status: 0
03-24 15:34:45.781 23443 23443 I AndroidRuntime: VM exiting with result code 0.
03-24 15:34:45.781  3670  3798 V WindowManager: rotationForOrientationLw(orient=-1, last=0); user=0 USER_ROTATION_LOCKED sensorRotation=-1 mLidState=-1 mDockMode=0 mHdmiPlugged=false mMobileKeyboardEnabled=false displayId=0
03-24 15:34:45.781 23455 23455 D InjectionManager: InjectionManager
03-24 15:34:45.781 23455 23455 D InjectionManager: fillFeatureStoreMap com.samsung.android.sm.provider
03-24 15:34:45.781 23455 23455 I InjectionManager: Constructor com.samsung.android.sm.provider, Feature store :{}
03-24 15:34:45.781 23455 23455 I InjectionManager: featureStore :{}
03-24 15:34:45.781  3670  3798 W CAE     : setCAProperty(ContextAwareService.java:578) - [setProperty 01] Mutex is locked for AUTO_ROTATION
03-24 15:34:45.781  3670  3798 I CAE     : setPropertyValue(AutoRotationRunner.java:119) - Device Type = 0.0
03-24 15:34:45.781  3670  3798 I CAE     : setCAProperty(ContextAwareService.java:583) - result : true
03-24 15:34:45.781  3670  3798 W CAE     : setCAProperty(ContextAwareService.java:584) - [setProperty 02] Mutex is unlocked for AUTO_ROTATION
03-24 15:34:45.781  3670  3798 W CAE     : registerCallback(ContextAwareService.java:144) - [regi 01] Mutex is locked for AUTO_ROTATION
03-24 15:34:45.781  3670  3798 V CAE     : start(ContextProvider.java:128)
03-24 15:34:45.781  3670  3798 V CAE     : clear(AutoRotationRunner.java:182)
03-24 15:34:45.781  3670  3798 V CAE     : enable(AutoRotationRunner.java:158)
03-24 15:34:45.781  3670  3798 I CAE     : sendCmdToSensorHub(SensorHubCommManager.java:162) - -79, 7, 0, 0,
03-24 15:34:45.781  3670  3798 D SensorHubManager: SendSensorHubData: send data = -79, 7, 0, 0
03-24 15:34:45.781  3054  3054 D Sensorhubs: sendContextData: -79, 7, 0, 0
03-24 15:34:45.791  3670  3670 I ActivityManager: Killing 22526:com.samsung.android.weather/u0a77 (adj 15): DHA:empty #9
03-24 15:34:45.791  3670  3798 D CAE     : getFaultDetectionResult(AutoRotationRunner.java:195) - true
03-24 15:34:45.791  3670  3798 I CAE     : notifyCmdProcessResultObserver(ContextProvider.java:627) - CheckResult = 0, Cause = Success
03-24 15:34:45.801  3670  3798 D CAE     : doCommendProcess(ContextAwareService.java:433) - complete notify the operation result.
03-24 15:34:45.811  3670  3798 I CAE     : displayUsedCountForService(ContextAwareService.java:525) - totalCnt = 1, serviceCount = 1, subCollectionCount = 0
03-24 15:34:45.811  3670  3697 D ActivityManager: cleanUpApplicationRecord -- 22526
03-24 15:34:45.811  3670  3798 D CAE     : showListenerList(ContextAwareService.java:366) - ===== Context Aware Service List =====
03-24 15:34:45.811  3670  3697 D ActivityManager: isAutoRunBlockedApp:: com.samsung.android.weather, Auto Run ON
03-24 15:34:45.811  3670  3798 I CAE     : showListenerList(ContextAwareService.java:375) - Listener : com.samsung.android.contextaware.manager.ContextAwareService$Listener@1e966aa, Service : ACTIVITY_TRACKER_CURRENT_INFO(1)
03-24 15:34:45.811  3670  3798 I CAE     : showListenerList(ContextAwareService.java:375) - Listener : com.samsung.android.contextaware.manager.ContextAwareService$Listener@1e966aa, Service : ACTIVITY_TRACKER(1)
03-24 15:34:45.811  3670  3798 I CAE     : showListenerList(ContextAwareService.java:375) - Listener : com.samsung.android.contextaware.manager.ContextAwareService$Listener@1bfe120, Service : AUTO_BRIGHTNESS(1)
03-24 15:34:45.811  3670  3798 I CAE     : showListenerList(ContextAwareService.java:375) - Listener : com.samsung.android.contextaware.manager.ContextAwareService$Listener@ffcebd1, Service : EAD(1)
03-24 15:34:45.811  3670  3798 I CAE     : showListenerList(ContextAwareService.java:375) - Listener : com.samsung.android.contextaware.manager.ContextAwareService$Listener@2dc1136, Service : AUTO_ROTATION(1)
03-24 15:34:45.811  3670  3798 W CAE     : registerCallback(ContextAwareService.java:180) - [regi 02] Mutex is unlocked for AUTO_ROTATION
03-24 15:34:45.811  3670  3798 D SContextService: 	.registerCallback : 4, client=
03-24 15:34:45.811  3670  3798 D SContextService: ===== SContext Service List =====
03-24 15:34:45.811  3670  3798 D SContextService: Listener : android.hardware.scontext.SContextService$Listener@40acad9, Service : Auto Brightness
03-24 15:34:45.811  3670  3798 D SContextService: Listener : android.hardware.scontext.SContextService$Listener@90a289b, Service : Activity Tracker
03-24 15:34:45.811  3670  3798 D SContextService: Listener : android.hardware.scontext.SContextService$Listener@3304636, Service : Environment Adaptive Display
03-24 15:34:45.811  3670  3798 D SContextService: Listener : android.hardware.scontext.SContextService$Listener@ab5f837, Service : Auto Rotation
03-24 15:34:45.811  3670  3798 D SContextManager:   .registerListener : listener = com.android.server.policy.WindowOrientationListener$OrientationSensorJudge@a57e543, service=Auto Rotation
03-24 15:34:45.811  3670  3798 V WindowOrientationListener: OrientationSensorJudge.getProposedRotation, Rotation: -1
03-24 15:34:45.811  3670  3798 V WindowManager: rotationForOrientationLw(orient=-1, last=0); user=0  sensorRotation=-1 mLidState=-1 mDockMode=0 mHdmiPlugged=false mMobileKeyboardEnabled=false displayId=0
03-24 15:34:45.811  3670  3798 V WindowOrientationListener: OrientationSensorJudge.getProposedRotation, Rotation: -1
03-24 15:34:45.811  3670  3798 V WindowOrientationListener: OrientationSensorJudge.getProposedRotation, Rotation: -1
03-24 15:34:45.811  3670  3798 V WindowManager: rotationForOrientationLw(orient=-1, last=0); user=0  sensorRotation=-1 mLidState=-1 mDockMode=0 mHdmiPlugged=false mMobileKeyboardEnabled=false displayId=0
03-24 15:34:45.811  3670  3798 V WindowOrientationListener: OrientationSensorJudge.getProposedRotation, Rotation: -1
03-24 15:34:45.851  3670  3682 I art     : Background partial concurrent mark sweep GC freed 84397(6MB) AllocSpace objects, 149(2MB) LOS objects, 26% free, 43MB/59MB, paused 1.513ms total 160.036ms
03-24 15:34:46.201  3670  3796 W ActivityManager: Activity pause timeout for ActivityRecord{fdb53d9 u0 com.example.myapplication/.MainActivity t170}
03-24 15:34:46.211 23479 23479 E Zygote  : v2
03-24 15:34:46.211 23479 23479 I libpersona: KNOX_SDCARD checking this for 10175
03-24 15:34:46.211 23479 23479 I libpersona: KNOX_SDCARD not a persona
03-24 15:34:46.211 23479 23479 W SELinux : Function: selinux_compare_spd_ram, index[1], priority [2], priority version is VE=SEPF_SECMOBILE_6.0.1_0003
03-24 15:34:46.211  3670  3796 I ActivityManager: Start proc 23479:com.yandex.browser/u0a175 for activity com.yandex.browser/.YandexBrowserActivity
03-24 15:34:46.221  3670  4019 D NetworkPolicy: isUidForegroundLocked: 10175, mScreenOn: true, uidstate: -1, mProxSensorScreenOff: false
03-24 15:34:46.221 23479 23479 E Zygote  : accessInfo : 0
03-24 15:34:46.221 23479 23479 W SELinux : SELinux: seapp_context_lookup: seinfo=default, level=s0:c512,c768, pkgname=com.yandex.browser 
03-24 15:34:46.241  3670  3698 D ActivityManager:  Launching com.yandex.browser, updated priority
03-24 15:34:46.241  3670  3670 D GameManagerService: NotifyRunnable. pkg: com.yandex.browser, type: 4, isMinimized: false, isTunableApp: false
03-24 15:34:46.241  3670  3796 V MARsPolicyManager: updatePackagesScore PackageInfo name -- com.yandex.browser
03-24 15:34:46.241  3670  4040 D SContextService: unregisterCallback() : Listener = android.hardware.scontext.SContextService$Listener@3304636, Service = Environment Adaptive Display, used = 0
03-24 15:34:46.241  3670  6805 D GameManagerService: identifyGamePackage. com.yandex.browser
03-24 15:34:46.251  3670  6805 D GameManagerService: identifyGamePackage. com.yandex.browser
03-24 15:34:46.251  3670  6805 D O       : limitGPUFreq:: freq = 600
03-24 15:34:46.261  3670  4040 W CAE     : unregisterCallback(ContextAwareService.java:206) - [unregi 01] Mutex is locked for EAD
03-24 15:34:46.261 23479 23479 W ResourcesManager: getTopLevelResources: /data/app/com.yandex.browser-1/base.apk / 1.0 running in com.yandex.browser rsrc of package com.yandex.browser
03-24 15:34:46.261  3670  4040 V CAE     : stop(ContextProvider.java:155)
03-24 15:34:46.261  3670  4040 V CAE     : clear(EADRunner.java:257)
03-24 15:34:46.261  3670  4040 V CAE     : disable(EADRunner.java:246)
03-24 15:34:46.261  3670  4040 I CAE     : sendCmdToSensorHub(SensorHubCommManager.java:162) - -78, 52, 0, 0,
03-24 15:34:46.261  3670  4040 D SensorHubManager: SendSensorHubData: send data = -78, 52, 0, 0
03-24 15:34:46.261  3054 17920 D Sensorhubs: sendContextData: -78, 52, 0, 0
03-24 15:34:46.261  3670  4143 I InjectionManagerService -AppFeature: getCoreFeaturePkgList :[]
03-24 15:34:46.261 23479 23479 I InjectionManager: Inside getClassLibPath + mLibMap{0=, 1=}
03-24 15:34:46.271 23479 23479 D ResourcesManager: For user 0 new overlays fetched Null
03-24 15:34:46.271 23479 23479 I InjectionManager: Inside getClassLibPath caller 
03-24 15:34:46.271  3670  4040 D CAE     : getFaultDetectionResult(EADRunner.java:271) - true
03-24 15:34:46.271  3670  4040 I CAE     : notifyCmdProcessResultObserver(ContextProvider.java:627) - CheckResult = 0, Cause = Success
03-24 15:34:46.291  3670  4040 D CAE     : doCommendProcess(ContextAwareService.java:433) - complete notify the operation result.
03-24 15:34:46.291  3670  4040 I CAE     : displayUsedCountForService(ContextAwareService.java:525) - totalCnt = 0, serviceCount = 0, subCollectionCount = 0
03-24 15:34:46.291  3670  4040 D CAE     : showListenerList(ContextAwareService.java:366) - ===== Context Aware Service List =====
03-24 15:34:46.291  3670  4040 I CAE     : showListenerList(ContextAwareService.java:375) - Listener : com.samsung.android.contextaware.manager.ContextAwareService$Listener@1e966aa, Service : ACTIVITY_TRACKER_CURRENT_INFO(1)
03-24 15:34:46.291  3670  4040 I CAE     : showListenerList(ContextAwareService.java:375) - Listener : com.samsung.android.contextaware.manager.ContextAwareService$Listener@1e966aa, Service : ACTIVITY_TRACKER(1)
03-24 15:34:46.291  3670  4040 I CAE     : showListenerList(ContextAwareService.java:375) - Listener : com.samsung.android.contextaware.manager.ContextAwareService$Listener@1bfe120, Service : AUTO_BRIGHTNESS(1)
03-24 15:34:46.291  3670  4040 I CAE     : showListenerList(ContextAwareService.java:375) - Listener : com.samsung.android.contextaware.manager.ContextAwareService$Listener@2dc1136, Service : AUTO_ROTATION(1)
03-24 15:34:46.291  3670  4040 W CAE     : unregisterCallback(ContextAwareService.java:241) - [unregi 02] Mutex is unlocked for EAD
03-24 15:34:46.291  3670  4040 D SContextService: 	.unregisterCallback : 4, client=
03-24 15:34:46.291  3670  4040 D SContextService: ===== SContext Service List =====
03-24 15:34:46.291  3670  4040 D SContextService: Listener : android.hardware.scontext.SContextService$Listener@40acad9, Service : Auto Brightness
03-24 15:34:46.291  3670  4040 D SContextService: Listener : android.hardware.scontext.SContextService$Listener@90a289b, Service : Activity Tracker
03-24 15:34:46.291  3670  4040 D SContextService: Listener : android.hardware.scontext.SContextService$Listener@ab5f837, Service : Auto Rotation
03-24 15:34:46.291  3670  4040 D SContextManager:   .unregisterListener : listener = com.samsung.android.mdnie.AdaptiveDisplayColorService$3@5bb4caa, service=Environment Adaptive Display
03-24 15:34:46.291  3670  6805 D ConnectivityService: returning getNetworkInfo for network type 1 : [type: WIFI[] - WIFI, state: CONNECTED/CONNECTED, reason: (unspecified), extra: "DataStructures", roaming: false, failover: false, isAvailable: true]
03-24 15:34:46.291  3670  6805 D O       : limitGPUFreq:: freq = -1
03-24 15:34:46.301  3670  6805 D ConnectivityService: returning getNetworkInfo for network type 1 : [type: WIFI[] - WIFI, state: CONNECTED/CONNECTED, reason: (unspecified), extra: "DataStructures", roaming: false, failover: false, isAvailable: true]
03-24 15:34:46.301  3670  6805 D GameManagerService: identifyGamePackage. com.yandex.browser
03-24 15:34:46.341 23479 23479 I MultiDex: Installing application
03-24 15:34:46.341 23479 23479 I MultiDex: VM with version 2.1.0 has multidex support
03-24 15:34:46.341 23479 23479 I MultiDex: VM has multidex support, MultiDex support library is disabled.
03-24 15:34:46.341 23479 23479 I cr_base_multidex: Completed multidex installation.
03-24 15:34:46.401  3670  4947 D PackageManager: setEnabledSetting : userId = 0 packageName = com.yandex.browser cmp = com.yandex.metrica.ConfigurationService newState = 1 callingPackage = 10175
03-24 15:34:46.411 23479 23498 W System.err: remove failed: ENOENT (No such file or directory) : /data/user/0/com.yandex.browser/shared_prefs/com.yandex.browser_preferences.xml.bak
03-24 15:34:46.431 23479 23479 W System.err: remove failed: ENOENT (No such file or directory) : /data/user/0/com.yandex.browser/files/recovery_cancelled
03-24 15:34:46.431 23479 23498 W System.err: remove failed: ENOENT (No such file or directory) : /data/user/0/com.yandex.browser/shared_prefs/clids.xml.bak
03-24 15:34:46.441 23479 23504 I AppMetrica: [com.yandex.browser] : [d01c0d44-xxxx-xxxx-xxxx-xxxxxxxx00ad] Initializing of Metrica, Release type, Version 3.4.0, API Level 72, Dated 05.11.2018.
03-24 15:34:46.471 23479 23498 W System.err: remove failed: ENOENT (No such file or directory) : /data/user/0/com.yandex.browser/shared_prefs/crashreports_storage.xml.bak
03-24 15:34:46.501 23479 23498 W System.err: remove failed: ENOENT (No such file or directory) : /data/user/0/com.yandex.browser/shared_prefs/com.yandex.browser_migrationpreferences.xml.bak
03-24 15:34:46.501 23479 23504 I art     : Rejecting re-init on previously-failed class java.lang.Class<com.yandex.metrica.impl.ob.lb>
03-24 15:34:46.501  3670  4409 I PersonaManager: mKnoxInfo is empty
03-24 15:34:46.501 23479 23504 I art     : Rejecting re-init on previously-failed class java.lang.Class<com.yandex.metrica.impl.ob.lb>
03-24 15:34:46.511 23513 23513 E Zygote  : v2
03-24 15:34:46.511 23513 23513 I libpersona: KNOX_SDCARD checking this for 10175
03-24 15:34:46.511 23513 23513 I libpersona: KNOX_SDCARD not a persona
03-24 15:34:46.511 23513 23513 W SELinux : Function: selinux_compare_spd_ram, index[1], priority [2], priority version is VE=SEPF_SECMOBILE_6.0.1_0003
03-24 15:34:46.511 23513 23513 E Zygote  : accessInfo : 0
03-24 15:34:46.511 23513 23513 W SELinux : SELinux: seapp_context_lookup: seinfo=default, level=s0:c512,c768, pkgname=com.yandex.browser:Metrica 
03-24 15:34:46.511  3670  4409 I ActivityManager: Start proc 23513:com.yandex.browser:Metrica/u0a175 for service com.yandex.browser/com.yandex.metrica.MetricaService
03-24 15:34:46.531 23513 23513 W ResourcesManager: getTopLevelResources: /data/app/com.yandex.browser-1/base.apk / 1.0 running in com.yandex.browser rsrc of package com.yandex.browser
03-24 15:34:46.531  3670  3698 I InjectionManagerService -AppFeature: getCoreFeaturePkgList :[]
03-24 15:34:46.531 23513 23513 I InjectionManager: Inside getClassLibPath + mLibMap{0=, 1=}
03-24 15:34:46.531 23513 23513 D ResourcesManager: For user 0 new overlays fetched Null
03-24 15:34:46.531 23479 23479 W System.err: remove failed: ENOENT (No such file or directory) : /data/user/0/com.yandex.browser/shared_prefs/download_requests.xml
03-24 15:34:46.541 23513 23513 I InjectionManager: Inside getClassLibPath caller 
03-24 15:34:46.551 23513 23513 I MultiDex: Installing application
03-24 15:34:46.551 23513 23513 I MultiDex: VM with version 2.1.0 has multidex support
03-24 15:34:46.551 23513 23513 I MultiDex: VM has multidex support, MultiDex support library is disabled.
03-24 15:34:46.551 23513 23513 I cr_base_multidex: Completed multidex installation.
03-24 15:34:46.571 23513 23513 D InjectionManager: InjectionManager
03-24 15:34:46.571 23513 23513 D InjectionManager: fillFeatureStoreMap com.yandex.browser
03-24 15:34:46.571 23513 23513 I InjectionManager: Constructor com.yandex.browser, Feature store :{}
03-24 15:34:46.571 23513 23513 I InjectionManager: featureStore :{}
03-24 15:34:46.581 23479 23479 W System.err: remove failed: ENOENT (No such file or directory) : /data/user/0/com.yandex.browser/files/roboto_regular.ttf.bak
03-24 15:34:46.601  3670  4952 D PackageManager: setEnabledSetting : userId = 0 packageName = com.yandex.browser cmp = com.yandex.browser.InstallReceiver newState = 0 callingPackage = 10175
03-24 15:34:46.631 23479 23479 I [SL:BaseSearchLibImpl]: SL version: 536
03-24 15:34:46.641 23479 23479 D InjectionManager: InjectionManager
03-24 15:34:46.641 23479 23479 D InjectionManager: fillFeatureStoreMap com.yandex.browser
03-24 15:34:46.641 23479 23479 I InjectionManager: Constructor com.yandex.browser, Feature store :{}
03-24 15:34:46.641 23479 23479 I InjectionManager: featureStore :{}
03-24 15:34:46.641 23479 23479 W ResourcesManager: getTopLevelResources: /data/app/com.yandex.browser-1/base.apk / 1.0 running in com.yandex.browser rsrc of package com.yandex.browser
03-24 15:34:46.641 23479 23479 W ResourcesManager: getTopLevelResources: /data/app/com.yandex.browser-1/base.apk / 1.0 running in com.yandex.browser rsrc of package com.yandex.browser
03-24 15:34:46.651 23479 23498 W System.err: remove failed: ENOENT (No such file or directory) : /data/user/0/com.yandex.browser/shared_prefs/searchlib_settings.xml.bak
03-24 15:34:46.661 23513 23548 I AppMetrica: [com.yandex.browser] : [] Initializing of Metrica, Release type, Version 3.4.0, API Level 72, Dated 05.11.2018.
03-24 15:34:46.661 23479 23546 W ResourceType: No package identifier when getting value for resource number 0x00000000
03-24 15:34:46.671  3670  4016 I PersonaManager: mKnoxInfo is empty
03-24 15:34:46.681 23479 23479 D ConnectivityManager: requestNetwork; getAppId(CallingUid) : 10175, CallingPid : 23479
03-24 15:34:46.681 23479 23488 I art     : Background sticky concurrent mark sweep GC freed 69320(3MB) AllocSpace objects, 8(160KB) LOS objects, 35% free, 5MB/8MB, paused 5.569ms total 27.544ms
03-24 15:34:46.681  3670  3697 D ConnectivityService: listenForNetwork for Listen from uid/pid:10175/23479 for NetworkRequest [ id=370, legacyType=-1, [ Capabilities: INTERNET&NOT_RESTRICTED&TRUSTED] ]
03-24 15:34:46.681  3670  4029 D ConnectivityService: rematching NetworkAgentInfo [WIFI () - 510]
03-24 15:34:46.681  3670  4029 D ConnectivityService:  network has: NetworkAgentInfo{ ni{[type: WIFI[] - WIFI, state: CONNECTED/CONNECTED, reason: (unspecified), extra: "DataStructures", roaming: false, failover: false, isAvailable: true]}  network{510}  lp{{InterfaceName: wlan0 LinkAddresses: [fe80::ee9b:f3ff:fe73:43e9/64,192.168.0.174/24,]  Routes: [fe80::/64 -> :: wlan0,192.168.0.0/24 -> 0.0.0.0 wlan0,0.0.0.0/0 -> 192.168.0.1 wlan0,] DnsAddresses: [192.168.0.1,] Domains:  MTU: 0 TcpBufferSizes: 524288,1048576,4525824,524288,1048576,4525824}}  nc{[ Transports: WIFI Capabilities: INTERNET&NOT_RESTRICTED&TRUSTED&NOT_VPN&VALIDATED LinkUpBandwidth>=1048576Kbps LinkDnBandwidth>=1048576Kbps SignalStrength: -37]}  Score{60}  everValidated{true}  lastValidated{true}  created{true} lingering{false} explicitlySelected{false} acceptUnvalidated{false} everCaptivePortalDetected{false} lastCaptivePortalDetected{false} }
03-24 15:34:46.681  3670  4029 D ConnectivityService:   checking if request is: NetworkRequest [ id=5, legacyType=-1, [ Transports: WIFI Capabilities: INTERNET&NOT_RESTRICTED&TRUSTED&NOT_VPN] ] satisfies: true nri.isRequest: false
03-24 15:34:46.681  3670  4029 D ConnectivityService: Network NetworkAgentInfo [WIFI () - 510] was already satisfying request 1. No change.
03-24 15:34:46.681  3670  4029 D ConnectivityService:   checking if request is: NetworkRequest [ id=370, legacyType=-1, [ Capabilities: INTERNET&NOT_RESTRICTED&TRUSTED] ] satisfies: true nri.isRequest: false
03-24 15:34:46.681  3670  4029 D ConnectivityService:   checking if request is: NetworkRequest [ id=3, legacyType=-1, [] ] satisfies: true nri.isRequest: false
03-24 15:34:46.681  3670  4029 D ConnectivityService:   checking if request is: NetworkRequest [ id=4, legacyType=-1, [ Transports: CELLULAR Capabilities: INTERNET&NOT_RESTRICTED&TRUSTED&NOT_VPN] ] satisfies: false nri.isRequest: false
03-24 15:34:46.681  3670  4029 D ConnectivityService: sending notification AVAILABLE for NetworkRequest [ id=370, legacyType=-1, [ Capabilities: INTERNET&NOT_RESTRICTED&TRUSTED] ]
03-24 15:34:46.691  3670  4947 I PersonaManager: mKnoxInfo is empty
03-24 15:34:46.691 23479 23479 I Timeline: Timeline: Activity_launch_request id:com.yandex.browser time:72897624
03-24 15:34:46.691  3670  4407 I PersonaManager: mKnoxInfo is empty
03-24 15:34:46.691  3670  4407 D GameManagerService: identifyGamePackage. com.yandex.browser
03-24 15:34:46.691  3670  4407 D MultiWindowPolicy: Gamemode - return 0,  when calling  identifyForegroundApp(com.yandex.browser)
03-24 15:34:46.691  3670  4407 D CustomFrequencyManagerService: releaseDVFSLockLocked : Getting Lock type frm List : DVFS_MIN_LIMIT  frequency : 1800000  uid : 1000  pid : 3670  tag : ACTIVITY_RESUME_BOOSTER@3
03-24 15:34:46.701  3670  4407 D CustomFrequencyManagerService: acquireDVFSLockLocked : type : DVFS_MIN_LIMIT  frequency : 1800000  uid : 1000  pid : 3670  pkgName : ACTIVITY_RESUME_BOOSTER@3
03-24 15:34:46.701  3670  4407 D ActivityManager: mDVFSHelper.acquire()
03-24 15:34:46.701  3670  4407 V WindowManager: addAppToken: AppWindowToken{786bbd4 token=Token{73f5d27 ActivityRecord{62933e6 u0 com.yandex.browser/.YandexBrowserMainActivity t198}}} to stack=1 task=198 at 1
03-24 15:34:46.701  3670  4407 D InputDispatcher: Focused application set to: xxxx
03-24 15:34:46.701 23479 23479 D Activity: performCreate Call Injection manager
03-24 15:34:46.711  3670  3670 D GameManagerService: NotifyRunnable. pkg: com.yandex.browser, type: 4, isMinimized: false, isTunableApp: false
03-24 15:34:46.711  3670  3796 V MARsPolicyManager: updatePackagesScore PackageInfo name -- com.yandex.browser
03-24 15:34:46.721 23479 23479 W ResourcesManager: getTopLevelResources: /data/app/com.yandex.browser-1/base.apk / 1.0 running in com.yandex.browser rsrc of package com.yandex.browser
03-24 15:34:46.721 23479 23479 W ResourcesManager: getTopLevelResources: /data/app/com.yandex.browser-1/base.apk / 1.0 running in com.yandex.browser rsrc of package com.yandex.browser
03-24 15:34:46.721  3670  3698 V AlarmManager:  remove PendingIntent] PendingIntent{b90c17d: PendingIntentRecord{b44a872 com.yandex.browser startService}}
03-24 15:34:46.721  3670  4421 I PersonaManager: mKnoxInfo is empty
03-24 15:34:46.721  3670  3931 I PersonaManager: mKnoxInfo is empty
03-24 15:34:46.731  3670  4524 I PersonaManager: mKnoxInfo is empty
03-24 15:34:46.731  3670  4946 D PackageManager: setEnabledSetting : userId = 0 packageName = com.yandex.browser cmp = ru.yandex.searchlib.notification.BarMarkerService newState = 2 callingPackage = 10175
03-24 15:34:46.731  3670  3697 D PackageManager: setEnabledSetting : userId = 0 packageName = com.yandex.browser cmp = ru.yandex.searchlib.notification.NotificationConnectivityBroadcastReceiver newState = 2 callingPackage = 10175
03-24 15:34:46.741  3670  3931 I PersonaManager: mKnoxInfo is empty
03-24 15:34:46.751 23479 23479 D SecWifiDisplayUtil: Metadata value : SecSettings2
03-24 15:34:46.841 23513 23568 I System.out: (HTTPLog)-Static: isSBSettingEnabled false
03-24 15:34:46.841 23513 23568 I System.out: (HTTPLog)-Static: isSBSettingEnabled false
03-24 15:34:46.841  3037  3741 D EnterpriseController: netId is 0
03-24 15:34:46.841  3037  3741 D Netd    : getNetworkForDns: using netid 510 for uid 10175
03-24 15:34:46.871  3670  4409 V WindowOrientationListener: setCurrentAppOrientation :7
03-24 15:34:46.871  3670  4409 V WindowOrientationListener: OrientationSensorJudge.getProposedRotation, Rotation: -1
03-24 15:34:46.871  3670  4409 V WindowManager: rotationForOrientationLw(orient=7, last=0); user=0  sensorRotation=-1 mLidState=-1 mDockMode=0 mHdmiPlugged=false mMobileKeyboardEnabled=false displayId=0
03-24 15:34:46.871  3670  4409 V WindowOrientationListener: OrientationSensorJudge.getProposedRotation, Rotation: -1
03-24 15:34:46.911 23479 23479 I Timeline: Timeline: Activity_launch_request id:com.yandex.browser time:72897845
03-24 15:34:46.911  3670  4524 I PersonaManager: mKnoxInfo is empty
03-24 15:34:46.921  3670  4524 E Parcel  : Class not found when unmarshalling: com.yandex.browser.firstscreen.FirstScreenControllerBridge
03-24 15:34:46.921  3670  4524 E Parcel  : java.lang.ClassNotFoundException: com.yandex.browser.firstscreen.FirstScreenControllerBridge
03-24 15:34:46.921  3670  4524 E Parcel  : 	at java.lang.Class.classForName(Native Method)
03-24 15:34:46.921  3670  4524 E Parcel  : 	at java.lang.Class.forName(Class.java:324)
03-24 15:34:46.921  3670  4524 E Parcel  : 	at android.os.Parcel.readParcelableCreator(Parcel.java:2404)
03-24 15:34:46.921  3670  4524 E Parcel  : 	at android.os.Parcel.readParcelable(Parcel.java:2358)
03-24 15:34:46.921  3670  4524 E Parcel  : 	at android.os.Parcel.readValue(Parcel.java:2264)
03-24 15:34:46.921  3670  4524 E Parcel  : 	at android.os.Parcel.readArrayMapInternal(Parcel.java:2614)
03-24 15:34:46.921  3670  4524 E Parcel  : 	at android.os.BaseBundle.unparcel(BaseBundle.java:221)
03-24 15:34:46.921  3670  4524 E Parcel  : 	at android.os.BaseBundle.getString(BaseBundle.java:920)
03-24 15:34:46.921  3670  4524 E Parcel  : 	at android.content.Intent.getStringExtra(Intent.java:6183)
03-24 15:34:46.921  3670  4524 E Parcel  : 	at com.android.server.am.ActivityStackSupervisor.startActivityLocked(ActivityStackSupervisor.java:2706)
03-24 15:34:46.921  3670  4524 E Parcel  : 	at com.android.server.am.ActivityStackSupervisor.startActivityMayWait(ActivityStackSupervisor.java:2171)
03-24 15:34:46.921  3670  4524 E Parcel  : 	at com.android.server.am.ActivityManagerService.startActivityAsUser(ActivityManagerService.java:6356)
03-24 15:34:46.921  3670  4524 E Parcel  : 	at com.android.server.am.ActivityManagerService.startActivity(ActivityManagerService.java:6127)
03-24 15:34:46.921  3670  4524 E Parcel  : 	at android.app.ActivityManagerNative.onTransact(ActivityManagerNative.java:170)
03-24 15:34:46.921  3670  4524 E Parcel  : 	at com.android.server.am.ActivityManagerService.onTransact(ActivityManagerService.java:3999)
03-24 15:34:46.921  3670  4524 E Parcel  : 	at android.os.Binder.execTransact(Binder.java:453)
03-24 15:34:46.921  3670  4524 E Parcel  : Caused by: java.lang.ClassNotFoundException: com.yandex.browser.firstscreen.FirstScreenControllerBridge
03-24 15:34:46.921  3670  4524 E Parcel  : 	at java.lang.Class.classForName(Native Method)
03-24 15:34:46.921  3670  4524 E Parcel  : 	at java.lang.BootClassLoader.findClass(ClassLoader.java:781)
03-24 15:34:46.921  3670  4524 E Parcel  : 	at java.lang.BootClassLoader.loadClass(ClassLoader.java:841)
03-24 15:34:46.921  3670  4524 E Parcel  : 	at java.lang.ClassLoader.loadClass(ClassLoader.java:469)
03-24 15:34:46.921  3670  4524 E Parcel  : 	... 16 more
03-24 15:34:46.921  3670  4524 E Parcel  : Caused by: java.lang.NoClassDefFoundError: Class not found using the boot class loader; no stack trace available
03-24 15:34:46.931  3670  4524 D GameManagerService: identifyGamePackage. com.yandex.browser
03-24 15:34:46.931  3670  4524 D MultiWindowPolicy: Gamemode - return 0,  when calling  identifyForegroundApp(com.yandex.browser)
03-24 15:34:46.931  3670  4524 D CustomFrequencyManagerService: releaseDVFSLockLocked : Getting Lock type frm List : DVFS_MIN_LIMIT  frequency : 1800000  uid : 1000  pid : 3670  tag : ACTIVITY_RESUME_BOOSTER@3
03-24 15:34:46.931  3670  4524 D CustomFrequencyManagerService: acquireDVFSLockLocked : type : DVFS_MIN_LIMIT  frequency : 1800000  uid : 1000  pid : 3670  pkgName : ACTIVITY_RESUME_BOOSTER@3
03-24 15:34:46.931  3670  4524 D ActivityManager: mDVFSHelper.acquire()
03-24 15:34:46.931  3670  4524 V WindowManager: addAppToken: AppWindowToken{8ea7858 token=Token{509e93b ActivityRecord{81cd3ca u0 com.yandex.browser/.firstscreen.FirstScreenActivity t198}}} to stack=1 task=198 at 2
03-24 15:34:46.931  3670  4524 D InputDispatcher: Focused application set to: xxxx
03-24 15:34:47.001  3670  4524 D VoldConnector: SND -> {49 volume mkdirs /storage/emulated/0/Android/data/com.yandex.browser/files/Pictures/}
03-24 15:34:47.001  2999  3238 D VoldCmdListener: volume mkdirs /storage/emulated/0/Android/data/com.yandex.browser/files/Pictures/
03-24 15:34:47.001  2999  3238 D VoldCmdListener: CommandListener::runCommand() cmd:mkdirs
03-24 15:34:47.011  3670  4000 D VoldConnector: RCV <- {200 49 Command succeeded}
03-24 15:34:47.011 23578 23578 E Zygote  : v2
03-24 15:34:47.011 23578 23578 I libpersona: KNOX_SDCARD checking this for 10175
03-24 15:34:47.011 23578 23578 I libpersona: KNOX_SDCARD not a persona
03-24 15:34:47.011 23578 23578 W SELinux : Function: selinux_compare_spd_ram, index[1], priority [2], priority version is VE=SEPF_SECMOBILE_6.0.1_0003
03-24 15:34:47.011 23578 23578 E Zygote  : accessInfo : 0
03-24 15:34:47.011 23578 23578 W SELinux : SELinux: seapp_context_lookup: seinfo=default, level=s0:c512,c768, pkgname=com.yandex.browser:passport 
03-24 15:34:47.011  3670  4550 I ActivityManager: Start proc 23578:com.yandex.browser:passport/u0a175 for content provider com.yandex.browser/com.yandex.passport.internal.provider.InternalProvider
03-24 15:34:47.051 23578 23578 W ResourcesManager: getTopLevelResources: /data/app/com.yandex.browser-1/base.apk / 1.0 running in com.yandex.browser rsrc of package com.yandex.browser
03-24 15:34:47.051  3670  3697 I InjectionManagerService -AppFeature: getCoreFeaturePkgList :[]
03-24 15:34:47.051 23578 23578 I InjectionManager: Inside getClassLibPath + mLibMap{0=, 1=}
03-24 15:34:47.051 23479 23479 D Activity: performCreate Call Injection manager
03-24 15:34:47.061 23479 23498 W System.err: remove failed: ENOENT (No such file or directory) : /data/user/0/com.yandex.browser/shared_prefs/dashboard_prefs.xml.bak
03-24 15:34:47.071 23578 23578 D ResourcesManager: For user 0 new overlays fetched Null
03-24 15:34:47.071 23479 23479 I InjectionManager: dispatchOnViewCreated > Target : com.yandex.browser.YandexBrowserMainActivity isFragment :false
03-24 15:34:47.071 23578 23578 I InjectionManager: Inside getClassLibPath caller 
03-24 15:34:47.091 23578 23578 I MultiDex: Installing application
03-24 15:34:47.091 23578 23578 I MultiDex: VM with version 2.1.0 has multidex support
03-24 15:34:47.091 23578 23578 I MultiDex: VM has multidex support, MultiDex support library is disabled.
03-24 15:34:47.091 23578 23578 I cr_base_multidex: Completed multidex installation.
03-24 15:34:47.101 23479 23479 D SecWifiDisplayUtil: Metadata value : SecSettings2
03-24 15:34:47.111 23479 23479 D ViewRootImpl: #1 mView = com.android.internal.policy.PhoneWindow$DecorView{2b33e1e I.E...... R.....ID 0,0-0,0}
