--------- beginning of system
03-24 14:52:15.371  3670  4947 V BroadcastQueue: [background] Process cur broadcast BroadcastRecord{fb5623f u0 android.intent.action.PACKAGE_RESTARTED qIdx=4}, state= (APP_RECEIVE) DELIVERED for app ProcessRecord{126ce28 24150:com.sec.android.daemonapp/u0a145}
--------- beginning of main
03-24 14:52:15.381 24150 24150 D [WeatherWidget(1236)]  ClearDataReceiver: {[2B4A2AC40B5A9FD87A06E8EADDAC90140D0735C4111B00ED5A4BFDD943296A603CF64C72E7F3E6D25FF9ACC8831CFEFA3E34FF6EAD00357EC7386503FB76F1C38DE7DC83CE464FCACDBF41BB39AB7B05023F96E9DCA7279B4E8058678F36E23C157845DF34E1F36630444A53E4EA5934]}
03-24 14:52:15.381  3670  4947 V BroadcastQueue: [background] Process cur broadcast BroadcastRecord{fe4370c u0 android.intent.action.PACKAGE_DATA_CLEARED qIdx=4}, state= (APP_RECEIVE) DELIVERED for app ProcessRecord{dabd733 14992:com.samsung.cmh:CMH/5004}
03-24 14:52:15.391 15013 15013 D CS/SettingChangeReceiver: onReceive() action = android.intent.action.PACKAGE_DATA_CLEARED
03-24 14:52:15.391 15013 15013 D CS/SettingChangeReceiver: ACTION_PACKAGE_DATA_CLEARED
03-24 14:52:15.391  3670  4143 I PersonaManager: mKnoxInfo is empty
03-24 14:52:15.391 14144 15295 I Icing   : Using regular flags by method 2
03-24 14:52:15.391  3670  4947 V BroadcastQueue: [background] Process cur broadcast BroadcastRecord{fe4370c u0 android.intent.action.PACKAGE_DATA_CLEARED qIdx=4}, state= (APP_RECEIVE) DELIVERED for app ProcessRecord{22e5af0 15013:com.samsung.android.communicationservice/5002}
03-24 14:52:15.401  3670  4952 I PersonaManager: mKnoxInfo is empty
03-24 14:52:15.401  3670  4947 V BroadcastQueue: [background] Process cur broadcast BroadcastRecord{fe4370c u0 android.intent.action.PACKAGE_DATA_CLEARED qIdx=4}, state= (APP_RECEIVE) DELIVERED for app ProcessRecord{10c1338 15100:com.samsung.storyservice/5004}
03-24 14:52:15.401  3670  4947 V BroadcastQueue: [background] Process cur broadcast BroadcastRecord{fe4370c u0 android.intent.action.PACKAGE_DATA_CLEARED qIdx=4}, state= (APP_RECEIVE) DELIVERED for app ProcessRecord{90b2ae4 15113:com.samsung.android.provider.shootingmodeprovider/u0a63}
03-24 14:52:15.411  3670  4947 V BroadcastQueue: [background] Process cur broadcast BroadcastRecord{fe4370c u0 android.intent.action.PACKAGE_DATA_CLEARED qIdx=4}, state= (APP_RECEIVE) DELIVERED for app ProcessRecord{12aeb4d 15128:com.android.mms/u0a68}
03-24 14:52:15.411 15128 15128 D Mms/FreeMessageStatusReceiver: onReceive, action : android.intent.action.PACKAGE_DATA_CLEARED
03-24 14:52:15.411  3670  3931 I PersonaManager: mKnoxInfo is empty
03-24 14:52:15.421 15128 15313 D Mms/FreeMessageReceiverService: onHandleIntent, action : android.intent.action.PACKAGE_DATA_CLEARED
03-24 14:52:15.421 15128 15313 D Mms/FreeMessageReceiverService: onHandleIntent: ACTION_PACKAGE_DATA_CLEARED
03-24 14:52:15.421  4932  4932 I GeofencerStateMachine: removeGeofences: removeRequest=RemoveGeofencingRequest[REMOVE_ALL packageName=org.mozilla.firefox]
03-24 14:52:15.421  3670  4407 V BroadcastQueue: [background] Process cur broadcast BroadcastRecord{fe4370c u0 android.intent.action.PACKAGE_DATA_CLEARED qIdx=4}, state= (APP_RECEIVE) DELIVERED for app ProcessRecord{7593e81 15155:com.android.contacts/u0a11}
03-24 14:52:15.431  3670  4407 V BroadcastQueue: [background] Process cur broadcast BroadcastRecord{fe4370c u0 android.intent.action.PACKAGE_DATA_CLEARED qIdx=4}, state= (APP_RECEIVE) DELIVERED for app ProcessRecord{8d18d98 15197:com.samsung.android.weather/u0a77}
03-24 14:52:15.431 15197 15197 D [WeatherApp(1236)]  : {[210EBC5507306FD4A50F1D40A85780C068F240D41FBB267D51FF013BE0DD2039C2D12A1E8BDFBC0AEF71E0B60AC5CC120F3F566ED7C5DC7A4D251F9A0D7EB59A8EB7807E39898613F744807CEFC042ECEF407161A5064CD79E5B5D28020B98F7D70FDAD9111C7AAE878E5D8990C27E1A08EE7F625CAE2EB247A2207059F9CD90]}
03-24 14:52:15.441  3670  3931 I PersonaManager: mKnoxInfo is empty
03-24 14:52:15.451  3670  4407 V BroadcastQueue: [background] Process cur broadcast BroadcastRecord{fe4370c u0 android.intent.action.PACKAGE_DATA_CLEARED qIdx=4}, state= (APP_RECEIVE) DELIVERED for app ProcessRecord{5edc9f1 15057:com.samsung.android.coreapps/5011}
03-24 14:52:15.451  3670  4407 V BroadcastQueue: [background] Process cur broadcast BroadcastRecord{fe4370c u0 android.intent.action.PACKAGE_DATA_CLEARED qIdx=4}, state= (APP_RECEIVE) DELIVERED for app ProcessRecord{b2c99d6 15214:com.android.documentsui/u0a92}
03-24 14:52:15.461  3670  4407 V BroadcastQueue: [background] Process cur broadcast BroadcastRecord{fe4370c u0 android.intent.action.PACKAGE_DATA_CLEARED qIdx=4}, state= (APP_RECEIVE) DELIVERED for app ProcessRecord{126ce28 24150:com.sec.android.daemonapp/u0a145}
03-24 14:52:15.461 24150 24150 D [WeatherWidget(1236)]  ClearDataReceiver: {[2B4A2AC40B5A9FD87A06E8EADDAC90140D0735C4111B00ED5A4BFDD943296A603CF64C72E7F3E6D25FF9ACC8831CFEFAAF9CFCCA971A42420C7C4462190C6970D4522B06ADB15EB3E59FE8EB8A3E9AFDC672ED40AA0EC6483FB11057617917203A64C31BB6A85091DA0D5D4269CF9A14]}
03-24 14:52:15.471  3670  4407 V BroadcastQueue: [background] Process cur broadcast BroadcastRecord{fe4370c u0 android.intent.action.PACKAGE_DATA_CLEARED qIdx=4}, state= (APP_RECEIVE) DELIVERED for app ProcessRecord{29e074f 15240:com.android.calendar/u0a164}
03-24 14:52:15.481  3670  4407 V BroadcastQueue: [background] Process cur broadcast BroadcastRecord{fe4370c u0 android.intent.action.PACKAGE_DATA_CLEARED qIdx=4}, state= (APP_RECEIVE) DELIVERED for app ProcessRecord{99d5edc 15266:com.sec.android.app.sbrowser/u0a168}
03-24 14:52:15.481 15266 15266 E WebContentsProviderReceiver: onReceive - not approved application
03-24 14:52:15.481 15316 15316 E Zygote  : v2
03-24 14:52:15.481 15316 15316 I libpersona: KNOX_SDCARD checking this for 10088
03-24 14:52:15.481 15316 15316 I libpersona: KNOX_SDCARD not a persona
03-24 14:52:15.491 15316 15316 W SELinux : Function: selinux_compare_spd_ram, index[1], priority [2], priority version is VE=SEPF_SECMOBILE_6.0.1_0003
03-24 14:52:15.491 15316 15316 E Zygote  : accessInfo : 0
03-24 14:52:15.491 15316 15316 W SELinux : SELinux: seapp_context_lookup: seinfo=chrome, level=s0:c512,c768, pkgname=com.android.chrome 
03-24 14:52:15.491  3670  4407 I ActivityManager: Start proc 15316:com.android.chrome/u0a88 for broadcast-3 com.android.chrome/org.chromium.chrome.browser.browserservices.ClientAppBroadcastReceiver
03-24 14:52:15.491  3670  4421 D CustomFrequencyManagerService: releaseDVFSLockLocked : Getting Lock type frm List : DVFS_MIN_LIMIT  frequency : 1896000  uid : 1000  pid : 3670  tag : com.android.mms@1
03-24 14:52:15.501  3670  4552 V BroadcastQueue: [background] Process cur broadcast BroadcastRecord{fe4370c u0 android.intent.action.PACKAGE_DATA_CLEARED qIdx=4}, state= (APP_RECEIVE) DELIVERED for app ProcessRecord{e23b7f8 15316:com.android.chrome/u0a88}
03-24 14:52:15.511 15316 15316 W ResourcesManager: getTopLevelResources: /data/app/com.android.chrome-2/base.apk / 1.0 running in com.android.chrome rsrc of package com.android.chrome
03-24 14:52:15.511  3670  4421 I InjectionManagerService -AppFeature: getCoreFeaturePkgList :[]
03-24 14:52:15.511 15316 15316 I InjectionManager: Inside getClassLibPath + mLibMap{0=, 1=}
03-24 14:52:15.511 14144 14588 I Icing   : Storage manager: low false usage 2.07MB avail 18.93GB capacity 25.33GB
03-24 14:52:15.521 15316 15316 D ResourcesManager: For user 0 new overlays fetched Null
03-24 14:52:15.521 15316 15316 I InjectionManager: Inside getClassLibPath caller 
03-24 14:52:15.591 15316 15316 W ResourcesManager: getTopLevelResources: /data/app/com.android.chrome-2/base.apk / 1.0 running in com.android.chrome rsrc of package com.android.chrome
03-24 14:52:15.601 15316 15316 W ResourcesManager: getTopLevelResources: /data/app/com.android.chrome-2/base.apk / 1.0 running in com.android.chrome rsrc of package com.android.chrome
03-24 14:52:15.611 15316 15316 D InjectionManager: InjectionManager
03-24 14:52:15.611 15316 15316 D InjectionManager: fillFeatureStoreMap com.android.chrome
03-24 14:52:15.611 15316 15316 I InjectionManager: Constructor com.android.chrome, Feature store :{}
03-24 14:52:15.611 15316 15316 I InjectionManager: featureStore :{}
03-24 14:52:15.621  3670  4407 V BroadcastQueue: [background] Process cur broadcast BroadcastRecord{fe4370c u0 android.intent.action.PACKAGE_DATA_CLEARED qIdx=4}, state= (APP_RECEIVE) DELIVERED for app ProcessRecord{49f3f4c 4932:com.google.android.gms.persistent/u0a15}
03-24 14:52:15.621 14144 14588 W native  : commandlineflags.cc:930 Ignoring RegisterValidateFunction() for flag pointer 0x7f616f3168: no flag found at that address
03-24 14:52:15.621  3670  4143 I PersonaManager: mKnoxInfo is empty
03-24 14:52:15.621  3670  3931 I PersonaManager: mKnoxInfo is empty
03-24 14:52:15.621 14144 14588 W native  : model-utils.cc:21 No CRC32, most likely an old model; skip CRC32 check
03-24 14:52:15.631 14144 14588 I native  : model-api.cc:44 Registered model under key tmp-segmentation-model
03-24 14:52:15.631  3670  4952 V BroadcastQueue: [background] Process cur broadcast BroadcastRecord{91314d1 u0 com.samsung.intent.action.SIM_DB_INIT qIdx=4}, state= (APP_RECEIVE) DELIVERED for app ProcessRecord{7593e81 15155:com.android.contacts/u0a11}
03-24 14:52:15.631  3670  4552 I PersonaManager: mKnoxInfo is empty
03-24 14:52:15.631  3670  4524 I PersonaManager: mKnoxInfo is empty
03-24 14:52:15.631 14144 15299 I LocationSettingsChecker: Removing dialog suppression flag for package com.yandex.browser
03-24 14:52:15.641  3670  4016 I PersonaManager: mKnoxInfo is empty
03-24 14:52:15.641  3670  3698 I PersonaManager: mKnoxInfo is empty
03-24 14:52:15.641  3670  4454 I PersonaManager: mKnoxInfo is empty
03-24 14:52:15.651  3670  4421 I PersonaManager: mKnoxInfo is empty
03-24 14:52:15.651  3670  4143 I PersonaManager: mKnoxInfo is empty
03-24 14:52:15.651  3670  4952 V BroadcastQueue: [background] Process cur broadcast BroadcastRecord{85d62d3 u0 com.samsung.intent.action.SIM2_DB_INIT qIdx=4}, state= (APP_RECEIVE) DELIVERED for app ProcessRecord{7593e81 15155:com.android.contacts/u0a11}
03-24 14:52:15.661  3670  4550 I PersonaManager: mKnoxInfo is empty
03-24 14:52:15.661 14144 14588 W native  : transportation-annotator.cc:95 transportation_script_path is empty
03-24 14:52:15.661 14144 14588 I native  : permission-checker.cc:74 Creating PermissionChecker based on ACL with config_version 1 having 5 permissions defined.
03-24 14:52:15.661  3670  4952 V BroadcastQueue: [background] Process cur broadcast BroadcastRecord{6118e10 u0 android.intent.action.PACKAGE_RESTARTED qIdx=4}, state= (APP_RECEIVE) DELIVERED for app ProcessRecord{a8b6d0a 3670:system/1000}
03-24 14:52:15.671 14144 14588 W native  : words-map.cc:29 generic::invalid_argument: Empty URI
03-24 14:52:15.671 14144 14588 W native  : words-map.cc:33 WordsMap was not properly initialized
03-24 14:52:15.671  3670  3670 V BroadcastQueue: [background] Process cur broadcast BroadcastRecord{6118e10 u0 android.intent.action.PACKAGE_RESTARTED qIdx=4}, state= (APP_RECEIVE) DELIVERED for app ProcessRecord{dcc91b0 14048:com.sec.android.app.soundalive/u0a62}
03-24 14:52:15.671 14048 14048 D SAControlPanelReceiver: *****onReceive()*****
03-24 14:52:15.671 14048 14048 D SAControlPanelReceiver: Action: android.intent.action.PACKAGE_RESTARTED
03-24 14:52:15.681  3670  4952 V BroadcastQueue: [background] Process cur broadcast BroadcastRecord{6118e10 u0 android.intent.action.PACKAGE_RESTARTED qIdx=4}, state= (APP_RECEIVE) DELIVERED for app ProcessRecord{126ce28 24150:com.sec.android.daemonapp/u0a145}
03-24 14:52:15.681 24150 24150 D [WeatherWidget(1236)]  ClearDataReceiver: {[2B4A2AC40B5A9FD87A06E8EADDAC90140D0735C4111B00ED5A4BFDD943296A603CF64C72E7F3E6D25FF9ACC8831CFEFA3E34FF6EAD00357EC7386503FB76F1C38DE7DC83CE464FCACDBF41BB39AB7B054A7DF2E7DC22A3D5464AE16F04652F0CC893404A7558568DB201C2D86D3385F2]}
03-24 14:52:15.681  3670  4952 V BroadcastQueue: [background] Process cur broadcast BroadcastRecord{f228d09 u0 android.intent.action.PACKAGE_RESTARTED qIdx=4}, state= (APP_RECEIVE) DELIVERED for app ProcessRecord{a8b6d0a 3670:system/1000}
03-24 14:52:15.691  3670  3670 V BroadcastQueue: [background] Process cur broadcast BroadcastRecord{f228d09 u0 android.intent.action.PACKAGE_RESTARTED qIdx=4}, state= (APP_RECEIVE) DELIVERED for app ProcessRecord{dcc91b0 14048:com.sec.android.app.soundalive/u0a62}
03-24 14:52:15.691 14048 14048 D SAControlPanelReceiver: *****onReceive()*****
03-24 14:52:15.691 14048 14048 D SAControlPanelReceiver: Action: android.intent.action.PACKAGE_RESTARTED
03-24 14:52:15.701  3670  4407 V BroadcastQueue: [background] Process cur broadcast BroadcastRecord{f228d09 u0 android.intent.action.PACKAGE_RESTARTED qIdx=4}, state= (APP_RECEIVE) DELIVERED for app ProcessRecord{126ce28 24150:com.sec.android.daemonapp/u0a145}
03-24 14:52:15.701 24150 24150 D [WeatherWidget(1236)]  ClearDataReceiver: {[2B4A2AC40B5A9FD87A06E8EADDAC90140D0735C4111B00ED5A4BFDD943296A603CF64C72E7F3E6D25FF9ACC8831CFEFA3E34FF6EAD00357EC7386503FB76F1C38DE7DC83CE464FCACDBF41BB39AB7B054A7DF2E7DC22A3D5464AE16F04652F0CC893404A7558568DB201C2D86D3385F2]}
03-24 14:52:15.701  3670  4407 V BroadcastQueue: [background] Process cur broadcast BroadcastRecord{6a4fb0e u0 android.intent.action.PACKAGE_DATA_CLEARED qIdx=4}, state= (APP_RECEIVE) DELIVERED for app ProcessRecord{dabd733 14992:com.samsung.cmh:CMH/5004}
03-24 14:52:15.721  3670  4407 V BroadcastQueue: [background] Process cur broadcast BroadcastRecord{6a4fb0e u0 android.intent.action.PACKAGE_DATA_CLEARED qIdx=4}, state= (APP_RECEIVE) DELIVERED for app ProcessRecord{22e5af0 15013:com.samsung.android.communicationservice/5002}
03-24 14:52:15.721 15013 15013 D CS/SettingChangeReceiver: onReceive() action = android.intent.action.PACKAGE_DATA_CLEARED
03-24 14:52:15.721 15013 15013 D CS/SettingChangeReceiver: ACTION_PACKAGE_DATA_CLEARED
03-24 14:52:15.721  3670  4407 V BroadcastQueue: [background] Process cur broadcast BroadcastRecord{6a4fb0e u0 android.intent.action.PACKAGE_DATA_CLEARED qIdx=4}, state= (APP_RECEIVE) DELIVERED for app ProcessRecord{10c1338 15100:com.samsung.storyservice/5004}
03-24 14:52:15.731  3670  4407 V BroadcastQueue: [background] Process cur broadcast BroadcastRecord{6a4fb0e u0 android.intent.action.PACKAGE_DATA_CLEARED qIdx=4}, state= (APP_RECEIVE) DELIVERED for app ProcessRecord{90b2ae4 15113:com.samsung.android.provider.shootingmodeprovider/u0a63}
03-24 14:52:15.731  3670  4407 V BroadcastQueue: [background] Process cur broadcast BroadcastRecord{6a4fb0e u0 android.intent.action.PACKAGE_DATA_CLEARED qIdx=4}, state= (APP_RECEIVE) DELIVERED for app ProcessRecord{12aeb4d 15128:com.android.mms/u0a68}
03-24 14:52:15.731 15128 15128 D Mms/FreeMessageStatusReceiver: onReceive, action : android.intent.action.PACKAGE_DATA_CLEARED
03-24 14:52:15.741  3670  4409 I PersonaManager: mKnoxInfo is empty
03-24 14:52:15.741 15128 15340 D Mms/FreeMessageReceiverService: onHandleIntent, action : android.intent.action.PACKAGE_DATA_CLEARED
03-24 14:52:15.741 15128 15340 D Mms/FreeMessageReceiverService: onHandleIntent: ACTION_PACKAGE_DATA_CLEARED
03-24 14:52:15.751  3670  4143 V BroadcastQueue: [background] Process cur broadcast BroadcastRecord{6a4fb0e u0 android.intent.action.PACKAGE_DATA_CLEARED qIdx=4}, state= (APP_RECEIVE) DELIVERED for app ProcessRecord{7593e81 15155:com.android.contacts/u0a11}
03-24 14:52:15.761  3670  4143 V BroadcastQueue: [background] Process cur broadcast BroadcastRecord{6a4fb0e u0 android.intent.action.PACKAGE_DATA_CLEARED qIdx=4}, state= (APP_RECEIVE) DELIVERED for app ProcessRecord{8d18d98 15197:com.samsung.android.weather/u0a77}
03-24 14:52:15.761 15197 15197 D [WeatherApp(1236)]  : {[210EBC5507306FD4A50F1D40A85780C068F240D41FBB267D51FF013BE0DD2039C2D12A1E8BDFBC0AEF71E0B60AC5CC12634EBF0E217E31968750E349D4CD9F055A27188D45800F4DAB642142108315BE81E026EB18EEECE85B657C0C8D6BE9223F3FF78946A3AC40353238FF8220877BC1C5894599200B233FBF41BEB5FE06EF]}
03-24 14:52:15.761 15171 15195 E ContactsProvider_EventLog: Flush buffer to file cnt : 2 size : 0Kb duration : 17ms lastUpdatedAfter : 1553421135771 ms mFlush_time_threasold : 2000 mCurrentSize : 408
03-24 14:52:15.771  3670  4143 V BroadcastQueue: [background] Process cur broadcast BroadcastRecord{6a4fb0e u0 android.intent.action.PACKAGE_DATA_CLEARED qIdx=4}, state= (APP_RECEIVE) DELIVERED for app ProcessRecord{5edc9f1 15057:com.samsung.android.coreapps/5011}
03-24 14:52:15.781  3670  4143 V BroadcastQueue: [background] Process cur broadcast BroadcastRecord{6a4fb0e u0 android.intent.action.PACKAGE_DATA_CLEARED qIdx=4}, state= (APP_RECEIVE) DELIVERED for app ProcessRecord{b2c99d6 15214:com.android.documentsui/u0a92}
03-24 14:52:15.781  3670  4143 V BroadcastQueue: [background] Process cur broadcast BroadcastRecord{6a4fb0e u0 android.intent.action.PACKAGE_DATA_CLEARED qIdx=4}, state= (APP_RECEIVE) DELIVERED for app ProcessRecord{126ce28 24150:com.sec.android.daemonapp/u0a145}
03-24 14:52:15.781 24150 24150 D [WeatherWidget(1236)]  ClearDataReceiver: {[2B4A2AC40B5A9FD87A06E8EADDAC90140D0735C4111B00ED5A4BFDD943296A603CF64C72E7F3E6D25FF9ACC8831CFEFAAF9CFCCA971A42420C7C4462190C6970D4522B06ADB15EB3E59FE8EB8A3E9AFD9C17BE5F2866158F00F7C01EC0FB0608D957C113F4D4ED528927AA6FDD99EF3E]}
03-24 14:52:15.791  3670  4143 V BroadcastQueue: [background] Process cur broadcast BroadcastRecord{6a4fb0e u0 android.intent.action.PACKAGE_DATA_CLEARED qIdx=4}, state= (APP_RECEIVE) DELIVERED for app ProcessRecord{29e074f 15240:com.android.calendar/u0a164}
03-24 14:52:15.791 14144 14588 I Icing   : doRemovePackageData com.google.android.gm
03-24 14:52:15.801  3670  4143 V BroadcastQueue: [background] Process cur broadcast BroadcastRecord{6a4fb0e u0 android.intent.action.PACKAGE_DATA_CLEARED qIdx=4}, state= (APP_RECEIVE) DELIVERED for app ProcessRecord{99d5edc 15266:com.sec.android.app.sbrowser/u0a168}
03-24 14:52:15.801 15266 15266 E WebContentsProviderReceiver: onReceive - not approved application
03-24 14:52:15.801  3670  4143 V BroadcastQueue: [background] Process cur broadcast BroadcastRecord{6a4fb0e u0 android.intent.action.PACKAGE_DATA_CLEARED qIdx=4}, state= (APP_RECEIVE) DELIVERED for app ProcessRecord{e23b7f8 15316:com.android.chrome/u0a88}
03-24 14:52:15.811  3670  4143 V BroadcastQueue: [background] Process cur broadcast BroadcastRecord{6a4fb0e u0 android.intent.action.PACKAGE_DATA_CLEARED qIdx=4}, state= (APP_RECEIVE) DELIVERED for app ProcessRecord{49f3f4c 4932:com.google.android.gms.persistent/u0a15}
03-24 14:52:15.811  3670  4421 I PersonaManager: mKnoxInfo is empty
03-24 14:52:15.821  3670  4552 I PersonaManager: mKnoxInfo is empty
03-24 14:52:15.821  3670  4524 I PersonaManager: mKnoxInfo is empty
03-24 14:52:15.821 14144 15299 I LocationSettingsChecker: Removing dialog suppression flag for package com.microsoft.emmx
03-24 14:52:15.821  3670  4454 V BroadcastQueue: [background] Process cur broadcast BroadcastRecord{764594b u0 android.intent.action.PACKAGE_RESTARTED qIdx=4}, state= (APP_RECEIVE) DELIVERED for app ProcessRecord{a8b6d0a 3670:system/1000}
03-24 14:52:15.821  3670  4016 I PersonaManager: mKnoxInfo is empty
03-24 14:52:15.831  3670  4452 I PersonaManager: mKnoxInfo is empty
03-24 14:52:15.831  3670  3698 I PersonaManager: mKnoxInfo is empty
03-24 14:52:15.831  3670  4947 I PersonaManager: mKnoxInfo is empty
03-24 14:52:15.841  3670  3670 V BroadcastQueue: [background] Process cur broadcast BroadcastRecord{764594b u0 android.intent.action.PACKAGE_RESTARTED qIdx=4}, state= (APP_RECEIVE) DELIVERED for app ProcessRecord{dcc91b0 14048:com.sec.android.app.soundalive/u0a62}
03-24 14:52:15.841 14048 14048 D SAControlPanelReceiver: *****onReceive()*****
03-24 14:52:15.841 14048 14048 D SAControlPanelReceiver: Action: android.intent.action.PACKAGE_RESTARTED
03-24 14:52:15.841  3670  4407 I PersonaManager: mKnoxInfo is empty
03-24 14:52:15.841  3670  3931 I PersonaManager: mKnoxInfo is empty
03-24 14:52:15.841 15308 15308 I FIPS_bssl: FIPS approved mode (1) | 15308 | app_process
03-24 14:52:15.851 15308 15308 D AndroidRuntime: >>>>>> START com.android.internal.os.RuntimeInit uid 2000 <<<<<<
03-24 14:52:15.851 15308 15308 D AndroidRuntime: CheckJNI is OFF
03-24 14:52:15.851  3670  4454 V BroadcastQueue: [background] Process cur broadcast BroadcastRecord{764594b u0 android.intent.action.PACKAGE_RESTARTED qIdx=4}, state= (APP_RECEIVE) DELIVERED for app ProcessRecord{126ce28 24150:com.sec.android.daemonapp/u0a145}
03-24 14:52:15.851 15308 15308 D AndroidRuntime: readGMSProperty: start
03-24 14:52:15.851 15308 15308 D AndroidRuntime: readGMSProperty: already setted!!
03-24 14:52:15.851 15308 15308 D AndroidRuntime: propertySet: couldn't set property (it is from app)
03-24 14:52:15.851 15308 15308 D AndroidRuntime: readGMSProperty: could not set the property(default)!!
03-24 14:52:15.851 15308 15308 D AndroidRuntime: readGMSProperty: end
03-24 14:52:15.851 15308 15308 D AndroidRuntime: addProductProperty: start
03-24 14:52:15.851 24150 24150 D [WeatherWidget(1236)]  ClearDataReceiver: {[2B4A2AC40B5A9FD87A06E8EADDAC90140D0735C4111B00ED5A4BFDD943296A603CF64C72E7F3E6D25FF9ACC8831CFEFA3E34FF6EAD00357EC7386503FB76F1C38DE7DC83CE464FCACDBF41BB39AB7B0532B2430328A965C13539887ACF027538D8F07ACD0F60FD058041946420F66BD7]}
03-24 14:52:15.861  3670  4454 V BroadcastQueue: [background] Process cur broadcast BroadcastRecord{a86737d u0 android.intent.action.PACKAGE_RESTARTED qIdx=4}, state= (APP_RECEIVE) DELIVERED for app ProcessRecord{a8b6d0a 3670:system/1000}
03-24 14:52:15.871  3670  3670 V BroadcastQueue: [background] Process cur broadcast BroadcastRecord{a86737d u0 android.intent.action.PACKAGE_RESTARTED qIdx=4}, state= (APP_RECEIVE) DELIVERED for app ProcessRecord{dcc91b0 14048:com.sec.android.app.soundalive/u0a62}
03-24 14:52:15.871 14048 14048 D SAControlPanelReceiver: *****onReceive()*****
03-24 14:52:15.871 14048 14048 D SAControlPanelReceiver: Action: android.intent.action.PACKAGE_RESTARTED
03-24 14:52:15.871  3670  4454 V BroadcastQueue: [background] Process cur broadcast BroadcastRecord{a86737d u0 android.intent.action.PACKAGE_RESTARTED qIdx=4}, state= (APP_RECEIVE) DELIVERED for app ProcessRecord{126ce28 24150:com.sec.android.daemonapp/u0a145}
03-24 14:52:15.871 24150 24150 D [WeatherWidget(1236)]  ClearDataReceiver: {[2B4A2AC40B5A9FD87A06E8EADDAC90140D0735C4111B00ED5A4BFDD943296A603CF64C72E7F3E6D25FF9ACC8831CFEFA3E34FF6EAD00357EC7386503FB76F1C38DE7DC83CE464FCACDBF41BB39AB7B0532B2430328A965C13539887ACF027538D8F07ACD0F60FD058041946420F66BD7]}
03-24 14:52:15.881 15308 15308 D ICU     : No timezone override file found: /data/misc/zoneinfo/current/icu/icu_tzdata.dat
03-24 14:52:15.881  3670  4454 V BroadcastQueue: [background] Process cur broadcast BroadcastRecord{21d7272 u0 android.intent.action.PACKAGE_DATA_CLEARED qIdx=4}, state= (APP_RECEIVE) DELIVERED for app ProcessRecord{dabd733 14992:com.samsung.cmh:CMH/5004}
03-24 14:52:15.891  3670  4454 V BroadcastQueue: [background] Process cur broadcast BroadcastRecord{21d7272 u0 android.intent.action.PACKAGE_DATA_CLEARED qIdx=4}, state= (APP_RECEIVE) DELIVERED for app ProcessRecord{22e5af0 15013:com.samsung.android.communicationservice/5002}
03-24 14:52:15.891 15013 15013 D CS/SettingChangeReceiver: onReceive() action = android.intent.action.PACKAGE_DATA_CLEARED
03-24 14:52:15.891 15013 15013 D CS/SettingChangeReceiver: ACTION_PACKAGE_DATA_CLEARED
03-24 14:52:15.891  3670  4454 V BroadcastQueue: [background] Process cur broadcast BroadcastRecord{21d7272 u0 android.intent.action.PACKAGE_DATA_CLEARED qIdx=4}, state= (APP_RECEIVE) DELIVERED for app ProcessRecord{10c1338 15100:com.samsung.storyservice/5004}
03-24 14:52:15.901 15308 15308 I Radio-JNI: register_android_hardware_Radio DONE
03-24 14:52:15.901  3670  4454 V BroadcastQueue: [background] Process cur broadcast BroadcastRecord{21d7272 u0 android.intent.action.PACKAGE_DATA_CLEARED qIdx=4}, state= (APP_RECEIVE) DELIVERED for app ProcessRecord{90b2ae4 15113:com.samsung.android.provider.shootingmodeprovider/u0a63}
03-24 14:52:15.911 15308 15308 E AffinityControl: AffinityControl: registerfunction enter
03-24 14:52:15.911  3670  4454 V BroadcastQueue: [background] Process cur broadcast BroadcastRecord{21d7272 u0 android.intent.action.PACKAGE_DATA_CLEARED qIdx=4}, state= (APP_RECEIVE) DELIVERED for app ProcessRecord{12aeb4d 15128:com.android.mms/u0a68}
03-24 14:52:15.911 15128 15128 D Mms/FreeMessageStatusReceiver: onReceive, action : android.intent.action.PACKAGE_DATA_CLEARED
03-24 14:52:15.911  3670  4421 I PersonaManager: mKnoxInfo is empty
03-24 14:52:15.921 15128 15350 D Mms/FreeMessageReceiverService: onHandleIntent, action : android.intent.action.PACKAGE_DATA_CLEARED
03-24 14:52:15.921 15128 15350 D Mms/FreeMessageReceiverService: onHandleIntent: ACTION_PACKAGE_DATA_CLEARED
03-24 14:52:15.921  3670  3698 V BroadcastQueue: [background] Process cur broadcast BroadcastRecord{21d7272 u0 android.intent.action.PACKAGE_DATA_CLEARED qIdx=4}, state= (APP_RECEIVE) DELIVERED for app ProcessRecord{7593e81 15155:com.android.contacts/u0a11}
03-24 14:52:15.921 15308 15308 D AndroidRuntime: Calling main entry com.android.commands.monkey.Monkey
03-24 14:52:15.931  3670  3698 V BroadcastQueue: [background] Process cur broadcast BroadcastRecord{21d7272 u0 android.intent.action.PACKAGE_DATA_CLEARED qIdx=4}, state= (APP_RECEIVE) DELIVERED for app ProcessRecord{8d18d98 15197:com.samsung.android.weather/u0a77}
03-24 14:52:15.931 15197 15197 D [WeatherApp(1236)]  : {[210EBC5507306FD4A50F1D40A85780C068F240D41FBB267D51FF013BE0DD2039C2D12A1E8BDFBC0AEF71E0B60AC5CC1257983AB444C2B609C0595121A88B8667126ECD7216DE7D2CE75D86A1801F9BBE78FBFBEB799E5575E2D9DAD51288243B5A63DDAD069337FD6A3E71263149F35F40291D6406B56B349769C2DB709665DC]}
03-24 14:52:15.931 14144 14588 I Icing   : updateResources: need to parse abiz{com.google.android.gms}
03-24 14:52:15.941  3670  3698 V BroadcastQueue: [background] Process cur broadcast BroadcastRecord{21d7272 u0 android.intent.action.PACKAGE_DATA_CLEARED qIdx=4}, state= (APP_RECEIVE) DELIVERED for app ProcessRecord{5edc9f1 15057:com.samsung.android.coreapps/5011}
03-24 14:52:15.941  3670  3698 V BroadcastQueue: [background] Process cur broadcast BroadcastRecord{21d7272 u0 android.intent.action.PACKAGE_DATA_CLEARED qIdx=4}, state= (APP_RECEIVE) DELIVERED for app ProcessRecord{b2c99d6 15214:com.android.documentsui/u0a92}
03-24 14:52:15.951  3670  3698 V BroadcastQueue: [background] Process cur broadcast BroadcastRecord{21d7272 u0 android.intent.action.PACKAGE_DATA_CLEARED qIdx=4}, state= (APP_RECEIVE) DELIVERED for app ProcessRecord{126ce28 24150:com.sec.android.daemonapp/u0a145}
03-24 14:52:15.951 24150 24150 D [WeatherWidget(1236)]  ClearDataReceiver: {[2B4A2AC40B5A9FD87A06E8EADDAC90140D0735C4111B00ED5A4BFDD943296A603CF64C72E7F3E6D25FF9ACC8831CFEFAAF9CFCCA971A42420C7C4462190C6970D4522B06ADB15EB3E59FE8EB8A3E9AFD587790E7525E9B2C629DB8BB87C6ACCAFC257863C371D4D677465673D32DD8E1]}
03-24 14:52:15.951  3670  3698 W BroadcastQueue: Skipping deliver [background] BroadcastRecord{cc43be u-1 android.net.conn.CONNECTIVITY_CHANGE qIdx=4}, state= (IDLE) to ReceiverList{690ec1f 15308 (unknown name)/2000/u-1 remote:8ec9b40}: process crashing
03-24 14:52:15.961  3670  3698 V BroadcastQueue: [background] Process cur broadcast BroadcastRecord{21d7272 u0 android.intent.action.PACKAGE_DATA_CLEARED qIdx=4}, state= (APP_RECEIVE) DELIVERED for app ProcessRecord{29e074f 15240:com.android.calendar/u0a164}
03-24 14:52:15.961 15308 15308 I Timeline: Timeline: Activity_launch_request id:com.android.chrome time:70346895
03-24 14:52:15.961  3670  3698 V BroadcastQueue: [background] Process cur broadcast BroadcastRecord{21d7272 u0 android.intent.action.PACKAGE_DATA_CLEARED qIdx=4}, state= (APP_RECEIVE) DELIVERED for app ProcessRecord{99d5edc 15266:com.sec.android.app.sbrowser/u0a168}
03-24 14:52:15.961  3670  4452 I PersonaManager: mKnoxInfo is empty
03-24 14:52:15.961 15266 15266 E WebContentsProviderReceiver: onReceive - not approved application
03-24 14:52:15.971  3670  4452 D GameManagerService: identifyGamePackage. com.android.chrome
03-24 14:52:15.971  3670  4452 D MultiWindowPolicy: Gamemode - return 0,  when calling  identifyForegroundApp(com.android.chrome)
03-24 14:52:15.971  3670  4452 D CustomFrequencyManagerService: acquireDVFSLockLocked : type : DVFS_MIN_LIMIT  frequency : 1800000  uid : 1000  pid : 3670  pkgName : ACTIVITY_RESUME_BOOSTER@3
03-24 14:52:15.971  3670  4452 D ActivityManager: mDVFSHelper.acquire()
03-24 14:52:15.971  3670  4452 D FocusedStackFrame: Set to : 0
03-24 14:52:15.971  3670  4452 V WindowManager: addAppToken: AppWindowToken{404ddca token=Token{cf59535 ActivityRecord{2a02b6c u0 com.android.chrome/com.google.android.apps.chrome.Main t133}}} to stack=1 task=133 at 0
03-24 14:52:15.971  4408  4408 D Launcher: onPause, Launcher: 236504
03-24 14:52:15.971  4408  4408 D Launcher.HomeView: onPause
03-24 14:52:15.971  4408  4408 D Launcher.Workspace: exitWidgetResizeMode. isClearResizeFrame is false
03-24 14:52:15.971  3670  3884 D SecWifiDisplayUtil: Metadata value : SecSettings2
03-24 14:52:15.971  3670  3884 D ViewRootImpl: #1 mView = com.android.internal.policy.PhoneWindow$DecorView{9d27c04 V.E...... R.....ID 0,0-0,0}
03-24 14:52:15.971  3670  4452 D InputDispatcher: Focused application set to: xxxx
03-24 14:52:15.971  3670  4452 D InputDispatcher: Focus left window: 4408
03-24 14:52:15.971  3670  3884 D ISSUE_DEBUG: InputChannelName : c535c22 Starting com.android.chrome
03-24 14:52:15.981  3670  4952 D SettingsProvider: isChangeAllowed() : name = user_rotation
03-24 14:52:15.981  3670  4952 D SettingsProvider: isChangeAllowed() : name = accelerometer_rotation
03-24 14:52:15.981  3670  4952 V WindowOrientationListener: OrientationSensorJudge.getProposedRotation, Rotation: -1
03-24 14:52:15.981  3670  4952 V WindowManager: rotationForOrientationLw(orient=1, last=0); user=0  sensorRotation=-1 mLidState=-1 mDockMode=0 mHdmiPlugged=false mMobileKeyboardEnabled=false displayId=0
03-24 14:52:15.981  3670  4952 V WindowOrientationListener: OrientationSensorJudge.getProposedRotation, Rotation: -1
03-24 14:52:15.981  3670  3698 V BroadcastQueue: [background] Process cur broadcast BroadcastRecord{21d7272 u0 android.intent.action.PACKAGE_DATA_CLEARED qIdx=4}, state= (APP_RECEIVE) DELIVERED for app ProcessRecord{e23b7f8 15316:com.android.chrome/u0a88}
03-24 14:52:15.981  3670  4947 D SettingsProvider: isChangeAllowed() : name = accelerometer_rotation
03-24 14:52:15.981  3670  4947 V WindowOrientationListener: OrientationSensorJudge.getProposedRotation, Rotation: -1
03-24 14:52:15.981  3670  4947 V WindowManager: rotationForOrientationLw(orient=1, last=0); user=0  sensorRotation=-1 mLidState=-1 mDockMode=0 mHdmiPlugged=false mMobileKeyboardEnabled=false displayId=0
03-24 14:52:15.981  3670  4947 V WindowOrientationListener: OrientationSensorJudge.getProposedRotation, Rotation: -1
03-24 14:52:15.991  3670  3931 V WindowOrientationListener: setCurrentAppOrientation :-1
03-24 14:52:15.991  3670  3931 V WindowOrientationListener: OrientationSensorJudge.getProposedRotation, Rotation: -1
03-24 14:52:15.991  3670  3931 V WindowManager: rotationForOrientationLw(orient=-1, last=0); user=0  sensorRotation=-1 mLidState=-1 mDockMode=0 mHdmiPlugged=false mMobileKeyboardEnabled=false displayId=0
03-24 14:52:15.991  3670  3931 V WindowOrientationListener: OrientationSensorJudge.getProposedRotation, Rotation: -1
03-24 14:52:15.991  3025  3025 I SurfaceFlinger: id=558 createSurf (1440x2560),1 flag=404, dhrome
03-24 14:52:15.991  3670  3931 D ActivityManager:  Launching com.android.chrome, updated priority
03-24 14:52:15.991  3670  3884 D PointerIcon: setMouseIconStyle1 pointerType: 1001 iconType:101 flag:0 pid:3670 uid:1000
03-24 14:52:15.991  3670  3884 D PointerIcon: setMouseCustomIcon IconType is same.101
03-24 14:52:15.991  3670  3884 D ViewRootImpl: MSG_RESIZED_REPORT: ci=Rect(0, 96 - 0, 0) vi=Rect(0, 96 - 0, 0) or=1
03-24 14:52:15.991  3670  3670 D GameManagerService: NotifyRunnable. pkg: com.android.chrome, type: 4, isMinimized: false, isTunableApp: false
03-24 14:52:16.001  4408  4408 V LauncherAppWidgetHostView: calculateWidgetSize: (target widgetsize)  using w/h 1372 440 span 4 1 (widgetid 2) [current Gridsize : GRID_4x4]
03-24 14:52:16.001  4408  4408 D LauncherAppWidgetHostView: calculateWidgetSize() widget = Weather and Clock(widget id = 2) result hostview size = 1372 x 440
03-24 14:52:16.001  4408  4408 D LauncherAppWidgetHostView: setResizeScaleResult() 1372/ 440 scaleToResize = 1.0(widget id = 2)
03-24 14:52:16.021  3670  3698 V BroadcastQueue: [background] Process cur broadcast BroadcastRecord{21d7272 u0 android.intent.action.PACKAGE_DATA_CLEARED qIdx=4}, state= (APP_RECEIVE) DELIVERED for app ProcessRecord{49f3f4c 4932:com.google.android.gms.persistent/u0a15}
03-24 14:52:16.021 15308 15308 I art     : System.exit called, status: 0
03-24 14:52:16.021 15308 15308 I AndroidRuntime: VM exiting with result code 0.
03-24 14:52:16.021  3670  3884 V WindowStateAnimator: Finishing drawing window Window{c535c22 u0 d0 Starting com.android.chrome}: mDrawState=DRAW_PENDING
03-24 14:52:16.021  3670  3931 I PersonaManager: mKnoxInfo is empty
03-24 14:52:16.021  3670  3796 V MARsPolicyManager: updatePackagesScore PackageInfo name -- com.android.chrome
03-24 14:52:16.021  3670  4040 D SContextEnvironmentAdaptiveDisplayAttribute: setAttribute() mColorThreshold : 0.07
03-24 14:52:16.021  3670  4040 D SContextEnvironmentAdaptiveDisplayAttribute: setAttribute() mDuration : 35
03-24 14:52:16.031  3670  4040 W CAE     : setCAProperty(ContextAwareService.java:578) - [setProperty 01] Mutex is locked for EAD
03-24 14:52:16.031  3025  3025 D libEGL  : eglInitialize EGLDisplay = 0x7ff3f31d28
03-24 14:52:16.031  3670  4040 I CAE     : setPropertyValue(EADRunner.java:146) - Mode = 0.0
03-24 14:52:16.031  3670  4040 I CAE     : sendCmdToSensorHub(SensorHubCommManager.java:162) - -63, 23, 52, 1, 0, 0, 0, 0,
03-24 14:52:16.031  3670  4040 D SensorHubManager: SendSensorHubData: send data = -63, 23, 52, 1, 0, 0, 0, 0
03-24 14:52:16.041  3054  3104 D Sensorhubs: sendContextData: -63, 23, 52, 1, 0, 0, 0, 0
03-24 14:52:16.041  3670  4454 I PersonaManager: mKnoxInfo is empty
03-24 14:52:16.041  3670  4946 I PersonaManager: mKnoxInfo is empty
03-24 14:52:16.051  3670  3698 I PersonaManager: mKnoxInfo is empty
03-24 14:52:16.051 14144 15296 I LocationSettingsChecker: Removing dialog suppression flag for package org.mozilla.firefox
03-24 14:52:16.051  3670  4040 I CAE     : setCAProperty(ContextAwareService.java:583) - result : true
03-24 14:52:16.051  3670  4040 W CAE     : setCAProperty(ContextAwareService.java:584) - [setProperty 02] Mutex is unlocked for EAD
03-24 14:52:16.051  3670  4040 W CAE     : setCAProperty(ContextAwareService.java:578) - [setProperty 01] Mutex is locked for EAD
03-24 14:52:16.051  3670  4040 I CAE     : setPropertyValue(EADRunner.java:159) - Duration = 0
03-24 14:52:16.051  3670  4040 I CAE     : sendCmdToSensorHub(SensorHubCommManager.java:162) - -63, 23, 52, 2, 0,
03-24 14:52:16.051  3670  4040 D SensorHubManager: SendSensorHubData: send data = -63, 23, 52, 2, 0
03-24 14:52:16.051  3054  3054 D Sensorhubs: sendContextData: -63, 23, 52, 2, 0
03-24 14:52:16.051  3670  3931 I PersonaManager: mKnoxInfo is empty
03-24 14:52:16.061  3670  4952 I PersonaManager: mKnoxInfo is empty
03-24 14:52:16.061  3670  4040 I CAE     : setCAProperty(ContextAwareService.java:583) - result : true
03-24 14:52:16.061  3670  4040 W CAE     : setCAProperty(ContextAwareService.java:584) - [setProperty 02] Mutex is unlocked for EAD
03-24 14:52:16.061  3670  4040 W CAE     : registerCallback(ContextAwareService.java:144) - [regi 01] Mutex is locked for EAD
03-24 14:52:16.061  3670  4016 I PersonaManager: mKnoxInfo is empty
03-24 14:52:16.061  3670  4040 V CAE     : start(ContextProvider.java:128)
03-24 14:52:16.061  3670  4040 V CAE     : clear(EADRunner.java:257)
03-24 14:52:16.061  3670  4040 V CAE     : enable(EADRunner.java:232)
03-24 14:52:16.061  3670  4040 I CAE     : sendCmdToSensorHub(SensorHubCommManager.java:162) - -79, 52, 0, 0, 0, 0,
03-24 14:52:16.061  3670  4040 D SensorHubManager: SendSensorHubData: send data = -79, 52, 0, 0, 0, 0
03-24 14:52:16.061  3054 17920 D Sensorhubs: sendContextData: -79, 52, 0, 0, 0, 0
03-24 14:52:16.061  3670  4040 D CAE     : getFaultDetectionResult(EADRunner.java:271) - true
03-24 14:52:16.061  3670  4040 I CAE     : notifyCmdProcessResultObserver(ContextProvider.java:627) - CheckResult = 0, Cause = Success
03-24 14:52:16.061  3670  6805 D GameManagerService: identifyGamePackage. com.android.chrome
03-24 14:52:16.071  3670  4454 I PersonaManager: mKnoxInfo is empty
03-24 14:52:16.071  3670  4947 I PersonaManager: mKnoxInfo is empty
03-24 14:52:16.071  3670  3798 V WindowOrientationListener: OrientationSensorJudge.getProposedRotation, Rotation: -1
03-24 14:52:16.071  3670  3798 V WindowManager: rotationForOrientationLw(orient=-1, last=0); user=0  sensorRotation=-1 mLidState=-1 mDockMode=0 mHdmiPlugged=false mMobileKeyboardEnabled=false displayId=0
03-24 14:52:16.071  3670  3798 V WindowOrientationListener: OrientationSensorJudge.getProposedRotation, Rotation: -1
03-24 14:52:16.071  3670  4016 I PersonaManager: mKnoxInfo is empty
03-24 14:52:16.071  3670  4019 D NetworkPolicy: isUidForegroundLocked: 10088, mScreenOn: true, uidstate: 2, mProxSensorScreenOff: false
03-24 14:52:16.071  3670  3798 V WindowOrientationListener: OrientationSensorJudge.getProposedRotation, Rotation: -1
03-24 14:52:16.071  3670  3798 V WindowManager: rotationForOrientationLw(orient=-1, last=0); user=0  sensorRotation=-1 mLidState=-1 mDockMode=0 mHdmiPlugged=false mMobileKeyboardEnabled=false displayId=0
03-24 14:52:16.071  3670  3798 V WindowOrientationListener: OrientationSensorJudge.getProposedRotation, Rotation: -1
03-24 14:52:16.071  3670  4040 D CAE     : doCommendProcess(ContextAwareService.java:433) - complete notify the operation result.
03-24 14:52:16.071  3670  4040 I CAE     : displayUsedCountForService(ContextAwareService.java:525) - totalCnt = 1, serviceCount = 1, subCollectionCount = 0
03-24 14:52:16.071  3670  4040 D CAE     : showListenerList(ContextAwareService.java:366) - ===== Context Aware Service List =====
03-24 14:52:16.071  3670  4040 I CAE     : showListenerList(ContextAwareService.java:375) - Listener : com.samsung.android.contextaware.manager.ContextAwareService$Listener@1e966aa, Service : ACTIVITY_TRACKER_CURRENT_INFO(1)
03-24 14:52:16.071  3670  4040 I CAE     : showListenerList(ContextAwareService.java:375) - Listener : com.samsung.android.contextaware.manager.ContextAwareService$Listener@1e966aa, Service : ACTIVITY_TRACKER(1)
03-24 14:52:16.071  3670  4040 I CAE     : showListenerList(ContextAwareService.java:375) - Listener : com.samsung.android.contextaware.manager.ContextAwareService$Listener@1bfe120, Service : AUTO_BRIGHTNESS(1)
03-24 14:52:16.071  3670  4040 I CAE     : showListenerList(ContextAwareService.java:375) - Listener : com.samsung.android.contextaware.manager.ContextAwareService$Listener@b1648f7, Service : AUTO_ROTATION(1)
03-24 14:52:16.071  3670  4040 I CAE     : showListenerList(ContextAwareService.java:375) - Listener : com.samsung.android.contextaware.manager.ContextAwareService$Listener@8784d7a, Service : EAD(1)
03-24 14:52:16.081  3670  4040 W CAE     : registerCallback(ContextAwareService.java:180) - [regi 02] Mutex is unlocked for EAD
03-24 14:52:16.081  3670  4040 D SContextService: 	.registerCallback : 4, client=
03-24 14:52:16.081  3670  4040 D SContextService: ===== SContext Service List =====
03-24 14:52:16.081  3670  4040 D SContextService: Listener : android.hardware.scontext.SContextService$Listener@40acad9, Service : Auto Brightness
03-24 14:52:16.081  3670  4040 D SContextService: Listener : android.hardware.scontext.SContextService$Listener@90a289b, Service : Activity Tracker
03-24 14:52:16.081  3670  4040 D SContextService: Listener : android.hardware.scontext.SContextService$Listener@8c28364, Service : Auto Rotation
03-24 14:52:16.081  3670  4040 D SContextService: Listener : android.hardware.scontext.SContextService$Listener@930592b, Service : Environment Adaptive Display
03-24 14:52:16.081  3670  4040 D SContextManager:   .registerListener : listener = com.samsung.android.mdnie.AdaptiveDisplayColorService$3@5bb4caa, service=Environment Adaptive Display
03-24 14:52:16.081  3670  3798 D StatusBarManagerService: manageDisableList userId=0 what=0x0 pkg=Window{c535c22 u0 d0 Starting com.android.chrome}
03-24 14:52:16.091 15316 15316 W ResourcesManager: getTopLevelResources: /data/app/com.android.chrome-2/base.apk / 1.0 running in com.android.chrome rsrc of package com.android.chrome
03-24 14:52:16.091 15316 15316 W ResourcesManager: getTopLevelResources: /data/app/com.android.chrome-2/base.apk / 1.0 running in com.android.chrome rsrc of package com.android.chrome
03-24 14:52:16.091 15316 15316 D SecWifiDisplayUtil: Metadata value : SecSettings2
03-24 14:52:16.101 14144 14588 I Icing   : updateResources: need to parse abiz{com.google.android.googlequicksearchbox}
03-24 14:52:16.101 14144 14588 W ResourcesManager: getTopLevelResources: /data/app/com.google.android.googlequicksearchbox-1/base.apk / 1.0 running in com.google.android.gms rsrc of package com.google.android.googlequicksearchbox
03-24 14:52:16.101 15316 15358 V MediaPlayer: decode(21, 8764500, 5795)
03-24 14:52:16.111  3047  4570 D OggExtractor:  correct time not found. Let's use approximate value
03-24 14:52:16.111  3047  4570 I OggExtractor: OggSource::OggSource() mExtractor ref count = 4
03-24 14:52:16.111  3047  4570 I OMXCodec: Attempting to allocate OMX node 'OMX.google.vorbis.decoder'
03-24 14:52:16.111  3047  4570 I OMXCodec: Successfully allocated OMX node 'OMX.google.vorbis.decoder'
03-24 14:52:16.111  3670  6805 D ConnectivityService: returning getNetworkInfo for network type 1 : [type: WIFI[] - WIFI, state: CONNECTED/CONNECTED, reason: (unspecified), extra: "DataStructures", roaming: false, failover: false, isAvailable: true]
03-24 14:52:16.111  3047  4570 I OMXCodec: >>>UHQA initOutputFormat 16
03-24 14:52:16.111  3047  4570 I OMXCodec: [OMX.google.vorbis.decoder] OMXCodec::start mState=1
03-24 14:52:16.111  3047  4570 I OMXCodec: [OMX.google.vorbis.decoder] allocating 4 buffers of size 8192 on input port
03-24 14:52:16.111  3047  4570 I OMXCodec: [OMX.google.vorbis.decoder] allocating 4 buffers of size 32768 on output port
03-24 14:52:16.111  3047 15360 I OMXCodec: [OMX.google.vorbis.decoder] Now Idle. Component sends idle done Event 
03-24 14:52:16.121  3047 15360 I OMXCodec: [OMX.google.vorbis.decoder] 0onCmdComplete  mState =  7
03-24 14:52:16.121  3047 15360 I OMXCodec: [OMX.google.vorbis.decoder] PORT_DISABLED(1)
03-24 14:52:16.121  3047 15360 I OMXCodec: >>>UHQA initOutputFormat 16
03-24 14:52:16.121  3047 15360 I OMXCodec: [OMX.google.vorbis.decoder] allocating 4 buffers of size 32768 on output port
03-24 14:52:16.121  3670  6805 D ConnectivityService: returning getNetworkInfo for network type 1 : [type: WIFI[] - WIFI, state: CONNECTED/CONNECTED, reason: (unspecified), extra: "DataStructures", roaming: false, failover: false, isAvailable: true]
03-24 14:52:16.121  3047 15360 I OMXCodec: [OMX.google.vorbis.decoder] End Of Stream
03-24 14:52:16.121  3047  4570 I SoundExtractor: extract() reached EOS
03-24 14:52:16.121  3047  4570 I OMXCodec: [OMX.google.vorbis.decoder] stop mState=4
03-24 14:52:16.121  3047  4570 I OMXCodec: [OMX.google.vorbis.decoder] stop() sendCommand(224, OMX_CommandStateSet, OMX_StateIdle)
03-24 14:52:16.121  3047 15360 I OMXCodec: [OMX.google.vorbis.decoder] Now Idle. Component sends idle done Event 
03-24 14:52:16.121  3047  4570 I OMXCodec: [OMX.google.vorbis.decoder] stopOmxComponent_l() mstate = 1
03-24 14:52:16.121  3047  4570 I OggExtractor: OggSource::stop() mExtractor ref count = 1
03-24 14:52:16.121  3047  4570 I OggExtractor: OggSource::~OggSource() mExtractor !mStarted ref count = 1
03-24 14:52:16.121  3047  4570 I OggExtractor: ~OggSource --
03-24 14:52:16.121  3047  4570 I OggExtractor: ~OggExtractor ++
03-24 14:52:16.121  3047  4570 I OggExtractor: ~MyOggExtractor ++ 
03-24 14:52:16.121  3047  4570 I OggExtractor: ~MyOggExtractor --
03-24 14:52:16.121  3047  4570 I OggExtractor: ~OggExtractor --
03-24 14:52:16.121  3670  6805 D GameManagerService: identifyGamePackage. com.android.chrome
03-24 14:52:16.131 15316 15361 W System.err: remove failed: ENOENT (No such file or directory) : /data/user/0/com.android.chrome/shared_prefs/com.android.chrome_preferences.xml.bak
03-24 14:52:16.171 15316 15362 W DynamiteModule: Local module descriptor class for com.google.android.gms.googlecertificates not found.
03-24 14:52:16.171 14144 14588 D ResourcesManager: For user 0 new overlays fetched Null
03-24 14:52:16.181 14144 14588 W ResourcesManager: getTopLevelResources: /data/app/com.google.android.googlequicksearchbox-1/base.apk / 1.0 running in com.google.android.gms rsrc of package com.google.android.googlequicksearchbox
03-24 14:52:16.201 15316 15371 I cr_LibraryLoader:  Loading chrome from within /data/app/com.android.chrome-2/base.apk
03-24 14:52:16.221 15369 15369 I dex2oat : /system/bin/dex2oat --compiler-filter=speed --dex-file=/data/data/com.google.android.gms/app_chimera/m/00000039/DynamiteLoader.apk --oat-file=/data/dalvik-cache/arm/data@data@com.google.android.gms@app_chimera@m@00000039@DynamiteLoader.apk@classes.dex
03-24 14:52:16.221 15369 15369 E dex2oat : Failed to create oat file: /data/dalvik-cache/arm/data@data@com.google.android.gms@app_chimera@m@00000039@DynamiteLoader.apk@classes.dex: Permission denied
03-24 14:52:16.221 15369 15369 I dex2oat : dex2oat took 486.792us (threads: 8) 
03-24 14:52:16.221 15316 15362 W art     : Failed execv(/system/bin/dex2oat --runtime-arg -classpath --runtime-arg  --instruction-set=arm --instruction-set-features=smp,div,atomic_ldrd_strd --runtime-arg -Xrelocate --boot-image=/system/framework/boot.art --runtime-arg -Xms64m --runtime-arg -Xmx512m --compiler-filter=speed --instruction-set-variant=cortex-a15 --instruction-set-features=default --dex-file=/data/data/com.google.android.gms/app_chimera/m/00000039/DynamiteLoader.apk --oat-file=/data/dalvik-cache/arm/data@data@com.google.android.gms@app_chimera@m@00000039@DynamiteLoader.apk@classes.dex) because non-0 exit status
03-24 14:52:16.221 15316 15362 I DynamiteModule: Considering local module com.google.android.gms.googlecertificates:0 and remote module com.google.android.gms.googlecertificates:4
03-24 14:52:16.221 15316 15362 I DynamiteModule: Selected remote version of com.google.android.gms.googlecertificates, version >= 4
03-24 14:52:16.231 15316 15362 W ResourcesManager: getTopLevelResources: /data/app/com.google.android.gms-1/base.apk / 1.0 running in com.android.chrome rsrc of package com.google.android.gms
03-24 14:52:16.241 15316 15362 D ResourcesManager: For user 0 new overlays fetched Null
03-24 14:52:16.251  3670  4552 I PersonaManager: mKnoxInfo is empty
03-24 14:52:16.291  3670  4524 I PersonaManager: mKnoxInfo is empty
03-24 14:52:16.291 15316 15316 D ClipboardExManager: no knox
03-24 14:52:16.291 15316 15316 D TextView: setTypeface with style : 0
03-24 14:52:16.291 14144 14588 I Icing   : Internal init done: storage state 0
03-24 14:52:16.291 15375 15375 I dex2oat : /system/bin/dex2oat --compiler-filter=speed --dex-file=/data/data/com.google.android.gms/app_chimera/m/0000003c/GoogleCertificates.apk --oat-file=/data/dalvik-cache/arm/data@data@com.google.android.gms@app_chimera@m@0000003c@GoogleCertificates.apk@classes.dex
03-24 14:52:16.291 15375 15375 E dex2oat : Failed to create oat file: /data/dalvik-cache/arm/data@data@com.google.android.gms@app_chimera@m@0000003c@GoogleCertificates.apk@classes.dex: Permission denied
03-24 14:52:16.291 15375 15375 I dex2oat : dex2oat took 376.208us (threads: 8) 
03-24 14:52:16.291  3670  4947 I PersonaManager: mKnoxInfo is empty
03-24 14:52:16.291 15316 15362 W art     : Failed execv(/system/bin/dex2oat --runtime-arg -classpath --runtime-arg  --instruction-set=arm --instruction-set-features=smp,div,atomic_ldrd_strd --runtime-arg -Xrelocate --boot-image=/system/framework/boot.art --runtime-arg -Xms64m --runtime-arg -Xmx512m --compiler-filter=speed --instruction-set-variant=cortex-a15 --instruction-set-features=default --dex-file=/data/data/com.google.android.gms/app_chimera/m/0000003c/GoogleCertificates.apk --oat-file=/data/dalvik-cache/arm/data@data@com.google.android.gms@app_chimera@m@0000003c@GoogleCertificates.apk@classes.dex) because non-0 exit status
03-24 14:52:16.311 15316 15362 W System  : ClassLoader referenced unknown path: /data/data/com.google.android.gms/app_chimera/m/0000003c/n/armeabi-v7a
03-24 14:52:16.311 15316 15362 W System  : ClassLoader referenced unknown path: /data/data/com.google.android.gms/app_chimera/m/0000003c/n/armeabi
03-24 14:52:16.311 15316 15362 W ResourcesManager: getTopLevelResources: /data/data/com.google.android.gms/app_chimera/m/0000003c/GoogleCertificates.apk / 1.0 running in com.android.chrome rsrc of package com.google.android.gms
03-24 14:52:16.311 15316 15362 D ResourcesManager: For user 0 new overlays fetched Null
03-24 14:52:16.311 15316 15362 W ResourcesManager: getTopLevelResources: /data/data/com.google.android.gms/app_chimera/m/0000003c/GoogleCertificates.apk / 1.0 running in com.android.chrome rsrc of package com.google.android.gms
03-24 14:52:16.311 15316 15379 I cr_ui   : Using UI locale en, system locale: en (Android name: en)
03-24 14:52:16.321 15316 15379 I cr_ui   : Missing asset file: locales#lang_en/en-US.pak
03-24 14:52:16.321 15316 15379 I cr_ui   : Found asset file: locales/en-GB.pak
03-24 14:52:16.321 15316 15379 I cr_ui   : Using app bundle locale directory: locales
03-24 14:52:16.321 15316 15379 I cr_ui   : UI Language: en requires .pak files: [en-GB, en-US]
03-24 14:52:16.321 15316 15379 I cr_FileUtils: Writing to /data/user/0/com.android.chrome/app_chrome/paks/en-GB.pak@159cff45
