03-24 15:34:16.351 22817 22844 W VideoCapabilities: Unrecognized profile 2130706434 for video/avc
03-24 15:34:16.351 22817 22844 W VideoCapabilities: Unrecognized profile 2130706434 for video/avc
03-24 15:34:16.351 22817 22844 W VideoCapabilities: Unrecognized profile 2130706434 for video/avc
03-24 15:34:16.351 22817 22844 W VideoCapabilities: Unrecognized profile 2130706434 for video/avc
03-24 15:34:16.361  4393  4406 D TP/SmsProvider: query,matched:26, calling pid = 22831
03-24 15:34:16.361  4393  4406 D TP/SmsProvider: query, match 26:Elapsed time : 1.363 ms
03-24 15:34:16.361 22817 22844 W VideoCapabilities: Unsupported mime video/wvc1
03-24 15:34:16.361 22817 22844 W VideoCapabilities: Unsupported mime video/x-ms-wmv
03-24 15:34:16.371 22831 22831 D CS/TelephonyUtils: getInsertedSimNum = 0
03-24 15:34:16.371 22817 22844 W VideoCapabilities: Unrecognized profile/level 32768/2 for video/mp4v-es
03-24 15:34:16.371 22817 22844 W VideoCapabilities: Unsupported mime video/wvc1
03-24 15:34:16.371 22817 22844 W VideoCapabilities: Unsupported mime video/x-ms-wmv
03-24 15:34:16.371 22817 22844 W VideoCapabilities: Unsupported mime video/x-ms-wmv7
03-24 15:34:16.371 22817 22844 W VideoCapabilities: Unsupported mime video/x-ms-wmv8
03-24 15:34:16.371 22817 22844 W VideoCapabilities: Unsupported mime video/mp43
03-24 15:34:16.381 22817 22844 W VideoCapabilities: Unrecognized profile 2130706433 for video/avc
03-24 15:34:16.381 22817 22844 W VideoCapabilities: Unrecognized profile 2130706433 for video/avc
03-24 15:34:16.381 22817 22844 W VideoCapabilities: Unrecognized profile 2130706433 for video/avc
03-24 15:34:16.381 22817 22844 W VideoCapabilities: Unrecognized profile 2130706433 for video/avc
03-24 15:34:16.381 22817 22844 W VideoCapabilities: Unrecognized profile 2130706433 for video/avc
03-24 15:34:16.381 22817 22844 W VideoCapabilities: Unrecognized profile 2130706433 for video/avc
03-24 15:34:16.381 22817 22844 W VideoCapabilities: Unrecognized profile 2130706433 for video/avc
03-24 15:34:16.381 22817 22844 W VideoCapabilities: Unrecognized profile 2130706433 for video/avc
03-24 15:34:16.381 22817 22844 W VideoCapabilities: Unrecognized profile 2130706433 for video/avc
03-24 15:34:16.381 22817 22844 W VideoCapabilities: Unrecognized profile 2130706433 for video/avc
03-24 15:34:16.381 22817 22844 W VideoCapabilities: Unrecognized profile 2130706433 for video/avc
03-24 15:34:16.381 22817 22844 W VideoCapabilities: Unrecognized profile 2130706433 for video/avc
03-24 15:34:16.381 22817 22844 W VideoCapabilities: Unrecognized profile 2130706433 for video/avc
03-24 15:34:16.381 22817 22844 W VideoCapabilities: Unrecognized profile 2130706433 for video/avc
03-24 15:34:16.381 22817 22844 W VideoCapabilities: Unrecognized profile 2130706433 for video/avc
03-24 15:34:16.381 22817 22844 W VideoCapabilities: Unrecognized profile 2130706433 for video/avc
03-24 15:34:16.381 22817 22844 W VideoCapabilities: Unrecognized profile 2130706434 for video/avc
03-24 15:34:16.381 22817 22844 W VideoCapabilities: Unrecognized profile 2130706434 for video/avc
03-24 15:34:16.381 22817 22844 W VideoCapabilities: Unrecognized profile 2130706434 for video/avc
03-24 15:34:16.381 22817 22844 W VideoCapabilities: Unrecognized profile 2130706434 for video/avc
03-24 15:34:16.381 22817 22844 W VideoCapabilities: Unrecognized profile 2130706434 for video/avc
03-24 15:34:16.381 22817 22844 W VideoCapabilities: Unrecognized profile 2130706434 for video/avc
03-24 15:34:16.381 22817 22844 W VideoCapabilities: Unrecognized profile 2130706434 for video/avc
03-24 15:34:16.381 22817 22844 W VideoCapabilities: Unrecognized profile 2130706434 for video/avc
03-24 15:34:16.381 22817 22844 W VideoCapabilities: Unrecognized profile 2130706434 for video/avc
03-24 15:34:16.381 22817 22844 W VideoCapabilities: Unrecognized profile 2130706434 for video/avc
03-24 15:34:16.381 22817 22844 W VideoCapabilities: Unrecognized profile 2130706434 for video/avc
03-24 15:34:16.381 22817 22844 W VideoCapabilities: Unrecognized profile 2130706434 for video/avc
03-24 15:34:16.381 22817 22844 W VideoCapabilities: Unrecognized profile 2130706434 for video/avc
03-24 15:34:16.381 22817 22844 W VideoCapabilities: Unrecognized profile 2130706434 for video/avc
03-24 15:34:16.381 22817 22844 W VideoCapabilities: Unrecognized profile 2130706434 for video/avc
03-24 15:34:16.381 22817 22844 W VideoCapabilities: Unrecognized profile 2130706434 for video/avc
03-24 15:34:16.381 22817 22844 W VideoCapabilities: Unrecognized profile/level 32768/2 for video/mp4v-es
03-24 15:34:16.381  4393  4765 D TP/MmsSmsProvider: query, match:6, calling pid = 22831, accessRestricted = false
03-24 15:34:16.381  4393  4765 D TP/MmsSmsProvider: query, match 6:Elapsed time : 1.058 ms
03-24 15:34:16.381 20058 21181 I Icing   : Indexing com.android.chrome-omnibox from com.android.chrome
03-24 15:34:16.391 22831 22831 D CS/CommunicationServiceApp: init() end
03-24 15:34:16.391 22831 22831 D InjectionManager: InjectionManager
03-24 15:34:16.391 22831 22831 D InjectionManager: fillFeatureStoreMap com.samsung.android.communicationservice
03-24 15:34:16.391 22831 22831 I InjectionManager: Constructor com.samsung.android.communicationservice, Feature store :{}
03-24 15:34:16.391 22831 22831 I InjectionManager: featureStore :{}
03-24 15:34:16.391 22831 22831 D CS/SettingChangeReceiver: onReceive() action = android.intent.action.PACKAGE_DATA_CLEARED
03-24 15:34:16.391 22831 22831 D CS/SettingChangeReceiver: ACTION_PACKAGE_DATA_CLEARED
03-24 15:34:16.391  3670  4409 D ConnectivityService: returning getNetworkInfo for network type 2 : [type: MOBILE_MMS[] - MOBILE_MMS, state: DISCONNECTED/DISCONNECTED, reason: (unspecified), extra: (none), roaming: false, failover: false, isAvailable: true]
03-24 15:34:16.391 22831 22922 D CS/NetworkConnectionUtils: isMmsAvailable = true, simSlot = 0
03-24 15:34:16.411  3670  4946 V BroadcastQueue: [background] Process cur broadcast BroadcastRecord{7833915 u0 android.intent.action.PACKAGE_DATA_CLEARED qIdx=4}, state= (APP_RECEIVE) DELIVERED for app ProcessRecord{4c342e5 22499:com.samsung.storyservice/5004}
03-24 15:34:16.411 22817 22844 I VideoCapabilities: Unsupported profile 4 for video/mp4v-es
03-24 15:34:16.421  3025  3210 I SurfaceFlinger: id=799 Removed dhrome (4/10)
03-24 15:34:16.421  3025  4174 I SurfaceFlinger: id=799 Removed dhrome (-2/10)
03-24 15:34:16.421  4393  4745 D TP/MmsSmsProvider: query, match:2106, calling pid = 22831, accessRestricted = false
03-24 15:34:16.421  4393  4745 D TP/MmsSmsProvider: query, match 2106:Elapsed time : 1.280 ms
03-24 15:34:16.421  3670  4946 V BroadcastQueue: [background] Process cur broadcast BroadcastRecord{7833915 u0 android.intent.action.PACKAGE_DATA_CLEARED qIdx=4}, state= (APP_RECEIVE) DELIVERED for app ProcessRecord{7a371ba 22513:com.samsung.android.provider.shootingmodeprovider/u0a63}
03-24 15:34:16.431  3025  3025 D libEGL  : eglTerminate EGLDisplay = 0x7ff3f31e58
03-24 15:34:16.431 22817 22844 W VideoCapabilities: Unsupported mime video/sorenson
03-24 15:34:16.441  3670  4946 V BroadcastQueue: [background] Process cur broadcast BroadcastRecord{7833915 u0 android.intent.action.PACKAGE_DATA_CLEARED qIdx=4}, state= (APP_RECEIVE) DELIVERED for app ProcessRecord{6899e73 22041:com.android.mms/u0a68}
03-24 15:34:16.441 22041 22041 D Mms/FreeMessageStatusReceiver: onReceive, action : android.intent.action.PACKAGE_DATA_CLEARED
03-24 15:34:16.451  3670  4552 I PersonaManager: mKnoxInfo is empty
03-24 15:34:16.451 22041 22923 D Mms/FreeMessageReceiverService: onHandleIntent, action : android.intent.action.PACKAGE_DATA_CLEARED
03-24 15:34:16.451 22041 22923 D Mms/FreeMessageReceiverService: onHandleIntent: ACTION_PACKAGE_DATA_CLEARED
03-24 15:34:16.461  3670  3698 V BroadcastQueue: [background] Process cur broadcast BroadcastRecord{7833915 u0 android.intent.action.PACKAGE_DATA_CLEARED qIdx=4}, state= (APP_RECEIVE) DELIVERED for app ProcessRecord{9970a63 22071:com.android.contacts/u0a11}
03-24 15:34:16.471 20058 21181 I Icing   : Indexing done com.android.chrome-omnibox
03-24 15:34:16.471  3670  3698 V BroadcastQueue: [background] Process cur broadcast BroadcastRecord{7833915 u0 android.intent.action.PACKAGE_DATA_CLEARED qIdx=4}, state= (APP_RECEIVE) DELIVERED for app ProcessRecord{4039fc8 22526:com.samsung.android.weather/u0a77}
03-24 15:34:16.471 22526 22526 D [WeatherApp(1236)]  : {[210EBC5507306FD4A50F1D40A85780C068F240D41FBB267D51FF013BE0DD2039C2D12A1E8BDFBC0AEF71E0B60AC5CC12634EBF0E217E31968750E349D4CD9F055A27188D45800F4DAB642142108315BE81E026EB18EEECE85B657C0C8D6BE9223F3FF78946A3AC40353238FF8220877BC1C5894599200B233FBF41BEB5FE06EF]}
03-24 15:34:16.481  3670  3698 V BroadcastQueue: [background] Process cur broadcast BroadcastRecord{7833915 u0 android.intent.action.PACKAGE_DATA_CLEARED qIdx=4}, state= (APP_RECEIVE) DELIVERED for app ProcessRecord{b930047 22392:com.samsung.android.coreapps/5011}
03-24 15:34:16.481  3670  4407 I PersonaManager: mKnoxInfo is empty
03-24 15:34:16.491  3670  3698 V BroadcastQueue: [background] Process cur broadcast BroadcastRecord{7833915 u0 android.intent.action.PACKAGE_DATA_CLEARED qIdx=4}, state= (APP_RECEIVE) DELIVERED for app ProcessRecord{596f074 22542:com.android.documentsui/u0a92}
03-24 15:34:16.491  3670  3698 V BroadcastQueue: [background] Process cur broadcast BroadcastRecord{7833915 u0 android.intent.action.PACKAGE_DATA_CLEARED qIdx=4}, state= (APP_RECEIVE) DELIVERED for app ProcessRecord{2f61a94 7226:com.sec.android.daemonapp/u0a145}
03-24 15:34:16.491  7226  7226 D [WeatherWidget(1236)]  ClearDataReceiver: {[2B4A2AC40B5A9FD87A06E8EADDAC90140D0735C4111B00ED5A4BFDD943296A603CF64C72E7F3E6D25FF9ACC8831CFEFAAF9CFCCA971A42420C7C4462190C6970D4522B06ADB15EB3E59FE8EB8A3E9AFD9C17BE5F2866158F00F7C01EC0FB0608D957C113F4D4ED528927AA6FDD99EF3E]}
03-24 15:34:16.501 22580 22659 W art     : Verification of void q.d() took 259.309ms
03-24 15:34:16.501  3670  3698 V BroadcastQueue: [background] Process cur broadcast BroadcastRecord{7833915 u0 android.intent.action.PACKAGE_DATA_CLEARED qIdx=4}, state= (APP_RECEIVE) DELIVERED for app ProcessRecord{b368299 22568:com.android.calendar/u0a164}
03-24 15:34:16.511  3670  3698 V BroadcastQueue: [background] Process cur broadcast BroadcastRecord{7833915 u0 android.intent.action.PACKAGE_DATA_CLEARED qIdx=4}, state= (APP_RECEIVE) DELIVERED for app ProcessRecord{4b68937 22625:com.sec.android.app.sbrowser/u0a168}
03-24 15:34:16.511 22625 22625 E WebContentsProviderReceiver: onReceive - not approved application
03-24 15:34:16.511  3670  3698 V BroadcastQueue: [background] Process cur broadcast BroadcastRecord{7833915 u0 android.intent.action.PACKAGE_DATA_CLEARED qIdx=4}, state= (APP_RECEIVE) DELIVERED for app ProcessRecord{6aa228 22580:com.android.chrome/u0a88}
03-24 15:34:16.521  3670  4947 I PersonaManager: mKnoxInfo is empty
03-24 15:34:16.521 22580 22659 W cr_tabmodel: Starting to perform legacy migration.
03-24 15:34:16.521 22580 22659 W cr_tabmodel: Finished performing legacy migration.
03-24 15:34:16.521 22580 22659 W cr_tabmodel: Starting to perform multi-instance migration.
03-24 15:34:16.521 22580 22659 W cr_tabmodel: Finished performing multi-instance migration.
03-24 15:34:16.521 22580 22659 I cr_tabmodel: Starting to fetch tab list for tab_state0
03-24 15:34:16.521 22580 22659 I cr_tabmodel: State file does not exist.
03-24 15:34:16.521 22580 22659 I cr_tabmodel: Starting to fetch tab list for tab_state_browser_actions
03-24 15:34:16.521 22580 22659 I cr_tabmodel: State file does not exist.
03-24 15:34:16.531  3670  3697 D SecContentProvider: query(), uri = 2 selection = isAuditLogEnabled
03-24 15:34:16.531  3670  4452 D SecContentProvider: query(), uri = 5 selection = getAutoFillSetting
03-24 15:34:16.531  3670  4946 D SecContentProvider: query(), uri = 5 selection = getCookiesSetting
03-24 15:34:16.531  3670  4409 D SecContentProvider: query(), uri = 5 selection = getHttpProxy
03-24 15:34:16.531  3670  4552 D SecContentProvider: query(), uri = 5 selection = getJavaScriptSetting
03-24 15:34:16.531  3670  4143 D SecContentProvider: query(), uri = 5 selection = getPopupsSetting
03-24 15:34:16.531  3670  3931 D SecContentProvider: query(), uri = 22 selection = isAuthenticationEnabled
03-24 15:34:16.541  3670  3698 D SecContentProvider: query(), uri = 10 selection = getURLFilterList
03-24 15:34:16.541 22817 22844 D mali_winsys: new_window_surface returns 0x3000,  [1440x2464]-format:1
03-24 15:34:16.541  3670  4952 D SecContentProvider: query(), uri = 10 selection = getURLFilterEnabled
03-24 15:34:16.541 22817 22844 D         : ro.exynos.dss isEnabled: 0
03-24 15:34:16.541  3670  4947 D SecContentProvider: query(), uri = 10 selection = getURLFilterReportEnabled
03-24 15:34:16.541  3670  4454 D SecContentProvider: query(), uri = 2 selection = isAuditLogEnabled
03-24 15:34:16.541  3670  4550 D SecContentProvider: query(), uri = 5 selection = getAutoFillSetting
03-24 15:34:16.541  3670  4421 D SecContentProvider: query(), uri = 5 selection = getCookiesSetting
03-24 15:34:16.541  3670  4407 D SecContentProvider: query(), uri = 5 selection = getHttpProxy
03-24 15:34:16.541  3670  4016 D SecContentProvider: query(), uri = 5 selection = getJavaScriptSetting
03-24 15:34:16.541  3670  3697 D SecContentProvider: query(), uri = 5 selection = getPopupsSetting
03-24 15:34:16.541  3670  4524 D SecContentProvider: query(), uri = 22 selection = isAuthenticationEnabled
03-24 15:34:16.541  3670  4452 D SecContentProvider: query(), uri = 10 selection = getURLFilterList
03-24 15:34:16.541  3670  4946 D SecContentProvider: query(), uri = 10 selection = getURLFilterEnabled
03-24 15:34:16.541 22817 22844 D libGLESv2: DTS_GLAPI : DTS is not allowed for Package : com.android.chrome:privileged_process0
03-24 15:34:16.541  3670  4409 D SecContentProvider: query(), uri = 10 selection = getURLFilterReportEnabled
03-24 15:34:16.571  3670  4143 V BroadcastQueue: [background] Process cur broadcast BroadcastRecord{7833915 u0 android.intent.action.PACKAGE_DATA_CLEARED qIdx=4}, state= (APP_RECEIVE) DELIVERED for app ProcessRecord{68a6177 7275:com.google.android.gms.persistent/u0a15}
03-24 15:34:16.581  3670  4952 I PersonaManager: mKnoxInfo is empty
03-24 15:34:16.581  3670  4454 I PersonaManager: mKnoxInfo is empty
03-24 15:34:16.591  3670  4421 V BroadcastQueue: [background] Process cur broadcast BroadcastRecord{6127dcf u0 android.intent.action.PACKAGE_RESTARTED qIdx=4}, state= (APP_RECEIVE) DELIVERED for app ProcessRecord{a8b6d0a 3670:system/1000}
03-24 15:34:16.591  3670  4407 I PersonaManager: mKnoxInfo is empty
03-24 15:34:16.591  3670  4016 I PersonaManager: mKnoxInfo is empty
03-24 15:34:16.601 20058 22381 I LocationSettingsChecker: Removing dialog suppression flag for package com.microsoft.emmx
03-24 15:34:16.611  3670  4524 I PersonaManager: mKnoxInfo is empty
03-24 15:34:16.611  3670  4452 I PersonaManager: mKnoxInfo is empty
03-24 15:34:16.621  3670  3670 V BroadcastQueue: [background] Process cur broadcast BroadcastRecord{6127dcf u0 android.intent.action.PACKAGE_RESTARTED qIdx=4}, state= (APP_RECEIVE) DELIVERED for app ProcessRecord{8352ca0 22771:com.sec.android.app.soundalive/u0a62}
03-24 15:34:16.621 22771 22771 D SAControlPanelReceiver: *****onReceive()*****
03-24 15:34:16.621 22771 22771 D SAControlPanelReceiver: Action: android.intent.action.PACKAGE_RESTARTED
03-24 15:34:16.631 22929 22929 E Zygote  : v2
03-24 15:34:16.631 22929 22929 I libpersona: KNOX_SDCARD checking this for 10018
03-24 15:34:16.631 22929 22929 W SELinux : Function: selinux_compare_spd_ram, index[1], priority [2], priority version is VE=SEPF_SECMOBILE_6.0.1_0003
03-24 15:34:16.631 22929 22929 I libpersona: KNOX_SDCARD not a persona
03-24 15:34:16.631 22929 22929 E Zygote  : accessInfo : 0
03-24 15:34:16.631 22929 22929 W SELinux : SELinux: seapp_context_lookup: seinfo=untrusted, level=s0:c512,c768, pkgname=com.google.android.partnersetup 
03-24 15:34:16.641  3670  4952 I ActivityManager: Start proc 22929:com.google.android.partnersetup/u0a18 for content provider com.google.android.partnersetup/.RlzAppProvider
03-24 15:34:16.641  3670  3697 I PersonaManager: mKnoxInfo is empty
03-24 15:34:16.641  3670  4409 I PersonaManager: mKnoxInfo is empty
03-24 15:34:16.651  3670  4552 I PersonaManager: mKnoxInfo is empty
03-24 15:34:16.651  3670  3931 I PersonaManager: mKnoxInfo is empty
03-24 15:34:16.651  3670  4524 I PersonaManager: mKnoxInfo is empty
03-24 15:34:16.661 20058 21181 I Icing   : doRemovePackageData com.microsoft.emmx
03-24 15:34:16.681  3670  4552 I PersonaManager: mKnoxInfo is empty
03-24 15:34:16.681 22580 22580 D TextView: setTypeface with style : 0
03-24 15:34:16.681  3670  4421 V BroadcastQueue: [background] Process cur broadcast BroadcastRecord{6127dcf u0 android.intent.action.PACKAGE_RESTARTED qIdx=4}, state= (APP_RECEIVE) DELIVERED for app ProcessRecord{2f61a94 7226:com.sec.android.daemonapp/u0a145}
03-24 15:34:16.691  7275  7275 W ChimeraUtils: Non Chimera context
03-24 15:34:16.691  7226  7226 D [WeatherWidget(1236)]  ClearDataReceiver: {[2B4A2AC40B5A9FD87A06E8EADDAC90140D0735C4111B00ED5A4BFDD943296A603CF64C72E7F3E6D25FF9ACC8831CFEFA3E34FF6EAD00357EC7386503FB76F1C38DE7DC83CE464FCACDBF41BB39AB7B0532B2430328A965C13539887ACF027538D8F07ACD0F60FD058041946420F66BD7]}
03-24 15:34:16.691 22929 22929 W ResourcesManager: getTopLevelResources: /system/priv-app/GooglePartnerSetup/GooglePartnerSetup.apk / 1.0 running in com.google.android.partnersetup rsrc of package com.google.android.partnersetup
03-24 15:34:16.691  3670  4019 D NetworkPolicy: isUidForegroundLocked: 10018, mScreenOn: true, uidstate: 2, mProxSensorScreenOff: false
03-24 15:34:16.691  3670  4452 I InjectionManagerService -AppFeature: getCoreFeaturePkgList :[]
03-24 15:34:16.691 22929 22929 I InjectionManager: Inside getClassLibPath + mLibMap{0=, 1=}
03-24 15:34:16.701  3670  4421 V BroadcastQueue: [background] Process cur broadcast BroadcastRecord{e95cd1d u0 android.intent.action.PACKAGE_RESTARTED qIdx=4}, state= (APP_RECEIVE) DELIVERED for app ProcessRecord{a8b6d0a 3670:system/1000}
03-24 15:34:16.701  3670  4421 I ActivityManager: Killing 22556:com.android.externalstorage/u0a8 (adj 15): DHA:empty #15
03-24 15:34:16.701  3670  4421 I ActivityManager: Killing 22470:com.samsung.android.sm.provider/1000 (adj 15): DHA:empty #15
03-24 15:34:16.701 22929 22929 D ResourcesManager: For user 0 new overlays fetched Null
03-24 15:34:16.711 22929 22929 I InjectionManager: Inside getClassLibPath caller 
03-24 15:34:16.711  3670  3670 I ActivityManager: Killing 22606:com.android.shell/2000 (adj 15): DHA:empty #13
03-24 15:34:16.711 22929 22929 W System  : ClassLoader referenced unknown path: /system/priv-app/GooglePartnerSetup/lib/arm64
03-24 15:34:16.731 22771 22771 D SAControlPanelReceiver: *****onReceive()*****
03-24 15:34:16.731 22771 22771 D SAControlPanelReceiver: Action: android.intent.action.PACKAGE_RESTARTED
03-24 15:34:16.731  3670  3670 V BroadcastQueue: [background] Process cur broadcast BroadcastRecord{e95cd1d u0 android.intent.action.PACKAGE_RESTARTED qIdx=4}, state= (APP_RECEIVE) DELIVERED for app ProcessRecord{8352ca0 22771:com.sec.android.app.soundalive/u0a62}
03-24 15:34:16.731  3670  3670 I ActivityManager: Killing 22787:com.samsung.cmh:CMH/5004 (adj 15): DHA:empty #11
03-24 15:34:16.731  3670  3670 I ActivityManager: Killing 22689:com.sec.android.app.chromecustomizations/u0a89 (adj 15): DHA:empty #11
03-24 15:34:16.741  3670  4143 D ActivityManager: cleanUpApplicationRecord -- 22470
03-24 15:34:16.751  3670  4143 D ActivityManager: isAutoRunBlockedApp:: com.samsung.android.sm.provider, Auto Run ON
03-24 15:34:16.751  3670  4143 I ActivityManager: Killing 22856:com.samsung.enhanceservice/5004 (adj 15): DHA:empty #9
03-24 15:34:16.751  3670  4143 I ActivityManager: Killing 22831:com.samsung.android.communicationservice/5002 (adj 15): DHA:empty #9
03-24 15:34:16.761  3670  4421 I ActivityManager: Killing 22868:com.samsung.dcmservice/5004 (adj 15): DHA:empty #9
03-24 15:34:16.771  3670  4421 V BroadcastQueue: [background] Process cur broadcast BroadcastRecord{e95cd1d u0 android.intent.action.PACKAGE_RESTARTED qIdx=4}, state= (APP_RECEIVE) DELIVERED for app ProcessRecord{2f61a94 7226:com.sec.android.daemonapp/u0a145}
03-24 15:34:16.771  7226  7226 D [WeatherWidget(1236)]  ClearDataReceiver: {[2B4A2AC40B5A9FD87A06E8EADDAC90140D0735C4111B00ED5A4BFDD943296A603CF64C72E7F3E6D25FF9ACC8831CFEFA3E34FF6EAD00357EC7386503FB76F1C38DE7DC83CE464FCACDBF41BB39AB7B0532B2430328A965C13539887ACF027538D8F07ACD0F60FD058041946420F66BD7]}
03-24 15:34:16.781  3670  4016 D ActivityManager: cleanUpApplicationRecord -- 22689
03-24 15:34:16.781  3670  4016 D ActivityManager: isAutoRunBlockedApp:: com.sec.android.app.chromecustomizations, Auto Run ON
03-24 15:34:16.781  3670  4454 D ActivityManager: cleanUpApplicationRecord -- 22556
03-24 15:34:16.791  3670  4454 D ActivityManager: isAutoRunBlockedApp:: com.android.externalstorage, Auto Run ON
03-24 15:34:16.801 22929 22929 D InjectionManager: InjectionManager
03-24 15:34:16.801 22929 22929 D InjectionManager: fillFeatureStoreMap com.google.android.partnersetup
03-24 15:34:16.801  3670  4407 D ActivityManager: cleanUpApplicationRecord -- 22787
03-24 15:34:16.801  3670  4407 W ActivityManager: ProcessRecord{bb55b92 22856:com.samsung.enhanceservice/5004} is already killed
03-24 15:34:16.811  3022  3022 E lowmemorykiller: Error opening /proc/22856/oom_score_adj; errno=2
03-24 15:34:16.811 22929 22929 I InjectionManager: Constructor com.google.android.partnersetup, Feature store :{}
03-24 15:34:16.811 22929 22929 I InjectionManager: featureStore :{}
03-24 15:34:16.821  3670  4407 W ActivityManager: Exception when unbinding service com.samsung.enhanceservice/.EnhanceService
03-24 15:34:16.821  3670  4407 W ActivityManager: android.os.DeadObjectException
03-24 15:34:16.821  3670  4407 W ActivityManager: 	at android.os.BinderProxy.transactNative(Native Method)
03-24 15:34:16.821  3670  4407 W ActivityManager: 	at android.os.BinderProxy.transact(Binder.java:503)
03-24 15:34:16.821  3670  4407 W ActivityManager: 	at android.app.ApplicationThreadProxy.scheduleUnbindService(ApplicationThreadNative.java:1260)
03-24 15:34:16.821  3670  4407 W ActivityManager: 	at com.android.server.am.ActiveServices.removeConnectionLocked(ActiveServices.java:2136)
03-24 15:34:16.821  3670  4407 W ActivityManager: 	at com.android.server.am.ActiveServices.killServicesLocked(ActiveServices.java:2499)
03-24 15:34:16.821  3670  4407 W ActivityManager: 	at com.android.server.am.ActivityManagerService.cleanUpApplicationRecordLocked(ActivityManagerService.java:21526)
03-24 15:34:16.821  3670  4407 W ActivityManager: 	at com.android.server.am.ActivityManagerService.handleAppDiedLocked(ActivityManagerService.java:7357)
03-24 15:34:16.821  3670  4407 W ActivityManager: 	at com.android.server.am.ActivityManagerService.appDiedLocked(ActivityManagerService.java:7590)
03-24 15:34:16.821  3670  4407 W ActivityManager: 	at com.android.server.am.ActivityManagerService$AppDeathRecipient.binderDied(ActivityManagerService.java:1925)
03-24 15:34:16.821  3670  4407 W ActivityManager: 	at android.os.BinderProxy.sendDeathNotice(Binder.java:558)
03-24 15:34:16.821  3670  4407 W ActivityManager: ProcessRecord{bb55b92 22856:com.samsung.enhanceservice/5004} is already killed
03-24 15:34:16.831  3670  4454 I PersonaManager: mKnoxInfo is empty
03-24 15:34:16.831  3022  3022 E lowmemorykiller: Error opening /proc/22868/oom_score_adj; errno=2
03-24 15:34:16.831  3670  4407 W ActivityManager: ProcessRecord{30aa963 22868:com.samsung.dcmservice/5004} is already killed
03-24 15:34:16.831  3670  4407 W ActivityManager: Exception when unbinding service com.samsung.dcmservice/.DCMService
03-24 15:34:16.831  3670  4407 W ActivityManager: android.os.DeadObjectException
03-24 15:34:16.831  3670  4407 W ActivityManager: 	at android.os.BinderProxy.transactNative(Native Method)
03-24 15:34:16.831  3670  4407 W ActivityManager: 	at android.os.BinderProxy.transact(Binder.java:503)
03-24 15:34:16.831  3670  4407 W ActivityManager: 	at android.app.ApplicationThreadProxy.scheduleUnbindService(ApplicationThreadNative.java:1260)
03-24 15:34:16.831  3670  4407 W ActivityManager: 	at com.android.server.am.ActiveServices.removeConnectionLocked(ActiveServices.java:2136)
03-24 15:34:16.831  3670  4407 W ActivityManager: 	at com.android.server.am.ActiveServices.killServicesLocked(ActiveServices.java:2499)
03-24 15:34:16.831  3670  4407 W ActivityManager: 	at com.android.server.am.ActivityManagerService.cleanUpApplicationRecordLocked(ActivityManagerService.java:21526)
03-24 15:34:16.831  3670  4407 W ActivityManager: 	at com.android.server.am.ActivityManagerService.handleAppDiedLocked(ActivityManagerService.java:7357)
03-24 15:34:16.831  3670  4407 W ActivityManager: 	at com.android.server.am.ActivityManagerService.appDiedLocked(ActivityManagerService.java:7590)
03-24 15:34:16.831  3670  4407 W ActivityManager: 	at com.android.server.am.ActivityManagerService$AppDeathRecipient.binderDied(ActivityManagerService.java:1925)
03-24 15:34:16.831  3670  4407 W ActivityManager: 	at android.os.BinderProxy.sendDeathNotice(Binder.java:558)
03-24 15:34:16.831  3670  4407 W ActivityManager: ProcessRecord{30aa963 22868:com.samsung.dcmservice/5004} is already killed
03-24 15:34:16.841 22711 22766 I cr_LibraryLoader:  Loading chrome from within /data/app/com.android.chrome-2/base.apk
03-24 15:34:16.851  3670  4407 D ActivityManager: isAutoRunBlockedApp:: com.samsung.cmh, Auto Run ON
03-24 15:34:16.851  3670  3931 D ActivityManager: cleanUpApplicationRecord -- 22856
03-24 15:34:16.851  3670  3931 D ActivityManager: isAutoRunBlockedApp:: com.samsung.enhanceservice, Auto Run ON
03-24 15:34:16.861  3670  4452 D ActivityManager: cleanUpApplicationRecord -- 22831
03-24 15:34:16.861  3670  4452 D ActivityManager: isAutoRunBlockedApp:: com.samsung.android.communicationservice, Auto Run ON
03-24 15:34:16.871  3670  4550 D ActivityManager: cleanUpApplicationRecord -- 22606
03-24 15:34:16.871  3670  4550 D ActivityManager: isAutoRunBlockedApp:: com.android.shell, Auto Run ON
03-24 15:34:16.881 22953 22953 E Zygote  : v2
03-24 15:34:16.881 22953 22953 I libpersona: KNOX_SDCARD checking this for 5004
03-24 15:34:16.881 22953 22953 I libpersona: KNOX_SDCARD not a persona
03-24 15:34:16.881 22953 22953 W SELinux : Function: selinux_compare_spd_ram, index[1], priority [2], priority version is VE=SEPF_SECMOBILE_6.0.1_0003
03-24 15:34:16.881 22953 22953 E Zygote  : accessInfo : 0
03-24 15:34:16.881 22953 22953 W SELinux : SELinux: seapp_context_lookup: seinfo=platform, level=s0:c512,c768, pkgname=com.samsung.cmh:CMH 
03-24 15:34:16.881 22711 22766 I cr_LibraryLoader: Time to load native libraries: 46 ms (timestamps 7771-7817)
03-24 15:34:16.881 22711 22766 I chromium: [INFO:library_loader_hooks.cc(42)] Chromium logging enabled: level = 0, default verbosity = 0
03-24 15:34:16.881 22711 22766 I cr_LibraryLoader: Expected native library version number "72.0.3626.105", actual native library version number "72.0.3626.105"
03-24 15:34:16.891  3670  4421 I ActivityManager: Start proc 22953:com.samsung.cmh:CMH/5004 for broadcast-3 com.samsung.cmh/.core.ClearDataReceiver
03-24 15:34:16.891  3670  4947 I PersonaManager: mKnoxInfo is empty
03-24 15:34:16.891 22711 22766 W ResourcesManager: getTopLevelResources: /data/app/com.android.chrome-2/base.apk / 1.0 running in com.android.chrome rsrc of package com.android.chrome
03-24 15:34:16.891  3670  4016 I PersonaManager: mKnoxInfo is empty
03-24 15:34:16.891  3670  4524 I PersonaManager: mKnoxInfo is empty
03-24 15:34:16.901  3670  4143 D ActivityManager: cleanUpApplicationRecord -- 22868
03-24 15:34:16.901  3670  4143 D ActivityManager: isAutoRunBlockedApp:: com.samsung.dcmservice, Auto Run ON
03-24 15:34:16.911  3670  4068 W System.err: remove failed: ENOENT (No such file or directory) : /data/system/recent_tasks/197_task.xml.bak
03-24 15:34:16.921  3670  4452 I PersonaManager: mKnoxInfo is empty
03-24 15:34:16.951  7402  7402 D SamsungIME: IMPL finishInput
03-24 15:34:16.951  7402  7402 D SamsungIME: SwiftKeyWrapper writeDBdataToFileOnFinishInput
03-24 15:34:16.951  7402  7402 D SamsungIME: saveAndClear +
03-24 15:34:16.951  7402  7402 D SamsungIME: saveAndClear -
03-24 15:34:16.961 22975 22975 E Zygote  : v2
03-24 15:34:16.961 22975 22975 I libpersona: KNOX_SDCARD checking this for 99254
03-24 15:34:16.961 22975 22975 I libpersona: KNOX_SDCARD not a persona
03-24 15:34:16.961 22975 22975 W SELinux : Function: selinux_compare_spd_ram, index[1], priority [2], priority version is VE=SEPF_SECMOBILE_6.0.1_0003
03-24 15:34:16.961  3670  4452 I ActivityManager: Start proc 22975:com.android.chrome:sandboxed_process1/u0i254 for service com.android.chrome/org.chromium.content.app.SandboxedProcessService1
03-24 15:34:16.961  3670  4524 I PersonaManager: mKnoxInfo is empty
03-24 15:34:16.961 22975 22975 E Zygote  : accessInfo : 0
03-24 15:34:16.961 22975 22975 W SELinux : SELinux: seapp_context_lookup: seinfo=chrome, level=s0:c512,c768, pkgname=com.android.chrome:sandboxed_process1 
03-24 15:34:16.971  3670  4946 V BroadcastQueue: [background] Process cur broadcast BroadcastRecord{8faf7cb u0 android.intent.action.PACKAGE_DATA_CLEARED qIdx=4}, state= (APP_RECEIVE) DELIVERED for app ProcessRecord{c5d8ba8 22953:com.samsung.cmh:CMH/5004}
03-24 15:34:16.981  7402  7402 I SamsungIME: putCacheDrawable inputModule=0 key =KEY_BG_NUMBER
03-24 15:34:16.981  7402  7402 I SamsungIME: putCacheDrawable inputModule=0 key =ICON_SETTING
03-24 15:34:16.991 22953 22953 W ResourcesManager: getTopLevelResources: /system/priv-app/CMHProvider/CMHProvider.apk / 1.0 running in com.samsung.cmh rsrc of package com.samsung.cmh
03-24 15:34:17.001  3670  3698 I PersonaManager: mKnoxInfo is empty
03-24 15:34:17.001  3670  4143 I PersonaManager: mKnoxInfo is empty
03-24 15:34:17.001  3670  4409 I InjectionManagerService -AppFeature: getCoreFeaturePkgList :[]
03-24 15:34:17.001 22953 22953 I InjectionManager: Inside getClassLibPath + mLibMap{0=, 1=}
03-24 15:34:17.011 22953 22953 D ResourcesManager: For user 0 new overlays fetched Null
03-24 15:34:17.021  3670  3698 D PackageManager: findPreferredActivity: We found 1 PreferredActivities set, but no match
03-24 15:34:17.021  3670  3698 I PackageManager: No preferred activity: intent should not be shown
03-24 15:34:17.021 22953 22953 I InjectionManager: Inside getClassLibPath caller 
03-24 15:34:17.021 22953 22953 W System  : ClassLoader referenced unknown path: /system/priv-app/CMHProvider/lib/arm64
03-24 15:34:17.031 22953 22953 I CMHProvider: [#CMH#] onCreate 
03-24 15:34:17.031  3670  3931 I PersonaManager: mKnoxInfo is empty
03-24 15:34:17.031 22953 22953 I DatabaseManager: [#CMH#] DatabaseManager ctor 
03-24 15:34:17.041 22975 22975 W ResourcesManager: getTopLevelResources: /data/app/com.android.chrome-2/base.apk / 1.0 running in com.android.chrome rsrc of package com.android.chrome
03-24 15:34:17.051 22953 22953 I CMHApplication: [#CMH#] CMH started with context  com.samsung.cmh.core.CMHApplication@b066445
03-24 15:34:17.051 22953 22953 I DatabaseManager: [#CMH#] setContext 
03-24 15:34:17.051 22975 22975 D ResourcesManager: For user 0 new overlays fetched Null
03-24 15:34:17.061 22953 22953 I Controller: [#CMH#] Controller Ctor 
03-24 15:34:17.061 22953 22953 I Controller: [#CMH#] setContext =  com.samsung.cmh.core.CMHApplication@b066445
03-24 15:34:17.061 22953 22953 I PermissionNotification: [#CMH#] show_permission_notification. 
03-24 15:34:17.061 22953 22953 I PermissionNotification: [#CMH#] permission Size : 2 
03-24 15:34:17.061 22975 22975 I InjectionManager: Inside getClassLibPath caller 
03-24 15:34:17.061 22953 22953 I PermissionNotification: [#CMH#] STORAGE PERMISSION ALREADY GRANTED 
03-24 15:34:17.061 22953 22953 I PermissionNotification: [#CMH#] SMS PERMISSION ALREADY GRANTED 
03-24 15:34:17.061 22953 22953 I PermissionNotification: [#CMH#] NO PERMISSION NEEDED 
03-24 15:34:17.061 22953 22953 I Controller: [#CMH#] setDBManager =  com.samsung.cmh.database.DatabaseManager@6a3e79a
03-24 15:34:17.061 22953 22953 I CMHApplication: [#CMH#] Controller is ready, now starting CMH Core Init 
03-24 15:34:17.061 22953 22953 D InjectionManager: InjectionManager
03-24 15:34:17.061 22953 22953 D InjectionManager: fillFeatureStoreMap com.samsung.cmh
03-24 15:34:17.061 22953 23006 I Initializer: [#CMH#] CMH initialization starts 
03-24 15:34:17.061 22953 22953 I InjectionManager: Constructor com.samsung.cmh, Feature store :{}
03-24 15:34:17.061 22953 22953 I InjectionManager: featureStore :{}
03-24 15:34:17.071 22953 23006 I DatabaseManager: [#CMH#] DatabaseVersion : 23
03-24 15:34:17.081 23007 23007 E Zygote  : v2
03-24 15:34:17.081 23007 23007 I libpersona: KNOX_SDCARD checking this for 5002
03-24 15:34:17.081 23007 23007 I libpersona: KNOX_SDCARD not a persona
03-24 15:34:17.081  3670  4947 I ActivityManager: Start proc 23007:com.samsung.android.communicationservice/5002 for broadcast-3 com.samsung.android.communicationservice/.preference.SettingChangeReceiver
03-24 15:34:17.081 23007 23007 W SELinux : Function: selinux_compare_spd_ram, index[1], priority [2], priority version is VE=SEPF_SECMOBILE_6.0.1_0003
03-24 15:34:17.081 23007 23007 E Zygote  : accessInfo : 0
03-24 15:34:17.081 23007 23007 W SELinux : SELinux: seapp_context_lookup: seinfo=platform, level=s0:c512,c768, pkgname=com.samsung.android.communicationservice 
03-24 15:34:17.091  7275  7285 I art     : Background sticky concurrent mark sweep GC freed 20828(1438KB) AllocSpace objects, 15(708KB) LOS objects, 8% free, 21MB/23MB, paused 13.756ms total 104.148ms
03-24 15:34:17.091 22953 23006 I DatabaseManager: [#CMH#] onConfigure 
03-24 15:34:17.091 22975 22975 D InjectionManager: InjectionManager
03-24 15:34:17.091 22580 22685 W System.err: remove failed: ENOENT (No such file or directory) : /data/user/0/com.android.chrome/app_tabs/0/tab_state0.bak
03-24 15:34:17.101 22975 22975 I InjectionManager: featureStore :{}
03-24 15:34:17.101 22975 22975 I cr_ChildProcessService: Creating new ChildProcessService pid=22975
03-24 15:34:17.121 22953 23006 I DatabaseManager: [#CMH#] createTables  
03-24 15:34:17.131  3670  3698 V BroadcastQueue: [background] Process cur broadcast BroadcastRecord{8faf7cb u0 android.intent.action.PACKAGE_DATA_CLEARED qIdx=4}, state= (APP_RECEIVE) DELIVERED for app ProcessRecord{9df2ed8 23007:com.samsung.android.communicationservice/5002}
03-24 15:34:17.141 22953 23006 I DatabaseManager: [#CMH#] DB init done ReadOnly:  false
03-24 15:34:17.141 22953 23006 I Controller: [#CMH#] ServicesSetValue =      986942
03-24 15:34:17.141 22953 23006 I Controller: [#CMH#] storagepermisssion =      0
03-24 15:34:17.141 22953 23006 I Controller: [#CMH#] initializeBroadcastReceiver  com.samsung.cmh.database.DatabaseManager@6a3e79a
03-24 15:34:17.141 22953 23006 I SystemBroadcastReceiver: [#CMH#]  in initialize  
03-24 15:34:17.141 22953 23006 I SystemBroadcastReceiver: [#CMH#] SystemBroadcastReceiver 
03-24 15:34:17.151 22953 23023 I SystemBroadcastReceiver: [#CMH#] Received broadcast 
03-24 15:34:17.151 22953 23023 I SystemBroadcastReceiver: [#CMH#] No one is registered with Event Id EVENT_SIOP
03-24 15:34:17.151 22953 23023 I SystemBroadcastReceiver: [#CMH#] onReceive completed 
03-24 15:34:17.151 22953 23023 I SystemBroadcastReceiver: [#CMH#] Received broadcast 
03-24 15:34:17.151 22953 23023 I SystemBroadcastReceiver: [#CMH#] No one is registered with Event Id EVENT_NETWORK_CHANGED
03-24 15:34:17.151 22953 23023 I SystemBroadcastReceiver: [#CMH#] onReceive completed 
03-24 15:34:17.151 22953 23006 I SystemBroadcastReceiver: [#CMH#]  Registered 
03-24 15:34:17.151 22953 23006 I Controller: [#CMH#] initializePolicyManager  
03-24 15:34:17.161 22580 22580 D TextView: setTypeface with style : 0
03-24 15:34:17.161 22580 22580 D TextView: setTypeface with style : 0
03-24 15:34:17.181 22953 23006 I PolicyManager: [#CMH#] setCriticalStateFromSystem screenOn =  true high siop = false camera running = false
03-24 15:34:17.191 22953 23006 I Controller: [#CMH#] initializeServiceManager ++ 
03-24 15:34:17.191 22953 23006 I ServiceManager: [#CMH#] CMHServiceManager  
03-24 15:34:17.191 22953 23006 I ControllerEventHandler: [#CMH#] ControllerEventHandler ++ 
03-24 15:34:17.191 22953 23006 I ControllerEventHandler: [#CMH#] ControllerEventHandler -- 
03-24 15:34:17.191 22953 23006 I ServiceManager: [#CMH#] Binding To Service  EnhanceService
03-24 15:34:17.201  3670  4552 I PersonaManager: mKnoxInfo is empty
03-24 15:34:17.201 23007 23007 W ResourcesManager: getTopLevelResources: /system/priv-app/MsgCommService/MsgCommService.apk / 1.0 running in com.samsung.android.communicationservice rsrc of package com.samsung.android.communicationservice
03-24 15:34:17.201  3670  3931 I InjectionManagerService -AppFeature: getCoreFeaturePkgList :[]
03-24 15:34:17.201 23007 23007 I InjectionManager: Inside getClassLibPath + mLibMap{0=, 1=}
03-24 15:34:17.201 23007 23007 D ResourcesManager: For user 0 new overlays fetched Null
03-24 15:34:17.211 23034 23034 E Zygote  : v2
03-24 15:34:17.211 23034 23034 I libpersona: KNOX_SDCARD checking this for 5004
03-24 15:34:17.211 23034 23034 W SELinux : Function: selinux_compare_spd_ram, index[1], priority [2], priority version is VE=SEPF_SECMOBILE_6.0.1_0003
03-24 15:34:17.211 23034 23034 I libpersona: KNOX_SDCARD not a persona
03-24 15:34:17.211 23034 23034 E Zygote  : accessInfo : 0
03-24 15:34:17.211 23034 23034 W SELinux : SELinux: seapp_context_lookup: seinfo=platform, level=s0:c512,c768, pkgname=com.samsung.enhanceservice 
03-24 15:34:17.211  3670  4552 I ActivityManager: Start proc 23034:com.samsung.enhanceservice/5004 for service com.samsung.enhanceservice/.EnhanceService
03-24 15:34:17.211 23007 23007 I InjectionManager: Inside getClassLibPath caller 
03-24 15:34:17.221  3670  4283 E Watchdog: !@Sync 2428 [03-24 15:34:17.224]
03-24 15:34:17.211 22953 23006 I ServiceManager: [#CMH#] Binding To Service  DCMService
03-24 15:34:17.221 23007 23007 W System  : ClassLoader referenced unknown path: /system/priv-app/MsgCommService/lib/arm64
03-24 15:34:17.221 23007 23007 D CS/CommunicationServiceApp: init() called
03-24 15:34:17.221  3670  4452 I PersonaManager: mKnoxInfo is empty
03-24 15:34:17.241  3670  4452 I ActivityManager: Start proc 23046:com.samsung.dcmservice/5004 for service com.samsung.dcmservice/.DCMService
03-24 15:34:17.241 22953 23006 I Controller: [#CMH#] initializeServiceManager -- 
03-24 15:34:17.241 22953 23006 I Controller: [#CMH#] initializeContentObserver  
03-24 15:34:17.241 23046 23046 E Zygote  : v2
03-24 15:34:17.241 23046 23046 I libpersona: KNOX_SDCARD checking this for 5004
03-24 15:34:17.241 23046 23046 I libpersona: KNOX_SDCARD not a persona
03-24 15:34:17.241 23046 23046 W SELinux : Function: selinux_compare_spd_ram, index[1], priority [2], priority version is VE=SEPF_SECMOBILE_6.0.1_0003
03-24 15:34:17.251 22580 22580 D TextView: setTypeface with style : 0
03-24 15:34:17.251 23046 23046 E Zygote  : accessInfo : 0
03-24 15:34:17.251 22953 23006 I Controller: [#CMH#] initializeStorageController  
03-24 15:34:17.251 23046 23046 W SELinux : SELinux: seapp_context_lookup: seinfo=platform, level=s0:c512,c768, pkgname=com.samsung.dcmservice 
03-24 15:34:17.261 23007 23007 D CS/Config: Load Resize quality : 80
03-24 15:34:17.261 23007 23007 E CS/CscParser: mps_code.dat does not exist
03-24 15:34:17.261 23007 23007 E CS/CscParser: customer_path =/system/csc/customer.xml
03-24 15:34:17.261 23007 23007 E CS/CscParser: fileName + /system/csc/customer.xml
03-24 15:34:17.291 23007 23007 E CS/CscParser: mps_code.dat does not exist
03-24 15:34:17.291 23007 23007 E CS/CscParser: customer_path =/system/csc/customer.xml
03-24 15:34:17.291 23007 23007 E CS/CscParser: fileName + /system/csc/customer.xml
03-24 15:34:17.291 23007 23007 D CS/CscParser: getInstance fileName =/system/csc/customer.xml
03-24 15:34:17.311 23034 23034 W ResourcesManager: getTopLevelResources: /system/priv-app/EnhanceService/EnhanceService.apk / 1.0 running in com.samsung.enhanceservice rsrc of package com.samsung.enhanceservice
03-24 15:34:17.321  3670  4019 D NetworkPolicy: isUidForegroundLocked: 10018, mScreenOn: true, uidstate: 16, mProxSensorScreenOff: false
03-24 15:34:17.331  3670  4552 I InjectionManagerService -AppFeature: getCoreFeaturePkgList :[]
03-24 15:34:17.341 23034 23034 I InjectionManager: Inside getClassLibPath + mLibMap{0=, 1=}
03-24 15:34:17.351 22580 22580 I Timeline: Timeline: Activity_idle id: android.os.BinderProxy@ff8a33b time:72868287
03-24 15:34:17.361 23034 23034 D ResourcesManager: For user 0 new overlays fetched Null
03-24 15:34:17.361 22975 23018 I cr_LibraryLoader:  Loading chrome from within /data/app/com.android.chrome-2/base.apk
03-24 15:34:17.381  3670  4019 D NetworkPolicy: isUidForegroundLocked: 10185, mScreenOn: true, uidstate: 13, mProxSensorScreenOff: false
03-24 15:34:17.401 23046 23046 W ResourcesManager: getTopLevelResources: /system/priv-app/DCMService/DCMService.apk / 1.0 running in com.samsung.dcmservice rsrc of package com.samsung.dcmservice
03-24 15:34:17.401 22953 23006 I Controller: [#CMH#] initializeSmartClustering 
03-24 15:34:17.411 22975 23018 I cr_LibraryLoader: Time to load native libraries: 48 ms (timestamps 8296-8344)
03-24 15:34:17.411 22953 23006 I Controller: [#CMH#] registerSmartClusterIntents 
03-24 15:34:17.411 22975 23018 I chromium: [INFO:library_loader_hooks.cc(42)] Chromium logging enabled: level = 0, default verbosity = 0
03-24 15:34:17.411 22975 23018 I cr_LibraryLoader: Expected native library version number "72.0.3626.105", actual native library version number "72.0.3626.105"
03-24 15:34:17.411  3025  3025 D libEGL  : eglInitialize EGLDisplay = 0x7ff3f31d28
03-24 15:34:17.421 22953 23006 I Controller: [#CMH#] startSmartClustering starting clustering 
03-24 15:34:17.421 22953 23006 I Controller: [#CMH#] startSmartClustering starting day clustering 
03-24 15:34:17.421 22953 23073 I ClusteringTask: [#CMH#] before mutex 
03-24 15:34:17.421 22953 23073 I ClusteringTask: [#CMH#] after mutex 
03-24 15:34:17.421 22953 23073 I MomentClusteringAlgo: [#CMH#] performClustering images deleted false
03-24 15:34:17.421 22953 23006 I Controller: [#CMH#] startDaywiseClustering starting day clustering 
03-24 15:34:17.421 22953 23073 I ClusteringDBUtils: [#CMH#] updateClusterTable In nothing to update 
03-24 15:34:17.421  3670  3697 I InjectionManagerService -AppFeature: getCoreFeaturePkgList :[]
03-24 15:34:17.421 23046 23046 I InjectionManager: Inside getClassLibPath + mLibMap{0=, 1=}
03-24 15:34:17.421 22953 23075 I DayClusteringTask: [#CMH#] before mutex 
03-24 15:34:17.421 22953 23075 I DayClusteringTask: [#CMH#] after mutex 
03-24 15:34:17.421 22953 23075 I DayClusteringTask: [#CMH#] internalRun Cluster size after image deletion:  0
03-24 15:34:17.421 22953 23075 I ClusteringDBUtils: [#CMH#] No clusters..!! 
03-24 15:34:17.421 23046 23046 D ResourcesManager: For user 0 new overlays fetched Null
03-24 15:34:17.431 23034 23034 I InjectionManager: Inside getClassLibPath caller 
03-24 15:34:17.431 23046 23046 I InjectionManager: Inside getClassLibPath caller 
03-24 15:34:17.431 22580 22580 E NFC     : isAndroidBeamAllowed - Begin
03-24 15:34:17.431 22580 22580 I NFC     : showMsg is false
03-24 15:34:17.431  3670  4143 D SecContentProvider: query(), uri = 15 selection = isAndroidBeamAllowed
03-24 15:34:17.431 23034 23034 W System  : ClassLoader referenced unknown path: /system/priv-app/EnhanceService/lib/arm64
03-24 15:34:17.431 23046 23046 W System  : ClassLoader referenced unknown path: /system/priv-app/DCMService/lib/arm64
03-24 15:34:17.431 23046 23046 D InjectionManager: InjectionManager
03-24 15:34:17.431 23046 23046 D InjectionManager: fillFeatureStoreMap com.samsung.dcmservice
03-24 15:34:17.431 23034 23034 D InjectionManager: InjectionManager
03-24 15:34:17.441 23034 23034 D InjectionManager: fillFeatureStoreMap com.samsung.enhanceservice
03-24 15:34:17.441 23046 23046 I InjectionManager: Constructor com.samsung.dcmservice, Feature store :{}
03-24 15:34:17.441 23046 23046 I InjectionManager: featureStore :{}
03-24 15:34:17.441 22975 23018 W ResourcesManager: getTopLevelResources: /data/app/com.android.chrome-2/base.apk / 1.0 running in com.android.chrome rsrc of package com.android.chrome
03-24 15:34:17.441 23034 23034 I InjectionManager: Constructor com.samsung.enhanceservice, Feature store :{}
03-24 15:34:17.441 23034 23034 I InjectionManager: featureStore :{}
03-24 15:34:17.441 23046 23046 I DCMService: [#CMH#] onBind() called 
03-24 15:34:17.441 22953 23074 I DayAndMonthTask: [#CMH#] before mutex 
03-24 15:34:17.441 22953 23074 I DayAndMonthTask: [#CMH#] after mutex 
03-24 15:34:17.441 22953 23074 I DayAndMonthTask: [#CMH#] after mutex release 
03-24 15:34:17.441 23007 23007 D CS/Config: getEasySignUpStatus - sIsAuthEasySignUp(isJoined(SERVICE_ID_FREE_MESSAGE)) = false
03-24 15:34:17.441 23034 23034 I EnhanceService: [EnhanceService] onbind () called 
03-24 15:34:17.441 23046 23046 I Utilities: [#CMH#] Location feature: true
03-24 15:34:17.441 23007 23007 D EasySignUpManager_2.0.5: userSerialNumber = 0
03-24 15:34:17.461 23046 23046 I NamedPlaceExtractor: [#CMH#] Locale  en_GB
03-24 15:34:17.471 22953 23006 I Controller: [#CMH#] takeBackupIfNeeded done 
03-24 15:34:17.481 22953 23073 I MomentClusteringAlgo: [#CMH#] performClustering In 0 
03-24 15:34:17.481 22953 23073 I ClusteringTask: [#CMH#] Cluster size: 0
03-24 15:34:17.481 22953 23073 I ClusteringDBUtils: [#CMH#] updateClusterTable In nothing to update 
03-24 15:34:17.481 22953 23073 I ClusteringTask: [#CMH#] after mutex release 
03-24 15:34:17.481 22953 23006 I Controller: [#CMH#] setSuccessState =  true
03-24 15:34:17.481 22953 23006 I Initializer: [#CMH#] CMH initialization ends 
03-24 15:34:17.481 22953 23075 I TimeBasedClustering: [#CMH#] performClustering insertimages In 0 
03-24 15:34:17.481 22953 22953 I ServiceManager: [#CMH#] Bound to Package  com.samsung.enhanceservice
03-24 15:34:17.491 23034 23034 I EnhanceService: [EnhanceService] onSetResponseHandler () called 
03-24 15:34:17.491 22953 23075 I DayClusteringTask: [#CMH#] internalRun Cluster size after image insertion:  0
03-24 15:34:17.491 22953 23075 I ClusteringDBUtils: [#CMH#] No clusters..!! 
03-24 15:34:17.491 22953 23075 I DayClusteringTask: [#CMH#] startLocationClustering In  0
03-24 15:34:17.491 22953 23075 I DayClusteringTask: [#CMH#] internalRun::No more Images/Videos to process, Finished Task, Exiting  
03-24 15:34:17.491 22953 23075 I DayClusteringTask: [#CMH#] after mutex release 
03-24 15:34:17.501 22953 22953 I ServiceManager: [#CMH#] Bound to Package  com.samsung.dcmservice
03-24 15:34:17.511  3670  4552 D ConnectivityService: returning getNetworkInfo for network type 0 : [type: MOBILE[] - MOBILE, state: DISCONNECTED/DISCONNECTED, reason: (unspecified), extra: (none), roaming: false, failover: false, isAvailable: true]
03-24 15:34:17.511  3670  4552 D ConnectivityService: returning getNetworkInfo for network type 1 : [type: WIFI[] - WIFI, state: CONNECTED/CONNECTED, reason: (unspecified), extra: "DataStructures", roaming: false, failover: false, isAvailable: true]
03-24 15:34:17.511  3670  4552 D ConnectivityService: returning getNetworkInfo for network type 2 : [type: MOBILE_MMS[] - MOBILE_MMS, state: DISCONNECTED/DISCONNECTED, reason: (unspecified), extra: (none), roaming: false, failover: false, isAvailable: true]
03-24 15:34:17.511  3670  4552 D ConnectivityService: returning getNetworkInfo for network type 3 : [type: MOBILE_SUPL[] - MOBILE_SUPL, state: DISCONNECTED/DISCONNECTED, reason: (unspecified), extra: (none), roaming: false, failover: false, isAvailable: true]
03-24 15:34:17.511  3670  4552 D ConnectivityService: returning getNetworkInfo for network type 4 : [type: MOBILE_DUN[] - MOBILE_DUN, state: DISCONNECTED/DISCONNECTED, reason: (unspecified), extra: (none), roaming: false, failover: false, isAvailable: true]
03-24 15:34:17.511  3670  4552 D ConnectivityService: returning getNetworkInfo for network type 5 : [type: MOBILE_HIPRI[] - MOBILE_HIPRI, state: DISCONNECTED/DISCONNECTED, reason: (unspecified), extra: (none), roaming: false, failover: false, isAvailable: true]
03-24 15:34:17.511  3670  4552 D ConnectivityService: returning getNetworkInfo for network type 7 : [type: BLUETOOTH[] - BLUETOOTH, state: DISCONNECTED/DISCONNECTED, reason: (unspecified), extra: (none), roaming: false, failover: false, isAvailable: true]
03-24 15:34:17.511  3670  4552 D ConnectivityService: returning getNetworkInfo for network type 9 : [type: ETHERNET[] - ETHERNET, state: DISCONNECTED/DISCONNECTED, reason: (unspecified), extra: (none), roaming: false, failover: false, isAvailable: true]
03-24 15:34:17.511  3670  4552 D ConnectivityService: returning getNetworkInfo for network type 10 : [type: MOBILE_FOTA[] - MOBILE_FOTA, state: DISCONNECTED/DISCONNECTED, reason: (unspecified), extra: (none), roaming: false, failover: false, isAvailable: true]
03-24 15:34:17.511  3670  4552 D ConnectivityService: returning getNetworkInfo for network type 11 : [type: MOBILE_IMS[] - MOBILE_IMS, state: DISCONNECTED/DISCONNECTED, reason: (unspecified), extra: (none), roaming: false, failover: false, isAvailable: true]
03-24 15:34:17.511  3670  4552 D ConnectivityService: returning getNetworkInfo for network type 12 : [type: MOBILE_CBS[] - MOBILE_CBS, state: DISCONNECTED/DISCONNECTED, reason: (unspecified), extra: (none), roaming: false, failover: false, isAvailable: true]
03-24 15:34:17.511  3670  4552 D ConnectivityService: returning getNetworkInfo for network type 13 : [type: WIFI_P2P[] - WIFI_P2P, state: DISCONNECTED/DISCONNECTED, reason: (unspecified), extra: (none), roaming: false, failover: false, isAvailable: true]
