03-24 14:41:39.201  4978  4978 I cr_BrowserStartup: Initializing chromium process, singleProcess=false
03-24 14:41:39.241  4978  5015 I System.out: (HTTPLog)-Static: isSBSettingEnabled false
03-24 14:41:39.241  4978  5015 I System.out: (HTTPLog)-Static: isSBSettingEnabled false
03-24 14:41:39.241  4978  5008 W System.err: remove failed: ENOENT (No such file or directory) : /data/user/0/com.microsoft.emmx/shared_prefs/AndroidCllSettingsSharedPreferences.xml.bak
03-24 14:41:39.271  3670  4409 D ActivityManager: The following uid has registered to recieve broadcast for proxy related updates 10098
03-24 14:41:39.271  3670  4409 W ContextImpl: Calling a method in the system process without a qualified user: android.app.ContextImpl.sendBroadcast:845 com.android.server.am.ActivityManagerService.requestKnoxVpnToSendProxyBroadcast:29793 com.android.server.am.ActivityManagerService.registerReceiver:22658 android.app.ActivityManagerNative.onTransact:431 com.android.server.am.ActivityManagerService.onTransact:3999 
03-24 14:41:39.301  3670  4946 I PersonaManager: mKnoxInfo is empty
03-24 14:41:39.311  5230  5230 E Zygote  : v2
03-24 14:41:39.311  5230  5230 I libpersona: KNOX_SDCARD checking this for 10098
03-24 14:41:39.311  5230  5230 I libpersona: KNOX_SDCARD not a persona
03-24 14:41:39.311  5230  5230 W SELinux : Function: selinux_compare_spd_ram, index[1], priority [2], priority version is VE=SEPF_SECMOBILE_6.0.1_0003
03-24 14:41:39.311  4978  4978 E chromium: [ERROR:shell_integration_android.cc(22)] Not implemented reached in shell_integration::DefaultWebClientSetPermission shell_integration::GetDefaultWebClientSetPermission()
03-24 14:41:39.311  5230  5230 E Zygote  : accessInfo : 0
03-24 14:41:39.311  5230  5230 W SELinux : SELinux: seapp_context_lookup: seinfo=default, level=s0:c512,c768, pkgname=com.microsoft.emmx:privileged_process0 
03-24 14:41:39.311  3670  4946 I ActivityManager: Start proc 5230:com.microsoft.emmx:privileged_process0/u0a98 for service com.microsoft.emmx/org.chromium.content.app.EdgePrivilegedProcessService0
03-24 14:41:39.311  3670  4407 I PersonaManager: mKnoxInfo is empty
03-24 14:41:39.321  3670  4947 D ActivityManager: The following uid has registered to recieve broadcast for proxy related updates 10098
03-24 14:41:39.321  3670  4947 W ContextImpl: Calling a method in the system process without a qualified user: android.app.ContextImpl.sendBroadcast:845 com.android.server.am.ActivityManagerService.requestKnoxVpnToSendProxyBroadcast:29793 com.android.server.am.ActivityManagerService.registerReceiver:22658 android.app.ActivityManagerNative.onTransact:431 com.android.server.am.ActivityManagerService.onTransact:3999 
03-24 14:41:39.331  3670  4946 W BackupManagerService: dataChanged but no participant pkg='com.microsoft.emmx' uid=10098
03-24 14:41:39.331  5230  5230 W ResourcesManager: getTopLevelResources: /data/app/com.microsoft.emmx-1/base.apk / 1.0 running in com.microsoft.emmx rsrc of package com.microsoft.emmx
03-24 14:41:39.341  3670  4407 I InjectionManagerService -AppFeature: getCoreFeaturePkgList :[]
03-24 14:41:39.341  5230  5230 I InjectionManager: Inside getClassLibPath + mLibMap{0=, 1=}
03-24 14:41:39.341  5230  5230 D ResourcesManager: For user 0 new overlays fetched Null
03-24 14:41:39.341  5230  5230 I InjectionManager: Inside getClassLibPath caller 
03-24 14:41:39.361  5230  5230 I MAMInfo : MAMInfo initialized. Debug=false, UseTestAgent=false, ManagedDialogDisabled=false, DeprecationDialogDisabled=false, PolicyRequired=false, MultiIdentityEnabled=true, FullBackupContent=true, UseDefaultEnrollment=false, ExceptionOnInit=false, Debuggable=false
03-24 14:41:39.361  3670  4947 E PackageManager: Failed to generatePackageInfoFromSettingsLPw, There isn't package setting object for 
03-24 14:41:39.361  3670  4016 E PackageManager: Failed to generatePackageInfoFromSettingsLPw, There isn't package setting object for 
03-24 14:41:39.371  4978  4978 D ConnectivityManager: requestNetwork; getAppId(CallingUid) : 10098, CallingPid : 4978
03-24 14:41:39.381  3025  3212 I SurfaceFlinger: id=508 Removed fmmx (7/9)
03-24 14:41:39.381  3670  4952 D ConnectivityService: listenForNetwork for Listen from uid/pid:10098/4978 for NetworkRequest [ id=247, legacyType=-1, [ Capabilities: INTERNET&NOT_RESTRICTED&TRUSTED] ]
03-24 14:41:39.381  3670  4029 D ConnectivityService: rematching NetworkAgentInfo [WIFI () - 510]
03-24 14:41:39.381  3670  4029 D ConnectivityService:  network has: NetworkAgentInfo{ ni{[type: WIFI[] - WIFI, state: CONNECTED/CONNECTED, reason: (unspecified), extra: "DataStructures", roaming: false, failover: false, isAvailable: true]}  network{510}  lp{{InterfaceName: wlan0 LinkAddresses: [fe80::ee9b:f3ff:fe73:43e9/64,192.168.0.174/24,]  Routes: [fe80::/64 -> :: wlan0,192.168.0.0/24 -> 0.0.0.0 wlan0,0.0.0.0/0 -> 192.168.0.1 wlan0,] DnsAddresses: [192.168.0.1,] Domains:  MTU: 0 TcpBufferSizes: 524288,1048576,4525824,524288,1048576,4525824}}  nc{[ Transports: WIFI Capabilities: INTERNET&NOT_RESTRICTED&TRUSTED&NOT_VPN&VALIDATED LinkUpBandwidth>=1048576Kbps LinkDnBandwidth>=1048576Kbps SignalStrength: -33]}  Score{60}  everValidated{true}  lastValidated{true}  created{true} lingering{false} explicitlySelected{false} acceptUnvalidated{false} everCaptivePortalDetected{false} lastCaptivePortalDetected{false} }
03-24 14:41:39.381  3670  4029 D ConnectivityService:   checking if request is: NetworkRequest [ id=10, legacyType=-1, [ Capabilities: INTERNET&NOT_RESTRICTED&TRUSTED&NOT_VPN] ] satisfies: true nri.isRequest: false
03-24 14:41:39.381  3670  4029 D ConnectivityService:   checking if request is: NetworkRequest [ id=30, legacyType=-1, [ Capabilities: INTERNET&NOT_RESTRICTED&TRUSTED] ] satisfies: true nri.isRequest: false
03-24 14:41:39.381  3670  4029 D ConnectivityService:   checking if request is: NetworkRequest [ id=5, legacyType=-1, [ Transports: WIFI Capabilities: INTERNET&NOT_RESTRICTED&TRUSTED&NOT_VPN] ] satisfies: true nri.isRequest: false
03-24 14:41:39.381  3670  4029 D ConnectivityService:   checking if request is: NetworkRequest [ id=247, legacyType=-1, [ Capabilities: INTERNET&NOT_RESTRICTED&TRUSTED] ] satisfies: true nri.isRequest: false
03-24 14:41:39.381  3670  4029 D ConnectivityService: Network NetworkAgentInfo [WIFI () - 510] was already satisfying request 1. No change.
03-24 14:41:39.381  3670  4029 D ConnectivityService:   checking if request is: NetworkRequest [ id=3, legacyType=-1, [] ] satisfies: true nri.isRequest: false
03-24 14:41:39.381  3670  4029 D ConnectivityService:   checking if request is: NetworkRequest [ id=4, legacyType=-1, [ Transports: CELLULAR Capabilities: INTERNET&NOT_RESTRICTED&TRUSTED&NOT_VPN] ] satisfies: false nri.isRequest: false
03-24 14:41:39.381  3670  4029 D ConnectivityService:   checking if request is: NetworkRequest [ id=226, legacyType=-1, [ Capabilities: INTERNET&NOT_RESTRICTED&TRUSTED] ] satisfies: true nri.isRequest: false
03-24 14:41:39.381  3670  4029 D ConnectivityService:   checking if request is: NetworkRequest [ id=29, legacyType=-1, [ Capabilities: INTERNET&NOT_RESTRICTED&TRUSTED] ] satisfies: true nri.isRequest: false
03-24 14:41:39.381  3670  4029 D ConnectivityService:   checking if request is: NetworkRequest [ id=228, legacyType=-1, [ Capabilities: INTERNET&NOT_RESTRICTED&TRUSTED] ] satisfies: true nri.isRequest: false
03-24 14:41:39.381  3670  4029 D ConnectivityService: sending notification AVAILABLE for NetworkRequest [ id=247, legacyType=-1, [ Capabilities: INTERNET&NOT_RESTRICTED&TRUSTED] ]
03-24 14:41:39.381  3025  4174 I SurfaceFlinger: id=508 Removed fmmx (-2/9)
03-24 14:41:39.381  3670  4143 W BackupManagerService: dataChanged but no participant pkg='com.microsoft.emmx' uid=10098
03-24 14:41:39.391  3025  3025 D libEGL  : eglTerminate EGLDisplay = 0x7ff3f31e58
03-24 14:41:39.391  5230  5230 D InjectionManager: InjectionManager
03-24 14:41:39.391  5230  5230 D InjectionManager: fillFeatureStoreMap com.microsoft.emmx
03-24 14:41:39.391  5230  5230 I InjectionManager: Constructor com.microsoft.emmx, Feature store :{}
03-24 14:41:39.391  5230  5230 I InjectionManager: featureStore :{}
03-24 14:41:39.391  5230  5230 I cr_ChildProcessService: Creating new ChildProcessService pid=5230
03-24 14:41:39.411  3670  3796 V BroadcastQueue: [background] Process cur broadcast BroadcastRecord{baa353b u0 com.google.android.gms.gcm.ACTION_SCHEDULE qIdx=4}, state= (APP_RECEIVE) DELIVERED for app ProcessRecord{49f3f4c 4932:com.google.android.gms.persistent/u0a15}
03-24 14:41:39.421  3670  4947 V AlarmManager:  remove PendingIntent] PendingIntent{a52d458: PendingIntentRecord{e30a718 com.google.android.gms broadcastIntent}}
03-24 14:41:39.421  3670  3796 V BroadcastQueue: [background] Process cur broadcast BroadcastRecord{60769b1 u0 com.google.android.gms.gcm.ACTION_SCHEDULE qIdx=4}, state= (APP_RECEIVE) DELIVERED for app ProcessRecord{49f3f4c 4932:com.google.android.gms.persistent/u0a15}
03-24 14:41:39.431  3670  4452 V BroadcastQueue: [background] Process cur broadcast BroadcastRecord{3421e96 u0 com.google.android.gms.gcm.ACTION_SCHEDULE qIdx=4}, state= (APP_RECEIVE) DELIVERED for app ProcessRecord{49f3f4c 4932:com.google.android.gms.persistent/u0a15}
03-24 14:41:39.431  4978  4978 D ConnectivityManager: requestNetwork; getAppId(CallingUid) : 10098, CallingPid : 4978
03-24 14:41:39.431  3670  4952 D ConnectivityService: listenForNetwork for Listen from uid/pid:10098/4978 for NetworkRequest [ id=248, legacyType=-1, [ Capabilities: INTERNET&NOT_RESTRICTED&TRUSTED] ]
03-24 14:41:39.431  3670  4029 D ConnectivityService: rematching NetworkAgentInfo [WIFI () - 510]
03-24 14:41:39.431  3670  4029 D ConnectivityService:  network has: NetworkAgentInfo{ ni{[type: WIFI[] - WIFI, state: CONNECTED/CONNECTED, reason: (unspecified), extra: "DataStructures", roaming: false, failover: false, isAvailable: true]}  network{510}  lp{{InterfaceName: wlan0 LinkAddresses: [fe80::ee9b:f3ff:fe73:43e9/64,192.168.0.174/24,]  Routes: [fe80::/64 -> :: wlan0,192.168.0.0/24 -> 0.0.0.0 wlan0,0.0.0.0/0 -> 192.168.0.1 wlan0,] DnsAddresses: [192.168.0.1,] Domains:  MTU: 0 TcpBufferSizes: 524288,1048576,4525824,524288,1048576,4525824}}  nc{[ Transports: WIFI Capabilities: INTERNET&NOT_RESTRICTED&TRUSTED&NOT_VPN&VALIDATED LinkUpBandwidth>=1048576Kbps LinkDnBandwidth>=1048576Kbps SignalStrength: -33]}  Score{60}  everValidated{true}  lastValidated{true}  created{true} lingering{false} explicitlySelected{false} acceptUnvalidated{false} everCaptivePortalDetected{false} lastCaptivePortalDetected{false} }
03-24 14:41:39.431  3670  4029 D ConnectivityService:   checking if request is: NetworkRequest [ id=248, legacyType=-1, [ Capabilities: INTERNET&NOT_RESTRICTED&TRUSTED] ] satisfies: true nri.isRequest: false
03-24 14:41:39.431  3670  4029 D ConnectivityService:   checking if request is: NetworkRequest [ id=10, legacyType=-1, [ Capabilities: INTERNET&NOT_RESTRICTED&TRUSTED&NOT_VPN] ] satisfies: true nri.isRequest: false
03-24 14:41:39.431  3670  4029 D ConnectivityService:   checking if request is: NetworkRequest [ id=30, legacyType=-1, [ Capabilities: INTERNET&NOT_RESTRICTED&TRUSTED] ] satisfies: true nri.isRequest: false
03-24 14:41:39.431  3670  4029 D ConnectivityService:   checking if request is: NetworkRequest [ id=5, legacyType=-1, [ Transports: WIFI Capabilities: INTERNET&NOT_RESTRICTED&TRUSTED&NOT_VPN] ] satisfies: true nri.isRequest: false
03-24 14:41:39.431  3670  4029 D ConnectivityService:   checking if request is: NetworkRequest [ id=247, legacyType=-1, [ Capabilities: INTERNET&NOT_RESTRICTED&TRUSTED] ] satisfies: true nri.isRequest: false
03-24 14:41:39.431  3670  4029 D ConnectivityService: Network NetworkAgentInfo [WIFI () - 510] was already satisfying request 1. No change.
03-24 14:41:39.431  3670  4029 D ConnectivityService:   checking if request is: NetworkRequest [ id=3, legacyType=-1, [] ] satisfies: true nri.isRequest: false
03-24 14:41:39.431  3670  4029 D ConnectivityService:   checking if request is: NetworkRequest [ id=4, legacyType=-1, [ Transports: CELLULAR Capabilities: INTERNET&NOT_RESTRICTED&TRUSTED&NOT_VPN] ] satisfies: false nri.isRequest: false
03-24 14:41:39.431  3670  4029 D ConnectivityService:   checking if request is: NetworkRequest [ id=226, legacyType=-1, [ Capabilities: INTERNET&NOT_RESTRICTED&TRUSTED] ] satisfies: true nri.isRequest: false
03-24 14:41:39.431  3670  4029 D ConnectivityService:   checking if request is: NetworkRequest [ id=29, legacyType=-1, [ Capabilities: INTERNET&NOT_RESTRICTED&TRUSTED] ] satisfies: true nri.isRequest: false
03-24 14:41:39.431  3670  4029 D ConnectivityService:   checking if request is: NetworkRequest [ id=228, legacyType=-1, [ Capabilities: INTERNET&NOT_RESTRICTED&TRUSTED] ] satisfies: true nri.isRequest: false
03-24 14:41:39.431  3670  4029 D ConnectivityService: sending notification AVAILABLE for NetworkRequest [ id=248, legacyType=-1, [ Capabilities: INTERNET&NOT_RESTRICTED&TRUSTED] ]
03-24 14:41:39.441  3025  3025 I SurfaceFlinger: id=510 createSurf (1440x2464),4 flag=404, TurfaceView
03-24 14:41:39.451  3670  4952 V WindowStateAnimator: Finishing drawing window Window{da6e709 u0 d0 SurfaceView}: mDrawState=DRAW_PENDING
03-24 14:41:39.451  3670  4016 V AlarmManager:  remove PendingIntent] PendingIntent{5f09de9: PendingIntentRecord{e30a718 com.google.android.gms broadcastIntent}}
03-24 14:41:39.461  4978  4978 I cr_ContextualSearch: Tap suppression enabled: false
03-24 14:41:39.461  4978  4978 I cr_ContextualSearch: Consructing ContextualSearchRankerLoggerImpl, enabled: true
03-24 14:41:39.471  3670  4143 V WindowStateAnimator: Finishing drawing window Window{da6e709 u0 d0 SurfaceView}: mDrawState=HAS_DRAWN
03-24 14:41:39.471  5230  5250 I cr_LibraryLoader: Loading chrome
03-24 14:41:39.491  3670  3670 D CustomFrequencyManagerService: releaseDVFSLockLocked : Getting Lock type frm List : DVFS_MIN_LIMIT  frequency : 1800000  uid : 1000  pid : 3670  tag : ACTIVITY_RESUME_BOOSTER@9
03-24 14:41:39.491  3025  3025 D libEGL  : eglInitialize EGLDisplay = 0x7ff3f31d28
03-24 14:41:39.491  4978  5224 E chromium: [ERROR:shell_integration_android.cc(32)] Not implemented reached in shell_integration::DefaultWebClientState shell_integration::GetDefaultBrowser()
03-24 14:41:39.511  5230  5250 I cr_LibraryLoader: Time to load native libraries: 35 ms (timestamps 406-441)
03-24 14:41:39.511  5230  5250 I chromium: [INFO:library_loader_hooks.cc(36)] Chromium logging enabled: level = 0, default verbosity = 0
03-24 14:41:39.511  5230  5250 I cr_LibraryLoader: Expected native library version number "71.0.3578.99", actual native library version number "71.0.3578.99"
03-24 14:41:39.511  4183  4183 D Recents : onTaskStackChanged
03-24 14:41:39.521  3670  3698 I PersonaManager: mKnoxInfo is empty
03-24 14:41:39.521  5230  5250 W ResourcesManager: getTopLevelResources: /data/app/com.microsoft.emmx-1/base.apk / 1.0 running in com.microsoft.emmx rsrc of package com.microsoft.emmx
03-24 14:41:39.521  3670  3931 I PersonaManager: mKnoxInfo is empty
03-24 14:41:39.531  4978  4978 D TextView: setTypeface with style : 0
03-24 14:41:39.531  3670  4524 I PersonaManager: mKnoxInfo is empty
03-24 14:41:39.531  3670  4452 D PackageManager: getComponentMetadataForIconTray : com.example.myapplication.MainActivity does not exist in mServices
03-24 14:41:39.531  3670  4452 D PackageManager: getComponentMetadataForIconTray : com.example.myapplication.MainActivity does not exist in mProviders
03-24 14:41:39.531  3670  4452 D PackageManager: getComponentMetadataForIconTray : com.example.myapplication.MainActivity does not exist in mReceivers
03-24 14:41:39.531  4183  4183 I ApplicationPackageManager: load=com.example.myapplication, bg=192-192, dr=192-192
03-24 14:41:39.541  4183  4183 I ApplicationPackageManager: scaled rate=1.0429629, size=192, alpha=15, hold=26, target=192
03-24 14:41:39.541  5230  5250 E libEGL  : validate_display:255 error 3008 (EGL_BAD_DISPLAY)
03-24 14:41:39.561  3670  4947 I PersonaManager: mKnoxInfo is empty
03-24 14:41:39.571  4978  4991 I art     : Background partial concurrent mark sweep GC freed 8553(768KB) AllocSpace objects, 6(120KB) LOS objects, 64% free, 8MB/24MB, paused 7.790ms total 23.837ms
03-24 14:41:39.581  4978  5217 D SmartScreenLog: WebFilterManager::GetInstance succeed
03-24 14:41:39.581  4978  5217 D SmartScreenLog: WebFilterManager isInitialized:false
03-24 14:41:39.581  5230  5250 D libEGL  : loaded /vendor/lib/egl/libGLES_mali.so
03-24 14:41:39.591  5187  5200 I cr_LibraryLoader: Loading chrome
03-24 14:41:39.591  4978  4978 D TextView: setTypeface with style : 0
03-24 14:41:39.591  4978  4978 D TextView: setTypeface with style : 0
03-24 14:41:39.601  4978  4978 D TextView: setTypeface with style : 0
03-24 14:41:39.601  4978  4978 D TextView: setTypeface with style : 0
03-24 14:41:39.601  4978  4978 D TextView: setTypeface with style : 0
03-24 14:41:39.601  4978  4978 D TextView: setTypeface with style : 0
03-24 14:41:39.601  4978  4978 D TextView: setTypeface with style : 0
03-24 14:41:39.601  4978  4978 D TextView: setTypeface with style : 0
03-24 14:41:39.611  5230  5250 D libEGL  : eglInitialize EGLDisplay = 0xf3ab2d7c
03-24 14:41:39.611  4978  4978 D TextView: setTypeface with style : 0
03-24 14:41:39.611  5230  5250 D         : ro.exynos.dss isEnabled: 0
03-24 14:41:39.611  4978  4978 D TextView: setTypeface with style : 0
03-24 14:41:39.611  4978  4978 D TextView: setTypeface with style : 0
03-24 14:41:39.611  4978  4978 D TextView: setTypeface with style : 0
03-24 14:41:39.621  4978  4978 D TextView: setTypeface with style : 0
03-24 14:41:39.621  4978  4978 D TextView: setTypeface with style : 0
03-24 14:41:39.621  4978  4978 D TextView: setTypeface with style : 0
03-24 14:41:39.621  4978  4978 D TextView: setTypeface with style : 0
03-24 14:41:39.621  4978  5291 I System.out: (HTTPLog)-Static: isSBSettingEnabled false
03-24 14:41:39.621  4978  5291 I System.out: (HTTPLog)-Static: isSBSettingEnabled false
03-24 14:41:39.621  3670  4016 V WindowOrientationListener: setCurrentAppOrientation :13
03-24 14:41:39.621  3670  4016 V WindowOrientationListener: OrientationSensorJudge.getProposedRotation, Rotation: -1
03-24 14:41:39.621  3670  4016 V WindowManager: rotationForOrientationLw(orient=13, last=0); user=0  sensorRotation=-1 mLidState=-1 mDockMode=0 mHdmiPlugged=false mMobileKeyboardEnabled=false displayId=0
03-24 14:41:39.621  3670  4016 V WindowOrientationListener: OrientationSensorJudge.getProposedRotation, Rotation: -1
03-24 14:41:39.631  5187  5200 I cr_LibraryLoader: Time to load native libraries: 41 ms (timestamps 521-562)
03-24 14:41:39.631  5187  5200 I chromium: [INFO:library_loader_hooks.cc(36)] Chromium logging enabled: level = 0, default verbosity = 0
03-24 14:41:39.631  3670  4143 I PersonaManager: mKnoxInfo is empty
03-24 14:41:39.631  5187  5200 I cr_LibraryLoader: Expected native library version number "71.0.3578.99", actual native library version number "71.0.3578.99"
03-24 14:41:39.641  4978  4978 I cr_SnippetsLauncher: Scheduling: 172800 172800
03-24 14:41:39.641  5303  5303 E Zygote  : v2
03-24 14:41:39.641  5303  5303 I libpersona: KNOX_SDCARD checking this for 99176
03-24 14:41:39.641  5303  5303 I libpersona: KNOX_SDCARD not a persona
03-24 14:41:39.641  5303  5303 W SELinux : Function: selinux_compare_spd_ram, index[1], priority [2], priority version is VE=SEPF_SECMOBILE_6.0.1_0003
03-24 14:41:39.641  4978  5115 I cr_XU   : FeatureSingle: tab_partner_code {isBingSearch=no, partnerCode=EMMX01}
03-24 14:41:39.641  5303  5303 E Zygote  : accessInfo : 0
03-24 14:41:39.641  3670  4143 I ActivityManager: Start proc 5303:com.microsoft.emmx:sandboxed_process1/u0i176 for service com.microsoft.emmx/org.chromium.content.app.EdgeSandboxedProcessService1
03-24 14:41:39.641  5303  5303 W SELinux : SELinux: seapp_context_lookup: seinfo=default, level=s0:c512,c768, pkgname=com.microsoft.emmx:sandboxed_process1 
03-24 14:41:39.651  5187  5200 W ResourcesManager: getTopLevelResources: /data/app/com.microsoft.emmx-1/base.apk / 1.0 running in com.microsoft.emmx rsrc of package com.microsoft.emmx
03-24 14:41:39.641  3670  4946 I PersonaManager: mKnoxInfo is empty
03-24 14:41:39.651  3670  3796 V BroadcastQueue: [background] Process cur broadcast BroadcastRecord{d414c15 u0 com.google.android.gms.gcm.ACTION_SCHEDULE qIdx=4}, state= (APP_RECEIVE) DELIVERED for app ProcessRecord{49f3f4c 4932:com.google.android.gms.persistent/u0a15}
03-24 14:41:39.661  5230  5250 W AudioCapabilities: Unsupported mime audio/mpeg-L1
03-24 14:41:39.661  5230  5250 W AudioCapabilities: Unsupported mime audio/mpeg-L2
03-24 14:41:39.661  3670  4016 I PersonaManager: mKnoxInfo is empty
03-24 14:41:39.661  3670  3796 V BroadcastQueue: [background] Process cur broadcast BroadcastRecord{739fb2a u0 com.google.android.gms.gcm.ACTION_SCHEDULE qIdx=4}, state= (APP_RECEIVE) DELIVERED for app ProcessRecord{49f3f4c 4932:com.google.android.gms.persistent/u0a15}
03-24 14:41:39.671  5230  5250 W AudioCapabilities: Unsupported mime audio/x-ms-wma
03-24 14:41:39.681  5230  5250 W AudioCapabilities: Unsupported mime audio/x-ima
03-24 14:41:39.681  5230  5250 W VideoCapabilities: Unrecognized profile/level 32768/2 for video/mp4v-es
03-24 14:41:39.681  4978  4978 I cr_Qi   : onFinishNativeInitialization: updating app proxy state to: false
03-24 14:41:39.681  4978  4978 I cr_org.chromium.net.MAMAppProxyBridge: disable redirect in native
03-24 14:41:39.691  4978  4978 I cr_XU   : FeatureSingle: ExpFeatureUsage {isFound=false, featureValue=false, dataSource=ExP, featureName=TestRollout1}
03-24 14:41:39.691  5230  5250 W VideoCapabilities: Unrecognized profile 2130706433 for video/avc
03-24 14:41:39.691  5230  5250 W VideoCapabilities: Unrecognized profile 2130706433 for video/avc
03-24 14:41:39.691  5230  5250 W VideoCapabilities: Unrecognized profile 2130706433 for video/avc
03-24 14:41:39.691  5230  5250 W VideoCapabilities: Unrecognized profile 2130706433 for video/avc
03-24 14:41:39.691  5230  5250 W VideoCapabilities: Unrecognized profile 2130706433 for video/avc
03-24 14:41:39.691  5230  5250 W VideoCapabilities: Unrecognized profile 2130706433 for video/avc
03-24 14:41:39.691  5230  5250 W VideoCapabilities: Unrecognized profile 2130706433 for video/avc
03-24 14:41:39.691  5230  5250 W VideoCapabilities: Unrecognized profile 2130706433 for video/avc
03-24 14:41:39.691  5230  5250 W VideoCapabilities: Unrecognized profile 2130706433 for video/avc
03-24 14:41:39.691  5230  5250 W VideoCapabilities: Unrecognized profile 2130706433 for video/avc
03-24 14:41:39.691  5230  5250 W VideoCapabilities: Unrecognized profile 2130706433 for video/avc
03-24 14:41:39.691  5230  5250 W VideoCapabilities: Unrecognized profile 2130706433 for video/avc
03-24 14:41:39.691  5230  5250 W VideoCapabilities: Unrecognized profile 2130706433 for video/avc
03-24 14:41:39.691  5230  5250 W VideoCapabilities: Unrecognized profile 2130706433 for video/avc
03-24 14:41:39.691  5230  5250 W VideoCapabilities: Unrecognized profile 2130706433 for video/avc
03-24 14:41:39.691  5230  5250 W VideoCapabilities: Unrecognized profile 2130706433 for video/avc
03-24 14:41:39.691  5230  5250 W VideoCapabilities: Unrecognized profile 2130706434 for video/avc
03-24 14:41:39.691  5230  5250 W VideoCapabilities: Unrecognized profile 2130706434 for video/avc
03-24 14:41:39.691  5230  5250 W VideoCapabilities: Unrecognized profile 2130706434 for video/avc
03-24 14:41:39.691  5230  5250 W VideoCapabilities: Unrecognized profile 2130706434 for video/avc
03-24 14:41:39.691  5230  5250 W VideoCapabilities: Unrecognized profile 2130706434 for video/avc
03-24 14:41:39.691  5230  5250 W VideoCapabilities: Unrecognized profile 2130706434 for video/avc
03-24 14:41:39.691  5230  5250 W VideoCapabilities: Unrecognized profile 2130706434 for video/avc
03-24 14:41:39.691  5230  5250 W VideoCapabilities: Unrecognized profile 2130706434 for video/avc
03-24 14:41:39.691  5230  5250 W VideoCapabilities: Unrecognized profile 2130706434 for video/avc
03-24 14:41:39.691  5230  5250 W VideoCapabilities: Unrecognized profile 2130706434 for video/avc
03-24 14:41:39.691  5230  5250 W VideoCapabilities: Unrecognized profile 2130706434 for video/avc
03-24 14:41:39.691  5230  5250 W VideoCapabilities: Unrecognized profile 2130706434 for video/avc
03-24 14:41:39.691  5230  5250 W VideoCapabilities: Unrecognized profile 2130706434 for video/avc
03-24 14:41:39.691  5230  5250 W VideoCapabilities: Unrecognized profile 2130706434 for video/avc
03-24 14:41:39.691  5230  5250 W VideoCapabilities: Unrecognized profile 2130706434 for video/avc
03-24 14:41:39.691  5230  5250 W VideoCapabilities: Unrecognized profile 2130706434 for video/avc
03-24 14:41:39.701  5230  5250 W VideoCapabilities: Unrecognized profile 2130706433 for video/avc
03-24 14:41:39.701  5230  5250 W VideoCapabilities: Unrecognized profile 2130706433 for video/avc
03-24 14:41:39.701  5230  5250 W VideoCapabilities: Unrecognized profile 2130706433 for video/avc
03-24 14:41:39.701  5230  5250 W VideoCapabilities: Unrecognized profile 2130706433 for video/avc
03-24 14:41:39.701  5230  5250 W VideoCapabilities: Unrecognized profile 2130706433 for video/avc
03-24 14:41:39.701  5230  5250 W VideoCapabilities: Unrecognized profile 2130706433 for video/avc
03-24 14:41:39.701  5230  5250 W VideoCapabilities: Unrecognized profile 2130706433 for video/avc
03-24 14:41:39.701  5230  5250 W VideoCapabilities: Unrecognized profile 2130706433 for video/avc
03-24 14:41:39.701  5230  5250 W VideoCapabilities: Unrecognized profile 2130706433 for video/avc
03-24 14:41:39.701  5230  5250 W VideoCapabilities: Unrecognized profile 2130706433 for video/avc
03-24 14:41:39.701  5230  5250 W VideoCapabilities: Unrecognized profile 2130706433 for video/avc
03-24 14:41:39.701  5230  5250 W VideoCapabilities: Unrecognized profile 2130706433 for video/avc
03-24 14:41:39.701  5230  5250 W VideoCapabilities: Unrecognized profile 2130706433 for video/avc
03-24 14:41:39.701  5230  5250 W VideoCapabilities: Unrecognized profile 2130706433 for video/avc
03-24 14:41:39.701  5230  5250 W VideoCapabilities: Unrecognized profile 2130706433 for video/avc
03-24 14:41:39.701  5303  5303 W ResourcesManager: getTopLevelResources: /data/app/com.microsoft.emmx-1/base.apk / 1.0 running in com.microsoft.emmx rsrc of package com.microsoft.emmx
03-24 14:41:39.701  5230  5250 W VideoCapabilities: Unrecognized profile 2130706433 for video/avc
03-24 14:41:39.701  5230  5250 W VideoCapabilities: Unrecognized profile 2130706434 for video/avc
03-24 14:41:39.701  5230  5250 W VideoCapabilities: Unrecognized profile 2130706434 for video/avc
03-24 14:41:39.701  5230  5250 W VideoCapabilities: Unrecognized profile 2130706434 for video/avc
03-24 14:41:39.701  5230  5250 W VideoCapabilities: Unrecognized profile 2130706434 for video/avc
03-24 14:41:39.701  5230  5250 W VideoCapabilities: Unrecognized profile 2130706434 for video/avc
03-24 14:41:39.701  5230  5250 W VideoCapabilities: Unrecognized profile 2130706434 for video/avc
03-24 14:41:39.701  5230  5250 W VideoCapabilities: Unrecognized profile 2130706434 for video/avc
03-24 14:41:39.701  5230  5250 W VideoCapabilities: Unrecognized profile 2130706434 for video/avc
03-24 14:41:39.701  5230  5250 W VideoCapabilities: Unrecognized profile 2130706434 for video/avc
03-24 14:41:39.701  5230  5250 W VideoCapabilities: Unrecognized profile 2130706434 for video/avc
03-24 14:41:39.701  5230  5250 W VideoCapabilities: Unrecognized profile 2130706434 for video/avc
03-24 14:41:39.701  5230  5250 W VideoCapabilities: Unrecognized profile 2130706434 for video/avc
03-24 14:41:39.701  5230  5250 W VideoCapabilities: Unrecognized profile 2130706434 for video/avc
03-24 14:41:39.701  5230  5250 W VideoCapabilities: Unrecognized profile 2130706434 for video/avc
03-24 14:41:39.701  5230  5250 W VideoCapabilities: Unrecognized profile 2130706434 for video/avc
03-24 14:41:39.701  5230  5250 W VideoCapabilities: Unrecognized profile 2130706434 for video/avc
03-24 14:41:39.701  5230  5250 W VideoCapabilities: Unsupported mime video/wvc1
03-24 14:41:39.701  5230  5250 W VideoCapabilities: Unsupported mime video/x-ms-wmv
03-24 14:41:39.711  5303  5303 D ResourcesManager: For user 0 new overlays fetched Null
03-24 14:41:39.711  5303  5303 I InjectionManager: Inside getClassLibPath caller 
03-24 14:41:39.711  5230  5250 W VideoCapabilities: Unrecognized profile/level 32768/2 for video/mp4v-es
03-24 14:41:39.711  4978  4978 I cr_XU   : FeatureSingle: ExpFeatureUsage {isFound=false, featureValue=false, dataSource=ExP, featureName=NewsGuard-Rollout}
03-24 14:41:39.711  5230  5250 W VideoCapabilities: Unsupported mime video/wvc1
03-24 14:41:39.711 18067 18067 D SamsungIME: IMPL finishInput
03-24 14:41:39.711 18067 18067 D SamsungIME: SwiftKeyWrapper writeDBdataToFileOnFinishInput
03-24 14:41:39.711 18067 18067 D SamsungIME: saveAndClear +
03-24 14:41:39.711  5230  5250 W VideoCapabilities: Unsupported mime video/x-ms-wmv
03-24 14:41:39.711 18067 18067 D SamsungIME: saveAndClear -
03-24 14:41:39.721  5230  5250 W VideoCapabilities: Unsupported mime video/x-ms-wmv7
03-24 14:41:39.721  4978  4978 I cr_XU   : FeatureSingle: ExpFeatureUsage {isFound=false, featureValue=false, dataSource=ExP, featureName=NewsGuard-Rollout}
03-24 14:41:39.721  5230  5250 W VideoCapabilities: Unsupported mime video/x-ms-wmv8
03-24 14:41:39.721  4978  4978 I cr_XU   : FeatureSingle: ExpFeatureUsage {isFound=false, featureValue=false, dataSource=ExP, featureName=NewsGuard-Rollout}
03-24 14:41:39.721  5230  5250 W VideoCapabilities: Unsupported mime video/mp43
03-24 14:41:39.721  5230  5250 W VideoCapabilities: Unrecognized profile 2130706433 for video/avc
03-24 14:41:39.721  5230  5250 W VideoCapabilities: Unrecognized profile 2130706433 for video/avc
03-24 14:41:39.721  5230  5250 W VideoCapabilities: Unrecognized profile 2130706433 for video/avc
03-24 14:41:39.721  5230  5250 W VideoCapabilities: Unrecognized profile 2130706433 for video/avc
03-24 14:41:39.721  5230  5250 W VideoCapabilities: Unrecognized profile 2130706433 for video/avc
03-24 14:41:39.721  5230  5250 W VideoCapabilities: Unrecognized profile 2130706433 for video/avc
03-24 14:41:39.721  5230  5250 W VideoCapabilities: Unrecognized profile 2130706433 for video/avc
03-24 14:41:39.721  5230  5250 W VideoCapabilities: Unrecognized profile 2130706433 for video/avc
03-24 14:41:39.721  5230  5250 W VideoCapabilities: Unrecognized profile 2130706433 for video/avc
03-24 14:41:39.721  5230  5250 W VideoCapabilities: Unrecognized profile 2130706433 for video/avc
03-24 14:41:39.721  5230  5250 W VideoCapabilities: Unrecognized profile 2130706433 for video/avc
03-24 14:41:39.721  5230  5250 W VideoCapabilities: Unrecognized profile 2130706433 for video/avc
03-24 14:41:39.721  5230  5250 W VideoCapabilities: Unrecognized profile 2130706433 for video/avc
03-24 14:41:39.721  5230  5250 W VideoCapabilities: Unrecognized profile 2130706433 for video/avc
03-24 14:41:39.721  5230  5250 W VideoCapabilities: Unrecognized profile 2130706433 for video/avc
03-24 14:41:39.721  5230  5250 W VideoCapabilities: Unrecognized profile 2130706433 for video/avc
03-24 14:41:39.721  5230  5250 W VideoCapabilities: Unrecognized profile 2130706434 for video/avc
03-24 14:41:39.721  5230  5250 W VideoCapabilities: Unrecognized profile 2130706434 for video/avc
03-24 14:41:39.721  5230  5250 W VideoCapabilities: Unrecognized profile 2130706434 for video/avc
03-24 14:41:39.721  5230  5250 W VideoCapabilities: Unrecognized profile 2130706434 for video/avc
03-24 14:41:39.721  5230  5250 W VideoCapabilities: Unrecognized profile 2130706434 for video/avc
03-24 14:41:39.721  5230  5250 W VideoCapabilities: Unrecognized profile 2130706434 for video/avc
03-24 14:41:39.721  5230  5250 W VideoCapabilities: Unrecognized profile 2130706434 for video/avc
03-24 14:41:39.721  5230  5250 W VideoCapabilities: Unrecognized profile 2130706434 for video/avc
03-24 14:41:39.721  5230  5250 W VideoCapabilities: Unrecognized profile 2130706434 for video/avc
03-24 14:41:39.721  5230  5250 W VideoCapabilities: Unrecognized profile 2130706434 for video/avc
03-24 14:41:39.721  5230  5250 W VideoCapabilities: Unrecognized profile 2130706434 for video/avc
03-24 14:41:39.721  5230  5250 W VideoCapabilities: Unrecognized profile 2130706434 for video/avc
03-24 14:41:39.721  5230  5250 W VideoCapabilities: Unrecognized profile 2130706434 for video/avc
03-24 14:41:39.721  5230  5250 W VideoCapabilities: Unrecognized profile 2130706434 for video/avc
03-24 14:41:39.721  5230  5250 W VideoCapabilities: Unrecognized profile 2130706434 for video/avc
03-24 14:41:39.721  5230  5250 W VideoCapabilities: Unrecognized profile 2130706434 for video/avc
03-24 14:41:39.721  5230  5250 W VideoCapabilities: Unrecognized profile/level 32768/2 for video/mp4v-es
03-24 14:41:39.721  4978  5006 I cr_XU   : FeatureSingle: ExpFeatureUsage {isFound=false, featureValue=false, dataSource=ExP, featureName=NewsGuard-Rollout}
03-24 14:41:39.731  3670  4946 I PersonaManager: mKnoxInfo is empty
03-24 14:41:39.731  3670  4946 D PackageManager: findPreferredActivity: We found 3 PreferredActivities set, but no match
03-24 14:41:39.731  3670  4946 I PackageManager: No preferred activity: intent should not be shown
03-24 14:41:39.731  5187  5200 W chromium: [WARNING:resource_bundle.cc(599)] GetRawDataResourceForScale::GetStringPiece failed, i: 0 scale_factor: 1
03-24 14:41:39.731  5187  5200 W chromium: [WARNING:resource_bundle.cc(599)] GetRawDataResourceForScale::GetStringPiece failed, i: 0 scale_factor: 1
03-24 14:41:39.731  5187  5200 W chromium: [WARNING:resource_bundle.cc(599)] GetRawDataResourceForScale::GetStringPiece failed, i: 0 scale_factor: 1
03-24 14:41:39.731  5187  5200 W chromium: [WARNING:resource_bundle.cc(599)] GetRawDataResourceForScale::GetStringPiece failed, i: 0 scale_factor: 1
03-24 14:41:39.731  4978  4978 I cr_XU   : FeatureSingle: ExpFeatureUsage {isFound=false, featureValue=false, dataSource=ExP, featureName=NewsGuard-Rollout}
03-24 14:41:39.731  4978  4978 D TextView: setTypeface with style : 0
03-24 14:41:39.731  4978  4978 D TextView: setTypeface with style : 0
03-24 14:41:39.731  5187  5200 W chromium: [WARNING:resource_bundle.cc(599)] GetRawDataResourceForScale::GetStringPiece failed, i: 0 scale_factor: 1
03-24 14:41:39.731  5187  5200 W chromium: [WARNING:resource_bundle.cc(599)] GetRawDataResourceForScale::GetStringPiece failed, i: 0 scale_factor: 1
03-24 14:41:39.741  5187  5200 W chromium: [WARNING:resource_bundle.cc(599)] GetRawDataResourceForScale::GetStringPiece failed, i: 0 scale_factor: 1
03-24 14:41:39.741  5230  5250 I VideoCapabilities: Unsupported profile 4 for video/mp4v-es
03-24 14:41:39.751  5303  5303 I MAMInfo : MAMInfo initialized. Debug=false, UseTestAgent=false, ManagedDialogDisabled=false, DeprecationDialogDisabled=false, PolicyRequired=false, MultiIdentityEnabled=true, FullBackupContent=true, UseDefaultEnrollment=false, ExceptionOnInit=false, Debuggable=false
03-24 14:41:39.751  5230  5250 W VideoCapabilities: Unsupported mime video/sorenson
03-24 14:41:39.761  4978  5009 W cr_ReadingListDataAdapter: /data/user/0/com.microsoft.emmx/databases/ReadingListDB databases file not exist!!!
03-24 14:41:39.761  4978  5009 W cr_ReadingListDataAdapter: Finished performing dual identity migration.
03-24 14:41:39.761  3670  4143 I PersonaManager: mKnoxInfo is empty
03-24 14:41:39.771  3670  4409 I PersonaManager: mKnoxInfo is empty
03-24 14:41:39.771  5303  5303 D InjectionManager: InjectionManager
03-24 14:41:39.771  5303  5303 I InjectionManager: featureStore :{}
03-24 14:41:39.771  5303  5303 I cr_ChildProcessService: Creating new ChildProcessService pid=5303
03-24 14:41:39.771  5230  5250 D         : ro.exynos.dss isEnabled: 0
03-24 14:41:39.771  3670  4143 D PackageManager: findPreferredActivity: We found 1 PreferredActivities set, but no match
03-24 14:41:39.771  3670  4143 I PackageManager: No preferred activity: intent should not be shown
03-24 14:41:39.781  3670  4409 D PackageManager: findPreferredActivity: No PreferredActivities set
03-24 14:41:39.781  3670  4409 I PackageManager: No preferred activity: intent should not be shown
03-24 14:41:39.781  4978  4978 I cr_XU   : FeatureSingle: ExpFeatureUsage {isFound=false, featureValue=, dataSource=ExP, featureName=ExperimentSetDefaultBrowser}
03-24 14:41:39.791  4978  4978 I RubySyncClient: password model loaded
03-24 14:41:39.791  4978  4978 I RubySyncClient: password model loaded
03-24 14:41:39.791  5230  5250 D libGLESv2: DTS_GLAPI : DTS is not allowed for Package : com.microsoft.emmx:privileged_process0
03-24 14:41:39.811  5230  5250 D mali_winsys: new_window_surface returns 0x3000,  [1440x2464]-format:1
03-24 14:41:39.841  4978  5147 I cr_XU   : FeatureSingle: ExpResponseMetadata {requestStatus=Succeeded, requestDuration=863}
03-24 14:41:39.851  4978  4978 W ResourcesManager: getTopLevelResources: /data/app/com.microsoft.emmx-1/base.apk / 1.0 running in com.microsoft.emmx rsrc of package com.microsoft.emmx
03-24 14:41:39.861  4978  4978 D TextView: setTypeface with style : 0
03-24 14:41:39.861  4978  4978 D TextView: setTypeface with style : 0
03-24 14:41:39.871  4978  4978 D TextView: setTypeface with style : 0
03-24 14:41:39.871  3670  4952 D ConnectivityService: returning getNetworkInfo for network type 1 : [type: WIFI[] - WIFI, state: CONNECTED/CONNECTED, reason: (unspecified), extra: "DataStructures", roaming: false, failover: false, isAvailable: true]
03-24 14:41:39.871  4978  5147 I cr_XU   : FeatureSingle: ExpResponseDetails {returnedConfigs={"TestRollout1":false,"Favorites-Test-Rollout":true,"Favorites-Rearrange-Rollout":true,"ExperimentEnableClearBrowsingDataOnExit":false,"Ntp-Videos-Rollout":true,"NewsGuard-Rollout":true,"RadialMenu-Rollout":false,"Feature3":666,"Feature5":"Enable experiment setting (rollout)","TestBoolValue":true}, requestHeaders={"X-WINNEXT-PLATFORM":"Android.Phone","X-WINNEXT-RING":"Public","X-PHOTOS-CALLERID":"com.microsoft.emmx","X-WINNEXT-APPVERSION":"42.0.2.3350","X-WINNEXT-OSVERSION":"6.0.1"}, returnedFlights={"mixedrealityviewer1":"highqualitycapturec","e02":"emtes9141cf","eq5":"emfav9961","winnext-emmx5":"clearonexitcontrol","hug":"emfav4671","iiv":"emntp7891","izo":"emn2151","jiu":"emrad2950","kd5":"yotes719","nah":"emfea18066"}, dataSource=ExP, responseVersion=51016597}
03-24 14:41:39.871  4978  5008 W System.err: remove failed: ENOENT (No such file or directory) : /data/user/0/com.microsoft.emmx/shared_prefs/afd_feature_flags.xml.bak
03-24 14:41:39.881  4978  4978 D ViewRootImpl: #1 mView = com.android.internal.policy.PhoneWindow$DecorView{1d716ac V.E...... R.....ID 0,0-0,0}
03-24 14:41:39.891  3025  3025 D libEGL  : eglInitialize EGLDisplay = 0x7ff3f31d28
03-24 14:41:39.891  5303  5336 I cr_LibraryLoader: Loading chrome
03-24 14:41:39.891  4978  5064 W System.err: stat failed: ENOENT (No such file or directory) : /data/user/0/com.microsoft.emmx/EdgeSafety/MalwareData.db
03-24 14:41:39.891  3670  4452 D ISSUE_DEBUG: InputChannelName : 94865fc com.microsoft.emmx/org.chromium.chrome.browser.ChromeTabbedActivity
03-24 14:41:39.901  3670  4452 D InputDispatcher: Focus left window: 4978
03-24 14:41:39.901  3670  3798 D StatusBarManagerService: manageDisableList userId=0 what=0x0 pkg=Window{94865fc u0 d0 com.microsoft.emmx/org.chromium.chrome.browser.ChromeTabbedActivity}
03-24 14:41:39.901  3670  4452 D InputDispatcher: Focus entered window: 4978
03-24 14:41:39.901  3670  3884 D PointerIcon: setMouseIconStyle1 pointerType: 1001 iconType:101 flag:0 pid:3670 uid:1000
03-24 14:41:39.901  3670  3884 D PointerIcon: setMouseCustomIcon IconType is same.101
03-24 14:41:39.901  4103  4103 D PhoneStatusBar: setSystemUiVisibility vis=a000 mask=ffffffff oldVal=a600 newVal=a000 diff=600
03-24 14:41:39.901  3670  3931 I PersonaManager: mKnoxInfo is empty
03-24 14:41:39.901  3670  3931 D PackageManager: findPreferredActivity: No PreferredActivities set
03-24 14:41:39.901  3670  3931 I PackageManager: No preferred activity: intent should not be shown
03-24 14:41:39.901  3670  3697 I PersonaManager: mKnoxInfo is empty
03-24 14:41:39.911  3670  3697 D PackageManager: findPreferredActivity: No PreferredActivities set
03-24 14:41:39.911  3670  3697 I PackageManager: No preferred activity: intent should not be shown
03-24 14:41:39.911  4978  4978 D TextView: setTypeface with style : 0
03-24 14:41:39.911  4978  4978 D TextView: setTypeface with style : 0
03-24 14:41:39.921  4978  4978 D TextView: setTypeface with style : 0
03-24 14:41:39.921  4978  4978 D TextView: setTypeface with style : 0
03-24 14:41:39.921  4978  4978 D TextView: setTypeface with style : 0
03-24 14:41:39.931  3670  4421 I PersonaManager: mKnoxInfo is empty
03-24 14:41:39.931  4978  4978 I XN      : isLocaleSupported() returned: false current locale = [en-gb], supported locale = [en-us;]
03-24 14:41:39.931  5303  5336 I cr_LibraryLoader: Time to load native libraries: 41 ms (timestamps 825-866)
03-24 14:41:39.931  5303  5336 I chromium: [INFO:library_loader_hooks.cc(36)] Chromium logging enabled: level = 0, default verbosity = 0
03-24 14:41:39.931  5303  5336 I cr_LibraryLoader: Expected native library version number "71.0.3578.99", actual native library version number "71.0.3578.99"
03-24 14:41:39.941  4978  5008 W System.err: remove failed: ENOENT (No such file or directory) : /data/user/0/com.microsoft.emmx/shared_prefs/com.appboy.storage.serverconfigstorageprovider.b856ca21-b874-458d-9aea-7b2f4030f8ef.xml.bak
03-24 14:41:39.941  4978  5008 W System.err: remove failed: ENOENT (No such file or directory) : /data/user/0/com.microsoft.emmx/shared_prefs/com.appboy.storage.triggers.actions.d41d8cd98f00b204e9800998ecf8427e.b856ca21-b874-458d-9aea-7b2f4030f8ef.xml.bak
03-24 14:41:39.951  4978  5008 W System.err: remove failed: ENOENT (No such file or directory) : /data/user/0/com.microsoft.emmx/shared_prefs/com.appboy.storage.triggers.re_eligibility.d41d8cd98f00b204e9800998ecf8427e.b856ca21-b874-458d-9aea-7b2f4030f8ef.xml.bak
03-24 14:41:39.951  5303  5336 W ResourcesManager: getTopLevelResources: /data/app/com.microsoft.emmx-1/base.apk / 1.0 running in com.microsoft.emmx rsrc of package com.microsoft.emmx
03-24 14:41:39.951  4978  5008 W System.err: remove failed: ENOENT (No such file or directory) : /data/user/0/com.microsoft.emmx/shared_prefs/com.appboy.storage.triggers.local_assets.b856ca21-b874-458d-9aea-7b2f4030f8ef.xml.bak
03-24 14:41:39.951  3025  3025 I SurfaceFlinger: id=511 createSurf (257x257),1 flag=4, DhromeTabbe
03-24 14:41:39.951  3025  3025 D libEGL  : eglInitialize EGLDisplay = 0x7ff3f31d28
03-24 14:41:39.971  4978  5064 I System.out: (HTTPLog)-Static: isSBSettingEnabled false
03-24 14:41:39.971  4978  5064 I System.out: (HTTPLog)-Static: isSBSettingEnabled false
03-24 14:41:39.981  3037  3741 D EnterpriseController: netId is 0
03-24 14:41:39.981  3037  3741 D Netd    : getNetworkForDns: using netid 510 for uid 10098
03-24 14:41:39.981  4978  5173 D mali_winsys: new_window_surface returns 0x3000,  [1624x2488]-format:1
03-24 14:41:39.991  3670  4421 D InputMethodManagerService: windowGainedFocus mCurrentFocusedUserId - 0 and mSecureKeypadEnabled-false
03-24 14:41:39.991 18067 18067 D SamsungIME: IMPL finishInput
03-24 14:41:40.001 18067 18067 D SamsungIME: SwiftKeyWrapper writeDBdataToFileOnFinishInput
03-24 14:41:40.001 18067 18067 D SamsungIME: saveAndClear +
03-24 14:41:40.001 18067 18067 D SamsungIME: saveAndClear -
03-24 14:41:40.001 18067 18067 D SamsungIME: onStartInput: No inputType, No imeOption, isInputViewShown = false, isExtractViewShown = false, isShowInputRequested = false, isConfigChanged = false
03-24 14:41:40.001  5303  5336 W chromium: [WARNING:resource_bundle.cc(599)] GetRawDataResourceForScale::GetStringPiece failed, i: 0 scale_factor: 1
03-24 14:41:40.001  5303  5336 W chromium: [WARNING:resource_bundle.cc(599)] GetRawDataResourceForScale::GetStringPiece failed, i: 0 scale_factor: 1
03-24 14:41:40.001  5303  5336 W chromium: [WARNING:resource_bundle.cc(599)] GetRawDataResourceForScale::GetStringPiece failed, i: 0 scale_factor: 1
03-24 14:41:40.001  5303  5336 W chromium: [WARNING:resource_bundle.cc(599)] GetRawDataResourceForScale::GetStringPiece failed, i: 0 scale_factor: 1
03-24 14:41:40.001  5303  5336 W chromium: [WARNING:resource_bundle.cc(599)] GetRawDataResourceForScale::GetStringPiece failed, i: 0 scale_factor: 1
03-24 14:41:40.001  5303  5336 W chromium: [WARNING:resource_bundle.cc(599)] GetRawDataResourceForScale::GetStringPiece failed, i: 0 scale_factor: 1
03-24 14:41:40.001  5303  5336 W chromium: [WARNING:resource_bundle.cc(599)] GetRawDataResourceForScale::GetStringPiece failed, i: 0 scale_factor: 1
03-24 14:41:40.031  5303  5336 E chromium: [ERROR:translate_manager.cc(674)] domainchrome-native://newtab/
03-24 14:41:40.031  5303  5336 E chromium: [ERROR:translate_helper.cc(111)] language
03-24 14:41:40.051  3670  4454 V WindowStateAnimator: Finishing drawing window Window{94865fc u0 d0 com.microsoft.emmx/org.chromium.chrome.browser.ChromeTabbedActivity}: mDrawState=DRAW_PENDING
03-24 14:41:40.051  3025  3025 D libEGL  : eglInitialize EGLDisplay = 0x7ff3f31d28
03-24 14:41:40.061  4978  5222 I cr_XU   : FeatureSingle: Native.PageLoadPerf.PageLoadTime {WebContentsImpl::DocumentOnLoadCompleted=425}
03-24 14:41:40.061  4978  4978 I cr_XU   : FeatureSingle: ExpFeatureUsage {isFound=true, featureValue=true, dataSource=ExP, featureName=NewsGuard-Rollout}
03-24 14:41:40.061  4978  4978 I FeedbackSessionManager: onNavigationFinished() called
03-24 14:41:40.071  4978  4978 D ViewRootImpl: MSG_RESIZED_REPORT: ci=Rect(0, 0 - 0, 0) vi=Rect(0, 0 - 0, 0) or=1
03-24 14:41:40.071  4978  5029 W System.err: remove failed: ENOENT (No such file or directory) : /data/user/0/com.microsoft.emmx/app_chrome/Default/tabs/0/tab_state0.bak
03-24 14:41:40.071  3025  3025 D libEGL  : eglInitialize EGLDisplay = 0x7ff3f31d28
03-24 14:41:40.071  3670  4409 V WindowStateAnimator: Finishing drawing window Window{94865fc u0 d0 com.microsoft.emmx/org.chromium.chrome.browser.ChromeTabbedActivity}: mDrawState=HAS_DRAWN
03-24 14:41:40.081  3670  3798 D StatusBarManagerService: manageDisableList userId=0 what=0x0 pkg=Window{94865fc u0 d0 com.microsoft.emmx/org.chromium.chrome.browser.ChromeTabbedActivity}
03-24 14:41:40.081  4103  4103 D PhoneStatusBar: setSystemUiVisibility vis=8000 mask=ffffffff oldVal=a000 newVal=8000 diff=2000
03-24 14:41:40.091  4978  4978 I FeedbackSessionManager: onChromeTabbedActivityFocusChanged() called with: focus = [false]
03-24 14:41:40.091  4978  4978 W cr_Autocomplete: stopping autocomplete.
03-24 14:41:40.091  4978  4978 I cr_XU   : FeatureSingle: ExpFeatureUsage {isFound=true, featureValue=true, dataSource=ExP, featureName=NewsGuard-Rollout}
03-24 14:41:40.091  4978  4978 I cr_XU   : FeatureSingle: NewsGuardLoading {loadingRank=Skip}
03-24 14:41:40.091  4978  4978 I Timeline: Timeline: Activity_idle id: android.os.BinderProxy@de22e33 time:69711027
03-24 14:41:40.101  4978  4978 E NFC     : isAndroidBeamAllowed - Begin
03-24 14:41:40.101  4978  4978 I NFC     : showMsg is false
03-24 14:41:40.111  3670  4952 I PersonaManager: mKnoxInfo is empty
03-24 14:41:40.111  5369  5369 E Zygote  : v2
03-24 14:41:40.111  5369  5369 I libpersona: KNOX_SDCARD checking this for 99177
03-24 14:41:40.111  5369  5369 I libpersona: KNOX_SDCARD not a persona
03-24 14:41:40.121  5369  5369 W SELinux : Function: selinux_compare_spd_ram, index[1], priority [2], priority version is VE=SEPF_SECMOBILE_6.0.1_0003
03-24 14:41:40.121  5369  5369 E Zygote  : accessInfo : 0
03-24 14:41:40.121  5369  5369 W SELinux : SELinux: seapp_context_lookup: seinfo=default, level=s0:c512,c768, pkgname=com.microsoft.emmx:sandboxed_process2 
03-24 14:41:40.121  3670  4952 I ActivityManager: Start proc 5369:com.microsoft.emmx:sandboxed_process2/u0i177 for service com.microsoft.emmx/org.chromium.content.app.EdgeSandboxedProcessService2
03-24 14:41:40.121  3670  4019 D NetworkPolicy: isUidForegroundLocked: 10185, mScreenOn: true, uidstate: 13, mProxSensorScreenOff: false
03-24 14:41:40.121  3670  4421 I PersonaManager: mKnoxInfo is empty
03-24 14:41:40.121  3670  4016 D SecContentProvider: query(), uri = 15 selection = isAndroidBeamAllowed
03-24 14:41:40.141  5369  5369 W ResourcesManager: getTopLevelResources: /data/app/com.microsoft.emmx-1/base.apk / 1.0 running in com.microsoft.emmx rsrc of package com.microsoft.emmx
03-24 14:41:40.141  5369  5369 D ResourcesManager: For user 0 new overlays fetched Null
03-24 14:41:40.141  3670  4524 I PersonaManager: mKnoxInfo is empty
03-24 14:41:40.151  5369  5369 I InjectionManager: Inside getClassLibPath caller 
03-24 14:41:40.151  3670  4524 D PackageManager: findPreferredActivity: We found 1 PreferredActivities set, but no match
03-24 14:41:40.151  3670  4524 I PackageManager: No preferred activity: intent should not be shown
03-24 14:41:40.151  4978  4978 I cr_XU   : FeatureSingle: ExpFeatureUsage {isFound=false, featureValue=false, dataSource=ExP, featureName=ExperimentEnableHomepageOptions}
03-24 14:41:40.151  4978  4978 I cr_XU   : FeatureSingle: ExpFeatureUsage {isFound=false, featureValue=false, dataSource=ExP, featureName=ExperimentEnableHomepageOptions}
03-24 14:41:40.151  4978  5032 W System.err: mkdir failed: EEXIST (File exists) : /data/user/0/com.microsoft.emmx/files/images
03-24 14:41:40.151  4978  5186 I cr_BindingManager: Moderate binding enabled: maxSize=40
03-24 14:41:40.151  4978  4978 I cr_XU   : FeatureSingle: ExpFeatureUsage {isFound=false, featureValue=false, dataSource=ExP, featureName=ExperimentEnableHomepageOptions}
03-24 14:41:40.161  3670  3796 V BroadcastQueue: [background] Process cur broadcast BroadcastRecord{185f239 u0 com.microsoft.emmx.BOOKMARK_APPWIDGET_UPDATE qIdx=4}, state= (APP_RECEIVE) DELIVERED for app ProcessRecord{c5c338b 4978:com.microsoft.emmx/u0a98}
