03-24 15:34:14.191 22513 22513 W SELinux : SELinux: seapp_context_lookup: seinfo=platform, level=s0:c512,c768, pkgname=com.samsung.android.provider.shootingmodeprovider 
03-24 15:34:14.201  3670  4421 I ActivityManager: Start proc 22513:com.samsung.android.provider.shootingmodeprovider/u0a63 for broadcast-3 com.samsung.android.provider.shootingmodeprovider/com.samsung.android.app.shootingmodeinstaller.PackageIntentReceiver
03-24 15:34:14.211  3670  4947 V BroadcastQueue: [background] Process cur broadcast BroadcastRecord{9b3d4d9 u0 android.intent.action.PACKAGE_DATA_CLEARED qIdx=4}, state= (APP_RECEIVE) DELIVERED for app ProcessRecord{7a371ba 22513:com.samsung.android.provider.shootingmodeprovider/u0a63}
03-24 15:34:14.211 22513 22513 W ResourcesManager: getTopLevelResources: /system/priv-app/ShootingModeProvider/ShootingModeProvider.apk / 1.0 running in com.samsung.android.provider.shootingmodeprovider rsrc of package com.samsung.android.provider.shootingmodeprovider
03-24 15:34:14.211  3670  4407 I InjectionManagerService -AppFeature: getCoreFeaturePkgList :[]
03-24 15:34:14.221 22513 22513 I InjectionManager: Inside getClassLibPath + mLibMap{0=, 1=}
03-24 15:34:14.221 22513 22513 D ResourcesManager: For user 0 new overlays fetched Null
03-24 15:34:14.221 22513 22513 I InjectionManager: Inside getClassLibPath caller 
03-24 15:34:14.221 22513 22513 W System  : ClassLoader referenced unknown path: /system/priv-app/ShootingModeProvider/lib/arm64
03-24 15:34:14.231 22513 22513 D InjectionManager: InjectionManager
03-24 15:34:14.231 22513 22513 D InjectionManager: fillFeatureStoreMap com.samsung.android.provider.shootingmodeprovider
03-24 15:34:14.231 22513 22513 I InjectionManager: Constructor com.samsung.android.provider.shootingmodeprovider, Feature store :{}
03-24 15:34:14.231 22513 22513 I InjectionManager: featureStore :{}
03-24 15:34:14.241  3670  4016 V BroadcastQueue: [background] Process cur broadcast BroadcastRecord{9b3d4d9 u0 android.intent.action.PACKAGE_DATA_CLEARED qIdx=4}, state= (APP_RECEIVE) DELIVERED for app ProcessRecord{6899e73 22041:com.android.mms/u0a68}
03-24 15:34:14.241 22041 22041 D Mms/FreeMessageStatusReceiver: onReceive, action : android.intent.action.PACKAGE_DATA_CLEARED
03-24 15:34:14.241  3670  4946 I PersonaManager: mKnoxInfo is empty
03-24 15:34:14.251 22041 22525 D Mms/FreeMessageReceiverService: onHandleIntent, action : android.intent.action.PACKAGE_DATA_CLEARED
03-24 15:34:14.251 22041 22525 D Mms/FreeMessageReceiverService: onHandleIntent: ACTION_PACKAGE_DATA_CLEARED
03-24 15:34:14.251  3670  4552 V BroadcastQueue: [background] Process cur broadcast BroadcastRecord{9b3d4d9 u0 android.intent.action.PACKAGE_DATA_CLEARED qIdx=4}, state= (APP_RECEIVE) DELIVERED for app ProcessRecord{9970a63 22071:com.android.contacts/u0a11}
03-24 15:34:14.261 22526 22526 E Zygote  : v2
03-24 15:34:14.261 22526 22526 I libpersona: KNOX_SDCARD checking this for 10077
03-24 15:34:14.261 22526 22526 I libpersona: KNOX_SDCARD not a persona
03-24 15:34:14.261 22526 22526 W SELinux : Function: selinux_compare_spd_ram, index[1], priority [2], priority version is VE=SEPF_SECMOBILE_6.0.1_0003
03-24 15:34:14.261 22526 22526 E Zygote  : accessInfo : 0
03-24 15:34:14.261 22526 22526 W SELinux : SELinux: seapp_context_lookup: seinfo=platform, level=s0:c512,c768, pkgname=com.samsung.android.weather 
03-24 15:34:14.271  3670  4552 I ActivityManager: Start proc 22526:com.samsung.android.weather/u0a77 for broadcast-3 com.samsung.android.weather/.common.service.AWClearDataService
03-24 15:34:14.271  3670  4552 I ActivityManager: Killing 22316:com.sec.android.app.soundalive/u0a62 (adj 15): DHA:empty #9
03-24 15:34:14.281  3670  3697 V BroadcastQueue: [background] Process cur broadcast BroadcastRecord{9b3d4d9 u0 android.intent.action.PACKAGE_DATA_CLEARED qIdx=4}, state= (APP_RECEIVE) DELIVERED for app ProcessRecord{4039fc8 22526:com.samsung.android.weather/u0a77}
03-24 15:34:14.281  3670  4524 D ActivityManager: cleanUpApplicationRecord -- 22316
03-24 15:34:14.281  3670  4524 D ActivityManager: isAutoRunBlockedApp:: com.sec.android.app.soundalive, Auto Run ON
03-24 15:34:14.281 22526 22526 W ResourcesManager: getTopLevelResources: /system/app/AccuweatherPhone2015/AccuweatherPhone2015.apk / 1.0 running in com.samsung.android.weather rsrc of package com.samsung.android.weather
03-24 15:34:14.281  3670  3931 I InjectionManagerService -AppFeature: getCoreFeaturePkgList :[]
03-24 15:34:14.281 22526 22526 I InjectionManager: Inside getClassLibPath + mLibMap{0=, 1=}
03-24 15:34:14.281  3670  4952 I ActivityManager: Killing 22345:com.samsung.cmh:CMH/5004 (adj 15): DHA:empty #9
03-24 15:34:14.291 22526 22526 D ResourcesManager: For user 0 new overlays fetched Null
03-24 15:34:14.291 22526 22526 I InjectionManager: Inside getClassLibPath caller 
03-24 15:34:14.301  3670  4407 D ActivityManager: cleanUpApplicationRecord -- 22345
03-24 15:34:14.301 22418 22418 I EnhanceService: [EnhanceService] onDestroy () called 
03-24 15:34:14.301 22429 22429 I DCMServiceController: [#CMH#] shutdown () called 
03-24 15:34:14.301  3670  4407 D ActivityManager: isAutoRunBlockedApp:: com.samsung.cmh, Auto Run ON
03-24 15:34:14.301 22526 22526 W System  : ClassLoader referenced unknown path: /system/app/AccuweatherPhone2015/lib/arm64
03-24 15:34:14.331 22526 22526 D [Weather]  : {[4A0E755CC3F311F8491835BD0C576274E553CAAC8CA8AC77F06855356ED5BC8B01EBDB1616307167C2DE4CE54CD3D19C78C7CD88468786AEA91C8FBD45EC9152B6DCDA300D066843C8E7EF2722D1E7627A649D3F05FECFF00EBC10DFB5F962989395E4DC7D03BBA1DBC4D155B26164EC]}
03-24 15:34:14.341 22526 22526 D [Weather]  : {[BED23E52A41A0AF15E39ABE0EB22EC250DC9DF60BE9ADBDEC8061BDA7784A81551ABEA6B4E51ABB477E04D5CF9A6AF688E877F833FD87D6B2D886A5D94D8AB52649A9E940623D9F013D57053CC281697C429493DD8F5CE6878865C7415F43AFE39CCB44FB45A0CE51697E6629EBC04CCCCCD272E29FBA1D338D7DA975BC332F3]}
03-24 15:34:14.341 22526 22526 D [Weather]  : {[BD2E328A2D36947D01C89779077FD5F9E25FBF76E9D14FD9A1992239C80AFC2907FEF07BA7BC25C587F33AC5F7A09908806816019B30BFBC345C8FE7FCC980D7EDE8494F878DFA565970E8BE4E016EF5C860615A98E4DAAB439E636888F127FECCD4DAE28347A2F17D0275C40B42790C]}
03-24 15:34:14.341 20058 21181 W native  : commandlineflags.cc:930 Ignoring RegisterValidateFunction() for flag pointer 0x7f61ba9168: no flag found at that address
03-24 15:34:14.341 22526 22526 D [WeatherApp(1236)]  : {[5E0C945165C8F7F81EB0480D521825E26B555A0582A5EB1892082EB5AA79EF463F39EDBB2DB0AFD2C2BEA3A80B2A7B7D]}
03-24 15:34:14.341 22526 22526 D InjectionManager: InjectionManager
03-24 15:34:14.341 22526 22526 D InjectionManager: fillFeatureStoreMap com.samsung.android.weather
03-24 15:34:14.341 22526 22526 I InjectionManager: Constructor com.samsung.android.weather, Feature store :{}
03-24 15:34:14.341 22526 22526 I InjectionManager: featureStore :{}
03-24 15:34:14.341 22526 22526 D [WeatherApp(1236)]  : {[210EBC5507306FD4A50F1D40A85780C068F240D41FBB267D51FF013BE0DD2039C2D12A1E8BDFBC0AEF71E0B60AC5CC120F3F566ED7C5DC7A4D251F9A0D7EB59A8EB7807E39898613F744807CEFC042ECEF407161A5064CD79E5B5D28020B98F7D70FDAD9111C7AAE878E5D8990C27E1A08EE7F625CAE2EB247A2207059F9CD90]}
03-24 15:34:14.351  3670  4946 V BroadcastQueue: [background] Process cur broadcast BroadcastRecord{9b3d4d9 u0 android.intent.action.PACKAGE_DATA_CLEARED qIdx=4}, state= (APP_RECEIVE) DELIVERED for app ProcessRecord{b930047 22392:com.samsung.android.coreapps/5011}
03-24 15:34:14.351 20058 21181 W native  : model-utils.cc:21 No CRC32, most likely an old model; skip CRC32 check
03-24 15:34:14.351 20058 21181 I native  : model-api.cc:44 Registered model under key tmp-segmentation-model
03-24 15:34:14.351 22542 22542 E Zygote  : v2
03-24 15:34:14.351 22542 22542 I libpersona: KNOX_SDCARD checking this for 10092
03-24 15:34:14.351 22542 22542 I libpersona: KNOX_SDCARD not a persona
03-24 15:34:14.361 22542 22542 W SELinux : Function: selinux_compare_spd_ram, index[1], priority [2], priority version is VE=SEPF_SECMOBILE_6.0.1_0003
03-24 15:34:14.361 22542 22542 E Zygote  : accessInfo : 0
03-24 15:34:14.361 22542 22542 W SELinux : SELinux: seapp_context_lookup: seinfo=platform, level=s0:c512,c768, pkgname=com.android.documentsui 
03-24 15:34:14.361  3670  4946 I ActivityManager: Start proc 22542:com.android.documentsui/u0a92 for broadcast-3 com.android.documentsui/.PackageReceiver
03-24 15:34:14.371  3670  3931 V BroadcastQueue: [background] Process cur broadcast BroadcastRecord{9b3d4d9 u0 android.intent.action.PACKAGE_DATA_CLEARED qIdx=4}, state= (APP_RECEIVE) DELIVERED for app ProcessRecord{596f074 22542:com.android.documentsui/u0a92}
03-24 15:34:14.371 22542 22542 W ResourcesManager: getTopLevelResources: /system/app/DocumentsUI/DocumentsUI.apk / 1.0 running in com.android.documentsui rsrc of package com.android.documentsui
03-24 15:34:14.371  3670  4016 I InjectionManagerService -AppFeature: getCoreFeaturePkgList :[]
03-24 15:34:14.371 22542 22542 I InjectionManager: Inside getClassLibPath + mLibMap{0=, 1=}
03-24 15:34:14.381 22542 22542 D ResourcesManager: For user 0 new overlays fetched Null
03-24 15:34:14.381 22542 22542 I InjectionManager: Inside getClassLibPath caller 
03-24 15:34:14.381 22542 22542 W System  : ClassLoader referenced unknown path: /system/app/DocumentsUI/lib/arm64
03-24 15:34:14.391 20058 21181 W native  : transportation-annotator.cc:95 transportation_script_path is empty
03-24 15:34:14.391 20058 21181 I native  : permission-checker.cc:74 Creating PermissionChecker based on ACL with config_version 1 having 5 permissions defined.
03-24 15:34:14.391 20058 21181 W native  : words-map.cc:29 generic::invalid_argument: Empty URI
03-24 15:34:14.391 20058 21181 W native  : words-map.cc:33 WordsMap was not properly initialized
03-24 15:34:14.401 22542 22542 D InjectionManager: InjectionManager
03-24 15:34:14.401 22542 22542 D InjectionManager: fillFeatureStoreMap com.android.documentsui
03-24 15:34:14.401 22542 22542 I InjectionManager: Constructor com.android.documentsui, Feature store :{}
03-24 15:34:14.401 22542 22542 I InjectionManager: featureStore :{}
03-24 15:34:14.401  3670  4407 V BroadcastQueue: [background] Process cur broadcast BroadcastRecord{9b3d4d9 u0 android.intent.action.PACKAGE_DATA_CLEARED qIdx=4}, state= (APP_RECEIVE) DELIVERED for app ProcessRecord{2f61a94 7226:com.sec.android.daemonapp/u0a145}
03-24 15:34:14.411  7226  7226 D [WeatherWidget(1236)]  ClearDataReceiver: {[2B4A2AC40B5A9FD87A06E8EADDAC90140D0735C4111B00ED5A4BFDD943296A603CF64C72E7F3E6D25FF9ACC8831CFEFAAF9CFCCA971A42420C7C4462190C6970D4522B06ADB15EB3E59FE8EB8A3E9AFDC672ED40AA0EC6483FB11057617917203A64C31BB6A85091DA0D5D4269CF9A14]}
03-24 15:34:14.411 22556 22556 E Zygote  : v2
03-24 15:34:14.411 22556 22556 I libpersona: KNOX_SDCARD checking this for 10008
03-24 15:34:14.411 22556 22556 I libpersona: KNOX_SDCARD not a persona
03-24 15:34:14.411 22556 22556 W SELinux : Function: selinux_compare_spd_ram, index[1], priority [2], priority version is VE=SEPF_SECMOBILE_6.0.1_0003
03-24 15:34:14.411 22556 22556 E Zygote  : accessInfo : 0
03-24 15:34:14.421 22556 22556 W SELinux : SELinux: seapp_context_lookup: seinfo=platform, level=s0:c512,c768, pkgname=com.android.externalstorage 
03-24 15:34:14.421  3670  3796 W ActivityManager: Activity pause timeout for ActivityRecord{fdb53d9 u0 com.example.myapplication/.MainActivity t170}
03-24 15:34:14.421  3670  4952 I ActivityManager: Start proc 22556:com.android.externalstorage/u0a8 for content provider com.android.externalstorage/.ExternalStorageProvider
03-24 15:34:14.421 22568 22568 E Zygote  : v2
03-24 15:34:14.421 22568 22568 I libpersona: KNOX_SDCARD checking this for 10164
03-24 15:34:14.421 22568 22568 I libpersona: KNOX_SDCARD not a persona
03-24 15:34:14.431 22568 22568 W SELinux : Function: selinux_compare_spd_ram, index[1], priority [2], priority version is VE=SEPF_SECMOBILE_6.0.1_0003
03-24 15:34:14.431 22568 22568 E Zygote  : accessInfo : 0
03-24 15:34:14.431 22568 22568 W SELinux : SELinux: seapp_context_lookup: seinfo=platform, level=s0:c512,c768, pkgname=com.android.calendar 
03-24 15:34:14.431  3670  4407 I ActivityManager: Start proc 22568:com.android.calendar/u0a164 for broadcast-3 com.android.calendar/.common.receiver.WeatherActionReceiver
03-24 15:34:14.431  3670  4016 I ActivityManager: Killing 22366:com.samsung.android.communicationservice/5002 (adj 15): DHA:empty #9
03-24 15:34:14.441  3670  4947 I ActivityManager: Killing 22418:com.samsung.enhanceservice/5004 (adj 15): DHA:empty #9
03-24 15:34:14.441 22556 22556 W ResourcesManager: getTopLevelResources: /system/priv-app/ExternalStorageProvider/ExternalStorageProvider.apk / 1.0 running in com.android.externalstorage rsrc of package com.android.externalstorage
03-24 15:34:14.441  3670  4452 I InjectionManagerService -AppFeature: getCoreFeaturePkgList :[]
03-24 15:34:14.441 22556 22556 I InjectionManager: Inside getClassLibPath + mLibMap{0=, 1=}
03-24 15:34:14.441 22556 22556 D ResourcesManager: For user 0 new overlays fetched Null
03-24 15:34:14.451 22556 22556 I InjectionManager: Inside getClassLibPath caller 
03-24 15:34:14.451 22580 22580 E Zygote  : v2
03-24 15:34:14.451 22580 22580 I libpersona: KNOX_SDCARD checking this for 10088
03-24 15:34:14.451 22580 22580 I libpersona: KNOX_SDCARD not a persona
03-24 15:34:14.451 22580 22580 W SELinux : Function: selinux_compare_spd_ram, index[1], priority [2], priority version is VE=SEPF_SECMOBILE_6.0.1_0003
03-24 15:34:14.451 22580 22580 E Zygote  : accessInfo : 0
03-24 15:34:14.451 22580 22580 W SELinux : SELinux: seapp_context_lookup: seinfo=chrome, level=s0:c512,c768, pkgname=com.android.chrome 
03-24 15:34:14.451  3670  3796 I ActivityManager: Start proc 22580:com.android.chrome/u0a88 for activity com.android.chrome/com.google.android.apps.chrome.Main
03-24 15:34:14.451  3670  4019 D NetworkPolicy: isUidForegroundLocked: 10088, mScreenOn: true, uidstate: -1, mProxSensorScreenOff: false
03-24 15:34:14.451 22556 22556 W System  : ClassLoader referenced unknown path: /system/priv-app/ExternalStorageProvider/lib/arm64
03-24 15:34:14.451  3670  4454 D ActivityManager: cleanUpApplicationRecord -- 22366
03-24 15:34:14.451  3670  4454 D ActivityManager: isAutoRunBlockedApp:: com.samsung.android.communicationservice, Auto Run ON
03-24 15:34:14.451 22556 22556 D VolumeInfo: VolumeInfo from Parcel: id private ,type 1 ,disk null
03-24 15:34:14.451 22556 22556 D VolumeInfo: VolumeInfo from Parcel: id emulated ,type 2 ,disk null
03-24 15:34:14.451 22556 22556 D VolumeInfo: VolumeInfo from Parcel: id privatemode ,type 0 ,disk null
03-24 15:34:14.451 22556 22556 D ExternalStorage: After updating volumes, found 1 active roots
03-24 15:34:14.461  3670  4421 D ActivityManager: cleanUpApplicationRecord -- 22418
03-24 15:34:14.461  3670  4421 D ActivityManager: isAutoRunBlockedApp:: com.samsung.enhanceservice, Auto Run ON
03-24 15:34:14.471  3670  3697 V BroadcastQueue: [background] Process cur broadcast BroadcastRecord{9b3d4d9 u0 android.intent.action.PACKAGE_DATA_CLEARED qIdx=4}, state= (APP_RECEIVE) DELIVERED for app ProcessRecord{b368299 22568:com.android.calendar/u0a164}
03-24 15:34:14.471  3670  4019 D NetworkPolicy: isUidForegroundLocked: 10088, mScreenOn: true, uidstate: 16, mProxSensorScreenOff: false
03-24 15:34:14.471 22556 22556 D InjectionManager: InjectionManager
03-24 15:34:14.471 22556 22556 D InjectionManager: fillFeatureStoreMap com.android.externalstorage
03-24 15:34:14.471 22556 22556 I InjectionManager: Constructor com.android.externalstorage, Feature store :{}
03-24 15:34:14.471 22556 22556 I InjectionManager: featureStore :{}
03-24 15:34:14.471 22568 22568 W ResourcesManager: getTopLevelResources: /system/app/SPlanner_M/SPlanner_M.apk / 1.0 running in com.android.calendar rsrc of package com.android.calendar
03-24 15:34:14.471  3670  4016 I ActivityManager: Killing 22332:com.google.process.gapps/u0a15 (adj 15): DHA:empty #9
03-24 15:34:14.471  3670  4421 I InjectionManagerService -AppFeature: getCoreFeaturePkgList :[]
03-24 15:34:14.471 22568 22568 I InjectionManager: Inside getClassLibPath + mLibMap{0=, 1=}
03-24 15:34:14.481  3670  4524 W ActivityManager: ProcessRecord{d56695e 22332:com.google.process.gapps/u0a15} is already killed
03-24 15:34:14.481  3022  3022 E lowmemorykiller: Error writing /proc/22332/oom_score_adj; errno=22
03-24 15:34:14.491 22568 22568 D ResourcesManager: For user 0 new overlays fetched Null
03-24 15:34:14.491 22568 22568 I InjectionManager: Inside getClassLibPath caller 
03-24 15:34:14.491  3670  4524 I ActivityManager: Existing provider com.google.android.gsf/.gservices.GservicesProvider is crashing; detaching ProcessRecord{25cca6b 20058:com.google.android.gms/u0a15}
03-24 15:34:14.491 22568 22568 W System  : ClassLoader referenced unknown path: /system/app/SPlanner_M/lib/arm64
03-24 15:34:14.491  3670  4524 D ActivityManager: cleanUpApplicationRecord -- 22332
03-24 15:34:14.491  3670  4524 D ActivityManager: isAutoRunBlockedApp:: com.google.android.gsf, Auto Run ON
03-24 15:34:14.501 22594 22594 E Zygote  : v2
03-24 15:34:14.501 22594 22594 I libpersona: KNOX_SDCARD checking this for 10015
03-24 15:34:14.501 22594 22594 I libpersona: KNOX_SDCARD not a persona
03-24 15:34:14.501 22594 22594 W SELinux : Function: selinux_compare_spd_ram, index[1], priority [2], priority version is VE=SEPF_SECMOBILE_6.0.1_0003
03-24 15:34:14.501 22594 22594 E Zygote  : accessInfo : 0
03-24 15:34:14.501 22594 22594 W SELinux : SELinux: seapp_context_lookup: seinfo=untrusted, level=s0:c512,c768, pkgname=com.google.process.gapps 
03-24 15:34:14.511  3670  4524 I ActivityManager: Start proc 22594:com.google.process.gapps/u0a15 for content provider com.google.android.gsf/.gservices.GservicesProvider
03-24 15:34:14.511  3670  3931 W ActivityManager: Spurious death for ProcessRecord{d56695e 0:com.google.process.gapps/u0a15}, curProc for 22332: null
03-24 15:34:14.521 22594 22594 W ResourcesManager: getTopLevelResources: /system/priv-app/GoogleServicesFramework/GoogleServicesFramework.apk / 1.0 running in com.google.android.gsf rsrc of package com.google.android.gsf
03-24 15:34:14.521  3670  4143 I InjectionManagerService -AppFeature: getCoreFeaturePkgList :[]
03-24 15:34:14.521 22594 22594 I InjectionManager: Inside getClassLibPath + mLibMap{0=, 1=}
03-24 15:34:14.531 22594 22594 D ResourcesManager: For user 0 new overlays fetched Null
03-24 15:34:14.531 22594 22594 I InjectionManager: Inside getClassLibPath caller 
03-24 15:34:14.531 22594 22594 W System  : ClassLoader referenced unknown path: /system/priv-app/GoogleServicesFramework/lib/arm64
03-24 15:34:14.531 22594 22594 I GservicesProvider: Gservices pushing to system: true; secure/global: true
03-24 15:34:14.541 22606 22606 E Zygote  : v2
03-24 15:34:14.541 22606 22606 I libpersona: KNOX_SDCARD checking this for 2000
03-24 15:34:14.541 22606 22606 I libpersona: KNOX_SDCARD not a persona
03-24 15:34:14.541 22606 22606 W SELinux : Function: selinux_compare_spd_ram, index[1], priority [2], priority version is VE=SEPF_SECMOBILE_6.0.1_0003
03-24 15:34:14.541 22606 22606 E Zygote  : accessInfo : 0
03-24 15:34:14.541 22568 22568 I BNRClientProivder, VERSION : 1.7.8: register - started.
03-24 15:34:14.541  3670  4143 I ActivityManager: Start proc 22606:com.android.shell/2000 for content provider com.android.shell/.BugreportStorageProvider
03-24 15:34:14.541  3670  4946 D ActivityManager:  Launching com.android.chrome, updated priority
03-24 15:34:14.551  3670  3670 D GameManagerService: NotifyRunnable. pkg: com.android.chrome, type: 4, isMinimized: false, isTunableApp: false
03-24 15:34:14.561  3670  3796 V MARsPolicyManager: updatePackagesScore PackageInfo name -- com.android.chrome
03-24 15:34:14.561  3670  4407 I ActivityManager: Killing 22429:com.samsung.dcmservice/5004 (adj 15): DHA:empty #9
03-24 15:34:14.571  3670  3798 D StatusBarManagerService: manageDisableList userId=0 what=0x0 pkg=Window{40964f u0 d0 Starting com.android.chrome}
03-24 15:34:14.571  3670  6805 D GameManagerService: identifyGamePackage. com.android.chrome
03-24 15:34:14.571  3670  4019 D NetworkPolicy: isUidForegroundLocked: 10088, mScreenOn: true, uidstate: 2, mProxSensorScreenOff: false
03-24 15:34:14.571  3670  4040 D SContextEnvironmentAdaptiveDisplayAttribute: setAttribute() mColorThreshold : 0.07
03-24 15:34:14.571  3670  4040 D SContextEnvironmentAdaptiveDisplayAttribute: setAttribute() mDuration : 35
03-24 15:34:14.571 22594 22594 I GoogleHttpClient: GMS http client unavailable, use old client
03-24 15:34:14.571  3670  4952 D ActivityManager: cleanUpApplicationRecord -- 22429
03-24 15:34:14.571  3670  4952 D ActivityManager: isAutoRunBlockedApp:: com.samsung.dcmservice, Auto Run ON
03-24 15:34:14.581 22606 22606 W ResourcesManager: getTopLevelResources: /system/priv-app/Shell/Shell.apk / 1.0 running in com.android.shell rsrc of package com.android.shell
03-24 15:34:14.591  3670  4946 I InjectionManagerService -AppFeature: getCoreFeaturePkgList :[]
03-24 15:34:14.591  3670  6805 D ConnectivityService: returning getNetworkInfo for network type 1 : [type: WIFI[] - WIFI, state: CONNECTED/CONNECTED, reason: (unspecified), extra: "DataStructures", roaming: false, failover: false, isAvailable: true]
03-24 15:34:14.591 22594 22594 D InjectionManager: InjectionManager
03-24 15:34:14.591 22594 22594 D InjectionManager: fillFeatureStoreMap com.google.android.gsf
03-24 15:34:14.591 22606 22606 I InjectionManager: Inside getClassLibPath + mLibMap{0=, 1=}
03-24 15:34:14.591 22594 22594 I InjectionManager: Constructor com.google.android.gsf, Feature store :{}
03-24 15:34:14.591 22594 22594 I InjectionManager: featureStore :{}
03-24 15:34:14.591 22606 22606 D ResourcesManager: For user 0 new overlays fetched Null
03-24 15:34:14.591 22580 22580 W ResourcesManager: getTopLevelResources: /data/app/com.android.chrome-2/base.apk / 1.0 running in com.android.chrome rsrc of package com.android.chrome
03-24 15:34:14.591 22606 22606 I InjectionManager: Inside getClassLibPath caller 
03-24 15:34:14.591 22606 22606 W System  : ClassLoader referenced unknown path: /system/priv-app/Shell/lib/arm64
03-24 15:34:14.601  3670  4952 I InjectionManagerService -AppFeature: getCoreFeaturePkgList :[]
03-24 15:34:14.601 22580 22580 I InjectionManager: Inside getClassLibPath + mLibMap{0=, 1=}
03-24 15:34:14.601 22606 22606 W ResourcesManager: getTopLevelResources: /system/priv-app/Shell/Shell.apk / 1.0 running in com.android.shell rsrc of package com.android.shell
03-24 15:34:14.611  3670  6805 D O       : limitCPUFreq:: freq = 2000000
03-24 15:34:14.611  3670  6805 D CustomFrequencyManagerService: acquireDVFSLockLocked : type : DVFS_MAX_LIMIT  frequency : 2000000  uid : 1000  pid : 3670  pkgName : SIOP_ARM_MAX@18
03-24 15:34:14.611 22606 22606 D InjectionManager: InjectionManager
03-24 15:34:14.611 22606 22606 D InjectionManager: fillFeatureStoreMap com.android.shell
03-24 15:34:14.611 22606 22606 I InjectionManager: Constructor com.android.shell, Feature store :{}
03-24 15:34:14.611 22580 22580 D ResourcesManager: For user 0 new overlays fetched Null
03-24 15:34:14.611 22606 22606 I InjectionManager: featureStore :{}
03-24 15:34:14.611  3670  6805 D ConnectivityService: returning getNetworkInfo for network type 1 : [type: WIFI[] - WIFI, state: CONNECTED/CONNECTED, reason: (unspecified), extra: "DataStructures", roaming: false, failover: false, isAvailable: true]
03-24 15:34:14.621  3670  6805 D O       : limitCPUFreq:: freq = -1
03-24 15:34:14.621  3670  6805 D CustomFrequencyManagerService: releaseDVFSLockLocked : Getting Lock type frm List : DVFS_MAX_LIMIT  frequency : 2000000  uid : 1000  pid : 3670  tag : SIOP_ARM_MAX@18
03-24 15:34:14.621  3670  4040 W CAE     : setCAProperty(ContextAwareService.java:578) - [setProperty 01] Mutex is locked for EAD
03-24 15:34:14.621 22580 22580 I InjectionManager: Inside getClassLibPath caller 
03-24 15:34:14.621 22542 22555 D Documents: Update found 7 roots in 222ms
03-24 15:34:14.621  3670  4040 I CAE     : setPropertyValue(EADRunner.java:146) - Mode = 0.0
03-24 15:34:14.631  3670  4040 I CAE     : sendCmdToSensorHub(SensorHubCommManager.java:162) - -63, 23, 52, 1, 0, 0, 0, 0,
03-24 15:34:14.631  3670  6805 D ConnectivityService: returning getNetworkInfo for network type 1 : [type: WIFI[] - WIFI, state: CONNECTED/CONNECTED, reason: (unspecified), extra: "DataStructures", roaming: false, failover: false, isAvailable: true]
03-24 15:34:14.631  3670  4040 D SensorHubManager: SendSensorHubData: send data = -63, 23, 52, 1, 0, 0, 0, 0
03-24 15:34:14.631  3670  6805 D GameManagerService: identifyGamePackage. com.android.chrome
03-24 15:34:14.641 22542 22590 D Documents: Update found 7 roots in 183ms
03-24 15:34:14.641  3054  3104 D Sensorhubs: sendContextData: -63, 23, 52, 1, 0, 0, 0, 0
03-24 15:34:14.651 22568 22568 I BNRClientProivder, VERSION : 1.7.8: register - xml6 quick_backup : CALENDARSETTING, ztQlGIvsvZ, com.android.calendar.preference.KiesBackupReceiver
03-24 15:34:14.651 22568 22568 I QBNRClientHelper: init SyncClientHelper : CALENDARSETTING
03-24 15:34:14.651 22568 22568 W ResourcesManager: getTopLevelResources: /system/app/SPlanner_M/SPlanner_M.apk / 1.0 running in com.android.calendar rsrc of package com.android.calendar
03-24 15:34:14.651  3670  4040 I CAE     : setCAProperty(ContextAwareService.java:583) - result : true
03-24 15:34:14.651  3670  4040 W CAE     : setCAProperty(ContextAwareService.java:584) - [setProperty 02] Mutex is unlocked for EAD
03-24 15:34:14.651  3670  4040 W CAE     : setCAProperty(ContextAwareService.java:578) - [setProperty 01] Mutex is locked for EAD
03-24 15:34:14.661  3670  4040 I CAE     : setPropertyValue(EADRunner.java:159) - Duration = 0
03-24 15:34:14.661  3670  4040 I CAE     : sendCmdToSensorHub(SensorHubCommManager.java:162) - -63, 23, 52, 2, 0,
03-24 15:34:14.661  3670  4040 D SensorHubManager: SendSensorHubData: send data = -63, 23, 52, 2, 0
03-24 15:34:14.661  3054  3054 D Sensorhubs: sendContextData: -63, 23, 52, 2, 0
03-24 15:34:14.661  3670  4040 I CAE     : setCAProperty(ContextAwareService.java:583) - result : true
03-24 15:34:14.661  3670  4040 W CAE     : setCAProperty(ContextAwareService.java:584) - [setProperty 02] Mutex is unlocked for EAD
03-24 15:34:14.661  3670  4040 W CAE     : registerCallback(ContextAwareService.java:144) - [regi 01] Mutex is locked for EAD
03-24 15:34:14.661  3670  4040 V CAE     : start(ContextProvider.java:128)
03-24 15:34:14.661  3670  4040 V CAE     : clear(EADRunner.java:257)
03-24 15:34:14.661  3670  4040 V CAE     : enable(EADRunner.java:232)
03-24 15:34:14.661  3670  4040 I CAE     : sendCmdToSensorHub(SensorHubCommManager.java:162) - -79, 52, 0, 0, 0, 0,
03-24 15:34:14.661  3670  4040 D SensorHubManager: SendSensorHubData: send data = -79, 52, 0, 0, 0, 0
03-24 15:34:14.661  3054 17920 D Sensorhubs: sendContextData: -79, 52, 0, 0, 0, 0
03-24 15:34:14.671  3670  4040 D CAE     : getFaultDetectionResult(EADRunner.java:271) - true
03-24 15:34:14.671  3670  4040 I CAE     : notifyCmdProcessResultObserver(ContextProvider.java:627) - CheckResult = 0, Cause = Success
03-24 15:34:14.671 22568 22568 D InjectionManager: InjectionManager
03-24 15:34:14.671 22568 22568 D InjectionManager: fillFeatureStoreMap com.android.calendar
03-24 15:34:14.671 22568 22568 I InjectionManager: Constructor com.android.calendar, Feature store :{}
03-24 15:34:14.671 22568 22568 I InjectionManager: featureStore :{}
03-24 15:34:14.681  3670  4040 D CAE     : doCommendProcess(ContextAwareService.java:433) - complete notify the operation result.
03-24 15:34:14.681  3670  4040 I CAE     : displayUsedCountForService(ContextAwareService.java:525) - totalCnt = 1, serviceCount = 1, subCollectionCount = 0
03-24 15:34:14.681  3670  4040 D CAE     : showListenerList(ContextAwareService.java:366) - ===== Context Aware Service List =====
03-24 15:34:14.681  3670  4040 I CAE     : showListenerList(ContextAwareService.java:375) - Listener : com.samsung.android.contextaware.manager.ContextAwareService$Listener@1e966aa, Service : ACTIVITY_TRACKER_CURRENT_INFO(1)
03-24 15:34:14.681  3670  4040 I CAE     : showListenerList(ContextAwareService.java:375) - Listener : com.samsung.android.contextaware.manager.ContextAwareService$Listener@1e966aa, Service : ACTIVITY_TRACKER(1)
03-24 15:34:14.681  3670  4040 I CAE     : showListenerList(ContextAwareService.java:375) - Listener : com.samsung.android.contextaware.manager.ContextAwareService$Listener@1bfe120, Service : AUTO_BRIGHTNESS(1)
03-24 15:34:14.681  3670  4040 I CAE     : showListenerList(ContextAwareService.java:375) - Listener : com.samsung.android.contextaware.manager.ContextAwareService$Listener@b96c9cc, Service : AUTO_ROTATION(1)
03-24 15:34:14.681  3670  4040 I CAE     : showListenerList(ContextAwareService.java:375) - Listener : com.samsung.android.contextaware.manager.ContextAwareService$Listener@ffcebd1, Service : EAD(1)
03-24 15:34:14.681  3670  4040 W CAE     : registerCallback(ContextAwareService.java:180) - [regi 02] Mutex is unlocked for EAD
03-24 15:34:14.681  3670  4040 D SContextService: 	.registerCallback : 4, client=
03-24 15:34:14.681  3670  4040 D SContextService: ===== SContext Service List =====
03-24 15:34:14.681  3670  4040 D SContextService: Listener : android.hardware.scontext.SContextService$Listener@40acad9, Service : Auto Brightness
03-24 15:34:14.681  3670  4040 D SContextService: Listener : android.hardware.scontext.SContextService$Listener@90a289b, Service : Activity Tracker
03-24 15:34:14.681  3670  4040 D SContextService: Listener : android.hardware.scontext.SContextService$Listener@784415, Service : Auto Rotation
03-24 15:34:14.681  3670  4040 D SContextService: Listener : android.hardware.scontext.SContextService$Listener@3304636, Service : Environment Adaptive Display
03-24 15:34:14.681  3670  4040 D SContextManager:   .registerListener : listener = com.samsung.android.mdnie.AdaptiveDisplayColorService$3@5bb4caa, service=Environment Adaptive Display
03-24 15:34:14.691 22625 22625 E Zygote  : v2
03-24 15:34:14.691 22625 22625 I libpersona: KNOX_SDCARD checking this for 10168
03-24 15:34:14.691 22625 22625 E Zygote  : isSdpEnabledProcess - SDP enabled
03-24 15:34:14.691 22625 22625 I libpersona: KNOX_SDCARD not a persona
03-24 15:34:14.691 22625 22625 W SELinux : Function: selinux_compare_spd_ram, index[1], priority [2], priority version is VE=SEPF_SECMOBILE_6.0.1_0003
03-24 15:34:14.691 22625 22625 E Zygote  : accessInfo : 64
03-24 15:34:14.691 22625 22625 E Zygote  : isSdpEnabledProcess - SDP enabled
03-24 15:34:14.691 22625 22625 E Zygote  : setSDPgroupsIntarray[pid]: 0 / [gid]: 10168 / [uid]: 10168
03-24 15:34:14.691 22625 22625 W SELinux : SELinux: seapp_context_lookup: seinfo=platform, level=s0:c512,c768, pkgname=com.sec.android.app.sbrowser 
03-24 15:34:14.691  3670  4550 I ActivityManager: Start proc 22625:com.sec.android.app.sbrowser/u0a168 for broadcast-3 com.sec.android.app.sbrowser/.webcontentsprovider.WebContentsProviderReceiver
03-24 15:34:14.711  3670  4407 V BroadcastQueue: [background] Process cur broadcast BroadcastRecord{9b3d4d9 u0 android.intent.action.PACKAGE_DATA_CLEARED qIdx=4}, state= (APP_RECEIVE) DELIVERED for app ProcessRecord{4b68937 22625:com.sec.android.app.sbrowser/u0a168}
03-24 15:34:14.711 22625 22625 W ResourcesManager: getTopLevelResources: /data/app/com.sec.android.app.sbrowser-2/base.apk / 1.0 running in com.sec.android.app.sbrowser rsrc of package com.sec.android.app.sbrowser
03-24 15:34:14.711  3670  4946 I InjectionManagerService -AppFeature: getCoreFeaturePkgList :[]
03-24 15:34:14.711 22625 22625 I InjectionManager: Inside getClassLibPath + mLibMap{0=, 1=}
03-24 15:34:14.721 20058 21181 I DynamiteModule: Considering local module com.google.android.gms.googlecertificates:4 and remote module com.google.android.gms.googlecertificates:4
03-24 15:34:14.721 20058 21181 I DynamiteModule: Selected local version of com.google.android.gms.googlecertificates
03-24 15:34:14.731 20058 21181 I Icing   : doRemovePackageData com.google.android.gm
03-24 15:34:14.761 22580 22580 W ResourcesManager: getTopLevelResources: /data/app/com.android.chrome-2/base.apk / 1.0 running in com.android.chrome rsrc of package com.android.chrome
03-24 15:34:14.761 22625 22625 D ResourcesManager: For user 0 new overlays fetched Null
03-24 15:34:14.761 22625 22625 I InjectionManager: Inside getClassLibPath caller 
03-24 15:34:14.771 22580 22580 W ResourcesManager: getTopLevelResources: /data/app/com.android.chrome-2/base.apk / 1.0 running in com.android.chrome rsrc of package com.android.chrome
03-24 15:34:14.771 22580 22580 D InjectionManager: InjectionManager
03-24 15:34:14.771 22580 22580 D InjectionManager: fillFeatureStoreMap com.android.chrome
03-24 15:34:14.771 22580 22580 I InjectionManager: Constructor com.android.chrome, Feature store :{}
03-24 15:34:14.771 22580 22580 I InjectionManager: featureStore :{}
03-24 15:34:14.801 20058 21181 I Icing   : updateResources: need to parse abiz{com.google.android.gms}
03-24 15:34:14.861 22625 22625 I MultiDex: VM with version 2.1.0 has multidex support
03-24 15:34:14.861 22625 22625 I MultiDex: Installing application
03-24 15:34:14.861 22625 22625 I MultiDex: VM has multidex support, MultiDex support library is disabled.
03-24 15:34:14.861 22625 22625 I cr_base_multidex: Completed multidex installation.
03-24 15:34:14.861 22625 22625 D AppBannerProvider: onCreate()
03-24 15:34:14.881 22625 22625 W ResourcesManager: getTopLevelResources: /data/app/com.sec.android.app.sbrowser-2/base.apk / 1.0 running in com.sec.android.app.sbrowser rsrc of package com.sec.android.app.sbrowser
03-24 15:34:14.891 22625 22625 D [MM]MHDataBaseProvider: onCreate()
03-24 15:34:14.901 22580 22580 W ResourcesManager: getTopLevelResources: /data/app/com.android.chrome-2/base.apk / 1.0 running in com.android.chrome rsrc of package com.android.chrome
03-24 15:34:14.901 22580 22580 W ResourcesManager: getTopLevelResources: /data/app/com.android.chrome-2/base.apk / 1.0 running in com.android.chrome rsrc of package com.android.chrome
03-24 15:34:14.911 22580 22580 D SecWifiDisplayUtil: Metadata value : SecSettings2
03-24 15:34:14.921 22625 22625 D ReflectField: Cannot load field: SEM_INT
03-24 15:34:14.921 22625 22625 E ReflectField: Incorrect type : Fallback exception
03-24 15:34:14.931 22625 22625 D ReflectBase: Failed to load com.samsung.android.feature.SemCscFeature : com.samsung.android.feature.SemCscFeature
03-24 15:34:14.931 22625 22625 E ReflectMethod: Cannot load method: getBoolean [class java.lang.String]
03-24 15:34:14.931 22625 22625 E ReflectMethod: Cannot load method: getBoolean [class java.lang.String, boolean]
03-24 15:34:14.931 22625 22625 E ReflectMethod: Cannot load method: getBoolean [class java.lang.String]
03-24 15:34:14.931 22625 22625 D SBrowserFlags: initialize : loadCscFeatureValue() succeed! 
03-24 15:34:14.941 22625 22625 W System.err: stat failed: ENOENT (No such file or directory) : /data/local/tmp/terrace-command-line
03-24 15:34:14.971 22580 22649 V MediaPlayer: decode(21, 8764500, 5795)
03-24 15:34:14.981  3047  3695 D OggExtractor:  correct time not found. Let's use approximate value
03-24 15:34:14.981  3047  3695 I OggExtractor: OggSource::OggSource() mExtractor ref count = 4
03-24 15:34:14.981  3047  3695 I OMXCodec: Attempting to allocate OMX node 'OMX.google.vorbis.decoder'
03-24 15:34:14.991  3047  3695 I OMXCodec: Successfully allocated OMX node 'OMX.google.vorbis.decoder'
03-24 15:34:14.991  3047  3695 I OMXCodec: >>>UHQA initOutputFormat 16
03-24 15:34:14.991  3047  3695 I OMXCodec: [OMX.google.vorbis.decoder] OMXCodec::start mState=1
03-24 15:34:14.991  3047  3695 I OMXCodec: [OMX.google.vorbis.decoder] allocating 4 buffers of size 8192 on input port
03-24 15:34:14.991  3047  3695 I OMXCodec: [OMX.google.vorbis.decoder] allocating 4 buffers of size 32768 on output port
03-24 15:34:14.991  3047 22652 I OMXCodec: [OMX.google.vorbis.decoder] Now Idle. Component sends idle done Event 
03-24 15:34:14.991 22625 22653 D SBrowserProxyHandler: ProxyReader::doInBackground
03-24 15:34:14.991 22625 22625 I SBrowserProvider: deActivated
03-24 15:34:14.991  3047 22652 I OMXCodec: [OMX.google.vorbis.decoder] 0onCmdComplete  mState =  7
03-24 15:34:14.991  3047 22652 I OMXCodec: [OMX.google.vorbis.decoder] PORT_DISABLED(1)
03-24 15:34:14.991  3047 22652 I OMXCodec: >>>UHQA initOutputFormat 16
03-24 15:34:14.991  3047 22652 I OMXCodec: [OMX.google.vorbis.decoder] allocating 4 buffers of size 32768 on output port
03-24 15:34:14.991  3047 22652 I OMXCodec: [OMX.google.vorbis.decoder] End Of Stream
03-24 15:34:14.991  3047  3695 I SoundExtractor: extract() reached EOS
03-24 15:34:14.991  3047  3695 I OMXCodec: [OMX.google.vorbis.decoder] stop mState=4
03-24 15:34:14.991  3047  3695 I OMXCodec: [OMX.google.vorbis.decoder] stop() sendCommand(293, OMX_CommandStateSet, OMX_StateIdle)
03-24 15:34:14.991  3047 22652 I OMXCodec: [OMX.google.vorbis.decoder] Now Idle. Component sends idle done Event 
03-24 15:34:14.991  3047  3695 I OMXCodec: [OMX.google.vorbis.decoder] stopOmxComponent_l() mstate = 1
03-24 15:34:14.991  3047  3695 I OggExtractor: OggSource::stop() mExtractor ref count = 1
03-24 15:34:14.991  3047  3695 I OggExtractor: OggSource::~OggSource() mExtractor !mStarted ref count = 1
03-24 15:34:14.991  3047  3695 I OggExtractor: ~OggSource --
03-24 15:34:14.991  3047  3695 I OggExtractor: ~OggExtractor ++
03-24 15:34:14.991  3047  3695 I OggExtractor: ~MyOggExtractor ++ 
03-24 15:34:14.991  3047  3695 I OggExtractor: ~MyOggExtractor --
03-24 15:34:14.991  3047  3695 I OggExtractor: ~OggExtractor --
03-24 15:34:15.001 22625 22625 D SProviderUtility :SBrowserSync: enableSyncClientProivder
03-24 15:34:15.001  3670  4550 D SecContentProvider: query(), uri = 5 selection = getHttpProxy
03-24 15:34:15.011 22580 22654 W System.err: remove failed: ENOENT (No such file or directory) : /data/user/0/com.android.chrome/shared_prefs/com.android.chrome_preferences.xml.bak
03-24 15:34:15.011 22625 22625 I SyncUtil: disableInternetSync is called!
03-24 15:34:15.041 22625 22625 D MostVisitedSitesProvider: onCreate
03-24 15:34:15.051 22625 22625 I cr_ApplicationStatus: initialize application (com.sec.android.app.sbrowser.SBrowserApplication@978eda5)
03-24 15:34:15.061 22625 22625 D InjectionManager: InjectionManager
03-24 15:34:15.061 22625 22625 D InjectionManager: fillFeatureStoreMap com.sec.android.app.sbrowser
03-24 15:34:15.061 22625 22625 I InjectionManager: Constructor com.sec.android.app.sbrowser, Feature store :{}
03-24 15:34:15.061 22625 22625 I InjectionManager: featureStore :{}
03-24 15:34:15.071 22580 22659 W DynamiteModule: Local module descriptor class for com.google.android.gms.googlecertificates not found.
03-24 15:34:15.071 22625 22625 E WebContentsProviderReceiver: onReceive - not approved application
03-24 15:34:15.071 22625 22625 D SBrowserProxyHandler: ProxyReader::onPostExecute start
03-24 15:34:15.071  3670  4421 D ConnectivityService: returning getNetworkInfo for network type 0 : [type: MOBILE[] - MOBILE, state: DISCONNECTED/DISCONNECTED, reason: (unspecified), extra: (none), roaming: false, failover: false, isAvailable: true]
03-24 15:34:15.071 22625 22625 D SBrowserProxyHandler: ProxyReader::onPostExecute end
03-24 15:34:15.071  3670  4552 V BroadcastQueue: [background] Process cur broadcast BroadcastRecord{9b3d4d9 u0 android.intent.action.PACKAGE_DATA_CLEARED qIdx=4}, state= (APP_RECEIVE) DELIVERED for app ProcessRecord{6aa228 22580:com.android.chrome/u0a88}
03-24 15:34:15.081  3670  4550 I PersonaManager: mKnoxInfo is empty
03-24 15:34:15.101 22580 22667 I cr_LibraryLoader:  Loading chrome from within /data/app/com.android.chrome-2/base.apk
03-24 15:34:15.241 22670 22670 I dex2oat : /system/bin/dex2oat --compiler-filter=speed --dex-file=/data/data/com.google.android.gms/app_chimera/m/00000039/DynamiteLoader.apk --oat-file=/data/dalvik-cache/arm/data@data@com.google.android.gms@app_chimera@m@00000039@DynamiteLoader.apk@classes.dex
03-24 15:34:15.241 22670 22670 E dex2oat : Failed to create oat file: /data/dalvik-cache/arm/data@data@com.google.android.gms@app_chimera@m@00000039@DynamiteLoader.apk@classes.dex: Permission denied
03-24 15:34:15.241 22670 22670 I dex2oat : dex2oat took 1.024ms (threads: 8) 
03-24 15:34:15.251 22580 22659 W art     : Failed execv(/system/bin/dex2oat --runtime-arg -classpath --runtime-arg  --instruction-set=arm --instruction-set-features=smp,div,atomic_ldrd_strd --runtime-arg -Xrelocate --boot-image=/system/framework/boot.art --runtime-arg -Xms64m --runtime-arg -Xmx512m --compiler-filter=speed --instruction-set-variant=cortex-a15 --instruction-set-features=default --dex-file=/data/data/com.google.android.gms/app_chimera/m/00000039/DynamiteLoader.apk --oat-file=/data/dalvik-cache/arm/data@data@com.google.android.gms@app_chimera@m@00000039@DynamiteLoader.apk@classes.dex) because non-0 exit status
03-24 15:34:15.251 22580 22659 I DynamiteModule: Considering local module com.google.android.gms.googlecertificates:0 and remote module com.google.android.gms.googlecertificates:4
03-24 15:34:15.251 22580 22659 I DynamiteModule: Selected remote version of com.google.android.gms.googlecertificates, version >= 4
03-24 15:34:15.271 22580 22659 W ResourcesManager: getTopLevelResources: /data/app/com.google.android.gms-1/base.apk / 1.0 running in com.android.chrome rsrc of package com.google.android.gms
03-24 15:34:15.281  3670  3931 I PersonaManager: mKnoxInfo is empty
03-24 15:34:15.281 22580 22580 D ClipboardExManager: no knox
03-24 15:34:15.291  3670  3697 I PersonaManager: mKnoxInfo is empty
03-24 15:34:15.291 22580 22580 D TextView: setTypeface with style : 0
03-24 15:34:15.291 22580 22659 D ResourcesManager: For user 0 new overlays fetched Null
03-24 15:34:15.311 22580 22667 I cr_LibraryLoader: Time to load native libraries: 230 ms (timestamps 6018-6248)
03-24 15:34:15.311 20058 21181 I Icing   : Internal init done: storage state 0
03-24 15:34:15.331 22580 22684 I cr_ui   : Using UI locale en, system locale: en (Android name: en)
03-24 15:34:15.331 22580 22684 I cr_ui   : Missing asset file: locales#lang_en/en-US.pak
03-24 15:34:15.331 22580 22684 I cr_ui   : Found asset file: locales/en-GB.pak
03-24 15:34:15.331 22580 22684 I cr_ui   : Using app bundle locale directory: locales
03-24 15:34:15.331 22580 22684 I cr_ui   : UI Language: en requires .pak files: [en-GB, en-US]
03-24 15:34:15.341 22580 22667 I chromium: [INFO:library_loader_hooks.cc(42)] Chromium logging enabled: level = 0, default verbosity = 0
03-24 15:34:15.341 22580 22667 I cr_LibraryLoader: Expected native library version number "72.0.3626.105", actual native library version number "72.0.3626.105"
03-24 15:34:15.341 22580 22684 I cr_FileUtils: Writing to /data/user/0/com.android.chrome/app_chrome/paks/en-GB.pak@159cff45
03-24 15:34:15.341 22580 22580 D Activity: performCreate Call Injection manager
03-24 15:34:15.351 22580 22684 I cr_FileUtils: Writing to /data/user/0/com.android.chrome/app_chrome/paks/en-US.pak@159cff45
03-24 15:34:15.351 22580 22580 I InjectionManager: dispatchOnViewCreated > Target : org.chromium.chrome.browser.ChromeTabbedActivity isFragment :false
03-24 15:34:15.371 22580 22580 D SecWifiDisplayUtil: Metadata value : SecSettings2
03-24 15:34:15.371 22580 22580 D ViewRootImpl: #1 mView = com.android.internal.policy.MultiPhoneWindow$MultiPhoneDecorView{3d4089 I.E...... R.....ID 0,0-0,0}
03-24 15:34:15.381 22689 22689 E Zygote  : v2
03-24 15:34:15.381 22689 22689 I libpersona: KNOX_SDCARD checking this for 10089
03-24 15:34:15.381 22689 22689 I libpersona: KNOX_SDCARD not a persona
03-24 15:34:15.381 22689 22689 W SELinux : Function: selinux_compare_spd_ram, index[1], priority [2], priority version is VE=SEPF_SECMOBILE_6.0.1_0003
03-24 15:34:15.381  3670  4452 I ActivityManager: Start proc 22689:com.sec.android.app.chromecustomizations/u0a89 for content provider com.sec.android.app.chromecustomizations/com.sec.samsung.android.chromecustomizations.chromecustomizationprovider
03-24 15:34:15.381 22689 22689 E Zygote  : accessInfo : 0
03-24 15:34:15.381 22689 22689 W SELinux : SELinux: seapp_context_lookup: seinfo=platform, level=s0:c512,c768, pkgname=com.sec.android.app.chromecustomizations 
03-24 15:34:15.391 22580 22690 D OpenGLRenderer: Use EGL_SWAP_BEHAVIOR_PRESERVED: true
03-24 15:34:15.391  3670  4407 D ISSUE_DEBUG: InputChannelName : c47ea3b com.android.chrome/com.google.android.apps.chrome.Main
03-24 15:34:15.401 22686 22686 I dex2oat : /system/bin/dex2oat --compiler-filter=speed --dex-file=/data/data/com.google.android.gms/app_chimera/m/0000003c/GoogleCertificates.apk --oat-file=/data/dalvik-cache/arm/data@data@com.google.android.gms@app_chimera@m@0000003c@GoogleCertificates.apk@classes.dex
03-24 15:34:15.411 22686 22686 E dex2oat : Failed to create oat file: /data/dalvik-cache/arm/data@data@com.google.android.gms@app_chimera@m@0000003c@GoogleCertificates.apk@classes.dex: Permission denied
03-24 15:34:15.411 22686 22686 I dex2oat : dex2oat took 9.245ms (threads: 8) 
03-24 15:34:15.411 22580 22707 W cr_ChildProcLH: Create a new ChildConnectionAllocator with package name = com.android.chrome, sandboxed = true
03-24 15:34:15.421  3670  4421 V BroadcastQueue: [background] Process cur broadcast BroadcastRecord{9b3d4d9 u0 android.intent.action.PACKAGE_DATA_CLEARED qIdx=4}, state= (APP_RECEIVE) DELIVERED for app ProcessRecord{68a6177 7275:com.google.android.gms.persistent/u0a15}
03-24 15:34:15.431  3670  4947 I PersonaManager: mKnoxInfo is empty
03-24 15:34:15.431 22580 22659 W art     : Failed execv(/system/bin/dex2oat --runtime-arg -classpath --runtime-arg  --instruction-set=arm --instruction-set-features=smp,div,atomic_ldrd_strd --runtime-arg -Xrelocate --boot-image=/system/framework/boot.art --runtime-arg -Xms64m --runtime-arg -Xmx512m --compiler-filter=speed --instruction-set-variant=cortex-a15 --instruction-set-features=default --dex-file=/data/data/com.google.android.gms/app_chimera/m/0000003c/GoogleCertificates.apk --oat-file=/data/dalvik-cache/arm/data@data@com.google.android.gms@app_chimera@m@0000003c@GoogleCertificates.apk@classes.dex) because non-0 exit status
03-24 15:34:15.431 22580 22580 D MultiPhoneWindow: performUpdateVisibility, same visibility false
03-24 15:34:15.441  3670  4947 I ActivityManager: Start proc 22711:com.android.chrome:sandboxed_process0/u0i253 for service com.android.chrome/org.chromium.content.app.SandboxedProcessService0
03-24 15:34:15.441  3670  4524 I PersonaManager: mKnoxInfo is empty
03-24 15:34:15.441 22711 22711 E Zygote  : v2
03-24 15:34:15.441 22711 22711 I libpersona: KNOX_SDCARD checking this for 99253
03-24 15:34:15.441 22711 22711 I libpersona: KNOX_SDCARD not a persona
03-24 15:34:15.441 22711 22711 W SELinux : Function: selinux_compare_spd_ram, index[1], priority [2], priority version is VE=SEPF_SECMOBILE_6.0.1_0003
03-24 15:34:15.451 22711 22711 E Zygote  : accessInfo : 0
03-24 15:34:15.451 22711 22711 W SELinux : SELinux: seapp_context_lookup: seinfo=chrome, level=s0:c512,c768, pkgname=com.android.chrome:sandboxed_process0 
03-24 15:34:15.451 22580 22659 W System  : ClassLoader referenced unknown path: /data/data/com.google.android.gms/app_chimera/m/0000003c/n/armeabi-v7a
03-24 15:34:15.451 22580 22659 W System  : ClassLoader referenced unknown path: /data/data/com.google.android.gms/app_chimera/m/0000003c/n/armeabi
03-24 15:34:15.451 22580 22659 W ResourcesManager: getTopLevelResources: /data/data/com.google.android.gms/app_chimera/m/0000003c/GoogleCertificates.apk / 1.0 running in com.android.chrome rsrc of package com.google.android.gms
03-24 15:34:15.461  3670  4407 I PersonaManager: mKnoxInfo is empty
03-24 15:34:15.461  3670  4454 I PersonaManager: mKnoxInfo is empty
03-24 15:34:15.461 22580 22659 D ResourcesManager: For user 0 new overlays fetched Null
03-24 15:34:15.461  3670  3698 I PersonaManager: mKnoxInfo is empty
03-24 15:34:15.461 20058 22380 I LocationSettingsChecker: Removing dialog suppression flag for package com.yandex.browser
03-24 15:34:15.461  6803  6803 D Recents : onTaskStackChanged
03-24 15:34:15.471 22689 22689 W ResourcesManager: getTopLevelResources: /system/app/ChromeCustomizations/ChromeCustomizations.apk / 1.0 running in com.sec.android.app.chromecustomizations rsrc of package com.sec.android.app.chromecustomizations
03-24 15:34:15.481  3670  4524 I PersonaManager: mKnoxInfo is empty
03-24 15:34:15.481  3670  4552 I PersonaManager: mKnoxInfo is empty
03-24 15:34:15.481  3670  4550 I PersonaManager: mKnoxInfo is empty
03-24 15:34:15.481  3670  4947 I InjectionManagerService -AppFeature: getCoreFeaturePkgList :[]
03-24 15:34:15.491 22689 22689 I InjectionManager: Inside getClassLibPath + mLibMap{0=, 1=}
03-24 15:34:15.491  3025  3025 I SurfaceFlinger: id=800 createSurf (1x1),1 flag=4, Nain
03-24 15:34:15.491  3670  3798 D StatusBarManagerService: manageDisableList userId=0 what=0x0 pkg=Window{c47ea3b u0 d0 com.android.chrome/com.google.android.apps.chrome.Main}
03-24 15:34:15.491  4103  4103 D PhoneStatusBar: setSystemUiVisibility vis=a600 mask=ffffffff oldVal=8600 newVal=a600 diff=2000
03-24 15:34:15.491 22689 22689 D ResourcesManager: For user 0 new overlays fetched Null
03-24 15:34:15.491  3670  4946 I PersonaManager: mKnoxInfo is empty
03-24 15:34:15.491  3670  4421 D InputDispatcher: Focus entered window: 22580
03-24 15:34:15.501  3670  4407 I PersonaManager: mKnoxInfo is empty
03-24 15:34:15.511  3670  3884 D PointerIcon: setMouseIconStyle1 pointerType: 1001 iconType:101 flag:0 pid:3670 uid:1000
03-24 15:34:15.511  3670  3884 D PointerIcon: setMouseCustomIcon IconType is same.101
03-24 15:34:15.511 22689 22689 I InjectionManager: Inside getClassLibPath caller 
03-24 15:34:15.511 22689 22689 W System  : ClassLoader referenced unknown path: /system/app/ChromeCustomizations/lib/arm64
