03-24 14:41:08.641  4150  4150 W PathParser: Points are too far apart 4.002561287974534
03-24 14:41:08.641  4150  4150 W PathParser: Points are too far apart 4.002561287974534
03-24 14:41:08.651  3025  3025 D libEGL  : eglInitialize EGLDisplay = 0x7ff3f31d28
03-24 14:41:08.721  3915  4226 W System.err: remove failed: ENOENT (No such file or directory) : /data/user/0/com.yandex.browser/shared_prefs/com.google.android.gms.appid.xml.bak
03-24 14:41:08.761  3670  4524 I PersonaManager: mKnoxInfo is empty
03-24 14:41:08.771  3670  4407 I PersonaManager: mKnoxInfo is empty
03-24 14:41:08.771  4932 31329 I System.out: (HTTPLog)-Static: isSBSettingEnabled false
03-24 14:41:08.771  4932 31329 I System.out: (HTTPLog)-Static: isSBSettingEnabled false
03-24 14:41:08.771  4932 31329 I qtaguid : Tagging socket 92 with tag 3000040700000000{805307399,0} uid -1, pid: 4932, getuid(): 10015
03-24 14:41:09.021 31048 31048 I wpa_supplicant: nl80211: Received scan results (5 BSSes)
03-24 14:41:09.021  3037  3738 D Netd    : Iface wlan0 link up
03-24 14:41:09.021  3670  3804 D Tethering: interfaceLinkStateChanged wlan0, true
03-24 14:41:09.021  3670  3804 D Tethering: interfaceStatusChanged wlan0, true
03-24 14:41:09.021  3670  4020 D WifiP2pService: InactiveState{ what=147461 }
03-24 14:41:09.021  3670  4020 D WifiP2pService: P2pEnabledState{ what=147461 }
03-24 14:41:09.031  3670  4020 D WifiP2pService: DefaultState{ what=147461 }
03-24 14:41:09.031  3670  3670 I CLocInfoService: External Intent Received android.net.wifi.SCAN_RESULTS
03-24 14:41:09.041  3670  3796 V BroadcastQueue: [background] Process cur broadcast BroadcastRecord{f7709fd u-1 android.net.wifi.SCAN_RESULTS qIdx=4}, state= (APP_RECEIVE) DELIVERED for app ProcessRecord{124bbc4 4103:com.android.systemui/u0a43}
03-24 14:41:09.141  3670  4068 W System.err: remove failed: ENOENT (No such file or directory) : /data/system/recent_tasks/115_task.xml.bak
03-24 14:41:09.141  4122  4431 W System.err: remove failed: ENOENT (No such file or directory) : /data/user/0/com.yandex.browser/shared_prefs/experiments.xml.bak
03-24 14:41:09.201  3949  4104 I System.out: (HTTPLog)-Static: isSBSettingEnabled false
03-24 14:41:09.201  3949  4104 I System.out: (HTTPLog)-Static: isSBSettingEnabled false
03-24 14:41:09.281  3915  3936 W System.err: remove failed: ENOENT (No such file or directory) : /data/user/0/com.yandex.browser/shared_prefs/MordaStorage.xml.bak
03-24 14:41:09.371  3915  4167 W System.err: remove failed: ENOENT (No such file or directory) : /data/user/0/com.yandex.browser/files/Default.Dashboard.Cells.bak
03-24 14:41:09.431  3670  6805 D GameManagerService: identifyGamePackage. com.yandex.browser
03-24 14:41:09.501  4932 31329 I qtaguid : Untagging socket 92
03-24 14:41:09.531  3949  4104 I System.out: (HTTPLog)-Static: isSBSettingEnabled false
03-24 14:41:09.531  3949  4104 I System.out: (HTTPLog)-Static: isSBSettingEnabled false
03-24 14:41:09.531  3949  4358 I System.out: (HTTPLog)-Static: isSBSettingEnabled false
03-24 14:41:09.531  3949  4358 I System.out: (HTTPLog)-Static: isSBSettingEnabled false
03-24 14:41:09.551  3915  3924 I art     : Background sticky concurrent mark sweep GC freed 123141(8MB) AllocSpace objects, 46(2MB) LOS objects, 22% free, 42MB/54MB, paused 5.003ms total 79.807ms
03-24 14:41:09.581  5955  5979 I Finsky  : [2331] ias.run(3): Stats for Executor: BlockingExecutor icd@a93c752[Running, pool size = 0, active threads = 0, queued tasks = 0, completed tasks = 6]
03-24 14:41:09.581  5955  5979 I Finsky  : [2331] ias.run(3): Stats for Executor: LightweightExecutor icd@3130a23[Running, pool size = 4, active threads = 0, queued tasks = 0, completed tasks = 63]
03-24 14:41:09.801  3915  3915 W chromium: [WARNING:passman_password_form_adjustments.cc(127)] No Passman password form adjustments in config, using defaults.
03-24 14:41:09.811  3915  3915 W chromium: [WARNING:server_configs_manager_impl.cc(622)] Extracted empty config content_settings
03-24 14:41:10.191  5955  5979 I Finsky  : [2331] ias.run(3): Stats for Executor: bgExecutor icd@6442b20[Running, pool size = 4, active threads = 0, queued tasks = 0, completed tasks = 26]
03-24 14:41:10.241  3949  4104 I System.out: (HTTPLog)-Static: isSBSettingEnabled false
03-24 14:41:10.241  3949  4104 I System.out: (HTTPLog)-Static: isSBSettingEnabled false
03-24 14:41:10.891  3670  6805 D SSRM:n  : SIOP:: AP = 430, PST = 372 (W:10), CP = 284, CUR = 160, LCD = 113
03-24 14:41:10.931  3670  6805 D ConnectivityService: returning getNetworkInfo for network type 1 : [type: WIFI[] - WIFI, state: CONNECTED/CONNECTED, reason: (unspecified), extra: "DataStructures", roaming: false, failover: false, isAvailable: true]
03-24 14:41:11.711  3915  4269 W cr_ChildProcLH: Create a new ChildConnectionAllocator with package name = com.yandex.browser, sandboxed = true
03-24 14:41:11.721  3670  3698 I PersonaManager: mKnoxInfo is empty
03-24 14:41:11.731  4486  4486 E Zygote  : v2
03-24 14:41:11.731  4486  4486 I libpersona: KNOX_SDCARD checking this for 99174
03-24 14:41:11.731  4486  4486 I libpersona: KNOX_SDCARD not a persona
03-24 14:41:11.731  4486  4486 W SELinux : Function: selinux_compare_spd_ram, index[1], priority [2], priority version is VE=SEPF_SECMOBILE_6.0.1_0003
03-24 14:41:11.731  3670  3698 I ActivityManager: Start proc 4486:com.yandex.browser:sandboxed_process7/u0i174 for service com.yandex.browser/org.chromium.content.app.SandboxedProcessService7
03-24 14:41:11.731  4486  4486 E Zygote  : accessInfo : 0
03-24 14:41:11.731  4486  4486 W SELinux : SELinux: seapp_context_lookup: seinfo=default, level=s0:c512,c768, pkgname=com.yandex.browser:sandboxed_process7 
03-24 14:41:11.731  3670  4016 I PersonaManager: mKnoxInfo is empty
03-24 14:41:11.781  4486  4486 W ResourcesManager: getTopLevelResources: /data/app/com.yandex.browser-1/base.apk / 1.0 running in com.yandex.browser rsrc of package com.yandex.browser
03-24 14:41:11.791  4486  4486 D ResourcesManager: For user 0 new overlays fetched Null
03-24 14:41:11.791  4486  4486 I InjectionManager: Inside getClassLibPath caller 
03-24 14:41:11.821  4486  4486 I MultiDex: Installing application
03-24 14:41:11.831  4486  4486 I MultiDex: VM with version 2.1.0 has multidex support
03-24 14:41:11.831  4486  4486 I MultiDex: VM has multidex support, MultiDex support library is disabled.
03-24 14:41:11.831  4486  4486 I cr_base_multidex: Completed multidex installation.
03-24 14:41:11.841  4486  4498 E cr_PathUtils: Failed to set permissions for path "/data/user/0/com.yandex.browser/app_chromium"
03-24 14:41:11.851  4486  4486 D InjectionManager: InjectionManager
03-24 14:41:11.851  4486  4486 I InjectionManager: featureStore :{}
03-24 14:41:11.851  4486  4486 I cr_ChildProcessService: Creating new ChildProcessService pid=4486
03-24 14:41:11.891  4486  4499 I cr_LibraryLoader:  Loading yandexbrowser from within /data/app/com.yandex.browser-1/base.apk
03-24 14:41:11.971  4486  4499 I cr_LibraryLoader: Time to load native libraries: 73 ms (timestamps 2828-2901)
03-24 14:41:11.971  4486  4499 I chromium: [INFO:library_loader_hooks.cc(36)] Chromium logging enabled: level = 0, default verbosity = 0
03-24 14:41:11.971  4486  4499 I cr_LibraryLoader: Expected native library version number "18.11.1.979", actual native library version number "18.11.1.979"
03-24 14:41:11.981  4486  4499 W ResourcesManager: getTopLevelResources: /data/app/com.yandex.browser-1/base.apk / 1.0 running in com.yandex.browser rsrc of package com.yandex.browser
03-24 14:41:12.011  4486  4499 I chromium: [INFO:child_process_service.cc(73)] ChildProcessService: Exiting child process.
03-24 14:41:12.021  3915  4269 W cr_ChildProcessConn: onServiceDisconnected (crash or killed by oom): pid=4486
03-24 14:41:12.031  3670  4409 I ActivityManager: Process com.yandex.browser:sandboxed_process7 (pid 4486)(adj 1) has died(72,537)
03-24 14:41:12.031  3670  4409 D ActivityManager: cleanUpApplicationRecord -- 4486
03-24 14:41:12.031  3670  4409 D ActivityManager: isAutoRunBlockedApp:: com.yandex.browser, Auto Run ON
03-24 14:41:12.031  3670  4409 W ActivityManager: Scheduling restart of crashed service com.yandex.browser/org.chromium.content.app.SandboxedProcessService7 in 1000ms
03-24 14:41:12.191  3915  3915 W System.err: remove failed: ENOENT (No such file or directory) : /data/user/0/com.yandex.browser/files/roboto_bold.ttf.bak
03-24 14:41:12.201  3915  3915 D Minikin : FontFamily bestFont == NULL, so return vacant FakedFont
03-24 14:41:12.201  3915  3915 D Minikin : FontFamily bestFont == NULL, so return vacant FakedFont
03-24 14:41:12.201  3915  3915 D Minikin : FontFamily bestFont == NULL, so return vacant FakedFont
03-24 14:41:12.251  3915  3915 D TextView: setTypeface with style : 0
03-24 14:41:12.261  3915  4527 D Minikin : FontFamily bestFont == NULL, so return vacant FakedFont
03-24 14:41:12.261  3915  4527 D Minikin : FontFamily bestFont == NULL, so return vacant FakedFont
03-24 14:41:12.261  3915  4527 D Minikin : FontFamily bestFont == NULL, so return vacant FakedFont
03-24 14:41:12.301  3915  3915 W System.err: remove failed: ENOENT (No such file or directory) : /data/user/0/com.yandex.browser/files/roboto_black.ttf.bak
03-24 14:41:12.301  3915  3915 D Minikin : FontFamily bestFont == NULL, so return vacant FakedFont
03-24 14:41:12.301  3915  3915 D Minikin : FontFamily bestFont == NULL, so return vacant FakedFont
03-24 14:41:12.301  3915  3915 D Minikin : FontFamily bestFont == NULL, so return vacant FakedFont
03-24 14:41:12.331  3025  3025 I SurfaceFlinger: id=507 createSurf (1440x2464),4 flag=404, TurfaceView
03-24 14:41:12.351  3670  4409 V WindowStateAnimator: Finishing drawing window Window{82e8cce u0 d0 SurfaceView}: mDrawState=DRAW_PENDING
03-24 14:41:12.351  3670  3697 V WindowStateAnimator: Finishing drawing window Window{82e8cce u0 d0 SurfaceView}: mDrawState=HAS_DRAWN
03-24 14:41:12.381  4271  4310 D mali_winsys: new_window_surface returns 0x3000,  [1440x2464]-format:1
03-24 14:41:12.381  4271  4310 D         : ro.exynos.dss isEnabled: 0
03-24 14:41:12.391  3025  3025 D libEGL  : eglInitialize EGLDisplay = 0x7ff3f31d28
03-24 14:41:12.401  4271  4310 D libGLESv2: DTS_GLAPI : DTS is not allowed for Package : com.yandex.browser:privileged_process2
03-24 14:41:12.411  3915  3915 D TextView: setTypeface with style : 0
03-24 14:41:12.451  3670  6805 D ConnectivityService: returning getNetworkInfo for network type 1 : [type: WIFI[] - WIFI, state: CONNECTED/CONNECTED, reason: (unspecified), extra: "DataStructures", roaming: false, failover: false, isAvailable: true]
03-24 14:41:12.451  3025  3025 D libEGL  : eglInitialize EGLDisplay = 0x7ff3f31d28
03-24 14:41:12.471  3025  3025 D libEGL  : eglInitialize EGLDisplay = 0x7ff3f31d28
03-24 14:41:12.891  3670  4552 D ApplicationPolicy: isStatusBarNotificationAllowedAsUser: packageName = com.yandex.browser,userId = 0
03-24 14:41:12.891  3670  4552 I PersonaManager: mKnoxInfo is empty
03-24 14:41:12.891  3670  3670 V NotificationService: notifications are disabled by AppOps for com.yandex.browser
03-24 14:41:12.891  3670  3670 E NotificationService: Suppressing notification from package com.yandex.browser by user request.
03-24 14:41:13.021  3915  3915 D ConnectivityManager: requestNetwork; getAppId(CallingUid) : 10175, CallingPid : 3915
03-24 14:41:13.021  3670  4947 D ConnectivityService: listenForNetwork for Listen from uid/pid:10175/3915 for NetworkRequest [ id=246, legacyType=-1, [ Capabilities: INTERNET&NOT_RESTRICTED&TRUSTED] ]
03-24 14:41:13.021  3670  4029 D ConnectivityService: rematching NetworkAgentInfo [WIFI () - 510]
03-24 14:41:13.021  3670  4029 D ConnectivityService:  network has: NetworkAgentInfo{ ni{[type: WIFI[] - WIFI, state: CONNECTED/CONNECTED, reason: (unspecified), extra: "DataStructures", roaming: false, failover: false, isAvailable: true]}  network{510}  lp{{InterfaceName: wlan0 LinkAddresses: [fe80::ee9b:f3ff:fe73:43e9/64,192.168.0.174/24,]  Routes: [fe80::/64 -> :: wlan0,192.168.0.0/24 -> 0.0.0.0 wlan0,0.0.0.0/0 -> 192.168.0.1 wlan0,] DnsAddresses: [192.168.0.1,] Domains:  MTU: 0 TcpBufferSizes: 524288,1048576,4525824,524288,1048576,4525824}}  nc{[ Transports: WIFI Capabilities: INTERNET&NOT_RESTRICTED&TRUSTED&NOT_VPN&VALIDATED LinkUpBandwidth>=1048576Kbps LinkDnBandwidth>=1048576Kbps SignalStrength: -33]}  Score{60}  everValidated{true}  lastValidated{true}  created{true} lingering{false} explicitlySelected{false} acceptUnvalidated{false} everCaptivePortalDetected{false} lastCaptivePortalDetected{false} }
03-24 14:41:13.021  3670  4029 D ConnectivityService:   checking if request is: NetworkRequest [ id=10, legacyType=-1, [ Capabilities: INTERNET&NOT_RESTRICTED&TRUSTED&NOT_VPN] ] satisfies: true nri.isRequest: false
03-24 14:41:13.021  3670  4029 D ConnectivityService:   checking if request is: NetworkRequest [ id=30, legacyType=-1, [ Capabilities: INTERNET&NOT_RESTRICTED&TRUSTED] ] satisfies: true nri.isRequest: false
03-24 14:41:13.021  3670  4029 D ConnectivityService:   checking if request is: NetworkRequest [ id=5, legacyType=-1, [ Transports: WIFI Capabilities: INTERNET&NOT_RESTRICTED&TRUSTED&NOT_VPN] ] satisfies: true nri.isRequest: false
03-24 14:41:13.021  3670  4029 D ConnectivityService:   checking if request is: NetworkRequest [ id=245, legacyType=-1, [ Capabilities: INTERNET&NOT_RESTRICTED&TRUSTED] ] satisfies: true nri.isRequest: false
03-24 14:41:13.021  3670  4029 D ConnectivityService:   checking if request is: NetworkRequest [ id=246, legacyType=-1, [ Capabilities: INTERNET&NOT_RESTRICTED&TRUSTED] ] satisfies: true nri.isRequest: false
03-24 14:41:13.021  3670  4029 D ConnectivityService: Network NetworkAgentInfo [WIFI () - 510] was already satisfying request 1. No change.
03-24 14:41:13.021  3670  4029 D ConnectivityService:   checking if request is: NetworkRequest [ id=3, legacyType=-1, [] ] satisfies: true nri.isRequest: false
03-24 14:41:13.021  3670  4029 D ConnectivityService:   checking if request is: NetworkRequest [ id=4, legacyType=-1, [ Transports: CELLULAR Capabilities: INTERNET&NOT_RESTRICTED&TRUSTED&NOT_VPN] ] satisfies: false nri.isRequest: false
03-24 14:41:13.021  3670  4029 D ConnectivityService:   checking if request is: NetworkRequest [ id=226, legacyType=-1, [ Capabilities: INTERNET&NOT_RESTRICTED&TRUSTED] ] satisfies: true nri.isRequest: false
03-24 14:41:13.021  3670  4029 D ConnectivityService:   checking if request is: NetworkRequest [ id=29, legacyType=-1, [ Capabilities: INTERNET&NOT_RESTRICTED&TRUSTED] ] satisfies: true nri.isRequest: false
03-24 14:41:13.021  3670  4029 D ConnectivityService:   checking if request is: NetworkRequest [ id=228, legacyType=-1, [ Capabilities: INTERNET&NOT_RESTRICTED&TRUSTED] ] satisfies: true nri.isRequest: false
03-24 14:41:13.021  3670  4029 D ConnectivityService: sending notification AVAILABLE for NetworkRequest [ id=246, legacyType=-1, [ Capabilities: INTERNET&NOT_RESTRICTED&TRUSTED] ]
03-24 14:41:13.071  3915  4334 D skia    : --- SkImageDecoder::Factory returned null
03-24 14:41:13.081  3915  4334 D skia    : --- SkImageDecoder::Factory returned null
03-24 14:41:13.081  3915  4334 D skia    : --- SkImageDecoder::Factory returned null
03-24 14:41:13.091  3915  4334 D skia    : --- SkImageDecoder::Factory returned null
03-24 14:41:13.101  3915  4334 D skia    : --- SkImageDecoder::Factory returned null
03-24 14:41:13.121  3670  4524 D PackageManager: setEnabledSetting : userId = 0 packageName = com.yandex.browser cmp = com.yandex.alice.shortcut.activities.AliceShortcutActivity newState = 1 callingPackage = 10175
03-24 14:41:13.131  3670  4952 I PersonaManager: mKnoxInfo is empty
03-24 14:41:13.141  3670  4946 I PersonaManager: mKnoxInfo is empty
03-24 14:41:14.451  3915  3936 W System.err: remove failed: ENOENT (No such file or directory) : /data/user/0/com.yandex.browser/shared_prefs/ya_traffic_usage_stat.xml.bak
03-24 14:41:14.691  3037  3741 D EnterpriseController: netId is 0
03-24 14:41:14.691  3037  3741 D Netd    : getNetworkForDns: using netid 510 for uid 10175
03-24 14:41:14.691  3037  3741 D EnterpriseController: netId is 0
03-24 14:41:14.691  3037  3741 D Netd    : getNetworkForDns: using netid 510 for uid 10175
03-24 14:41:14.691  3037  3741 D EnterpriseController: netId is 0
03-24 14:41:14.691  3037  3741 D Netd    : getNetworkForDns: using netid 510 for uid 10175
03-24 14:41:14.841  3670  4947 D BatteryService: !@BatteryListener : batteryPropertiesChanged!
03-24 14:41:14.841  3670  4947 D BatteryService: level:92, scale:100, status:2, health:2, present:true, voltage: 4241, temperature: 298, technology: Li-ion, AC powered:false, USB powered:true, POGO powered:false, Wireless powered:false, icon:17303414, invalid charger:0, maxChargingCurrent:0
03-24 14:41:14.841  3670  4947 D BatteryService: online:4, current avg:-63, charge type:1, power sharing:false, high voltage charger:false, capacity:280000, batterySWSelfDischarging:false, current_now:-27
03-24 14:41:14.841  3670  3670 D BatteryService: Sending ACTION_BATTERY_CHANGED.
03-24 14:41:14.841  3670  3670 I MotionRecognitionService: Plugged
03-24 14:41:14.851  3670  3670 E MotionRecognitionService: support TA ~
03-24 14:41:14.851  3670  3670 I MotionRecognitionService: isTAConnected | current backoffstate  = 33792
03-24 14:41:14.851  3670  3670 D MotionRecognitionService:  TA connected ,  33792
03-24 14:41:14.851  3670  3670 I MotionRecognitionService: skip setTransmitPower. 
03-24 14:41:14.851  3670  3670 D MotionRecognitionService:   cableConnection= 1
03-24 14:41:14.851  3670  3670 D MotionRecognitionService: setPowerConnected | current backoffstate  = 33792 , state =33792
03-24 14:41:14.851  3670  3670 D MotionRecognitionService: skip setTransmitPower. 
03-24 14:41:14.861  4103  4103 D KeyguardUpdateMonitor: received broadcast android.intent.action.BATTERY_CHANGED
03-24 14:41:14.871  4103  4103 D PowerUI : priorPlugType = 2 mPlugType =  2
03-24 14:41:14.871  4103  4103 D PowerUI.Notification: showChargingNotice oldChargingType : 1 currentChargingType : 1 oldChargingTime : 1574000 mChargingTime : 1574000
03-24 14:41:14.871  4103  4103 D KeyguardUpdateMonitor: handleBatteryUpdate
03-24 14:41:14.871  4103  4103 D PowerUI.Notification: There is no change about charging status, so return!
03-24 14:41:14.901  4103  4103 D BatteryMeterView: ACTION_BATTERY_CHANGED : level:92 status:2 health:2
03-24 14:41:14.901  4103  4103 D BatteryMeterView: ACTION_BATTERY_CHANGED : level:92 status:2 health:2
03-24 14:41:15.161  3670  3930 D PackageManager: [MSG] WRITE_PACKAGE_RESTRICTIONS
03-24 14:41:15.181  3670  3930 W System.err: remove failed: ENOENT (No such file or directory) : /data/system/users/0/package-restrictions.xml.bak
03-24 14:41:15.561  3915  4334 D skia    : --- SkImageDecoder::Factory returned null
03-24 14:41:15.561  3915  4334 D skia    : --- SkImageDecoder::Factory returned null
03-24 14:41:15.561  3915  4334 D skia    : --- SkImageDecoder::Factory returned null
03-24 14:41:15.571  3915  4334 D skia    : --- SkImageDecoder::Factory returned null
03-24 14:41:16.941  3670  4283 E Watchdog: !@Sync 2322 [03-24 14:41:16.945]
03-24 14:41:17.281  4285  4348 D ContactsProvider_EventLog: contents_sample_state: [ contacts(0) data(0) accounts({}) accounts deleted({}) calls([])  ]
03-24 14:41:17.281  4285  4348 D ContactsProvider_EventLog: contents_sample_state: [ agr({})  ]
03-24 14:41:17.561  4285  4348 E ContactsProvider_EventLog: Flush buffer to file cnt : 12 size : 3Kb duration : 265ms lastUpdatedAfter : 60190 ms mFlush_time_threasold : 2000 mCurrentSize : 2016
03-24 14:41:17.641  3670  3796 W ActivityManager: Activity stop timeout for ActivityRecord{9b79b u0 com.example.myapplication/.MainActivity t99}
03-24 14:41:20.971  3670  6805 D SSRM:n  : SIOP:: AP = 380, PST = 376 (W:20), CP = 286, CUR = -63, LCD = 113
03-24 14:41:21.061  3670  6805 D ConnectivityService: returning getNetworkInfo for network type 1 : [type: WIFI[] - WIFI, state: CONNECTED/CONNECTED, reason: (unspecified), extra: "DataStructures", roaming: false, failover: false, isAvailable: true]
03-24 14:41:24.901  3670  4550 D BatteryService: !@BatteryListener : batteryPropertiesChanged!
03-24 14:41:24.901  3670  4550 D BatteryService: level:92, scale:100, status:2, health:2, present:true, voltage: 4262, temperature: 299, technology: Li-ion, AC powered:false, USB powered:true, POGO powered:false, Wireless powered:false, icon:17303414, invalid charger:0, maxChargingCurrent:0
03-24 14:41:24.901  3670  4550 D BatteryService: online:4, current avg:60, charge type:1, power sharing:false, high voltage charger:false, capacity:280000, batterySWSelfDischarging:false, current_now:222
03-24 14:41:24.901  3670  3670 D BatteryService: Sending ACTION_BATTERY_CHANGED.
03-24 14:41:24.901  3670  3670 I MotionRecognitionService: Plugged
03-24 14:41:24.901  3670  3670 E MotionRecognitionService: support TA ~
03-24 14:41:24.901  3670  3670 I MotionRecognitionService: isTAConnected | current backoffstate  = 33792
03-24 14:41:24.901  3670  3670 D MotionRecognitionService:  TA connected ,  33792
03-24 14:41:24.901  3670  3670 I MotionRecognitionService: skip setTransmitPower. 
03-24 14:41:24.901  3670  3670 D MotionRecognitionService:   cableConnection= 1
03-24 14:41:24.901  3670  3670 D MotionRecognitionService: setPowerConnected | current backoffstate  = 33792 , state =33792
03-24 14:41:24.901  3670  3670 D MotionRecognitionService: skip setTransmitPower. 
03-24 14:41:24.911  4103  4103 D KeyguardUpdateMonitor: received broadcast android.intent.action.BATTERY_CHANGED
03-24 14:41:24.911  4103  4103 D PowerUI : priorPlugType = 2 mPlugType =  2
03-24 14:41:24.911  4103  4103 D PowerUI.Notification: showChargingNotice oldChargingType : 1 currentChargingType : 1 oldChargingTime : 1574000 mChargingTime : 1574000
03-24 14:41:24.911  4103  4103 D KeyguardUpdateMonitor: handleBatteryUpdate
03-24 14:41:24.911  4103  4103 D PowerUI.Notification: There is no change about charging status, so return!
03-24 14:41:24.941  4103  4103 D BatteryMeterView: ACTION_BATTERY_CHANGED : level:92 status:2 health:2
03-24 14:41:24.941  4103  4103 D BatteryMeterView: ACTION_BATTERY_CHANGED : level:92 status:2 health:2
03-24 14:41:31.101  3670  6805 D SSRM:n  : SIOP:: AP = 370, PST = 378 (W:20), CP = 287, CUR = 60, LCD = 113
03-24 14:41:32.311  3670  3980 V AlarmManager: Expired Alarm result :8
03-24 14:41:32.341  3670  3796 V BroadcastQueue: [background] Process cur broadcast BroadcastRecord{3cf8ad8 u0 null qIdx=4}, state= (APP_RECEIVE) DELIVERED for app ProcessRecord{49f3f4c 4932:com.google.android.gms.persistent/u0a15}
03-24 14:41:32.341  3670  4143 I PersonaManager: mKnoxInfo is empty
03-24 14:41:32.391  3670  4952 I PersonaManager: mKnoxInfo is empty
03-24 14:41:32.431  3670  3697 I PersonaManager: mKnoxInfo is empty
03-24 14:41:32.501  4932  4771 D SecWifiDisplayUtil: Metadata value : SecSettings2
03-24 14:41:34.931  3670  4550 D BatteryService: !@BatteryListener : batteryPropertiesChanged!
03-24 14:41:34.931  3670  4550 D BatteryService: level:92, scale:100, status:2, health:2, present:true, voltage: 4272, temperature: 298, technology: Li-ion, AC powered:false, USB powered:true, POGO powered:false, Wireless powered:false, icon:17303414, invalid charger:0, maxChargingCurrent:0
03-24 14:41:34.931  3670  4550 D BatteryService: online:4, current avg:143, charge type:1, power sharing:false, high voltage charger:false, capacity:280000, batterySWSelfDischarging:false, current_now:290
03-24 14:41:34.931  3670  3670 D BatteryService: Sending ACTION_BATTERY_CHANGED.
03-24 14:41:34.931  3670  3670 I MotionRecognitionService: Plugged
03-24 14:41:34.931  3670  3670 E MotionRecognitionService: support TA ~
03-24 14:41:34.931  3670  3670 I MotionRecognitionService: isTAConnected | current backoffstate  = 33792
03-24 14:41:34.931  3670  3670 D MotionRecognitionService:  TA connected ,  33792
03-24 14:41:34.931  3670  3670 I MotionRecognitionService: skip setTransmitPower. 
03-24 14:41:34.931  3670  3670 D MotionRecognitionService:   cableConnection= 1
03-24 14:41:34.931  3670  3670 D MotionRecognitionService: setPowerConnected | current backoffstate  = 33792 , state =33792
03-24 14:41:34.931  3670  3670 D MotionRecognitionService: skip setTransmitPower. 
03-24 14:41:34.941  4103  4103 D KeyguardUpdateMonitor: received broadcast android.intent.action.BATTERY_CHANGED
03-24 14:41:34.941  4103  4103 D PowerUI : priorPlugType = 2 mPlugType =  2
03-24 14:41:34.941  4103  4103 D PowerUI.Notification: showChargingNotice oldChargingType : 1 currentChargingType : 1 oldChargingTime : 1574000 mChargingTime : 1574000
03-24 14:41:34.941  4103  4103 D PowerUI.Notification: There is no change about charging status, so return!
03-24 14:41:34.941  4103  4103 D KeyguardUpdateMonitor: handleBatteryUpdate
03-24 14:41:34.961  4103  4103 D BatteryMeterView: ACTION_BATTERY_CHANGED : level:92 status:2 health:2
03-24 14:41:34.961  4103  4103 D BatteryMeterView: ACTION_BATTERY_CHANGED : level:92 status:2 health:2
03-24 14:41:36.651  4805  4805 I FIPS_bssl: FIPS approved mode (1) | 4805 | app_process
03-24 14:41:36.661  4805  4805 D AndroidRuntime: >>>>>> START com.android.internal.os.RuntimeInit uid 2000 <<<<<<
03-24 14:41:36.661  4805  4805 D AndroidRuntime: CheckJNI is OFF
03-24 14:41:36.661  4805  4805 D AndroidRuntime: readGMSProperty: start
03-24 14:41:36.661  4805  4805 D AndroidRuntime: readGMSProperty: already setted!!
03-24 14:41:36.661  4805  4805 D AndroidRuntime: propertySet: couldn't set property (it is from app)
03-24 14:41:36.661  4805  4805 D AndroidRuntime: readGMSProperty: could not set the property(default)!!
03-24 14:41:36.661  4805  4805 D AndroidRuntime: readGMSProperty: end
03-24 14:41:36.661  4805  4805 D AndroidRuntime: addProductProperty: start
03-24 14:41:36.691  4805  4805 D ICU     : No timezone override file found: /data/misc/zoneinfo/current/icu/icu_tzdata.dat
03-24 14:41:36.711  4805  4805 I Radio-JNI: register_android_hardware_Radio DONE
03-24 14:41:36.721  4805  4805 E AffinityControl: AffinityControl: registerfunction enter
03-24 14:41:36.731  4805  4805 D AndroidRuntime: Calling main entry com.android.commands.am.Am
03-24 14:41:36.731  3670  3697 I ActivityManager: Force stopping com.yandex.browser appid=10175 user=0: from pid 4805
03-24 14:41:36.731  3670  3697 I PersonaManager: mKnoxInfo is empty
03-24 14:41:36.731  3670  3697 I PersonaManager: mKnoxInfo is empty
03-24 14:41:36.731  3670  3697 I PersonaManager: mKnoxInfo is empty
03-24 14:41:36.731  3670  3697 I PersonaManager: mKnoxInfo is empty
03-24 14:41:36.731  3670  3697 I PersonaManager: mKnoxInfo is empty
03-24 14:41:36.731  3670  3697 I ActivityManager: Killing 4271:com.yandex.browser:privileged_process2/u0a175 (adj 1): stop com.yandex.browser cause from pid 4805
03-24 14:41:36.741  3670  3697 D ActivityManager: cleanUpApplicationRecord -- 4271
03-24 14:41:36.741  3670  3697 D ActivityManager: isAutoRunBlockedApp:: com.yandex.browser, Auto Run ON
03-24 14:41:36.741  3670  3697 W ActivityManager: Scheduling restart of crashed service com.yandex.browser/org.chromium.content.app.PrivilegedProcessService2 in 1000ms
03-24 14:41:36.741  3670  3697 I ActivityManager: Killing 3949:com.yandex.browser:Metrica/u0a175 (adj 1): stop com.yandex.browser cause from pid 4805
03-24 14:41:36.741  3670  3697 D ActivityManager: cleanUpApplicationRecord -- 3949
03-24 14:41:36.741  3670  3697 D ActivityManager: isAutoRunBlockedApp:: com.yandex.browser, Auto Run ON
03-24 14:41:36.741  3670  3697 W ActivityManager: Scheduling restart of crashed service com.yandex.browser/com.yandex.metrica.MetricaService in 10999ms
03-24 14:41:36.741  3670  3697 W ActivityManager: Scheduling restart of crashed service com.yandex.browser/com.yandex.metrica.ConfigurationService in 20999ms
03-24 14:41:36.741  3670  3697 I ActivityManager: Killing 4122:com.yandex.browser:passport/u0a175 (adj 9): stop com.yandex.browser cause from pid 4805
03-24 14:41:36.741  3670  3697 D ActivityManager: cleanUpApplicationRecord -- 4122
03-24 14:41:36.741  3670  3697 D ActivityManager: isAutoRunBlockedApp:: com.yandex.browser, Auto Run ON
03-24 14:41:36.741  3670  3697 I ActivityManager: Killing 4150:com.yandex.browser:firstscreen/u0a175 (adj 0): stop com.yandex.browser cause from pid 4805
03-24 14:41:36.741  3670  3697 D ActivityManager: cleanUpApplicationRecord -- 4150
03-24 14:41:36.741  3670  3697 D InputDispatcher: Focused application set to: xxxx
03-24 14:41:36.741  3670  3697 D ActivityManager: isAutoRunBlockedApp:: com.yandex.browser, Auto Run ON
03-24 14:41:36.741  3670  3697 W ActivityManager: Force removing ActivityRecord{7c1e02a u0 com.yandex.browser/.firstscreen.FirstScreenActivity t115}: app died, no saved state
03-24 14:41:36.751  4103  4103 D PhoneStatusBar: setSystemUiVisibility vis=400 mask=ffffffff oldVal=0 newVal=400 diff=400
03-24 14:41:36.751  3670  3798 D StatusBarManagerService: manageDisableList userId=0 what=0x0 pkg=Window{2f86b64 u0 d0 com.yandex.browser/com.yandex.browser.YandexBrowserMainActivity}
03-24 14:41:36.751  3670  3697 D InputDispatcher: Focus left window: 4150
03-24 14:41:36.751  3670  3697 D InputDispatcher: Focus entered window: 3915
03-24 14:41:36.751  3025  3210 I SurfaceFlinger: id=506 Removed GirstScreen (8/10)
03-24 14:41:36.751  3025  3210 I SurfaceFlinger: id=506 Removed GirstScreen (-2/10)
03-24 14:41:36.761  3670  3697 D CustomFrequencyManagerService: acquireDVFSLockLocked : type : DVFS_MIN_LIMIT  frequency : 1800000  uid : 1000  pid : 3670  pkgName : ACTIVITY_RESUME_BOOSTER@3
03-24 14:41:36.761  3670  3884 D PointerIcon: setMouseIconStyle1 pointerType: 1001 iconType:101 flag:0 pid:3670 uid:1000
03-24 14:41:36.761  3670  3884 D PointerIcon: setMouseCustomIcon IconType is same.101
03-24 14:41:36.761  3670  3697 D ActivityManager: mDVFSHelper.acquire()
03-24 14:41:36.761  3670  3697 D ActivityManager:  Launching com.yandex.browser, updated priority
03-24 14:41:36.761  3670  4452 D InputMethodManagerService: windowGainedFocus mCurrentFocusedUserId - 0 and mSecureKeypadEnabled-false
03-24 14:41:36.761  3670  3697 V WindowOrientationListener: setCurrentAppOrientation :7
03-24 14:41:36.761  3670  3697 V WindowOrientationListener: OrientationSensorJudge.getProposedRotation, Rotation: -1
03-24 14:41:36.761  3670  3697 V WindowManager: rotationForOrientationLw(orient=7, last=0); user=0  sensorRotation=-1 mLidState=-1 mDockMode=0 mHdmiPlugged=false mMobileKeyboardEnabled=false displayId=0
03-24 14:41:36.761  3670  3697 V WindowOrientationListener: OrientationSensorJudge.getProposedRotation, Rotation: -1
03-24 14:41:36.761  3670  3670 D GameManagerService: NotifyRunnable. pkg: com.yandex.browser, type: 4, isMinimized: false, isTunableApp: false
03-24 14:41:36.761 18067 18067 D SamsungIME: IMPL finishInput
03-24 14:41:36.761 18067 18067 D SamsungIME: SwiftKeyWrapper writeDBdataToFileOnFinishInput
03-24 14:41:36.761 18067 18067 D SamsungIME: saveAndClear +
03-24 14:41:36.761 18067 18067 D SamsungIME: saveAndClear -
03-24 14:41:36.761  3670  3796 V MARsPolicyManager: updatePackagesScore PackageInfo name -- com.yandex.browser
03-24 14:41:36.761  3025  3025 D libEGL  : eglTerminate EGLDisplay = 0x7ff3f31e28
03-24 14:41:36.761 18067 18067 D SamsungIME: onStartInput: No inputType, No imeOption, isInputViewShown = false, isExtractViewShown = false, isShowInputRequested = false, isConfigChanged = false
03-24 14:41:36.761  3025  3025 D libEGL  : eglTerminate EGLDisplay = 0x7ff3f31e28
03-24 14:41:36.761  3025  3025 D libEGL  : eglTerminate EGLDisplay = 0x7ff3f31e28
03-24 14:41:36.761  3670  3697 I ActivityManager: Killing 3915:com.yandex.browser/u0a175 (adj 0): stop com.yandex.browser cause from pid 4805
03-24 14:41:36.771  3670  3697 D ActivityManager: cleanUpApplicationRecord -- 3915
03-24 14:41:36.771  3670  3697 D ActivityManager: isAutoRunBlockedApp:: com.yandex.browser, Auto Run ON
03-24 14:41:36.771  4839  4839 E Zygote  : v2
03-24 14:41:36.771  4839  4839 I libpersona: KNOX_SDCARD checking this for 10175
03-24 14:41:36.771  4839  4839 I libpersona: KNOX_SDCARD not a persona
03-24 14:41:36.771  4839  4839 W SELinux : Function: selinux_compare_spd_ram, index[1], priority [2], priority version is VE=SEPF_SECMOBILE_6.0.1_0003
03-24 14:41:36.781  4839  4839 E Zygote  : accessInfo : 0
03-24 14:41:36.781  4839  4839 W SELinux : SELinux: seapp_context_lookup: seinfo=default, level=s0:c512,c768, pkgname=com.yandex.browser 
03-24 14:41:36.781  3670  3697 I ActivityManager: Start proc 4839:com.yandex.browser/u0a175 for activity com.yandex.browser/.YandexBrowserMainActivity
03-24 14:41:36.781  3670  3697 I ActivityManager:   Force finishing activity ActivityRecord{3174e46 u0 com.yandex.browser/.YandexBrowserMainActivity t115}
03-24 14:41:36.791  3670  3670 D GameManagerService: NotifyRunnable. pkg: com.example.myapplication, type: 4, isMinimized: false, isTunableApp: false
03-24 14:41:36.791  4805  4805 D AndroidRuntime: Shutting down VM
03-24 14:41:36.791  3670  4019 D NetworkPolicy: isUidForegroundLocked: 10175, mScreenOn: true, uidstate: 16, mProxSensorScreenOff: false
03-24 14:41:36.791  3670  4019 D NetworkPolicy: isUidForegroundLocked: 10185, mScreenOn: true, uidstate: 2, mProxSensorScreenOff: false
03-24 14:41:36.791  3670  3796 V MARsPolicyManager: updatePackagesScore PackageInfo name -- com.example.myapplication
03-24 14:41:36.791  3670  3884 D ViewRootImpl: #1 mView = com.android.internal.policy.PhoneWindow$DecorView{a6b83ab V.E...... R.....ID 0,0-0,0}
03-24 14:41:36.791  3670  3884 D SecWifiDisplayUtil: Metadata value : SecSettings2
03-24 14:41:36.801  3670  3796 D InputDispatcher: Focus left window: 3915
03-24 14:41:36.801  3670  6805 D GameManagerService: identifyGamePackage. com.example.myapplication
03-24 14:41:36.801  3670  6805 D GameManagerService: identifyGamePackage. com.example.myapplication
03-24 14:41:36.801  3025  4439 I SurfaceFlinger: id=507 Removed TurfaceView (5/9)
03-24 14:41:36.801  3025  3210 I SurfaceFlinger: id=507 Removed TurfaceView (-2/9)
03-24 14:41:36.801  3025  3212 I SurfaceFlinger: id=505 Removed ZandexBrows (6/8)
03-24 14:41:36.801  3025  4439 I SurfaceFlinger: id=505 Removed ZandexBrows (-2/8)
03-24 14:41:36.801  3670  3796 D InputDispatcher: Focus entered window: 30395
03-24 14:41:36.801  3670  3796 D InputDispatcher: Focused application released
03-24 14:41:36.811  3670  3884 W WindowManager: Attempted to add application window with unknown token Token{ae9d807 ActivityRecord{3174e46 u0 com.yandex.browser/.YandexBrowserMainActivity t115 f}}.  Aborting.
03-24 14:41:36.811  3670  3884 D ViewRootImpl: #3 mView = null
03-24 14:41:36.811  3670  3884 W WindowManager: Token{ae9d807 ActivityRecord{3174e46 u0 com.yandex.browser/.YandexBrowserMainActivity t115 f}} already running, starting window not displayed. Unable to add window -- token Token{ae9d807 ActivityRecord{3174e46 u0 com.yandex.browser/.YandexBrowserMainActivity t115 f}} is not valid; is your activity running?
03-24 14:41:36.811  3670  3884 W WindowManager: view not successfully added to wm, removing view
03-24 14:41:36.811  3025  3025 D libEGL  : eglTerminate EGLDisplay = 0x7ff3f31e28
03-24 14:41:36.811  3025  3025 D libEGL  : eglTerminate EGLDisplay = 0x7ff3f31e28
03-24 14:41:36.811  3025  3025 D libEGL  : eglTerminate EGLDisplay = 0x7ff3f31e28
03-24 14:41:36.811  3025  3025 D libEGL  : eglTerminate EGLDisplay = 0x7ff3f31e28
03-24 14:41:36.811  3670  3670 V AlarmManager: Remove alarm for next reason : android.intent.action.PACKAGE_RESTARTED : package: com.yandex.browser
03-24 14:41:36.821  4839  4839 W ResourcesManager: getTopLevelResources: /data/app/com.yandex.browser-1/base.apk / 1.0 running in com.yandex.browser rsrc of package com.yandex.browser
03-24 14:41:36.821  3670  3884 W WindowManager: Exception when adding starting window
03-24 14:41:36.821  3670  3884 W WindowManager: java.lang.IllegalArgumentException: View=com.android.internal.policy.PhoneWindow$DecorView{a6b83ab V.E...... R.....ID 0,0-0,0} not attached to window manager
03-24 14:41:36.821  3670  3884 W WindowManager: 	at android.view.WindowManagerGlobal.findViewLocked(WindowManagerGlobal.java:451)
03-24 14:41:36.821  3670  3884 W WindowManager: 	at android.view.WindowManagerGlobal.removeView(WindowManagerGlobal.java:377)
03-24 14:41:36.821  3670  3884 W WindowManager: 	at android.view.WindowManagerImpl.removeViewImmediate(WindowManagerImpl.java:122)
03-24 14:41:36.821  3670  3884 W WindowManager: 	at com.android.server.policy.PhoneWindowManager.addStartingWindow(PhoneWindowManager.java:4452)
03-24 14:41:36.821  3670  3884 W WindowManager: 	at com.android.server.wm.WindowManagerService$H.handleMessage(WindowManagerService.java:13508)
03-24 14:41:36.821  3670  3884 W WindowManager: 	at android.os.Handler.dispatchMessage(Handler.java:102)
03-24 14:41:36.821  3670  3884 W WindowManager: 	at android.os.Looper.loop(Looper.java:158)
03-24 14:41:36.821  3670  3884 W WindowManager: 	at android.os.HandlerThread.run(HandlerThread.java:61)
03-24 14:41:36.821  3670  3884 W WindowManager: 	at com.android.server.ServiceThread.run(ServiceThread.java:46)
03-24 14:41:36.821  3670  4550 I InjectionManagerService -AppFeature: getCoreFeaturePkgList :[]
03-24 14:41:36.821  4839  4839 I InjectionManager: Inside getClassLibPath + mLibMap{0=, 1=}
03-24 14:41:36.831  3670  3796 V BroadcastQueue: [background] Process cur broadcast BroadcastRecord{f5ff5a1 u0 android.intent.action.PACKAGE_RESTARTED qIdx=4}, state= (APP_RECEIVE) DELIVERED for app ProcessRecord{a8b6d0a 3670:system/1000}
03-24 14:41:36.831  3670  3798 D StatusBarManagerService: manageDisableList userId=0 what=0x0 pkg=Window{b607281 u0 d0 com.example.myapplication/com.example.myapplication.MainActivity}
03-24 14:41:36.831  4839  4839 D ResourcesManager: For user 0 new overlays fetched Null
03-24 14:41:36.831  4383  4383 I PersonaManager: mKnoxInfo is empty
03-24 14:41:36.831  4839  4839 I InjectionManager: Inside getClassLibPath caller 
03-24 14:41:36.831  3670  3670 V BroadcastQueue: [background] Process cur broadcast BroadcastRecord{f5ff5a1 u0 android.intent.action.PACKAGE_RESTARTED qIdx=4}, state= (APP_RECEIVE) DELIVERED for app ProcessRecord{90f0323 31960:com.sec.android.app.soundalive/u0a62}
03-24 14:41:36.831  4383  4383 I PersonaManager: mKnoxInfo is empty
03-24 14:41:36.831  4383  4383 I PersonaManager: mKnoxInfo is empty
03-24 14:41:36.831  3670  3884 D PointerIcon: setMouseIconStyle1 pointerType: 1001 iconType:101 flag:0 pid:3670 uid:1000
03-24 14:41:36.831  3670  3884 D PointerIcon: setMouseCustomIcon IconType is same.101
03-24 14:41:36.831  4103  4103 D PhoneStatusBar: setSystemUiVisibility vis=8600 mask=ffffffff oldVal=400 newVal=8600 diff=8200
03-24 14:41:36.841  4383  4383 D ApduServiceInfo: seId: 0
03-24 14:41:36.841  4383  4383 W ResourcesManager: getTopLevelResources: /data/app/com.google.android.gms-1/base.apk / 1.0 running in com.android.nfc rsrc of package com.google.android.gms
03-24 14:41:36.841  4383  4383 I PersonaManager: mKnoxInfo is empty
03-24 14:41:36.841  4383  4383 W ResourcesManager: getTopLevelResources: /data/app/com.google.android.gms-1/base.apk / 1.0 running in com.android.nfc rsrc of package com.google.android.gms
03-24 14:41:36.841 31960 31960 D SAControlPanelReceiver: *****onReceive()*****
03-24 14:41:36.841 31960 31960 D SAControlPanelReceiver: Action: android.intent.action.PACKAGE_RESTARTED
03-24 14:41:36.851  3670  4409 V BroadcastQueue: [background] Process cur broadcast BroadcastRecord{f5ff5a1 u0 android.intent.action.PACKAGE_RESTARTED qIdx=4}, state= (APP_RECEIVE) DELIVERED for app ProcessRecord{126ce28 24150:com.sec.android.daemonapp/u0a145}
03-24 14:41:36.851  4839  4839 I MultiDex: Installing application
03-24 14:41:36.851  4839  4839 I MultiDex: VM with version 2.1.0 has multidex support
03-24 14:41:36.851  4839  4839 I MultiDex: VM has multidex support, MultiDex support library is disabled.
03-24 14:41:36.851  4839  4839 I cr_base_multidex: Completed multidex installation.
03-24 14:41:36.851 24150 24150 D [WeatherWidget(1236)]  ClearDataReceiver: {[2B4A2AC40B5A9FD87A06E8EADDAC90140D0735C4111B00ED5A4BFDD943296A603CF64C72E7F3E6D25FF9ACC8831CFEFA3E34FF6EAD00357EC7386503FB76F1C38DE7DC83CE464FCACDBF41BB39AB7B05023F96E9DCA7279B4E8058678F36E23C157845DF34E1F36630444A53E4EA5934]}
03-24 14:41:36.851  3670  6805 D ConnectivityService: returning getNetworkInfo for network type 1 : [type: WIFI[] - WIFI, state: CONNECTED/CONNECTED, reason: (unspecified), extra: "DataStructures", roaming: false, failover: false, isAvailable: true]
03-24 14:41:36.861  3670  4421 D ConnectivityService: ConnectivityService NetworkRequestInfo binderDied(NetworkRequest [ id=246, legacyType=-1, [ Capabilities: INTERNET&NOT_RESTRICTED&TRUSTED] ], android.os.BinderProxy@438d3c6)
03-24 14:41:36.861  3670  4029 D ConnectivityService: releasing NetworkRequest NetworkRequest [ id=246, legacyType=-1, [ Capabilities: INTERNET&NOT_RESTRICTED&TRUSTED] ]
03-24 14:41:36.861  3670  4029 D ConnectivityService: sending notification RELEASED for NetworkRequest [ id=246, legacyType=-1, [ Capabilities: INTERNET&NOT_RESTRICTED&TRUSTED] ]
03-24 14:41:36.861  3670  4452 D GraphicsStats: Buffer count: 8
03-24 14:41:36.861  3670  4016 D ConnectivityService: ConnectivityService NetworkRequestInfo binderDied(NetworkRequest [ id=245, legacyType=-1, [ Capabilities: INTERNET&NOT_RESTRICTED&TRUSTED] ], android.os.BinderProxy@ddcaf87)
03-24 14:41:36.861  3670  4029 E ConnectivityService: RemoteException caught trying to send a callback msg for NetworkRequest [ id=246, legacyType=-1, [ Capabilities: INTERNET&NOT_RESTRICTED&TRUSTED] ]
03-24 14:41:36.861  3670  4029 D ConnectivityService: releasing NetworkRequest NetworkRequest [ id=245, legacyType=-1, [ Capabilities: INTERNET&NOT_RESTRICTED&TRUSTED] ]
03-24 14:41:36.871  3670  4029 D ConnectivityService: sending notification RELEASED for NetworkRequest [ id=245, legacyType=-1, [ Capabilities: INTERNET&NOT_RESTRICTED&TRUSTED] ]
03-24 14:41:36.871  3670  4029 E ConnectivityService: RemoteException caught trying to send a callback msg for NetworkRequest [ id=245, legacyType=-1, [ Capabilities: INTERNET&NOT_RESTRICTED&TRUSTED] ]
03-24 14:41:36.871  3670  4454 D GraphicsStats: Buffer count: 7
03-24 14:41:36.881  3670  6805 D ConnectivityService: returning getNetworkInfo for network type 1 : [type: WIFI[] - WIFI, state: CONNECTED/CONNECTED, reason: (unspecified), extra: "DataStructures", roaming: false, failover: false, isAvailable: true]
03-24 14:41:36.881  3670  6805 D GameManagerService: identifyGamePackage. com.example.myapplication
03-24 14:41:36.911  4839  4839 W System.err: remove failed: ENOENT (No such file or directory) : /data/user/0/com.yandex.browser/files/recovery_cancelled
03-24 14:41:36.921  4839  4866 I AppMetrica: [com.yandex.browser] : [d01c0d44-xxxx-xxxx-xxxx-xxxxxxxx00ad] Initializing of Metrica, Release type, Version 3.4.0, API Level 72, Dated 05.11.2018.
03-24 14:41:36.951  4839  4866 I art     : Rejecting re-init on previously-failed class java.lang.Class<com.yandex.metrica.impl.ob.lb>
03-24 14:41:36.951  4839  4866 I art     : Rejecting re-init on previously-failed class java.lang.Class<com.yandex.metrica.impl.ob.lb>
03-24 14:41:36.971  3670  4947 I PersonaManager: mKnoxInfo is empty
03-24 14:41:36.981  4876  4876 E Zygote  : v2
03-24 14:41:36.981  4876  4876 I libpersona: KNOX_SDCARD checking this for 10175
03-24 14:41:36.981  4876  4876 I libpersona: KNOX_SDCARD not a persona
03-24 14:41:36.981  4876  4876 W SELinux : Function: selinux_compare_spd_ram, index[1], priority [2], priority version is VE=SEPF_SECMOBILE_6.0.1_0003
03-24 14:41:36.981  4876  4876 E Zygote  : accessInfo : 0
03-24 14:41:36.981  4876  4876 W SELinux : SELinux: seapp_context_lookup: seinfo=default, level=s0:c512,c768, pkgname=com.yandex.browser:Metrica 
03-24 14:41:36.981  3670  4947 I ActivityManager: Start proc 4876:com.yandex.browser:Metrica/u0a175 for service com.yandex.browser/com.yandex.metrica.MetricaService
03-24 14:41:37.001  4876  4876 W ResourcesManager: getTopLevelResources: /data/app/com.yandex.browser-1/base.apk / 1.0 running in com.yandex.browser rsrc of package com.yandex.browser
03-24 14:41:37.011  3670  4946 I InjectionManagerService -AppFeature: getCoreFeaturePkgList :[]
03-24 14:41:37.011  4876  4876 I InjectionManager: Inside getClassLibPath + mLibMap{0=, 1=}
03-24 14:41:37.021  4876  4876 D ResourcesManager: For user 0 new overlays fetched Null
03-24 14:41:37.021  4876  4876 I InjectionManager: Inside getClassLibPath caller 
03-24 14:41:37.051  3670  4452 D PackageManager: setEnabledSetting : userId = 0 packageName = com.yandex.browser cmp = com.yandex.browser.InstallReceiver newState = 0 callingPackage = 10175
03-24 14:41:37.051  4876  4876 I MultiDex: Installing application
03-24 14:41:37.051  4876  4876 I MultiDex: VM with version 2.1.0 has multidex support
03-24 14:41:37.051  4876  4876 I MultiDex: VM has multidex support, MultiDex support library is disabled.
03-24 14:41:37.051  4876  4876 I cr_base_multidex: Completed multidex installation.
03-24 14:41:37.061  4876  4876 D InjectionManager: InjectionManager
03-24 14:41:37.061  4876  4876 D InjectionManager: fillFeatureStoreMap com.yandex.browser
03-24 14:41:37.061  4876  4876 I InjectionManager: Constructor com.yandex.browser, Feature store :{}
03-24 14:41:37.061  4876  4876 I InjectionManager: featureStore :{}
03-24 14:41:37.091  4839  4839 I [SL:BaseSearchLibImpl]: SL version: 536
03-24 14:41:37.091  4839  4905 W ResourceType: No package identifier when getting value for resource number 0x00000000
03-24 14:41:37.091  4839  4839 D InjectionManager: InjectionManager
03-24 14:41:37.091  4839  4839 D InjectionManager: fillFeatureStoreMap com.yandex.browser
03-24 14:41:37.101  4839  4839 I InjectionManager: Constructor com.yandex.browser, Feature store :{}
03-24 14:41:37.101  4839  4839 I InjectionManager: featureStore :{}
03-24 14:41:37.101  3670  4016 V AlarmManager:  remove PendingIntent] PendingIntent{402087f: PendingIntentRecord{3009c59 com.yandex.browser startService}}
03-24 14:41:37.101  3670  4452 I PersonaManager: mKnoxInfo is empty
03-24 14:41:37.101  3670  4454 D PackageManager: setEnabledSetting : userId = 0 packageName = com.yandex.browser cmp = ru.yandex.searchlib.notification.BarMarkerService newState = 2 callingPackage = 10175
03-24 14:41:37.111  3670  4409 D PackageManager: setEnabledSetting : userId = 0 packageName = com.yandex.browser cmp = ru.yandex.searchlib.notification.NotificationConnectivityBroadcastReceiver newState = 2 callingPackage = 10175
03-24 14:41:37.131  3670  4952 I PersonaManager: mKnoxInfo is empty
03-24 14:41:37.131  4876  4916 I AppMetrica: [com.yandex.browser] : [] Initializing of Metrica, Release type, Version 3.4.0, API Level 72, Dated 05.11.2018.
03-24 14:41:37.151  3670  4454 I PersonaManager: mKnoxInfo is empty
03-24 14:41:37.161  3670  4552 I PersonaManager: mKnoxInfo is empty
03-24 14:41:37.171  3670  4946 I PersonaManager: mKnoxInfo is empty
03-24 14:41:37.171  3670  3931 D PackageManager: setEnabledSetting : userId = 0 packageName = com.yandex.browser cmp = com.yandex.browser.publicwifi.WifiStateMonitorReceiver newState = 1 callingPackage = 10175
03-24 14:41:37.191  3670  4947 V AlarmManager:  remove PendingIntent] PendingIntent{d6a8877: PendingIntentRecord{3009c59 com.yandex.browser startService}}
03-24 14:41:37.191  3670  4550 I PersonaManager: mKnoxInfo is empty
03-24 14:41:37.201  3670  4016 D PackageManager: setEnabledSetting : userId = 0 packageName = com.yandex.browser cmp = ru.yandex.searchlib.notification.BarMarkerService newState = 2 callingPackage = 10175
03-24 14:41:37.201  3670  3697 I PersonaManager: mKnoxInfo is empty
03-24 14:41:37.201  3670  3698 I PersonaManager: mKnoxInfo is empty
03-24 14:41:37.201  3670  4524 D PackageManager: setEnabledSetting : userId = 0 packageName = com.yandex.browser cmp = ru.yandex.searchlib.notification.NotificationConnectivityBroadcastReceiver newState = 2 callingPackage = 10175
03-24 14:41:37.231  3670  4947 I PersonaManager: mKnoxInfo is empty
03-24 14:41:37.251  3670  3682 I art     : Background partial concurrent mark sweep GC freed 98722(6MB) AllocSpace objects, 34(768KB) LOS objects, 27% free, 42MB/58MB, paused 1.627ms total 138.115ms
03-24 14:41:37.341  4876  4950 I System.out: (HTTPLog)-Static: isSBSettingEnabled false
03-24 14:41:37.341  4876  4950 I System.out: (HTTPLog)-Static: isSBSettingEnabled false
03-24 14:41:37.341  3037  3741 D EnterpriseController: netId is 0
03-24 14:41:37.341  3037  3741 D Netd    : getNetworkForDns: using netid 510 for uid 10175
03-24 14:41:37.351  4876  4944 I System.out: (HTTPLog)-Static: isSBSettingEnabled false
03-24 14:41:37.351  4876  4944 I System.out: (HTTPLog)-Static: isSBSettingEnabled false
03-24 14:41:37.471  4894  4894 I FIPS_bssl: FIPS approved mode (1) | 4894 | app_process
03-24 14:41:37.471  4894  4894 D AndroidRuntime: >>>>>> START com.android.internal.os.RuntimeInit uid 2000 <<<<<<
03-24 14:41:37.471  4894  4894 D AndroidRuntime: CheckJNI is OFF
03-24 14:41:37.471  4894  4894 D AndroidRuntime: readGMSProperty: start
03-24 14:41:37.471  4894  4894 D AndroidRuntime: readGMSProperty: already setted!!
03-24 14:41:37.471  4894  4894 D AndroidRuntime: propertySet: couldn't set property (it is from app)
03-24 14:41:37.471  4894  4894 D AndroidRuntime: readGMSProperty: could not set the property(default)!!
03-24 14:41:37.471  4894  4894 D AndroidRuntime: readGMSProperty: end
03-24 14:41:37.471  4894  4894 D AndroidRuntime: addProductProperty: start
03-24 14:41:37.501  4894  4894 D ICU     : No timezone override file found: /data/misc/zoneinfo/current/icu/icu_tzdata.dat
03-24 14:41:37.521  4894  4894 I Radio-JNI: register_android_hardware_Radio DONE
03-24 14:41:37.531  4894  4894 E AffinityControl: AffinityControl: registerfunction enter
03-24 14:41:37.541  4894  4894 D AndroidRuntime: Calling main entry com.android.commands.monkey.Monkey
