03-24 14:55:07.161  3670  3931 W ContextImpl: Calling a method in the system process without a qualified user: android.app.ContextImpl.sendBroadcast:845 com.android.server.am.ActivityManagerService.requestKnoxVpnToSendProxyBroadcast:29793 com.android.server.am.ActivityManagerService.registerReceiver:22658 android.app.ActivityManagerNative.onTransact:431 com.android.server.am.ActivityManagerService.onTransact:3999 
03-24 14:55:07.161 16974 16974 I chromium: [INFO:experiments_native_adapter.cc(233)] Feature List State
03-24 14:55:07.161 16974 16974 I chromium: Enabled Features: AddJSFlags<v8_flags,AjaxStatistics<ajax_logging,AutofillKeyboardAccessory<psm,CollectMSEBufferQueueInfo<media_statistics,CollectRebufferingInfo<media_statistics,Favorites<mycollections,MessengerJsApi<alice,OfflineRecentPages<cache_recent_pages,OomIntervention<oom_intervention,Passman<psm,PassmanFormMergeOnStore<psm,PassmanLoginDuplicates<psm,PassmanMigrationMerge<psm,PassmanSecureNoteStorage<psm,RendererPrelauncher<renderer_prelauncher,SiteNotificationChannels<site_notification_channels,TopSitesMultiplicator<topsites_first_visit,YandexPrefetch<yandex_prefetch_txt,adaptive-tiling<adaptive_tiling
03-24 14:55:07.161 16974 16974 I chromium: Disabled Features: AndroidSearchQueriesBlacklist<search_queries_blacklist,Autolandscape<autolandscape,AutomaticTabDiscarding<automatic_tab_discarding,DXT5ImageCompression<etc_image_compression,DetectingHeavyPages<DetectingHeavyPages,EnableTranslate<modern_translator,FavoritesBookmarkExport<mycollections,Hibernate<hibernate,HostFeatures<host_features,Ignition<ignition,MordaPrerenderingDisabledInRoaming<prerender_morda,ReportYandexServicesPageEvents<web_page_events,SafeBrowsingSubframeCheck<sb_subframe_check,SafeContent<ads_logging,SingleProcessForExtensionsBackgroundPages<single_process_for_extensions,a2hs<add_to_home_screen,animated-frame-detection<animated_frame_detection,yandex-collections-button<web_page_inside
03-24 14:55:07.181 17095 17095 D Activity: performCreate Call Injection manager
03-24 14:55:07.181 17095 17095 I InjectionManager: dispatchOnViewCreated > Target : com.yandex.browser.firstscreen.FirstScreenActivity isFragment :false
03-24 14:55:07.191 17095 17095 D SecWifiDisplayUtil: Metadata value : SecSettings2
03-24 14:55:07.191 17095 17095 D ViewRootImpl: #1 mView = com.android.internal.policy.PhoneWindow$DecorView{8cd9524 I.ED..... R.....I. 0,0-0,0}
03-24 14:55:07.191 17095 17173 D OpenGLRenderer: Use EGL_SWAP_BEHAVIOR_PRESERVED: true
03-24 14:55:07.191  3670  4552 I PersonaManager: mKnoxInfo is empty
03-24 14:55:07.201  3670  4407 D ISSUE_DEBUG: InputChannelName : f1b5606 com.yandex.browser/com.yandex.browser.firstscreen.FirstScreenActivity
03-24 14:55:07.201 17177 17177 E Zygote  : v2
03-24 14:55:07.201 17177 17177 I libpersona: KNOX_SDCARD checking this for 10175
03-24 14:55:07.201 17177 17177 I libpersona: KNOX_SDCARD not a persona
03-24 14:55:07.201 17177 17177 W SELinux : Function: selinux_compare_spd_ram, index[1], priority [2], priority version is VE=SEPF_SECMOBILE_6.0.1_0003
03-24 14:55:07.201 17177 17177 E Zygote  : accessInfo : 0
03-24 14:55:07.201 17177 17177 W SELinux : SELinux: seapp_context_lookup: seinfo=default, level=s0:c512,c768, pkgname=com.yandex.browser:privileged_process1 
03-24 14:55:07.211  3670  4552 I ActivityManager: Start proc 17177:com.yandex.browser:privileged_process1/u0a175 for service com.yandex.browser/org.chromium.content.app.PrivilegedProcessService1
03-24 14:55:07.211  3670  4550 I PersonaManager: mKnoxInfo is empty
03-24 14:55:07.211  3025  3025 I SurfaceFlinger: id=581 createSurf (1440x2560),1 flag=4, GirstScreen
03-24 14:55:07.211  3670  3798 D StatusBarManagerService: manageDisableList userId=0 what=0x0 pkg=Window{f1b5606 u0 d0 com.yandex.browser/com.yandex.browser.firstscreen.FirstScreenActivity}
03-24 14:55:07.221  4103  4103 D PhoneStatusBar: setSystemUiVisibility vis=8000 mask=ffffffff oldVal=8600 newVal=8000 diff=600
03-24 14:55:07.221  3670  4454 D InputDispatcher: Focus entered window: 17095
03-24 14:55:07.221  3670  3884 D PointerIcon: setMouseIconStyle1 pointerType: 1001 iconType:101 flag:0 pid:3670 uid:1000
03-24 14:55:07.221  3670  3884 D PointerIcon: setMouseCustomIcon IconType is same.101
03-24 14:55:07.231 17095 17173 D libEGL  : loaded /vendor/lib/egl/libGLES_mali.so
03-24 14:55:07.241  3670  4143 D ConnectivityService: returning getNetworkInfo for network type 1 : [type: WIFI[] - WIFI, state: CONNECTED/CONNECTED, reason: (unspecified), extra: "DataStructures", roaming: false, failover: false, isAvailable: true]
03-24 14:55:07.241  3670  4946 D ActivityManager: The following uid has registered to recieve broadcast for proxy related updates 10175
03-24 14:55:07.241  3670  4946 W ContextImpl: Calling a method in the system process without a qualified user: android.app.ContextImpl.sendBroadcast:845 com.android.server.am.ActivityManagerService.requestKnoxVpnToSendProxyBroadcast:29793 com.android.server.am.ActivityManagerService.registerReceiver:22658 android.app.ActivityManagerNative.onTransact:431 com.android.server.am.ActivityManagerService.onTransact:3999 
03-24 14:55:07.241 17177 17177 W ResourcesManager: getTopLevelResources: /data/app/com.yandex.browser-1/base.apk / 1.0 running in com.yandex.browser rsrc of package com.yandex.browser
03-24 14:55:07.251  3670  4524 I InjectionManagerService -AppFeature: getCoreFeaturePkgList :[]
03-24 14:55:07.251 17095 17173 D libEGL  : eglInitialize EGLDisplay = 0xda1b37c4
03-24 14:55:07.251 17095 17173 I OpenGLRenderer: Initialized EGL, version 1.4
03-24 14:55:07.251 17177 17177 I InjectionManager: Inside getClassLibPath + mLibMap{0=, 1=}
03-24 14:55:07.251 17095 17173 D         : ro.exynos.dss isEnabled: 0
03-24 14:55:07.251 17095 17173 D mali_winsys: new_window_surface returns 0x3000,  [1440x2560]-format:1
03-24 14:55:07.251 17177 17177 D ResourcesManager: For user 0 new overlays fetched Null
03-24 14:55:07.251 17095 17095 D ViewRootImpl: MSG_RESIZED_REPORT: ci=Rect(0, 96 - 0, 0) vi=Rect(0, 96 - 0, 0) or=1
03-24 14:55:07.251  3670  4946 D InputMethodManagerService: windowGainedFocus mCurrentFocusedUserId - 0 and mSecureKeypadEnabled-false
03-24 14:55:07.261 17177 17177 I InjectionManager: Inside getClassLibPath caller 
03-24 14:55:07.261 18067 18067 D SamsungIME: IMPL finishInput
03-24 14:55:07.261 18067 18067 D SamsungIME: SwiftKeyWrapper writeDBdataToFileOnFinishInput
03-24 14:55:07.261 18067 18067 D SamsungIME: saveAndClear +
03-24 14:55:07.261 18067 18067 D SamsungIME: saveAndClear -
03-24 14:55:07.261 18067 18067 D SamsungIME: onStartInput: No inputType, No imeOption, isInputViewShown = false, isExtractViewShown = false, isShowInputRequested = false, isConfigChanged = false
03-24 14:55:07.271 17095 17173 D libGLESv1: DTS_GLAPI : DTS is not allowed for Package : com.yandex.browser:firstscreen
03-24 14:55:07.271 17177 17177 I MultiDex: Installing application
03-24 14:55:07.271 17177 17177 I MultiDex: VM with version 2.1.0 has multidex support
03-24 14:55:07.271 17177 17177 I MultiDex: VM has multidex support, MultiDex support library is disabled.
03-24 14:55:07.281 17177 17177 I cr_base_multidex: Completed multidex installation.
03-24 14:55:07.281 16974 16974 W chromium: [WARNING:passman_password_form_adjustments.cc(127)] No Passman password form adjustments in config, using defaults.
03-24 14:55:07.291 17177 17177 D InjectionManager: InjectionManager
03-24 14:55:07.291 17177 17177 D InjectionManager: fillFeatureStoreMap com.yandex.browser
03-24 14:55:07.291 17177 17177 I InjectionManager: Constructor com.yandex.browser, Feature store :{}
03-24 14:55:07.291 17177 17177 I InjectionManager: featureStore :{}
03-24 14:55:07.291 17177 17177 I cr_ChildProcessService: Creating new ChildProcessService pid=17177
03-24 14:55:07.311  3670  4452 V WindowStateAnimator: Finishing drawing window Window{f1b5606 u0 d0 com.yandex.browser/com.yandex.browser.firstscreen.FirstScreenActivity}: mDrawState=DRAW_PENDING
03-24 14:55:07.311 17095 17095 I Timeline: Timeline: Activity_idle id: android.os.BinderProxy@a7d885c time:70518243
03-24 14:55:07.311  3670  3798 D StatusBarManagerService: manageDisableList userId=0 what=0x0 pkg=Window{f1b5606 u0 d0 com.yandex.browser/com.yandex.browser.firstscreen.FirstScreenActivity}
03-24 14:55:07.311  4103  4103 D PhoneStatusBar: setSystemUiVisibility vis=0 mask=ffffffff oldVal=8000 newVal=0 diff=8000
03-24 14:55:07.311  3670  3884 D CustomFrequencyManagerService: releaseDVFSLockLocked : Getting Lock type frm List : DVFS_MIN_LIMIT  frequency : 1800000  uid : 1000  pid : 3670  tag : ACTIVITY_RESUME_BOOSTER@3
03-24 14:55:07.311  3670  3884 D ActivityManager: mDVFSHelper.release()
03-24 14:55:07.311  3670  3884 I Timeline: Timeline: Activity_windows_visible id: ActivityRecord{5b95864 u0 com.yandex.browser/.YandexBrowserMainActivity t140} time:70518249
03-24 14:55:07.311  3670  3884 I ActivityManager: Displayed com.yandex.browser/.firstscreen.FirstScreenActivity: +459ms (total +1s19ms)
03-24 14:55:07.321  3025  3025 D libEGL  : eglInitialize EGLDisplay = 0x7ff3f31d28
03-24 14:55:07.321 16974 16993 W System.err: remove failed: ENOENT (No such file or directory) : /data/user/0/com.yandex.browser/shared_prefs/os_crypt_password.xml.bak
03-24 14:55:07.321  3670  3884 I Timeline: Timeline: Activity_windows_visible id: ActivityRecord{155a294 u0 com.yandex.browser/.firstscreen.FirstScreenActivity t140} time:70518255
03-24 14:55:07.321  3670  3796 D CustomFrequencyManagerService: acquireDVFSLockLocked : type : DVFS_MIN_LIMIT  frequency : 1800000  uid : 1000  pid : 3670  pkgName : ACTIVITY_RESUME_BOOSTER@9
03-24 14:55:07.331  4103  4103 D ImageWallpaper: onVisibilityChanged:false
03-24 14:55:07.331  3025  4174 I SurfaceFlinger: id=579 Removed MauncherAct (3/9)
03-24 14:55:07.331  4103  4103 D ImageWallpaper: drawFrame:false rotation:0 mLastRotation:0
03-24 14:55:07.331  4103  4103 D ImageWallpaper: drawFrame:[frame.width()]2240[frame.height()]2560
03-24 14:55:07.331  4103  4103 D ImageWallpaper: Suppressed drawFrame since redraw is not needed and offsets have not changed.
03-24 14:55:07.331  3025  3210 I SurfaceFlinger: id=579 Removed MauncherAct (-2/9)
03-24 14:55:07.331  4408  4408 D Launcher.HomeView: onStop
03-24 14:55:07.331  4408  4408 D capture : ----destroy
03-24 14:55:07.331  3025  3025 D libEGL  : eglTerminate EGLDisplay = 0x7ff3f31e58
03-24 14:55:07.331  4408  4408 V ActivityThread: updateVisibility : ActivityRecord{fd54842 token=android.os.BinderProxy@765da0c {com.sec.android.app.launcher/com.sec.android.app.launcher.activities.LauncherActivity}} show : false
03-24 14:55:07.331  4408  4408 D Launcher: onTrimMemory. Level: 20
03-24 14:55:07.361 16974 16974 W System.err: remove failed: ENOENT (No such file or directory) : /data/user/0/com.yandex.browser/files/dashboard.cells.bak
03-24 14:55:07.411  3670  4016 I PersonaManager: mKnoxInfo is empty
03-24 14:55:07.411  3670  4016 D PackageManager: findPreferredActivity: No PreferredActivities set
03-24 14:55:07.411  3670  4016 I PackageManager: No preferred activity: intent should not be shown
03-24 14:55:07.411  3670  4946 I PersonaManager: mKnoxInfo is empty
03-24 14:55:07.411  3670  4946 D PackageManager: findPreferredActivity: We found 1 PreferredActivities set, but no match
03-24 14:55:07.411  3670  4946 I PackageManager: No preferred activity: intent should not be shown
03-24 14:55:07.411  3670  4454 I PersonaManager: mKnoxInfo is empty
03-24 14:55:07.421 16974 17153 W System.err: remove failed: ENOENT (No such file or directory) : /data/user/0/com.yandex.browser/shared_prefs/com.google.android.gms.appid.xml.bak
03-24 14:55:07.421  3670  4454 D PackageManager: findPreferredActivity: We found 3 PreferredActivities set, but no match
03-24 14:55:07.421  3670  4454 I PackageManager: No preferred activity: intent should not be shown
03-24 14:55:07.431  3670  4409 D WifiService: startScan by pid=16974, uid=10175
03-24 14:55:07.431  3670  4021 D WifiStateMachine: CMD_START_SCAN : scanLog.mLast - 1553421307438, scanLog.mStartTimeForBigdata - 1553420321394
03-24 14:55:07.431 31048 31048 I wpa_supplicant: wlan0: Setting scan request: 0 sec 0 usec
03-24 14:55:07.431 31048 31048 I wpa_supplicant: P2P: Current p2p state = IDLE
03-24 14:55:07.431 31048 31048 I wpa_supplicant: Scan requested (ret=0) - scan timeout 30 seconds
03-24 14:55:07.431  3670  4143 I PersonaManager: mKnoxInfo is empty
03-24 14:55:07.441  3670  4143 D PackageManager: findPreferredActivity: We found 1 PreferredActivities set, but no match
03-24 14:55:07.441  3670  4143 I PackageManager: No preferred activity: intent should not be shown
03-24 14:55:07.441 16974 16974 D ConnectivityManager: requestNetwork; getAppId(CallingUid) : 10175, CallingPid : 16974
03-24 14:55:07.441  3670  4016 D ConnectivityService: listenForNetwork for Listen from uid/pid:10175/16974 for NetworkRequest [ id=282, legacyType=-1, [ Capabilities: INTERNET&NOT_RESTRICTED&TRUSTED] ]
03-24 14:55:07.441  3670  4029 D ConnectivityService: rematching NetworkAgentInfo [WIFI () - 510]
03-24 14:55:07.441  3670  4029 D ConnectivityService:  network has: NetworkAgentInfo{ ni{[type: WIFI[] - WIFI, state: CONNECTED/CONNECTED, reason: (unspecified), extra: "DataStructures", roaming: false, failover: false, isAvailable: true]}  network{510}  lp{{InterfaceName: wlan0 LinkAddresses: [fe80::ee9b:f3ff:fe73:43e9/64,192.168.0.174/24,]  Routes: [fe80::/64 -> :: wlan0,192.168.0.0/24 -> 0.0.0.0 wlan0,0.0.0.0/0 -> 192.168.0.1 wlan0,] DnsAddresses: [192.168.0.1,] Domains:  MTU: 0 TcpBufferSizes: 524288,1048576,4525824,524288,1048576,4525824}}  nc{[ Transports: WIFI Capabilities: INTERNET&NOT_RESTRICTED&TRUSTED&NOT_VPN&VALIDATED LinkUpBandwidth>=1048576Kbps LinkDnBandwidth>=1048576Kbps SignalStrength: -33]}  Score{60}  everValidated{true}  lastValidated{true}  created{true} lingering{false} explicitlySelected{false} acceptUnvalidated{false} everCaptivePortalDetected{false} lastCaptivePortalDetected{false} }
03-24 14:55:07.441  3670  4029 D ConnectivityService:   checking if request is: NetworkRequest [ id=282, legacyType=-1, [ Capabilities: INTERNET&NOT_RESTRICTED&TRUSTED] ] satisfies: true nri.isRequest: false
03-24 14:55:07.441  3670  4029 D ConnectivityService:   checking if request is: NetworkRequest [ id=267, legacyType=-1, [ Capabilities: INTERNET&NOT_RESTRICTED&TRUSTED] ] satisfies: true nri.isRequest: false
03-24 14:55:07.441  3670  4029 D ConnectivityService:   checking if request is: NetworkRequest [ id=5, legacyType=-1, [ Transports: WIFI Capabilities: INTERNET&NOT_RESTRICTED&TRUSTED&NOT_VPN] ] satisfies: true nri.isRequest: false
03-24 14:55:07.441  3670  4029 D ConnectivityService: Network NetworkAgentInfo [WIFI () - 510] was already satisfying request 1. No change.
03-24 14:55:07.441  3670  4029 D ConnectivityService:   checking if request is: NetworkRequest [ id=3, legacyType=-1, [] ] satisfies: true nri.isRequest: false
03-24 14:55:07.441  3670  4029 D ConnectivityService:   checking if request is: NetworkRequest [ id=4, legacyType=-1, [ Transports: CELLULAR Capabilities: INTERNET&NOT_RESTRICTED&TRUSTED&NOT_VPN] ] satisfies: false nri.isRequest: false
03-24 14:55:07.441  3670  4029 D ConnectivityService: sending notification AVAILABLE for NetworkRequest [ id=282, legacyType=-1, [ Capabilities: INTERNET&NOT_RESTRICTED&TRUSTED] ]
03-24 14:55:07.461 16974 16974 V ActivityThread: updateVisibility : ActivityRecord{2208571 token=android.os.BinderProxy@a74b762 {com.yandex.browser/com.yandex.browser.YandexBrowserMainActivity}} show : true
03-24 14:55:07.471  3670  4552 I PersonaManager: mKnoxInfo is empty
03-24 14:55:07.471 16974 17086 W System.err: remove failed: ENOENT (No such file or directory) : /data/user/0/com.yandex.browser/shared_prefs/permanent_user_settings.xml.bak
03-24 14:55:07.491  3670  4946 I PersonaManager: mKnoxInfo is empty
03-24 14:55:07.491 17177 17208 I cr_LibraryLoader:  Loading yandexbrowser from within /data/app/com.yandex.browser-1/base.apk
03-24 14:55:07.491  4932 31329 I System.out: (HTTPLog)-Static: isSBSettingEnabled false
03-24 14:55:07.491  4932 31329 I System.out: (HTTPLog)-Static: isSBSettingEnabled false
03-24 14:55:07.501  4932 31329 I qtaguid : Tagging socket 98 with tag 3000040700000000{805307399,0} uid -1, pid: 4932, getuid(): 10015
03-24 14:55:07.531 17177 17208 I cr_LibraryLoader: Time to load native libraries: 40 ms (timestamps 8424-8464)
03-24 14:55:07.531 17177 17208 I chromium: [INFO:library_loader_hooks.cc(36)] Chromium logging enabled: level = 0, default verbosity = 0
03-24 14:55:07.531 17177 17208 I cr_LibraryLoader: Expected native library version number "18.11.1.979", actual native library version number "18.11.1.979"
03-24 14:55:07.531 17177 17208 W ResourcesManager: getTopLevelResources: /data/app/com.yandex.browser-1/base.apk / 1.0 running in com.yandex.browser rsrc of package com.yandex.browser
03-24 14:55:07.541 17177 17208 E libEGL  : validate_display:255 error 3008 (EGL_BAD_DISPLAY)
03-24 14:55:07.581 17177 17208 D libEGL  : loaded /vendor/lib/egl/libGLES_mali.so
03-24 14:55:07.591  3670  3698 D WifiService: startScan by pid=16974, uid=10175
03-24 14:55:07.591 16974 16993 W System.err: remove failed: ENOENT (No such file or directory) : /data/user/0/com.yandex.browser/shared_prefs/uuid.xml.bak
03-24 14:55:07.591  3670  4021 D WifiStateMachine: CMD_START_SCAN : scanLog.mLast - 1553421307602, scanLog.mStartTimeForBigdata - 1553420321394
03-24 14:55:07.601 16974 16974 I [ZEN]FeedController: Zen initialize (ZenKit/1.39.0.0-internalDualdesign-ZenKit-SDK.4047)
03-24 14:55:07.601 16974 16974 D [ZEN]ZenController: zen controller initialize
03-24 14:55:07.601 17177 17208 D libEGL  : eglInitialize EGLDisplay = 0xeedfee0c
03-24 14:55:07.601 16974 16974 D [ZEN]ZenController: feed controller create [tag=feed][discard=false]
03-24 14:55:07.601 17177 17208 D         : ro.exynos.dss isEnabled: 0
03-24 14:55:07.611 17008 17051 I System.out: (HTTPLog)-Static: isSBSettingEnabled false
03-24 14:55:07.611 17008 17051 I System.out: (HTTPLog)-Static: isSBSettingEnabled false
03-24 14:55:07.611  3037  3741 D EnterpriseController: netId is 0
03-24 14:55:07.611  3037  3741 D Netd    : getNetworkForDns: using netid 510 for uid 10175
03-24 14:55:07.611  3037  3741 D EnterpriseController: netId is 0
03-24 14:55:07.611  3037  3741 D Netd    : getNetworkForDns: using netid 510 for uid 10175
03-24 14:55:07.621 16974 17237 D [ZEN]ZenController: detectSavedStateChanged :: [LOCALE, COUNTRY]
03-24 14:55:07.621 16974 16993 W System.err: remove failed: ENOENT (No such file or directory) : /data/user/0/com.yandex.browser/shared_prefs/com.yandex.common.prefs.xml.bak
03-24 14:55:07.621  3670  3670 D CustomFrequencyManagerService: releaseDVFSLockLocked : Getting Lock type frm List : DVFS_MIN_LIMIT  frequency : 1800000  uid : 1000  pid : 3670  tag : ACTIVITY_RESUME_BOOSTER@9
03-24 14:55:07.631 17177 17208 W AudioCapabilities: Unsupported mime audio/mpeg-L1
03-24 14:55:07.631 17177 17208 W AudioCapabilities: Unsupported mime audio/mpeg-L2
03-24 14:55:07.631  3670  4409 I PersonaManager: mKnoxInfo is empty
03-24 14:55:07.631  3670  4452 I PersonaManager: mKnoxInfo is empty
03-24 14:55:07.641 16974 16974 D AbsListView: Get MotionRecognitionManager
03-24 14:55:07.641  3670  4947 I PersonaManager: mKnoxInfo is empty
03-24 14:55:07.641 16974 16974 E MotionRecognitionManager: mSContextService = android.hardware.scontext.ISContextService$Stub$Proxy@f780223
03-24 14:55:07.641 17177 17208 W AudioCapabilities: Unsupported mime audio/x-ms-wma
03-24 14:55:07.641 17008 17063 I System.out: (HTTPLog)-Static: isSBSettingEnabled false
03-24 14:55:07.641 17008 17063 I System.out: (HTTPLog)-Static: isSBSettingEnabled false
03-24 14:55:07.651 17177 17208 W AudioCapabilities: Unsupported mime audio/x-ima
03-24 14:55:07.651 16974 16974 E MotionRecognitionManager: motionService = com.samsung.android.motion.IMotionRecognitionService$Stub$Proxy@d1c320
03-24 14:55:07.651 16974 16974 E MotionRecognitionManager: motionService = com.samsung.android.motion.IMotionRecognitionService$Stub$Proxy@d1c320
03-24 14:55:07.651 17177 17208 W VideoCapabilities: Unrecognized profile/level 32768/2 for video/mp4v-es
03-24 14:55:07.651  3670  4524 D MotionRecognitionService:  ssp status : true
03-24 14:55:07.651 17008 17150 I System.out: (HTTPLog)-Static: isSBSettingEnabled false
03-24 14:55:07.651 17008 17150 I System.out: (HTTPLog)-Static: isSBSettingEnabled false
03-24 14:55:07.661 17177 17208 W VideoCapabilities: Unrecognized profile 2130706433 for video/avc
03-24 14:55:07.661 17177 17208 W VideoCapabilities: Unrecognized profile 2130706433 for video/avc
03-24 14:55:07.661 17177 17208 W VideoCapabilities: Unrecognized profile 2130706433 for video/avc
03-24 14:55:07.661 17177 17208 W VideoCapabilities: Unrecognized profile 2130706433 for video/avc
03-24 14:55:07.661 17177 17208 W VideoCapabilities: Unrecognized profile 2130706433 for video/avc
03-24 14:55:07.661 17177 17208 W VideoCapabilities: Unrecognized profile 2130706433 for video/avc
03-24 14:55:07.661 17177 17208 W VideoCapabilities: Unrecognized profile 2130706433 for video/avc
03-24 14:55:07.661 17177 17208 W VideoCapabilities: Unrecognized profile 2130706433 for video/avc
03-24 14:55:07.661 17177 17208 W VideoCapabilities: Unrecognized profile 2130706433 for video/avc
03-24 14:55:07.661 17177 17208 W VideoCapabilities: Unrecognized profile 2130706433 for video/avc
03-24 14:55:07.661 17177 17208 W VideoCapabilities: Unrecognized profile 2130706433 for video/avc
03-24 14:55:07.661 17177 17208 W VideoCapabilities: Unrecognized profile 2130706433 for video/avc
03-24 14:55:07.661 17177 17208 W VideoCapabilities: Unrecognized profile 2130706433 for video/avc
03-24 14:55:07.661 17177 17208 W VideoCapabilities: Unrecognized profile 2130706433 for video/avc
03-24 14:55:07.661 17177 17208 W VideoCapabilities: Unrecognized profile 2130706433 for video/avc
03-24 14:55:07.661 17177 17208 W VideoCapabilities: Unrecognized profile 2130706433 for video/avc
03-24 14:55:07.661 17177 17208 W VideoCapabilities: Unrecognized profile 2130706434 for video/avc
03-24 14:55:07.661 17177 17208 W VideoCapabilities: Unrecognized profile 2130706434 for video/avc
03-24 14:55:07.661 17177 17208 W VideoCapabilities: Unrecognized profile 2130706434 for video/avc
03-24 14:55:07.661 17177 17208 W VideoCapabilities: Unrecognized profile 2130706434 for video/avc
03-24 14:55:07.661 17177 17208 W VideoCapabilities: Unrecognized profile 2130706434 for video/avc
03-24 14:55:07.661 17177 17208 W VideoCapabilities: Unrecognized profile 2130706434 for video/avc
03-24 14:55:07.661 17177 17208 W VideoCapabilities: Unrecognized profile 2130706434 for video/avc
03-24 14:55:07.661 17177 17208 W VideoCapabilities: Unrecognized profile 2130706434 for video/avc
03-24 14:55:07.661 17177 17208 W VideoCapabilities: Unrecognized profile 2130706434 for video/avc
03-24 14:55:07.661 17177 17208 W VideoCapabilities: Unrecognized profile 2130706434 for video/avc
03-24 14:55:07.661 17177 17208 W VideoCapabilities: Unrecognized profile 2130706434 for video/avc
03-24 14:55:07.661 17177 17208 W VideoCapabilities: Unrecognized profile 2130706434 for video/avc
03-24 14:55:07.661 17177 17208 W VideoCapabilities: Unrecognized profile 2130706434 for video/avc
03-24 14:55:07.661 17177 17208 W VideoCapabilities: Unrecognized profile 2130706434 for video/avc
03-24 14:55:07.661 17177 17208 W VideoCapabilities: Unrecognized profile 2130706434 for video/avc
03-24 14:55:07.661 17177 17208 W VideoCapabilities: Unrecognized profile 2130706434 for video/avc
03-24 14:55:07.661 17008 17161 I System.out: (HTTPLog)-Static: isSBSettingEnabled false
03-24 14:55:07.661 17008 17161 I System.out: (HTTPLog)-Static: isSBSettingEnabled false
03-24 14:55:07.661 17177 17208 W VideoCapabilities: Unrecognized profile 2130706433 for video/avc
03-24 14:55:07.661 17177 17208 W VideoCapabilities: Unrecognized profile 2130706433 for video/avc
03-24 14:55:07.661 17177 17208 W VideoCapabilities: Unrecognized profile 2130706433 for video/avc
03-24 14:55:07.661 17177 17208 W VideoCapabilities: Unrecognized profile 2130706433 for video/avc
03-24 14:55:07.661 17177 17208 W VideoCapabilities: Unrecognized profile 2130706433 for video/avc
03-24 14:55:07.661 17177 17208 W VideoCapabilities: Unrecognized profile 2130706433 for video/avc
03-24 14:55:07.661 17177 17208 W VideoCapabilities: Unrecognized profile 2130706433 for video/avc
03-24 14:55:07.661 17177 17208 W VideoCapabilities: Unrecognized profile 2130706433 for video/avc
03-24 14:55:07.661 17177 17208 W VideoCapabilities: Unrecognized profile 2130706433 for video/avc
03-24 14:55:07.661 17177 17208 W VideoCapabilities: Unrecognized profile 2130706433 for video/avc
03-24 14:55:07.661 17177 17208 W VideoCapabilities: Unrecognized profile 2130706433 for video/avc
03-24 14:55:07.661 17177 17208 W VideoCapabilities: Unrecognized profile 2130706433 for video/avc
03-24 14:55:07.661 17177 17208 W VideoCapabilities: Unrecognized profile 2130706433 for video/avc
03-24 14:55:07.661 17177 17208 W VideoCapabilities: Unrecognized profile 2130706433 for video/avc
03-24 14:55:07.661 17177 17208 W VideoCapabilities: Unrecognized profile 2130706433 for video/avc
03-24 14:55:07.661 17177 17208 W VideoCapabilities: Unrecognized profile 2130706433 for video/avc
03-24 14:55:07.661 17177 17208 W VideoCapabilities: Unrecognized profile 2130706434 for video/avc
03-24 14:55:07.661 17177 17208 W VideoCapabilities: Unrecognized profile 2130706434 for video/avc
03-24 14:55:07.661 17177 17208 W VideoCapabilities: Unrecognized profile 2130706434 for video/avc
03-24 14:55:07.661 17177 17208 W VideoCapabilities: Unrecognized profile 2130706434 for video/avc
03-24 14:55:07.661 17177 17208 W VideoCapabilities: Unrecognized profile 2130706434 for video/avc
03-24 14:55:07.661 17177 17208 W VideoCapabilities: Unrecognized profile 2130706434 for video/avc
03-24 14:55:07.661 17177 17208 W VideoCapabilities: Unrecognized profile 2130706434 for video/avc
03-24 14:55:07.661 17177 17208 W VideoCapabilities: Unrecognized profile 2130706434 for video/avc
03-24 14:55:07.661 17177 17208 W VideoCapabilities: Unrecognized profile 2130706434 for video/avc
03-24 14:55:07.661 17177 17208 W VideoCapabilities: Unrecognized profile 2130706434 for video/avc
03-24 14:55:07.661 17177 17208 W VideoCapabilities: Unrecognized profile 2130706434 for video/avc
03-24 14:55:07.661 17177 17208 W VideoCapabilities: Unrecognized profile 2130706434 for video/avc
03-24 14:55:07.661 17177 17208 W VideoCapabilities: Unrecognized profile 2130706434 for video/avc
03-24 14:55:07.661 17177 17208 W VideoCapabilities: Unrecognized profile 2130706434 for video/avc
03-24 14:55:07.661 17177 17208 W VideoCapabilities: Unrecognized profile 2130706434 for video/avc
03-24 14:55:07.661 17177 17208 W VideoCapabilities: Unrecognized profile 2130706434 for video/avc
03-24 14:55:07.661 16974 16974 D [ZEN]ZenController: LIFECYCLE :: zen controller hide
03-24 14:55:07.661 17177 17208 W VideoCapabilities: Unsupported mime video/wvc1
03-24 14:55:07.661 17177 17208 W VideoCapabilities: Unsupported mime video/x-ms-wmv
03-24 14:55:07.671 17177 17208 W VideoCapabilities: Unrecognized profile/level 32768/2 for video/mp4v-es
03-24 14:55:07.671 17177 17208 W VideoCapabilities: Unsupported mime video/wvc1
03-24 14:55:07.671 17177 17208 W VideoCapabilities: Unsupported mime video/x-ms-wmv
03-24 14:55:07.671 17177 17208 W VideoCapabilities: Unsupported mime video/x-ms-wmv7
03-24 14:55:07.671 17177 17208 W VideoCapabilities: Unsupported mime video/x-ms-wmv8
03-24 14:55:07.671 17177 17208 W VideoCapabilities: Unsupported mime video/mp43
03-24 14:55:07.671 17177 17208 W VideoCapabilities: Unrecognized profile 2130706433 for video/avc
03-24 14:55:07.671 17177 17208 W VideoCapabilities: Unrecognized profile 2130706433 for video/avc
03-24 14:55:07.671 17177 17208 W VideoCapabilities: Unrecognized profile 2130706433 for video/avc
03-24 14:55:07.671 17177 17208 W VideoCapabilities: Unrecognized profile 2130706433 for video/avc
03-24 14:55:07.671 17177 17208 W VideoCapabilities: Unrecognized profile 2130706433 for video/avc
03-24 14:55:07.671 17177 17208 W VideoCapabilities: Unrecognized profile 2130706433 for video/avc
03-24 14:55:07.671 17177 17208 W VideoCapabilities: Unrecognized profile 2130706433 for video/avc
03-24 14:55:07.671 17177 17208 W VideoCapabilities: Unrecognized profile 2130706433 for video/avc
03-24 14:55:07.671 17177 17208 W VideoCapabilities: Unrecognized profile 2130706433 for video/avc
03-24 14:55:07.671 17177 17208 W VideoCapabilities: Unrecognized profile 2130706433 for video/avc
03-24 14:55:07.671 17177 17208 W VideoCapabilities: Unrecognized profile 2130706433 for video/avc
03-24 14:55:07.671 17177 17208 W VideoCapabilities: Unrecognized profile 2130706433 for video/avc
03-24 14:55:07.671 17177 17208 W VideoCapabilities: Unrecognized profile 2130706433 for video/avc
03-24 14:55:07.671 17177 17208 W VideoCapabilities: Unrecognized profile 2130706433 for video/avc
03-24 14:55:07.671 17177 17208 W VideoCapabilities: Unrecognized profile 2130706433 for video/avc
03-24 14:55:07.671 17177 17208 W VideoCapabilities: Unrecognized profile 2130706433 for video/avc
03-24 14:55:07.671 17177 17208 W VideoCapabilities: Unrecognized profile 2130706434 for video/avc
03-24 14:55:07.671 17177 17208 W VideoCapabilities: Unrecognized profile 2130706434 for video/avc
03-24 14:55:07.671 17177 17208 W VideoCapabilities: Unrecognized profile 2130706434 for video/avc
03-24 14:55:07.671 17177 17208 W VideoCapabilities: Unrecognized profile 2130706434 for video/avc
03-24 14:55:07.671 17177 17208 W VideoCapabilities: Unrecognized profile 2130706434 for video/avc
03-24 14:55:07.671 17177 17208 W VideoCapabilities: Unrecognized profile 2130706434 for video/avc
03-24 14:55:07.671 17177 17208 W VideoCapabilities: Unrecognized profile 2130706434 for video/avc
03-24 14:55:07.671 17177 17208 W VideoCapabilities: Unrecognized profile 2130706434 for video/avc
03-24 14:55:07.671 17177 17208 W VideoCapabilities: Unrecognized profile 2130706434 for video/avc
03-24 14:55:07.671 17177 17208 W VideoCapabilities: Unrecognized profile 2130706434 for video/avc
03-24 14:55:07.671 17177 17208 W VideoCapabilities: Unrecognized profile 2130706434 for video/avc
03-24 14:55:07.671 17177 17208 W VideoCapabilities: Unrecognized profile 2130706434 for video/avc
03-24 14:55:07.671 17177 17208 W VideoCapabilities: Unrecognized profile 2130706434 for video/avc
03-24 14:55:07.671 17177 17208 W VideoCapabilities: Unrecognized profile 2130706434 for video/avc
03-24 14:55:07.671 17177 17208 W VideoCapabilities: Unrecognized profile 2130706434 for video/avc
03-24 14:55:07.671 17177 17208 W VideoCapabilities: Unrecognized profile 2130706434 for video/avc
03-24 14:55:07.681 17177 17208 W VideoCapabilities: Unrecognized profile/level 32768/2 for video/mp4v-es
03-24 14:55:07.681  3670  4946 I PersonaManager: mKnoxInfo is empty
03-24 14:55:07.691 17177 17208 I VideoCapabilities: Unsupported profile 4 for video/mp4v-es
03-24 14:55:07.701 17177 17208 W VideoCapabilities: Unsupported mime video/sorenson
03-24 14:55:07.731 16974 16993 W System.err: remove failed: ENOENT (No such file or directory) : /data/user/0/com.yandex.browser/shared_prefs/MetricaFunnelFacade.SHARED_PREF.xml.bak
03-24 14:55:07.781 17008 17253 I System.out: (HTTPLog)-Static: isSBSettingEnabled false
03-24 14:55:07.781 17008 17253 I System.out: (HTTPLog)-Static: isSBSettingEnabled false
03-24 14:55:07.871  4183  4183 D Recents : onTaskStackChanged
03-24 14:55:07.871  3670  4947 I PersonaManager: mKnoxInfo is empty
03-24 14:55:07.881  4183  4183 I ApplicationPackageManager: load=com.android.chrome, bg=192-192, dr=192-192
03-24 14:55:07.881  4183  4183 I ApplicationPackageManager: scaled rate=0.97032255, size=192, alpha=3, hold=26, target=192
03-24 14:55:07.971  4932 31329 I qtaguid : Untagging socket 98
03-24 14:55:08.021 14144 14625 I FontsContentProvider: Received query Noto Color Emoji Compat, URI content://com.google.android.gms.fonts
03-24 14:55:08.021 14144 14625 I FontsContentProvider: Query [Noto Color Emoji Compat] resolved to {Noto Color Emoji Compat, wdth 100.0, wght 400, ital 0.0, bestEffort false}
03-24 14:55:08.021 16974 16993 W System.err: remove failed: ENOENT (No such file or directory) : /data/user/0/com.yandex.browser/shared_prefs/messenger.xml.bak
03-24 14:55:08.021 14144 14625 I FontsContentProvider: Fetch {Noto Color Emoji Compat, wdth 100.0, wght 400, ital 0.0, bestEffort false} end status Status{statusCode=SUCCESS, resolution=null}
03-24 14:55:08.021  3670  4407 I PersonaManager: mKnoxInfo is empty
03-24 14:55:08.041 14144 14154 I FontsContentProvider: Pulling font file for id = 2, cache size = 1
03-24 14:55:08.051 16974 17262 E SQLiteLog: (1) no such table: composite_parts
03-24 14:55:08.061 16974 17262 E SQLiteLog: (1) no such table: unseen_view
03-24 14:55:08.111 17008 17263 I System.out: (HTTPLog)-Static: isSBSettingEnabled false
03-24 14:55:08.111 17008 17263 I System.out: (HTTPLog)-Static: isSBSettingEnabled false
03-24 14:55:08.141  3670  4946 E SensorService: getSensorList a sensor (HRM Ambient Light Canceling) without holding its required permission: com.samsung.permission.HRM_EXT
03-24 14:55:08.141  3670  4946 I SensorService: Skipped sensor HRM Ambient Light Canceling because it requires permission com.samsung.permission.HRM_EXT and app op -1
03-24 14:55:08.141  3670  4946 E SensorService: getSensorList a sensor (HRM Proximity detecting) without holding its required permission: com.samsung.permission.HRM_EXT
03-24 14:55:08.141  3670  4946 I SensorService: Skipped sensor HRM Proximity detecting because it requires permission com.samsung.permission.HRM_EXT and app op -1
03-24 14:55:08.141  3670  4946 W ServiceManager: Permission failure: android.permission.BODY_SENSORS from uid=10175 pid=16974
03-24 14:55:08.141  3670  4946 E SensorService: getSensorList a sensor (HRMLED IR) without holding its required permission: android.permission.BODY_SENSORS
03-24 14:55:08.141  3670  4946 I SensorService: Skipped sensor HRMLED IR because it requires permission android.permission.BODY_SENSORS and app op 56
03-24 14:55:08.141  3670  4946 W ServiceManager: Permission failure: android.permission.BODY_SENSORS from uid=10175 pid=16974
03-24 14:55:08.141  3670  4946 E SensorService: getSensorList a sensor (HRMLED RED) without holding its required permission: android.permission.BODY_SENSORS
03-24 14:55:08.141  3670  4946 I SensorService: Skipped sensor HRMLED RED because it requires permission android.permission.BODY_SENSORS and app op 56
03-24 14:55:08.141  3670  4946 E SensorService: getSensorList a sensor (MAX86900) without holding its required permission: com.samsung.permission.SSENSOR
03-24 14:55:08.141  3670  4946 I SensorService: Skipped sensor MAX86900 because it requires permission com.samsung.permission.SSENSOR and app op -1
03-24 14:55:08.141  3670  4946 E SensorService: getSensorList a sensor (HRM Sensor) without holding its required permission: com.samsung.permission.SSENSOR
03-24 14:55:08.141  3670  4946 I SensorService: Skipped sensor HRM Sensor because it requires permission com.samsung.permission.SSENSOR and app op -1
03-24 14:55:08.141  3670  4946 W ServiceManager: Permission failure: android.permission.BODY_SENSORS from uid=10175 pid=16974
03-24 14:55:08.141  3670  4946 E SensorService: getSensorList a sensor (HeartRate Sensor) without holding its required permission: android.permission.BODY_SENSORS
03-24 14:55:08.141  3670  4946 I SensorService: Skipped sensor HeartRate Sensor because it requires permission android.permission.BODY_SENSORS and app op 56
03-24 14:55:08.151 16974 17260 D Minikin : FontFamily bestFont == NULL, so return vacant FakedFont
03-24 14:55:08.151 16974 17260 D Minikin : FontFamily bestFont == NULL, so return vacant FakedFont
03-24 14:55:08.151 16974 17260 D Minikin : FontFamily bestFont == NULL, so return vacant FakedFont
03-24 14:55:08.151 14144 14625 I FontsContentProvider: Pulling font file for id = 2, cache size = 1
03-24 14:55:08.191 17095 17095 D TextView: setTypeface with style : 0
03-24 14:55:08.201 17095 17095 D TextView: setTypeface with style : 0
03-24 14:55:08.201 17095 17095 D TextView: setTypeface with style : 0
03-24 14:55:08.201 17095 17268 D Minikin : FontFamily bestFont == NULL, so return vacant FakedFont
03-24 14:55:08.201 17095 17268 D Minikin : FontFamily bestFont == NULL, so return vacant FakedFont
03-24 14:55:08.201 17095 17268 D Minikin : FontFamily bestFont == NULL, so return vacant FakedFont
03-24 14:55:08.211 17095 17268 D Minikin : FontFamily bestFont == NULL, so return vacant FakedFont
03-24 14:55:08.211 17095 17268 D Minikin : FontFamily bestFont == NULL, so return vacant FakedFont
03-24 14:55:08.211 17095 17268 D Minikin : FontFamily bestFont == NULL, so return vacant FakedFont
03-24 14:55:08.241 17095 17095 W View    : requestLayout() improperly called by android.support.v7.widget.AppCompatImageView{6877a8f V.ED..... ......ID 0,0-432,2244 #7f0b003e app:id/activity_tutorial_zen_cards} during layout: running second layout pass
03-24 14:55:08.241 17095 17095 I ViewRootImpl: requestLayout is already in process
03-24 14:55:08.291 17095 17095 D TextView: setTypeface with style : 0
03-24 14:55:08.291 17095 17095 D TextView: setTypeface with style : 0
03-24 14:55:08.291 17095 17095 D TextView: setTypeface with style : 0
03-24 14:55:08.321 17095 17203 E         : g2d stretchFimgApi_v5 function does not exist
03-24 14:55:08.321 17095 17203 E         : [JM] stretchFimgApi might be v4.
03-24 14:55:08.331 17095 17095 W PathParser: Points are too far apart 4.002561287974534
03-24 14:55:08.331 17095 17095 W PathParser: Points are too far apart 4.002561287974534
03-24 14:55:08.331  3025  3025 D libEGL  : eglInitialize EGLDisplay = 0x7ff3f31d28
03-24 14:55:08.351  3025  3025 D libEGL  : eglInitialize EGLDisplay = 0x7ff3f31d28
03-24 14:55:08.581  3037  3738 D Netd    : Iface wlan0 link up
03-24 14:55:08.581  3670  3804 D Tethering: interfaceLinkStateChanged wlan0, true
03-24 14:55:08.581  3670  3804 D Tethering: interfaceStatusChanged wlan0, true
03-24 14:55:08.581 31048 31048 I wpa_supplicant: nl80211: Received scan results (8 BSSes)
03-24 14:55:08.591  3670  4020 D WifiP2pService: InactiveState{ what=147461 }
03-24 14:55:08.591  3670  4020 D WifiP2pService: P2pEnabledState{ what=147461 }
03-24 14:55:08.591  3670  4020 D WifiP2pService: DefaultState{ what=147461 }
03-24 14:55:08.621  3670  3670 I CLocInfoService: External Intent Received android.net.wifi.SCAN_RESULTS
03-24 14:55:08.631  3670  3796 V BroadcastQueue: [background] Process cur broadcast BroadcastRecord{8e7e51c u-1 android.net.wifi.SCAN_RESULTS qIdx=4}, state= (APP_RECEIVE) DELIVERED for app ProcessRecord{124bbc4 4103:com.android.systemui/u0a43}
03-24 14:55:08.731 16974 16993 W System.err: remove failed: ENOENT (No such file or directory) : /data/user/0/com.yandex.browser/shared_prefs/MordaStorage.xml.bak
03-24 14:55:08.731 17008 17253 I System.out: (HTTPLog)-Static: isSBSettingEnabled false
03-24 14:55:08.731 17008 17253 I System.out: (HTTPLog)-Static: isSBSettingEnabled false
03-24 14:55:08.751 17008 17063 I System.out: (HTTPLog)-Static: isSBSettingEnabled false
03-24 14:55:08.751 17008 17063 I System.out: (HTTPLog)-Static: isSBSettingEnabled false
03-24 14:55:08.891 17074 17284 W System.err: remove failed: ENOENT (No such file or directory) : /data/user/0/com.yandex.browser/shared_prefs/experiments.xml.bak
03-24 14:55:08.921 16974 16974 W chromium: [WARNING:passman_password_form_adjustments.cc(127)] No Passman password form adjustments in config, using defaults.
03-24 14:55:08.931 16974 16974 W chromium: [WARNING:server_configs_manager_impl.cc(622)] Extracted empty config content_settings
03-24 14:55:08.961  3670  4016 D BatteryService: !@BatteryListener : batteryPropertiesChanged!
03-24 14:55:08.961  3670  4016 D BatteryService: level:93, scale:100, status:2, health:2, present:true, voltage: 4222, temperature: 312, technology: Li-ion, AC powered:false, USB powered:true, POGO powered:false, Wireless powered:false, icon:17303414, invalid charger:0, maxChargingCurrent:0
03-24 14:55:08.961  3670  4016 D BatteryService: online:4, current avg:-24, charge type:1, power sharing:false, high voltage charger:false, capacity:280000, batterySWSelfDischarging:false, current_now:-265
03-24 14:55:08.961  3670  3670 D BatteryService: Sending ACTION_BATTERY_CHANGED.
03-24 14:55:08.961  3670  3670 I MotionRecognitionService: Plugged
03-24 14:55:08.961  3670  3670 E MotionRecognitionService: support TA ~
03-24 14:55:08.961  3670  3670 I MotionRecognitionService: isTAConnected | current backoffstate  = 33792
03-24 14:55:08.961  3670  3670 D MotionRecognitionService:  TA connected ,  33792
03-24 14:55:08.961  3670  3670 I MotionRecognitionService: skip setTransmitPower. 
03-24 14:55:08.961  3670  3670 D MotionRecognitionService:   cableConnection= 1
03-24 14:55:08.961  3670  3670 D MotionRecognitionService: setPowerConnected | current backoffstate  = 33792 , state =33792
03-24 14:55:08.961  3670  3670 D MotionRecognitionService: skip setTransmitPower. 
03-24 14:55:08.961  4103  4103 D KeyguardUpdateMonitor: received broadcast android.intent.action.BATTERY_CHANGED
03-24 14:55:08.961  4103  4103 D KeyguardUpdateMonitor: handleBatteryUpdate
03-24 14:55:08.971  4103  4103 D PowerUI : priorPlugType = 2 mPlugType =  2
03-24 14:55:08.971  4103  4103 D PowerUI.Notification: showChargingNotice oldChargingType : 1 currentChargingType : 1 oldChargingTime : 1325000 mChargingTime : 1325000
03-24 14:55:08.971  4103  4103 D PowerUI.Notification: There is no change about charging status, so return!
03-24 14:55:08.991  4103  4103 D BatteryMeterView: ACTION_BATTERY_CHANGED : level:93 status:2 health:2
03-24 14:55:08.991  4103  4103 D BatteryMeterView: ACTION_BATTERY_CHANGED : level:93 status:2 health:2
03-24 14:55:09.001  3025  3025 D libEGL  : eglInitialize EGLDisplay = 0x7ff3f31d28
03-24 14:55:09.071  3670  4068 W System.err: remove failed: ENOENT (No such file or directory) : /data/system/recent_tasks/140_task.xml.bak
03-24 14:55:09.331  3670  6805 D GameManagerService: identifyGamePackage. com.yandex.browser
03-24 14:55:09.421  3670  6805 D SSRM:n  : SIOP:: AP = 410, PST = 368 (W:10), CP = 297, CUR = -24, LCD = 114
03-24 14:55:09.481 17008 17063 I System.out: (HTTPLog)-Static: isSBSettingEnabled false
03-24 14:55:09.481 17008 17063 I System.out: (HTTPLog)-Static: isSBSettingEnabled false
03-24 14:55:09.491  3670  6805 D ConnectivityService: returning getNetworkInfo for network type 1 : [type: WIFI[] - WIFI, state: CONNECTED/CONNECTED, reason: (unspecified), extra: "DataStructures", roaming: false, failover: false, isAvailable: true]
03-24 14:55:09.601  3670  6805 D GameManagerService: identifyGamePackage. com.yandex.browser
03-24 14:55:09.691  3670  4018 D NtpTrustedTime: currentTimeMillis() cache hit
03-24 14:55:09.691  3670  4018 V NetworkStats: performPollLocked(flags=0x1)
03-24 14:55:09.701  3670  4018 D NetworkStatsRecorder: entry.iface is null
03-24 14:55:09.701  3670  4018 D NetworkStatsRecorder: entry.iface is null
03-24 14:55:09.711  3670  4018 D NetworkStatsRecorder: entry.iface is null
03-24 14:55:09.711  3670  4018 D NetworkStatsRecorder: entry.iface is null
03-24 14:55:09.721  3670  4018 V NetworkStats: performPollLocked() took 34ms
03-24 14:55:09.721  3670  4018 D NtpTrustedTime: currentTimeMillis() cache hit
03-24 14:55:09.731  3670  4019 D NtpTrustedTime: currentTimeMillis() cache hit
03-24 14:55:09.761  3670  4019 D NtpTrustedTime: currentTimeMillis() cache hit
03-24 14:55:10.681 16974 17172 W cr_ChildProcLH: Create a new ChildConnectionAllocator with package name = com.yandex.browser, sandboxed = true
03-24 14:55:10.691  3670  4552 I PersonaManager: mKnoxInfo is empty
03-24 14:55:10.701 17288 17288 E Zygote  : v2
03-24 14:55:10.701 17288 17288 I libpersona: KNOX_SDCARD checking this for 99198
03-24 14:55:10.701 17288 17288 I libpersona: KNOX_SDCARD not a persona
03-24 14:55:10.701 17288 17288 W SELinux : Function: selinux_compare_spd_ram, index[1], priority [2], priority version is VE=SEPF_SECMOBILE_6.0.1_0003
03-24 14:55:10.701  3670  4552 I ActivityManager: Start proc 17288:com.yandex.browser:sandboxed_process5/u0i198 for service com.yandex.browser/org.chromium.content.app.SandboxedProcessService5
03-24 14:55:10.711 17288 17288 E Zygote  : accessInfo : 0
03-24 14:55:10.711 17288 17288 W SELinux : SELinux: seapp_context_lookup: seinfo=default, level=s0:c512,c768, pkgname=com.yandex.browser:sandboxed_process5 
03-24 14:55:10.711  3670  4454 I PersonaManager: mKnoxInfo is empty
03-24 14:55:10.771 17288 17288 W ResourcesManager: getTopLevelResources: /data/app/com.yandex.browser-1/base.apk / 1.0 running in com.yandex.browser rsrc of package com.yandex.browser
03-24 14:55:10.781 17288 17288 D ResourcesManager: For user 0 new overlays fetched Null
03-24 14:55:10.791 17288 17288 I InjectionManager: Inside getClassLibPath caller 
03-24 14:55:10.821 17288 17288 I MultiDex: Installing application
03-24 14:55:10.821 17288 17288 I MultiDex: VM with version 2.1.0 has multidex support
03-24 14:55:10.821 17288 17288 I MultiDex: VM has multidex support, MultiDex support library is disabled.
03-24 14:55:10.821 17288 17288 I cr_base_multidex: Completed multidex installation.
03-24 14:55:10.841 17288 17300 E cr_PathUtils: Failed to set permissions for path "/data/user/0/com.yandex.browser/app_chromium"
03-24 14:55:10.851 17288 17288 D InjectionManager: InjectionManager
03-24 14:55:10.851 17288 17288 I InjectionManager: featureStore :{}
03-24 14:55:10.861 17288 17288 I cr_ChildProcessService: Creating new ChildProcessService pid=17288
03-24 14:55:10.901 17288 17301 I cr_LibraryLoader:  Loading yandexbrowser from within /data/app/com.yandex.browser-1/base.apk
03-24 14:55:10.981 17288 17301 I cr_LibraryLoader: Time to load native libraries: 75 ms (timestamps 1835-1910)
03-24 14:55:10.981 17288 17301 I chromium: [INFO:library_loader_hooks.cc(36)] Chromium logging enabled: level = 0, default verbosity = 0
03-24 14:55:10.981 17288 17301 I cr_LibraryLoader: Expected native library version number "18.11.1.979", actual native library version number "18.11.1.979"
03-24 14:55:10.981 17288 17301 W ResourcesManager: getTopLevelResources: /data/app/com.yandex.browser-1/base.apk / 1.0 running in com.yandex.browser rsrc of package com.yandex.browser
03-24 14:55:11.011 17288 17301 I chromium: [INFO:child_process_service.cc(73)] ChildProcessService: Exiting child process.
03-24 14:55:11.021 16974 17172 W cr_ChildProcessConn: onServiceDisconnected (crash or killed by oom): pid=17288
03-24 14:55:11.031  3670  4407 I ActivityManager: Process com.yandex.browser:sandboxed_process5 (pid 17288)(adj 1) has died(52,1099)
03-24 14:55:11.031  3670  4407 D ActivityManager: cleanUpApplicationRecord -- 17288
03-24 14:55:11.031  3670  4407 D ActivityManager: isAutoRunBlockedApp:: com.yandex.browser, Auto Run ON
03-24 14:55:11.031  3670  4407 W ActivityManager: Scheduling restart of crashed service com.yandex.browser/org.chromium.content.app.SandboxedProcessService5 in 1000ms
03-24 14:55:11.901 16974 16974 W System.err: remove failed: ENOENT (No such file or directory) : /data/user/0/com.yandex.browser/files/roboto_bold.ttf.bak
03-24 14:55:11.911 16974 16974 D Minikin : FontFamily bestFont == NULL, so return vacant FakedFont
03-24 14:55:11.911 16974 16974 D Minikin : FontFamily bestFont == NULL, so return vacant FakedFont
03-24 14:55:11.911 16974 16974 D Minikin : FontFamily bestFont == NULL, so return vacant FakedFont
03-24 14:55:11.961 16974 16974 D TextView: setTypeface with style : 0
03-24 14:55:11.961 16974 17307 D Minikin : FontFamily bestFont == NULL, so return vacant FakedFont
03-24 14:55:11.961 16974 17307 D Minikin : FontFamily bestFont == NULL, so return vacant FakedFont
03-24 14:55:11.961 16974 17307 D Minikin : FontFamily bestFont == NULL, so return vacant FakedFont
03-24 14:55:12.001 16974 16974 W System.err: remove failed: ENOENT (No such file or directory) : /data/user/0/com.yandex.browser/files/roboto_black.ttf.bak
03-24 14:55:12.001 16974 16974 D Minikin : FontFamily bestFont == NULL, so return vacant FakedFont
03-24 14:55:12.001 16974 16974 D Minikin : FontFamily bestFont == NULL, so return vacant FakedFont
03-24 14:55:12.001 16974 16974 D Minikin : FontFamily bestFont == NULL, so return vacant FakedFont
03-24 14:55:12.031  3025  3025 I SurfaceFlinger: id=582 createSurf (1440x2464),4 flag=404, TurfaceView
03-24 14:55:12.061  3670  4016 V WindowStateAnimator: Finishing drawing window Window{d08a318 u0 d0 SurfaceView}: mDrawState=DRAW_PENDING
03-24 14:55:12.071  3670  4952 V WindowStateAnimator: Finishing drawing window Window{d08a318 u0 d0 SurfaceView}: mDrawState=HAS_DRAWN
03-24 14:55:12.111 17177 17208 D mali_winsys: new_window_surface returns 0x3000,  [1440x2464]-format:1
03-24 14:55:12.121 17177 17208 D         : ro.exynos.dss isEnabled: 0
03-24 14:55:12.131  3025  3025 D libEGL  : eglInitialize EGLDisplay = 0x7ff3f31d28
03-24 14:55:12.141 17177 17208 D libGLESv2: DTS_GLAPI : DTS is not allowed for Package : com.yandex.browser:privileged_process1
03-24 14:55:12.161 16974 16974 D TextView: setTypeface with style : 0
03-24 14:55:12.191  3025  3025 D libEGL  : eglInitialize EGLDisplay = 0x7ff3f31d28
03-24 14:55:12.381  3670  6805 D ConnectivityService: returning getNetworkInfo for network type 1 : [type: WIFI[] - WIFI, state: CONNECTED/CONNECTED, reason: (unspecified), extra: "DataStructures", roaming: false, failover: false, isAvailable: true]
03-24 14:55:12.411 16974 17251 D skia    : --- SkImageDecoder::Factory returned null
03-24 14:55:12.411 16974 17251 D skia    : --- SkImageDecoder::Factory returned null
03-24 14:55:12.411 16974 17251 D skia    : --- SkImageDecoder::Factory returned null
03-24 14:55:12.421 16974 17251 D skia    : --- SkImageDecoder::Factory returned null
03-24 14:55:12.421 16974 17251 D skia    : --- SkImageDecoder::Factory returned null
