03-24 14:44:02.211  7956  7956 I cr_ChildProcessService: Creating new ChildProcessService pid=7956
03-24 14:44:02.221  7802  7948 D libEGL  : eglInitialize EGLDisplay = 0xd55267c4
03-24 14:44:02.221  7802  7948 I OpenGLRenderer: Initialized EGL, version 1.4
03-24 14:44:02.221  7802  7948 D         : ro.exynos.dss isEnabled: 0
03-24 14:44:02.221  7802  7948 D mali_winsys: new_window_surface returns 0x3000,  [1440x2560]-format:1
03-24 14:44:02.231  3670  4409 V WindowStateAnimator: Finishing drawing window Window{4e673d1 u0 d0 SurfaceView}: mDrawState=NO_SURFACE
03-24 14:44:02.231  7802  7948 D libGLESv1: DTS_GLAPI : DTS is not allowed for Package : com.microsoft.emmx
03-24 14:44:02.261  3670  3931 V WindowStateAnimator: Finishing drawing window Window{37a1874 u0 d0 com.microsoft.emmx/org.chromium.chrome.browser.ChromeTabbedActivity}: mDrawState=DRAW_PENDING
03-24 14:44:02.261  7802  7802 D ViewRootImpl: MSG_RESIZED_REPORT: ci=Rect(0, 96 - 0, 0) vi=Rect(0, 96 - 0, 0) or=1
03-24 14:44:02.261  7802  7802 I FeedbackSessionManager: onChromeTabbedActivityFocusChanged() called with: focus = [true]
03-24 14:44:02.261  7802  7802 I FeedbackSessionManager: checkTriggering: 
03-24 14:44:02.261  3670  3884 I ActivityManager: Displayed com.microsoft.emmx/org.chromium.chrome.browser.ChromeTabbedActivity: +682ms (total +2s435ms)
03-24 14:44:02.261  3670  3884 D CustomFrequencyManagerService: releaseDVFSLockLocked : Getting Lock type frm List : DVFS_MIN_LIMIT  frequency : 1800000  uid : 1000  pid : 3670  tag : ACTIVITY_RESUME_BOOSTER@3
03-24 14:44:02.261  3670  3884 D ActivityManager: mDVFSHelper.release()
03-24 14:44:02.271  3670  3884 I Timeline: Timeline: Activity_windows_visible id: ActivityRecord{1350014 u0 com.microsoft.emmx/org.chromium.chrome.browser.ChromeTabbedActivity t123} time:69853200
03-24 14:44:02.271  3670  3796 D CustomFrequencyManagerService: acquireDVFSLockLocked : type : DVFS_MIN_LIMIT  frequency : 1800000  uid : 1000  pid : 3670  pkgName : ACTIVITY_RESUME_BOOSTER@9
03-24 14:44:02.271  3670  3884 D ViewRootImpl: #3 mView = null
03-24 14:44:02.271  3025  3025 D libEGL  : eglInitialize EGLDisplay = 0x7ff3f31d28
03-24 14:44:02.271  3670  4421 D InputMethodManagerService: windowGainedFocus mCurrentFocusedUserId - 0 and mSecureKeypadEnabled-false
03-24 14:44:02.271  3670  4421 W InputMethodManagerService: Got RemoteException sending setActive(false) notification to pid 7023 uid 10175
03-24 14:44:02.281 18067 18067 D SamsungIME: IMPL finishInput
03-24 14:44:02.281 18067 18067 D SamsungIME: SwiftKeyWrapper writeDBdataToFileOnFinishInput
03-24 14:44:02.281 18067 18067 D SamsungIME: saveAndClear +
03-24 14:44:02.281 18067 18067 D SamsungIME: saveAndClear -
03-24 14:44:02.281 18067 18067 D SamsungIME: onStartInput: No inputType, No imeOption, isInputViewShown = false, isExtractViewShown = false, isShowInputRequested = false, isConfigChanged = false
03-24 14:44:02.281  3670  4946 V WindowStateAnimator: Finishing drawing window Window{37a1874 u0 d0 com.microsoft.emmx/org.chromium.chrome.browser.ChromeTabbedActivity}: mDrawState=HAS_DRAWN
03-24 14:44:02.281  7802  7802 I cr_BrowserStartup: Initializing chromium process, singleProcess=false
03-24 14:44:02.281  3025  3025 D libEGL  : eglInitialize EGLDisplay = 0x7ff3f31d28
03-24 14:44:02.341  3670  3931 D ActivityManager: The following uid has registered to recieve broadcast for proxy related updates 10098
03-24 14:44:02.341  3670  3931 W ContextImpl: Calling a method in the system process without a qualified user: android.app.ContextImpl.sendBroadcast:845 com.android.server.am.ActivityManagerService.requestKnoxVpnToSendProxyBroadcast:29793 com.android.server.am.ActivityManagerService.registerReceiver:22658 android.app.ActivityManagerNative.onTransact:431 com.android.server.am.ActivityManagerService.onTransact:3999 
03-24 14:44:02.381  3670  3698 I PersonaManager: mKnoxInfo is empty
03-24 14:44:02.381  7802  7802 E chromium: [ERROR:shell_integration_android.cc(22)] Not implemented reached in shell_integration::DefaultWebClientSetPermission shell_integration::GetDefaultWebClientSetPermission()
03-24 14:44:02.391  3670  3698 I ActivityManager: Start proc 8005:com.microsoft.emmx:privileged_process0/u0a98 for service com.microsoft.emmx/org.chromium.content.app.EdgePrivilegedProcessService0
03-24 14:44:02.391  3670  3931 D ActivityManager: The following uid has registered to recieve broadcast for proxy related updates 10098
03-24 14:44:02.391  3670  3931 W ContextImpl: Calling a method in the system process without a qualified user: android.app.ContextImpl.sendBroadcast:845 com.android.server.am.ActivityManagerService.requestKnoxVpnToSendProxyBroadcast:29793 com.android.server.am.ActivityManagerService.registerReceiver:22658 android.app.ActivityManagerNative.onTransact:431 com.android.server.am.ActivityManagerService.onTransact:3999 
03-24 14:44:02.391  3670  4421 I PersonaManager: mKnoxInfo is empty
03-24 14:44:02.391  8005  8005 E Zygote  : v2
03-24 14:44:02.391  8005  8005 I libpersona: KNOX_SDCARD checking this for 10098
03-24 14:44:02.391  8005  8005 I libpersona: KNOX_SDCARD not a persona
03-24 14:44:02.391  8005  8005 W SELinux : Function: selinux_compare_spd_ram, index[1], priority [2], priority version is VE=SEPF_SECMOBILE_6.0.1_0003
03-24 14:44:02.401  8005  8005 E Zygote  : accessInfo : 0
03-24 14:44:02.401  8005  8005 W SELinux : SELinux: seapp_context_lookup: seinfo=default, level=s0:c512,c768, pkgname=com.microsoft.emmx:privileged_process0 
03-24 14:44:02.401  3670  4016 W BackupManagerService: dataChanged but no participant pkg='com.microsoft.emmx' uid=10098
03-24 14:44:02.431  7802  7802 D ConnectivityManager: requestNetwork; getAppId(CallingUid) : 10098, CallingPid : 7802
03-24 14:44:02.441  3670  4409 D ConnectivityService: listenForNetwork for Listen from uid/pid:10098/7802 for NetworkRequest [ id=256, legacyType=-1, [ Capabilities: INTERNET&NOT_RESTRICTED&TRUSTED] ]
03-24 14:44:02.441  3670  4029 D ConnectivityService: rematching NetworkAgentInfo [WIFI () - 510]
03-24 14:44:02.441  3670  4029 D ConnectivityService:  network has: NetworkAgentInfo{ ni{[type: WIFI[] - WIFI, state: CONNECTED/CONNECTED, reason: (unspecified), extra: "DataStructures", roaming: false, failover: false, isAvailable: true]}  network{510}  lp{{InterfaceName: wlan0 LinkAddresses: [fe80::ee9b:f3ff:fe73:43e9/64,192.168.0.174/24,]  Routes: [fe80::/64 -> :: wlan0,192.168.0.0/24 -> 0.0.0.0 wlan0,0.0.0.0/0 -> 192.168.0.1 wlan0,] DnsAddresses: [192.168.0.1,] Domains:  MTU: 0 TcpBufferSizes: 524288,1048576,4525824,524288,1048576,4525824}}  nc{[ Transports: WIFI Capabilities: INTERNET&NOT_RESTRICTED&TRUSTED&NOT_VPN&VALIDATED LinkUpBandwidth>=1048576Kbps LinkDnBandwidth>=1048576Kbps SignalStrength: -33]}  Score{60}  everValidated{true}  lastValidated{true}  created{true} lingering{false} explicitlySelected{false} acceptUnvalidated{false} everCaptivePortalDetected{false} lastCaptivePortalDetected{false} }
03-24 14:44:02.441  3670  4029 D ConnectivityService:   checking if request is: NetworkRequest [ id=10, legacyType=-1, [ Capabilities: INTERNET&NOT_RESTRICTED&TRUSTED&NOT_VPN] ] satisfies: true nri.isRequest: false
03-24 14:44:02.441  3670  4029 D ConnectivityService:   checking if request is: NetworkRequest [ id=30, legacyType=-1, [ Capabilities: INTERNET&NOT_RESTRICTED&TRUSTED] ] satisfies: true nri.isRequest: false
03-24 14:44:02.441  3670  4029 D ConnectivityService:   checking if request is: NetworkRequest [ id=256, legacyType=-1, [ Capabilities: INTERNET&NOT_RESTRICTED&TRUSTED] ] satisfies: true nri.isRequest: false
03-24 14:44:02.441  3670  4029 D ConnectivityService:   checking if request is: NetworkRequest [ id=5, legacyType=-1, [ Transports: WIFI Capabilities: INTERNET&NOT_RESTRICTED&TRUSTED&NOT_VPN] ] satisfies: true nri.isRequest: false
03-24 14:44:02.441  3670  4029 D ConnectivityService: Network NetworkAgentInfo [WIFI () - 510] was already satisfying request 1. No change.
03-24 14:44:02.441  3670  4029 D ConnectivityService:   checking if request is: NetworkRequest [ id=3, legacyType=-1, [] ] satisfies: true nri.isRequest: false
03-24 14:44:02.441  3670  4029 D ConnectivityService:   checking if request is: NetworkRequest [ id=4, legacyType=-1, [ Transports: CELLULAR Capabilities: INTERNET&NOT_RESTRICTED&TRUSTED&NOT_VPN] ] satisfies: false nri.isRequest: false
03-24 14:44:02.441  3670  4029 D ConnectivityService:   checking if request is: NetworkRequest [ id=226, legacyType=-1, [ Capabilities: INTERNET&NOT_RESTRICTED&TRUSTED] ] satisfies: true nri.isRequest: false
03-24 14:44:02.441  3670  4029 D ConnectivityService:   checking if request is: NetworkRequest [ id=29, legacyType=-1, [ Capabilities: INTERNET&NOT_RESTRICTED&TRUSTED] ] satisfies: true nri.isRequest: false
03-24 14:44:02.441  3670  4029 D ConnectivityService:   checking if request is: NetworkRequest [ id=228, legacyType=-1, [ Capabilities: INTERNET&NOT_RESTRICTED&TRUSTED] ] satisfies: true nri.isRequest: false
03-24 14:44:02.441  3670  4029 D ConnectivityService: sending notification AVAILABLE for NetworkRequest [ id=256, legacyType=-1, [ Capabilities: INTERNET&NOT_RESTRICTED&TRUSTED] ]
03-24 14:44:02.441  8005  8005 W ResourcesManager: getTopLevelResources: /data/app/com.microsoft.emmx-1/base.apk / 1.0 running in com.microsoft.emmx rsrc of package com.microsoft.emmx
03-24 14:44:02.441  3670  3698 I InjectionManagerService -AppFeature: getCoreFeaturePkgList :[]
03-24 14:44:02.451  8005  8005 I InjectionManager: Inside getClassLibPath + mLibMap{0=, 1=}
03-24 14:44:02.451  3670  4143 W BackupManagerService: dataChanged but no participant pkg='com.microsoft.emmx' uid=10098
03-24 14:44:02.451  8005  8005 D ResourcesManager: For user 0 new overlays fetched Null
03-24 14:44:02.451  3025  4174 I SurfaceFlinger: id=522 Removed fmmx (7/9)
03-24 14:44:02.451  8005  8005 I InjectionManager: Inside getClassLibPath caller 
03-24 14:44:02.461  3025  3210 I SurfaceFlinger: id=522 Removed fmmx (-2/9)
03-24 14:44:02.461  3670  3796 V BroadcastQueue: [background] Process cur broadcast BroadcastRecord{7dccdc3 u0 com.google.android.gms.gcm.ACTION_SCHEDULE qIdx=4}, state= (APP_RECEIVE) DELIVERED for app ProcessRecord{49f3f4c 4932:com.google.android.gms.persistent/u0a15}
03-24 14:44:02.471  3025  3025 D libEGL  : eglTerminate EGLDisplay = 0x7ff3f31e58
03-24 14:44:02.471  8005  8005 I MAMInfo : MAMInfo initialized. Debug=false, UseTestAgent=false, ManagedDialogDisabled=false, DeprecationDialogDisabled=false, PolicyRequired=false, MultiIdentityEnabled=true, FullBackupContent=true, UseDefaultEnrollment=false, ExceptionOnInit=false, Debuggable=false
03-24 14:44:02.481  3670  4947 V BroadcastQueue: [background] Process cur broadcast BroadcastRecord{7873640 u0 com.google.android.gms.gcm.ACTION_SCHEDULE qIdx=4}, state= (APP_RECEIVE) DELIVERED for app ProcessRecord{49f3f4c 4932:com.google.android.gms.persistent/u0a15}
03-24 14:44:02.481  3670  4946 E PackageManager: Failed to generatePackageInfoFromSettingsLPw, There isn't package setting object for 
03-24 14:44:02.481  3670  4407 E PackageManager: Failed to generatePackageInfoFromSettingsLPw, There isn't package setting object for 
03-24 14:44:02.491  3670  3698 V AlarmManager:  remove PendingIntent] PendingIntent{c99c979: PendingIntentRecord{e30a718 com.google.android.gms broadcastIntent}}
03-24 14:44:02.491  3670  3796 V BroadcastQueue: [background] Process cur broadcast BroadcastRecord{573d6be u0 com.google.android.gms.gcm.ACTION_SCHEDULE qIdx=4}, state= (APP_RECEIVE) DELIVERED for app ProcessRecord{49f3f4c 4932:com.google.android.gms.persistent/u0a15}
03-24 14:44:02.501  7802  7802 D ConnectivityManager: requestNetwork; getAppId(CallingUid) : 10098, CallingPid : 7802
03-24 14:44:02.501  3670  4946 D ConnectivityService: listenForNetwork for Listen from uid/pid:10098/7802 for NetworkRequest [ id=257, legacyType=-1, [ Capabilities: INTERNET&NOT_RESTRICTED&TRUSTED] ]
03-24 14:44:02.501  3670  4029 D ConnectivityService: rematching NetworkAgentInfo [WIFI () - 510]
03-24 14:44:02.501  3670  4029 D ConnectivityService:  network has: NetworkAgentInfo{ ni{[type: WIFI[] - WIFI, state: CONNECTED/CONNECTED, reason: (unspecified), extra: "DataStructures", roaming: false, failover: false, isAvailable: true]}  network{510}  lp{{InterfaceName: wlan0 LinkAddresses: [fe80::ee9b:f3ff:fe73:43e9/64,192.168.0.174/24,]  Routes: [fe80::/64 -> :: wlan0,192.168.0.0/24 -> 0.0.0.0 wlan0,0.0.0.0/0 -> 192.168.0.1 wlan0,] DnsAddresses: [192.168.0.1,] Domains:  MTU: 0 TcpBufferSizes: 524288,1048576,4525824,524288,1048576,4525824}}  nc{[ Transports: WIFI Capabilities: INTERNET&NOT_RESTRICTED&TRUSTED&NOT_VPN&VALIDATED LinkUpBandwidth>=1048576Kbps LinkDnBandwidth>=1048576Kbps SignalStrength: -33]}  Score{60}  everValidated{true}  lastValidated{true}  created{true} lingering{false} explicitlySelected{false} acceptUnvalidated{false} everCaptivePortalDetected{false} lastCaptivePortalDetected{false} }
03-24 14:44:02.501  3670  4029 D ConnectivityService:   checking if request is: NetworkRequest [ id=10, legacyType=-1, [ Capabilities: INTERNET&NOT_RESTRICTED&TRUSTED&NOT_VPN] ] satisfies: true nri.isRequest: false
03-24 14:44:02.501  3670  4029 D ConnectivityService:   checking if request is: NetworkRequest [ id=30, legacyType=-1, [ Capabilities: INTERNET&NOT_RESTRICTED&TRUSTED] ] satisfies: true nri.isRequest: false
03-24 14:44:02.501  3670  4029 D ConnectivityService:   checking if request is: NetworkRequest [ id=256, legacyType=-1, [ Capabilities: INTERNET&NOT_RESTRICTED&TRUSTED] ] satisfies: true nri.isRequest: false
03-24 14:44:02.501  3670  4029 D ConnectivityService:   checking if request is: NetworkRequest [ id=5, legacyType=-1, [ Transports: WIFI Capabilities: INTERNET&NOT_RESTRICTED&TRUSTED&NOT_VPN] ] satisfies: true nri.isRequest: false
03-24 14:44:02.501  3670  4029 D ConnectivityService: Network NetworkAgentInfo [WIFI () - 510] was already satisfying request 1. No change.
03-24 14:44:02.501  3670  4029 D ConnectivityService:   checking if request is: NetworkRequest [ id=3, legacyType=-1, [] ] satisfies: true nri.isRequest: false
03-24 14:44:02.501  3670  4029 D ConnectivityService:   checking if request is: NetworkRequest [ id=4, legacyType=-1, [ Transports: CELLULAR Capabilities: INTERNET&NOT_RESTRICTED&TRUSTED&NOT_VPN] ] satisfies: false nri.isRequest: false
03-24 14:44:02.501  3670  4029 D ConnectivityService:   checking if request is: NetworkRequest [ id=226, legacyType=-1, [ Capabilities: INTERNET&NOT_RESTRICTED&TRUSTED] ] satisfies: true nri.isRequest: false
03-24 14:44:02.501  3670  4029 D ConnectivityService:   checking if request is: NetworkRequest [ id=29, legacyType=-1, [ Capabilities: INTERNET&NOT_RESTRICTED&TRUSTED] ] satisfies: true nri.isRequest: false
03-24 14:44:02.501  3670  4029 D ConnectivityService:   checking if request is: NetworkRequest [ id=257, legacyType=-1, [ Capabilities: INTERNET&NOT_RESTRICTED&TRUSTED] ] satisfies: true nri.isRequest: false
03-24 14:44:02.501  3670  4029 D ConnectivityService:   checking if request is: NetworkRequest [ id=228, legacyType=-1, [ Capabilities: INTERNET&NOT_RESTRICTED&TRUSTED] ] satisfies: true nri.isRequest: false
03-24 14:44:02.501  3670  4029 D ConnectivityService: sending notification AVAILABLE for NetworkRequest [ id=257, legacyType=-1, [ Capabilities: INTERNET&NOT_RESTRICTED&TRUSTED] ]
03-24 14:44:02.501  7802  7826 W System.err: remove failed: ENOENT (No such file or directory) : /data/user/0/com.microsoft.emmx/shared_prefs/com.appboy.storage.device_cache.v3.37a6259cc0c1dae299a7866489dff0bd.xml.bak
03-24 14:44:02.511  8005  8005 D InjectionManager: InjectionManager
03-24 14:44:02.511  8005  8005 D InjectionManager: fillFeatureStoreMap com.microsoft.emmx
03-24 14:44:02.511  8005  8005 I InjectionManager: Constructor com.microsoft.emmx, Feature store :{}
03-24 14:44:02.511  8005  8005 I InjectionManager: featureStore :{}
03-24 14:44:02.511  8005  8005 I cr_ChildProcessService: Creating new ChildProcessService pid=8005
03-24 14:44:02.511  3025  3025 I SurfaceFlinger: id=524 createSurf (1440x2464),4 flag=404, TurfaceView
03-24 14:44:02.521  3670  4952 V WindowStateAnimator: Finishing drawing window Window{4e673d1 u0 d0 SurfaceView}: mDrawState=DRAW_PENDING
03-24 14:44:02.521  7802  7802 I cr_ContextualSearch: Tap suppression enabled: false
03-24 14:44:02.531  7802  7802 I cr_ContextualSearch: Consructing ContextualSearchRankerLoggerImpl, enabled: true
03-24 14:44:02.531  3670  4454 V WindowStateAnimator: Finishing drawing window Window{4e673d1 u0 d0 SurfaceView}: mDrawState=HAS_DRAWN
03-24 14:44:02.541  3670  4407 V AlarmManager:  remove PendingIntent] PendingIntent{7e62eb1: PendingIntentRecord{e30a718 com.google.android.gms broadcastIntent}}
03-24 14:44:02.551  3025  3025 D libEGL  : eglInitialize EGLDisplay = 0x7ff3f31d28
03-24 14:44:02.571  3670  3670 D CustomFrequencyManagerService: releaseDVFSLockLocked : Getting Lock type frm List : DVFS_MIN_LIMIT  frequency : 1800000  uid : 1000  pid : 3670  tag : ACTIVITY_RESUME_BOOSTER@9
03-24 14:44:02.571  8005  8027 I cr_LibraryLoader: Loading chrome
03-24 14:44:02.581  7802  7993 E chromium: [ERROR:shell_integration_android.cc(32)] Not implemented reached in shell_integration::DefaultWebClientState shell_integration::GetDefaultBrowser()
03-24 14:44:02.591  4183  4183 D Recents : onTaskStackChanged
03-24 14:44:02.601  3670  4409 I PersonaManager: mKnoxInfo is empty
03-24 14:44:02.601  3670  4552 I PersonaManager: mKnoxInfo is empty
03-24 14:44:02.601  3670  4016 I PersonaManager: mKnoxInfo is empty
03-24 14:44:02.611  7802  7802 D TextView: setTypeface with style : 0
03-24 14:44:02.611  3670  4550 D PackageManager: getComponentMetadataForIconTray : com.example.myapplication.MainActivity does not exist in mServices
03-24 14:44:02.611  3670  4550 D PackageManager: getComponentMetadataForIconTray : com.example.myapplication.MainActivity does not exist in mProviders
03-24 14:44:02.611  3670  4550 D PackageManager: getComponentMetadataForIconTray : com.example.myapplication.MainActivity does not exist in mReceivers
03-24 14:44:02.611  4183  4183 I ApplicationPackageManager: load=com.example.myapplication, bg=192-192, dr=192-192
03-24 14:44:02.611  4183  4183 I ApplicationPackageManager: scaled rate=1.0429629, size=192, alpha=15, hold=26, target=192
03-24 14:44:02.621  8005  8027 I cr_LibraryLoader: Time to load native libraries: 50 ms (timestamps 3505-3555)
03-24 14:44:02.621  8005  8027 I chromium: [INFO:library_loader_hooks.cc(36)] Chromium logging enabled: level = 0, default verbosity = 0
03-24 14:44:02.621  8005  8027 I cr_LibraryLoader: Expected native library version number "71.0.3578.99", actual native library version number "71.0.3578.99"
03-24 14:44:02.641  3670  4016 I PersonaManager: mKnoxInfo is empty
03-24 14:44:02.641  7802  7986 D SmartScreenLog: WebFilterManager::GetInstance succeed
03-24 14:44:02.641  7802  7986 D SmartScreenLog: WebFilterManager isInitialized:false
03-24 14:44:02.651  8005  8027 W ResourcesManager: getTopLevelResources: /data/app/com.microsoft.emmx-1/base.apk / 1.0 running in com.microsoft.emmx rsrc of package com.microsoft.emmx
03-24 14:44:02.661  7802  7802 D TextView: setTypeface with style : 0
03-24 14:44:02.661  7802  7802 D TextView: setTypeface with style : 0
03-24 14:44:02.661  7802  7802 D TextView: setTypeface with style : 0
03-24 14:44:02.661  7802  7802 D TextView: setTypeface with style : 0
03-24 14:44:02.671  7802  7802 D TextView: setTypeface with style : 0
03-24 14:44:02.671  8005  8027 E libEGL  : validate_display:255 error 3008 (EGL_BAD_DISPLAY)
03-24 14:44:02.671  7802  7802 D TextView: setTypeface with style : 0
03-24 14:44:02.671  7802  7802 D TextView: setTypeface with style : 0
03-24 14:44:02.671  7956  7983 I cr_LibraryLoader: Loading chrome
03-24 14:44:02.671  7802  7802 D TextView: setTypeface with style : 0
03-24 14:44:02.671  7802  7802 D TextView: setTypeface with style : 0
03-24 14:44:02.671  7802  7802 D TextView: setTypeface with style : 0
03-24 14:44:02.681  7802  7802 D TextView: setTypeface with style : 0
03-24 14:44:02.681  7802  7802 D TextView: setTypeface with style : 0
03-24 14:44:02.681  7802  7802 D TextView: setTypeface with style : 0
03-24 14:44:02.681  7802  7802 D TextView: setTypeface with style : 0
03-24 14:44:02.681  7802  7802 D TextView: setTypeface with style : 0
03-24 14:44:02.681  7802  7802 D TextView: setTypeface with style : 0
03-24 14:44:02.681  7802  8031 I System.out: (HTTPLog)-Static: isSBSettingEnabled false
03-24 14:44:02.681  7802  8031 I System.out: (HTTPLog)-Static: isSBSettingEnabled false
03-24 14:44:02.691  3670  4552 V WindowOrientationListener: setCurrentAppOrientation :13
03-24 14:44:02.691  3670  4552 V WindowOrientationListener: OrientationSensorJudge.getProposedRotation, Rotation: -1
03-24 14:44:02.691  3670  4552 V WindowManager: rotationForOrientationLw(orient=13, last=0); user=0  sensorRotation=-1 mLidState=-1 mDockMode=0 mHdmiPlugged=false mMobileKeyboardEnabled=false displayId=0
03-24 14:44:02.691  3670  4552 V WindowOrientationListener: OrientationSensorJudge.getProposedRotation, Rotation: -1
03-24 14:44:02.711  8005  8027 D libEGL  : loaded /vendor/lib/egl/libGLES_mali.so
03-24 14:44:02.721  7956  7983 I cr_LibraryLoader: Time to load native libraries: 49 ms (timestamps 3604-3653)
03-24 14:44:02.721  7956  7983 I chromium: [INFO:library_loader_hooks.cc(36)] Chromium logging enabled: level = 0, default verbosity = 0
03-24 14:44:02.721  7956  7983 I cr_LibraryLoader: Expected native library version number "71.0.3578.99", actual native library version number "71.0.3578.99"
03-24 14:44:02.741  7802  7812 W art     : Suspending all threads took: 47.158ms
03-24 14:44:02.741  7956  7983 W ResourcesManager: getTopLevelResources: /data/app/com.microsoft.emmx-1/base.apk / 1.0 running in com.microsoft.emmx rsrc of package com.microsoft.emmx
03-24 14:44:02.741  7802  7812 I art     : Background partial concurrent mark sweep GC freed 12528(863KB) AllocSpace objects, 0(0B) LOS objects, 62% free, 9MB/25MB, paused 49.120ms total 111.934ms
03-24 14:44:02.741  7802  7921 I cr_XU   : FeatureSingle: tab_partner_code {isBingSearch=no, partnerCode=EMMX01}
03-24 14:44:02.741  3670  4407 I PersonaManager: mKnoxInfo is empty
03-24 14:44:02.751  8048  8048 E Zygote  : v2
03-24 14:44:02.751  8048  8048 I libpersona: KNOX_SDCARD checking this for 99182
03-24 14:44:02.751  8048  8048 I libpersona: KNOX_SDCARD not a persona
03-24 14:44:02.751  8048  8048 W SELinux : Function: selinux_compare_spd_ram, index[1], priority [2], priority version is VE=SEPF_SECMOBILE_6.0.1_0003
03-24 14:44:02.751  3670  4407 I ActivityManager: Start proc 8048:com.microsoft.emmx:sandboxed_process1/u0i182 for service com.microsoft.emmx/org.chromium.content.app.EdgeSandboxedProcessService1
03-24 14:44:02.751  8048  8048 E Zygote  : accessInfo : 0
03-24 14:44:02.751  3670  4454 I PersonaManager: mKnoxInfo is empty
03-24 14:44:02.761  3670  4409 I PersonaManager: mKnoxInfo is empty
03-24 14:44:02.761  8048  8048 W SELinux : SELinux: seapp_context_lookup: seinfo=default, level=s0:c512,c768, pkgname=com.microsoft.emmx:sandboxed_process1 
03-24 14:44:02.761  8005  8027 D libEGL  : eglInitialize EGLDisplay = 0xf3ab2d7c
03-24 14:44:02.761  7802  7802 I cr_SnippetsLauncher: Scheduling: 172800 172800
03-24 14:44:02.771  8005  8027 D         : ro.exynos.dss isEnabled: 0
03-24 14:44:02.771  7802  7826 W System.err: remove failed: ENOENT (No such file or directory) : /data/user/0/com.microsoft.emmx/shared_prefs/com.appboy.storage.serverconfigstorageprovider.b856ca21-b874-458d-9aea-7b2f4030f8ef.xml.bak
03-24 14:44:02.781  3670  3796 V BroadcastQueue: [background] Process cur broadcast BroadcastRecord{48c69a3 u0 com.google.android.gms.gcm.ACTION_SCHEDULE qIdx=4}, state= (APP_RECEIVE) DELIVERED for app ProcessRecord{49f3f4c 4932:com.google.android.gms.persistent/u0a15}
03-24 14:44:02.781  7956  7983 W chromium: [WARNING:resource_bundle.cc(599)] GetRawDataResourceForScale::GetStringPiece failed, i: 0 scale_factor: 1
03-24 14:44:02.781  7956  7983 W chromium: [WARNING:resource_bundle.cc(599)] GetRawDataResourceForScale::GetStringPiece failed, i: 0 scale_factor: 1
03-24 14:44:02.781  7956  7983 W chromium: [WARNING:resource_bundle.cc(599)] GetRawDataResourceForScale::GetStringPiece failed, i: 0 scale_factor: 1
03-24 14:44:02.781  7956  7983 W chromium: [WARNING:resource_bundle.cc(599)] GetRawDataResourceForScale::GetStringPiece failed, i: 0 scale_factor: 1
03-24 14:44:02.791  7956  7983 W chromium: [WARNING:resource_bundle.cc(599)] GetRawDataResourceForScale::GetStringPiece failed, i: 0 scale_factor: 1
03-24 14:44:02.791  7956  7983 W chromium: [WARNING:resource_bundle.cc(599)] GetRawDataResourceForScale::GetStringPiece failed, i: 0 scale_factor: 1
03-24 14:44:02.801  7956  7983 W chromium: [WARNING:resource_bundle.cc(599)] GetRawDataResourceForScale::GetStringPiece failed, i: 0 scale_factor: 1
03-24 14:44:02.801  3670  4524 V BroadcastQueue: [background] Process cur broadcast BroadcastRecord{f0ad4a0 u0 com.google.android.gms.gcm.ACTION_SCHEDULE qIdx=4}, state= (APP_RECEIVE) DELIVERED for app ProcessRecord{49f3f4c 4932:com.google.android.gms.persistent/u0a15}
03-24 14:44:02.801  7802  7826 W System.err: remove failed: ENOENT (No such file or directory) : /data/user/0/com.microsoft.emmx/shared_prefs/com.appboy.storage.triggers.actions.d41d8cd98f00b204e9800998ecf8427e.b856ca21-b874-458d-9aea-7b2f4030f8ef.xml.bak
03-24 14:44:02.801  7802  7826 W System.err: remove failed: ENOENT (No such file or directory) : /data/user/0/com.microsoft.emmx/shared_prefs/com.appboy.storage.triggers.re_eligibility.d41d8cd98f00b204e9800998ecf8427e.b856ca21-b874-458d-9aea-7b2f4030f8ef.xml.bak
03-24 14:44:02.811  7802  7826 W System.err: remove failed: ENOENT (No such file or directory) : /data/user/0/com.microsoft.emmx/shared_prefs/com.appboy.storage.triggers.local_assets.b856ca21-b874-458d-9aea-7b2f4030f8ef.xml.bak
03-24 14:44:02.821  8005  8027 W AudioCapabilities: Unsupported mime audio/mpeg-L1
03-24 14:44:02.821  8005  8027 W AudioCapabilities: Unsupported mime audio/mpeg-L2
03-24 14:44:02.821  8048  8048 W ResourcesManager: getTopLevelResources: /data/app/com.microsoft.emmx-1/base.apk / 1.0 running in com.microsoft.emmx rsrc of package com.microsoft.emmx
03-24 14:44:02.821  7802  7802 I cr_Qi   : onFinishNativeInitialization: updating app proxy state to: false
03-24 14:44:02.821  7802  7802 I cr_org.chromium.net.MAMAppProxyBridge: disable redirect in native
03-24 14:44:02.821  8005  8027 W AudioCapabilities: Unsupported mime audio/x-ms-wma
03-24 14:44:02.831  8048  8048 D ResourcesManager: For user 0 new overlays fetched Null
03-24 14:44:02.831  8005  8027 W AudioCapabilities: Unsupported mime audio/x-ima
03-24 14:44:02.831  8005  8027 W VideoCapabilities: Unrecognized profile/level 32768/2 for video/mp4v-es
03-24 14:44:02.831  8048  8048 I InjectionManager: Inside getClassLibPath caller 
03-24 14:44:02.831  8005  8027 W VideoCapabilities: Unrecognized profile 2130706433 for video/avc
03-24 14:44:02.831  8005  8027 W VideoCapabilities: Unrecognized profile 2130706433 for video/avc
03-24 14:44:02.831  8005  8027 W VideoCapabilities: Unrecognized profile 2130706433 for video/avc
03-24 14:44:02.831  8005  8027 W VideoCapabilities: Unrecognized profile 2130706433 for video/avc
03-24 14:44:02.831  8005  8027 W VideoCapabilities: Unrecognized profile 2130706433 for video/avc
03-24 14:44:02.831  8005  8027 W VideoCapabilities: Unrecognized profile 2130706433 for video/avc
03-24 14:44:02.831  8005  8027 W VideoCapabilities: Unrecognized profile 2130706433 for video/avc
03-24 14:44:02.831  8005  8027 W VideoCapabilities: Unrecognized profile 2130706433 for video/avc
03-24 14:44:02.831  8005  8027 W VideoCapabilities: Unrecognized profile 2130706433 for video/avc
03-24 14:44:02.831  8005  8027 W VideoCapabilities: Unrecognized profile 2130706433 for video/avc
03-24 14:44:02.831  8005  8027 W VideoCapabilities: Unrecognized profile 2130706433 for video/avc
03-24 14:44:02.831  8005  8027 W VideoCapabilities: Unrecognized profile 2130706433 for video/avc
03-24 14:44:02.831  8005  8027 W VideoCapabilities: Unrecognized profile 2130706433 for video/avc
03-24 14:44:02.831  8005  8027 W VideoCapabilities: Unrecognized profile 2130706433 for video/avc
03-24 14:44:02.831  8005  8027 W VideoCapabilities: Unrecognized profile 2130706433 for video/avc
03-24 14:44:02.831  8005  8027 W VideoCapabilities: Unrecognized profile 2130706433 for video/avc
03-24 14:44:02.831  8005  8027 W VideoCapabilities: Unrecognized profile 2130706434 for video/avc
03-24 14:44:02.831  8005  8027 W VideoCapabilities: Unrecognized profile 2130706434 for video/avc
03-24 14:44:02.831  8005  8027 W VideoCapabilities: Unrecognized profile 2130706434 for video/avc
03-24 14:44:02.831  8005  8027 W VideoCapabilities: Unrecognized profile 2130706434 for video/avc
03-24 14:44:02.831  8005  8027 W VideoCapabilities: Unrecognized profile 2130706434 for video/avc
03-24 14:44:02.831  8005  8027 W VideoCapabilities: Unrecognized profile 2130706434 for video/avc
03-24 14:44:02.831  8005  8027 W VideoCapabilities: Unrecognized profile 2130706434 for video/avc
03-24 14:44:02.831  8005  8027 W VideoCapabilities: Unrecognized profile 2130706434 for video/avc
03-24 14:44:02.831  8005  8027 W VideoCapabilities: Unrecognized profile 2130706434 for video/avc
03-24 14:44:02.831  8005  8027 W VideoCapabilities: Unrecognized profile 2130706434 for video/avc
03-24 14:44:02.831  8005  8027 W VideoCapabilities: Unrecognized profile 2130706434 for video/avc
03-24 14:44:02.831  8005  8027 W VideoCapabilities: Unrecognized profile 2130706434 for video/avc
03-24 14:44:02.831  8005  8027 W VideoCapabilities: Unrecognized profile 2130706434 for video/avc
03-24 14:44:02.831  8005  8027 W VideoCapabilities: Unrecognized profile 2130706434 for video/avc
03-24 14:44:02.831  8005  8027 W VideoCapabilities: Unrecognized profile 2130706434 for video/avc
03-24 14:44:02.831  8005  8027 W VideoCapabilities: Unrecognized profile 2130706434 for video/avc
03-24 14:44:02.831  8005  8027 W VideoCapabilities: Unrecognized profile 2130706433 for video/avc
03-24 14:44:02.831  8005  8027 W VideoCapabilities: Unrecognized profile 2130706433 for video/avc
03-24 14:44:02.831  8005  8027 W VideoCapabilities: Unrecognized profile 2130706433 for video/avc
03-24 14:44:02.831  8005  8027 W VideoCapabilities: Unrecognized profile 2130706433 for video/avc
03-24 14:44:02.831  8005  8027 W VideoCapabilities: Unrecognized profile 2130706433 for video/avc
03-24 14:44:02.831  8005  8027 W VideoCapabilities: Unrecognized profile 2130706433 for video/avc
03-24 14:44:02.831  8005  8027 W VideoCapabilities: Unrecognized profile 2130706433 for video/avc
03-24 14:44:02.831  8005  8027 W VideoCapabilities: Unrecognized profile 2130706433 for video/avc
03-24 14:44:02.831  8005  8027 W VideoCapabilities: Unrecognized profile 2130706433 for video/avc
03-24 14:44:02.831  8005  8027 W VideoCapabilities: Unrecognized profile 2130706433 for video/avc
03-24 14:44:02.831  8005  8027 W VideoCapabilities: Unrecognized profile 2130706433 for video/avc
03-24 14:44:02.831  8005  8027 W VideoCapabilities: Unrecognized profile 2130706433 for video/avc
03-24 14:44:02.831  8005  8027 W VideoCapabilities: Unrecognized profile 2130706433 for video/avc
03-24 14:44:02.831  8005  8027 W VideoCapabilities: Unrecognized profile 2130706433 for video/avc
03-24 14:44:02.831  8005  8027 W VideoCapabilities: Unrecognized profile 2130706433 for video/avc
03-24 14:44:02.831  8005  8027 W VideoCapabilities: Unrecognized profile 2130706433 for video/avc
03-24 14:44:02.831  8005  8027 W VideoCapabilities: Unrecognized profile 2130706434 for video/avc
03-24 14:44:02.831  8005  8027 W VideoCapabilities: Unrecognized profile 2130706434 for video/avc
03-24 14:44:02.831  8005  8027 W VideoCapabilities: Unrecognized profile 2130706434 for video/avc
03-24 14:44:02.831  8005  8027 W VideoCapabilities: Unrecognized profile 2130706434 for video/avc
03-24 14:44:02.831  8005  8027 W VideoCapabilities: Unrecognized profile 2130706434 for video/avc
03-24 14:44:02.831  8005  8027 W VideoCapabilities: Unrecognized profile 2130706434 for video/avc
03-24 14:44:02.831  8005  8027 W VideoCapabilities: Unrecognized profile 2130706434 for video/avc
03-24 14:44:02.831  8005  8027 W VideoCapabilities: Unrecognized profile 2130706434 for video/avc
03-24 14:44:02.831  8005  8027 W VideoCapabilities: Unrecognized profile 2130706434 for video/avc
03-24 14:44:02.831  8005  8027 W VideoCapabilities: Unrecognized profile 2130706434 for video/avc
03-24 14:44:02.831  8005  8027 W VideoCapabilities: Unrecognized profile 2130706434 for video/avc
03-24 14:44:02.831  8005  8027 W VideoCapabilities: Unrecognized profile 2130706434 for video/avc
03-24 14:44:02.831  8005  8027 W VideoCapabilities: Unrecognized profile 2130706434 for video/avc
03-24 14:44:02.831  8005  8027 W VideoCapabilities: Unrecognized profile 2130706434 for video/avc
03-24 14:44:02.831  8005  8027 W VideoCapabilities: Unrecognized profile 2130706434 for video/avc
03-24 14:44:02.831  8005  8027 W VideoCapabilities: Unrecognized profile 2130706434 for video/avc
03-24 14:44:02.831  7802  7802 I cr_XU   : FeatureSingle: ExpFeatureUsage {isFound=false, featureValue=false, dataSource=ExP, featureName=TestRollout1}
03-24 14:44:02.841  8005  8027 W VideoCapabilities: Unsupported mime video/wvc1
03-24 14:44:02.841  8005  8027 W VideoCapabilities: Unsupported mime video/x-ms-wmv
03-24 14:44:02.841  8005  8027 W VideoCapabilities: Unrecognized profile/level 32768/2 for video/mp4v-es
03-24 14:44:02.841  7802  7802 I cr_XU   : FeatureSingle: ExpFeatureUsage {isFound=false, featureValue=false, dataSource=ExP, featureName=NewsGuard-Rollout}
03-24 14:44:02.841  8005  8027 W VideoCapabilities: Unsupported mime video/wvc1
03-24 14:44:02.841  8005  8027 W VideoCapabilities: Unsupported mime video/x-ms-wmv
03-24 14:44:02.841 18067 18067 D SamsungIME: IMPL finishInput
03-24 14:44:02.841 18067 18067 D SamsungIME: SwiftKeyWrapper writeDBdataToFileOnFinishInput
03-24 14:44:02.841 18067 18067 D SamsungIME: saveAndClear +
03-24 14:44:02.841  8005  8027 W VideoCapabilities: Unsupported mime video/x-ms-wmv7
03-24 14:44:02.841 18067 18067 D SamsungIME: saveAndClear -
03-24 14:44:02.841  7802  7802 I cr_XU   : FeatureSingle: ExpFeatureUsage {isFound=false, featureValue=false, dataSource=ExP, featureName=NewsGuard-Rollout}
03-24 14:44:02.851  8005  8027 W VideoCapabilities: Unsupported mime video/x-ms-wmv8
03-24 14:44:02.851  7802  7802 I cr_XU   : FeatureSingle: ExpFeatureUsage {isFound=false, featureValue=false, dataSource=ExP, featureName=NewsGuard-Rollout}
03-24 14:44:02.851  8005  8027 W VideoCapabilities: Unsupported mime video/mp43
03-24 14:44:02.851  8048  8048 I MAMInfo : MAMInfo initialized. Debug=false, UseTestAgent=false, ManagedDialogDisabled=false, DeprecationDialogDisabled=false, PolicyRequired=false, MultiIdentityEnabled=true, FullBackupContent=true, UseDefaultEnrollment=false, ExceptionOnInit=false, Debuggable=false
03-24 14:44:02.851  8005  8027 W VideoCapabilities: Unrecognized profile 2130706433 for video/avc
03-24 14:44:02.851  8005  8027 W VideoCapabilities: Unrecognized profile 2130706433 for video/avc
03-24 14:44:02.851  8005  8027 W VideoCapabilities: Unrecognized profile 2130706433 for video/avc
03-24 14:44:02.851  8005  8027 W VideoCapabilities: Unrecognized profile 2130706433 for video/avc
03-24 14:44:02.851  8005  8027 W VideoCapabilities: Unrecognized profile 2130706433 for video/avc
03-24 14:44:02.851  8005  8027 W VideoCapabilities: Unrecognized profile 2130706433 for video/avc
03-24 14:44:02.851  8005  8027 W VideoCapabilities: Unrecognized profile 2130706433 for video/avc
03-24 14:44:02.851  8005  8027 W VideoCapabilities: Unrecognized profile 2130706433 for video/avc
03-24 14:44:02.851  8005  8027 W VideoCapabilities: Unrecognized profile 2130706433 for video/avc
03-24 14:44:02.851  8005  8027 W VideoCapabilities: Unrecognized profile 2130706433 for video/avc
03-24 14:44:02.851  8005  8027 W VideoCapabilities: Unrecognized profile 2130706433 for video/avc
03-24 14:44:02.851  8005  8027 W VideoCapabilities: Unrecognized profile 2130706433 for video/avc
03-24 14:44:02.851  8005  8027 W VideoCapabilities: Unrecognized profile 2130706433 for video/avc
03-24 14:44:02.851  8005  8027 W VideoCapabilities: Unrecognized profile 2130706433 for video/avc
03-24 14:44:02.851  8005  8027 W VideoCapabilities: Unrecognized profile 2130706433 for video/avc
03-24 14:44:02.851  8005  8027 W VideoCapabilities: Unrecognized profile 2130706433 for video/avc
03-24 14:44:02.851  8005  8027 W VideoCapabilities: Unrecognized profile 2130706434 for video/avc
03-24 14:44:02.851  8005  8027 W VideoCapabilities: Unrecognized profile 2130706434 for video/avc
03-24 14:44:02.851  8005  8027 W VideoCapabilities: Unrecognized profile 2130706434 for video/avc
03-24 14:44:02.851  8005  8027 W VideoCapabilities: Unrecognized profile 2130706434 for video/avc
03-24 14:44:02.851  8005  8027 W VideoCapabilities: Unrecognized profile 2130706434 for video/avc
03-24 14:44:02.851  8005  8027 W VideoCapabilities: Unrecognized profile 2130706434 for video/avc
03-24 14:44:02.851  8005  8027 W VideoCapabilities: Unrecognized profile 2130706434 for video/avc
03-24 14:44:02.851  8005  8027 W VideoCapabilities: Unrecognized profile 2130706434 for video/avc
03-24 14:44:02.851  8005  8027 W VideoCapabilities: Unrecognized profile 2130706434 for video/avc
03-24 14:44:02.851  8005  8027 W VideoCapabilities: Unrecognized profile 2130706434 for video/avc
03-24 14:44:02.851  8005  8027 W VideoCapabilities: Unrecognized profile 2130706434 for video/avc
03-24 14:44:02.851  8005  8027 W VideoCapabilities: Unrecognized profile 2130706434 for video/avc
03-24 14:44:02.851  8005  8027 W VideoCapabilities: Unrecognized profile 2130706434 for video/avc
03-24 14:44:02.851  8005  8027 W VideoCapabilities: Unrecognized profile 2130706434 for video/avc
03-24 14:44:02.851  8005  8027 W VideoCapabilities: Unrecognized profile 2130706434 for video/avc
03-24 14:44:02.851  8005  8027 W VideoCapabilities: Unrecognized profile 2130706434 for video/avc
03-24 14:44:02.851  8005  8027 W VideoCapabilities: Unrecognized profile/level 32768/2 for video/mp4v-es
03-24 14:44:02.861  7802  7802 I cr_XU   : FeatureSingle: ExpFeatureUsage {isFound=false, featureValue=false, dataSource=ExP, featureName=NewsGuard-Rollout}
03-24 14:44:02.861  7802  7802 D TextView: setTypeface with style : 0
03-24 14:44:02.861  7802  7802 D TextView: setTypeface with style : 0
03-24 14:44:02.871  8048  8048 D InjectionManager: InjectionManager
03-24 14:44:02.871  8048  8048 I InjectionManager: featureStore :{}
03-24 14:44:02.871  8048  8048 I cr_ChildProcessService: Creating new ChildProcessService pid=8048
03-24 14:44:02.871  8005  8027 I VideoCapabilities: Unsupported profile 4 for video/mp4v-es
03-24 14:44:02.881  7802  7824 W cr_ReadingListDataAdapter: /data/user/0/com.microsoft.emmx/databases/ReadingListDB databases file not exist!!!
03-24 14:44:02.881  7802  7824 W cr_ReadingListDataAdapter: Finished performing dual identity migration.
03-24 14:44:02.881  8005  8027 W VideoCapabilities: Unsupported mime video/sorenson
03-24 14:44:02.891  7802  7827 I cr_XU   : FeatureSingle: ExpFeatureUsage {isFound=false, featureValue=false, dataSource=ExP, featureName=NewsGuard-Rollout}
03-24 14:44:02.891  8005  8027 D         : ro.exynos.dss isEnabled: 0
03-24 14:44:02.901  3670  4946 I PersonaManager: mKnoxInfo is empty
03-24 14:44:02.901  3670  4016 I PersonaManager: mKnoxInfo is empty
03-24 14:44:02.901  3670  4143 I PersonaManager: mKnoxInfo is empty
03-24 14:44:02.901  8005  8027 D libGLESv2: DTS_GLAPI : DTS is not allowed for Package : com.microsoft.emmx:privileged_process0
03-24 14:44:02.901  3670  4946 D PackageManager: findPreferredActivity: We found 1 PreferredActivities set, but no match
03-24 14:44:02.901  3670  4946 I PackageManager: No preferred activity: intent should not be shown
03-24 14:44:02.911  3670  4016 D PackageManager: findPreferredActivity: No PreferredActivities set
03-24 14:44:02.911  3670  4016 I PackageManager: No preferred activity: intent should not be shown
03-24 14:44:02.911  7802  7802 I cr_XU   : FeatureSingle: ExpFeatureUsage {isFound=false, featureValue=, dataSource=ExP, featureName=ExperimentSetDefaultBrowser}
03-24 14:44:02.911  3670  4143 D PackageManager: findPreferredActivity: We found 3 PreferredActivities set, but no match
03-24 14:44:02.911  3670  4143 I PackageManager: No preferred activity: intent should not be shown
03-24 14:44:02.911  7802  7821 W System.err: remove failed: ENOENT (No such file or directory) : /data/user/0/com.microsoft.emmx/shared_prefs/com.google.android.gms.appid.xml.bak
03-24 14:44:02.921  3670  4946 I PersonaManager: mKnoxInfo is empty
03-24 14:44:02.921  7802  7802 I RubySyncClient: password model loaded
03-24 14:44:02.921  7802  7802 I RubySyncClient: password model loaded
03-24 14:44:02.931  8005  8027 D mali_winsys: new_window_surface returns 0x3000,  [1440x2464]-format:1
03-24 14:44:02.951  7802  7802 W ResourcesManager: getTopLevelResources: /data/app/com.microsoft.emmx-1/base.apk / 1.0 running in com.microsoft.emmx rsrc of package com.microsoft.emmx
03-24 14:44:02.961  3670  4550 D ConnectivityService: returning getNetworkInfo for network type 1 : [type: WIFI[] - WIFI, state: CONNECTED/CONNECTED, reason: (unspecified), extra: "DataStructures", roaming: false, failover: false, isAvailable: true]
03-24 14:44:02.961  7802  7880 W System.err: stat failed: ENOENT (No such file or directory) : /data/user/0/com.microsoft.emmx/EdgeSafety/MalwareData.db
03-24 14:44:02.971  7802  7802 D TextView: setTypeface with style : 0
03-24 14:44:02.981  7802  7938 I cr_XU   : FeatureSingle: ExpResponseMetadata {requestStatus=Succeeded, requestDuration=909}
03-24 14:44:02.981  7802  7880 I System.out: (HTTPLog)-Static: isSBSettingEnabled false
03-24 14:44:02.981  7802  7880 I System.out: (HTTPLog)-Static: isSBSettingEnabled false
03-24 14:44:02.981  3037  3741 D EnterpriseController: netId is 0
03-24 14:44:02.981  3037  3741 D Netd    : getNetworkForDns: using netid 510 for uid 10098
03-24 14:44:02.981  7802  7802 D TextView: setTypeface with style : 0
03-24 14:44:02.981  7802  7802 D TextView: setTypeface with style : 0
03-24 14:44:02.981  7802  7938 I cr_XU   : FeatureSingle: ExpResponseDetails {returnedConfigs={"TestRollout1":false,"Favorites-Test-Rollout":true,"Favorites-Rearrange-Rollout":true,"ExperimentEnableClearBrowsingDataOnExit":false,"Ntp-Videos-Rollout":true,"NewsGuard-Rollout":true,"RadialMenu-Rollout":false,"Feature3":666,"Feature5":"Enable experiment setting (rollout)","TestBoolValue":true}, requestHeaders={"X-WINNEXT-PLATFORM":"Android.Phone","X-WINNEXT-RING":"Public","X-PHOTOS-CALLERID":"com.microsoft.emmx","X-WINNEXT-APPVERSION":"42.0.2.3350","X-WINNEXT-OSVERSION":"6.0.1"}, returnedFlights={"mixedrealityviewer1":"highqualitycapturec","e02":"emtes9141cf","eq5":"emfav9961","winnext-emmx5":"clearonexitcontrol","hug":"emfav4671","iiv":"emntp7891","izo":"emn2151","jiu":"emrad2950","kd5":"yotes719","nah":"emfea18066"}, dataSource=ExP, responseVersion=51016597}
03-24 14:44:02.991  7802  7826 W System.err: remove failed: ENOENT (No such file or directory) : /data/user/0/com.microsoft.emmx/shared_prefs/afd_feature_flags.xml.bak
03-24 14:44:02.991  8048  8089 I cr_LibraryLoader: Loading chrome
03-24 14:44:02.991  7802  7802 D ViewRootImpl: #1 mView = com.android.internal.policy.PhoneWindow$DecorView{d138f44 V.E...... R.....ID 0,0-0,0}
03-24 14:44:03.001  3670  3698 D ISSUE_DEBUG: InputChannelName : e7d7764 com.microsoft.emmx/org.chromium.chrome.browser.ChromeTabbedActivity
03-24 14:44:03.001  3670  3798 D StatusBarManagerService: manageDisableList userId=0 what=0x0 pkg=Window{e7d7764 u0 d0 com.microsoft.emmx/org.chromium.chrome.browser.ChromeTabbedActivity}
03-24 14:44:03.001  3670  3698 D InputDispatcher: Focus left window: 7802
03-24 14:44:03.001  3670  3698 D InputDispatcher: Focus entered window: 7802
03-24 14:44:03.001  3670  3884 D PointerIcon: setMouseIconStyle1 pointerType: 1001 iconType:101 flag:0 pid:3670 uid:1000
03-24 14:44:03.001  3670  3884 D PointerIcon: setMouseCustomIcon IconType is same.101
03-24 14:44:03.001  4103  4103 D PhoneStatusBar: setSystemUiVisibility vis=a000 mask=ffffffff oldVal=a600 newVal=a000 diff=600
03-24 14:44:03.001  3670  4947 I PersonaManager: mKnoxInfo is empty
03-24 14:44:03.001  3670  4947 D PackageManager: findPreferredActivity: No PreferredActivities set
03-24 14:44:03.001  3670  4947 I PackageManager: No preferred activity: intent should not be shown
03-24 14:44:03.001  3025  3025 D libEGL  : eglInitialize EGLDisplay = 0x7ff3f31d28
03-24 14:44:03.001  3670  3931 I PersonaManager: mKnoxInfo is empty
03-24 14:44:03.011  3670  3931 D PackageManager: findPreferredActivity: No PreferredActivities set
03-24 14:44:03.011  3670  3931 I PackageManager: No preferred activity: intent should not be shown
03-24 14:44:03.011  7802  7802 D TextView: setTypeface with style : 0
03-24 14:44:03.011  7802  7802 D TextView: setTypeface with style : 0
03-24 14:44:03.021  7802  7802 D TextView: setTypeface with style : 0
03-24 14:44:03.021  7802  7802 D TextView: setTypeface with style : 0
03-24 14:44:03.021  7802  7802 D TextView: setTypeface with style : 0
03-24 14:44:03.021  3670  4946 I PersonaManager: mKnoxInfo is empty
03-24 14:44:03.021  7802  7802 I XN      : isLocaleSupported() returned: false current locale = [en-gb], supported locale = [en-us;]
03-24 14:44:03.031  8048  8089 I cr_LibraryLoader: Time to load native libraries: 37 ms (timestamps 3924-3961)
03-24 14:44:03.031  8048  8089 I chromium: [INFO:library_loader_hooks.cc(36)] Chromium logging enabled: level = 0, default verbosity = 0
03-24 14:44:03.031  8048  8089 I cr_LibraryLoader: Expected native library version number "71.0.3578.99", actual native library version number "71.0.3578.99"
03-24 14:44:03.031  3025  3025 D libEGL  : eglInitialize EGLDisplay = 0x7ff3f31d28
03-24 14:44:03.041  3670  4952 I PersonaManager: mKnoxInfo is empty
03-24 14:44:03.051  4932 27049 I System.out: (HTTPLog)-Static: isSBSettingEnabled false
03-24 14:44:03.051  4932 27049 I System.out: (HTTPLog)-Static: isSBSettingEnabled false
03-24 14:44:03.051  4932 27049 I qtaguid : Tagging socket 92 with tag 3000040700000000{805307399,0} uid -1, pid: 4932, getuid(): 10015
03-24 14:44:03.051  8048  8089 W ResourcesManager: getTopLevelResources: /data/app/com.microsoft.emmx-1/base.apk / 1.0 running in com.microsoft.emmx rsrc of package com.microsoft.emmx
03-24 14:44:03.051  3025  3025 I SurfaceFlinger: id=525 createSurf (257x257),1 flag=4, DhromeTabbe
03-24 14:44:03.051  7802  7948 D mali_winsys: new_window_surface returns 0x3000,  [1624x2488]-format:1
03-24 14:44:03.061  3670  4016 D InputMethodManagerService: windowGainedFocus mCurrentFocusedUserId - 0 and mSecureKeypadEnabled-false
03-24 14:44:03.071 18067 18067 D SamsungIME: IMPL finishInput
03-24 14:44:03.071 18067 18067 D SamsungIME: SwiftKeyWrapper writeDBdataToFileOnFinishInput
03-24 14:44:03.071 18067 18067 D SamsungIME: saveAndClear +
03-24 14:44:03.071 18067 18067 D SamsungIME: saveAndClear -
03-24 14:44:03.071 18067 18067 D SamsungIME: onStartInput: No inputType, No imeOption, isInputViewShown = false, isExtractViewShown = false, isShowInputRequested = false, isConfigChanged = false
03-24 14:44:03.091  8048  8089 W chromium: [WARNING:resource_bundle.cc(599)] GetRawDataResourceForScale::GetStringPiece failed, i: 0 scale_factor: 1
03-24 14:44:03.091  8048  8089 W chromium: [WARNING:resource_bundle.cc(599)] GetRawDataResourceForScale::GetStringPiece failed, i: 0 scale_factor: 1
03-24 14:44:03.091  8048  8089 W chromium: [WARNING:resource_bundle.cc(599)] GetRawDataResourceForScale::GetStringPiece failed, i: 0 scale_factor: 1
03-24 14:44:03.091  8048  8089 W chromium: [WARNING:resource_bundle.cc(599)] GetRawDataResourceForScale::GetStringPiece failed, i: 0 scale_factor: 1
03-24 14:44:03.101  8048  8089 W chromium: [WARNING:resource_bundle.cc(599)] GetRawDataResourceForScale::GetStringPiece failed, i: 0 scale_factor: 1
03-24 14:44:03.101  8048  8089 W chromium: [WARNING:resource_bundle.cc(599)] GetRawDataResourceForScale::GetStringPiece failed, i: 0 scale_factor: 1
03-24 14:44:03.101  8048  8089 W chromium: [WARNING:resource_bundle.cc(599)] GetRawDataResourceForScale::GetStringPiece failed, i: 0 scale_factor: 1
03-24 14:44:03.101  3670  4143 V WindowStateAnimator: Finishing drawing window Window{e7d7764 u0 d0 com.microsoft.emmx/org.chromium.chrome.browser.ChromeTabbedActivity}: mDrawState=DRAW_PENDING
03-24 14:44:03.101  3025  3025 D libEGL  : eglInitialize EGLDisplay = 0x7ff3f31d28
03-24 14:44:03.101  7802  7802 D ViewRootImpl: MSG_RESIZED_REPORT: ci=Rect(0, 0 - 0, 0) vi=Rect(0, 0 - 0, 0) or=1
03-24 14:44:03.111  3670  4952 V WindowStateAnimator: Finishing drawing window Window{e7d7764 u0 d0 com.microsoft.emmx/org.chromium.chrome.browser.ChromeTabbedActivity}: mDrawState=HAS_DRAWN
03-24 14:44:03.121  3025  3025 D libEGL  : eglInitialize EGLDisplay = 0x7ff3f31d28
03-24 14:44:03.121  8048  8089 E chromium: [ERROR:translate_manager.cc(674)] domainchrome-native://newtab/
03-24 14:44:03.121  8048  8089 E chromium: [ERROR:translate_helper.cc(111)] language
03-24 14:44:03.131  7802  7991 I cr_XU   : FeatureSingle: Native.PageLoadPerf.PageLoadTime {WebContentsImpl::DocumentOnLoadCompleted=378}
03-24 14:44:03.131  7802  7802 I cr_XU   : FeatureSingle: ExpFeatureUsage {isFound=true, featureValue=true, dataSource=ExP, featureName=NewsGuard-Rollout}
03-24 14:44:03.131  7802  7802 I FeedbackSessionManager: onNavigationFinished() called
03-24 14:44:03.141  7802  7802 I FeedbackSessionManager: onChromeTabbedActivityFocusChanged() called with: focus = [false]
03-24 14:44:03.141  7802  7802 W cr_Autocomplete: stopping autocomplete.
