03-24 14:44:34.401  8437  8598 I System.out: (HTTPLog)-Static: isSBSettingEnabled false
03-24 14:44:34.401  8437  8599 I System.out: (HTTPLog)-Static: isSBSettingEnabled false
03-24 14:44:34.401  8437  8599 I System.out: (HTTPLog)-Static: isSBSettingEnabled false
03-24 14:44:34.401  8437  8598 W System.err: remove failed: ENOENT (No such file or directory) : /data/user/0/org.mozilla.firefox/cache/picasso-cache/journal
03-24 14:44:34.401  8437  8598 W System.err: remove failed: ENOENT (No such file or directory) : /data/user/0/org.mozilla.firefox/cache/picasso-cache/journal.bkp
03-24 14:44:34.401  8437  8600 I System.out: (HTTPLog)-Static: isSBSettingEnabled false
03-24 14:44:34.401  8437  8600 I System.out: (HTTPLog)-Static: isSBSettingEnabled false
03-24 14:44:34.411  3037  3741 D EnterpriseController: netId is 0
03-24 14:44:34.411  3037  3741 D Netd    : getNetworkForDns: using netid 510 for uid 10117
03-24 14:44:34.411  3037  3741 D EnterpriseController: netId is 0
03-24 14:44:34.411  3037  3741 D Netd    : getNetworkForDns: using netid 510 for uid 10117
03-24 14:44:34.411  3037  3741 D EnterpriseController: netId is 0
03-24 14:44:34.411  3037  3741 D Netd    : getNetworkForDns: using netid 510 for uid 10117
03-24 14:44:34.511  8437  8464 D GeckoThread: State changed to RUNNING
03-24 14:44:34.511  8437  8464 I GeckoSession: zerdatime 170902890 - chrome startup finished
03-24 14:44:34.551  8437  8464 W GeckoLinker: /data/app/org.mozilla.firefox-1/lib/arm/libsoftokn3.so: Relocation to NULL @0x00023610 for symbol "__cxa_type_match"
03-24 14:44:34.551  8437  8464 W GeckoLinker: /data/app/org.mozilla.firefox-1/lib/arm/libfreebl3.so: Relocation to NULL @0x00040210 for symbol "__cxa_type_match"
03-24 14:44:34.601  8437  8605 W GeckoLinker: /data/app/org.mozilla.firefox-1/lib/arm/libnssckbi.so: Relocation to NULL @0x00056b00 for symbol "__cxa_type_match"
03-24 14:44:34.611  8437  8464 I Gecko   : console.log: "browser.js: loading Firefox Accounts WebChannel"
03-24 14:44:34.621  8437  8464 D GeckoFxAccounts: FxAccountsWebChannel registered: account_updates with origin https://accounts.firefox.com
03-24 14:44:34.621  8437  8458 I GeckoPushState: No storage found; starting fresh.
03-24 14:44:34.621  8437  8458 D GeckoPushService: Registered Gecko event listener.
03-24 14:44:34.621  8437  8458 I GeckoPushService: Starting up.
03-24 14:44:34.621  8437  8458 I GeckoPushManager: Startup: requesting GCM token.
03-24 14:44:34.621  8437  8458 I GeckoPushGCM: Cached GCM token does not exist; requesting new token with sender ID: 965234145045,242693410970
03-24 14:44:34.631  8437  8437 D GeckoMediaControlAgent: initialize
03-24 14:44:34.631  4103  4199 D vol.MediaSessions: updateRemoteControllerH null
03-24 14:44:34.631  4103  4199 D vol.MediaSessions: onActiveSessionsUpdatedH n=0
03-24 14:44:34.631  4103  4199 D vol.MediaSessions: onActiveSessionsUpdatedH n=0
03-24 14:44:34.631  3670  4409 D ApplicationPolicy: isStatusBarNotificationAllowedAsUser: packageName = org.mozilla.firefox,userId = 0
03-24 14:44:34.631  3670  4409 I PersonaManager: mKnoxInfo is empty
03-24 14:44:34.641  3670  4952 D AudioService: getStreamVolume 3 index 60
03-24 14:44:34.641  4103  4114 W ResourcesManager: getTopLevelResources: /data/app/org.mozilla.firefox-1/base.apk / 1.0 running in com.android.systemui rsrc of package org.mozilla.firefox
03-24 14:44:34.641  4103  4199 D vol.MediaSessions: updateRemoteControllerH null
03-24 14:44:34.641  4103  4199 D vol.MediaSessions: onActiveSessionsUpdatedH n=1
03-24 14:44:34.641  3670  4947 D AudioService: getStreamVolume 3 index 60
03-24 14:44:34.641  8437  8437 W GeckoEventDispatcher: No listener for AudioFocusAgent:Ready
03-24 14:44:34.641  4103  4199 W ResourcesManager: getTopLevelResources: /data/app/org.mozilla.firefox-1/base.apk / 1.0 running in com.android.systemui rsrc of package org.mozilla.firefox
03-24 14:44:34.651  4103  4114 D ResourcesManager: For user 0 new overlays fetched Null
03-24 14:44:34.651  4103  4199 D ResourcesManager: For user 0 new overlays fetched Null
03-24 14:44:34.651  4103  4199 D vol.MediaSessions: onActiveSessionsUpdatedH n=1
03-24 14:44:34.651  3670  3697 D AudioService: getStreamVolume 3 index 60
03-24 14:44:34.651  4103  4103 W ResourcesManager: getTopLevelResources: /data/app/org.mozilla.firefox-1/base.apk / 1.0 running in com.android.systemui rsrc of package org.mozilla.firefox
03-24 14:44:34.661  4103  4103 I InjectionManager: Inside getClassLibPath caller 
03-24 14:44:34.671  4103  4103 W ResourcesManager: getTopLevelResources: /data/app/org.mozilla.firefox-1/base.apk / 1.0 running in com.android.systemui rsrc of package org.mozilla.firefox
03-24 14:44:34.671  8437  8464 I Gecko   : console.log: "Locale:OS: en-GB"
03-24 14:44:34.671  8437  8464 I Gecko   : console.log: "New OS locale."
03-24 14:44:34.671  8437  8464 I Gecko   : console.log: "Default intl.accept_languages = en-GB, en"
03-24 14:44:34.671  8437  8464 I Gecko   : console.log: "Setting intl.accept_languages to en-gb,en"
03-24 14:44:34.681  4103  4103 W ResourcesManager: getTopLevelResources: /data/app/org.mozilla.firefox-1/base.apk / 1.0 running in com.android.systemui rsrc of package org.mozilla.firefox
03-24 14:44:34.681  3025  3025 D libEGL  : eglInitialize EGLDisplay = 0x7ff3f31d28
03-24 14:44:34.691  4103  4103 D KnoxNotification: ----- inflateViews : modified publicViewLocal -----
03-24 14:44:34.701  4103  4103 D KnoxNotification: ----- inflateViews : modified KnoxViewLocal -----
03-24 14:44:34.701  4103  4103 W ResourcesManager: getTopLevelResources: /data/app/org.mozilla.firefox-1/base.apk / 1.0 running in com.android.systemui rsrc of package org.mozilla.firefox
03-24 14:44:34.701  4103  4103 D PhoneStatusBar: setAreThereNotifications: N=3 any=true clearable=true
03-24 14:44:34.761  8437  8437 I GeckoTabs: zerdatime 170903138 - page load start
03-24 14:44:34.761  8437  8437 D GeckoToolbar: onTabChanged: START
03-24 14:44:34.761  8437  8437 D GeckoBrowserApp: BrowserApp.onTabChanged: 0: START
03-24 14:44:34.761  8437  8464 D GeckoScreenOrientation: unlocking
03-24 14:44:34.771  8437  8464 D GeckoViewAutoFill: Clearing auto-fill
03-24 14:44:34.811  3037  3741 D EnterpriseController: netId is 0
03-24 14:44:34.811  3037  3741 D Netd    : getNetworkForDns: using netid 510 for uid 10117
03-24 14:44:34.811  8437  8464 D GeckoViewAutoFill: Clearing auto-fill
03-24 14:44:34.821  8437  8437 D GeckoToolbar: onTabChanged: LOCATION_CHANGE
03-24 14:44:34.821  8437  8437 D GeckoBrowserApp: BrowserApp.onTabChanged: 0: LOCATION_CHANGE
03-24 14:44:34.831  8437  8437 D GeckoToolbar: onTabChanged: SECURITY_CHANGE
03-24 14:44:34.831  8437  8437 D GeckoBrowserApp: BrowserApp.onTabChanged: 0: SECURITY_CHANGE
03-24 14:44:34.881  8437  8437 D GeckoToolbar: onTabChanged: TITLE
03-24 14:44:34.881  8437  8437 D GeckoBrowserApp: BrowserApp.onTabChanged: 0: TITLE
03-24 14:44:34.891  8437  8437 D GeckoToolbar: onTabChanged: LOADED
03-24 14:44:34.891  8437  8437 D GeckoBrowserApp: BrowserApp.onTabChanged: 0: LOADED
03-24 14:44:34.891  8437  8437 D GeckoToolbar: onTabChanged: PAGE_SHOW
03-24 14:44:34.891  8437  8437 D GeckoBrowserApp: BrowserApp.onTabChanged: 0: PAGE_SHOW
03-24 14:44:34.901  8437  8437 I GeckoTabs: zerdatime 170903273 - page load stop
03-24 14:44:34.901  8437  8437 D GeckoToolbar: onTabChanged: STOP
03-24 14:44:34.901  8437  8437 D GeckoBrowserApp: BrowserApp.onTabChanged: 0: STOP
03-24 14:44:34.901  3025  3025 D libEGL  : eglInitialize EGLDisplay = 0x7ff3f31d28
03-24 14:44:34.921  8437  8464 W GeckoEventDispatcher: No listener for Website:AppLeft
03-24 14:44:34.941  8437  8464 W GeckoEventDispatcher: No listener for FormHistory:Ready
03-24 14:44:34.951  8437  8464 W GeckoEventDispatcher: No listener for GeckoView:AccessibilityReady
03-24 14:44:34.961  8437  8437 D AbsListView: Get MotionRecognitionManager
03-24 14:44:34.991  8437  8437 I GeckoBrowserApp: Found tag 
03-24 14:44:34.991  3670  4947 I PersonaManager: mKnoxInfo is empty
03-24 14:44:35.011  3670  4421 D WifiDisplayAdapter: getWifiDisplayStatusLocked: result=WifiDisplayStatus{featureState=2, scanState=0, activeDisplayState=0, activeDisplay=null, displays=[], sessionInfo=WifiDisplaySessionInfo: Client/Owner: Client GroupId:  Passphrase:  SessionId: 0 IP Address: , connectedState=-1, networkQoS=0}
03-24 14:44:35.021  3670  4018 D NtpTrustedTime: currentTimeMillis() cache hit
03-24 14:44:35.021  3670  4018 V NetworkStats: performPollLocked(flags=0x1)
03-24 14:44:35.031  3670  4018 D NetworkStatsRecorder: entry.iface is null
03-24 14:44:35.031  3670  4018 D NetworkStatsRecorder: entry.iface is null
03-24 14:44:35.031  3670  4018 D NetworkStatsRecorder: entry.iface is null
03-24 14:44:35.031  3670  4018 D NetworkStatsRecorder: entry.iface is null
03-24 14:44:35.031  3670  4552 D WifiDisplayAdapter: getWifiDisplayStatusLocked: result=WifiDisplayStatus{featureState=2, scanState=0, activeDisplayState=0, activeDisplay=null, displays=[], sessionInfo=WifiDisplaySessionInfo: Client/Owner: Client GroupId:  Passphrase:  SessionId: 0 IP Address: , connectedState=-1, networkQoS=0}
03-24 14:44:35.031  3670  4016 D AudioService: getStreamVolume 3 index 60
03-24 14:44:35.041  8437  8437 I MediaRouter: Found default route: MediaRouter.RouteInfo{ uniqueId=android/.support.v7.media.SystemMediaRouteProvider:DEFAULT_ROUTE, name=Phone, description=null, iconUri=null, enabled=true, connecting=false, connectionState=0, canDisconnect=false, playbackType=0, playbackStream=3, deviceType=0, volumeHandling=1, volume=6, volumeMax=15, presentationDisplayId=-1, extras=null, settingsIntent=null, providerPackageName=android }
03-24 14:44:35.041  8437  8437 I MediaRouter: Unselecting the current route because it is no longer selectable: null
03-24 14:44:35.041  3670  4018 V NetworkStats: performPollLocked() took 19ms
03-24 14:44:35.041  3670  4018 D NtpTrustedTime: currentTimeMillis() cache hit
03-24 14:44:35.041  3670  4019 D NtpTrustedTime: currentTimeMillis() cache hit
03-24 14:44:35.051  8437  8437 D PassiveStumbler: Stopping StumblerService | isDebug:false
03-24 14:44:35.051  3670  4421 I PersonaManager: mKnoxInfo is empty
03-24 14:44:35.051  8437  8519 D GeckoDLCCatalog: Loading from disk
03-24 14:44:35.051  8437  8599 W System.err: remove failed: ENOENT (No such file or directory) : /data/user/0/org.mozilla.firefox/cache/picasso-cache/4edd70900da2698b4bed8c1a80a1ee39.0
03-24 14:44:35.051  8437  8519 D GeckoDLCCatalog: Catalog file does not exist: Starting with empty catalog.
03-24 14:44:35.051  8437  8519 D GeckoDLCCatalog: Loaded 0 elements
03-24 14:44:35.051  8437  8599 W System.err: remove failed: ENOENT (No such file or directory) : /data/user/0/org.mozilla.firefox/cache/picasso-cache/4edd70900da2698b4bed8c1a80a1ee39.1
03-24 14:44:35.051  8437  8519 D DLCSyncAction: Synchronizing catalog.
03-24 14:44:35.061  3670  4552 D WifiDisplayAdapter: getWifiDisplayStatusLocked: result=WifiDisplayStatus{featureState=2, scanState=0, activeDisplayState=0, activeDisplay=null, displays=[], sessionInfo=WifiDisplaySessionInfo: Client/Owner: Client GroupId:  Passphrase:  SessionId: 0 IP Address: , connectedState=-1, networkQoS=0}
03-24 14:44:35.061  3670  4019 D NtpTrustedTime: currentTimeMillis() cache hit
03-24 14:44:35.061  8437  8519 I System.out: (HTTPLog)-Static: isSBSettingEnabled false
03-24 14:44:35.061  8437  8519 I System.out: (HTTPLog)-Static: isSBSettingEnabled false
03-24 14:44:35.071  3037  3741 D EnterpriseController: netId is 0
03-24 14:44:35.071  3037  3741 D Netd    : getNetworkForDns: using netid 510 for uid 10117
03-24 14:44:35.081  8437  8598 W System.err: remove failed: ENOENT (No such file or directory) : /data/user/0/org.mozilla.firefox/cache/picasso-cache/9fa063f5f02a9fc187218fc30f055cfe.0
03-24 14:44:35.081  8437  8598 W System.err: remove failed: ENOENT (No such file or directory) : /data/user/0/org.mozilla.firefox/cache/picasso-cache/9fa063f5f02a9fc187218fc30f055cfe.1
03-24 14:44:35.091  3670  4946 I PersonaManager: mKnoxInfo is empty
03-24 14:44:35.151  4968  4968 W CastMediaRouteProvider: Not a Cast compatible category: android.media.intent.category.LIVE_VIDEO
03-24 14:44:35.151  4968  2656 I DiscoveryManager: Filter criteria(4574A331,08FF1091,CC1AD845) scannerFlags(2)
03-24 14:44:35.161  3670  4407 I PersonaManager: mKnoxInfo is empty
03-24 14:44:35.161  3670  4421 D WifiService: startScan by pid=4968, uid=10015
03-24 14:44:35.161  8437  8600 W System.err: remove failed: ENOENT (No such file or directory) : /data/user/0/org.mozilla.firefox/cache/picasso-cache/ce5bc25cdc25c0e2ecb5f95e84210451.0
03-24 14:44:35.161  8437  8600 W System.err: remove failed: ENOENT (No such file or directory) : /data/user/0/org.mozilla.firefox/cache/picasso-cache/ce5bc25cdc25c0e2ecb5f95e84210451.1
03-24 14:44:35.161  3670  4021 I WifiScanController: location is disabled
03-24 14:44:35.171  3670  4021 D WifiStateMachine: CMD_START_SCAN : scanLog.mLast - 1553420675172, scanLog.mStartTimeForBigdata - 1553249835846
03-24 14:44:35.171  3670  4021 D WifiStateMachine: CMD_START_SCAN : scanLog.mCountForBigdata - 15
03-24 14:44:35.171 31048 31048 I wpa_supplicant: wlan0: Setting scan request: 0 sec 0 usec
03-24 14:44:35.171 31048 31048 I wpa_supplicant: P2P: Current p2p state = IDLE
03-24 14:44:35.171 31048 31048 I wpa_supplicant: Scan requested (ret=0) - scan timeout 30 seconds
03-24 14:44:35.171  3670  4409 I PersonaManager: mKnoxInfo is empty
03-24 14:44:35.171  4968  2656 E DeviceScanner: [BLE] Failed to start scan because the Bluetooth is disabled.
03-24 14:44:35.181  4968  3583 I qtaguid : Tagging socket 65 with tag 3000090000000000{805308672,0} uid -1, pid: 4968, getuid(): 10015
03-24 14:44:35.181  4968  3583 I qtaguid : Tagging socket 90 with tag 3000090000000000{805308672,0} uid -1, pid: 4968, getuid(): 10015
03-24 14:44:35.191  4968  2656 E DeviceScanner: [BLE] Failed to start scan because the Bluetooth is disabled.
03-24 14:44:35.191  4968  3583 I qtaguid : Untagging socket 90
03-24 14:44:35.191  4968  3583 I qtaguid : Tagging socket 90 with tag 3000090000000000{805308672,0} uid -1, pid: 4968, getuid(): 10015
03-24 14:44:35.191  4968  3583 I qtaguid : Untagging socket 90
03-24 14:44:35.191  4968  3583 I qtaguid : Tagging socket 90 with tag 3000090000000000{805308672,0} uid -1, pid: 4968, getuid(): 10015
03-24 14:44:35.191  4968  3583 I qtaguid : Untagging socket 90
03-24 14:44:35.191  4968  3583 I qtaguid : Tagging socket 90 with tag 3000090000000000{805308672,0} uid -1, pid: 4968, getuid(): 10015
03-24 14:44:35.191  4968  3583 I qtaguid : Untagging socket 90
03-24 14:44:35.191  4968  3583 I qtaguid : Tagging socket 90 with tag 3000090000000000{805308672,0} uid -1, pid: 4968, getuid(): 10015
03-24 14:44:35.191  4968  3583 I qtaguid : Untagging socket 90
03-24 14:44:35.191  4968  3583 I qtaguid : Tagging socket 90 with tag 3000090000000000{805308672,0} uid -1, pid: 4968, getuid(): 10015
03-24 14:44:35.191  4968  3583 I qtaguid : Untagging socket 90
03-24 14:44:35.191  4968  3583 I qtaguid : Tagging socket 90 with tag 3000090000000000{805308672,0} uid -1, pid: 4968, getuid(): 10015
03-24 14:44:35.191  4968  3583 I qtaguid : Untagging socket 90
03-24 14:44:35.191  4968  3583 I qtaguid : Tagging socket 90 with tag 3000090000000000{805308672,0} uid -1, pid: 4968, getuid(): 10015
03-24 14:44:35.191  4968  3583 I qtaguid : Untagging socket 90
03-24 14:44:35.191  4968  3583 I qtaguid : Tagging socket 90 with tag 3000090000000000{805308672,0} uid -1, pid: 4968, getuid(): 10015
03-24 14:44:35.191  4968  3583 I qtaguid : Untagging socket 90
03-24 14:44:35.191  4968  3583 I qtaguid : Tagging socket 90 with tag 3000090000000000{805308672,0} uid -1, pid: 4968, getuid(): 10015
03-24 14:44:35.191  4968  3583 I qtaguid : Untagging socket 90
03-24 14:44:35.191  4968  3583 I qtaguid : Tagging socket 90 with tag 3000090000000000{805308672,0} uid -1, pid: 4968, getuid(): 10015
03-24 14:44:35.191  4968  3583 I qtaguid : Untagging socket 90
03-24 14:44:35.201  4968  3583 I qtaguid : Tagging socket 90 with tag 3000090000000000{805308672,0} uid -1, pid: 4968, getuid(): 10015
03-24 14:44:35.201  4968  3583 I qtaguid : Untagging socket 90
03-24 14:44:35.201  4968  3583 I qtaguid : Tagging socket 90 with tag 3000090000000000{805308672,0} uid -1, pid: 4968, getuid(): 10015
03-24 14:44:35.201  4968  3583 I qtaguid : Untagging socket 90
03-24 14:44:35.201  3670  3697 E BatteryStatsImpl: Wifi multicast lock enabled by UID  = 10015
03-24 14:44:35.451  3037  3741 D EnterpriseController: netId is 0
03-24 14:44:35.451  3037  3741 D Netd    : getNetworkForDns: using netid 510 for uid 10117
03-24 14:44:35.761  8437  8496 E         : g2d stretchFimgApi_v5 function does not exist
03-24 14:44:35.761  8437  8496 E         : [JM] stretchFimgApi might be v4.
03-24 14:44:35.821  3670  3698 D BatteryService: !@BatteryListener : batteryPropertiesChanged!
03-24 14:44:35.821  3670  3698 D BatteryService: level:92, scale:100, status:2, health:2, present:true, voltage: 4127, temperature: 303, technology: Li-ion, AC powered:false, USB powered:true, POGO powered:false, Wireless powered:false, icon:17303414, invalid charger:0, maxChargingCurrent:0
03-24 14:44:35.821  3670  3698 D BatteryService: online:4, current avg:-135, charge type:1, power sharing:false, high voltage charger:false, capacity:280000, batterySWSelfDischarging:false, current_now:-706
03-24 14:44:35.821  3670  3670 D BatteryService: Sending ACTION_BATTERY_CHANGED.
03-24 14:44:35.821  3670  3670 I MotionRecognitionService: Plugged
03-24 14:44:35.821  3670  3670 E MotionRecognitionService: support TA ~
03-24 14:44:35.821  3670  3670 I MotionRecognitionService: isTAConnected | current backoffstate  = 33792
03-24 14:44:35.821  3670  3670 D MotionRecognitionService:  TA connected ,  33792
03-24 14:44:35.821  3670  3670 I MotionRecognitionService: skip setTransmitPower. 
03-24 14:44:35.821  3670  3670 D MotionRecognitionService:   cableConnection= 1
03-24 14:44:35.821  3670  3670 D MotionRecognitionService: setPowerConnected | current backoffstate  = 33792 , state =33792
03-24 14:44:35.821  3670  3670 D MotionRecognitionService: skip setTransmitPower. 
03-24 14:44:35.831  4103  4103 D KeyguardUpdateMonitor: received broadcast android.intent.action.BATTERY_CHANGED
03-24 14:44:35.831  4103  4103 D PowerUI : priorPlugType = 2 mPlugType =  2
03-24 14:44:35.831  4103  4103 D PowerUI.Notification: showChargingNotice oldChargingType : 1 currentChargingType : 1 oldChargingTime : 1552000 mChargingTime : 1552000
03-24 14:44:35.831  4103  4103 D KeyguardUpdateMonitor: handleBatteryUpdate
03-24 14:44:35.831  4103  4103 D PowerUI.Notification: There is no change about charging status, so return!
03-24 14:44:35.841  4103  4103 D BatteryMeterView: ACTION_BATTERY_CHANGED : level:92 status:2 health:2
03-24 14:44:35.841  4103  4103 D BatteryMeterView: ACTION_BATTERY_CHANGED : level:92 status:2 health:2
03-24 14:44:35.951  3670  4068 W System.err: remove failed: ENOENT (No such file or directory) : /data/system/recent_tasks/125_task.xml.bak
03-24 14:44:35.981 31048 31048 I wpa_supplicant: nl80211: Received scan results (6 BSSes)
03-24 14:44:35.981  3037  3738 D Netd    : Iface wlan0 link up
03-24 14:44:35.981  3670  3804 D Tethering: interfaceLinkStateChanged wlan0, true
03-24 14:44:35.981  3670  4020 D WifiP2pService: InactiveState{ what=147461 }
03-24 14:44:35.981  3670  3804 D Tethering: interfaceStatusChanged wlan0, true
03-24 14:44:35.981  3670  4020 D WifiP2pService: P2pEnabledState{ what=147461 }
03-24 14:44:35.981  3670  4020 D WifiP2pService: DefaultState{ what=147461 }
03-24 14:44:35.981  3670  3670 I CLocInfoService: External Intent Received android.net.wifi.SCAN_RESULTS
03-24 14:44:35.991  3670  3796 V BroadcastQueue: [background] Process cur broadcast BroadcastRecord{b71406a u-1 android.net.wifi.SCAN_RESULTS qIdx=4}, state= (APP_RECEIVE) DELIVERED for app ProcessRecord{124bbc4 4103:com.android.systemui/u0a43}
03-24 14:44:36.011  8437  8519 W System.err: remove failed: ENOENT (No such file or directory) : /data/user/0/org.mozilla.firefox/cache/picasso-cache/9a83671e5995b82be140314522be3c44.0
03-24 14:44:36.011  8437  8519 W System.err: remove failed: ENOENT (No such file or directory) : /data/user/0/org.mozilla.firefox/cache/picasso-cache/9a83671e5995b82be140314522be3c44.1
03-24 14:44:36.011  8437  8519 D DLCSyncAction: Server returned 48 records (since 0)
03-24 14:44:36.011  3670  4952 I PersonaManager: mKnoxInfo is empty
03-24 14:44:36.011  8437  8519 V DLCSyncAction: Done
03-24 14:44:36.011  8437  8519 D GeckoDLCCatalog: Writing to disk
03-24 14:44:36.021  8437  8468 D GeckoDLCCatalog: Loading from disk
03-24 14:44:36.021  8437  8468 W GeckoDLCCatalog: Unable to parse catalog JSON. Re-creating empty catalog.
03-24 14:44:36.021  8437  8468 W GeckoDLCCatalog: org.json.JSONException: End of input at character 0 of 
03-24 14:44:36.021  8437  8468 W GeckoDLCCatalog: 	at org.json.JSONTokener.syntaxError(JSONTokener.java:449)
03-24 14:44:36.021  8437  8468 W GeckoDLCCatalog: 	at org.json.JSONTokener.nextValue(JSONTokener.java:97)
03-24 14:44:36.021  8437  8468 W GeckoDLCCatalog: 	at org.json.JSONObject.<init>(JSONObject.java:156)
03-24 14:44:36.021  8437  8468 W GeckoDLCCatalog: 	at org.json.JSONObject.<init>(JSONObject.java:173)
03-24 14:44:36.021  8437  8468 W GeckoDLCCatalog: 	at org.mozilla.gecko.dlc.catalog.DownloadContentCatalog.loadFromDisk(DownloadContentCatalog.java:213)
03-24 14:44:36.021  8437  8468 W GeckoDLCCatalog: 	at org.mozilla.gecko.dlc.catalog.DownloadContentCatalog.startLoadFromDisk(DownloadContentCatalog.java:181)
03-24 14:44:36.021  8437  8468 W GeckoDLCCatalog: 	at org.mozilla.gecko.dlc.catalog.DownloadContentCatalog.<init>(DownloadContentCatalog.java:49)
03-24 14:44:36.021  8437  8468 W GeckoDLCCatalog: 	at org.mozilla.gecko.dlc.DlcStudyService.onHandleWork(DlcStudyService.java:25)
03-24 14:44:36.021  8437  8468 W GeckoDLCCatalog: 	at android.support.v4.app.JobIntentService$CommandProcessor.doInBackground(JobIntentService.java:391)
03-24 14:44:36.021  8437  8468 W GeckoDLCCatalog: 	at android.support.v4.app.JobIntentService$CommandProcessor.doInBackground(JobIntentService.java:382)
03-24 14:44:36.021  8437  8468 W GeckoDLCCatalog: 	at android.os.AsyncTask$2.call(AsyncTask.java:295)
03-24 14:44:36.021  8437  8468 W GeckoDLCCatalog: 	at java.util.concurrent.FutureTask.run(FutureTask.java:237)
03-24 14:44:36.021  8437  8468 W GeckoDLCCatalog: 	at java.util.concurrent.ThreadPoolExecutor.runWorker(ThreadPoolExecutor.java:1113)
03-24 14:44:36.021  8437  8468 W GeckoDLCCatalog: 	at java.util.concurrent.ThreadPoolExecutor$Worker.run(ThreadPoolExecutor.java:588)
03-24 14:44:36.021  8437  8468 W GeckoDLCCatalog: 	at java.lang.Thread.run(Thread.java:818)
03-24 14:44:36.021  8437  8468 D GeckoDLCCatalog: Loaded 0 elements
03-24 14:44:36.021  8437  8468 D DLCStudyAction: Studying catalog..
03-24 14:44:36.021  8437  8468 V DLCStudyAction: Done
03-24 14:44:36.021  8437  8468 D GeckoDLCCatalog: Writing to disk
03-24 14:44:36.021  8437  8519 D DLCVerifyAction: Verifying catalog..
03-24 14:44:36.021  8437  8519 V DLCVerifyAction: Done
03-24 14:44:36.021  8437  8519 V GeckoDLCCatalog: Not persisting: Catalog has not changed
03-24 14:44:36.021  8437  8468 W System.err: remove failed: ENOENT (No such file or directory) : /data/user/0/org.mozilla.firefox/download_content_catalog.bak
03-24 14:44:36.051  8437  8575 W System.err: remove failed: ENOENT (No such file or directory) : /data/user/0/org.mozilla.firefox/shared_prefs/com.google.android.gms.appid.xml.bak
03-24 14:44:36.061  3670  3697 I PersonaManager: mKnoxInfo is empty
03-24 14:44:36.061  3670  4952 I PersonaManager: mKnoxInfo is empty
03-24 14:44:36.071  3670  4454 I PersonaManager: mKnoxInfo is empty
03-24 14:44:36.081  4932  2582 I System.out: (HTTPLog)-Static: isSBSettingEnabled false
03-24 14:44:36.081  4932 27049 I System.out: (HTTPLog)-Static: isSBSettingEnabled false
03-24 14:44:36.081  4932  2582 I System.out: (HTTPLog)-Static: isSBSettingEnabled false
03-24 14:44:36.081  4932 27049 I System.out: (HTTPLog)-Static: isSBSettingEnabled false
03-24 14:44:36.081  4932  2582 I qtaguid : Tagging socket 92 with tag 3000040700000000{805307399,0} uid -1, pid: 4932, getuid(): 10015
03-24 14:44:36.081  4932 27049 I qtaguid : Tagging socket 95 with tag 3000040700000000{805307399,0} uid -1, pid: 4932, getuid(): 10015
03-24 14:44:36.251  4932 27049 I qtaguid : Untagging socket 95
03-24 14:44:36.261  8437  8458 I GeckoPushGCM: Got fresh GCM token; caching.
03-24 14:44:36.261  8437  8458 I GeckoPushManager: Startup: advancing all registrations.
03-24 14:44:36.271  8437  8458 W System.err: remove failed: ENOENT (No such file or directory) : /data/user/0/org.mozilla.firefox/GeckoPushState.json.bak
03-24 14:44:36.271  8437  8458 I GeckoPushService: Handling event: PushServiceAndroidGCM:Configure
03-24 14:44:36.271  8437  8458 I GeckoPushManager: Updating configuration.
03-24 14:44:36.271  8437  8458 I GeckoPushManager: Push configuration set!
03-24 14:44:36.281  8437  8458 I GeckoPushService: Handling event: PushServiceAndroidGCM:Initialized
03-24 14:44:36.281  8437  8437 D GeckoToolbar: onTabChanged: THUMBNAIL
03-24 14:44:36.281  8437  8437 D GeckoBrowserApp: BrowserApp.onTabChanged: 0: THUMBNAIL
03-24 14:44:36.301  8437  8581 D GeckoTelemetryUploadSer: Telemetry upload success!
03-24 14:44:36.301  8437  8581 D GeckoTelemetryUploadSer: Service finished: upload and prune attempts completed
03-24 14:44:36.411  4932  2582 I qtaguid : Untagging socket 92
03-24 14:44:36.421  8437  8575 I [INFO][Leanplum]: [com.leanplum.LeanplumCloudMessagingProvider::onRegistrationIdReceived::96]: Device registered for push notifications with registration token, APA91bGDEBIAJ94uToivVrh2As7kCtGZvWWv_F-6KOrj4ra5Z8c2Xj50pqtGRKTwiCyTAlKDTm3glqzIC7Gw_MuqHlxQLP8DJwv5YFwO__X81h7UuuOnQevZV4PXAyFjyql0cuyHPU_4
03-24 14:44:36.701  3037  3741 D EnterpriseController: netId is 0
03-24 14:44:36.701  3037  3741 D Netd    : getNetworkForDns: using netid 510 for uid 10117
03-24 14:44:36.721  8437  8464 D GeckoDistribution: Custom distribution directory not found.
03-24 14:44:37.451  3037  3741 D EnterpriseController: netId is 0
03-24 14:44:37.451  3037  3741 D Netd    : getNetworkForDns: using netid 510 for uid 10117
03-24 14:44:38.191  4968  2656 W AdaptiveDiscoveryWorker: Exiting Adaptive Discovery. Current NetworkInfo is NULL.
03-24 14:44:38.251  3670  6805 D ConnectivityService: returning getNetworkInfo for network type 1 : [type: WIFI[] - WIFI, state: CONNECTED/CONNECTED, reason: (unspecified), extra: "DataStructures", roaming: false, failover: false, isAvailable: true]
03-24 14:44:39.181  3037  3741 D EnterpriseController: netId is 0
03-24 14:44:39.181  3037  3741 D Netd    : getNetworkForDns: using netid 510 for uid 10117
03-24 14:44:39.361  3037  3741 D EnterpriseController: netId is 0
03-24 14:44:39.361  3037  3741 D Netd    : getNetworkForDns: using netid 510 for uid 10117
03-24 14:44:39.781  3037  3741 D EnterpriseController: netId is 0
03-24 14:44:39.781  3037  3741 D Netd    : getNetworkForDns: using netid 510 for uid 10117
03-24 14:44:39.961  3037  3741 D EnterpriseController: netId is 0
03-24 14:44:39.961  3037  3741 D Netd    : getNetworkForDns: using netid 510 for uid 10117
03-24 14:44:41.371  3670  3930 D PackageManager: [MSG] WRITE_PACKAGE_RESTRICTIONS
03-24 14:44:41.391  3670  3930 W System.err: remove failed: ENOENT (No such file or directory) : /data/system/users/0/package-restrictions.xml.bak
03-24 14:44:42.151  3670  6805 D SSRM:n  : SIOP:: AP = 410, PST = 382 (W:14), CP = 294, CUR = -135, LCD = 118
03-24 14:44:42.181  3670  6805 D ConnectivityService: returning getNetworkInfo for network type 1 : [type: WIFI[] - WIFI, state: CONNECTED/CONNECTED, reason: (unspecified), extra: "DataStructures", roaming: false, failover: false, isAvailable: true]
03-24 14:44:43.701  3670  3796 W ActivityManager: Activity stop timeout for ActivityRecord{9b79b u0 com.example.myapplication/.MainActivity t99}
03-24 14:44:44.531  8437  8464 W GeckoEventDispatcher: No listener for Session:DataWritten
03-24 14:44:45.871  3670  4552 D BatteryService: !@BatteryListener : batteryPropertiesChanged!
03-24 14:44:45.881  3670  4552 D BatteryService: level:92, scale:100, status:2, health:2, present:true, voltage: 4252, temperature: 305, technology: Li-ion, AC powered:false, USB powered:true, POGO powered:false, Wireless powered:false, icon:17303414, invalid charger:0, maxChargingCurrent:0
03-24 14:44:45.881  3670  4552 D BatteryService: online:4, current avg:-7, charge type:1, power sharing:false, high voltage charger:false, capacity:280000, batterySWSelfDischarging:false, current_now:169
03-24 14:44:45.881  3670  3670 D BatteryService: Sending ACTION_BATTERY_CHANGED.
03-24 14:44:45.881  3670  3670 I MotionRecognitionService: Plugged
03-24 14:44:45.881  3670  3670 E MotionRecognitionService: support TA ~
03-24 14:44:45.881  3670  3670 I MotionRecognitionService: isTAConnected | current backoffstate  = 33792
03-24 14:44:45.881  3670  3670 D MotionRecognitionService:  TA connected ,  33792
03-24 14:44:45.881  3670  3670 I MotionRecognitionService: skip setTransmitPower. 
03-24 14:44:45.881  3670  3670 D MotionRecognitionService:   cableConnection= 1
03-24 14:44:45.881  3670  3670 D MotionRecognitionService: setPowerConnected | current backoffstate  = 33792 , state =33792
03-24 14:44:45.881  3670  3670 D MotionRecognitionService: skip setTransmitPower. 
03-24 14:44:45.881  4103  4103 D KeyguardUpdateMonitor: received broadcast android.intent.action.BATTERY_CHANGED
03-24 14:44:45.881  4103  4103 D PowerUI : priorPlugType = 2 mPlugType =  2
03-24 14:44:45.881  4103  4103 D PowerUI.Notification: showChargingNotice oldChargingType : 1 currentChargingType : 1 oldChargingTime : 1552000 mChargingTime : 1552000
03-24 14:44:45.881  4103  4103 D KeyguardUpdateMonitor: handleBatteryUpdate
03-24 14:44:45.881  4103  4103 D PowerUI.Notification: There is no change about charging status, so return!
03-24 14:44:45.911  4103  4103 D BatteryMeterView: ACTION_BATTERY_CHANGED : level:92 status:2 health:2
03-24 14:44:45.911  4103  4103 D BatteryMeterView: ACTION_BATTERY_CHANGED : level:92 status:2 health:2
03-24 14:44:46.951  3670  4283 E Watchdog: !@Sync 2329 [03-24 14:44:46.961]
03-24 14:44:52.201  3670  6805 D SSRM:n  : SIOP:: AP = 380, PST = 384 (W:20), CP = 295, CUR = -7, LCD = 118
03-24 14:44:55.931  3670  4452 D BatteryService: !@BatteryListener : batteryPropertiesChanged!
03-24 14:44:55.931  3670  4452 D BatteryService: level:92, scale:100, status:2, health:2, present:true, voltage: 4244, temperature: 305, technology: Li-ion, AC powered:false, USB powered:true, POGO powered:false, Wireless powered:false, icon:17303414, invalid charger:0, maxChargingCurrent:0
03-24 14:44:55.931  3670  4452 D BatteryService: online:4, current avg:112, charge type:1, power sharing:false, high voltage charger:false, capacity:280000, batterySWSelfDischarging:false, current_now:-9
03-24 14:44:55.931  3670  3670 D BatteryService: Sending ACTION_BATTERY_CHANGED.
03-24 14:44:55.931  3670  3670 I MotionRecognitionService: Plugged
03-24 14:44:55.931  3670  3670 E MotionRecognitionService: support TA ~
03-24 14:44:55.931  3670  3670 I MotionRecognitionService: isTAConnected | current backoffstate  = 33792
03-24 14:44:55.931  3670  3670 D MotionRecognitionService:  TA connected ,  33792
03-24 14:44:55.931  3670  3670 I MotionRecognitionService: skip setTransmitPower. 
03-24 14:44:55.931  3670  3670 D MotionRecognitionService:   cableConnection= 1
03-24 14:44:55.931  3670  3670 D MotionRecognitionService: setPowerConnected | current backoffstate  = 33792 , state =33792
03-24 14:44:55.931  3670  3670 D MotionRecognitionService: skip setTransmitPower. 
03-24 14:44:55.941  4103  4103 D KeyguardUpdateMonitor: received broadcast android.intent.action.BATTERY_CHANGED
03-24 14:44:55.941  4103  4103 D KeyguardUpdateMonitor: handleBatteryUpdate
03-24 14:44:55.941  4103  4103 D PowerUI : priorPlugType = 2 mPlugType =  2
03-24 14:44:55.941  4103  4103 D PowerUI.Notification: showChargingNotice oldChargingType : 1 currentChargingType : 1 oldChargingTime : 1552000 mChargingTime : 1552000
03-24 14:44:55.941  4103  4103 D PowerUI.Notification: There is no change about charging status, so return!
03-24 14:44:55.971  4103  4103 D BatteryMeterView: ACTION_BATTERY_CHANGED : level:92 status:2 health:2
03-24 14:44:55.971  4103  4103 D BatteryMeterView: ACTION_BATTERY_CHANGED : level:92 status:2 health:2
03-24 14:44:59.991  3670  3980 V AlarmManager: Expired Alarm result :8
03-24 14:45:00.001  4103  4103 D KeyguardUpdateMonitor: received broadcast android.intent.action.TIME_TICK
03-24 14:45:00.001  4103  4103 D KeyguardUpdateMonitor: handleTimeUpdate
03-24 14:45:00.021  4103  4103 D Clock   : received broadcast android.intent.action.TIME_TICK
03-24 14:45:00.071  4103  4103 D DateView: received broadcast android.intent.action.TIME_TICK
03-24 14:45:00.151 24150 24150 D [WeatherWidget(1236)]  WeatherService: {[EC3334F14841398C8B464A72D0E61AB7C564889C89112557F2146D56794659083956C77974A4825103AB5C5D4AC85EDAA24236388AC138058106446B92A35777]}
03-24 14:45:00.151 24150 24150 D [WeatherWidget(1236)]  : {[3AE6950019B083611567B0F9442DB03EEFA9050249635C043F7E254E316C2550]}
03-24 14:45:00.161 24150 24150 D [WeatherWidget(1236)]  : {[3AE6950019B083611567B0F9442DB03E5DDA24A68DD8F41CDE99F0ED3FBCA79D6E3672D13C47BC5ED8EFB051B507BC35D16D05BE0B1FFC48F1CBC65A73129A0D]}
03-24 14:45:00.161 24150 24150 D [WeatherWidget(1236)]  : {[A1AF0F6A1A65A89C43D705938923D0FEFB71880C4E84718DA0A3E1F383E54FB24509E0FBB917D66D2978C513F7383D4A3053B01023BD027BD5C6B984AE327ACDF73722D68B1F80266469F24891921060F6012335F813CE3C0359344A51D4CD9D96750407689B32392378DF20D5323939]}
03-24 14:45:00.171 24150 24150 D [WeatherWidget(1236)]  : {[15C09394A4E9AFE55A5C62F22AB3FC5902EB2A2150B6646A86F2B3102D669614]}
03-24 14:45:02.221  3670  6805 D SSRM:n  : SIOP:: AP = 370, PST = 383 (W:20), CP = 294, CUR = 112, LCD = 118
03-24 14:45:03.001  8880  8880 I FIPS_bssl: FIPS approved mode (1) | 8880 | app_process
03-24 14:45:03.001  8880  8880 D AndroidRuntime: >>>>>> START com.android.internal.os.RuntimeInit uid 2000 <<<<<<
03-24 14:45:03.001  8880  8880 D AndroidRuntime: CheckJNI is OFF
03-24 14:45:03.001  8880  8880 D AndroidRuntime: readGMSProperty: start
03-24 14:45:03.001  8880  8880 D AndroidRuntime: readGMSProperty: already setted!!
03-24 14:45:03.001  8880  8880 D AndroidRuntime: propertySet: couldn't set property (it is from app)
03-24 14:45:03.001  8880  8880 D AndroidRuntime: readGMSProperty: could not set the property(default)!!
03-24 14:45:03.001  8880  8880 D AndroidRuntime: readGMSProperty: end
03-24 14:45:03.001  8880  8880 D AndroidRuntime: addProductProperty: start
03-24 14:45:03.031  8880  8880 D ICU     : No timezone override file found: /data/misc/zoneinfo/current/icu/icu_tzdata.dat
03-24 14:45:03.061  8880  8880 I Radio-JNI: register_android_hardware_Radio DONE
03-24 14:45:03.071  8880  8880 E AffinityControl: AffinityControl: registerfunction enter
03-24 14:45:03.081  8880  8880 D AndroidRuntime: Calling main entry com.android.commands.am.Am
03-24 14:45:03.081  3670  4952 I ActivityManager: Force stopping org.mozilla.firefox appid=10117 user=0: from pid 8880
03-24 14:45:03.081  3670  4952 I PersonaManager: mKnoxInfo is empty
03-24 14:45:03.081  3670  4952 I ActivityManager: Killing 8437:org.mozilla.firefox/u0a117 (adj 0): stop org.mozilla.firefox cause from pid 8880
03-24 14:45:03.091  3670  4952 D ActivityManager: cleanUpApplicationRecord -- 8437
03-24 14:45:03.091  3670  4952 D ActivityManager: isAutoRunBlockedApp:: org.mozilla.firefox, Auto Run ON
03-24 14:45:03.091  3670  4952 W ActivityManager: Force removing ActivityRecord{b465666 u0 org.mozilla.firefox/org.mozilla.gecko.BrowserApp t125}: app died, no saved state
03-24 14:45:03.091  3670  4952 D InputDispatcher: Focused application set to: xxxx
03-24 14:45:03.101  3670  4952 D InputDispatcher: Focus left window: 8437
03-24 14:45:03.101  3025  3732 I SurfaceFlinger: id=529 Removed TurfaceView (6/9)
03-24 14:45:03.101  3025  3210 I SurfaceFlinger: id=529 Removed TurfaceView (-2/9)
03-24 14:45:03.101  3025  3025 D libEGL  : eglTerminate EGLDisplay = 0x7ff3f31e28
03-24 14:45:03.101  3025  3025 D libEGL  : eglTerminate EGLDisplay = 0x7ff3f31e28
03-24 14:45:03.101  3025  4439 I SurfaceFlinger: id=528 Removed CrowserApp (6/8)
03-24 14:45:03.101  3025  3732 I SurfaceFlinger: id=528 Removed CrowserApp (-2/8)
03-24 14:45:03.111  3670  4952 D CustomFrequencyManagerService: acquireDVFSLockLocked : type : DVFS_MIN_LIMIT  frequency : 1800000  uid : 1000  pid : 3670  pkgName : ACTIVITY_RESUME_BOOSTER@3
03-24 14:45:03.111  3670  3884 D PointerIcon: setMouseIconStyle1 pointerType: 1001 iconType:101 flag:0 pid:3670 uid:1000
03-24 14:45:03.111  3670  3884 D PointerIcon: setMouseCustomIcon IconType is same.101
03-24 14:45:03.111  3670  4952 D ActivityManager: mDVFSHelper.acquire()
03-24 14:45:03.111  3670  3670 D GameManagerService: NotifyRunnable. pkg: com.example.myapplication, type: 4, isMinimized: false, isTunableApp: false
03-24 14:45:03.111  3670  3796 V MARsPolicyManager: updatePackagesScore PackageInfo name -- com.example.myapplication
03-24 14:45:03.111  3670  4952 D InputDispatcher: Focus entered window: 30395
03-24 14:45:03.121  3025  3025 D libEGL  : eglTerminate EGLDisplay = 0x7ff3f31e28
03-24 14:45:03.121  3025  3025 D libEGL  : eglTerminate EGLDisplay = 0x7ff3f31e28
03-24 14:45:03.121  3025  3025 D libEGL  : eglTerminate EGLDisplay = 0x7ff3f31e28
03-24 14:45:03.121  8880  8880 D AndroidRuntime: Shutting down VM
03-24 14:45:03.121  3670  4019 D NetworkPolicy: isUidForegroundLocked: 10117, mScreenOn: true, uidstate: 16, mProxSensorScreenOff: false
03-24 14:45:03.121  3670  4019 D NetworkPolicy: isUidForegroundLocked: 10185, mScreenOn: true, uidstate: 2, mProxSensorScreenOff: false
03-24 14:45:03.121  3670  3670 V AlarmManager: Remove alarm for next reason : android.intent.action.PACKAGE_RESTARTED : package: org.mozilla.firefox
03-24 14:45:03.121  3670  3670 D LightsService: [api] [SvcLED] turnOff:: id = 6 (uid: 1000 pid: 3670) 
03-24 14:45:03.121  3670  3670 D LightsService: [SvcLED] setSvcLedStateLocked:: SvcLEDState : 0x0 -> 0x0 | SvcLED(id=6) set Off
03-24 14:45:03.121  3670  3670 D EdgeLight: Turning off
03-24 14:45:03.121  3670  3904 D LightsService: [SvcLED] handleForcedSvcLEDTask()
03-24 14:45:03.121  3670  3904 D LightsService: [SvcLED]  setSvcLedLightLocked :: Current SvcLED(id=5) maintains its priority right
03-24 14:45:03.131  4103  4103 D PhoneStatusBar: removeNotification key=0|org.mozilla.firefox|-1475389868|null|10117 old=StatusBarNotification(pkg=org.mozilla.firefox user=UserHandle{0} id=-1475389868 tag=null score=0 key=0|org.mozilla.firefox|-1475389868|null|10117: Notification(pri=0 contentView=org.mozilla.firefox/0x10900a3 vibrate=null sound=null tick defaults=0x0 flags=0x10 color=0x00000000 actions=1 vis=PRIVATE secFlags=0x0 secPriority=0))
03-24 14:45:03.131  4103  4103 D PhoneStatusBar: setAreThereNotifications: N=2 any=true clearable=false
03-24 14:45:03.131  3670  3796 V BroadcastQueue: [background] Process cur broadcast BroadcastRecord{f4f7f2f u0 android.intent.action.PACKAGE_RESTARTED qIdx=4}, state= (APP_RECEIVE) DELIVERED for app ProcessRecord{a8b6d0a 3670:system/1000}
03-24 14:45:03.131  3670  3884 D PointerIcon: setMouseIconStyle1 pointerType: 1001 iconType:101 flag:0 pid:3670 uid:1000
03-24 14:45:03.131  3670  3884 D PointerIcon: setMouseCustomIcon IconType is same.101
03-24 14:45:03.131  4383  4383 I PersonaManager: mKnoxInfo is empty
03-24 14:45:03.131  4383  4383 I PersonaManager: mKnoxInfo is empty
03-24 14:45:03.131  4383  4383 I PersonaManager: mKnoxInfo is empty
03-24 14:45:03.131  4383  4383 W ResourcesManager: getTopLevelResources: /data/app/com.google.android.gms-1/base.apk / 1.0 running in com.android.nfc rsrc of package com.google.android.gms
03-24 14:45:03.141  3670  3670 V BroadcastQueue: [background] Process cur broadcast BroadcastRecord{f4f7f2f u0 android.intent.action.PACKAGE_RESTARTED qIdx=4}, state= (APP_RECEIVE) DELIVERED for app ProcessRecord{90f0323 31960:com.sec.android.app.soundalive/u0a62}
03-24 14:45:03.141 31960 31960 D SAControlPanelReceiver: *****onReceive()*****
03-24 14:45:03.141 31960 31960 D SAControlPanelReceiver: Action: android.intent.action.PACKAGE_RESTARTED
03-24 14:45:03.141  4383  4383 W ResourcesManager: getTopLevelResources: /data/app/com.google.android.gms-1/base.apk / 1.0 running in com.android.nfc rsrc of package com.google.android.gms
03-24 14:45:03.141  3670  6805 D GameManagerService: identifyGamePackage. com.example.myapplication
03-24 14:45:03.141  4383  4383 D ApduServiceInfo: seId: 0
03-24 14:45:03.141  4383  4383 I PersonaManager: mKnoxInfo is empty
03-24 14:45:03.141  3670  6805 D GameManagerService: identifyGamePackage. com.example.myapplication
03-24 14:45:03.141  3670  4550 V BroadcastQueue: [background] Process cur broadcast BroadcastRecord{f4f7f2f u0 android.intent.action.PACKAGE_RESTARTED qIdx=4}, state= (APP_RECEIVE) DELIVERED for app ProcessRecord{126ce28 24150:com.sec.android.daemonapp/u0a145}
03-24 14:45:03.141 24150 24150 D [WeatherWidget(1236)]  ClearDataReceiver: {[2B4A2AC40B5A9FD87A06E8EADDAC90140D0735C4111B00ED5A4BFDD943296A603CF64C72E7F3E6D25FF9ACC8831CFEFA3E34FF6EAD00357EC7386503FB76F1C38DE7DC83CE464FCACDBF41BB39AB7B0532B2430328A965C13539887ACF027538D8F07ACD0F60FD058041946420F66BD7]}
03-24 14:45:03.151  3670  3798 D StatusBarManagerService: manageDisableList userId=0 what=0x0 pkg=Window{b607281 u0 d0 com.example.myapplication/com.example.myapplication.MainActivity}
03-24 14:45:03.151  4103  4103 D PhoneStatusBar: setSystemUiVisibility vis=8600 mask=ffffffff oldVal=a600 newVal=8600 diff=2000
03-24 14:45:03.181  3670  6805 D ConnectivityService: returning getNetworkInfo for network type 1 : [type: WIFI[] - WIFI, state: CONNECTED/CONNECTED, reason: (unspecified), extra: "DataStructures", roaming: false, failover: false, isAvailable: true]
03-24 14:45:03.181  3670  6805 D ConnectivityService: returning getNetworkInfo for network type 1 : [type: WIFI[] - WIFI, state: CONNECTED/CONNECTED, reason: (unspecified), extra: "DataStructures", roaming: false, failover: false, isAvailable: true]
03-24 14:45:03.191  3670  6805 D GameManagerService: identifyGamePackage. com.example.myapplication
03-24 14:45:03.241  3670  4143 D GraphicsStats: Buffer count: 7
03-24 14:45:03.241  4103  4199 D vol.MediaSessions: updateRemoteControllerH null
03-24 14:45:03.241  4103  4199 D vol.MediaSessions: onActiveSessionsUpdatedH n=0
03-24 14:45:03.241  3670  4946 D MediaSessionRecord: requestLock
03-24 14:45:03.241  4968  2656 I DiscoveryManager: Filter criteria(null) scannerFlags(0)
03-24 14:45:03.241  3670  4552 D MediaSessionRecord: releaseLock
03-24 14:45:03.241  4103  4199 D vol.MediaSessions: Removing Firefox sentRemote=false
03-24 14:45:03.241  4103  4199 D vol.MediaSessions: onActiveSessionsUpdatedH n=0
03-24 14:45:03.241  3670  4409 I PersonaManager: mKnoxInfo is empty
03-24 14:45:05.961  3670  4952 D BatteryService: !@BatteryListener : batteryPropertiesChanged!
03-24 14:45:05.961  3670  4952 D BatteryService: level:92, scale:100, status:2, health:2, present:true, voltage: 4225, temperature: 306, technology: Li-ion, AC powered:false, USB powered:true, POGO powered:false, Wireless powered:false, icon:17303414, invalid charger:0, maxChargingCurrent:0
03-24 14:45:05.961  3670  4952 D BatteryService: online:4, current avg:67, charge type:1, power sharing:false, high voltage charger:false, capacity:280000, batterySWSelfDischarging:false, current_now:-83
03-24 14:45:05.961  3670  3670 D BatteryService: Sending ACTION_BATTERY_CHANGED.
03-24 14:45:05.961  3670  3670 I MotionRecognitionService: Plugged
03-24 14:45:05.961  3670  3670 E MotionRecognitionService: support TA ~
03-24 14:45:05.961  3670  3670 I MotionRecognitionService: isTAConnected | current backoffstate  = 33792
03-24 14:45:05.961  3670  3670 D MotionRecognitionService:  TA connected ,  33792
03-24 14:45:05.961  3670  3670 I MotionRecognitionService: skip setTransmitPower. 
03-24 14:45:05.961  3670  3670 D MotionRecognitionService:   cableConnection= 1
03-24 14:45:05.961  3670  3670 D MotionRecognitionService: setPowerConnected | current backoffstate  = 33792 , state =33792
03-24 14:45:05.961  3670  3670 D MotionRecognitionService: skip setTransmitPower. 
03-24 14:45:05.971  4103  4103 D KeyguardUpdateMonitor: received broadcast android.intent.action.BATTERY_CHANGED
03-24 14:45:05.971  4103  4103 D PowerUI : priorPlugType = 2 mPlugType =  2
03-24 14:45:05.971  4103  4103 D PowerUI.Notification: showChargingNotice oldChargingType : 1 currentChargingType : 1 oldChargingTime : 1552000 mChargingTime : 1552000
03-24 14:45:05.971  4103  4103 D KeyguardUpdateMonitor: handleBatteryUpdate
03-24 14:45:05.971  4103  4103 D PowerUI.Notification: There is no change about charging status, so return!
03-24 14:45:05.971  4103  4103 D BatteryMeterView: ACTION_BATTERY_CHANGED : level:92 status:2 health:2
03-24 14:45:05.981  4103  4103 D BatteryMeterView: ACTION_BATTERY_CHANGED : level:92 status:2 health:2
03-24 14:45:06.111  3670  3796 D CustomFrequencyManagerService: releaseDVFSLockLocked : Getting Lock type frm List : DVFS_MIN_LIMIT  frequency : 1800000  uid : 1000  pid : 3670  tag : ACTIVITY_RESUME_BOOSTER@3
03-24 14:45:06.111  3670  3796 D ActivityManager: mDVFSHelper.release()
03-24 14:45:06.111  3670  3796 D CustomFrequencyManagerService: acquireDVFSLockLocked : type : DVFS_MIN_LIMIT  frequency : 1800000  uid : 1000  pid : 3670  pkgName : ACTIVITY_RESUME_BOOSTER@9
03-24 14:45:06.411  3670  3670 D CustomFrequencyManagerService: releaseDVFSLockLocked : Getting Lock type frm List : DVFS_MIN_LIMIT  frequency : 1800000  uid : 1000  pid : 3670  tag : ACTIVITY_RESUME_BOOSTER@9
03-24 14:45:09.231  3670  6805 D ConnectivityService: returning getNetworkInfo for network type 1 : [type: WIFI[] - WIFI, state: CONNECTED/CONNECTED, reason: (unspecified), extra: "DataStructures", roaming: false, failover: false, isAvailable: true]
03-24 14:45:12.251  3670  6805 D SSRM:n  : SIOP:: AP = 370, PST = 383 (W:20), CP = 294, CUR = 67, LCD = 118
03-24 14:45:12.331  3670  6805 D ConnectivityService: returning getNetworkInfo for network type 1 : [type: WIFI[] - WIFI, state: CONNECTED/CONNECTED, reason: (unspecified), extra: "DataStructures", roaming: false, failover: false, isAvailabl