03-24 15:44:30.061  3670  3931 I PersonaManager: mKnoxInfo is empty
03-24 15:44:30.071  3670  4421 I PersonaManager: mKnoxInfo is empty
03-24 15:44:30.071  7275 14548 I System.out: (HTTPLog)-Static: isSBSettingEnabled false
03-24 15:44:30.071  7275 14548 I System.out: (HTTPLog)-Static: isSBSettingEnabled false
03-24 15:44:30.071  7275 14548 I qtaguid : Tagging socket 103 with tag 3000040700000000{805307399,0} uid -1, pid: 7275, getuid(): 10015
03-24 15:44:30.171  1067  1134 I RubyPalClient: Read from input stream
03-24 15:44:30.471  1224  1252 E chromium: [ERROR:translate_manager.cc(674)] domainhttps://www.msn.com/spartan/
03-24 15:44:30.471  1224  1252 E chromium: [ERROR:translate_helper.cc(111)] language
03-24 15:44:30.471  1224  1252 W chromium: [WARNING:resource_bundle.cc(599)] GetRawDataResourceForScale::GetStringPiece failed, i: 0 scale_factor: 1
03-24 15:44:30.471  1224  1252 W chromium: [WARNING:resource_bundle.cc(599)] GetRawDataResourceForScale::GetStringPiece failed, i: 0 scale_factor: 1
03-24 15:44:30.501  3025  3025 D libEGL  : eglInitialize EGLDisplay = 0x7ff3f31d28
03-24 15:44:30.651  3025  3025 D libEGL  : eglInitialize EGLDisplay = 0x7ff3f31d28
03-24 15:44:30.661  3670  4018 D NtpTrustedTime: currentTimeMillis() cache hit
03-24 15:44:30.661  3670  4018 V NetworkStats: performPollLocked(flags=0x1)
03-24 15:44:30.661  3670  4018 D NetworkStatsRecorder: entry.iface is null
03-24 15:44:30.661  3670  4018 D NetworkStatsRecorder: entry.iface is null
03-24 15:44:30.661  3670  4018 D NetworkStatsRecorder: entry.iface is null
03-24 15:44:30.661  3670  4018 D NetworkStatsRecorder: entry.iface is null
03-24 15:44:30.661  3670  4018 V NetworkStats: performPollLocked() took 3ms
03-24 15:44:30.661  3670  4018 D NtpTrustedTime: currentTimeMillis() cache hit
03-24 15:44:30.671  3670  4019 D NtpTrustedTime: currentTimeMillis() cache hit
03-24 15:44:30.671  7275 14548 I qtaguid : Untagging socket 103
03-24 15:44:30.701  3670  4019 D NtpTrustedTime: currentTimeMillis() cache hit
03-24 15:44:30.721  3670  3796 V BroadcastQueue: [background] Process cur broadcast BroadcastRecord{f1a61d0 u0 com.google.firebase.INSTANCE_ID_EVENT qIdx=4}, state= (APP_RECEIVE) DELIVERED for app ProcessRecord{78771f0 1067:com.microsoft.emmx/u0a98}
03-24 15:44:30.731  1067  1255 I EMMXGcmRegistrationTask: device token: d_mhOZVlsiE:APA91bGECytNM4iqmZwpvR-x2uXG9L-y3ViZ9olt4FhAqxdrc4hayE0VlbcPwODlk8-uPvkGYli4lskDzoqXoTMpVGMHCmdVX_pj-WGOxtRO_pSidHuFPU6lnO0HHqKUTK8TlJHruLw3
03-24 15:44:30.731  1067  1255 I RubySyncClient: registerNotifications
03-24 15:44:30.731  3670  4452 V AlarmManager:  remove PendingIntent] PendingIntent{ee935c9: PendingIntentRecord{e30a718 com.google.android.gms broadcastIntent}}
03-24 15:44:30.731  3025  3025 D libEGL  : eglInitialize EGLDisplay = 0x7ff3f31d28
03-24 15:44:30.741  3670  3931 I PersonaManager: mKnoxInfo is empty
03-24 15:44:30.751  1067  1095 W System.err: remove failed: ENOENT (No such file or directory) : /data/user/0/com.microsoft.emmx/shared_prefs/com.appboy.push_registration.xml.bak
03-24 15:44:30.761  1272  1316 E         : g2d stretchFimgApi_v5 function does not exist
03-24 15:44:30.761  1272  1316 E         : [JM] stretchFimgApi might be v4.
03-24 15:44:30.761  1067  1509 I EMMXInstanceIDListener: Received token refresh request
03-24 15:44:30.761  1067  1509 I EMMXGcmController: fetchToken
03-24 15:44:30.761  1067  1198 I System.out: (HTTPLog)-Static: isSBSettingEnabled false
03-24 15:44:30.761  1067  1198 I System.out: (HTTPLog)-Static: isSBSettingEnabled false
03-24 15:44:30.761  3670  4454 I PersonaManager: mKnoxInfo is empty
03-24 15:44:30.781  3670  3796 V BroadcastQueue: [background] Process cur broadcast BroadcastRecord{88bcafc u0 com.google.android.gms.gcm.ACTION_SCHEDULE qIdx=4}, state= (APP_RECEIVE) DELIVERED for app ProcessRecord{68a6177 7275:com.google.android.gms.persistent/u0a15}
03-24 15:44:30.791  3670  4409 V AlarmManager:  remove PendingIntent] PendingIntent{6466585: PendingIntentRecord{e30a718 com.google.android.gms broadcastIntent}}
03-24 15:44:30.831  3670  4552 I PersonaManager: mKnoxInfo is empty
03-24 15:44:30.861  3670  4421 V AlarmManager:  remove PendingIntent] PendingIntent{8c5efda: PendingIntentRecord{e30a718 com.google.android.gms broadcastIntent}}
03-24 15:44:30.901  3670  3697 V AlarmManager:  remove PendingIntent] PendingIntent{7f7bc0b: PendingIntentRecord{e30a718 com.google.android.gms broadcastIntent}}
03-24 15:44:30.901  1067  1263 I cr_XU   : FeatureSingle: Native.PageLoadPerf.PageLoadTime {WebContentsImpl::DocumentOnLoadCompleted=2347}
03-24 15:44:30.931  3670  4409 I PersonaManager: mKnoxInfo is empty
03-24 15:44:30.951  3670  3931 V AlarmManager:  remove PendingIntent] PendingIntent{48cd501: PendingIntentRecord{e30a718 com.google.android.gms broadcastIntent}}
03-24 15:44:30.981  3670  4947 I PersonaManager: mKnoxInfo is empty
03-24 15:44:31.011  3670  4454 V AlarmManager:  remove PendingIntent] PendingIntent{6640de7: PendingIntentRecord{e30a718 com.google.android.gms broadcastIntent}}
03-24 15:44:31.011  3670  4947 I PersonaManager: mKnoxInfo is empty
03-24 15:44:31.021  3670  3931 I PersonaManager: mKnoxInfo is empty
03-24 15:44:31.041  7275  7540 I System.out: (HTTPLog)-Static: isSBSettingEnabled false
03-24 15:44:31.041  7275  7540 I System.out: (HTTPLog)-Static: isSBSettingEnabled false
03-24 15:44:31.041  7275  7540 I qtaguid : Tagging socket 94 with tag 3000040700000000{805307399,0} uid -1, pid: 7275, getuid(): 10015
03-24 15:44:31.111  1067  1134 I SmartScreenLog:     Query Malware Backend service succeeded, and status code is 200
03-24 15:44:31.121  1067  1095 W System.err: remove failed: ENOENT (No such file or directory) : /data/user/0/com.microsoft.emmx/shared_prefs/com.appboy.storage.user_cache.push_token_store.37a6259cc0c1dae299a7866489dff0bd.xml.bak
03-24 15:44:31.141  3670  4068 W System.err: remove failed: ENOENT (No such file or directory) : /data/system/recent_tasks/218_task.xml.bak
03-24 15:44:31.271  1067  1134 I SmartScreenLog:     First time download of MalwareData.db succeeded
03-24 15:44:31.271  1067  1134 I cr_XU   : FeatureSingle: MalwareDBUpdate {malwareDBDeleteLog=, malwareDBAddLog=First time download of MalwareData.db succeeded}
03-24 15:44:31.481  7275  7540 I qtaguid : Untagging socket 94
03-24 15:44:31.501  1067  1516 I EMMXGcmRegistrationTask: device token: d_mhOZVlsiE:APA91bGECytNM4iqmZwpvR-x2uXG9L-y3ViZ9olt4FhAqxdrc4hayE0VlbcPwODlk8-uPvkGYli4lskDzoqXoTMpVGMHCmdVX_pj-WGOxtRO_pSidHuFPU6lnO0HHqKUTK8TlJHruLw3
03-24 15:44:31.501  1067  1516 I RubySyncClient: registerNotifications
03-24 15:44:31.811  1067  1201 E ServerConfigManager: http response error when fetch server config, response code: 404
03-24 15:44:32.441  1067  1318 E ServerConfigManager: http response error when fetch server config, response code: 404
03-24 15:44:33.411  3670  6805 D O       : limitGPUFreq:: freq = 600
03-24 15:44:33.451  3670  6805 D ConnectivityService: returning getNetworkInfo for network type 1 : [type: WIFI[] - WIFI, state: CONNECTED/CONNECTED, reason: (unspecified), extra: "DataStructures", roaming: false, failover: false, isAvailable: true]
03-24 15:44:33.611  3670  4143 D BatteryService: !@BatteryListener : batteryPropertiesChanged!
03-24 15:44:33.611  3670  4143 D BatteryService: level:94, scale:100, status:2, health:2, present:true, voltage: 4262, temperature: 327, technology: Li-ion, AC powered:false, USB powered:true, POGO powered:false, Wireless powered:false, icon:17303414, invalid charger:0, maxChargingCurrent:0
03-24 15:44:33.611  3670  4143 D BatteryService: online:4, current avg:-199, charge type:1, power sharing:false, high voltage charger:false, capacity:280000, batterySWSelfDischarging:false, current_now:161
03-24 15:44:33.611  3670  3670 D BatteryService: Sending ACTION_BATTERY_CHANGED.
03-24 15:44:33.611  3670  3670 I MotionRecognitionService: Plugged
03-24 15:44:33.611  3670  3670 E MotionRecognitionService: support TA ~
03-24 15:44:33.611  3670  3670 I MotionRecognitionService: isTAConnected | current backoffstate  = 33792
03-24 15:44:33.611  3670  3670 D MotionRecognitionService:  TA connected ,  33792
03-24 15:44:33.611  3670  3670 I MotionRecognitionService: skip setTransmitPower. 
03-24 15:44:33.611  3670  3670 D MotionRecognitionService:   cableConnection= 1
03-24 15:44:33.611  3670  3670 D MotionRecognitionService: setPowerConnected | current backoffstate  = 33792 , state =33792
03-24 15:44:33.611  3670  3670 D MotionRecognitionService: skip setTransmitPower. 
03-24 15:44:33.621  4103  4103 D KeyguardUpdateMonitor: received broadcast android.intent.action.BATTERY_CHANGED
03-24 15:44:33.621  4103  4103 D PowerUI : priorPlugType = 2 mPlugType =  2
03-24 15:44:33.621  4103  4103 D KeyguardUpdateMonitor: handleBatteryUpdate
03-24 15:44:33.621  4103  4103 D PowerUI.Notification: showChargingNotice oldChargingType : 1 currentChargingType : 1 oldChargingTime : 962000 mChargingTime : 962000
03-24 15:44:33.621  4103  4103 D PowerUI.Notification: There is no change about charging status, so return!
03-24 15:44:33.621  4103  4103 D BatteryMeterView: ACTION_BATTERY_CHANGED : level:94 status:2 health:2
03-24 15:44:33.621  4103  4103 D BatteryMeterView: ACTION_BATTERY_CHANGED : level:94 status:2 health:2
03-24 15:44:33.691  1067  1067 D ConnectivityManager: requestNetwork; getAppId(CallingUid) : 10098, CallingPid : 1067
03-24 15:44:33.691  3670  4454 D ConnectivityService: listenForNetwork for Listen from uid/pid:10098/1067 for NetworkRequest [ id=402, legacyType=-1, [ Capabilities: INTERNET&NOT_RESTRICTED&TRUSTED] ]
03-24 15:44:33.691  3670  4029 D ConnectivityService: rematching NetworkAgentInfo [WIFI () - 510]
03-24 15:44:33.691  3670  4029 D ConnectivityService:  network has: NetworkAgentInfo{ ni{[type: WIFI[] - WIFI, state: CONNECTED/CONNECTED, reason: (unspecified), extra: "DataStructures", roaming: false, failover: false, isAvailable: true]}  network{510}  lp{{InterfaceName: wlan0 LinkAddresses: [fe80::ee9b:f3ff:fe73:43e9/64,192.168.0.174/24,]  Routes: [fe80::/64 -> :: wlan0,192.168.0.0/24 -> 0.0.0.0 wlan0,0.0.0.0/0 -> 192.168.0.1 wlan0,] DnsAddresses: [192.168.0.1,] Domains:  MTU: 0 TcpBufferSizes: 524288,1048576,4525824,524288,1048576,4525824}}  nc{[ Transports: WIFI Capabilities: INTERNET&NOT_RESTRICTED&TRUSTED&NOT_VPN&VALIDATED LinkUpBandwidth>=1048576Kbps LinkDnBandwidth>=1048576Kbps SignalStrength: -37]}  Score{60}  everValidated{true}  lastValidated{true}  created{true} lingering{false} explicitlySelected{false} acceptUnvalidated{false} everCaptivePortalDetected{false} lastCaptivePortalDetected{false} }
03-24 15:44:33.691  3670  4029 D ConnectivityService:   checking if request is: NetworkRequest [ id=5, legacyType=-1, [ Transports: WIFI Capabilities: INTERNET&NOT_RESTRICTED&TRUSTED&NOT_VPN] ] satisfies: true nri.isRequest: false
03-24 15:44:33.691  3670  4029 D ConnectivityService: Network NetworkAgentInfo [WIFI () - 510] was already satisfying request 1. No change.
03-24 15:44:33.691  3670  4029 D ConnectivityService:   checking if request is: NetworkRequest [ id=3, legacyType=-1, [] ] satisfies: true nri.isRequest: false
03-24 15:44:33.691  3670  4029 D ConnectivityService:   checking if request is: NetworkRequest [ id=4, legacyType=-1, [ Transports: CELLULAR Capabilities: INTERNET&NOT_RESTRICTED&TRUSTED&NOT_VPN] ] satisfies: false nri.isRequest: false
03-24 15:44:33.691  3670  4029 D ConnectivityService:   checking if request is: NetworkRequest [ id=401, legacyType=-1, [ Capabilities: INTERNET&NOT_RESTRICTED&TRUSTED] ] satisfies: true nri.isRequest: false
03-24 15:44:33.691  3670  4029 D ConnectivityService:   checking if request is: NetworkRequest [ id=400, legacyType=-1, [ Capabilities: INTERNET&NOT_RESTRICTED&TRUSTED] ] satisfies: true nri.isRequest: false
03-24 15:44:33.691  3670  4029 D ConnectivityService:   checking if request is: NetworkRequest [ id=402, legacyType=-1, [ Capabilities: INTERNET&NOT_RESTRICTED&TRUSTED] ] satisfies: true nri.isRequest: false
03-24 15:44:33.691  3670  4029 D ConnectivityService: sending notification AVAILABLE for NetworkRequest [ id=402, legacyType=-1, [ Capabilities: INTERNET&NOT_RESTRICTED&TRUSTED] ]
03-24 15:44:33.821  3670  6805 D SSRM:n  : SIOP:: AP = 480, PST = 428 (W:10), CP = 324, CUR = -199, LCD = 93
03-24 15:44:33.831  3670  6805 D ConnectivityService: returning getNetworkInfo for network type 1 : [type: WIFI[] - WIFI, state: CONNECTED/CONNECTED, reason: (unspecified), extra: "DataStructures", roaming: false, failover: false, isAvailable: true]
03-24 15:44:33.851  1067  1549 I System.out: (HTTPLog)-Static: isSBSettingEnabled false
03-24 15:44:33.851  1067  1549 I System.out: (HTTPLog)-Static: isSBSettingEnabled false
03-24 15:44:33.851  3037  3741 D EnterpriseController: netId is 0
03-24 15:44:33.851  3037  3741 D Netd    : getNetworkForDns: using netid 510 for uid 10098
03-24 15:44:34.611  1067  1067 I ReferralClient: ReferralClient-setReferral-trackerToken: xee45e referralCode: new_34731bad-f289-402b-b6a2-28faa62dab12 campaign: Unknown AdId: 349258dc3d620cd50b897861a1ad04f6 AdGroup: null Creative: null Network: Organic
03-24 15:44:34.621  1067  1067 I cr_XU   : FeatureSingle: MMXReferralClientCallback {referralClientCallbackTimeMills=7103, referralClientInitTimeMills=80}
03-24 15:44:34.621  1067  1561 I Reporting: onReferralEvent
03-24 15:44:34.621  1067  1099 I System.out: (HTTPLog)-Static: isSBSettingEnabled false
03-24 15:44:34.621  1067  1099 I System.out: (HTTPLog)-Static: isSBSettingEnabled false
03-24 15:44:35.541  1424  1443 I chromium: [INFO:child_process_service.cc(73)] ChildProcessService: Exiting child process.
03-24 15:44:35.561  1067  1223 W cr_ChildProcessConn: onServiceDisconnected (crash or killed by oom): pid=1424
03-24 15:44:35.561  1067  1067 W chromium: [WARNING:compositor_view.cc(263)] Child process died (type=6) pid=1424)
03-24 15:44:35.561  3670  3698 I ActivityManager: Process com.microsoft.emmx:sandboxed_process2 (pid 1424)(adj 1) has died(81,1013)
03-24 15:44:35.561  3670  3698 D ActivityManager: cleanUpApplicationRecord -- 1424
03-24 15:44:35.561  3670  3698 D ActivityManager: isAutoRunBlockedApp:: com.microsoft.emmx, Auto Run ON
03-24 15:44:35.561  3670  3698 W ActivityManager: Scheduling restart of crashed service com.microsoft.emmx/org.chromium.content.app.EdgeSandboxedProcessService2 in 1000ms
03-24 15:44:35.941  3670  3930 D PackageManager: [MSG] WRITE_PACKAGE_RESTRICTIONS
03-24 15:44:35.951  3670  3930 W System.err: remove failed: ENOENT (No such file or directory) : /data/system/users/0/package-restrictions.xml.bak
03-24 15:44:39.191  3670  3796 W ActivityManager: Activity stop timeout for ActivityRecord{fcdcea1 u0 com.example.myapplication/.MainActivity t170}
03-24 15:44:40.541 25181 25197 D ContactsProvider_EventLog: contents_sample_state: [ contacts(0) data(0) accounts({}) accounts deleted({}) calls([])  ]
03-24 15:44:40.541 25181 25197 D ContactsProvider_EventLog: contents_sample_state: [ agr({})  ]
03-24 15:44:40.581 25181 25197 E ContactsProvider_EventLog: Flush buffer to file cnt : 3 size : 1Kb duration : 37ms lastUpdatedAfter : 60104 ms mFlush_time_threasold : 2000 mCurrentSize : 513
03-24 15:44:41.431  3670  3796 I ActivityManager: Waited long enough for: ServiceRecord{b332afd u0 com.yandex.browser/com.yandex.metrica.ConfigurationService}
03-24 15:44:43.661  3670  4016 D BatteryService: !@BatteryListener : batteryPropertiesChanged!
03-24 15:44:43.661  3670  4016 D BatteryService: level:94, scale:100, status:2, health:2, present:true, voltage: 4259, temperature: 327, technology: Li-ion, AC powered:false, USB powered:true, POGO powered:false, Wireless powered:false, icon:17303414, invalid charger:0, maxChargingCurrent:0
03-24 15:44:43.661  3670  4016 D BatteryService: online:4, current avg:-13, charge type:1, power sharing:false, high voltage charger:false, capacity:280000, batterySWSelfDischarging:false, current_now:38
03-24 15:44:43.661  3670  3670 D BatteryService: Sending ACTION_BATTERY_CHANGED.
03-24 15:44:43.661  3670  3670 I MotionRecognitionService: Plugged
03-24 15:44:43.661  3670  3670 E MotionRecognitionService: support TA ~
03-24 15:44:43.661  3670  3670 I MotionRecognitionService: isTAConnected | current backoffstate  = 33792
03-24 15:44:43.661  3670  3670 D MotionRecognitionService:  TA connected ,  33792
03-24 15:44:43.661  3670  3670 I MotionRecognitionService: skip setTransmitPower. 
03-24 15:44:43.661  3670  3670 D MotionRecognitionService:   cableConnection= 1
03-24 15:44:43.661  3670  3670 D MotionRecognitionService: setPowerConnected | current backoffstate  = 33792 , state =33792
03-24 15:44:43.661  3670  3670 D MotionRecognitionService: skip setTransmitPower. 
03-24 15:44:43.671  4103  4103 D KeyguardUpdateMonitor: received broadcast android.intent.action.BATTERY_CHANGED
03-24 15:44:43.671  4103  4103 D KeyguardUpdateMonitor: handleBatteryUpdate
03-24 15:44:43.671  4103  4103 D PowerUI : priorPlugType = 2 mPlugType =  2
03-24 15:44:43.671  4103  4103 D PowerUI.Notification: showChargingNotice oldChargingType : 1 currentChargingType : 1 oldChargingTime : 962000 mChargingTime : 983000
03-24 15:44:43.671  4103  4103 D PowerUI.Notification: showChargingNotification()
03-24 15:44:43.681  3670  4454 D ApplicationPolicy: isStatusBarNotificationAllowedAsUser: packageName = com.android.systemui,userId = -1
03-24 15:44:43.681  3670  4454 I PersonaManager: mKnoxInfo is empty
03-24 15:44:43.681  4103  4103 D BatteryMeterView: ACTION_BATTERY_CHANGED : level:94 status:2 health:2
03-24 15:44:43.681  4103  4103 D BatteryMeterView: ACTION_BATTERY_CHANGED : level:94 status:2 health:2
03-24 15:44:43.691  3670  3670 D MARsPolicyManager: NotificationListenerService OngoingNotificationPosted : com.android.systemui
03-24 15:44:43.701  4103  4103 W ResourcesManager: getTopLevelResources: /system/priv-app/SystemUI/SystemUI.apk / 1.0 running in com.android.systemui rsrc of package com.android.systemui
03-24 15:44:43.711  4103  4103 D PhoneStatusBar: setAreThereNotifications: N=2 any=true clearable=false
03-24 15:44:43.851  3670  6805 D SSRM:n  : SIOP:: AP = 440, PST = 435 (W:18), CP = 326, CUR = -13, LCD = 93
03-24 15:44:47.251  3670  4283 E Watchdog: !@Sync 2449 [03-24 15:44:47.261]
03-24 15:44:53.701  3670  4524 D BatteryService: !@BatteryListener : batteryPropertiesChanged!
03-24 15:44:53.701  3670  4524 D BatteryService: level:94, scale:100, status:2, health:2, present:true, voltage: 4282, temperature: 327, technology: Li-ion, AC powered:false, USB powered:true, POGO powered:false, Wireless powered:false, icon:17303414, invalid charger:0, maxChargingCurrent:0
03-24 15:44:53.701  3670  4524 D BatteryService: online:4, current avg:75, charge type:1, power sharing:false, high voltage charger:false, capacity:280000, batterySWSelfDischarging:false, current_now:252
03-24 15:44:53.701  3670  3670 D BatteryService: Sending ACTION_BATTERY_CHANGED.
03-24 15:44:53.701  3670  3670 I MotionRecognitionService: Plugged
03-24 15:44:53.701  3670  3670 E MotionRecognitionService: support TA ~
03-24 15:44:53.701  3670  3670 I MotionRecognitionService: isTAConnected | current backoffstate  = 33792
03-24 15:44:53.701  3670  3670 D MotionRecognitionService:  TA connected ,  33792
03-24 15:44:53.701  3670  3670 I MotionRecognitionService: skip setTransmitPower. 
03-24 15:44:53.701  3670  3670 D MotionRecognitionService:   cableConnection= 1
03-24 15:44:53.701  3670  3670 D MotionRecognitionService: setPowerConnected | current backoffstate  = 33792 , state =33792
03-24 15:44:53.701  3670  3670 D MotionRecognitionService: skip setTransmitPower. 
03-24 15:44:53.701  4103  4103 D KeyguardUpdateMonitor: received broadcast android.intent.action.BATTERY_CHANGED
03-24 15:44:53.701  4103  4103 D KeyguardUpdateMonitor: handleBatteryUpdate
03-24 15:44:53.711  4103  4103 D PowerUI : priorPlugType = 2 mPlugType =  2
03-24 15:44:53.711  4103  4103 D PowerUI.Notification: showChargingNotice oldChargingType : 1 currentChargingType : 1 oldChargingTime : 983000 mChargingTime : 962000
03-24 15:44:53.711  4103  4103 D PowerUI.Notification: showChargingNotification()
03-24 15:44:53.721  3670  4407 D ApplicationPolicy: isStatusBarNotificationAllowedAsUser: packageName = com.android.systemui,userId = -1
03-24 15:44:53.721  3670  4407 I PersonaManager: mKnoxInfo is empty
03-24 15:44:53.721  4103  4103 D BatteryMeterView: ACTION_BATTERY_CHANGED : level:94 status:2 health:2
03-24 15:44:53.721  4103  4103 D BatteryMeterView: ACTION_BATTERY_CHANGED : level:94 status:2 health:2
03-24 15:44:53.721  3670  3670 D MARsPolicyManager: NotificationListenerService OngoingNotificationPosted : com.android.systemui
03-24 15:44:53.751  4103  4103 W ResourcesManager: getTopLevelResources: /system/priv-app/SystemUI/SystemUI.apk / 1.0 running in com.android.systemui rsrc of package com.android.systemui
03-24 15:44:53.751  4103  4103 D PhoneStatusBar: setAreThereNotifications: N=2 any=true clearable=false
03-24 15:44:53.861  3670  6805 D SSRM:n  : SIOP:: AP = 420, PST = 436 (W:22), CP = 326, CUR = 75, LCD = 93
03-24 15:44:55.131 25534 25534 E TRACKERS: File error! Can't Open File 
03-24 15:44:57.451  1816  1816 I FIPS_bssl: FIPS approved mode (1) | 1816 | app_process
03-24 15:44:57.461  1816  1816 D AndroidRuntime: >>>>>> START com.android.internal.os.RuntimeInit uid 2000 <<<<<<
03-24 15:44:57.461  1816  1816 D AndroidRuntime: CheckJNI is OFF
03-24 15:44:57.461  1816  1816 D AndroidRuntime: readGMSProperty: start
03-24 15:44:57.461  1816  1816 D AndroidRuntime: readGMSProperty: already setted!!
03-24 15:44:57.461  1816  1816 D AndroidRuntime: propertySet: couldn't set property (it is from app)
03-24 15:44:57.461  1816  1816 D AndroidRuntime: readGMSProperty: could not set the property(default)!!
03-24 15:44:57.461  1816  1816 D AndroidRuntime: readGMSProperty: end
03-24 15:44:57.461  1816  1816 D AndroidRuntime: addProductProperty: start
03-24 15:44:57.481  1816  1816 D ICU     : No timezone override file found: /data/misc/zoneinfo/current/icu/icu_tzdata.dat
03-24 15:44:57.511  1816  1816 I Radio-JNI: register_android_hardware_Radio DONE
03-24 15:44:57.511  1816  1816 E AffinityControl: AffinityControl: registerfunction enter
03-24 15:44:57.531  1816  1816 D AndroidRuntime: Calling main entry com.android.commands.am.Am
03-24 15:44:57.531  3670  4946 I ActivityManager: Force stopping com.microsoft.emmx appid=10098 user=0: from pid 1816
03-24 15:44:57.531  3670  4946 I PersonaManager: mKnoxInfo is empty
03-24 15:44:57.531  3670  4946 I PersonaManager: mKnoxInfo is empty
03-24 15:44:57.531  3670  4946 I ActivityManager: Killing 1067:com.microsoft.emmx/u0a98 (adj 0): stop com.microsoft.emmx cause from pid 1816
03-24 15:44:57.531  3670  4946 D ActivityManager: cleanUpApplicationRecord -- 1067
03-24 15:44:57.531  1224  1224 I cr_ChildProcessService: Destroying ChildProcessService pid=1224
03-24 15:44:57.531  1272  1272 I cr_ChildProcessService: Destroying ChildProcessService pid=1272
03-24 15:44:57.541  3670  4946 D ActivityManager: isAutoRunBlockedApp:: com.microsoft.emmx, Auto Run ON
03-24 15:44:57.541  1320  1320 I cr_ChildProcessService: Destroying ChildProcessService pid=1320
03-24 15:44:57.541  3670  4946 W ActivityManager: Force removing ActivityRecord{a6c90c6 u0 com.microsoft.emmx/org.chromium.chrome.browser.ChromeTabbedActivity t218}: app died, no saved state
03-24 15:44:57.541  3670  4946 D InputDispatcher: Focused application set to: xxxx
03-24 15:44:57.541  3670  4946 D InputDispatcher: Focus left window: 1067
03-24 15:44:57.541  3670  3884 D PointerIcon: setMouseIconStyle1 pointerType: 1001 iconType:101 flag:0 pid:3670 uid:1000
03-24 15:44:57.541  3670  3884 D PointerIcon: setMouseCustomIcon IconType is same.101
03-24 15:44:57.541  3670  4946 D CustomFrequencyManagerService: acquireDVFSLockLocked : type : DVFS_MIN_LIMIT  frequency : 1800000  uid : 1000  pid : 3670  pkgName : ACTIVITY_RESUME_BOOSTER@3
03-24 15:44:57.541  3025  3210 D libEGL  : eglTerminate EGLDisplay = 0x7f76d80e78
03-24 15:44:57.541  3025  3210 D libEGL  : eglTerminate EGLDisplay = 0x7f76d80e78
03-24 15:44:57.541  3670  4946 D ActivityManager: mDVFSHelper.acquire()
03-24 15:44:57.541  3670  4946 I ActivityManager: Killing 1320:com.microsoft.emmx:sandboxed_process1/u0a98i275 (adj 0): isolated not needed
03-24 15:44:57.541  3025  4174 D libEGL  : eglTerminate EGLDisplay = 0x7f72ebee78
03-24 15:44:57.551  3670  4946 I ActivityManager: Killing 1224:com.microsoft.emmx:sandboxed_process0/u0a98i274 (adj 0): isolated not needed
03-24 15:44:57.551  3670  4946 V WindowOrientationListener: setCurrentAppOrientation :-1
03-24 15:44:57.551  3670  4946 V WindowOrientationListener: OrientationSensorJudge.getProposedRotation, Rotation: -1
03-24 15:44:57.551  3670  4946 V WindowManager: rotationForOrientationLw(orient=-1, last=0); user=0  sensorRotation=-1 mLidState=-1 mDockMode=0 mHdmiPlugged=false mMobileKeyboardEnabled=false displayId=0
03-24 15:44:57.551  3670  4946 V WindowOrientationListener: OrientationSensorJudge.getProposedRotation, Rotation: -1
03-24 15:44:57.551  3670  3670 D GameManagerService: NotifyRunnable. pkg: com.example.myapplication, type: 4, isMinimized: false, isTunableApp: false
03-24 15:44:57.551  3670  3796 V MARsPolicyManager: updatePackagesScore PackageInfo name -- com.example.myapplication
03-24 15:44:57.551  3670  4946 D InputDispatcher: Focus entered window: 25534
03-24 15:44:57.551  3670  4946 I ActivityManager: Killing 1272:com.microsoft.emmx:privileged_process0/u0a98 (adj 0): stop com.microsoft.emmx cause from pid 1816
03-24 15:44:57.551  3670  4946 D ActivityManager: cleanUpApplicationRecord -- 1272
03-24 15:44:57.551  3670  4946 D ActivityManager: isAutoRunBlockedApp:: com.microsoft.emmx, Auto Run ON
03-24 15:44:57.561  1816  1816 D AndroidRuntime: Shutting down VM
03-24 15:44:57.561  3670  4947 D ActivityManager: cleanUpApplicationRecord -- 1224
03-24 15:44:57.561  3670  4947 D ActivityManager: isAutoRunBlockedApp:: com.microsoft.emmx, Auto Run ON
03-24 15:44:57.571  3670  3884 D PointerIcon: setMouseIconStyle1 pointerType: 1001 iconType:101 flag:0 pid:3670 uid:1000
03-24 15:44:57.571  3670  3884 D PointerIcon: setMouseCustomIcon IconType is same.101
03-24 15:44:57.571  3670  3798 D StatusBarManagerService: manageDisableList userId=0 what=0x0 pkg=Window{5c3ea26 u0 d0 com.microsoft.emmx/org.chromium.chrome.browser.ChromeTabbedActivity}
03-24 15:44:57.571  4103  4103 D PhoneStatusBar: setSystemUiVisibility vis=8600 mask=ffffffff oldVal=8000 newVal=8600 diff=600
03-24 15:44:57.571  3670  4452 D ActivityManager: cleanUpApplicationRecord -- 1320
03-24 15:44:57.571  3670  4452 D ActivityManager: isAutoRunBlockedApp:: com.microsoft.emmx, Auto Run ON
03-24 15:44:57.581  3670  3670 V AlarmManager: Remove alarm for next reason : android.intent.action.PACKAGE_RESTARTED : package: com.microsoft.emmx
03-24 15:44:57.591  3670  3796 V BroadcastQueue: [background] Process cur broadcast BroadcastRecord{4740071 u0 android.intent.action.PACKAGE_RESTARTED qIdx=4}, state= (APP_RECEIVE) DELIVERED for app ProcessRecord{a8b6d0a 3670:system/1000}
03-24 15:44:57.591  3670  3798 D StatusBarManagerService: manageDisableList userId=0 what=0x0 pkg=Window{5ca5f76 u0 d0 com.example.myapplication/com.example.myapplication.MainActivity}
03-24 15:44:57.591  3670  4019 D NetworkPolicy: isUidForegroundLocked: 10185, mScreenOn: true, uidstate: 2, mProxSensorScreenOff: false
03-24 15:44:57.591  3670  4019 D NetworkPolicy: isUidForegroundLocked: 10098, mScreenOn: true, uidstate: 16, mProxSensorScreenOff: false
03-24 15:44:57.591  4383  4383 I PersonaManager: mKnoxInfo is empty
03-24 15:44:57.591  4383  4383 I PersonaManager: mKnoxInfo is empty
03-24 15:44:57.591  4383  4383 I PersonaManager: mKnoxInfo is empty
03-24 15:44:57.591  4383  4383 W ResourcesManager: getTopLevelResources: /data/app/com.google.android.gms-1/base.apk / 1.0 running in com.android.nfc rsrc of package com.google.android.gms
03-24 15:44:57.591  4383  4383 W ResourcesManager: getTopLevelResources: /data/app/com.google.android.gms-1/base.apk / 1.0 running in com.android.nfc rsrc of package com.google.android.gms
03-24 15:44:57.591  3670  3670 V BroadcastQueue: [background] Process cur broadcast BroadcastRecord{4740071 u0 android.intent.action.PACKAGE_RESTARTED qIdx=4}, state= (APP_RECEIVE) DELIVERED for app ProcessRecord{b18f6e4 25230:com.sec.android.app.soundalive/u0a62}
03-24 15:44:57.591 25230 25230 D SAControlPanelReceiver: *****onReceive()*****
03-24 15:44:57.591 25230 25230 D SAControlPanelReceiver: Action: android.intent.action.PACKAGE_RESTARTED
03-24 15:44:57.591  4383  4383 D ApduServiceInfo: seId: 0
03-24 15:44:57.591  4383  4383 I PersonaManager: mKnoxInfo is empty
03-24 15:44:57.601  3670  4407 V BroadcastQueue: [background] Process cur broadcast BroadcastRecord{4740071 u0 android.intent.action.PACKAGE_RESTARTED qIdx=4}, state= (APP_RECEIVE) DELIVERED for app ProcessRecord{81441b6 25088:com.sec.android.daemonapp/u0a145}
03-24 15:44:57.601 25088 25088 D [WeatherWidget(1236)]  ClearDataReceiver: {[2B4A2AC40B5A9FD87A06E8EADDAC90140D0735C4111B00ED5A4BFDD943296A603CF64C72E7F3E6D25FF9ACC8831CFEFA3E34FF6EAD00357EC7386503FB76F1C38DE7DC83CE464FCACDBF41BB39AB7B054A7DF2E7DC22A3D5464AE16F04652F0CC893404A7558568DB201C2D86D3385F2]}
03-24 15:44:57.621  3670  3994 W InputDispatcher: channel ~ Consumer closed input channel or an error occurred.  events=0x9
03-24 15:44:57.621  3670  3994 E InputDispatcher: channel ~ Channel is unrecoverably broken and will be disposed!
03-24 15:44:57.621  3670  4952 I WindowState: WIN DEATH: Window{92a5534 u0 d0 SurfaceView}
03-24 15:44:57.621  3670  4550 D ConnectivityService: ConnectivityService NetworkRequestInfo binderDied(NetworkRequest [ id=402, legacyType=-1, [ Capabilities: INTERNET&NOT_RESTRICTED&TRUSTED] ], android.os.BinderProxy@5ecce56)
03-24 15:44:57.621  3670  4029 D ConnectivityService: releasing NetworkRequest NetworkRequest [ id=402, legacyType=-1, [ Capabilities: INTERNET&NOT_RESTRICTED&TRUSTED] ]
03-24 15:44:57.621  3670  4143 D GraphicsStats: Buffer count: 6
03-24 15:44:57.621  3670  4946 D ConnectivityService: ConnectivityService NetworkRequestInfo binderDied(NetworkRequest [ id=401, legacyType=-1, [ Capabilities: INTERNET&NOT_RESTRICTED&TRUSTED] ], android.os.BinderProxy@9363ed7)
03-24 15:44:57.621  3670  4029 D ConnectivityService: sending notification RELEASED for NetworkRequest [ id=402, legacyType=-1, [ Capabilities: INTERNET&NOT_RESTRICTED&TRUSTED] ]
03-24 15:44:57.621  3670  4947 D ConnectivityService: ConnectivityService NetworkRequestInfo binderDied(NetworkRequest [ id=400, legacyType=-1, [ Capabilities: INTERNET&NOT_RESTRICTED&TRUSTED] ], android.os.BinderProxy@48873c4)
03-24 15:44:57.621  3025  4439 D libEGL  : eglTerminate EGLDisplay = 0x7f7139ef88
03-24 15:44:57.621  3025  4439 D libEGL  : eglTerminate EGLDisplay = 0x7f7139ef88
03-24 15:44:57.621  3025  4439 D libEGL  : eglTerminate EGLDisplay = 0x7f7139ef88
03-24 15:44:57.621  3025  4439 D libEGL  : eglTerminate EGLDisplay = 0x7f7139ef88
03-24 15:44:57.621  3025  3732 I SurfaceFlinger: id=862 Removed TurfaceView (6/11)
03-24 15:44:57.621  3670  4029 E ConnectivityService: RemoteException caught trying to send a callback msg for NetworkRequest [ id=402, legacyType=-1, [ Capabilities: INTERNET&NOT_RESTRICTED&TRUSTED] ]
03-24 15:44:57.621  3670  4029 D ConnectivityService: releasing NetworkRequest NetworkRequest [ id=401, legacyType=-1, [ Capabilities: INTERNET&NOT_RESTRICTED&TRUSTED] ]
03-24 15:44:57.631  3670  4029 D ConnectivityService: sending notification RELEASED for NetworkRequest [ id=401, legacyType=-1, [ Capabilities: INTERNET&NOT_RESTRICTED&TRUSTED] ]
03-24 15:44:57.631  3670  4029 E ConnectivityService: RemoteException caught trying to send a callback msg for NetworkRequest [ id=401, legacyType=-1, [ Capabilities: INTERNET&NOT_RESTRICTED&TRUSTED] ]
03-24 15:44:57.631  3670  4029 D ConnectivityService: releasing NetworkRequest NetworkRequest [ id=400, legacyType=-1, [ Capabilities: INTERNET&NOT_RESTRICTED&TRUSTED] ]
03-24 15:44:57.631  3670  4029 D ConnectivityService: sending notification RELEASED for NetworkRequest [ id=400, legacyType=-1, [ Capabilities: INTERNET&NOT_RESTRICTED&TRUSTED] ]
03-24 15:44:57.631  3670  4029 E ConnectivityService: RemoteException caught trying to send a callback msg for NetworkRequest [ id=400, legacyType=-1, [ Capabilities: INTERNET&NOT_RESTRICTED&TRUSTED] ]
03-24 15:44:57.641  3025  3025 D libEGL  : eglTerminate EGLDisplay = 0x7ff3f31e58
03-24 15:44:57.661  3670  4524 I WindowState: WIN DEATH: Window{2e69b96 u0 d0 com.microsoft.emmx/org.chromium.chrome.browser.ChromeTabbedActivity}
03-24 15:44:57.661  3670  4452 I WindowState: WIN DEATH: Window{5c3ea26 u0 d0 com.microsoft.emmx/org.chromium.chrome.browser.ChromeTabbedActivity}
03-24 15:44:57.661  3670  4452 W InputDispatcher: Attempted to unregister already unregistered input channel
03-24 15:44:57.661  3670  4452 W WindowManager: Force-removing child win Window{bf128d6 u0 d0 SurfaceView} from container Window{5c3ea26 u0 d0 com.microsoft.emmx/org.chromium.chrome.browser.ChromeTabbedActivity}
03-24 15:44:57.661  3025  3210 I SurfaceFlinger: id=860 Removed TurfaceView (4/10)
03-24 15:44:57.661  3025  4174 I SurfaceFlinger: id=860 Removed TurfaceView (-2/10)
03-24 15:44:57.671  3025  3210 I SurfaceFlinger: id=859 Removed DhromeTabbe (5/9)
03-24 15:44:57.671  3025  4174 I SurfaceFlinger: id=859 Removed DhromeTabbe (-2/9)
03-24 15:44:57.671  3670  3931 W WindowManager: Failed looking up window
03-24 15:44:57.671  3670  3931 W WindowManager: java.lang.IllegalArgumentException: Requested window android.os.BinderProxy@9bf34f1 does not exist
03-24 15:44:57.671  3670  3931 W WindowManager: 	at com.android.server.wm.WindowManagerService.windowForClientLocked(WindowManagerService.java:14828)
03-24 15:44:57.671  3670  3931 W WindowManager: 	at com.android.server.wm.WindowManagerService.windowForClientLocked(WindowManagerService.java:14819)
03-24 15:44:57.671  3670  3931 W WindowManager: 	at com.android.server.wm.WindowState$DeathRecipient.binderDied(WindowState.java:1764)
03-24 15:44:57.671  3670  3931 W WindowManager: 	at android.os.BinderProxy.sendDeathNotice(Binder.java:558)
03-24 15:44:57.671  3670  3931 I WindowState: WIN DEATH: null
03-24 15:44:57.681  3025  3025 D libEGL  : eglTerminate EGLDisplay = 0x7ff3f31e58
03-24 15:44:57.681  3025  3025 D libEGL  : eglTerminate EGLDisplay = 0x7ff3f31e58
03-24 15:44:57.721  3670  3884 W WindowAnimator: Failed to dispatch window animation state change.
03-24 15:44:57.721  3670  3884 W WindowAnimator: android.os.DeadObjectException
03-24 15:44:57.721  3670  3884 W WindowAnimator: 	at android.os.BinderProxy.transactNative(Native Method)
03-24 15:44:57.721  3670  3884 W WindowAnimator: 	at android.os.BinderProxy.transact(Binder.java:503)
03-24 15:44:57.721  3670  3884 W WindowAnimator: 	at android.view.IWindow$Stub$Proxy.onAnimationStopped(IWindow.java:607)
03-24 15:44:57.721  3670  3884 W WindowAnimator: 	at com.android.server.wm.WindowAnimator.updateWindowsLocked(WindowAnimator.java:535)
03-24 15:44:57.721  3670  3884 W WindowAnimator: 	at com.android.server.wm.WindowAnimator.animateLocked(WindowAnimator.java:1203)
03-24 15:44:57.721  3670  3884 W WindowAnimator: 	at com.android.server.wm.WindowAnimator.access$000(WindowAnimator.java:95)
03-24 15:44:57.721  3670  3884 W WindowAnimator: 	at com.android.server.wm.WindowAnimator$1.doFrame(WindowAnimator.java:182)
03-24 15:44:57.721  3670  3884 W WindowAnimator: 	at android.view.Choreographer$CallbackRecord.run(Choreographer.java:918)
03-24 15:44:57.721  3670  3884 W WindowAnimator: 	at android.view.Choreographer.doCallbacks(Choreographer.java:695)
03-24 15:44:57.721  3670  3884 W WindowAnimator: 	at android.view.Choreographer.doFrame(Choreographer.java:628)
03-24 15:44:57.721  3670  3884 W WindowAnimator: 	at android.view.Choreographer$FrameDisplayEventReceiver.run(Choreographer.java:906)
03-24 15:44:57.721  3670  3884 W WindowAnimator: 	at android.os.Handler.handleCallback(Handler.java:739)
03-24 15:44:57.721  3670  3884 W WindowAnimator: 	at android.os.Handler.dispatchMessage(Handler.java:95)
03-24 15:44:57.721  3670  3884 W WindowAnimator: 	at android.os.Looper.loop(Looper.java:158)
03-24 15:44:57.721  3670  3884 W WindowAnimator: 	at android.os.HandlerThread.run(HandlerThread.java:61)
03-24 15:44:57.721  3670  3884 W WindowAnimator: 	at com.android.server.ServiceThread.run(ServiceThread.java:46)
03-24 15:44:57.721  3025  3732 I SurfaceFlinger: id=861 Removed DhromeTabbe (3/8)
03-24 15:44:57.721  3025  3212 I SurfaceFlinger: id=861 Removed DhromeTabbe (-2/8)
03-24 15:44:57.721  3025  4439 I SurfaceFlinger: id=861 Removed DhromeTabbe (-2/8)
03-24 15:44:57.741  3025  3025 D libEGL  : eglTerminate EGLDisplay = 0x7ff3f31e58
03-24 15:44:58.191  1836  1836 I FIPS_bssl: FIPS approved mode (1) | 1836 | app_process
03-24 15:44:58.201  1836  1836 D AndroidRuntime: >>>>>> START com.android.internal.os.RuntimeInit uid 2000 <<<<<<
03-24 15:44:58.201  1836  1836 D AndroidRuntime: CheckJNI is OFF
03-24 15:44:58.201  1836  1836 D AndroidRuntime: readGMSProperty: start
03-24 15:44:58.201  1836  1836 D AndroidRuntime: readGMSProperty: already setted!!
03-24 15:44:58.201  1836  1836 D AndroidRuntime: propertySet: couldn't set property (it is from app)
03-24 15:44:58.201  1836  1836 D AndroidRuntime: readGMSProperty: could not set the property(default)!!
03-24 15:44:58.201  1836  1836 D AndroidRuntime: readGMSProperty: end
03-24 15:44:58.201  1836  1836 D AndroidRuntime: addProductProperty: start
03-24 15:44:58.221  1836  1836 D ICU     : No timezone override file found: /data/misc/zoneinfo/current/icu/icu_tzdata.dat
03-24 15:44:58.251  1836  1836 I Radio-JNI: register_android_hardware_Radio DONE
03-24 15:44:58.251  1836  1836 E AffinityControl: AffinityControl: registerfunction enter
03-24 15:44:58.271  1836  1836 D AndroidRuntime: Calling main entry com.android.commands.monkey.Monkey
03-24 15:44:58.281  3670  3796 W BroadcastQueue: Skipping deliver [background] BroadcastRecord{735f173 u-1 android.net.conn.CONNECTIVITY_CHANGE qIdx=4}, state= (IDLE) to ReceiverList{37b0830 1836 (unknown name)/2000/u-1 remote:ef732ad}: process crashing
03-24 15:44:58.291  1836  1836 I Timeline: Timeline: Activity_launch_request id:org.mozilla.firefox time:73509227
03-24 15:44:58.291  3670  3698 I PersonaManager: mKnoxInfo is empty
03-24 15:44:58.301  3670  3698 D GameManagerService: identifyGamePackage. org.mozilla.firefox
03-24 15:44:58.301  3670  3698 D MultiWindowPolicy: Gamemode - return 0,  when calling  identifyForegroundApp(org.mozilla.firefox)
03-24 15:44:58.301  3670  3698 D CustomFrequencyManagerService: releaseDVFSLockLocked : Getting Lock type frm List : DVFS_MIN_LIMIT  frequency : 1800000  uid : 1000  pid : 3670  tag : ACTIVITY_RESUME_BOOSTER@3
03-24 15:44:58.301  3670  3698 D CustomFrequencyManagerService: acquireDVFSLockLocked : type : DVFS_MIN_LIMIT  frequency : 1800000  uid : 1000  pid : 3670  pkgName : ACTIVITY_RESUME_BOOSTER@3
03-24 15:44:58.301  3670  3698 D ActivityManager: mDVFSHelper.acquire()
03-24 15:44:58.301  3670  3698 V WindowManager: addAppToken: AppWindowToken{67431cf token=Token{29f522e ActivityRecord{d014ca9 u0 org.mozilla.firefox/.App t219}}} to stack=1 task=219 at 0
03-24 15:44:58.311  3670  3698 D InputDispatcher: Focused application set to: xxxx
03-24 15:44:58.311  3670  3698 D InputDispatcher: Focus left window: 25534
03-24 15:44:58.311  3670  4016 D SettingsProvider: isChangeAllowed() : name = user_rotation
03-24 15:44:58.311  3670  4016 D SettingsProvider: isChangeAllowed() : name = accelerometer_rotation
03-24 15:44:58.311  3670  3884 D PointerIcon: setMouseIconStyle1 pointerType: 1001 iconType:101 flag:0 pid:3670 uid:1000
03-24 15:44:58.311  3670  3884 D PointerIcon: setMouseCustomIcon IconType is same.101
03-24 15:44:58.311  3670  4016 V WindowOrientationListener: OrientationSensorJudge.getProposedRotation, Rotation: -1
03-24 15:44:58.311  3670  4016 V WindowManager: rotationForOrientationLw(orient=-1, last=0); user=0  sensorRotation=-1 mLidState=-1 mDockMode=0 mHdmiPlugged=false mMobileKeyboardEnabled=false displayId=0
03-24 15:44:58.311  3670  4016 V WindowOrientationListener: OrientationSensorJudge.getProposedRotation, Rotation: -1
03-24 15:44:58.311  3670  3798 D SContextService: unregisterCallback() : Listener = android.hardware.scontext.SContextService$Listener@f25ff36, Service = Auto Rotation, used = 0
03-24 15:44:58.311  3670  3798 W CAE     : unregisterCallback(ContextAwareService.java:206) - [unregi 01] Mutex is locked for AUTO_ROTATION
03-24 15:44:58.311  3670  3798 V CAE     : stop(ContextProvider.java:155)
03-24 15:44:58.321  3670  3798 V CAE     : clear(AutoRotationRunner.java:182)
03-24 15:44:58.321  3670  3798 V CAE     : disable(AutoRotationRunner.java:171)
03-24 15:44:58.321  3670  3798 I CAE     : sendCmdToSensorHub(SensorHubCommManager.java:162) - -78, 7, 0, 0,
03-24 15:44:58.321  3670  3798 D SensorHubManager: SendSensorHubData: send data = -78, 7, 0, 0
03-24 15:44:58.321  3054  3054 D Sensorhubs: sendContextData: -78, 7, 0, 0
03-24 15:44:58.331  3670  4452 D SettingsProvider: isChangeAllowed() : name = accelerometer_rotation
03-24 15:44:58.331  3670  3798 D CAE     : getFaultDetectionResult(AutoRotationRunner.java:195) - true
03-24 15:44:58.331  3670  3798 I CAE     : notifyCmdProcessResultObserver(ContextProvider.java:627) - CheckResult = 0, Cause = Success
03-24 15:44:58.341  3670  3798 D CAE     : doCommendProcess(ContextAwareService.java:433) - complete notify the operation result.
03-24 15:44:58.351  3670  3798 I CAE     : displayUsedCountForService(ContextAwareService.java:525) - totalCnt = 0, serviceCount = 0, subCollectionCount = 0
03-24 15:44:58.351  3670  3798 D CAE     : showListenerList(ContextAwareService.java:366) - ===== Context Aware Service List =====
03-24 15:44:58.351  3670  3798 I CAE     : showListenerList(ContextAwareService.java:375) - Listener : com.samsung.android.contextaware.manager.ContextAwareService$Listener@1e966aa, Service : ACTIVITY_TRACKER_CURRENT_INFO(1)
03-24 15:44:58.351  3670  3798 I CAE     : showListenerList(ContextAwareService.java:375) - Listener : com.samsung.android.contextaware.manager.ContextAwareService$Listener@1e966aa, Service : ACTIVITY_TRACKER(1)
03-24 15:44:58.351  3670  3798 I CAE     : showListenerList(ContextAwareService.java:375) - Listener : com.samsung.android.contextaware.manager.ContextAwareService$Listener@1bfe120, Service : AUTO_BRIGHTNESS(1)
03-24 15:44:58.351  3670  3798 W CAE     : unregisterCallback(ContextAwareService.java:241) - [unregi 02] Mutex is unlocked for AUTO_ROTATION
03-24 15:44:58.351  3670  3798 D SContextService: 	.unregisterCallback : 3, client=
03-24 15:44:58.351  3670  3798 D SContextService: ===== SContext Service List =====
03-24 15:44:58.351  3670  3798 D SContextService: Listener : android.hardware.scontext.SContextService$Listener@40acad9, Service : Auto Brightness
03-24 15:44:58.351  3670  3798 D SContextService: Listener : android.hardware.scontext.SContextService$Listener@90a289b, Service : Activity Tracker
03-24 15:44:58.351  3670  3798 D SContextManager:   .unregisterListener : listener = com.android.server.policy.WindowOrientationListener$OrientationSensorJudge@a57e543, service=Auto Rotation
03-24 15:44:58.351  3670  4452 V WindowManager: rotationForOrientationLw(orient=-1, last=0); user=0 USER_ROTATION_LOCKED sensorRotation=-1 mLidState=-1 mDockMode=0 mHdmiPlugged=false mMobileKeyboardEnabled=false displayId=0
03-24 15:44:58.351  3670  3798 V WindowManager: rotationForOrientationLw(orient=-1, last=0); user=0 USER_ROTATION_LOCKED sensorRotation=-1 mLidState=-1 mDockMode=0 mHdmiPlugged=false mMobileKeyboardEnabled=false displayId=0
03-24 15:44:58.351  3670  3798 V WindowManager: rotationForOrientationLw(orient=-1, last=0); user=0 USER_ROTATION_LOCKED sensorRotation=-1 mLidState=-1 mDockMode=0 mHdmiPlugged=false mMobileKeyboardEnabled=false displayId=0
03-24 15:44:58.351  1836  1836 I art     : System.exit called, status: 0
03-24 15:44:58.351  1836  1836 I AndroidRuntime: VM exiting with result code 0.
03-24 15:44:58.361  3670  3798 W CAE     : setCAProperty(ContextAwareService.java:578) - [setProperty 01] Mutex is locked for AUTO_ROTATION
03-24 15:44:58.361  3670  3798 I CAE     : setPropertyValue(AutoRotationRunner.java:119) - Device Type = 0.0
03-24 15:44:58.361  3670  3798 I CAE     : setCAProperty(ContextAwareService.java:583) - result : true
03-24 15:44:58.361  3670  3798 W CAE     : setCAProperty(ContextAwareService.java:584) - [setProperty 02] Mutex is unlocked for AUTO_ROTATION
03-24 15:44:58.361  3670  3798 W CAE     : registerCallback(ContextAwareService.java:144) - [regi 01] Mutex is locked for AUTO_ROTATION
03-24 15:44:58.361  3670  3798 V CAE     : start(ContextProvider.java:128)
03-24 15:44:58.361  3670  3798 V CAE     : clear(AutoRotationRunner.java:182)
03-24 15:44:58.361  3670  3798 V CAE     : enable(AutoRotationRunner.java:158)
03-24 15:44:58.361  3670  3798 I CAE     : sendCmdToSensorHub(SensorHubCommManager.java:162) - -79, 7, 0, 0,
03-24 15:44:58.361  3670  3798 D SensorHubManager: SendSensorHubData: send data = -79, 7, 0, 0
03-24 15:44:58.361  3054 17920 D Sensorhubs: sendContextData: -79, 7, 0, 0
03-24 15:44:58.371  3670  3798 D CAE     : getFaultDetectionResult(AutoRotationRunner.java:195) - true
03-24 15:44:58.371  3670  3798 I CAE     : notifyCmdProcessResultObserver(ContextProvider.java:627) - CheckResult = 0, Cause = Success
03-24 15:44:58.381  3670  3798 D CAE     : doCommendProcess(ContextAwareService.java:433) - complete notify the operation result.
03-24 15:44:58.381  3670  3798 I CAE     : displayUsedCountForService(ContextAwareService.java:525) - totalCnt = 1, serviceCount = 1, subCollectionCount = 0
03-24 15:44:58.381  3670  3798 D CAE     : showListenerList(ContextAwareService.java:366) - ===== Context Aware Service List =====
03-24 15:44:58.381  3670  3798 I CAE     : showListenerList(ContextAwareService.java:375) - Listener : com.samsung.android.contextaware.manager.ContextAwareService$Listener@1e966aa, Service : ACTIVITY_TRACKER_CURRENT_INFO(1)
03-24 15:44:58.381  3670  3798 I CAE     : showListenerList(ContextAwareService.java:375) - Listener : com.samsung.android.contextaware.manager.ContextAwareService$Listener@1e966aa, Service : ACTIVITY_TRACKER(1)
03-24 15:44:58.381  3670  3798 I CAE     : showListenerList(ContextAwareService.java:375) - Listener : com.samsung.android.contextaware.manager.ContextAwareService$Listener@1bfe120, Service : AUTO_BRIGHTNESS(1)
03-24 15:44:58.381  3670  3798 I CAE     : showListenerList(ContextAwareService.java:375) - Listener : com.samsung.android.contextaware.manager.ContextAwareService$Listener@2790a65, Service : AUTO_ROTATION(1)
03-24 15:44:58.381  3670  3798 W CAE     : registerCallback(ContextAwareService.java:180) - [regi 02] Mutex is unlocked for AUTO_ROTATION
03-24 15:44:58.381  3670  3798 D SContextService: 	.registerCallback : 3, client=
03-24 15:44:58.381  3670  3798 D SContextService: ===== SContext Service List =====
03-24 15:44:58.381  3670  3798 D SContextService: Listener : android.hardware.scontext.SContextService$Listener@40acad9, Service : Auto Brightness
03-24 15:44:58.381  3670  3798 D SContextService: Listener : android.hardware.scontext.SContextService$Listener@90a289b, Service : Activity Tracker
03-24 15:44:58.381  3670  3798 D SContextService: Listener : android.hardware.scontext.SContextService$Listener@dd2633a, Service : Auto Rotation
03-24 15:44:58.381  3670  3798 D SContextManager:   .registerListener : listener = com.android.server.policy.WindowOrientationListener$OrientationSensorJudge@a57e543, service=Auto Rotation
03-24 15:44:58.381  3670  3798 V WindowOrientationListener: OrientationSensorJudge.getProposedRotation, Rotation: -1
03-24 15:44:58.381  3670  3798 V WindowManager: rotationForOrientationLw(orient=-1, last=0); user=0  sensorRotation=-1 mLidState=-1 mDockMode=0 mHdmiPlugged=false mMobileKeyboardEnabled=false displayId=0
03-24 15:44:58.381  3670  3798 V WindowOrientationListener: OrientationSensorJudge.getProposedRotation, Rotation: -1
03-24 15:44:58.391  3670  3798 V WindowOrientationListener: OrientationSensorJudge.getProposedRotation, Rotation: -1
03-24 15:44:58.391  3670  3798 V WindowManager: rotationForOrientationLw(orient=-1, last=0); user=0  sensorRotation=-1 mLidState=-1 mDockMode=0 mHdmiPlugged=false mMobileKeyboardEnabled=false displayId=0
03-24 15:44:58.391  3670  3798 V WindowOrientationListener: OrientationSensorJudge.getProposedRotation, Rotation: -1
03-24 15:44:58.451  3670  3682 I art     : Background partial concurrent mark sweep GC freed 95930(7MB) AllocSpace objects, 165(3MB) LOS objects, 26% free, 43MB/59MB, paused 1.526ms total 140.117ms
03-24 15:44:58.811  3670  3796 W ActivityManager: Activity pause timeout for ActivityRecord{fcdcea1 u0 com.example.myapplication/.MainActivity t170}
03-24 15:44:58.821  1865  1865 E Zygote  : v2
03-24 15:44:58.821  1865  1865 I libpersona: KNOX_SDCARD checking this for 10117
03-24 15:44:58.821  1865  1865 I libpersona: KNOX_SDCARD not a persona
03-24 15:44:58.821  1865  1865 W SELinux : Function: selinux_compare_spd_ram, index[1], priority [2], priority version is VE=SEPF_SECMOBILE_6.0.1_0003
03-24 15:44:58.821  3670  3796 I ActivityManager: Start proc 1865:org.mozilla.firefox/u0a117 for activity org.mozilla.firefox/.App
03-24 15:44:58.821  1865  1865 E Zygote  : accessInfo : 0
03-24 15:44:58.821  1865  1865 W SELinux : SELinux: seapp_context_lookup: seinfo=default, level=s0:c512,c768, pkgname=org.mozilla.firefox 
03-24 15:44:58.821  3670  4019 D NetworkPolicy: isUidForegroundLocked: 10117, mScreenOn: true, uidstate: -1, mProxSensorScreenOff: false
03-24 15:44:58.841  3670  3697 D ActivityManager:  Launching org.mozilla.firefox, updated priority
03-24 15:44:58.841  3670  3670 D GameManagerService: NotifyRunnable. pkg: org.mozilla.firefox, type: 4, isMinimized: false, isTunableApp: false
