03-24 14:43:29.831  7123  7123 W SELinux : SELinux: seapp_context_lookup: seinfo=default, level=s0:c512,c768, pkgname=com.yandex.browser:passport 
03-24 14:43:29.831  3670  3698 I ActivityManager: Start proc 7123:com.yandex.browser:passport/u0a175 for content provider com.yandex.browser/com.yandex.passport.internal.provider.InternalProvider
03-24 14:43:29.851  7123  7123 W ResourcesManager: getTopLevelResources: /data/app/com.yandex.browser-1/base.apk / 1.0 running in com.yandex.browser rsrc of package com.yandex.browser
03-24 14:43:29.851  3670  4421 I InjectionManagerService -AppFeature: getCoreFeaturePkgList :[]
03-24 14:43:29.851  7123  7123 I InjectionManager: Inside getClassLibPath + mLibMap{0=, 1=}
03-24 14:43:29.851  7123  7123 D ResourcesManager: For user 0 new overlays fetched Null
03-24 14:43:29.851  7123  7123 I InjectionManager: Inside getClassLibPath caller 
03-24 14:43:29.871  7123  7123 I MultiDex: Installing application
03-24 14:43:29.871  7123  7123 I MultiDex: VM with version 2.1.0 has multidex support
03-24 14:43:29.871  7123  7123 I MultiDex: VM has multidex support, MultiDex support library is disabled.
03-24 14:43:29.871  7123  7123 I cr_base_multidex: Completed multidex installation.
03-24 14:43:29.871  7023  7023 D Activity: performCreate Call Injection manager
03-24 14:43:29.881  7023  7023 I InjectionManager: dispatchOnViewCreated > Target : com.yandex.browser.YandexBrowserMainActivity isFragment :false
03-24 14:43:29.881  7023  7041 W System.err: remove failed: ENOENT (No such file or directory) : /data/user/0/com.yandex.browser/shared_prefs/dashboard_prefs.xml.bak
03-24 14:43:29.891  7023  7023 D SecWifiDisplayUtil: Metadata value : SecSettings2
03-24 14:43:29.891  7023  7023 D ViewRootImpl: #1 mView = com.android.internal.policy.PhoneWindow$DecorView{2d44394 I.E...... R.....ID 0,0-0,0}
03-24 14:43:29.901  7023  7140 D OpenGLRenderer: Use EGL_SWAP_BEHAVIOR_PRESERVED: true
03-24 14:43:29.901  3670  4952 D ISSUE_DEBUG: InputChannelName : 4eb8be9 com.yandex.browser/com.yandex.browser.YandexBrowserMainActivity
03-24 14:43:29.901  7023  7023 D ConnectivityManager: unregisterNetworkCallback; CallingUid : 10175, CallingPid : 7023
03-24 14:43:29.901  3670  4029 D ConnectivityService: releasing NetworkRequest NetworkRequest [ id=253, legacyType=-1, [ Capabilities: INTERNET&NOT_RESTRICTED&TRUSTED] ]
03-24 14:43:29.901  3670  4946 V AlarmManager:  remove PendingIntent] PendingIntent{c21c06e: PendingIntentRecord{ee0741f com.yandex.browser startService}}
03-24 14:43:29.911  3670  4143 I PersonaManager: mKnoxInfo is empty
03-24 14:43:29.911  3670  4029 D ConnectivityService: sending notification RELEASED for NetworkRequest [ id=253, legacyType=-1, [ Capabilities: INTERNET&NOT_RESTRICTED&TRUSTED] ]
03-24 14:43:29.911  3670  4016 D PackageManager: setEnabledSetting : userId = 0 packageName = com.yandex.browser cmp = ru.yandex.searchlib.notification.BarMarkerService newState = 2 callingPackage = 10175
03-24 14:43:29.911  7123  7142 I AppMetrica: [com.yandex.browser] : [] Initializing of Metrica, Release type, Version 3.4.0, API Level 72, Dated 05.11.2018.
03-24 14:43:29.921  3670  4524 D PackageManager: setEnabledSetting : userId = 0 packageName = com.yandex.browser cmp = ru.yandex.searchlib.notification.NotificationConnectivityBroadcastReceiver newState = 2 callingPackage = 10175
03-24 14:43:29.921  7149  7149 E Zygote  : v2
03-24 14:43:29.921  7149  7149 I libpersona: KNOX_SDCARD checking this for 10175
03-24 14:43:29.921  7149  7149 I libpersona: KNOX_SDCARD not a persona
03-24 14:43:29.921  7149  7149 W SELinux : Function: selinux_compare_spd_ram, index[1], priority [2], priority version is VE=SEPF_SECMOBILE_6.0.1_0003
03-24 14:43:29.921  7149  7149 E Zygote  : accessInfo : 0
03-24 14:43:29.921  7149  7149 W SELinux : SELinux: seapp_context_lookup: seinfo=default, level=s0:c512,c768, pkgname=com.yandex.browser:firstscreen 
03-24 14:43:29.921  3670  4550 I ActivityManager: Start proc 7149:com.yandex.browser:firstscreen/u0a175 for activity com.yandex.browser/.firstscreen.FirstScreenActivity
03-24 14:43:29.931  3025  3025 I SurfaceFlinger: id=519 createSurf (1x1),1 flag=4, ZandexBrows
03-24 14:43:29.951  3670  4946 I PersonaManager: mKnoxInfo is empty
03-24 14:43:29.961  3670  4552 D ActivityManager:  Launching com.yandex.browser, updated priority
03-24 14:43:29.961  7123  7123 D InjectionManager: InjectionManager
03-24 14:43:29.961  7123  7123 D InjectionManager: fillFeatureStoreMap com.yandex.browser
03-24 14:43:29.961  7123  7123 I InjectionManager: Constructor com.yandex.browser, Feature store :{}
03-24 14:43:29.961  7123  7123 I InjectionManager: featureStore :{}
03-24 14:43:29.961  7023  7140 D libEGL  : loaded /vendor/lib/egl/libGLES_mali.so
03-24 14:43:29.971  3670  3670 D GameManagerService: NotifyRunnable. pkg: com.yandex.browser, type: 4, isMinimized: false, isTunableApp: false
03-24 14:43:29.971  3670  3796 V MARsPolicyManager: updatePackagesScore PackageInfo name -- com.yandex.browser
03-24 14:43:29.981  7023  7140 D libEGL  : eglInitialize EGLDisplay = 0xdb7bf7c4
03-24 14:43:29.981  7023  7140 I OpenGLRenderer: Initialized EGL, version 1.4
03-24 14:43:29.981  7023  7140 D         : ro.exynos.dss isEnabled: 0
03-24 14:43:29.981  7149  7149 W ResourcesManager: getTopLevelResources: /data/app/com.yandex.browser-1/base.apk / 1.0 running in com.yandex.browser rsrc of package com.yandex.browser
03-24 14:43:29.981  3670  4016 I InjectionManagerService -AppFeature: getCoreFeaturePkgList :[]
03-24 14:43:29.981  7149  7149 I InjectionManager: Inside getClassLibPath + mLibMap{0=, 1=}
03-24 14:43:29.981  7023  7140 D mali_winsys: new_window_surface returns 0x3000,  [1440x2560]-format:1
03-24 14:43:29.981  7149  7149 D ResourcesManager: For user 0 new overlays fetched Null
03-24 14:43:29.981  7149  7149 I InjectionManager: Inside getClassLibPath caller 
03-24 14:43:29.991  7023  7189 I cr_ui   : Using UI locale en, system locale: en (Android name: en)
03-24 14:43:29.991  7023  7189 I cr_ui   : Missing asset file: yandex/locales#lang_en/en-US.pak
03-24 14:43:29.991  7023  7189 I cr_ui   : Found asset file: yandex/locales/en-US.pak
03-24 14:43:29.991  7023  7189 I cr_ui   : Using app bundle locale directory: yandex/locales
03-24 14:43:29.991  7023  7189 I cr_ui   : UI Language: en requires .pak files: [en-US]
03-24 14:43:29.991  3670  3697 V WindowStateAnimator: Finishing drawing window Window{fe0a988 u0 d0 SurfaceView}: mDrawState=NO_SURFACE
03-24 14:43:29.991  7023  7189 I cr_ui   : Using UI locale en, system locale: en (Android name: en)
03-24 14:43:29.991  7023  7189 I cr_ui   : Missing asset file: yandex/locales#lang_en/en-US.pak
03-24 14:43:29.991  7023  7189 I cr_ui   : Found asset file: yandex/locales/en-US.pak
03-24 14:43:29.991  7023  7189 I cr_ui   : Using app bundle locale directory: yandex/locales
03-24 14:43:29.991  7023  7189 I cr_ui   : UI Language: en requires .pak files: [en-US]
03-24 14:43:29.991  7023  7189 I cr_FileUtils: Writing to /data/user/0/com.yandex.browser/app_chromium/paks/en-US.pak@6bf357a0
03-24 14:43:30.001  7149  7149 I MultiDex: Installing application
03-24 14:43:30.001  7023  7140 D libGLESv1: DTS_GLAPI : DTS is not allowed for Package : com.yandex.browser
03-24 14:43:30.001  7149  7149 I MultiDex: VM with version 2.1.0 has multidex support
03-24 14:43:30.001  7149  7149 I MultiDex: VM has multidex support, MultiDex support library is disabled.
03-24 14:43:30.001  7149  7149 I cr_base_multidex: Completed multidex installation.
03-24 14:43:30.001  7023  7188 I cr_LibraryLoader:  Loading yandexbrowser from within /data/app/com.yandex.browser-1/base.apk
03-24 14:43:30.021  7123  7173 I art     : Rejecting re-init on previously-failed class java.lang.Class<gx$f>
03-24 14:43:30.021  7123  7173 I art     : Rejecting re-init on previously-failed class java.lang.Class<gx$f>
03-24 14:43:30.021  3670  4143 I PersonaManager: mKnoxInfo is empty
03-24 14:43:30.051  3670  3931 V WindowStateAnimator: Finishing drawing window Window{4eb8be9 u0 d0 com.yandex.browser/com.yandex.browser.YandexBrowserMainActivity}: mDrawState=DRAW_PENDING
03-24 14:43:30.051  7023  7023 D ViewRootImpl: MSG_RESIZED_REPORT: ci=Rect(0, 96 - 0, 0) vi=Rect(0, 96 - 0, 0) or=1
03-24 14:43:30.061  3025  3025 D libEGL  : eglInitialize EGLDisplay = 0x7ff3f31d28
03-24 14:43:30.061  3670  4143 V WindowStateAnimator: Finishing drawing window Window{4eb8be9 u0 d0 com.yandex.browser/com.yandex.browser.YandexBrowserMainActivity}: mDrawState=READY_TO_SHOW
03-24 14:43:30.071  7149  7203 I AppMetrica: [com.yandex.browser] : [d01c0d44-xxxx-xxxx-xxxx-xxxxxxxx00ad] Initializing of Metrica, Release type, Version 3.4.0, API Level 72, Dated 05.11.2018.
03-24 14:43:30.091  7149  7203 I art     : Rejecting re-init on previously-failed class java.lang.Class<com.yandex.metrica.impl.ob.lb>
03-24 14:43:30.091  7149  7203 I art     : Rejecting re-init on previously-failed class java.lang.Class<com.yandex.metrica.impl.ob.lb>
03-24 14:43:30.091  3670  3698 I PersonaManager: mKnoxInfo is empty
03-24 14:43:30.091  7149  7149 D InjectionManager: InjectionManager
03-24 14:43:30.091  7149  7149 D InjectionManager: fillFeatureStoreMap com.yandex.browser
03-24 14:43:30.091  3670  4143 I PersonaManager: mKnoxInfo is empty
03-24 14:43:30.091  7149  7149 I InjectionManager: Constructor com.yandex.browser, Feature store :{}
03-24 14:43:30.091  7149  7149 I InjectionManager: featureStore :{}
03-24 14:43:30.101  7023  7023 I Timeline: Timeline: Activity_idle id: android.os.BinderProxy@b13159b time:69821033
03-24 14:43:30.101  7149  7149 W ResourcesManager: getTopLevelResources: /data/app/com.yandex.browser-1/base.apk / 1.0 running in com.yandex.browser rsrc of package com.yandex.browser
03-24 14:43:30.101  7149  7149 W ResourcesManager: getTopLevelResources: /data/app/com.yandex.browser-1/base.apk / 1.0 running in com.yandex.browser rsrc of package com.yandex.browser
03-24 14:43:30.101  3670  4452 D PackageManager: setEnabledSetting : userId = 0 packageName = com.yandex.browser cmp = com.yandex.browser.publicwifi.WifiStateMonitorReceiver newState = 1 callingPackage = 10175
03-24 14:43:30.141  3670  4016 V WindowOrientationListener: setCurrentAppOrientation :1
03-24 14:43:30.141  3670  4016 V WindowOrientationListener: OrientationSensorJudge.getProposedRotation, Rotation: -1
03-24 14:43:30.141  3670  4016 V WindowManager: rotationForOrientationLw(orient=1, last=0); user=0  sensorRotation=-1 mLidState=-1 mDockMode=0 mHdmiPlugged=false mMobileKeyboardEnabled=false displayId=0
03-24 14:43:30.141  3670  4016 V WindowOrientationListener: OrientationSensorJudge.getProposedRotation, Rotation: -1
03-24 14:43:30.221  7023  7188 I cr_LibraryLoader: Time to load native libraries: 237 ms (timestamps 917-1154)
03-24 14:43:30.221  7023  7188 I chromium: [INFO:library_loader_hooks.cc(36)] Chromium logging enabled: level = 0, default verbosity = 0
03-24 14:43:30.221  7023  7188 I cr_LibraryLoader: Expected native library version number "18.11.1.979", actual native library version number "18.11.1.979"
03-24 14:43:30.231  7023  7023 I cr_BrowserStartup: Initializing chromium process, singleProcess=false
03-24 14:43:30.261  7149  7149 D Activity: performCreate Call Injection manager
03-24 14:43:30.261  7149  7149 I InjectionManager: dispatchOnViewCreated > Target : com.yandex.browser.firstscreen.FirstScreenActivity isFragment :false
03-24 14:43:30.271  7149  7149 D SecWifiDisplayUtil: Metadata value : SecSettings2
03-24 14:43:30.271  7149  7149 D ViewRootImpl: #1 mView = com.android.internal.policy.PhoneWindow$DecorView{4adea42 I.ED..... R.....I. 0,0-0,0}
03-24 14:43:30.271  7149  7223 D OpenGLRenderer: Use EGL_SWAP_BEHAVIOR_PRESERVED: true
03-24 14:43:30.271  3670  4407 D ISSUE_DEBUG: InputChannelName : 18c9a15 com.yandex.browser/com.yandex.browser.firstscreen.FirstScreenActivity
03-24 14:43:30.291  3025  3025 I SurfaceFlinger: id=520 createSurf (1x1),1 flag=4, GirstScreen
03-24 14:43:30.291  3670  3798 D StatusBarManagerService: manageDisableList userId=0 what=0x0 pkg=Window{18c9a15 u0 d0 com.yandex.browser/com.yandex.browser.firstscreen.FirstScreenActivity}
03-24 14:43:30.291  4103  4103 D PhoneStatusBar: setSystemUiVisibility vis=8000 mask=ffffffff oldVal=8600 newVal=8000 diff=600
03-24 14:43:30.311  3670  4952 D InputDispatcher: Focus entered window: 7149
03-24 14:43:30.311  3670  3884 D PointerIcon: setMouseIconStyle1 pointerType: 1001 iconType:101 flag:0 pid:3670 uid:1000
03-24 14:43:30.311  3670  3884 D PointerIcon: setMouseCustomIcon IconType is same.101
03-24 14:43:30.321  3670  4552 D ActivityManager: The following uid has registered to recieve broadcast for proxy related updates 10175
03-24 14:43:30.321  3670  4552 W ContextImpl: Calling a method in the system process without a qualified user: android.app.ContextImpl.sendBroadcast:845 com.android.server.am.ActivityManagerService.requestKnoxVpnToSendProxyBroadcast:29793 com.android.server.am.ActivityManagerService.registerReceiver:22658 android.app.ActivityManagerNative.onTransact:431 com.android.server.am.ActivityManagerService.onTransact:3999 
03-24 14:43:30.321  7023  7023 I chromium: [INFO:experiments_native_adapter.cc(233)] Feature List State
03-24 14:43:30.321  7023  7023 I chromium: Enabled Features: AddJSFlags<v8_flags,AutofillKeyboardAccessory<psm,CollectMSEBufferQueueInfo<media_statistics,CollectRebufferingInfo<media_statistics,MessengerJsApi<alice,OfflineRecentPages<cache_recent_pages,Passman<psm,PassmanFormMergeOnStore<psm,PassmanLoginDuplicates<psm,PassmanMigrationMerge<psm,PassmanSecureNoteStorage<psm,RendererPrelauncher<renderer_prelauncher,SiteNotificationChannels<site_notification_channels,TopSitesMultiplicator<topsites_first_visit,YandexPrefetch<yandex_prefetch_txt,adaptive-tiling<adaptive_tiling
03-24 14:43:30.321  7023  7023 I chromium: Disabled Features: AjaxStatistics<ajax_logging,AndroidSearchQueriesBlacklist<search_queries_blacklist,Autolandscape<autolandscape,AutomaticTabDiscarding<automatic_tab_discarding,DXT5ImageCompression<etc_image_compression,DetectingHeavyPages<DetectingHeavyPages,EnableTranslate<modern_translator,Favorites<mycollections,FavoritesBookmarkExport<mycollections,Hibernate<hibernate,HostFeatures<host_features,Ignition<ignition,MordaPrerenderingDisabledInRoaming<prerender_morda,OomIntervention<oom_intervention,ReportYandexServicesPageEvents<web_page_events,SafeBrowsingSubframeCheck<sb_subframe_check,SafeContent<ads_logging,SingleProcessForExtensionsBackgroundPages<single_process_for_extensions,a2hs<add_to_home_screen,animated-frame-detection<animated_frame_detection,yandex-collections-button<web_page_inside
03-24 14:43:30.331  7149  7223 D libEGL  : loaded /vendor/lib/egl/libGLES_mali.so
03-24 14:43:30.341  7149  7223 D libEGL  : eglInitialize EGLDisplay = 0xda1f47c4
03-24 14:43:30.341  7149  7223 I OpenGLRenderer: Initialized EGL, version 1.4
03-24 14:43:30.341  7149  7223 D         : ro.exynos.dss isEnabled: 0
03-24 14:43:30.351  7149  7223 D mali_winsys: new_window_surface returns 0x3000,  [1440x2560]-format:1
03-24 14:43:30.351  7149  7149 D ViewRootImpl: MSG_RESIZED_REPORT: ci=Rect(0, 96 - 0, 0) vi=Rect(0, 96 - 0, 0) or=1
03-24 14:43:30.361  3670  4409 D InputMethodManagerService: windowGainedFocus mCurrentFocusedUserId - 0 and mSecureKeypadEnabled-false
03-24 14:43:30.361  3670  4409 W InputMethodManagerService: Got RemoteException sending setActive(false) notification to pid 6454 uid 10088
03-24 14:43:30.361  7149  7223 D libGLESv1: DTS_GLAPI : DTS is not allowed for Package : com.yandex.browser:firstscreen
03-24 14:43:30.371 18067 18067 D SamsungIME: IMPL finishInput
03-24 14:43:30.371 18067 18067 D SamsungIME: SwiftKeyWrapper writeDBdataToFileOnFinishInput
03-24 14:43:30.371 18067 18067 D SamsungIME: saveAndClear +
03-24 14:43:30.371 18067 18067 D SamsungIME: saveAndClear -
03-24 14:43:30.371 18067 18067 D SamsungIME: onStartInput: No inputType, No imeOption, isInputViewShown = false, isExtractViewShown = false, isShowInputRequested = false, isConfigChanged = false
03-24 14:43:30.371  3670  4143 I PersonaManager: mKnoxInfo is empty
03-24 14:43:30.381  7252  7252 E Zygote  : v2
03-24 14:43:30.381  7252  7252 I libpersona: KNOX_SDCARD checking this for 10175
03-24 14:43:30.381  7252  7252 I libpersona: KNOX_SDCARD not a persona
03-24 14:43:30.381  7252  7252 W SELinux : Function: selinux_compare_spd_ram, index[1], priority [2], priority version is VE=SEPF_SECMOBILE_6.0.1_0003
03-24 14:43:30.381  7252  7252 E Zygote  : accessInfo : 0
03-24 14:43:30.391  7252  7252 W SELinux : SELinux: seapp_context_lookup: seinfo=default, level=s0:c512,c768, pkgname=com.yandex.browser:privileged_process0 
03-24 14:43:30.391  3670  4143 I ActivityManager: Start proc 7252:com.yandex.browser:privileged_process0/u0a175 for service com.yandex.browser/org.chromium.content.app.PrivilegedProcessService0
03-24 14:43:30.391  3670  4552 I PersonaManager: mKnoxInfo is empty
03-24 14:43:30.391  3670  4454 V WindowStateAnimator: Finishing drawing window Window{18c9a15 u0 d0 com.yandex.browser/com.yandex.browser.firstscreen.FirstScreenActivity}: mDrawState=DRAW_PENDING
03-24 14:43:30.401  7149  7149 I Timeline: Timeline: Activity_idle id: android.os.BinderProxy@7985c3a time:69821330
03-24 14:43:30.401  3670  3798 D StatusBarManagerService: manageDisableList userId=0 what=0x0 pkg=Window{18c9a15 u0 d0 com.yandex.browser/com.yandex.browser.firstscreen.FirstScreenActivity}
03-24 14:43:30.401  4103  4103 D PhoneStatusBar: setSystemUiVisibility vis=0 mask=ffffffff oldVal=8000 newVal=0 diff=8000
03-24 14:43:30.401  3670  3884 I ActivityManager: Displayed com.yandex.browser/.firstscreen.FirstScreenActivity: +490ms (total +1s235ms)
03-24 14:43:30.401  3670  3884 D CustomFrequencyManagerService: releaseDVFSLockLocked : Getting Lock type frm List : DVFS_MIN_LIMIT  frequency : 1800000  uid : 1000  pid : 3670  tag : ACTIVITY_RESUME_BOOSTER@3
03-24 14:43:30.401  3670  3884 I Timeline: Timeline: Activity_windows_visible id: ActivityRecord{cf6c817 u0 com.yandex.browser/.firstscreen.FirstScreenActivity t121} time:69821338
03-24 14:43:30.401  3670  3884 D ActivityManager: mDVFSHelper.release()
03-24 14:43:30.401  3670  3884 I Timeline: Timeline: Activity_windows_visible id: ActivityRecord{27baec3 u0 com.yandex.browser/.YandexBrowserMainActivity t121} time:69821338
03-24 14:43:30.411  3025  3025 D libEGL  : eglInitialize EGLDisplay = 0x7ff3f31d28
03-24 14:43:30.411  3670  3796 D CustomFrequencyManagerService: acquireDVFSLockLocked : type : DVFS_MIN_LIMIT  frequency : 1800000  uid : 1000  pid : 3670  pkgName : ACTIVITY_RESUME_BOOSTER@9
03-24 14:43:30.411  3670  4019 D NetworkPolicy: isUidForegroundLocked: 10185, mScreenOn: true, uidstate: 13, mProxSensorScreenOff: false
03-24 14:43:30.411  3670  4550 D ConnectivityService: returning getNetworkInfo for network type 1 : [type: WIFI[] - WIFI, state: CONNECTED/CONNECTED, reason: (unspecified), extra: "DataStructures", roaming: false, failover: false, isAvailable: true]
03-24 14:43:30.421  3670  3931 D ActivityManager: The following uid has registered to recieve broadcast for proxy related updates 10175
03-24 14:43:30.421  3670  3931 W ContextImpl: Calling a method in the system process without a qualified user: android.app.ContextImpl.sendBroadcast:845 com.android.server.am.ActivityManagerService.requestKnoxVpnToSendProxyBroadcast:29793 com.android.server.am.ActivityManagerService.registerReceiver:22658 android.app.ActivityManagerNative.onTransact:431 com.android.server.am.ActivityManagerService.onTransact:3999 
03-24 14:43:30.431  7252  7252 W ResourcesManager: getTopLevelResources: /data/app/com.yandex.browser-1/base.apk / 1.0 running in com.yandex.browser rsrc of package com.yandex.browser
03-24 14:43:30.431  3670  4552 I InjectionManagerService -AppFeature: getCoreFeaturePkgList :[]
03-24 14:43:30.431  7252  7252 I InjectionManager: Inside getClassLibPath + mLibMap{0=, 1=}
03-24 14:43:30.431  7252  7252 D ResourcesManager: For user 0 new overlays fetched Null
03-24 14:43:30.431  7252  7252 I InjectionManager: Inside getClassLibPath caller 
03-24 14:43:30.451  7023  7023 W chromium: [WARNING:passman_password_form_adjustments.cc(127)] No Passman password form adjustments in config, using defaults.
03-24 14:43:30.451  7252  7252 I MultiDex: Installing application
03-24 14:43:30.451  7252  7252 I MultiDex: VM with version 2.1.0 has multidex support
03-24 14:43:30.451  7252  7252 I MultiDex: VM has multidex support, MultiDex support library is disabled.
03-24 14:43:30.451  7252  7252 I cr_base_multidex: Completed multidex installation.
03-24 14:43:30.461  7252  7252 D InjectionManager: InjectionManager
03-24 14:43:30.461  7252  7252 D InjectionManager: fillFeatureStoreMap com.yandex.browser
03-24 14:43:30.461  7252  7252 I InjectionManager: Constructor com.yandex.browser, Feature store :{}
03-24 14:43:30.461  7252  7252 I InjectionManager: featureStore :{}
03-24 14:43:30.461  7252  7252 I cr_ChildProcessService: Creating new ChildProcessService pid=7252
03-24 14:43:30.481  7023  7041 W System.err: remove failed: ENOENT (No such file or directory) : /data/user/0/com.yandex.browser/shared_prefs/os_crypt_password.xml.bak
03-24 14:43:30.521  7023  7023 W System.err: remove failed: ENOENT (No such file or directory) : /data/user/0/com.yandex.browser/files/dashboard.cells.bak
03-24 14:43:30.561  3670  4952 I PersonaManager: mKnoxInfo is empty
03-24 14:43:30.571  3670  4952 D PackageManager: findPreferredActivity: No PreferredActivities set
03-24 14:43:30.571  3670  4952 I PackageManager: No preferred activity: intent should not be shown
03-24 14:43:30.571  3670  4452 I PersonaManager: mKnoxInfo is empty
03-24 14:43:30.571  3670  4452 D PackageManager: findPreferredActivity: We found 1 PreferredActivities set, but no match
03-24 14:43:30.571  3670  4452 I PackageManager: No preferred activity: intent should not be shown
03-24 14:43:30.571  3670  4421 I PersonaManager: mKnoxInfo is empty
03-24 14:43:30.581  3670  4421 D PackageManager: findPreferredActivity: We found 3 PreferredActivities set, but no match
03-24 14:43:30.581  3670  4421 I PackageManager: No preferred activity: intent should not be shown
03-24 14:43:30.581  3670  4454 I PersonaManager: mKnoxInfo is empty
03-24 14:43:30.591  3670  4454 D PackageManager: findPreferredActivity: We found 1 PreferredActivities set, but no match
03-24 14:43:30.591  3670  4454 I PackageManager: No preferred activity: intent should not be shown
03-24 14:43:30.611  3670  4947 D WifiService: startScan by pid=7023, uid=10175
03-24 14:43:30.611  3670  4021 D WifiStateMachine: CMD_START_SCAN : scanLog.mLast - 1553420610620, scanLog.mStartTimeForBigdata - 1553420321394
03-24 14:43:30.611 31048 31048 I wpa_supplicant: wlan0: Setting scan request: 0 sec 0 usec
03-24 14:43:30.611 31048 31048 I wpa_supplicant: P2P: Current p2p state = IDLE
03-24 14:43:30.621 31048 31048 I wpa_supplicant: Scan requested (ret=0) - scan timeout 30 seconds
03-24 14:43:30.621  7023  7023 D ConnectivityManager: requestNetwork; getAppId(CallingUid) : 10175, CallingPid : 7023
03-24 14:43:30.621  3670  4952 D ConnectivityService: listenForNetwork for Listen from uid/pid:10175/7023 for NetworkRequest [ id=254, legacyType=-1, [ Capabilities: INTERNET&NOT_RESTRICTED&TRUSTED] ]
03-24 14:43:30.621  3670  4029 D ConnectivityService: rematching NetworkAgentInfo [WIFI () - 510]
03-24 14:43:30.621  3670  4029 D ConnectivityService:  network has: NetworkAgentInfo{ ni{[type: WIFI[] - WIFI, state: CONNECTED/CONNECTED, reason: (unspecified), extra: "DataStructures", roaming: false, failover: false, isAvailable: true]}  network{510}  lp{{InterfaceName: wlan0 LinkAddresses: [fe80::ee9b:f3ff:fe73:43e9/64,192.168.0.174/24,]  Routes: [fe80::/64 -> :: wlan0,192.168.0.0/24 -> 0.0.0.0 wlan0,0.0.0.0/0 -> 192.168.0.1 wlan0,] DnsAddresses: [192.168.0.1,] Domains:  MTU: 0 TcpBufferSizes: 524288,1048576,4525824,524288,1048576,4525824}}  nc{[ Transports: WIFI Capabilities: INTERNET&NOT_RESTRICTED&TRUSTED&NOT_VPN&VALIDATED LinkUpBandwidth>=1048576Kbps LinkDnBandwidth>=1048576Kbps SignalStrength: -33]}  Score{60}  everValidated{true}  lastValidated{true}  created{true} lingering{false} explicitlySelected{false} acceptUnvalidated{false} everCaptivePortalDetected{false} lastCaptivePortalDetected{false} }
03-24 14:43:30.621  3670  4029 D ConnectivityService:   checking if request is: NetworkRequest [ id=10, legacyType=-1, [ Capabilities: INTERNET&NOT_RESTRICTED&TRUSTED&NOT_VPN] ] satisfies: true nri.isRequest: false
03-24 14:43:30.621  3670  4029 D ConnectivityService:   checking if request is: NetworkRequest [ id=30, legacyType=-1, [ Capabilities: INTERNET&NOT_RESTRICTED&TRUSTED] ] satisfies: true nri.isRequest: false
03-24 14:43:30.621  3670  4029 D ConnectivityService:   checking if request is: NetworkRequest [ id=5, legacyType=-1, [ Transports: WIFI Capabilities: INTERNET&NOT_RESTRICTED&TRUSTED&NOT_VPN] ] satisfies: true nri.isRequest: false
03-24 14:43:30.621  3670  4029 D ConnectivityService:   checking if request is: NetworkRequest [ id=254, legacyType=-1, [ Capabilities: INTERNET&NOT_RESTRICTED&TRUSTED] ] satisfies: true nri.isRequest: false
03-24 14:43:30.621  3670  4029 D ConnectivityService: Network NetworkAgentInfo [WIFI () - 510] was already satisfying request 1. No change.
03-24 14:43:30.621  3670  4029 D ConnectivityService:   checking if request is: NetworkRequest [ id=3, legacyType=-1, [] ] satisfies: true nri.isRequest: false
03-24 14:43:30.621  3670  4029 D ConnectivityService:   checking if request is: NetworkRequest [ id=4, legacyType=-1, [ Transports: CELLULAR Capabilities: INTERNET&NOT_RESTRICTED&TRUSTED&NOT_VPN] ] satisfies: false nri.isRequest: false
03-24 14:43:30.621  3670  4029 D ConnectivityService:   checking if request is: NetworkRequest [ id=226, legacyType=-1, [ Capabilities: INTERNET&NOT_RESTRICTED&TRUSTED] ] satisfies: true nri.isRequest: false
03-24 14:43:30.621  3670  4029 D ConnectivityService:   checking if request is: NetworkRequest [ id=29, legacyType=-1, [ Capabilities: INTERNET&NOT_RESTRICTED&TRUSTED] ] satisfies: true nri.isRequest: false
03-24 14:43:30.621  3670  4029 D ConnectivityService:   checking if request is: NetworkRequest [ id=228, legacyType=-1, [ Capabilities: INTERNET&NOT_RESTRICTED&TRUSTED] ] satisfies: true nri.isRequest: false
03-24 14:43:30.621  3670  4029 D ConnectivityService: sending notification AVAILABLE for NetworkRequest [ id=254, legacyType=-1, [ Capabilities: INTERNET&NOT_RESTRICTED&TRUSTED] ]
03-24 14:43:30.641  7023  7023 V ActivityThread: updateVisibility : ActivityRecord{362cd07 token=android.os.BinderProxy@b13159b {com.yandex.browser/com.yandex.browser.YandexBrowserMainActivity}} show : true
03-24 14:43:30.641  7023  7068 W System.err: remove failed: ENOENT (No such file or directory) : /data/user/0/com.yandex.browser/shared_prefs/permanent_user_settings.xml.bak
03-24 14:43:30.681  7252  7273 I cr_LibraryLoader:  Loading yandexbrowser from within /data/app/com.yandex.browser-1/base.apk
03-24 14:43:30.711  3670  3670 D CustomFrequencyManagerService: releaseDVFSLockLocked : Getting Lock type frm List : DVFS_MIN_LIMIT  frequency : 1800000  uid : 1000  pid : 3670  tag : ACTIVITY_RESUME_BOOSTER@9
03-24 14:43:30.721  7252  7273 I cr_LibraryLoader: Time to load native libraries: 41 ms (timestamps 1611-1652)
03-24 14:43:30.721  7252  7273 I chromium: [INFO:library_loader_hooks.cc(36)] Chromium logging enabled: level = 0, default verbosity = 0
03-24 14:43:30.721  7252  7273 I cr_LibraryLoader: Expected native library version number "18.11.1.979", actual native library version number "18.11.1.979"
03-24 14:43:30.721  7252  7273 W ResourcesManager: getTopLevelResources: /data/app/com.yandex.browser-1/base.apk / 1.0 running in com.yandex.browser rsrc of package com.yandex.browser
03-24 14:43:30.731  7252  7273 E libEGL  : validate_display:255 error 3008 (EGL_BAD_DISPLAY)
03-24 14:43:30.761  7252  7273 D libEGL  : loaded /vendor/lib/egl/libGLES_mali.so
03-24 14:43:30.781  7252  7273 D libEGL  : eglInitialize EGLDisplay = 0xeedfee0c
03-24 14:43:30.791  7252  7273 D         : ro.exynos.dss isEnabled: 0
03-24 14:43:30.791  3670  3697 D WifiService: startScan by pid=7023, uid=10175
03-24 14:43:30.791  7023  7041 W System.err: remove failed: ENOENT (No such file or directory) : /data/user/0/com.yandex.browser/shared_prefs/uuid.xml.bak
03-24 14:43:30.791  3670  4021 D WifiStateMachine: CMD_START_SCAN : scanLog.mLast - 1553420610799, scanLog.mStartTimeForBigdata - 1553420321394
03-24 14:43:30.801  7023  7023 I [ZEN]FeedController: Zen initialize (ZenKit/1.39.0.0-internalDualdesign-ZenKit-SDK.4047)
03-24 14:43:30.811  7023  7023 D [ZEN]ZenController: zen controller initialize
03-24 14:43:30.811  3670  4952 I PersonaManager: mKnoxInfo is empty
03-24 14:43:30.811  7252  7273 W AudioCapabilities: Unsupported mime audio/mpeg-L1
03-24 14:43:30.821  7252  7273 W AudioCapabilities: Unsupported mime audio/mpeg-L2
03-24 14:43:30.821  7023  7023 D [ZEN]ZenController: feed controller create [tag=feed][discard=false]
03-24 14:43:30.821  7054  7103 I System.out: (HTTPLog)-Static: isSBSettingEnabled false
03-24 14:43:30.821  7054  7103 I System.out: (HTTPLog)-Static: isSBSettingEnabled false
03-24 14:43:30.821  3037  3741 D EnterpriseController: netId is 0
03-24 14:43:30.821  3037  3741 D Netd    : getNetworkForDns: using netid 510 for uid 10175
03-24 14:43:30.821  3670  4946 I PersonaManager: mKnoxInfo is empty
03-24 14:43:30.831  3670  4952 I PersonaManager: mKnoxInfo is empty
03-24 14:43:30.831  7252  7273 W AudioCapabilities: Unsupported mime audio/x-ms-wma
03-24 14:43:30.831  7054  7112 I System.out: (HTTPLog)-Static: isSBSettingEnabled false
03-24 14:43:30.831  7054  7112 I System.out: (HTTPLog)-Static: isSBSettingEnabled false
03-24 14:43:30.831  3037  3741 D EnterpriseController: netId is 0
03-24 14:43:30.831  3037  3741 D Netd    : getNetworkForDns: using netid 510 for uid 10175
03-24 14:43:30.831  7054  7199 I System.out: (HTTPLog)-Static: isSBSettingEnabled false
03-24 14:43:30.831  7054  7199 I System.out: (HTTPLog)-Static: isSBSettingEnabled false
03-24 14:43:30.831  7252  7273 W AudioCapabilities: Unsupported mime audio/x-ima
03-24 14:43:30.831  3037  3741 D EnterpriseController: netId is 0
03-24 14:43:30.831  3037  3741 D Netd    : getNetworkForDns: using netid 510 for uid 10175
03-24 14:43:30.831  7054  7215 I System.out: (HTTPLog)-Static: isSBSettingEnabled false
03-24 14:43:30.831  7054  7215 I System.out: (HTTPLog)-Static: isSBSettingEnabled false
03-24 14:43:30.841  3037  3741 D EnterpriseController: netId is 0
03-24 14:43:30.841  3037  3741 D Netd    : getNetworkForDns: using netid 510 for uid 10175
03-24 14:43:30.841  7252  7273 W VideoCapabilities: Unrecognized profile/level 32768/2 for video/mp4v-es
03-24 14:43:30.841  7252  7273 W VideoCapabilities: Unrecognized profile 2130706433 for video/avc
03-24 14:43:30.841  7252  7273 W VideoCapabilities: Unrecognized profile 2130706433 for video/avc
03-24 14:43:30.841  7252  7273 W VideoCapabilities: Unrecognized profile 2130706433 for video/avc
03-24 14:43:30.841  7252  7273 W VideoCapabilities: Unrecognized profile 2130706433 for video/avc
03-24 14:43:30.841  7252  7273 W VideoCapabilities: Unrecognized profile 2130706433 for video/avc
03-24 14:43:30.841  7252  7273 W VideoCapabilities: Unrecognized profile 2130706433 for video/avc
03-24 14:43:30.841  7252  7273 W VideoCapabilities: Unrecognized profile 2130706433 for video/avc
03-24 14:43:30.841  7252  7273 W VideoCapabilities: Unrecognized profile 2130706433 for video/avc
03-24 14:43:30.841  7252  7273 W VideoCapabilities: Unrecognized profile 2130706433 for video/avc
03-24 14:43:30.841  7252  7273 W VideoCapabilities: Unrecognized profile 2130706433 for video/avc
03-24 14:43:30.841  7252  7273 W VideoCapabilities: Unrecognized profile 2130706433 for video/avc
03-24 14:43:30.841  7252  7273 W VideoCapabilities: Unrecognized profile 2130706433 for video/avc
03-24 14:43:30.841  7252  7273 W VideoCapabilities: Unrecognized profile 2130706433 for video/avc
03-24 14:43:30.841  7252  7273 W VideoCapabilities: Unrecognized profile 2130706433 for video/avc
03-24 14:43:30.841  7252  7273 W VideoCapabilities: Unrecognized profile 2130706433 for video/avc
03-24 14:43:30.841  7252  7273 W VideoCapabilities: Unrecognized profile 2130706433 for video/avc
03-24 14:43:30.841  7252  7273 W VideoCapabilities: Unrecognized profile 2130706434 for video/avc
03-24 14:43:30.841  7252  7273 W VideoCapabilities: Unrecognized profile 2130706434 for video/avc
03-24 14:43:30.841  7252  7273 W VideoCapabilities: Unrecognized profile 2130706434 for video/avc
03-24 14:43:30.841  7252  7273 W VideoCapabilities: Unrecognized profile 2130706434 for video/avc
03-24 14:43:30.841  7252  7273 W VideoCapabilities: Unrecognized profile 2130706434 for video/avc
03-24 14:43:30.841  7252  7273 W VideoCapabilities: Unrecognized profile 2130706434 for video/avc
03-24 14:43:30.841  7252  7273 W VideoCapabilities: Unrecognized profile 2130706434 for video/avc
03-24 14:43:30.841  7252  7273 W VideoCapabilities: Unrecognized profile 2130706434 for video/avc
03-24 14:43:30.841  7252  7273 W VideoCapabilities: Unrecognized profile 2130706434 for video/avc
03-24 14:43:30.841  7252  7273 W VideoCapabilities: Unrecognized profile 2130706434 for video/avc
03-24 14:43:30.841  7252  7273 W VideoCapabilities: Unrecognized profile 2130706434 for video/avc
03-24 14:43:30.841  7252  7273 W VideoCapabilities: Unrecognized profile 2130706434 for video/avc
03-24 14:43:30.841  7252  7273 W VideoCapabilities: Unrecognized profile 2130706434 for video/avc
03-24 14:43:30.841  7252  7273 W VideoCapabilities: Unrecognized profile 2130706434 for video/avc
03-24 14:43:30.841  7252  7273 W VideoCapabilities: Unrecognized profile 2130706434 for video/avc
03-24 14:43:30.841  7252  7273 W VideoCapabilities: Unrecognized profile 2130706434 for video/avc
03-24 14:43:30.841  7252  7273 W VideoCapabilities: Unrecognized profile 2130706433 for video/avc
03-24 14:43:30.841  7252  7273 W VideoCapabilities: Unrecognized profile 2130706433 for video/avc
03-24 14:43:30.841  7252  7273 W VideoCapabilities: Unrecognized profile 2130706433 for video/avc
03-24 14:43:30.841  7252  7273 W VideoCapabilities: Unrecognized profile 2130706433 for video/avc
03-24 14:43:30.841  7252  7273 W VideoCapabilities: Unrecognized profile 2130706433 for video/avc
03-24 14:43:30.841  7252  7273 W VideoCapabilities: Unrecognized profile 2130706433 for video/avc
03-24 14:43:30.841  7252  7273 W VideoCapabilities: Unrecognized profile 2130706433 for video/avc
03-24 14:43:30.841  7252  7273 W VideoCapabilities: Unrecognized profile 2130706433 for video/avc
03-24 14:43:30.841  7252  7273 W VideoCapabilities: Unrecognized profile 2130706433 for video/avc
03-24 14:43:30.841  7252  7273 W VideoCapabilities: Unrecognized profile 2130706433 for video/avc
03-24 14:43:30.841  7252  7273 W VideoCapabilities: Unrecognized profile 2130706433 for video/avc
03-24 14:43:30.841  7252  7273 W VideoCapabilities: Unrecognized profile 2130706433 for video/avc
03-24 14:43:30.841  7252  7273 W VideoCapabilities: Unrecognized profile 2130706433 for video/avc
03-24 14:43:30.841  7252  7273 W VideoCapabilities: Unrecognized profile 2130706433 for video/avc
03-24 14:43:30.841  7252  7273 W VideoCapabilities: Unrecognized profile 2130706433 for video/avc
03-24 14:43:30.841  7252  7273 W VideoCapabilities: Unrecognized profile 2130706433 for video/avc
03-24 14:43:30.841  7252  7273 W VideoCapabilities: Unrecognized profile 2130706434 for video/avc
03-24 14:43:30.841  7252  7273 W VideoCapabilities: Unrecognized profile 2130706434 for video/avc
03-24 14:43:30.841  7252  7273 W VideoCapabilities: Unrecognized profile 2130706434 for video/avc
03-24 14:43:30.841  7252  7273 W VideoCapabilities: Unrecognized profile 2130706434 for video/avc
03-24 14:43:30.841  7252  7273 W VideoCapabilities: Unrecognized profile 2130706434 for video/avc
03-24 14:43:30.841  7252  7273 W VideoCapabilities: Unrecognized profile 2130706434 for video/avc
03-24 14:43:30.841  7252  7273 W VideoCapabilities: Unrecognized profile 2130706434 for video/avc
03-24 14:43:30.841  7252  7273 W VideoCapabilities: Unrecognized profile 2130706434 for video/avc
03-24 14:43:30.841  7252  7273 W VideoCapabilities: Unrecognized profile 2130706434 for video/avc
03-24 14:43:30.841  7252  7273 W VideoCapabilities: Unrecognized profile 2130706434 for video/avc
03-24 14:43:30.841  7252  7273 W VideoCapabilities: Unrecognized profile 2130706434 for video/avc
03-24 14:43:30.841  7252  7273 W VideoCapabilities: Unrecognized profile 2130706434 for video/avc
03-24 14:43:30.841  7252  7273 W VideoCapabilities: Unrecognized profile 2130706434 for video/avc
03-24 14:43:30.841  7252  7273 W VideoCapabilities: Unrecognized profile 2130706434 for video/avc
03-24 14:43:30.841  7252  7273 W VideoCapabilities: Unrecognized profile 2130706434 for video/avc
03-24 14:43:30.841  7252  7273 W VideoCapabilities: Unrecognized profile 2130706434 for video/avc
03-24 14:43:30.841  7252  7273 W VideoCapabilities: Unsupported mime video/wvc1
03-24 14:43:30.841  7252  7273 W VideoCapabilities: Unsupported mime video/x-ms-wmv
03-24 14:43:30.851  7252  7273 W VideoCapabilities: Unrecognized profile/level 32768/2 for video/mp4v-es
03-24 14:43:30.851  7252  7273 W VideoCapabilities: Unsupported mime video/wvc1
03-24 14:43:30.851  7252  7273 W VideoCapabilities: Unsupported mime video/x-ms-wmv
03-24 14:43:30.851  7023  7023 D AbsListView: Get MotionRecognitionManager
03-24 14:43:30.851  7023  7023 E MotionRecognitionManager: mSContextService = android.hardware.scontext.ISContextService$Stub$Proxy@6facbd7
03-24 14:43:30.851  7252  7273 W VideoCapabilities: Unsupported mime video/x-ms-wmv7
03-24 14:43:30.851  7023  7023 E MotionRecognitionManager: motionService = com.samsung.android.motion.IMotionRecognitionService$Stub$Proxy@22e7cc4
03-24 14:43:30.851  7023  7023 E MotionRecognitionManager: motionService = com.samsung.android.motion.IMotionRecognitionService$Stub$Proxy@22e7cc4
03-24 14:43:30.851  7252  7273 W VideoCapabilities: Unsupported mime video/x-ms-wmv8
03-24 14:43:30.851  3670  4952 D MotionRecognitionService:  ssp status : true
03-24 14:43:30.851  7252  7273 W VideoCapabilities: Unsupported mime video/mp43
03-24 14:43:30.851  7252  7273 W VideoCapabilities: Unrecognized profile 2130706433 for video/avc
03-24 14:43:30.851  7252  7273 W VideoCapabilities: Unrecognized profile 2130706433 for video/avc
03-24 14:43:30.851  7252  7273 W VideoCapabilities: Unrecognized profile 2130706433 for video/avc
03-24 14:43:30.851  7252  7273 W VideoCapabilities: Unrecognized profile 2130706433 for video/avc
03-24 14:43:30.851  7252  7273 W VideoCapabilities: Unrecognized profile 2130706433 for video/avc
03-24 14:43:30.851  7252  7273 W VideoCapabilities: Unrecognized profile 2130706433 for video/avc
03-24 14:43:30.851  7252  7273 W VideoCapabilities: Unrecognized profile 2130706433 for video/avc
03-24 14:43:30.851  7252  7273 W VideoCapabilities: Unrecognized profile 2130706433 for video/avc
03-24 14:43:30.851  7252  7273 W VideoCapabilities: Unrecognized profile 2130706433 for video/avc
03-24 14:43:30.851  7252  7273 W VideoCapabilities: Unrecognized profile 2130706433 for video/avc
03-24 14:43:30.851  7252  7273 W VideoCapabilities: Unrecognized profile 2130706433 for video/avc
03-24 14:43:30.851  7252  7273 W VideoCapabilities: Unrecognized profile 2130706433 for video/avc
03-24 14:43:30.851  7252  7273 W VideoCapabilities: Unrecognized profile 2130706433 for video/avc
03-24 14:43:30.851  7252  7273 W VideoCapabilities: Unrecognized profile 2130706433 for video/avc
03-24 14:43:30.851  7252  7273 W VideoCapabilities: Unrecognized profile 2130706433 for video/avc
03-24 14:43:30.851  7252  7273 W VideoCapabilities: Unrecognized profile 2130706433 for video/avc
03-24 14:43:30.851  7252  7273 W VideoCapabilities: Unrecognized profile 2130706434 for video/avc
03-24 14:43:30.851  7252  7273 W VideoCapabilities: Unrecognized profile 2130706434 for video/avc
03-24 14:43:30.851  7252  7273 W VideoCapabilities: Unrecognized profile 2130706434 for video/avc
03-24 14:43:30.851  7252  7273 W VideoCapabilities: Unrecognized profile 2130706434 for video/avc
03-24 14:43:30.851  7252  7273 W VideoCapabilities: Unrecognized profile 2130706434 for video/avc
03-24 14:43:30.851  7252  7273 W VideoCapabilities: Unrecognized profile 2130706434 for video/avc
03-24 14:43:30.851  7252  7273 W VideoCapabilities: Unrecognized profile 2130706434 for video/avc
03-24 14:43:30.851  7252  7273 W VideoCapabilities: Unrecognized profile 2130706434 for video/avc
03-24 14:43:30.851  7252  7273 W VideoCapabilities: Unrecognized profile 2130706434 for video/avc
03-24 14:43:30.851  7252  7273 W VideoCapabilities: Unrecognized profile 2130706434 for video/avc
03-24 14:43:30.851  7252  7273 W VideoCapabilities: Unrecognized profile 2130706434 for video/avc
03-24 14:43:30.851  7252  7273 W VideoCapabilities: Unrecognized profile 2130706434 for video/avc
03-24 14:43:30.851  7252  7273 W VideoCapabilities: Unrecognized profile 2130706434 for video/avc
03-24 14:43:30.851  7252  7273 W VideoCapabilities: Unrecognized profile 2130706434 for video/avc
03-24 14:43:30.851  7252  7273 W VideoCapabilities: Unrecognized profile 2130706434 for video/avc
03-24 14:43:30.851  7252  7273 W VideoCapabilities: Unrecognized profile 2130706434 for video/avc
03-24 14:43:30.851  7252  7273 W VideoCapabilities: Unrecognized profile/level 32768/2 for video/mp4v-es
03-24 14:43:30.861  7023  7305 D [ZEN]ZenController: detectSavedStateChanged :: [LOCALE, COUNTRY]
03-24 14:43:30.861  7023  7023 D [ZEN]ZenController: LIFECYCLE :: zen controller hide
03-24 14:43:30.861  7023  7041 W System.err: remove failed: ENOENT (No such file or directory) : /data/user/0/com.yandex.browser/shared_prefs/com.yandex.common.prefs.xml.bak
03-24 14:43:30.871  7252  7273 I VideoCapabilities: Unsupported profile 4 for video/mp4v-es
03-24 14:43:30.881  7252  7273 W VideoCapabilities: Unsupported mime video/sorenson
03-24 14:43:30.891  3670  3697 I PersonaManager: mKnoxInfo is empty
03-24 14:43:30.921  7023  7041 W System.err: remove failed: ENOENT (No such file or directory) : /data/user/0/com.yandex.browser/shared_prefs/MetricaFunnelFacade.SHARED_PREF.xml.bak
03-24 14:43:30.931  4183  4183 D Recents : onTaskStackChanged
03-24 14:43:30.931  3670  4952 I PersonaManager: mKnoxInfo is empty
03-24 14:43:30.931  3670  3931 I PersonaManager: mKnoxInfo is empty
03-24 14:43:30.931  4183  4183 W ResourcesManager: getTopLevelResources: /data/app/com.example.myapplication-2/base.apk / 1.0 running in com.android.systemui rsrc of package com.example.myapplication
03-24 14:43:30.941  4183  4183 D ResourcesManager: For user 0 new overlays fetched Null
03-24 14:43:30.941  3670  4421 D PackageManager: getComponentMetadataForIconTray : com.example.myapplication.MainActivity does not exist in mServices
03-24 14:43:30.941  3670  4421 D PackageManager: getComponentMetadataForIconTray : com.example.myapplication.MainActivity does not exist in mProviders
03-24 14:43:30.941  3670  4421 D PackageManager: getComponentMetadataForIconTray : com.example.myapplication.MainActivity does not exist in mReceivers
03-24 14:43:30.941  4183  4183 I ApplicationPackageManager: load=com.example.myapplication, bg=192-192, dr=192-192
03-24 14:43:30.941  4183  4183 I ApplicationPackageManager: scaled rate=1.0429629, size=192, alpha=15, hold=26, target=192
03-24 14:43:30.971  7054  7316 I System.out: (HTTPLog)-Static: isSBSettingEnabled false
03-24 14:43:30.971  7054  7316 I System.out: (HTTPLog)-Static: isSBSettingEnabled false
03-24 14:43:30.971  3037  3741 D EnterpriseController: netId is 0
03-24 14:43:30.971  3037  3741 D Netd    : getNetworkForDns: using netid 510 for uid 10175
03-24 14:43:31.271  7023  7213 W System.err: remove failed: ENOENT (No such file or directory) : /data/user/0/com.yandex.browser/shared_prefs/com.google.android.gms.appid.xml.bak
03-24 14:43:31.271  7149  7149 D TextView: setTypeface with style : 0
03-24 14:43:31.281  4968  9256 I FontsContentProvider: Received query Noto Color Emoji Compat, URI content://com.google.android.gms.fonts
03-24 14:43:31.281  4968  9256 I FontsContentProvider: Query [Noto Color Emoji Compat] resolved to {Noto Color Emoji Compat, wdth 100.0, wght 400, ital 0.0, bestEffort false}
03-24 14:43:31.281  7149  7149 D TextView: setTypeface with style : 0
03-24 14:43:31.281  7149  7149 D TextView: setTypeface with style : 0
03-24 14:43:31.281  7023  7041 W System.err: remove failed: ENOENT (No such file or directory) : /data/user/0/com.yandex.browser/shared_prefs/messenger.xml.bak
03-24 14:43:31.291  4968  9256 I FontsContentProvider: Fetch {Noto Color Emoji Compat, wdth 100.0, wght 400, ital 0.0, bestEffort false} end status Status{statusCode=SUCCESS, resolution=null}
03-24 14:43:31.311  3670  4947 I PersonaManager: mKnoxInfo is empty
03-24 14:43:31.311  4968  5266 I FontsContentProvider: Pulling font file for id = 4, cache size = 2
03-24 14:43:31.331  7023  7327 E SQLiteLog: (1) no such table: composite_parts
03-24 14:43:31.341  7149  7149 W View    : requestLayout() improperly called by android.support.v7.widget.AppCompatImageView{da56125 V.ED..... ......ID 0,0-432,2244 #7f0b003e app:id/activity_tutorial_zen_cards} during layout: running second layout pass
03-24 14:43:31.341  7149  7149 I ViewRootImpl: requestLayout is already in process
03-24 14:43:31.341  7149  7325 D Minikin : FontFamily bestFont == NULL, so return vacant FakedFont
03-24 14:43:31.341  7149  7325 D Minikin : FontFamily bestFont == NULL, so return vacant FakedFont
03-24 14:43:31.341  7149  7325 D Minikin : FontFamily bestFont == NULL, so return vacant FakedFont
03-24 14:43:31.341  3670  4454 I PersonaManager: mKnoxInfo is empty
03-24 14:43:31.351  4932 27049 I System.out: (HTTPLog)-Static: isSBSettingEnabled false
03-24 14:43:31.351  4932 27049 I System.out: (HTTPLog)-Static: isSBSettingEnabled false
03-24 14:43:31.351  4932 27049 I qtaguid : Tagging socket 95 with tag 3000040700000000{805307399,0} uid -1, pid: 4932, getuid(): 10015
03-24 14:43:31.351  7023  7327 E SQLiteLog: (1) no such table: unseen_view
03-24 14:43:31.361  7149  7325 D Minikin : FontFamily bestFont == NULL, so return vacant FakedFont
03-24 14:43:31.361  7149  7325 D Minikin : FontFamily bestFont == NULL, so return vacant FakedFont
03-24 14:43:31.361  7149  7325 D Minikin : FontFamily bestFont == NULL, so return vacant FakedFont
03-24 14:43:31.401  7149  7149 D TextView: setTypeface with style : 0
03-24 14:43:31.401  7149  7149 D TextView: setTypeface with style : 0
03-24 14:43:31.401  7149  7149 D TextView: setTypeface with style : 0
03-24 14:43:31.401  7054  7328 I System.out: (HTTPLog)-Static: isSBSettingEnabled false
03-24 14:43:31.401  7054  7328 I System.out: (HTTPLog)-Static: isSBSettingEnabled false
03-24 14:43:31.421  7149  7149 W PathParser: Points are too far apart 4.002561287974534
03-24 14:43:31.421  7149  7149 W PathParser: Points are too far apart 4.002561287974534
03-24 14:43:31.451  7149  7242 E         : g2d stretchFimgApi_v5 function does not exist
03-24 14:43:31.451  7149  7242 E         : [JM] stretchFimgApi might be v4.
03-24 14:43:31.461  3025  3025 D libEGL  : eglInitialize EGLDisplay = 0x7ff3f31d28
03-24 14:43:31.461  7023  7324 D Minikin : FontFamily bestFont == NULL, so return vacant FakedFont
03-24 14:43:31.461  7023  7324 D Minikin : FontFamily bestFont == NULL, so return vacant FakedFont
03-24 14:43:31.461  7023  7324 D Minikin : FontFamily bestFont == NULL, so return vacant FakedFont
03-24 14:43:31.471  3670  4143 E SensorService: getSensorList a sensor (HRM Ambient Light Canceling) without holding its required permission: com.samsung.permission.HRM_EXT
03-24 14:43:31.471  3670  4143 I SensorService: Skipped sensor HRM Ambient Light Canceling because it requires permission com.samsung.permission.HRM_EXT and app op -1
03-24 14:43:31.471  3670  4143 E SensorService: getSensorList a sensor (HRM Proximity detecting) without holding its required permission: com.samsung.permission.HRM_EXT
03-24 14:43:31.471  3670  4143 I SensorService: Skipped sensor HRM Proximity detecting because it requires permission com.samsung.permission.HRM_EXT and app op -1
03-24 14:43:31.471  3670  4143 W ServiceManager: Permission failure: android.permission.BODY_SENSORS from uid=10175 pid=7023
03-24 14:43:31.471  3670  4143 E SensorService: getSensorList a sensor (HRMLED IR) without holding its required permission: android.permission.BODY_SENSORS
03-24 14:43:31.471  3670  4143 I SensorService: Skipped sensor HRMLED IR because it requires permission android.permission.BODY_SENSORS and app op 56
03-24 14:43:31.471  3670  4143 W ServiceManager: Permission failure: android.permission.BODY_SENSORS from uid=10175 pid=7023
03-24 14:43:31.471  3670  4143 E SensorService: getSensorList a sensor (HRMLED RED) without holding its required permission: android.permission.BODY_SENSORS
03-24 14:43:31.471  3670  4143 I SensorService: Skipped sensor HRMLED RED because it requires permission android.permission.BODY_SENSORS and app op 56
03-24 14:43:31.471  3670  4143 E SensorService: getSensorList a sensor (MAX86900) without holding its required permission: com.samsung.permission.SSENSOR
03-24 14:43:31.471  3670  4143 I SensorService: Skipped sensor MAX86900 because it requires permission com.samsung.permission.SSENSOR and app op -1
03-24 14:43:31.471  3670  4143 E SensorService: getSensorList a sensor (HRM Sensor) without holding its required permission: com.samsung.permission.SSENSOR
03-24 14:43:31.471  3670  4143 I SensorService: Skipped sensor HRM Sensor because it requires permission com.samsung.permission.SSENSOR and app op -1
03-24 14:43:31.471  3670  4143 W ServiceManager: Permission failure: android.permission.BODY_SENSORS from uid=10175 pid=7023
