03-24 14:55:12.501  3670  4946 D ApplicationPolicy: isStatusBarNotificationAllowedAsUser: packageName = com.yandex.browser,userId = 0
03-24 14:55:12.501  3670  4946 I PersonaManager: mKnoxInfo is empty
03-24 14:55:12.501  3670  3670 V NotificationService: notifications are disabled by AppOps for com.yandex.browser
03-24 14:55:12.501  3670  3670 E NotificationService: Suppressing notification from package com.yandex.browser by user request.
03-24 14:55:12.521 16974 16974 D ConnectivityManager: requestNetwork; getAppId(CallingUid) : 10175, CallingPid : 16974
03-24 14:55:12.521  3670  3931 D ConnectivityService: listenForNetwork for Listen from uid/pid:10175/16974 for NetworkRequest [ id=283, legacyType=-1, [ Capabilities: INTERNET&NOT_RESTRICTED&TRUSTED] ]
03-24 14:55:12.521  3670  4029 D ConnectivityService: rematching NetworkAgentInfo [WIFI () - 510]
03-24 14:55:12.521  3670  4029 D ConnectivityService:  network has: NetworkAgentInfo{ ni{[type: WIFI[] - WIFI, state: CONNECTED/CONNECTED, reason: (unspecified), extra: "DataStructures", roaming: false, failover: false, isAvailable: true]}  network{510}  lp{{InterfaceName: wlan0 LinkAddresses: [fe80::ee9b:f3ff:fe73:43e9/64,192.168.0.174/24,]  Routes: [fe80::/64 -> :: wlan0,192.168.0.0/24 -> 0.0.0.0 wlan0,0.0.0.0/0 -> 192.168.0.1 wlan0,] DnsAddresses: [192.168.0.1,] Domains:  MTU: 0 TcpBufferSizes: 524288,1048576,4525824,524288,1048576,4525824}}  nc{[ Transports: WIFI Capabilities: INTERNET&NOT_RESTRICTED&TRUSTED&NOT_VPN&VALIDATED LinkUpBandwidth>=1048576Kbps LinkDnBandwidth>=1048576Kbps SignalStrength: -33]}  Score{60}  everValidated{true}  lastValidated{true}  created{true} lingering{false} explicitlySelected{false} acceptUnvalidated{false} everCaptivePortalDetected{false} lastCaptivePortalDetected{false} }
03-24 14:55:12.521  3670  4029 D ConnectivityService:   checking if request is: NetworkRequest [ id=282, legacyType=-1, [ Capabilities: INTERNET&NOT_RESTRICTED&TRUSTED] ] satisfies: true nri.isRequest: false
03-24 14:55:12.521  3670  4029 D ConnectivityService:   checking if request is: NetworkRequest [ id=267, legacyType=-1, [ Capabilities: INTERNET&NOT_RESTRICTED&TRUSTED] ] satisfies: true nri.isRequest: false
03-24 14:55:12.521  3670  4029 D ConnectivityService:   checking if request is: NetworkRequest [ id=5, legacyType=-1, [ Transports: WIFI Capabilities: INTERNET&NOT_RESTRICTED&TRUSTED&NOT_VPN] ] satisfies: true nri.isRequest: false
03-24 14:55:12.521  3670  4029 D ConnectivityService: Network NetworkAgentInfo [WIFI () - 510] was already satisfying request 1. No change.
03-24 14:55:12.521  3670  4029 D ConnectivityService:   checking if request is: NetworkRequest [ id=3, legacyType=-1, [] ] satisfies: true nri.isRequest: false
03-24 14:55:12.521  3670  4029 D ConnectivityService:   checking if request is: NetworkRequest [ id=4, legacyType=-1, [ Transports: CELLULAR Capabilities: INTERNET&NOT_RESTRICTED&TRUSTED&NOT_VPN] ] satisfies: false nri.isRequest: false
03-24 14:55:12.521  3670  4029 D ConnectivityService:   checking if request is: NetworkRequest [ id=283, legacyType=-1, [ Capabilities: INTERNET&NOT_RESTRICTED&TRUSTED] ] satisfies: true nri.isRequest: false
03-24 14:55:12.521  3670  4029 D ConnectivityService: sending notification AVAILABLE for NetworkRequest [ id=283, legacyType=-1, [ Capabilities: INTERNET&NOT_RESTRICTED&TRUSTED] ]
03-24 14:55:12.811  3670  4452 D PackageManager: setEnabledSetting : userId = 0 packageName = com.yandex.browser cmp = com.yandex.alice.shortcut.activities.AliceShortcutActivity newState = 1 callingPackage = 10175
03-24 14:55:12.821  3670  4409 I PersonaManager: mKnoxInfo is empty
03-24 14:55:12.831  3670  4407 I PersonaManager: mKnoxInfo is empty
03-24 14:55:12.891 17008 17063 I System.out: (HTTPLog)-Static: isSBSettingEnabled false
03-24 14:55:12.891 17008 17063 I System.out: (HTTPLog)-Static: isSBSettingEnabled false
03-24 14:55:13.671 16974 16993 W System.err: remove failed: ENOENT (No such file or directory) : /data/user/0/com.yandex.browser/shared_prefs/ya_traffic_usage_stat.xml.bak
03-24 14:55:14.311  3037  3741 D EnterpriseController: netId is 0
03-24 14:55:14.311  3037  3741 D Netd    : getNetworkForDns: using netid 510 for uid 10175
03-24 14:55:14.311  3037  3741 D EnterpriseController: netId is 0
03-24 14:55:14.311  3037  3741 D Netd    : getNetworkForDns: using netid 510 for uid 10175
03-24 14:55:14.311  3037  3741 D EnterpriseController: netId is 0
03-24 14:55:14.311  3037  3741 D Netd    : getNetworkForDns: using netid 510 for uid 10175
03-24 14:55:14.441 16974 17251 D skia    : --- SkImageDecoder::Factory returned null
03-24 14:55:14.441 16974 17251 D skia    : --- SkImageDecoder::Factory returned null
03-24 14:55:14.441 16974 17251 D skia    : --- SkImageDecoder::Factory returned null
03-24 14:55:14.451 16974 17251 D skia    : --- SkImageDecoder::Factory returned null
03-24 14:55:15.051 15171 15195 D ContactsProvider_EventLog: contents_sample_state: [ contacts(0) data(0) accounts({}) accounts deleted({}) calls([])  ]
03-24 14:55:15.051 15171 15195 D ContactsProvider_EventLog: contents_sample_state: [ agr({})  ]
03-24 14:55:15.081 15171 15195 E ContactsProvider_EventLog: Flush buffer to file cnt : 2 size : 0Kb duration : 25ms lastUpdatedAfter : 60064 ms mFlush_time_threasold : 2000 mCurrentSize : 342
03-24 14:55:15.541  3670  3930 D PackageManager: [MSG] WRITE_PACKAGE_RESTRICTIONS
03-24 14:55:15.571  3670  3930 W System.err: remove failed: ENOENT (No such file or directory) : /data/system/users/0/package-restrictions.xml.bak
03-24 14:55:16.591  3670  3980 V AlarmManager: Expired Alarm result :8
03-24 14:55:16.601  3670  3796 V BroadcastQueue: [background] Process cur broadcast BroadcastRecord{d98df20 u0 null qIdx=4}, state= (APP_RECEIVE) DELIVERED for app ProcessRecord{49f3f4c 4932:com.google.android.gms.persistent/u0a15}
03-24 14:55:16.601  3670  4016 I PersonaManager: mKnoxInfo is empty
03-24 14:55:16.621 17319 17319 E Zygote  : v2
03-24 14:55:16.621 17319 17319 I libpersona: KNOX_SDCARD checking this for 10171
03-24 14:55:16.621 17319 17319 I libpersona: KNOX_SDCARD not a persona
03-24 14:55:16.621 17319 17319 W SELinux : Function: selinux_compare_spd_ram, index[1], priority [2], priority version is VE=SEPF_SECMOBILE_6.0.1_0003
03-24 14:55:16.631  3670  4524 I ActivityManager: Start proc 17319:com.estrongs.android.pop/u0a171 for broadcast-3 com.estrongs.android.pop/com.dianxinos.dxservice.stat.AlarmReceiver
03-24 14:55:16.631 17319 17319 E Zygote  : accessInfo : 0
03-24 14:55:16.631 17319 17319 W SELinux : SELinux: seapp_context_lookup: seinfo=default, level=s0:c512,c768, pkgname=com.estrongs.android.pop 
03-24 14:55:16.631  3670  4952 I PersonaManager: mKnoxInfo is empty
03-24 14:55:16.661  3670  4407 V BroadcastQueue: [background] Process cur broadcast BroadcastRecord{efccd4c u0 DXCoreAlarmReceiver qIdx=4}, state= (APP_RECEIVE) DELIVERED for app ProcessRecord{cf8c195 17319:com.estrongs.android.pop/u0a171}
03-24 14:55:16.671 17319 17319 W ResourcesManager: getTopLevelResources: /data/app/com.estrongs.android.pop-1/base.apk / 1.0 running in com.estrongs.android.pop rsrc of package com.estrongs.android.pop
03-24 14:55:16.671  3670  4421 I InjectionManagerService -AppFeature: getCoreFeaturePkgList :[]
03-24 14:55:16.671 17319 17319 I InjectionManager: Inside getClassLibPath + mLibMap{0=, 1=}
03-24 14:55:16.681  3670  4143 I PersonaManager: mKnoxInfo is empty
03-24 14:55:16.731  4932 17318 D SecWifiDisplayUtil: Metadata value : SecSettings2
03-24 14:55:16.761 17319 17319 D ResourcesManager: For user 0 new overlays fetched Null
03-24 14:55:16.771 17319 17319 I InjectionManager: Inside getClassLibPath caller 
03-24 14:55:16.841 17319 17319 I MultiDex: VM with version 2.1.0 has multidex support
03-24 14:55:16.841 17319 17319 I MultiDex: Installing application
03-24 14:55:16.841 17319 17319 I MultiDex: VM has multidex support, MultiDex support library is disabled.
03-24 14:55:16.861 17319 17319 W ResourcesManager: getTopLevelResources: /data/app/com.estrongs.android.pop-1/base.apk / 1.0 running in com.estrongs.android.pop rsrc of package com.estrongs.android.pop
03-24 14:55:17.001  3670  4283 E Watchdog: !@Sync 2350 [03-24 14:55:17.013]
03-24 14:55:17.121  3670  4947 D SecContentProvider2: query(), uri = 15 selection = getToastGravityEnabledState
03-24 14:55:17.281  3670  4421 I PersonaManager: mKnoxInfo is empty
03-24 14:55:17.341 17319 17319 W ResourcesManager: getTopLevelResources: /data/app/com.estrongs.android.pop-1/base.apk / 1.0 running in com.estrongs.android.pop rsrc of package com.estrongs.android.pop
03-24 14:55:17.411  3670  4947 I PersonaManager: mKnoxInfo is empty
03-24 14:55:17.531 17319 17342 I art     : Note: end time exceeds epoch: 
03-24 14:55:17.571 17319 17342 I art     : Note: end time exceeds epoch: 
03-24 14:55:17.591  3670  4552 I PersonaManager: mKnoxInfo is empty
03-24 14:55:17.601 17319 17319 W System.err: org.json.JSONException: No value for name
03-24 14:55:17.601 17319 17319 W System.err: 	at org.json.JSONObject.get(JSONObject.java:389)
03-24 14:55:17.601 17319 17319 W System.err: 	at org.json.JSONObject.getString(JSONObject.java:550)
03-24 14:55:17.601 17319 17319 W System.err: 	at com.estrongs.android.pop.app.c.g.a(InfoCms.java:30)
03-24 14:55:17.601 17319 17319 W System.err: 	at com.estrongs.android.pop.app.openscreenad.e.a(OpenScreenADCms.java:30)
03-24 14:55:17.601 17319 17319 W System.err: 	at com.estrongs.android.pop.app.c.b.m(CmsManagerBase.java:280)
03-24 14:55:17.601 17319 17319 W System.err: 	at com.estrongs.android.pop.app.messagebox.b.b(ESCmsManager.java:128)
03-24 14:55:17.601 17319 17319 W System.err: 	at com.estrongs.android.pop.FexApplication.onCreate(FexApplication.java:323)
03-24 14:55:17.601 17319 17319 W System.err: 	at android.app.Instrumentation.callApplicationOnCreate(Instrumentation.java:1036)
03-24 14:55:17.601 17319 17319 W System.err: 	at android.app.ActivityThread.handleBindApplication(ActivityThread.java:6321)
03-24 14:55:17.601 17319 17319 W System.err: 	at android.app.ActivityThread.access$1800(ActivityThread.java:222)
03-24 14:55:17.601 17319 17319 W System.err: 	at android.app.ActivityThread$H.handleMessage(ActivityThread.java:1861)
03-24 14:55:17.601 17319 17319 W System.err: 	at android.os.Handler.dispatchMessage(Handler.java:102)
03-24 14:55:17.601 17319 17319 W System.err: 	at android.os.Looper.loop(Looper.java:158)
03-24 14:55:17.601 17319 17319 W System.err: 	at android.app.ActivityThread.main(ActivityThread.java:7229)
03-24 14:55:17.601 17319 17319 W System.err: 	at java.lang.reflect.Method.invoke(Native Method)
03-24 14:55:17.601 17319 17319 W System.err: 	at com.android.internal.os.ZygoteInit$MethodAndArgsCaller.run(ZygoteInit.java:1230)
03-24 14:55:17.601 17319 17319 W System.err: 	at com.android.internal.os.ZygoteInit.main(ZygoteInit.java:1120)
03-24 14:55:17.601 17319 17342 I art     : Note: end time exceeds epoch: 
03-24 14:55:17.661 17319 17348 W ResourcesManager: getTopLevelResources: /data/app/com.google.android.gms-1/base.apk / 1.0 running in com.estrongs.android.pop rsrc of package com.google.android.gms
03-24 14:55:17.661 17319 17346 W ResourcesManager: getTopLevelResources: /data/app/com.google.android.gms-1/base.apk / 1.0 running in com.estrongs.android.pop rsrc of package com.google.android.gms
03-24 14:55:17.661  3670  3697 I PersonaManager: mKnoxInfo is empty
03-24 14:55:17.671 17351 17351 E Zygote  : v2
03-24 14:55:17.671 17351 17351 I libpersona: KNOX_SDCARD checking this for 10171
03-24 14:55:17.671 17351 17351 I libpersona: KNOX_SDCARD not a persona
03-24 14:55:17.671 17351 17351 W SELinux : Function: selinux_compare_spd_ram, index[1], priority [2], priority version is VE=SEPF_SECMOBILE_6.0.1_0003
03-24 14:55:17.671 17319 17346 D ResourcesManager: For user 0 new overlays fetched Null
03-24 14:55:17.671 17319 17348 D ResourcesManager: For user 0 new overlays fetched Null
03-24 14:55:17.681 17351 17351 E Zygote  : accessInfo : 0
03-24 14:55:17.681  3670  3697 I ActivityManager: Start proc 17351:com.estrongs.android.pop:local/u0a171 for service com.estrongs.android.pop/com.android.apps.pros.LocalCService
03-24 14:55:17.681 17351 17351 W SELinux : SELinux: seapp_context_lookup: seinfo=default, level=s0:c512,c768, pkgname=com.estrongs.android.pop:local 
03-24 14:55:17.691 17319 17319 E br      : no life cycle callbacks available, malfunction of some mediation SDK may be found
03-24 14:55:17.711  3670  4452 I PersonaManager: mKnoxInfo is empty
03-24 14:55:17.721 17351 17351 W ResourcesManager: getTopLevelResources: /data/app/com.estrongs.android.pop-1/base.apk / 1.0 running in com.estrongs.android.pop rsrc of package com.estrongs.android.pop
03-24 14:55:17.721  3670  4143 I PersonaManager: mKnoxInfo is empty
03-24 14:55:17.721  3670  4552 I InjectionManagerService -AppFeature: getCoreFeaturePkgList :[]
03-24 14:55:17.721 17351 17351 I InjectionManager: Inside getClassLibPath + mLibMap{0=, 1=}
03-24 14:55:17.731 17319 17319 I internationalization: DuSwipe SDK V3.8 - 2017.05.23 - Swipe
03-24 14:55:17.741 17319 17319 D InjectionManager: InjectionManager
03-24 14:55:17.741 17319 17319 D InjectionManager: fillFeatureStoreMap com.estrongs.android.pop
03-24 14:55:17.741 17319 17319 I InjectionManager: Constructor com.estrongs.android.pop, Feature store :{}
03-24 14:55:17.741 17319 17319 I InjectionManager: featureStore :{}
03-24 14:55:17.791 14594 14604 I Finsky  : [2708] eku.b(9): com.estrongs.android.pop: Account determined from installer data - [EjmOzU_8VQSNDJVSI9LIliFwzfA]
03-24 14:55:17.791 14594 14604 I Finsky  : [2708] eku.b(9): com.estrongs.android.pop: Account from preferred account - [EjmOzU_8VQSNDJVSI9LIliFwzfA]
03-24 14:55:17.791 17319 17367 I System.out: (HTTPLog)-Static: isSBSettingEnabled false
03-24 14:55:17.791 17319 17367 I System.out: (HTTPLog)-Static: isSBSettingEnabled false
03-24 14:55:17.801  3037  3741 D EnterpriseController: netId is 0
03-24 14:55:17.801  3037  3741 D Netd    : getNetworkForDns: using netid 510 for uid 10171
03-24 14:55:17.801 17351 17351 D ResourcesManager: For user 0 new overlays fetched Null
03-24 14:55:17.801 17351 17351 I InjectionManager: Inside getClassLibPath caller 
03-24 14:55:17.811 14594 14937 I Finsky  : [2775] eku.b(9): com.estrongs.android.pop: Account determined from installer data - [EjmOzU_8VQSNDJVSI9LIliFwzfA]
03-24 14:55:17.811 14594 14937 I Finsky  : [2775] eku.b(9): com.estrongs.android.pop: Account from preferred account - [EjmOzU_8VQSNDJVSI9LIliFwzfA]
03-24 14:55:17.821 17319 17342 I art     : Note: end time exceeds epoch: 
03-24 14:55:17.821 17351 17351 I MultiDex: VM with version 2.1.0 has multidex support
03-24 14:55:17.821 17351 17351 I MultiDex: Installing application
03-24 14:55:17.821 17351 17351 I MultiDex: VM has multidex support, MultiDex support library is disabled.
03-24 14:55:17.821 17319 17370 I System.out: Thread-2861(ApacheHTTPLog):Reading from variable values from setDefaultValuesToVariables
03-24 14:55:17.821 17319 17370 I System.out: Thread-2861(ApacheHTTPLog):isSBSettingEnabled false
03-24 14:55:17.821 17319 17370 I System.out: Thread-2861(ApacheHTTPLog):isShipBuild true
03-24 14:55:17.821 17319 17370 I System.out: Thread-2861(ApacheHTTPLog):getDebugLevel 0x4f4c
03-24 14:55:17.821 17319 17370 I System.out: Thread-2861(ApacheHTTPLog):Smart Bonding Setting is false
03-24 14:55:17.821 17319 17370 I System.out: Thread-2861(ApacheHTTPLog):SmartBonding Setting is false, SHIP_BUILD is true, log to file is false, DBG is false, DEBUG_LEVEL (1-LOW, 2-MID, 3-HIGH) is 1
03-24 14:55:17.831  3037  3741 D EnterpriseController: netId is 0
03-24 14:55:17.831  3037  3741 D Netd    : getNetworkForDns: using netid 510 for uid 10171
03-24 14:55:17.841 17319 17365 W ResourcesManager: getTopLevelResources: /data/app/com.mobeam.barcodeService-1/base.apk / 1.0 running in com.estrongs.android.pop rsrc of package com.mobeam.barcodeService
03-24 14:55:17.841 17319 17365 D ResourcesManager: For user 0 new overlays fetched Null
03-24 14:55:17.851 17319 17365 W ResourcesManager: getTopLevelResources: /system/app/FilterProvider/FilterProvider.apk / 1.0 running in com.estrongs.android.pop rsrc of package com.samsung.android.provider.filterprovider
03-24 14:55:17.851 17319 17365 D ResourcesManager: For user 0 new overlays fetched Null
03-24 14:55:17.851 17319 17365 W ResourcesManager: getTopLevelResources: /system/app/RoseEUKor/RoseEUKor.apk / 1.0 running in com.estrongs.android.pop rsrc of package com.monotype.android.font.rosemary
03-24 14:55:17.861 17319 17365 D ResourcesManager: For user 0 new overlays fetched Null
03-24 14:55:17.861 17319 17365 W ResourcesManager: getTopLevelResources: /system/priv-app/AutomationTest_FB/AutomationTest_FB.apk / 1.0 running in com.estrongs.android.pop rsrc of package com.sec.android.app.DataCreate
03-24 14:55:17.861  3670  3931 V AlarmManager:  remove PendingIntent] PendingIntent{ee9555e: PendingIntentRecord{6e9916e com.estrongs.android.pop broadcastIntent}}
03-24 14:55:17.861 17319 17334 I internationalization:  SDK V3.9 - 2017.05.23 - UI
03-24 14:55:17.861 17319 17365 D ResourcesManager: For user 0 new overlays fetched Null
03-24 14:55:17.861  3670  4946 V AlarmManager:  remove PendingIntent] PendingIntent{6102d3f: PendingIntentRecord{6cb180c com.estrongs.android.pop broadcastIntent}}
03-24 14:55:17.871 17319 17342 I art     : Note: end time exceeds epoch: 
03-24 14:55:17.871 17319 17365 W ResourcesManager: getTopLevelResources: /system/app/MapconContentProvider/MapconContentProvider.apk / 1.0 running in com.estrongs.android.pop rsrc of package com.sec.android.providers.mapcon
03-24 14:55:17.871 17319 17365 D ResourcesManager: For user 0 new overlays fetched Null
03-24 14:55:17.871 17319 17365 W ResourcesManager: getTopLevelResources: /data/app/com.skype.raider-1/base.apk / 1.0 running in com.estrongs.android.pop rsrc of package com.skype.raider
03-24 14:55:17.871 17351 17351 D InjectionManager: InjectionManager
03-24 14:55:17.871 17351 17351 D InjectionManager: fillFeatureStoreMap com.estrongs.android.pop
03-24 14:55:17.881 17351 17351 I InjectionManager: Constructor com.estrongs.android.pop, Feature store :{}
03-24 14:55:17.881 17351 17351 I InjectionManager: featureStore :{}
03-24 14:55:17.881 17319 17365 D ResourcesManager: For user 0 new overlays fetched Null
03-24 14:55:17.891 17319 17365 W ResourcesManager: getTopLevelResources: /system/app/GalaxyAppsWidget_Phone/GalaxyAppsWidget_Phone.apk / 1.0 running in com.estrongs.android.pop rsrc of package com.sec.android.widgetapp.samsungapps
03-24 14:55:17.911  3670  4143 I PersonaManager: mKnoxInfo is empty
03-24 14:55:17.991 17319 17365 D ResourcesManager: For user 0 new overlays fetched Null
03-24 14:55:17.991 17319 17342 I art     : Note: end time exceeds epoch: 
03-24 14:55:17.991 17319 17346 I System.out: Thread-2849(ApacheHTTPLog):isSBSettingEnabled false
03-24 14:55:17.991 17319 17346 I System.out: Thread-2849(ApacheHTTPLog):isShipBuild true
03-24 14:55:17.991 17319 17346 I System.out: Thread-2849(ApacheHTTPLog):getDebugLevel 0x4f4c
03-24 14:55:17.991 17319 17346 I System.out: Thread-2849(ApacheHTTPLog):Smart Bonding Setting is false
03-24 14:55:17.991 17319 17346 I System.out: Thread-2849(ApacheHTTPLog):SmartBonding Setting is false, SHIP_BUILD is true, log to file is false, DBG is false, DEBUG_LEVEL (1-LOW, 2-MID, 3-HIGH) is 1
03-24 14:55:18.001  3037  3741 D EnterpriseController: netId is 0
03-24 14:55:18.001  3037  3741 D Netd    : getNetworkForDns: using netid 510 for uid 10171
03-24 14:55:18.001  3670  4524 I PersonaManager: mKnoxInfo is empty
03-24 14:55:18.001 17319 17365 W ResourcesManager: getTopLevelResources: /data/app/com.google.android.youtube-2/base.apk / 1.0 running in com.estrongs.android.pop rsrc of package com.google.android.youtube
03-24 14:55:18.041  3670  4454 I PersonaManager: mKnoxInfo is empty
03-24 14:55:18.131  3670  3682 I art     : Background partial concurrent mark sweep GC freed 218291(14MB) AllocSpace objects, 67(1460KB) LOS objects, 26% free, 43MB/59MB, paused 2.383ms total 235.257ms
03-24 14:55:18.131 17319 17365 D ResourcesManager: For user 0 new overlays fetched Null
03-24 14:55:18.151 17319 17365 W ResourcesManager: getTopLevelResources: /system/priv-app/SFinder_v4/SFinder_v4.apk / 1.0 running in com.estrongs.android.pop rsrc of package com.samsung.android.app.galaxyfinder
03-24 14:55:18.241 17319 17365 D ResourcesManager: For user 0 new overlays fetched Null
03-24 14:55:18.271 17319 17319 I UpnpServiceImpl: >>> Starting UPnP service...
03-24 14:55:18.271 17319 17319 I UpnpServiceImpl: Using configuration: com.estrongs.dlna.core.d
03-24 14:55:18.301 17319 17365 W ResourcesManager: getTopLevelResources: /system/priv-app/ThemeStore_3xh/ThemeStore_3xh.apk / 1.0 running in com.estrongs.android.pop rsrc of package com.samsung.android.themestore
03-24 14:55:18.381  3670  3698 D ConnectivityService: returning getNetworkInfo for network type 1 : [type: WIFI[] - WIFI, state: CONNECTED/CONNECTED, reason: (unspecified), extra: "DataStructures", roaming: false, failover: false, isAvailable: true]
03-24 14:55:18.381 17319 17319 I Router  : WiFi is enabled (or running on Android emulator), starting router immediately
03-24 14:55:18.381 17319 17365 D ResourcesManager: For user 0 new overlays fetched Null
03-24 14:55:18.391 17319 17319 I Router  : Creating Router: org.teleal.cling.transport.RouterImpl
03-24 14:55:18.401 17319 17399 I System.out: (HTTPLog)-Static: isSBSettingEnabled false
03-24 14:55:18.401 17319 17365 W ResourcesManager: getTopLevelResources: /system/priv-app/SecTelephonyProvider_Epic/SecTelephonyProvider_Epic.apk / 1.0 running in com.estrongs.android.pop rsrc of package com.android.providers.telephony
03-24 14:55:18.401 17319 17399 I System.out: (HTTPLog)-Static: isSBSettingEnabled false
03-24 14:55:18.401  3037  3741 D EnterpriseController: netId is 0
03-24 14:55:18.401  3037  3741 D Netd    : getNetworkForDns: using netid 510 for uid 10171
03-24 14:55:18.411 17319 17365 D ResourcesManager: For user 0 new overlays fetched Null
03-24 14:55:18.411 17319 17365 W ResourcesManager: getTopLevelResources: /system/app/DRParser/DRParser.apk / 1.0 running in com.estrongs.android.pop rsrc of package com.sec.android.app.parser
03-24 14:55:18.421 17319 17319 I NetworkAddressFactory: Discovered WiFi network interface: wlan0
03-24 14:55:18.421 17319 17365 D ResourcesManager: For user 0 new overlays fetched Null
03-24 14:55:18.431 17319 17365 W ResourcesManager: getTopLevelResources: /system/priv-app/SVoicePLM_1.0/SVoicePLM_1.0.apk / 1.0 running in com.estrongs.android.pop rsrc of package com.samsung.svoice.sync
03-24 14:55:18.441 17319 17319 I StreamServer: Created socket (for receiving TCP streams) on: /192.168.0.174:42079
03-24 14:55:18.441 17319 17319 I MulticastReceiver: Creating wildcard socket (for receiving multicast datagrams) on port: 1900
03-24 14:55:18.441 17319 17319 I MulticastReceiver: Joining multicast group: /239.255.255.250:1900 on network interface: wlan0
03-24 14:55:18.441 17319 17319 I DatagramIO: Creating bound socket (for datagram input/output) on: /192.168.0.174
03-24 14:55:18.441 17319 17365 D ResourcesManager: For user 0 new overlays fetched Null
03-24 14:55:18.441 17319 17365 W ResourcesManager: getTopLevelResources: /system/app/IWlanContentProvider/IWlanContentProvider.apk / 1.0 running in com.estrongs.android.pop rsrc of package com.sec.android.providers.iwlansettings
03-24 14:55:18.451 17319 17379 I System.out: Thread-2867(ApacheHTTPLog):isSBSettingEnabled false
03-24 14:55:18.451 17319 17379 I System.out: Thread-2867(ApacheHTTPLog):isShipBuild true
03-24 14:55:18.451  3670  4946 E BatteryStatsImpl: Wifi multicast lock enabled by UID  = 10171
03-24 14:55:18.451 17319 17379 I System.out: Thread-2867(ApacheHTTPLog):getDebugLevel 0x4f4c
03-24 14:55:18.451 17319 17379 I System.out: Thread-2867(ApacheHTTPLog):Smart Bonding Setting is false
03-24 14:55:18.451 17319 17379 I System.out: Thread-2867(ApacheHTTPLog):SmartBonding Setting is false, SHIP_BUILD is true, log to file is false, DBG is false, DEBUG_LEVEL (1-LOW, 2-MID, 3-HIGH) is 1
03-24 14:55:18.451  3037  3741 D EnterpriseController: netId is 0
03-24 14:55:18.451  3037  3741 D Netd    : getNetworkForDns: using netid 510 for uid 10171
03-24 14:55:18.451 17319 17365 D ResourcesManager: For user 0 new overlays fetched Null
03-24 14:55:18.451 17319 17319 I UpnpServiceImpl: <<< UPnP service started successfully
03-24 14:55:18.461  3670  4552 D ConnectivityService: returning getNetworkInfo for network type 1 : [type: WIFI[] - WIFI, state: CONNECTED/CONNECTED, reason: (unspecified), extra: "DataStructures", roaming: false, failover: false, isAvailable: true]
03-24 14:55:18.461 17319 17319 I Router  : WiFi state changed, trying to enable router
03-24 14:55:18.461 17319 17365 W ResourcesManager: getTopLevelResources: /data/app/com.google.android.googlequicksearchbox-1/base.apk / 1.0 running in com.estrongs.android.pop rsrc of package com.google.android.googlequicksearchbox
03-24 14:55:18.481 17319 17365 D ResourcesManager: For user 0 new overlays fetched Null
03-24 14:55:18.481 17319 17365 W ResourcesManager: getTopLevelResources: /system/priv-app/SecCalendarProvider_NOTSTICKER/SecCalendarProvider_NOTSTICKER.apk / 1.0 running in com.estrongs.android.pop rsrc of package com.android.providers.calendar
03-24 14:55:18.481 17319 17365 D ResourcesManager: For user 0 new overlays fetched Null
03-24 14:55:18.481 17319 17365 W ResourcesManager: getTopLevelResources: /system/priv-app/SamsungAccount_Hero/SamsungAccount_Hero.apk / 1.0 running in com.estrongs.android.pop rsrc of package com.osp.app.signin
03-24 14:55:18.511 17319 17365 D ResourcesManager: For user 0 new overlays fetched Null
03-24 14:55:18.511 17319 17365 W ResourcesManager: getTopLevelResources: /system/app/ClipboardSaveService/ClipboardSaveService.apk / 1.0 running in com.estrongs.android.pop rsrc of package com.samsung.clipboardsaveservice
03-24 14:55:18.511 17319 17365 D ResourcesManager: For user 0 new overlays fetched Null
03-24 14:55:18.511 17319 17365 W ResourcesManager: getTopLevelResources: /system/app/TetheringAutomation/TetheringAutomation.apk / 1.0 running in com.estrongs.android.pop rsrc of package com.sec.automation
03-24 14:55:18.511 17319 17365 D ResourcesManager: For user 0 new overlays fetched Null
03-24 14:55:18.511 17319 17365 W ResourcesManager: getTopLevelResources: /system/priv-app/SecMediaProvider/SecMediaProvider.apk / 1.0 running in com.estrongs.android.pop rsrc of package com.android.providers.media
03-24 14:55:18.521 17319 17365 D ResourcesManager: For user 0 new overlays fetched Null
03-24 14:55:18.521 17319 17365 W ResourcesManager: getTopLevelResources: /system/app/VideoCollage_Hero/VideoCollage_Hero.apk / 1.0 running in com.estrongs.android.pop rsrc of package com.sec.android.app.clipvideo
03-24 14:55:18.521 17319 17365 D ResourcesManager: For user 0 new overlays fetched Null
03-24 14:55:18.521 17319 17365 W ResourcesManager: getTopLevelResources: /system/priv-app/GoogleOneTimeInitializer/GoogleOneTimeInitializer.apk / 1.0 running in com.estrongs.android.pop rsrc of package com.google.android.onetimeinitializer
03-24 14:55:18.531 17319 17365 D ResourcesManager: For user 0 new overlays fetched Null
03-24 14:55:18.531 17319 17342 W ResourcesManager: getTopLevelResources: /system/priv-app/GoogleOneTimeInitializer/GoogleOneTimeInitializer.apk / 1.0 running in com.estrongs.android.pop rsrc of package com.google.android.onetimeinitializer
03-24 14:55:18.531 17319 17365 W ResourcesManager: getTopLevelResources: /system/app/DigitalClock_MOSUP/DigitalClock_MOSUP.apk / 1.0 running in com.estrongs.android.pop rsrc of package com.sec.android.widgetapp.digitalclock
03-24 14:55:18.531 17319 17342 D ResourcesManager: For user 0 new overlays fetched Null
03-24 14:55:18.531 17319 17365 D ResourcesManager: For user 0 new overlays fetched Null
03-24 14:55:18.541 17319 17365 W ResourcesManager: getTopLevelResources: /system/priv-app/ShootingModeProvider/ShootingModeProvider.apk / 1.0 running in com.estrongs.android.pop rsrc of package com.samsung.android.provider.shootingmodeprovider
03-24 14:55:18.541 17319 17365 D ResourcesManager: For user 0 new overlays fetched Null
03-24 14:55:18.541 17319 17365 W ResourcesManager: getTopLevelResources: /system/app/withTV/withTV.apk / 1.0 running in com.estrongs.android.pop rsrc of package com.samsung.android.app.withtv
03-24 14:55:18.541 17319 17365 D ResourcesManager: For user 0 new overlays fetched Null
03-24 14:55:18.541 17319 17342 W ResourcesManager: getTopLevelResources: /system/app/withTV/withTV.apk / 1.0 running in com.estrongs.android.pop rsrc of package com.samsung.android.app.withtv
03-24 14:55:18.541 17319 17342 D ResourcesManager: For user 0 new overlays fetched Null
03-24 14:55:18.551 17319 17365 W ResourcesManager: getTopLevelResources: /system/priv-app/SKMSAgent/SKMSAgent.apk / 1.0 running in com.estrongs.android.pop rsrc of package com.skms.android.agent
03-24 14:55:18.551 17319 17365 D ResourcesManager: For user 0 new overlays fetched Null
03-24 14:55:18.551 17319 17342 W ResourcesManager: getTopLevelResources: /system/priv-app/SKMSAgent/SKMSAgent.apk / 1.0 running in com.estrongs.android.pop rsrc of package com.skms.android.agent
03-24 14:55:18.551 17319 17365 W ResourcesManager: getTopLevelResources: /system/priv-app/RNBShell/RNBShell.apk / 1.0 running in com.estrongs.android.pop rsrc of package com.samsung.android.hmt.vrshell
03-24 14:55:18.561 17319 17342 D ResourcesManager: For user 0 new overlays fetched Null
03-24 14:55:18.561 17319 17365 D ResourcesManager: For user 0 new overlays fetched Null
03-24 14:55:18.561 17319 17365 W ResourcesManager: getTopLevelResources: /system/priv-app/SendHelpMessage/SendHelpMessage.apk / 1.0 running in com.estrongs.android.pop rsrc of package com.sec.android.app.safetyassurance
03-24 14:55:18.571 17319 17342 W ResourcesManager: getTopLevelResources: /system/priv-app/SendHelpMessage/SendHelpMessage.apk / 1.0 running in com.estrongs.android.pop rsrc of package com.sec.android.app.safetyassurance
03-24 14:55:18.571 17319 17365 D ResourcesManager: For user 0 new overlays fetched Null
03-24 14:55:18.571 17319 17342 D ResourcesManager: For user 0 new overlays fetched Null
03-24 14:55:18.581 17319 17342 W ResourcesManager: getTopLevelResources: /system/app/DualSimWidget/DualSimWidget.apk / 1.0 running in com.estrongs.android.pop rsrc of package com.sec.android.widgetapp.dualsimwidget
03-24 14:55:18.581 17319 17365 W ResourcesManager: getTopLevelResources: /system/app/DualSimWidget/DualSimWidget.apk / 1.0 running in com.estrongs.android.pop rsrc of package com.sec.android.widgetapp.dualsimwidget
03-24 14:55:18.591 17319 17342 D ResourcesManager: For user 0 new overlays fetched Null
03-24 14:55:18.591 17319 17365 D ResourcesManager: For user 0 new overlays fetched Null
03-24 14:55:18.601 17319 17342 W ResourcesManager: getTopLevelResources: /system/app/FactoryCameraFB/FactoryCameraFB.apk / 1.0 running in com.estrongs.android.pop rsrc of package com.sec.factory.camera
03-24 14:55:18.601 17319 17365 W ResourcesManager: getTopLevelResources: /system/app/FactoryCameraFB/FactoryCameraFB.apk / 1.0 running in com.estrongs.android.pop rsrc of package com.sec.factory.camera
03-24 14:55:18.611 17319 17342 D ResourcesManager: For user 0 new overlays fetched Null
03-24 14:55:18.611 17319 17365 D ResourcesManager: For user 0 new overlays fetched Null
03-24 14:55:18.621 17319 17370 I System.out: vcPuller calls detatch()
03-24 14:55:18.621 17319 17365 W ResourcesManager: getTopLevelResources: /system/app/USBSettings/USBSettings.apk / 1.0 running in com.estrongs.android.pop rsrc of package com.sec.usbsettings
03-24 14:55:18.621 17319 17342 W ResourcesManager: getTopLevelResources: /system/app/USBSettings/USBSettings.apk / 1.0 running in com.estrongs.android.pop rsrc of package com.sec.usbsettings
03-24 14:55:18.631 17319 17365 D ResourcesManager: For user 0 new overlays fetched Null
03-24 14:55:18.631 17319 17342 D ResourcesManager: For user 0 new overlays fetched Null
03-24 14:55:18.631 17319 17365 W ResourcesManager: getTopLevelResources: /system/app/EasySetup/EasySetup.apk / 1.0 running in com.estrongs.android.pop rsrc of package com.samsung.android.easysetup
03-24 14:55:18.631 17319 17365 D ResourcesManager: For user 0 new overlays fetched Null
03-24 14:55:18.641 17319 17365 W ResourcesManager: getTopLevelResources: /system/app/DocumentsUI/DocumentsUI.apk / 1.0 running in com.estrongs.android.pop rsrc of package com.android.documentsui
03-24 14:55:18.641 17319 17365 D ResourcesManager: For user 0 new overlays fetched Null
03-24 14:55:18.641 17319 17365 W ResourcesManager: getTopLevelResources: /system/priv-app/ExternalStorageProvider/ExternalStorageProvider.apk / 1.0 running in com.estrongs.android.pop rsrc of package com.android.externalstorage
03-24 14:55:18.651 17319 17365 D ResourcesManager: For user 0 new overlays fetched Null
03-24 14:55:18.651 17319 17365 W ResourcesManager: getTopLevelResources: /system/app/EasyOneHand3/EasyOneHand3.apk / 1.0 running in com.estrongs.android.pop rsrc of package com.sec.android.easyonehand
03-24 14:55:18.651 17319 17342 W ResourcesManager: getTopLevelResources: /system/app/EasyOneHand3/EasyOneHand3.apk / 1.0 running in com.estrongs.android.pop rsrc of package com.sec.android.easyonehand
03-24 14:55:18.651 17319 17365 D ResourcesManager: For user 0 new overlays fetched Null
03-24 14:55:18.651 17319 17342 D ResourcesManager: For user 0 new overlays fetched Null
03-24 14:55:18.661 17319 17365 W ResourcesManager: getTopLevelResources: /system/priv-app/DeviceTest/DeviceTest.apk / 1.0 running in com.estrongs.android.pop rsrc of package com.sec.factory
03-24 14:55:18.661 17319 17365 D ResourcesManager: For user 0 new overlays fetched Null
03-24 14:55:18.661 17319 17365 W ResourcesManager: getTopLevelResources: /system/app/SecHTMLViewer/SecHTMLViewer.apk / 1.0 running in com.estrongs.android.pop rsrc of package com.android.htmlviewer
03-24 14:55:18.671 17319 17365 D ResourcesManager: For user 0 new overlays fetched Null
03-24 14:55:18.671 17319 17342 W ResourcesManager: getTopLevelResources: /system/app/SecHTMLViewer/SecHTMLViewer.apk / 1.0 running in com.estrongs.android.pop rsrc of package com.android.htmlviewer
03-24 14:55:18.671 17319 17365 W ResourcesManager: getTopLevelResources: /data/app/com.whatsapp-1/base.apk / 1.0 running in com.estrongs.android.pop rsrc of package com.whatsapp
03-24 14:55:18.671 17319 17342 D ResourcesManager: For user 0 new overlays fetched Null
03-24 14:55:18.691 17319 17365 D ResourcesManager: For user 0 new overlays fetched Null
03-24 14:55:18.701 17319 17342 W ResourcesManager: getTopLevelResources: /data/app/com.whatsapp-1/base.apk / 1.0 running in com.estrongs.android.pop rsrc of package com.whatsapp
03-24 14:55:18.701 17319 17365 W ResourcesManager: getTopLevelResources: /system/priv-app/WallpaperCropper2/WallpaperCropper2.apk / 1.0 running in com.estrongs.android.pop rsrc of package com.sec.android.wallpapercropper2
03-24 14:55:18.711 17319 17365 D ResourcesManager: For user 0 new overlays fetched Null
03-24 14:55:18.711 17319 17365 W ResourcesManager: getTopLevelResources: /system/priv-app/SecDownloadProvider/SecDownloadProvider.apk / 1.0 running in com.estrongs.android.pop rsrc of package com.android.providers.downloads
03-24 14:55:18.711 17319 17365 D ResourcesManager: For user 0 new overlays fetched Null
03-24 14:55:18.711 17319 17365 W ResourcesManager: getTopLevelResources: /system/app/QuickConnect_40/QuickConnect_40.apk / 1.0 running in com.estrongs.android.pop rsrc of package com.samsung.android.qconnect
03-24 14:55:18.721 17319 17342 W ResourcesManager: getTopLevelResources: /system/app/QuickConnect_40/QuickConnect_40.apk / 1.0 running in com.estrongs.android.pop rsrc of package com.samsung.android.qconnect
03-24 14:55:18.721 17319 17342 D ResourcesManager: For user 0 new overlays fetched Null
03-24 14:55:18.721 17319 17365 D ResourcesManager: For user 0 new overlays fetched Null
03-24 14:55:18.731 17319 17365 W ResourcesManager: getTopLevelResources: /system/app/SmartSwitchAgent/SmartSwitchAgent.apk / 1.0 running in com.estrongs.android.pop rsrc of package com.sec.android.easyMover.Agent
03-24 14:55:18.741 17319 17365 D ResourcesManager: For user 0 new overlays fetched Null
03-24 14:55:18.741 17319 17342 W ResourcesManager: getTopLevelResources: /system/app/SmartSwitchAgent/SmartSwitchAgent.apk / 1.0 running in com.estrongs.android.pop rsrc of package com.sec.android.easyMover.Agent
03-24 14:55:18.741 17319 17365 W ResourcesManager: getTopLevelResources: /system/app/bootagent/bootagent.apk / 1.0 running in com.estrongs.android.pop rsrc of package com.samsung.ucs.agent.boot
03-24 14:55:18.741 17319 17342 D ResourcesManager: For user 0 new overlays fetched Null
03-24 14:55:18.741 17319 17365 D ResourcesManager: For user 0 new overlays fetched Null
03-24 14:55:18.751 17319 17365 W ResourcesManager: getTopLevelResources: /system/priv-app/OmaCP/OmaCP.apk / 1.0 running in com.estrongs.android.pop rsrc of package com.wsomacp
03-24 14:55:18.761 17319 17365 D ResourcesManager: For user 0 new overlays fetched Null
03-24 14:55:18.761 17319 17342 W ResourcesManager: getTopLevelResources: /system/priv-app/OmaCP/OmaCP.apk / 1.0 running in com.estrongs.android.pop rsrc of package com.wsomacp
03-24 14:55:18.761 17319 17342 D ResourcesManager: For user 0 new overlays fetched Null
03-24 14:55:18.761 17319 17365 W ResourcesManager: getTopLevelResources: /system/priv-app/VirtualTourViewer_WQHD_lightTheme/VirtualTourViewer_WQHD_lightTheme.apk / 1.0 running in com.estrongs.android.pop rsrc of package com.sec.android.app.tourviewer
03-24 14:55:18.771 17319 17365 D ResourcesManager: For user 0 new overlays fetched Null
03-24 14:55:18.771 17319 17365 W ResourcesManager: getTopLevelResources: /system/app/Kies/Kies.apk / 1.0 running in com.estrongs.android.pop rsrc of package com.sec.android.Kies
03-24 14:55:18.781 17319 17365 D ResourcesManager: For user 0 new overlays fetched Null
03-24 14:55:18.781 17319 17365 W ResourcesManager: getTopLevelResources: /data/app/com.sec.android.app.voicenote-1/base.apk / 1.0 running in com.estrongs.android.pop rsrc of package com.sec.android.app.voicenote
03-24 14:55:18.791 17319 17342 W ResourcesManager: getTopLevelResources: /data/app/com.sec.android.app.voicenote-1/base.apk / 1.0 running in com.estrongs.android.pop rsrc of package com.sec.android.app.voicenote
03-24 14:55:18.791 17319 17365 D ResourcesManager: For user 0 new overlays fetched Null
03-24 14:55:18.791 17319 17342 D ResourcesManager: For user 0 new overlays fetched Null
03-24 14:55:18.801 17319 17365 W ResourcesManager: getTopLevelResources: /system/priv-app/EasyLauncher2_Zero/EasyLauncher2_Zero.apk / 1.0 running in com.estrongs.android.pop rsrc of package com.sec.android.app.easylauncher
03-24 14:55:18.801 17319 17342 W ResourcesManager: getTopLevelResources: /system/priv-app/EasyLauncher2_Zero/EasyLauncher2_Zero.apk / 1.0 running in com.estrongs.android.pop rsrc of package com.sec.android.app.easylauncher
03-24 14:55:18.801 17319 17342 D ResourcesManager: For user 0 new overlays fetched Null
03-24 14:55:18.801 17319 17365 D ResourcesManager: For user 0 new overlays fetched Null
03-24 14:55:18.811 17319 17342 W ResourcesManager: getTopLevelResources: /system/app/RCPComponents/RCPComponents.apk / 1.0 running in com.estrongs.android.pop rsrc of package com.samsung.knox.rcp.components
03-24 14:55:18.811 17319 17365 W ResourcesManager: getTopLevelResources: /system/app/RCPComponents/RCPComponents.apk / 1.0 running in com.estrongs.android.pop rsrc of package com.samsung.knox.rcp.components
03-24 14:55:18.811 17319 17365 D ResourcesManager: For user 0 new overlays fetched Null
03-24 14:55:18.811 17319 17342 D ResourcesManager: For user 0 new overlays fetched Null
03-24 14:55:18.821 17319 17342 W ResourcesManager: getTopLevelResources: /data/app/com.microsoft.office.officelens-2/base.apk / 1.0 running in com.estrongs.android.pop rsrc of package com.microsoft.office.officelens
03-24 14:55:18.821 17319 17365 W ResourcesManager: getTopLevelResources: /data/app/com.microsoft.office.officelens-2/base.apk / 1.0 running in com.estrongs.android.pop rsrc of package com.microsoft.office.officelens
03-24 14:55:18.841 17319 17365 D ResourcesManager: For user 0 new overlays fetched Null
03-24 14:55:18.841 17319 17342 D ResourcesManager: For user 0 new overlays fetched Null
03-24 14:55:18.851 17319 17342 W ResourcesManager: getTopLevelResources: /system/app/EasymodeContactsWidget/EasymodeContactsWidget.apk / 1.0 running in com.estrongs.android.pop rsrc of package com.sec.android.widgetapp.easymodecontactswidget
03-24 14:55:18.851 17319 17365 W ResourcesManager: getTopLevelResources: /system/app/EasymodeContactsWidget/EasymodeContactsWidget.apk / 1.0 running in com.estrongs.android.pop rsrc of package com.sec.android.widgetapp.easymodecontactswidget
03-24 14:55:18.851 17319 17342 D ResourcesManager: For user 0 new overlays fetched Null
03-24 14:55:18.851 17319 17365 D ResourcesManager: For user 0 new overlays fetched Null
03-24 14:55:18.861 17319 17342 W ResourcesManager: getTopLevelResources: /system/priv-app/SecEmail_M/SecEmail_M.apk / 1.0 running in com.estrongs.android.pop rsrc of package com.samsung.android.email.provider
03-24 14:55:18.861 17319 17365 W ResourcesManager: getTopLevelResources: /system/priv-app/SecEmail_M/SecEmail_M.apk / 1.0 running in com.estrongs.android.pop rsrc of package com.samsung.android.email.provider
03-24 14:55:18.891 17319 17365 D ResourcesManager: For user 0 new overlays fetched Null
03-24 14:55:18.891 17319 17342 D ResourcesManager: For user 0 new overlays fetched Null
03-24 14:55:18.901 17319 17342 W ResourcesManager: getTopLevelResources: /system/priv-app/intelligenceservice2/intelligenceservice2.apk / 1.0 running in com.estrongs.android.pop rsrc of package com.samsung.android.intelligenceservice2
03-24 14:55:18.901 17319 17365 W ResourcesManager: getTopLevelResources: /system/priv-app/intelligenceservice2/intelligenceservice2.apk / 1.0 running in com.estrongs.android.pop rsrc of package com.samsung.android.intelligenceservice2
03-24 14:55:18.901 17319 17342 D ResourcesManager: For user 0 new overlays fetched Null
03-24 14:55:18.901 17319 17365 D ResourcesManager: For user 0 new overlays fetched Null
03-24 14:55:18.911 17319 17342 W ResourcesManager: getTopLevelResources: /system/priv-app/SmartSelfShot/SmartSelfShot.apk / 1.0 running in com.estrongs.android.pop rsrc of package com.sec.di.SmartSelfShot
03-24 14:55:18.911 17319 17365 W ResourcesManager: getTopLevelResources: /system/priv-app/SmartSelfShot/SmartSelfShot.apk / 1.0 running in com.estrongs.android.pop rsrc of package com.sec.di.SmartSelfShot
03-24 14:55:18.921 17319 17365 D ResourcesManager: For user 0 new overlays fetched Null
03-24 14:55:18.921 17319 17342 D ResourcesManager: For user 0 new overlays fetched Null
03-24 14:55:18.931 17319 17342 W ResourcesManager: getTopLevelResources: /system/priv-app/MtpApplication/MtpApplication.apk / 1.0 running in com.estrongs.android.pop rsrc of package com.samsung.android.MtpApplication
03-24 14:55:18.931 17319 17365 W ResourcesManager: getTopLevelResources: /system/priv-app/MtpApplication/MtpApplication.apk / 1.0 running in com.estrongs.android.pop rsrc of package com.samsung.android.MtpApplication
03-24 14:55:18.931 17319 17342 D ResourcesManager: For user 0 new overlays fetched Null
03-24 14:55:18.931 17319 17365 D ResourcesManager: For user 0 new overlays fetched Null
03-24 14:55:18.941 17319 17365 W ResourcesManager: getTopLevelResources: /system/priv-app/DeviceKeystring/DeviceKeystring.apk / 1.0 running in com.estrongs.android.pop rsrc of package com.sec.android.app.factorykeystring
03-24 14:55:18.951 17319 17342 W ResourcesManager: getTopLevelResources: /system/priv-app/DeviceKeystring/DeviceKeystring.apk / 1.0 running in com.estrongs.android.pop rsrc of package com.sec.android.app.factorykeystring
03-24 14:55:18.951 17319 17365 D ResourcesManager: For user 0 new overlays fetched Null
03-24 14:55:18.951 17319 17342 D ResourcesManager: For user 0 new overlays fetched Null
03-24 14:55:18.961 17319 17365 W ResourcesManager: getTopLevelResources: /data/app/com.sec.android.app.samsungapps-2/base.apk / 1.0 running in com.estrongs.android.pop rsrc of package com.sec.android.app.samsungapps
03-24 14:55:18.971 17319 17342 W ResourcesManager: getTopLevelResources: /data/app/com.sec.android.app.samsungapps-2/base.apk / 1.0 running in com.estrongs.android.pop rsrc of package com.sec.android.app.samsungapps
03-24 14:55:18.981 17319 17365 D ResourcesManager: For user 0 new overlays fetched Null
03-24 14:55:18.981 17319 17342 D ResourcesManager: For user 0 new overlays fetched Null
03-24 14:55:19.001  3670  4952 D BatteryService: !@BatteryListener : batteryPropertiesChanged!
03-24 14:55:19.001  3670  4952 D BatteryService: level:93, scale:100, status:2, health:2, present:true, voltage: 4238, temperature: 312, technology: Li-ion, AC powered:false, USB powered:true, POGO powered:false, Wireless powered:false, icon:17303414, invalid charger:0, maxChargingCurrent:0
03-24 14:55:19.001  3670  4952 D BatteryService: online:4, current avg:68, charge type:1, power sharing:false, high voltage charger:false, capacity:280000, batterySWSelfDischarging:false, current_now:-54
03-24 14:55:19.001  3670  3670 D BatteryService: Sending ACTION_BATTERY_CHANGED.
03-24 14:55:19.001  3670  3670 I MotionRecognitionService: Plugged
03-24 14:55:19.001  3670  3670 E MotionRecognitionService: support TA ~
03-24 14:55:19.001  3670  3670 I MotionRecognitionService: isTAConnected | current backoffstate  = 33792
03-24 14:55:19.001  3670  3670 D MotionRecognitionService:  TA connected ,  33792
03-24 14:55:19.001  3670  3670 I MotionRecognitionService: skip setTransmitPower. 
03-24 14:55:19.001  3670  3670 D MotionRecognitionService:   cableConnection= 1
03-24 14:55:19.001  3670  3670 D MotionRecognitionService: setPowerConnected | current backoffstate  = 33792 , state =33792
03-24 14:55:19.001  3670  3670 D MotionRecognitionService: skip setTransmitPower. 
03-24 14:55:19.001  4103  4103 D KeyguardUpdateMonitor: received broadcast android.intent.action.BATTERY_CHANGED
03-24 14:55:19.001  4103  4103 D PowerUI : priorPlugType = 2 mPlugType =  2
03-24 14:55:19.001 17319 17365 W ResourcesManager: getTopLevelResources: /system/app/EmergencyModeService/EmergencyModeService.apk / 1.0 running in com.estrongs.android.pop rsrc of package com.sec.android.emergencymode.service
03-24 14:55:19.001  4103  4103 D PowerUI.Notification: showChargingNotice oldChargingType : 1 currentChargingType : 1 oldChargingTime : 1325000 mChargingTime : 1325000
03-24 14:55:19.001  4103  4103 D KeyguardUpdateMonitor: handleBatteryUpdate
03-24 14:55:19.001  4103  4103 D PowerUI.Notification: There is no change about charging status, so return!
03-24 14:55:19.011 17319 17342 W ResourcesManager: getTopLevelResources: /system/app/EmergencyModeService/EmergencyModeService.apk / 1.0 running in com.estrongs.android.pop rsrc of package com.sec.android.emergencymode.service
03-24 14:55:19.021 17319 17365 D ResourcesManager: For user 0 new overlays fetched Null
03-24 14:55:19.021 17319 17342 D ResourcesManager: For user 0 new overlays fetched Null
03-24 14:55:19.041  4103  4103 D BatteryMeterView: ACTION_BATTERY_CHANGED : level:93 status:2 health:2
03-24 14:55:19.041  4103  4103 D BatteryMeterView: ACTION_BATTERY_CHANGED : level:93 status:2 health:2
03-24 14:55:19.041 17319 17365 W ResourcesManager: getTopLevelResources: /data/app/tv.peel.app-1/base.apk / 1.0 running in com.estrongs.android.pop rsrc of package tv.peel.app
03-24 14:55:19.041 17319 17342 W ResourcesManager: getTopLevelResources: /data/app/tv.peel.app-1/base.apk / 1.0 running in com.estrongs.android.pop rsrc of package tv.peel.app
03-24 14:55:19.141 17319 17342 D ResourcesManager: For user 0 new overlays fetched Null
03-24 14:55:19.141 17319 17365 D ResourcesManager: For user 0 new overlays fetched Null
03-24 14:55:19.151 17319 17342 W ResourcesManager: getTopLevelResources: /system/app/WlanTest/WlanTest.apk / 1.0 running in com.estrongs.android.pop rsrc of package com.sec.android.app.wlantest
03-24 14:55:19.151 17319 17365 W ResourcesManager: getTopLevelResources: /system/app/WlanTest/WlanTest.apk / 1.0 running in com.estrongs.android.pop rsrc of package com.sec.android.app.wlantest
03-24 14:55:19.151 17319 17342 D ResourcesManager: For user 0 new overlays fetched Null
03-24 14:55:19.151 17319 17365 D ResourcesManager: For user 0 new overlays fetched Null
03-24 14:55:19.161 17319 17342 W ResourcesManager: getTopLevelResources: /data/app/com.microsoft.office.excel-1/base.apk / 1.0 running in com.estrongs.android.pop rsrc of package com.microsoft.office.excel
03-24 14:55:19.161 17319 17365 W ResourcesManager: getTopLevelResources: /data/app/com.microsoft.office.excel-1/base.apk / 1.0 running in com.estrongs.android.pop rsrc of package com.microsoft.office.excel
03-24 14:55:19.171 17319 17365 D ResourcesManager: For user 0 new overlays fetched Null
03-24 14:55:19.171 17319 17342 D ResourcesManager: For user 0 new overlays fetched Null
03-24 14:55:19.181 17319 17342 W ResourcesManager: getTopLevelResources: /system/priv-app/SamsungBilling/SamsungBilling.apk / 1.0 running in com.estrongs.android.pop rsrc of package com.sec.android.app.billing
03-24 14:55:19.181 17319 17365 W ResourcesManager: getTopLevelResources: /system/priv-app/SamsungBilling/SamsungBilling.apk / 1.0 running in com.estrongs.android.pop rsrc of package com.sec.android.app.billing
03-24 14:55:19.181 17319 17342 D ResourcesManager: For user 0 new overlays fetched Null
03-24 14:55:19.181 17319 17365 D ResourcesManager: For user 0 new overlays fetched Null
