03-24 14:55:37.121  3025  4439 I SurfaceFlinger: id=581 Removed GirstScreen (-2/9)
03-24 14:55:37.131  3670  3884 D PointerIcon: setMouseIconStyle1 pointerType: 1001 iconType:101 flag:0 pid:3670 uid:1000
03-24 14:55:37.131  3670  3884 D PointerIcon: setMouseCustomIcon IconType is same.101
03-24 14:55:37.131  3670  4143 D CustomFrequencyManagerService: acquireDVFSLockLocked : type : DVFS_MIN_LIMIT  frequency : 1800000  uid : 1000  pid : 3670  pkgName : ACTIVITY_RESUME_BOOSTER@3
03-24 14:55:37.131  3670  4421 D InputMethodManagerService: windowGainedFocus mCurrentFocusedUserId - 0 and mSecureKeypadEnabled-false
03-24 14:55:37.131  3670  4143 D ActivityManager: mDVFSHelper.acquire()
03-24 14:55:37.131  3670  4143 D ActivityManager:  Launching com.yandex.browser, updated priority
03-24 14:55:37.141 18067 18067 D SamsungIME: IMPL finishInput
03-24 14:55:37.141 18067 18067 D SamsungIME: SwiftKeyWrapper writeDBdataToFileOnFinishInput
03-24 14:55:37.141 18067 18067 D SamsungIME: saveAndClear +
03-24 14:55:37.141 18067 18067 D SamsungIME: saveAndClear -
03-24 14:55:37.141 18067 18067 D SamsungIME: onStartInput: No inputType, No imeOption, isInputViewShown = false, isExtractViewShown = false, isShowInputRequested = false, isConfigChanged = false
03-24 14:55:37.141  3670  4143 V WindowOrientationListener: setCurrentAppOrientation :7
03-24 14:55:37.141  3670  4143 V WindowOrientationListener: OrientationSensorJudge.getProposedRotation, Rotation: -1
03-24 14:55:37.141  3670  4143 V WindowManager: rotationForOrientationLw(orient=7, last=0); user=0  sensorRotation=-1 mLidState=-1 mDockMode=0 mHdmiPlugged=false mMobileKeyboardEnabled=false displayId=0
03-24 14:55:37.141  3670  4143 V WindowOrientationListener: OrientationSensorJudge.getProposedRotation, Rotation: -1
03-24 14:55:37.141  3670  3670 D GameManagerService: NotifyRunnable. pkg: com.yandex.browser, type: 4, isMinimized: false, isTunableApp: false
03-24 14:55:37.141  3670  3796 V MARsPolicyManager: updatePackagesScore PackageInfo name -- com.yandex.browser
03-24 14:55:37.141  3670  4143 I ActivityManager: Killing 16974:com.yandex.browser/u0a175 (adj 0): stop com.yandex.browser cause from pid 17477
03-24 14:55:37.141  3670  4143 D ActivityManager: cleanUpApplicationRecord -- 16974
03-24 14:55:37.141  3670  4143 D ActivityManager: isAutoRunBlockedApp:: com.yandex.browser, Auto Run ON
03-24 14:55:37.151 17488 17488 E Zygote  : v2
03-24 14:55:37.151 17488 17488 I libpersona: KNOX_SDCARD checking this for 10175
03-24 14:55:37.151 17488 17488 I libpersona: KNOX_SDCARD not a persona
03-24 14:55:37.151 17488 17488 W SELinux : Function: selinux_compare_spd_ram, index[1], priority [2], priority version is VE=SEPF_SECMOBILE_6.0.1_0003
03-24 14:55:37.151 17488 17488 E Zygote  : accessInfo : 0
03-24 14:55:37.151 17488 17488 W SELinux : SELinux: seapp_context_lookup: seinfo=default, level=s0:c512,c768, pkgname=com.yandex.browser 
03-24 14:55:37.151  3670  4143 I ActivityManager: Start proc 17488:com.yandex.browser/u0a175 for activity com.yandex.browser/.YandexBrowserMainActivity
03-24 14:55:37.161  3670  4143 I ActivityManager:   Force finishing activity ActivityRecord{5b95864 u0 com.yandex.browser/.YandexBrowserMainActivity t140}
03-24 14:55:37.161  3670  3670 D GameManagerService: NotifyRunnable. pkg: com.sec.android.app.launcher, type: 4, isMinimized: false, isTunableApp: false
03-24 14:55:37.161  4408  4408 D Launcher: onRestart, Launcher: 236504
03-24 14:55:37.171 17477 17477 D AndroidRuntime: Shutting down VM
03-24 14:55:37.171  3670  3884 D SecWifiDisplayUtil: Metadata value : SecSettings2
03-24 14:55:37.171  3670  3884 D ViewRootImpl: #1 mView = com.android.internal.policy.PhoneWindow$DecorView{95f7593 V.E...... R.....ID 0,0-0,0}
03-24 14:55:37.171  3670  3884 W WindowManager: view not successfully added to wm, removing view
03-24 14:55:37.171  3670  3884 D ViewRootImpl: #3 mView = null
03-24 14:55:37.171  3670  3796 V MARsPolicyManager: updatePackagesScore PackageInfo name -- com.sec.android.app.launcher
03-24 14:55:37.171  4408  4408 D Launcher: onStart, Launcher: 236504
03-24 14:55:37.171  3670  4019 D NetworkPolicy: isUidForegroundLocked: 10175, mScreenOn: true, uidstate: 16, mProxSensorScreenOff: false
03-24 14:55:37.171  4408  4408 D Launcher.HomeView: onStart
03-24 14:55:37.171  4408  4408 D Launcher: onResume, Launcher: 236504
03-24 14:55:37.171  3670  3698 D SettingsProvider: isChangeAllowed() : name = kids_home_mode
03-24 14:55:37.171  3670  3796 D InputDispatcher: Focus left window: 16974
03-24 14:55:37.171  3670  3698 D SettingsProvider: edmUri: content://com.sec.knox.provider/RestrictionPolicy3
03-24 14:55:37.171  3670  3698 D SecContentProvider: query(), uri = 17 selection = isSettingsChangesAllowed
03-24 14:55:37.171  3670  3698 D SettingsProvider: projectionArgs: isSettingsChangesAllowed
03-24 14:55:37.171  3670  3698 D SettingsProvider: selectionArgs: false
03-24 14:55:37.171  3670  3698 D SettingsProvider: selectionArgs: 10067
03-24 14:55:37.171  3670  3796 D InputDispatcher: Focused application released
03-24 14:55:37.171  3670  3796 D FocusedStackFrame: Set to : 0
03-24 14:55:37.171  3670  3884 D PointerIcon: setMouseIconStyle1 pointerType: 1001 iconType:101 flag:0 pid:3670 uid:1000
03-24 14:55:37.171  3670  3884 D PointerIcon: setMouseCustomIcon IconType is same.101
03-24 14:55:37.181  3670  3698 D SettingsProvider: ret = -1
03-24 14:55:37.181  4408  4408 D Launcher.HomeView: onResume
03-24 14:55:37.181  4408  4408 D capture : ---------checkFileExist land
03-24 14:55:37.181  4408  4408 D capture : currentOrientation: 1 mMainHomeScreenshot: false mMainHomeScreenshotLand: true
03-24 14:55:37.181 17488 17488 W ResourcesManager: getTopLevelResources: /data/app/com.yandex.browser-1/base.apk / 1.0 running in com.yandex.browser rsrc of package com.yandex.browser
03-24 14:55:37.181  3670  3670 V AlarmManager: Remove alarm for next reason : android.intent.action.PACKAGE_RESTARTED : package: com.yandex.browser
03-24 14:55:37.181  3670  4016 I InjectionManagerService -AppFeature: getCoreFeaturePkgList :[]
03-24 14:55:37.181 17488 17488 I InjectionManager: Inside getClassLibPath + mLibMap{0=, 1=}
03-24 14:55:37.181 17488 17488 D ResourcesManager: For user 0 new overlays fetched Null
03-24 14:55:37.191 17488 17488 I InjectionManager: Inside getClassLibPath caller 
03-24 14:55:37.191  3670  3796 V BroadcastQueue: [background] Process cur broadcast BroadcastRecord{5c3bdc9 u0 android.intent.action.PACKAGE_RESTARTED qIdx=4}, state= (APP_RECEIVE) DELIVERED for app ProcessRecord{a8b6d0a 3670:system/1000}
03-24 14:55:37.191  4383  4383 I PersonaManager: mKnoxInfo is empty
03-24 14:55:37.191  4383  4383 I PersonaManager: mKnoxInfo is empty
03-24 14:55:37.191  4383  4383 I PersonaManager: mKnoxInfo is empty
03-24 14:55:37.191  4383  4383 W ResourcesManager: getTopLevelResources: /data/app/com.google.android.gms-1/base.apk / 1.0 running in com.android.nfc rsrc of package com.google.android.gms
03-24 14:55:37.191  4383  4383 W ResourcesManager: getTopLevelResources: /data/app/com.google.android.gms-1/base.apk / 1.0 running in com.android.nfc rsrc of package com.google.android.gms
03-24 14:55:37.191  4383  4383 D ApduServiceInfo: seId: 0
03-24 14:55:37.191  4383  4383 I PersonaManager: mKnoxInfo is empty
03-24 14:55:37.191  3670  3670 V BroadcastQueue: [background] Process cur broadcast BroadcastRecord{5c3bdc9 u0 android.intent.action.PACKAGE_RESTARTED qIdx=4}, state= (APP_RECEIVE) DELIVERED for app ProcessRecord{dcc91b0 14048:com.sec.android.app.soundalive/u0a62}
03-24 14:55:37.191 14048 14048 D SAControlPanelReceiver: *****onReceive()*****
03-24 14:55:37.201 14048 14048 D SAControlPanelReceiver: Action: android.intent.action.PACKAGE_RESTARTED
03-24 14:55:37.201  4408  4408 D MenuAppsGridFragment: onResume
03-24 14:55:37.201  4408  4408 D MenuAppsGridFragment: changeState: (new)NORMAL(old)NORMAL(force)false
03-24 14:55:37.201  4408  4408 D Launcher.MenuAppsGrid: onConfigurationChanged MobileKeyboardChanged : false
03-24 14:55:37.201  4408  4408 D Launcher.MenuAppsGrid: updateGridSize:GRID_4x4 cellWidth:348  cellHeight:432
03-24 14:55:37.201  3670  4143 V BroadcastQueue: [background] Process cur broadcast BroadcastRecord{5c3bdc9 u0 android.intent.action.PACKAGE_RESTARTED qIdx=4}, state= (APP_RECEIVE) DELIVERED for app ProcessRecord{126ce28 24150:com.sec.android.daemonapp/u0a145}
03-24 14:55:37.201 24150 24150 D [WeatherWidget(1236)]  ClearDataReceiver: {[2B4A2AC40B5A9FD87A06E8EADDAC90140D0735C4111B00ED5A4BFDD943296A603CF64C72E7F3E6D25FF9ACC8831CFEFA3E34FF6EAD00357EC7386503FB76F1C38DE7DC83CE464FCACDBF41BB39AB7B05023F96E9DCA7279B4E8058678F36E23C157845DF34E1F36630444A53E4EA5934]}
03-24 14:55:37.201 17488 17488 I MultiDex: Installing application
03-24 14:55:37.211 17488 17488 I MultiDex: VM with version 2.1.0 has multidex support
03-24 14:55:37.211 17488 17488 I MultiDex: VM has multidex support, MultiDex support library is disabled.
03-24 14:55:37.211 17488 17488 I cr_base_multidex: Completed multidex installation.
03-24 14:55:37.211  3670  6805 D GameManagerService: identifyGamePackage. com.sec.android.app.launcher
03-24 14:55:37.221  3670  4407 D GraphicsStats: Buffer count: 7
03-24 14:55:37.221  4408  4408 W ResourcesManager: getTopLevelResources: /system/app/SPlanner_M/SPlanner_M.apk / 1.0 running in com.sec.android.app.launcher rsrc of package com.android.calendar
03-24 14:55:37.231  4408  4408 D ResourcesManager: For user 0 new overlays fetched Null
03-24 14:55:37.231  4408  4408 D ApplicationPackageManager: we has com.android.calendar class. reuse it 
03-24 14:55:37.231  4408  4408 W ResourcesManager: getTopLevelResources: /system/app/SPlanner_M/SPlanner_M.apk / 1.0 running in com.sec.android.app.launcher rsrc of package com.android.calendar
03-24 14:55:37.231  4408  4408 D Minikin : FontFamily bestFont == NULL, so return vacant FakedFont
03-24 14:55:37.231  4408  4408 D Minikin : FontFamily bestFont == NULL, so return vacant FakedFont
03-24 14:55:37.231  4408  4408 D Minikin : FontFamily bestFont == NULL, so return vacant FakedFont
03-24 14:55:37.241  3670  3931 D GraphicsStats: Buffer count: 6
03-24 14:55:37.241  3670  4452 I WindowState: WIN DEATH: Window{bda8a7e u0 d0 com.yandex.browser/com.yandex.browser.YandexBrowserMainActivity}
03-24 14:55:37.241  3670  4452 W WindowManager: Force-removing child win Window{d08a318 u0 d0 SurfaceView} from container Window{bda8a7e u0 d0 com.yandex.browser/com.yandex.browser.YandexBrowserMainActivity}
03-24 14:55:37.241  3670  4421 D ConnectivityService: ConnectivityService NetworkRequestInfo binderDied(NetworkRequest [ id=282, legacyType=-1, [ Capabilities: INTERNET&NOT_RESTRICTED&TRUSTED] ], android.os.BinderProxy@c81d7ef)
03-24 14:55:37.241  3025  4439 D libEGL  : eglTerminate EGLDisplay = 0x7f7139ef88
03-24 14:55:37.241  3025  4439 D libEGL  : eglTerminate EGLDisplay = 0x7f7139ef88
03-24 14:55:37.241  3670  4029 D ConnectivityService: releasing NetworkRequest NetworkRequest [ id=282, legacyType=-1, [ Capabilities: INTERNET&NOT_RESTRICTED&TRUSTED] ]
03-24 14:55:37.241  3670  4143 D ConnectivityService: ConnectivityService NetworkRequestInfo binderDied(NetworkRequest [ id=283, legacyType=-1, [ Capabilities: INTERNET&NOT_RESTRICTED&TRUSTED] ], android.os.BinderProxy@4edf2fc)
03-24 14:55:37.241  3670  4029 D ConnectivityService: sending notification RELEASED for NetworkRequest [ id=282, legacyType=-1, [ Capabilities: INTERNET&NOT_RESTRICTED&TRUSTED] ]
03-24 14:55:37.241  3025  3210 I SurfaceFlinger: id=582 Removed TurfaceView (3/8)
03-24 14:55:37.251  3670  4029 E ConnectivityService: RemoteException caught trying to send a callback msg for NetworkRequest [ id=282, legacyType=-1, [ Capabilities: INTERNET&NOT_RESTRICTED&TRUSTED] ]
03-24 14:55:37.251  3670  4029 D ConnectivityService: releasing NetworkRequest NetworkRequest [ id=283, legacyType=-1, [ Capabilities: INTERNET&NOT_RESTRICTED&TRUSTED] ]
03-24 14:55:37.251  3670  4029 D ConnectivityService: sending notification RELEASED for NetworkRequest [ id=283, legacyType=-1, [ Capabilities: INTERNET&NOT_RESTRICTED&TRUSTED] ]
03-24 14:55:37.251  3670  4029 E ConnectivityService: RemoteException caught trying to send a callback msg for NetworkRequest [ id=283, legacyType=-1, [ Capabilities: INTERNET&NOT_RESTRICTED&TRUSTED] ]
03-24 14:55:37.251  3025  4174 I SurfaceFlinger: id=582 Removed TurfaceView (-2/8)
03-24 14:55:37.251  3670  6805 D ConnectivityService: returning getNetworkInfo for network type 1 : [type: WIFI[] - WIFI, state: CONNECTED/CONNECTED, reason: (unspecified), extra: "DataStructures", roaming: false, failover: false, isAvailable: true]
03-24 14:55:37.251  3025  4439 I SurfaceFlinger: id=580 Removed ZandexBrows (4/7)
03-24 14:55:37.251  3025  3732 I SurfaceFlinger: id=580 Removed ZandexBrows (-2/7)
03-24 14:55:37.251  3670  4016 W WindowManager: Failed looking up window
03-24 14:55:37.251  3670  4016 W WindowManager: java.lang.IllegalArgumentException: Requested window android.os.BinderProxy@aef06fb does not exist
03-24 14:55:37.251  3670  4016 W WindowManager: 	at com.android.server.wm.WindowManagerService.windowForClientLocked(WindowManagerService.java:14828)
03-24 14:55:37.251  3670  4016 W WindowManager: 	at com.android.server.wm.WindowManagerService.windowForClientLocked(WindowManagerService.java:14819)
03-24 14:55:37.251  3670  4016 W WindowManager: 	at com.android.server.wm.WindowState$DeathRecipient.binderDied(WindowState.java:1764)
03-24 14:55:37.251  3670  4016 W WindowManager: 	at android.os.BinderProxy.sendDeathNotice(Binder.java:558)
03-24 14:55:37.251  3025  4439 I SurfaceFlinger: id=580 Removed ZandexBrows (-2/7)
03-24 14:55:37.251  3670  4016 I WindowState: WIN DEATH: null
03-24 14:55:37.251  3025  4439 I SurfaceFlinger: id=582 Removed TurfaceView (-2/7)
03-24 14:55:37.251  3025  3025 I SurfaceFlinger: id=583 createSurf (1440x2560),1 flag=4, MauncherAct
03-24 14:55:37.261  3670  4550 V WindowOrientationListener: setCurrentAppOrientation :1
03-24 14:55:37.261  3670  3798 D StatusBarManagerService: manageDisableList userId=0 what=0x0 pkg=Window{c8297e0 u0 d0 com.sec.android.app.launcher/com.sec.android.app.launcher.activities.LauncherActivity}
03-24 14:55:37.261  3670  4550 V WindowOrientationListener: OrientationSensorJudge.getProposedRotation, Rotation: -1
03-24 14:55:37.261  3670  4550 V WindowManager: rotationForOrientationLw(orient=1, last=0); user=0  sensorRotation=-1 mLidState=-1 mDockMode=0 mHdmiPlugged=false mMobileKeyboardEnabled=false displayId=0
03-24 14:55:37.261  3670  4550 V WindowOrientationListener: OrientationSensorJudge.getProposedRotation, Rotation: -1
03-24 14:55:37.261  4103  4103 D PhoneStatusBar: setSystemUiVisibility vis=600 mask=ffffffff oldVal=400 newVal=600 diff=200
03-24 14:55:37.261  3670  4550 D InputDispatcher: Focus entered window: 4408
03-24 14:55:37.261  3670  3884 D PointerIcon: setMouseIconStyle1 pointerType: 1001 iconType:101 flag:0 pid:3670 uid:1000
03-24 14:55:37.261  3670  3884 D PointerIcon: setMouseCustomIcon IconType is same.101
03-24 14:55:37.261  3025  3025 D libEGL  : eglTerminate EGLDisplay = 0x7ff3f31e58
03-24 14:55:37.261  3025  3025 D libEGL  : eglTerminate EGLDisplay = 0x7ff3f31e58
03-24 14:55:37.271  4408  4626 D mali_winsys: new_window_surface returns 0x3000,  [1440x2560]-format:1
03-24 14:55:37.271  3670  6805 D ConnectivityService: returning getNetworkInfo for network type 1 : [type: WIFI[] - WIFI, state: CONNECTED/CONNECTED, reason: (unspecified), extra: "DataStructures", roaming: false, failover: false, isAvailable: true]
03-24 14:55:37.271  3670  4143 D InputMethodManagerService: windowGainedFocus mCurrentFocusedUserId - 0 and mSecureKeypadEnabled-false
03-24 14:55:37.281  3670  4143 W InputMethodManagerService: Got RemoteException sending setActive(false) notification to pid 16974 uid 10175
03-24 14:55:37.281 18067 18067 D SamsungIME: IMPL finishInput
03-24 14:55:37.281 18067 18067 D SamsungIME: SwiftKeyWrapper writeDBdataToFileOnFinishInput
03-24 14:55:37.281 18067 18067 D SamsungIME: saveAndClear +
03-24 14:55:37.281 18067 18067 D SamsungIME: saveAndClear -
03-24 14:55:37.281 18067 18067 D SamsungIME: onStartInput: No inputType, No imeOption, isInputViewShown = false, isExtractViewShown = false, isShowInputRequested = false, isConfigChanged = false
03-24 14:55:37.291  3670  6805 D ConnectivityService: returning getNetworkInfo for network type 1 : [type: WIFI[] - WIFI, state: CONNECTED/CONNECTED, reason: (unspecified), extra: "DataStructures", roaming: false, failover: false, isAvailable: true]
03-24 14:55:37.291 17488 17488 W System.err: remove failed: ENOENT (No such file or directory) : /data/user/0/com.yandex.browser/files/recovery_cancelled
03-24 14:55:37.291  3670  6805 D GameManagerService: identifyGamePackage. com.sec.android.app.launcher
03-24 14:55:37.301  3670  4421 V WindowStateAnimator: Finishing drawing window Window{c8297e0 u0 d0 com.sec.android.app.launcher/com.sec.android.app.launcher.activities.LauncherActivity}: mDrawState=DRAW_PENDING
03-24 14:55:37.301  4408  4408 I Timeline: Timeline: Activity_idle id: android.os.BinderProxy@765da0c time:70548232
03-24 14:55:37.301  4103  4103 D WallpaperService: updateSurface:[forceRelayout]false[redrawNeeded]false
03-24 14:55:37.301  4103  4103 D ImageWallpaper: onVisibilityChanged:true
03-24 14:55:37.301  4103  4103 D ImageWallpaper: drawFrame:false rotation:0 mLastRotation:0
03-24 14:55:37.301  4103  4103 D ImageWallpaper: drawFrame:[frame.width()]2240[frame.height()]2560
03-24 14:55:37.301  4103  4103 D ImageWallpaper: Suppressed drawFrame since redraw is not needed and offsets have not changed.
03-24 14:55:37.301  3670  3798 D StatusBarManagerService: manageDisableList userId=0 what=0x0 pkg=Window{c8297e0 u0 d0 com.sec.android.app.launcher/com.sec.android.app.launcher.activities.LauncherActivity}
03-24 14:55:37.301  4103  4103 D PhoneStatusBar: setSystemUiVisibility vis=8600 mask=ffffffff oldVal=600 newVal=8600 diff=8000
03-24 14:55:37.301 17488 17514 I AppMetrica: [com.yandex.browser] : [d01c0d44-xxxx-xxxx-xxxx-xxxxxxxx00ad] Initializing of Metrica, Release type, Version 3.4.0, API Level 72, Dated 05.11.2018.
03-24 14:55:37.311  3025  3025 D libEGL  : eglInitialize EGLDisplay = 0x7ff3f31d28
03-24 14:55:37.321 17488 17514 I art     : Rejecting re-init on previously-failed class java.lang.Class<com.yandex.metrica.impl.ob.lb>
03-24 14:55:37.321 17488 17514 I art     : Rejecting re-init on previously-failed class java.lang.Class<com.yandex.metrica.impl.ob.lb>
03-24 14:55:37.321  3670  4550 I PersonaManager: mKnoxInfo is empty
03-24 14:55:37.331 17522 17522 E Zygote  : v2
03-24 14:55:37.331 17522 17522 I libpersona: KNOX_SDCARD checking this for 10175
03-24 14:55:37.331 17522 17522 I libpersona: KNOX_SDCARD not a persona
03-24 14:55:37.331 17522 17522 W SELinux : Function: selinux_compare_spd_ram, index[1], priority [2], priority version is VE=SEPF_SECMOBILE_6.0.1_0003
03-24 14:55:37.331 17522 17522 E Zygote  : accessInfo : 0
03-24 14:55:37.331 17522 17522 W SELinux : SELinux: seapp_context_lookup: seinfo=default, level=s0:c512,c768, pkgname=com.yandex.browser:Metrica 
03-24 14:55:37.331  3670  4550 I ActivityManager: Start proc 17522:com.yandex.browser:Metrica/u0a175 for service com.yandex.browser/com.yandex.metrica.MetricaService
03-24 14:55:37.351 17522 17522 W ResourcesManager: getTopLevelResources: /data/app/com.yandex.browser-1/base.apk / 1.0 running in com.yandex.browser rsrc of package com.yandex.browser
03-24 14:55:37.351  3670  4407 I InjectionManagerService -AppFeature: getCoreFeaturePkgList :[]
03-24 14:55:37.351 17522 17522 I InjectionManager: Inside getClassLibPath + mLibMap{0=, 1=}
03-24 14:55:37.361 17522 17522 D ResourcesManager: For user 0 new overlays fetched Null
03-24 14:55:37.361 17522 17522 I InjectionManager: Inside getClassLibPath caller 
03-24 14:55:37.371 17522 17522 I MultiDex: Installing application
03-24 14:55:37.381 17522 17522 I MultiDex: VM with version 2.1.0 has multidex support
03-24 14:55:37.381 17522 17522 I MultiDex: VM has multidex support, MultiDex support library is disabled.
03-24 14:55:37.381 17522 17522 I cr_base_multidex: Completed multidex installation.
03-24 14:55:37.391 17522 17522 D InjectionManager: InjectionManager
03-24 14:55:37.391 17522 17522 D InjectionManager: fillFeatureStoreMap com.yandex.browser
03-24 14:55:37.391 17522 17522 I InjectionManager: Constructor com.yandex.browser, Feature store :{}
03-24 14:55:37.391 17522 17522 I InjectionManager: featureStore :{}
03-24 14:55:37.401  3670  3931 D PackageManager: setEnabledSetting : userId = 0 packageName = com.yandex.browser cmp = com.yandex.browser.InstallReceiver newState = 0 callingPackage = 10175
03-24 14:55:37.431 17488 17488 I [SL:BaseSearchLibImpl]: SL version: 536
03-24 14:55:37.441 17488 17546 W ResourceType: No package identifier when getting value for resource number 0x00000000
03-24 14:55:37.451 17488 17488 D InjectionManager: InjectionManager
03-24 14:55:37.451 17488 17488 D InjectionManager: fillFeatureStoreMap com.yandex.browser
03-24 14:55:37.451 17488 17488 I InjectionManager: Constructor com.yandex.browser, Feature store :{}
03-24 14:55:37.451 17488 17488 I InjectionManager: featureStore :{}
03-24 14:55:37.471  3670  4946 V AlarmManager:  remove PendingIntent] PendingIntent{dffa594: PendingIntentRecord{ec4c83d com.yandex.browser startService}}
03-24 14:55:37.471  3670  3698 I PersonaManager: mKnoxInfo is empty
03-24 14:55:37.481 17522 17556 I AppMetrica: [com.yandex.browser] : [] Initializing of Metrica, Release type, Version 3.4.0, API Level 72, Dated 05.11.2018.
03-24 14:55:37.481  3670  4407 I PersonaManager: mKnoxInfo is empty
03-24 14:55:37.501  3670  3697 D PackageManager: setEnabledSetting : userId = 0 packageName = com.yandex.browser cmp = ru.yandex.searchlib.notification.BarMarkerService newState = 2 callingPackage = 10175
03-24 14:55:37.501  3670  4454 I PersonaManager: mKnoxInfo is empty
03-24 14:55:37.501  3670  4946 I PersonaManager: mKnoxInfo is empty
03-24 14:55:37.511  3670  4952 D PackageManager: setEnabledSetting : userId = 0 packageName = com.yandex.browser cmp = ru.yandex.searchlib.notification.NotificationConnectivityBroadcastReceiver newState = 2 callingPackage = 10175
03-24 14:55:37.511  3670  4407 I PersonaManager: mKnoxInfo is empty
03-24 14:55:37.531  3670  4524 D PackageManager: setEnabledSetting : userId = 0 packageName = com.yandex.browser cmp = com.yandex.browser.publicwifi.WifiStateMonitorReceiver newState = 1 callingPackage = 10175
03-24 14:55:37.531  3670  4016 I PersonaManager: mKnoxInfo is empty
03-24 14:55:37.531  3670  4407 I PersonaManager: mKnoxInfo is empty
03-24 14:55:37.551  3670  4952 V AlarmManager:  remove PendingIntent] PendingIntent{e91c1f5: PendingIntentRecord{ec4c83d com.yandex.browser startService}}
03-24 14:55:37.551  3670  4143 I PersonaManager: mKnoxInfo is empty
03-24 14:55:37.551  3670  4143 D PackageManager: setEnabledSetting : userId = 0 packageName = com.yandex.browser cmp = ru.yandex.searchlib.notification.BarMarkerService newState = 2 callingPackage = 10175
03-24 14:55:37.551  3670  4016 D PackageManager: setEnabledSetting : userId = 0 packageName = com.yandex.browser cmp = ru.yandex.searchlib.notification.NotificationConnectivityBroadcastReceiver newState = 2 callingPackage = 10175
03-24 14:55:37.551  3670  4552 I PersonaManager: mKnoxInfo is empty
03-24 14:55:37.681 17522 17579 I System.out: (HTTPLog)-Static: isSBSettingEnabled false
03-24 14:55:37.681 17522 17579 I System.out: (HTTPLog)-Static: isSBSettingEnabled false
03-24 14:55:37.681  3037  3741 D EnterpriseController: netId is 0
03-24 14:55:37.681  3037  3741 D Netd    : getNetworkForDns: using netid 510 for uid 10175
03-24 14:55:37.711  3670  3884 D CustomFrequencyManagerService: releaseDVFSLockLocked : Getting Lock type frm List : DVFS_MIN_LIMIT  frequency : 1800000  uid : 1000  pid : 3670  tag : ACTIVITY_RESUME_BOOSTER@3
03-24 14:55:37.711  3670  3884 D ActivityManager: mDVFSHelper.release()
03-24 14:55:37.711  3670  3884 I Timeline: Timeline: Activity_windows_visible id: ActivityRecord{5c51c7 u0 com.sec.android.app.launcher/.activities.LauncherActivity t1} time:70548645
03-24 14:55:37.711  3670  3796 D CustomFrequencyManagerService: acquireDVFSLockLocked : type : DVFS_MIN_LIMIT  frequency : 1800000  uid : 1000  pid : 3670  pkgName : ACTIVITY_RESUME_BOOSTER@9
03-24 14:55:37.831 17536 17536 I FIPS_bssl: FIPS approved mode (1) | 17536 | app_process
03-24 14:55:37.831 17536 17536 D AndroidRuntime: >>>>>> START com.android.internal.os.RuntimeInit uid 2000 <<<<<<
03-24 14:55:37.841 17536 17536 D AndroidRuntime: CheckJNI is OFF
03-24 14:55:37.841 17536 17536 D AndroidRuntime: readGMSProperty: start
03-24 14:55:37.841 17536 17536 D AndroidRuntime: readGMSProperty: already setted!!
03-24 14:55:37.841 17536 17536 D AndroidRuntime: propertySet: couldn't set property (it is from app)
03-24 14:55:37.841 17536 17536 D AndroidRuntime: readGMSProperty: could not set the property(default)!!
03-24 14:55:37.841 17536 17536 D AndroidRuntime: readGMSProperty: end
03-24 14:55:37.841 17536 17536 D AndroidRuntime: addProductProperty: start
03-24 14:55:37.861 17536 17536 D ICU     : No timezone override file found: /data/misc/zoneinfo/current/icu/icu_tzdata.dat
03-24 14:55:37.881 17536 17536 I Radio-JNI: register_android_hardware_Radio DONE
03-24 14:55:37.891 17536 17536 E AffinityControl: AffinityControl: registerfunction enter
03-24 14:55:37.901 17536 17536 D AndroidRuntime: Calling main entry com.android.commands.monkey.Monkey
03-24 14:55:37.921  3670  3796 W BroadcastQueue: Skipping deliver [background] BroadcastRecord{45b06d7 u-1 android.net.conn.CONNECTIVITY_CHANGE qIdx=4}, state= (IDLE) to ReceiverList{8219bc4 17536 (unknown name)/2000/u-1 remote:f098871}: process crashing
03-24 14:55:37.931 17536 17536 I Timeline: Timeline: Activity_launch_request id:com.microsoft.emmx time:70548863
03-24 14:55:37.931  3670  4407 I PersonaManager: mKnoxInfo is empty
03-24 14:55:37.931  3670  4407 D GameManagerService: identifyGamePackage. com.microsoft.emmx
03-24 14:55:37.931  3670  4407 D MultiWindowPolicy: Gamemode - return 0,  when calling  identifyForegroundApp(com.microsoft.emmx)
03-24 14:55:37.931  3670  4407 D CustomFrequencyManagerService: acquireDVFSLockLocked : type : DVFS_MIN_LIMIT  frequency : 1800000  uid : 1000  pid : 3670  pkgName : ACTIVITY_RESUME_BOOSTER@3
03-24 14:55:37.931  3670  4407 D ActivityManager: mDVFSHelper.acquire()
03-24 14:55:37.931  3670  4407 D FocusedStackFrame: Set to : 0
03-24 14:55:37.931  3670  4407 V WindowManager: addAppToken: AppWindowToken{3df3973 token=Token{b60e1e2 ActivityRecord{15d3aad u0 com.microsoft.emmx/com.microsoft.ruby.Main t141}}} to stack=1 task=141 at 0
03-24 14:55:37.931  4408  4408 D Launcher: onPause, Launcher: 236504
03-24 14:55:37.931  4408  4408 D Launcher.HomeView: onPause
03-24 14:55:37.931  4408  4408 D Launcher.Workspace: exitWidgetResizeMode. isClearResizeFrame is false
03-24 14:55:37.931  3670  4407 D InputDispatcher: Focused application set to: xxxx
03-24 14:55:37.931  3670  4407 D InputDispatcher: Focus left window: 4408
03-24 14:55:37.931  3670  4524 D SettingsProvider: isChangeAllowed() : name = user_rotation
03-24 14:55:37.931  3670  4524 D SettingsProvider: isChangeAllowed() : name = accelerometer_rotation
03-24 14:55:37.931  3670  3884 D PointerIcon: setMouseIconStyle1 pointerType: 1001 iconType:101 flag:0 pid:3670 uid:1000
03-24 14:55:37.931  3670  4524 V WindowOrientationListener: OrientationSensorJudge.getProposedRotation, Rotation: -1
03-24 14:55:37.931  3670  3884 D PointerIcon: setMouseCustomIcon IconType is same.101
03-24 14:55:37.931  3670  4524 V WindowManager: rotationForOrientationLw(orient=1, last=0); user=0  sensorRotation=-1 mLidState=-1 mDockMode=0 mHdmiPlugged=false mMobileKeyboardEnabled=false displayId=0
03-24 14:55:37.931  3670  4524 V WindowOrientationListener: OrientationSensorJudge.getProposedRotation, Rotation: -1
03-24 14:55:37.941 17591 17591 E Zygote  : v2
03-24 14:55:37.941 17591 17591 I libpersona: KNOX_SDCARD checking this for 10098
03-24 14:55:37.941 17591 17591 I libpersona: KNOX_SDCARD not a persona
03-24 14:55:37.941 17591 17591 W SELinux : Function: selinux_compare_spd_ram, index[1], priority [2], priority version is VE=SEPF_SECMOBILE_6.0.1_0003
03-24 14:55:37.941  3670  4409 D SettingsProvider: isChangeAllowed() : name = accelerometer_rotation
03-24 14:55:37.941  3670  4409 V WindowOrientationListener: OrientationSensorJudge.getProposedRotation, Rotation: -1
03-24 14:55:37.941  3670  4409 V WindowManager: rotationForOrientationLw(orient=1, last=0); user=0  sensorRotation=-1 mLidState=-1 mDockMode=0 mHdmiPlugged=false mMobileKeyboardEnabled=false displayId=0
03-24 14:55:37.941 17591 17591 E Zygote  : accessInfo : 0
03-24 14:55:37.941  3670  4409 V WindowOrientationListener: OrientationSensorJudge.getProposedRotation, Rotation: -1
03-24 14:55:37.941 17591 17591 W SELinux : SELinux: seapp_context_lookup: seinfo=default, level=s0:c512,c768, pkgname=com.microsoft.emmx 
03-24 14:55:37.941  3670  3698 I ActivityManager: Start proc 17591:com.microsoft.emmx/u0a98 for activity com.microsoft.emmx/com.microsoft.ruby.Main
03-24 14:55:37.941  3670  4019 D NetworkPolicy: isUidForegroundLocked: 10098, mScreenOn: true, uidstate: -1, mProxSensorScreenOff: false
03-24 14:55:37.951  3670  3798 V WindowOrientationListener: OrientationSensorJudge.getProposedRotation, Rotation: -1
03-24 14:55:37.951  3670  3798 V WindowManager: rotationForOrientationLw(orient=1, last=0); user=0  sensorRotation=-1 mLidState=-1 mDockMode=0 mHdmiPlugged=false mMobileKeyboardEnabled=false displayId=0
03-24 14:55:37.951  3670  3798 V WindowOrientationListener: OrientationSensorJudge.getProposedRotation, Rotation: -1
03-24 14:55:37.951  3670  3798 V WindowOrientationListener: OrientationSensorJudge.getProposedRotation, Rotation: -1
03-24 14:55:37.951 17536 17536 I art     : System.exit called, status: 0
03-24 14:55:37.951  3670  3798 V WindowManager: rotationForOrientationLw(orient=1, last=0); user=0  sensorRotation=-1 mLidState=-1 mDockMode=0 mHdmiPlugged=false mMobileKeyboardEnabled=false displayId=0
03-24 14:55:37.951 17536 17536 I AndroidRuntime: VM exiting with result code 0.
03-24 14:55:37.951  3670  3798 V WindowOrientationListener: OrientationSensorJudge.getProposedRotation, Rotation: -1
03-24 14:55:37.951  3670  4019 D NetworkPolicy: isUidForegroundLocked: 10098, mScreenOn: true, uidstate: 16, mProxSensorScreenOff: false
03-24 14:55:37.961  3670  4143 D ActivityManager:  Launching com.microsoft.emmx, updated priority
03-24 14:55:37.961  4408  4408 V LauncherAppWidgetHostView: calculateWidgetSize: (target widgetsize)  using w/h 1372 440 span 4 1 (widgetid 2) [current Gridsize : GRID_4x4]
03-24 14:55:37.961  4408  4408 D LauncherAppWidgetHostView: calculateWidgetSize() widget = Weather and Clock(widget id = 2) result hostview size = 1372 x 440
03-24 14:55:37.961  4408  4408 D LauncherAppWidgetHostView: setResizeScaleResult() 1372/ 440 scaleToResize = 1.0(widget id = 2)
03-24 14:55:37.961  3670  3670 D GameManagerService: NotifyRunnable. pkg: com.microsoft.emmx, type: 4, isMinimized: false, isTunableApp: false
03-24 14:55:37.961  3670  3796 V MARsPolicyManager: updatePackagesScore PackageInfo name -- com.microsoft.emmx
03-24 14:55:37.961  3670  4019 D NetworkPolicy: isUidForegroundLocked: 10098, mScreenOn: true, uidstate: 2, mProxSensorScreenOff: false
03-24 14:55:37.961  3670  6805 D GameManagerService: identifyGamePackage. com.microsoft.emmx
03-24 14:55:37.961  3670  6805 D GameManagerService: identifyGamePackage. com.microsoft.emmx
03-24 14:55:37.971 17591 17591 W ResourcesManager: getTopLevelResources: /data/app/com.microsoft.emmx-1/base.apk / 1.0 running in com.microsoft.emmx rsrc of package com.microsoft.emmx
03-24 14:55:37.971  3670  6805 D ConnectivityService: returning getNetworkInfo for network type 1 : [type: WIFI[] - WIFI, state: CONNECTED/CONNECTED, reason: (unspecified), extra: "DataStructures", roaming: false, failover: false, isAvailable: true]
03-24 14:55:37.971  3670  3931 I InjectionManagerService -AppFeature: getCoreFeaturePkgList :[]
03-24 14:55:37.971 17591 17591 I InjectionManager: Inside getClassLibPath + mLibMap{0=, 1=}
03-24 14:55:37.971  3670  6805 D ConnectivityService: returning getNetworkInfo for network type 1 : [type: WIFI[] - WIFI, state: CONNECTED/CONNECTED, reason: (unspecified), extra: "DataStructures", roaming: false, failover: false, isAvailable: true]
03-24 14:55:37.971 17591 17591 D ResourcesManager: For user 0 new overlays fetched Null
03-24 14:55:37.971 17591 17591 I InjectionManager: Inside getClassLibPath caller 
03-24 14:55:37.971  3670  6805 D GameManagerService: identifyGamePackage. com.microsoft.emmx
03-24 14:55:37.991 17591 17591 I MAMInfo : MAMInfo initialized. Debug=false, UseTestAgent=false, ManagedDialogDisabled=false, DeprecationDialogDisabled=false, PolicyRequired=false, MultiIdentityEnabled=true, FullBackupContent=true, UseDefaultEnrollment=false, ExceptionOnInit=false, Debuggable=false
03-24 14:55:37.991  3670  3697 E PackageManager: Failed to generatePackageInfoFromSettingsLPw, There isn't package setting object for 
03-24 14:55:37.991  3670  4421 E PackageManager: Failed to generatePackageInfoFromSettingsLPw, There isn't package setting object for 
03-24 14:55:38.001 17591 17591 I MultiDex: VM with version 2.1.0 has multidex support
03-24 14:55:38.001 17591 17591 I MultiDex: install
03-24 14:55:38.001 17591 17591 I MultiDex: VM has multidex support, MultiDex support library is disabled.
03-24 14:55:38.001 17591 17591 I cr_base_multidex: Completed multidex installation.
03-24 14:55:38.011  3670  3670 D CustomFrequencyManagerService: releaseDVFSLockLocked : Getting Lock type frm List : DVFS_MIN_LIMIT  frequency : 1800000  uid : 1000  pid : 3670  tag : ACTIVITY_RESUME_BOOSTER@9
03-24 14:55:38.021 17591 17591 I FirebaseInitProvider: FirebaseApp initialization successful
03-24 14:55:38.031 17591 17591 W ResourcesManager: getTopLevelResources: /data/app/com.microsoft.emmx-1/base.apk / 1.0 running in com.microsoft.emmx rsrc of package com.microsoft.emmx
03-24 14:55:38.061 17591 17591 W ResourcesManager: getTopLevelResources: /data/app/com.microsoft.emmx-1/base.apk / 1.0 running in com.microsoft.emmx rsrc of package com.microsoft.emmx
03-24 14:55:38.061  3670  4407 D VoldConnector: SND -> {24 volume mkdirs /storage/emulated/0/Android/data/com.microsoft.emmx/cache/}
03-24 14:55:38.061  2999  3238 D VoldCmdListener: volume mkdirs /storage/emulated/0/Android/data/com.microsoft.emmx/cache/
03-24 14:55:38.061  2999  3238 D VoldCmdListener: CommandListener::runCommand() cmd:mkdirs
03-24 14:55:38.061  3670  4000 D VoldConnector: RCV <- {200 24 Command succeeded}
03-24 14:55:38.071 17591 17611 I cr_MMXManager: MMX init start: 1553421338082
03-24 14:55:38.071 17591 17612 W cr_DualIdentityManager: No need to do AAD profile migration!
03-24 14:55:38.071 17591 17612 W cr_DualIdentityManager: Finished performing dual identity migration.
03-24 14:55:38.081 17591 17612 W cr_DualIdentityManager: Finished performing dual identity decryption migration.
03-24 14:55:38.081 17591 17614 W System.err: remove failed: ENOENT (No such file or directory) : /data/user/0/com.microsoft.emmx/shared_prefs/com.microsoft.emmx_preferences.xml.bak
03-24 14:55:38.091 17591 17620 I System.out: (HTTPLog)-Static: isSBSettingEnabled false
03-24 14:55:38.091 17591 17620 I System.out: (HTTPLog)-Static: isSBSettingEnabled false
03-24 14:55:38.091  3037  3741 D EnterpriseController: netId is 0
03-24 14:55:38.091  3037  3741 D Netd    : getNetworkForDns: using netid 510 for uid 10098
03-24 14:55:38.091 17591 17611 I Reporting: Builder constructor
03-24 14:55:38.091 17591 17611 I Reporting: Initialize
03-24 14:55:38.101 17591 17611 I EventBase: constructor
03-24 14:55:38.101 17591 17611 I SystemInfoCollector: getSystemInfo
03-24 14:55:38.111 17591 17591 E Adjust  : Adjust not initialized correctly
03-24 14:55:38.121 17591 17626 I SharedStateManager: packageName: com.microsoft.emmx, instanceId: a15ed8ad-bef6-4641-9cbf-f2eb07c549aa, dedupeId: c5f829d8-dd25-40fa-9daa-b2fb823ff1ea, dedupeRank: 1553421338127
03-24 14:55:38.121 17591 17614 W System.err: remove failed: ENOENT (No such file or directory) : /data/user/0/com.microsoft.emmx/shared_prefs/mmxsdk.xml.bak
03-24 14:55:38.121 17591 17614 W System.err: remove failed: ENOENT (No such file or directory) : /data/user/0/com.microsoft.emmx/shared_prefs/MMXSharedState.xml.bak
03-24 14:55:38.131 17591 17611 I LifeCycleActivityEvent: LifeCycleApplicationEvent constructor
03-24 14:55:38.131  3670  3796 V BroadcastQueue: [background] Process cur broadcast BroadcastRecord{b7eb030 u0 com.microsoft.mmx.reporting.ACTION_JOIN qIdx=4}, state= (APP_RECEIVE) DELIVERED for app ProcessRecord{3bfd4a9 17591:com.microsoft.emmx/u0a98}
03-24 14:55:38.131 17591 17614 W System.err: remove failed: ENOENT (No such file or directory) : /data/user/0/com.microsoft.emmx/shared_prefs/MMXDeduplicationState.xml.bak
03-24 14:55:38.131 17591 17623 I MMXLogger: MMX Logger successfully initiated.
03-24 14:55:38.131 17591 17611 I Reporting: onCreate
03-24 14:55:38.141 17591 17614 W System.err: remove failed: ENOENT (No such file or directory) : /data/user/0/com.microsoft.emmx/shared_prefs/AppSettings.xml.bak
03-24 14:55:38.141 17591 17611 W Adjust  : PRODUCTION: Adjust is running in Production mode. Use this setting only for the build that you want to publish. Set the environment to `sandbox` if you want to test your app!
03-24 14:55:38.141 17591 17611 I ReferralClient: ReferralClient-initialize: Adjust is initialized by sdk.
03-24 14:55:38.141 17591 17611 I cr_MMXManager: MMX init end: 1553421338150
03-24 14:55:38.141 17591 17614 W System.err: remove failed: ENOENT (No such file or directory) : /data/user/0/com.microsoft.emmx/shared_prefs/MMXFeedback.xml.bak
03-24 14:55:38.151 17591 17639 E ActivityThread: Failed to find provider info for com.facebook.katana.provider.AttributionIdProvider
03-24 14:55:38.161 17591 17591 W ResourcesManager: getTopLevelResources: /data/app/com.microsoft.emmx-1/base.apk / 1.0 running in com.microsoft.emmx rsrc of package com.microsoft.emmx
03-24 14:55:38.171 17591 17614 W System.err: remove failed: ENOENT (No such file or directory) : /data/user/0/com.microsoft.emmx/shared_prefs/com.appboy.override.configuration.cache.xml.bak
03-24 14:55:38.181 17591 17591 I cr_XU   : FeatureSingle: BrazeInitialized {brazeId=e04430e0-2f9a-4f4f-abb3-5c72cc071230}
03-24 14:55:38.181 17591 17591 D InjectionManager: InjectionManager
03-24 14:55:38.181 17591 17591 D InjectionManager: fillFeatureStoreMap com.microsoft.emmx
03-24 14:55:38.181 17591 17643 W System.err: remove failed: ENOENT (No such file or directory) : /data/user/0/com.microsoft.emmx/cache/appboy.imageloader.lru.cache/journal.bkp
03-24 14:55:38.181 17591 17591 I InjectionManager: Constructor com.microsoft.emmx, Feature store :{}
03-24 14:55:38.181 17591 17591 I InjectionManager: featureStore :{}
03-24 14:55:38.181 17591 17654 I EMMXGcmController: initializeGcm
03-24 14:55:38.181 17591 17591 W ResourcesManager: getTopLevelResources: /data/app/com.microsoft.emmx-1/base.apk / 1.0 running in com.microsoft.emmx rsrc of package com.microsoft.emmx
03-24 14:55:38.191 17591 17654 I EMMXGcmController: fetchToken
03-24 14:55:38.191 17591 17614 W System.err: remove failed: ENOENT (No such file or directory) : /data/user/0/com.microsoft.emmx/shared_prefs/com.appboy.device.xml.bak
03-24 14:55:38.191 17591 17654 W System.err: remove failed: ENOENT (No such file or directory) : /data/user/0/com.microsoft.emmx/shared_prefs/org.chromium.chrome.browser.services.gcm.emmxchannel.xml.bak
03-24 14:55:38.191 17591 17614 W System.err: remove failed: ENOENT (No such file or directory) : /data/user/0/com.microsoft.emmx/shared_prefs/com.appboy.support.stringutils.cachefilesuffix.xml.bak
03-24 14:55:38.201 17591 17669 V MediaPlayer: decode(28, 8764500, 5795)
03-24 14:55:38.201  3047  3695 D OggExtractor:  correct time not found. Let's use approximate value
03-24 14:55:38.201  3047  3695 I OggExtractor: OggSource::OggSource() mExtractor ref count = 4
03-24 14:55:38.201 17591 17614 W System.err: remove failed: ENOENT (No such file or directory) : /data/user/0/com.microsoft.emmx/shared_prefs/com.appboy.storage.feedstorageprovider.d41d8cd98f00b204e9800998ecf8427e.xml.bak
03-24 14:55:38.211 17591 17591 I EnableLifecycleTask: onActivityCreated
03-24 14:55:38.211  3047  3695 I OMXCodec: Attempting to allocate OMX node 'OMX.google.vorbis.decoder'
03-24 14:55:38.211  3670  4409 V AlarmManager:  remove PendingIntent] PendingIntent{ffc6fe1: PendingIntentRecord{1986106 com.microsoft.emmx broadcastIntent}}
03-24 14:55:38.211  3047  3695 I OMXCodec: Successfully allocated OMX node 'OMX.google.vorbis.decoder'
03-24 14:55:38.211  3047  3695 I OMXCodec: >>>UHQA initOutputFormat 16
03-24 14:55:38.211  3047  3695 I OMXCodec: [OMX.google.vorbis.decoder] OMXCodec::start mState=1
03-24 14:55:38.211  3047  3695 I OMXCodec: [OMX.google.vorbis.decoder] allocating 4 buffers of size 8192 on input port
03-24 14:55:38.211  3670  6805 D GameManagerService: identifyGamePackage. com.microsoft.emmx
03-24 14:55:38.211  3047  3695 I OMXCodec: [OMX.google.vorbis.decoder] allocating 4 buffers of size 32768 on output port
03-24 14:55:38.211  3047 17671 I OMXCodec: [OMX.google.vorbis.decoder] Now Idle. Component sends idle done Event 
03-24 14:55:38.211 17591 17591 I cr_InstantAppsHandler: Not handling with Instant Apps (other)
03-24 14:55:38.211 17591 17591 I Timeline: Timeline: Activity_launch_request id:com.microsoft.emmx time:70549147
03-24 14:55:38.211  3670  4550 I PersonaManager: mKnoxInfo is empty
03-24 14:55:38.221  3047 17671 I OMXCodec: [OMX.google.vorbis.decoder] 0onCmdComplete  mState =  7
03-24 14:55:38.221  3047 17671 I OMXCodec: [OMX.google.vorbis.decoder] PORT_DISABLED(1)
03-24 14:55:38.221  3047 17671 I OMXCodec: >>>UHQA initOutputFormat 16
03-24 14:55:38.221  3047 17671 I OMXCodec: [OMX.google.vorbis.decoder] allocating 4 buffers of size 32768 on output port
03-24 14:55:38.221  3670  4550 D GameManagerService: identifyGamePackage. com.microsoft.emmx
03-24 14:55:38.221  3670  4550 D MultiWindowPolicy: Gamemode - return 0,  when calling  identifyForegroundApp(com.microsoft.emmx)
03-24 14:55:38.221  3670  4550 D CustomFrequencyManagerService: releaseDVFSLockLocked : Getting Lock type frm List : DVFS_MIN_LIMIT  frequency : 1800000  uid : 1000  pid : 3670  tag : ACTIVITY_RESUME_BOOSTER@3
03-24 14:55:38.221  3670  4550 D CustomFrequencyManagerService: acquireDVFSLockLocked : type : DVFS_MIN_LIMIT  frequency : 1800000  uid : 1000  pid : 3670  pkgName : ACTIVITY_RESUME_BOOSTER@3
03-24 14:55:38.221  3047 17671 I OMXCodec: [OMX.google.vorbis.decoder] End Of Stream
03-24 14:55:38.221  3047  3695 I SoundExtractor: extract() reached EOS
03-24 14:55:38.221  3047  3695 I OMXCodec: [OMX.google.vorbis.decoder] stop mState=4
03-24 14:55:38.221  3047  3695 I OMXCodec: [OMX.google.vorbis.decoder] stop() sendCommand(230, OMX_CommandStateSet, OMX_StateIdle)
03-24 14:55:38.221  3047 17671 I OMXCodec: [OMX.google.vorbis.decoder] Now Idle. Component sends idle done Event 
03-24 14:55:38.221  3047  3695 I OMXCodec: [OMX.google.vorbis.decoder] stopOmxComponent_l() mstate = 1
03-24 14:55:38.221  3047  3695 I OggExtractor: OggSource::stop() mExtractor ref count = 1
03-24 14:55:38.221  3047  3695 I OggExtractor: OggSource::~OggSource() mExtractor !mStarted ref count = 1
03-24 14:55:38.221  3047  3695 I OggExtractor: ~OggSource --
03-24 14:55:38.221  3047  3695 I OggExtractor: ~OggExtractor ++
03-24 14:55:38.221  3047  3695 I OggExtractor: ~MyOggExtractor ++ 
03-24 14:55:38.221  3047  3695 I OggExtractor: ~MyOggExtractor --
03-24 14:55:38.221  3047  3695 I OggExtractor: ~OggExtractor --
03-24 14:55:38.221  3670  4550 D ActivityManager: mDVFSHelper.acquire()
03-24 14:55:38.221  3670  4550 V WindowManager: addAppToken: AppWindowToken{eef291d token=Token{7857df4 ActivityRecord{c1553c7 u0 com.microsoft.emmx/org.chromium.chrome.browser.ChromeTabbedActivity t142}}} to stack=1 task=142 at 0
03-24 14:55:38.221  3670  4550 D InputDispatcher: Focused application set to: xxxx
03-24 14:55:38.221  3670  3884 D SecWifiDisplayUtil: Metadata value : SecSettings2
03-24 14:55:38.221  3670  3884 D ViewRootImpl: #1 mView = com.android.internal.policy.PhoneWindow$DecorView{e3a76ea V.E...... R.....ID 0,0-0,0}
03-24 14:55:38.221  3670  3884 D ISSUE_DEBUG: InputChannelName : 973a078 Starting com.microsoft.emmx
03-24 14:55:38.231 17591 17591 D Activity: performCreate Call Injection manager
03-24 14:55:38.231 17591 17591 I SharedStateManager: onExternalIntentReceived
03-24 14:55:38.231 17591 17637 I OnReceiveTask:  doInBackground
03-24 14:55:38.231  3025  3025 I SurfaceFlinger: id=584 createSurf (1440x2560),1 flag=404, fmmx
03-24 14:55:38.241  3670  4947 I PersonaManager: mKnoxInfo is empty
03-24 14:55:38.241  3670  3884 D ViewRootImpl: MSG_RESIZED_REPORT: ci=Rect(0, 96 - 0, 0) vi=Rect(0, 96 - 0, 0) or=1
03-24 14:55:38.241 17591 17683 I System.out: (HTTPLog)-Static: isSBSettingEnabled false
03-24 14:55:38.241 17591 17683 I System.out: (HTTPLog)-Static: isSBSettingEnabled false
03-24 14:55:38.241  3037  3741 D EnterpriseController: netId is 0
03-24 14:55:38.241  3037  3741 D Netd    : getNetworkForDns: using netid 510 for uid 10098
03-24 14:55:38.241 17591 17614 W System.err: remove failed: ENOENT (No such file or directory) : /data/user/0/com.microsoft.emmx/shared_prefs/com.appboy.storage.user_cache.v3.37a6259cc0c1dae299a7866489dff0bd.xml.bak
03-24 14:55:38.241  3670  4454 V BroadcastQueue: [background] Process cur broadcast BroadcastRecord{5f01351 u0 com.google.android.gms.gcm.ACTION_SCHEDULE qIdx=4}, state= (APP_RECEIVE) DELIVERED for app ProcessRecord{49f3f4c 4932:com.google.android.gms.persistent/u0a15}
03-24 14:55:38.241  3670  4947 D PackageManager: findPreferredActivity: No PreferredActivities set
03-24 14:55:38.241  3670  4947 I PackageManager: No preferred activity: intent should not be shown
03-24 14:55:38.241 17591 17654 I com.microsoft.rewards.mission.RewardsMissionManager: Mission Status: MISSION_SET_DEFAULT_BROWSER: 0
03-24 14:55:38.241 17591 17654 I com.microsoft.rewards.mission.RewardsMissionManager: Mission Status: MISSION_TURN_ON_ADD_BLOCKER: 0
03-24 14:55:38.241 17591 17654 I com.microsoft.rewards.mission.RewardsMissionManager: Mission Status: MISSION_3DAYS_STREAK: 0
03-24 14:55:38.241 17591 17654 I com.microsoft.rewards.mission.RewardsMissionManager: Mission Status: MISSION_PASSWORD_SYNC: 0
03-24 14:55:38.241 17591 17654 I com.microsoft.rewards.mission.RewardsMissionManager: Mission Status: MISSION_INSTALL_EDGE: 0
03-24 14:55:38.241 17591 17654 I com.microsoft.rewards.mission.RewardsMissionManager: Mission Status: MISSION_GET_WHATS_NEW: 0
03-24 14:55:38.251  3670  4452 V WindowOrientationListener: setCurrentAppOrientation :-1
03-24 14:55:38.251  3670  4452 V WindowOri