03-24 15:43:24.641  3670  4524 D ConnectivityService: listenForNetwork for Listen from uid/pid:10088/32057 for NetworkRequest [ id=395, legacyType=-1, [ Capabilities: INTERNET&NOT_RESTRICTED&TRUSTED] ]
03-24 15:43:24.641  3670  4029 D ConnectivityService: rematching NetworkAgentInfo [WIFI () - 510]
03-24 15:43:24.641  3670  4029 D ConnectivityService:  network has: NetworkAgentInfo{ ni{[type: WIFI[] - WIFI, state: CONNECTED/CONNECTED, reason: (unspecified), extra: "DataStructures", roaming: false, failover: false, isAvailable: true]}  network{510}  lp{{InterfaceName: wlan0 LinkAddresses: [fe80::ee9b:f3ff:fe73:43e9/64,192.168.0.174/24,]  Routes: [fe80::/64 -> :: wlan0,192.168.0.0/24 -> 0.0.0.0 wlan0,0.0.0.0/0 -> 192.168.0.1 wlan0,] DnsAddresses: [192.168.0.1,] Domains:  MTU: 0 TcpBufferSizes: 524288,1048576,4525824,524288,1048576,4525824}}  nc{[ Transports: WIFI Capabilities: INTERNET&NOT_RESTRICTED&TRUSTED&NOT_VPN&VALIDATED LinkUpBandwidth>=1048576Kbps LinkDnBandwidth>=1048576Kbps SignalStrength: -37]}  Score{60}  everValidated{true}  lastValidated{true}  created{true} lingering{false} explicitlySelected{false} acceptUnvalidated{false} everCaptivePortalDetected{false} lastCaptivePortalDetected{false} }
03-24 15:43:24.641  3670  4029 D ConnectivityService:   checking if request is: NetworkRequest [ id=395, legacyType=-1, [ Capabilities: INTERNET&NOT_RESTRICTED&TRUSTED] ] satisfies: true nri.isRequest: false
03-24 15:43:24.641  3670  4029 D ConnectivityService:   checking if request is: NetworkRequest [ id=5, legacyType=-1, [ Transports: WIFI Capabilities: INTERNET&NOT_RESTRICTED&TRUSTED&NOT_VPN] ] satisfies: true nri.isRequest: false
03-24 15:43:24.641  3670  4029 D ConnectivityService: Network NetworkAgentInfo [WIFI () - 510] was already satisfying request 1. No change.
03-24 15:43:24.641  3670  4029 D ConnectivityService:   checking if request is: NetworkRequest [ id=3, legacyType=-1, [] ] satisfies: true nri.isRequest: false
03-24 15:43:24.641  3670  4029 D ConnectivityService:   checking if request is: NetworkRequest [ id=394, legacyType=-1, [ Capabilities: INTERNET&NOT_RESTRICTED&TRUSTED] ] satisfies: true nri.isRequest: false
03-24 15:43:24.641  3670  4029 D ConnectivityService:   checking if request is: NetworkRequest [ id=4, legacyType=-1, [ Transports: CELLULAR Capabilities: INTERNET&NOT_RESTRICTED&TRUSTED&NOT_VPN] ] satisfies: false nri.isRequest: false
03-24 15:43:24.641  3670  4029 D ConnectivityService: sending notification AVAILABLE for NetworkRequest [ id=395, legacyType=-1, [ Capabilities: INTERNET&NOT_RESTRICTED&TRUSTED] ]
03-24 15:43:24.661  3025  3025 I SurfaceFlinger: id=854 createSurf (1440x2464),4 flag=404, TurfaceView
03-24 15:43:24.671  3670  4524 V WindowStateAnimator: Finishing drawing window Window{f0a7d8d u0 d0 SurfaceView}: mDrawState=DRAW_PENDING
03-24 15:43:24.671 32245 32260 I cr_LibraryLoader:  Loading chrome from within /data/app/com.android.chrome-2/base.apk
03-24 15:43:24.671 32057 32057 I cr_ContextualSearch: Tap suppression enabled: false
03-24 15:43:24.681 32057 32057 I cr_ContextualSearch: Consructing ContextualSearchRankerLoggerImpl, enabled: true
03-24 15:43:24.691  3670  4550 V AlarmManager:  remove PendingIntent] PendingIntent{9e12b16: PendingIntentRecord{e30a718 com.google.android.gms broadcastIntent}}
03-24 15:43:24.691  3670  4016 V WindowStateAnimator: Finishing drawing window Window{f0a7d8d u0 d0 SurfaceView}: mDrawState=HAS_DRAWN
03-24 15:43:24.691 32057 32171 W art     : Verification of void q.c() took 404.327ms
03-24 15:43:24.711 32245 32260 I cr_LibraryLoader: Time to load native libraries: 38 ms (timestamps 5607-5645)
03-24 15:43:24.711 32245 32260 I chromium: [INFO:library_loader_hooks.cc(42)] Chromium logging enabled: level = 0, default verbosity = 0
03-24 15:43:24.711 32245 32260 I cr_LibraryLoader: Expected native library version number "72.0.3626.105", actual native library version number "72.0.3626.105"
03-24 15:43:24.721 32245 32260 W ResourcesManager: getTopLevelResources: /data/app/com.android.chrome-2/base.apk / 1.0 running in com.android.chrome rsrc of package com.android.chrome
03-24 15:43:24.721 32245 32260 E libEGL  : validate_display:255 error 3008 (EGL_BAD_DISPLAY)
03-24 15:43:24.751 32245 32260 D libEGL  : loaded /vendor/lib/egl/libGLES_mali.so
03-24 15:43:24.771 32245 32260 D libEGL  : eglInitialize EGLDisplay = 0xf3abae0c
03-24 15:43:24.771 32245 32260 D         : ro.exynos.dss isEnabled: 0
03-24 15:43:24.791 32245 32260 W AudioCapabilities: Unsupported mime audio/mpeg-L1
03-24 15:43:24.791 32245 32260 W AudioCapabilities: Unsupported mime audio/mpeg-L2
03-24 15:43:24.791 32245 32260 W AudioCapabilities: Unsupported mime audio/x-ms-wma
03-24 15:43:24.791 32245 32260 W AudioCapabilities: Unsupported mime audio/x-ima
03-24 15:43:24.791 32245 32260 W VideoCapabilities: Unrecognized profile/level 32768/2 for video/mp4v-es
03-24 15:43:24.791 32245 32260 W VideoCapabilities: Unrecognized profile 2130706433 for video/avc
03-24 15:43:24.791 32245 32260 W VideoCapabilities: Unrecognized profile 2130706433 for video/avc
03-24 15:43:24.791 32245 32260 W VideoCapabilities: Unrecognized profile 2130706433 for video/avc
03-24 15:43:24.791 32245 32260 W VideoCapabilities: Unrecognized profile 2130706433 for video/avc
03-24 15:43:24.791 32245 32260 W VideoCapabilities: Unrecognized profile 2130706433 for video/avc
03-24 15:43:24.791 32245 32260 W VideoCapabilities: Unrecognized profile 2130706433 for video/avc
03-24 15:43:24.791 32245 32260 W VideoCapabilities: Unrecognized profile 2130706433 for video/avc
03-24 15:43:24.791 32245 32260 W VideoCapabilities: Unrecognized profile 2130706433 for video/avc
03-24 15:43:24.791 32245 32260 W VideoCapabilities: Unrecognized profile 2130706433 for video/avc
03-24 15:43:24.791 32245 32260 W VideoCapabilities: Unrecognized profile 2130706433 for video/avc
03-24 15:43:24.791 32245 32260 W VideoCapabilities: Unrecognized profile 2130706433 for video/avc
03-24 15:43:24.791 32245 32260 W VideoCapabilities: Unrecognized profile 2130706433 for video/avc
03-24 15:43:24.791 32245 32260 W VideoCapabilities: Unrecognized profile 2130706433 for video/avc
03-24 15:43:24.791 32245 32260 W VideoCapabilities: Unrecognized profile 2130706433 for video/avc
03-24 15:43:24.791 32245 32260 W VideoCapabilities: Unrecognized profile 2130706433 for video/avc
03-24 15:43:24.791 32245 32260 W VideoCapabilities: Unrecognized profile 2130706433 for video/avc
03-24 15:43:24.791 32245 32260 W VideoCapabilities: Unrecognized profile 2130706434 for video/avc
03-24 15:43:24.791 32245 32260 W VideoCapabilities: Unrecognized profile 2130706434 for video/avc
03-24 15:43:24.791 32245 32260 W VideoCapabilities: Unrecognized profile 2130706434 for video/avc
03-24 15:43:24.791 32245 32260 W VideoCapabilities: Unrecognized profile 2130706434 for video/avc
03-24 15:43:24.791 32245 32260 W VideoCapabilities: Unrecognized profile 2130706434 for video/avc
03-24 15:43:24.791 32245 32260 W VideoCapabilities: Unrecognized profile 2130706434 for video/avc
03-24 15:43:24.791 32245 32260 W VideoCapabilities: Unrecognized profile 2130706434 for video/avc
03-24 15:43:24.791 32245 32260 W VideoCapabilities: Unrecognized profile 2130706434 for video/avc
03-24 15:43:24.791 32245 32260 W VideoCapabilities: Unrecognized profile 2130706434 for video/avc
03-24 15:43:24.791 32245 32260 W VideoCapabilities: Unrecognized profile 2130706434 for video/avc
03-24 15:43:24.791 32245 32260 W VideoCapabilities: Unrecognized profile 2130706434 for video/avc
03-24 15:43:24.791 32245 32260 W VideoCapabilities: Unrecognized profile 2130706434 for video/avc
03-24 15:43:24.791 32245 32260 W VideoCapabilities: Unrecognized profile 2130706434 for video/avc
03-24 15:43:24.791 32245 32260 W VideoCapabilities: Unrecognized profile 2130706434 for video/avc
03-24 15:43:24.791 32245 32260 W VideoCapabilities: Unrecognized profile 2130706434 for video/avc
03-24 15:43:24.791 32245 32260 W VideoCapabilities: Unrecognized profile 2130706434 for video/avc
03-24 15:43:24.801 32245 32260 W VideoCapabilities: Unrecognized profile 2130706433 for video/avc
03-24 15:43:24.801 32245 32260 W VideoCapabilities: Unrecognized profile 2130706433 for video/avc
03-24 15:43:24.801 32245 32260 W VideoCapabilities: Unrecognized profile 2130706433 for video/avc
03-24 15:43:24.801 32245 32260 W VideoCapabilities: Unrecognized profile 2130706433 for video/avc
03-24 15:43:24.801 32245 32260 W VideoCapabilities: Unrecognized profile 2130706433 for video/avc
03-24 15:43:24.801 32245 32260 W VideoCapabilities: Unrecognized profile 2130706433 for video/avc
03-24 15:43:24.801 32245 32260 W VideoCapabilities: Unrecognized profile 2130706433 for video/avc
03-24 15:43:24.801 32245 32260 W VideoCapabilities: Unrecognized profile 2130706433 for video/avc
03-24 15:43:24.801 32245 32260 W VideoCapabilities: Unrecognized profile 2130706433 for video/avc
03-24 15:43:24.801 32245 32260 W VideoCapabilities: Unrecognized profile 2130706433 for video/avc
03-24 15:43:24.801 32245 32260 W VideoCapabilities: Unrecognized profile 2130706433 for video/avc
03-24 15:43:24.801 32245 32260 W VideoCapabilities: Unrecognized profile 2130706433 for video/avc
03-24 15:43:24.801 32245 32260 W VideoCapabilities: Unrecognized profile 2130706433 for video/avc
03-24 15:43:24.801 32245 32260 W VideoCapabilities: Unrecognized profile 2130706433 for video/avc
03-24 15:43:24.801 32245 32260 W VideoCapabilities: Unrecognized profile 2130706433 for video/avc
03-24 15:43:24.801 32245 32260 W VideoCapabilities: Unrecognized profile 2130706433 for video/avc
03-24 15:43:24.801 32245 32260 W VideoCapabilities: Unrecognized profile 2130706434 for video/avc
03-24 15:43:24.801 32245 32260 W VideoCapabilities: Unrecognized profile 2130706434 for video/avc
03-24 15:43:24.801 32245 32260 W VideoCapabilities: Unrecognized profile 2130706434 for video/avc
03-24 15:43:24.801 32245 32260 W VideoCapabilities: Unrecognized profile 2130706434 for video/avc
03-24 15:43:24.801 32245 32260 W VideoCapabilities: Unrecognized profile 2130706434 for video/avc
03-24 15:43:24.801 32245 32260 W VideoCapabilities: Unrecognized profile 2130706434 for video/avc
03-24 15:43:24.801 32245 32260 W VideoCapabilities: Unrecognized profile 2130706434 for video/avc
03-24 15:43:24.801 32245 32260 W VideoCapabilities: Unrecognized profile 2130706434 for video/avc
03-24 15:43:24.801 32245 32260 W VideoCapabilities: Unrecognized profile 2130706434 for video/avc
03-24 15:43:24.801 32245 32260 W VideoCapabilities: Unrecognized profile 2130706434 for video/avc
03-24 15:43:24.801 32245 32260 W VideoCapabilities: Unrecognized profile 2130706434 for video/avc
03-24 15:43:24.801 32245 32260 W VideoCapabilities: Unrecognized profile 2130706434 for video/avc
03-24 15:43:24.801 32245 32260 W VideoCapabilities: Unrecognized profile 2130706434 for video/avc
03-24 15:43:24.801 32245 32260 W VideoCapabilities: Unrecognized profile 2130706434 for video/avc
03-24 15:43:24.801 32245 32260 W VideoCapabilities: Unrecognized profile 2130706434 for video/avc
03-24 15:43:24.801 32245 32260 W VideoCapabilities: Unrecognized profile 2130706434 for video/avc
03-24 15:43:24.801 32245 32260 W VideoCapabilities: Unsupported mime video/wvc1
03-24 15:43:24.801 32245 32260 W VideoCapabilities: Unsupported mime video/x-ms-wmv
03-24 15:43:24.801 32245 32260 W VideoCapabilities: Unrecognized profile/level 32768/2 for video/mp4v-es
03-24 15:43:24.801 32245 32260 W VideoCapabilities: Unsupported mime video/wvc1
03-24 15:43:24.801 32245 32260 W VideoCapabilities: Unsupported mime video/x-ms-wmv
03-24 15:43:24.801 32245 32260 W VideoCapabilities: Unsupported mime video/x-ms-wmv7
03-24 15:43:24.801 32245 32260 W VideoCapabilities: Unsupported mime video/x-ms-wmv8
03-24 15:43:24.801 32245 32260 W VideoCapabilities: Unsupported mime video/mp43
03-24 15:43:24.811 32245 32260 W VideoCapabilities: Unrecognized profile 2130706433 for video/avc
03-24 15:43:24.811 32245 32260 W VideoCapabilities: Unrecognized profile 2130706433 for video/avc
03-24 15:43:24.811 32245 32260 W VideoCapabilities: Unrecognized profile 2130706433 for video/avc
03-24 15:43:24.811 32245 32260 W VideoCapabilities: Unrecognized profile 2130706433 for video/avc
03-24 15:43:24.811 32245 32260 W VideoCapabilities: Unrecognized profile 2130706433 for video/avc
03-24 15:43:24.811 32245 32260 W VideoCapabilities: Unrecognized profile 2130706433 for video/avc
03-24 15:43:24.811 32245 32260 W VideoCapabilities: Unrecognized profile 2130706433 for video/avc
03-24 15:43:24.811 32245 32260 W VideoCapabilities: Unrecognized profile 2130706433 for video/avc
03-24 15:43:24.811 32245 32260 W VideoCapabilities: Unrecognized profile 2130706433 for video/avc
03-24 15:43:24.811 32245 32260 W VideoCapabilities: Unrecognized profile 2130706433 for video/avc
03-24 15:43:24.811 32245 32260 W VideoCapabilities: Unrecognized profile 2130706433 for video/avc
03-24 15:43:24.811 32245 32260 W VideoCapabilities: Unrecognized profile 2130706433 for video/avc
03-24 15:43:24.811 32245 32260 W VideoCapabilities: Unrecognized profile 2130706433 for video/avc
03-24 15:43:24.811 32245 32260 W VideoCapabilities: Unrecognized profile 2130706433 for video/avc
03-24 15:43:24.811 32245 32260 W VideoCapabilities: Unrecognized profile 2130706433 for video/avc
03-24 15:43:24.811 32245 32260 W VideoCapabilities: Unrecognized profile 2130706433 for video/avc
03-24 15:43:24.811 32245 32260 W VideoCapabilities: Unrecognized profile 2130706434 for video/avc
03-24 15:43:24.811 32245 32260 W VideoCapabilities: Unrecognized profile 2130706434 for video/avc
03-24 15:43:24.811 32245 32260 W VideoCapabilities: Unrecognized profile 2130706434 for video/avc
03-24 15:43:24.811 32245 32260 W VideoCapabilities: Unrecognized profile 2130706434 for video/avc
03-24 15:43:24.811 32245 32260 W VideoCapabilities: Unrecognized profile 2130706434 for video/avc
03-24 15:43:24.811 32245 32260 W VideoCapabilities: Unrecognized profile 2130706434 for video/avc
03-24 15:43:24.811 32245 32260 W VideoCapabilities: Unrecognized profile 2130706434 for video/avc
03-24 15:43:24.811 32245 32260 W VideoCapabilities: Unrecognized profile 2130706434 for video/avc
03-24 15:43:24.811 32245 32260 W VideoCapabilities: Unrecognized profile 2130706434 for video/avc
03-24 15:43:24.811 32245 32260 W VideoCapabilities: Unrecognized profile 2130706434 for video/avc
03-24 15:43:24.811 32245 32260 W VideoCapabilities: Unrecognized profile 2130706434 for video/avc
03-24 15:43:24.811 32245 32260 W VideoCapabilities: Unrecognized profile 2130706434 for video/avc
03-24 15:43:24.811 32245 32260 W VideoCapabilities: Unrecognized profile 2130706434 for video/avc
03-24 15:43:24.811 32245 32260 W VideoCapabilities: Unrecognized profile 2130706434 for video/avc
03-24 15:43:24.811 32245 32260 W VideoCapabilities: Unrecognized profile 2130706434 for video/avc
03-24 15:43:24.811 32245 32260 W VideoCapabilities: Unrecognized profile 2130706434 for video/avc
03-24 15:43:24.811 32245 32260 W VideoCapabilities: Unrecognized profile/level 32768/2 for video/mp4v-es
03-24 15:43:24.811 32245 32260 I VideoCapabilities: Unsupported profile 4 for video/mp4v-es
03-24 15:43:24.821 32245 32260 W VideoCapabilities: Unsupported mime video/sorenson
03-24 15:43:24.831  3670  3670 D CustomFrequencyManagerService: releaseDVFSLockLocked : Getting Lock type frm List : DVFS_MIN_LIMIT  frequency : 1800000  uid : 1000  pid : 3670  tag : ACTIVITY_RESUME_BOOSTER@9
03-24 15:43:24.901 32057 32171 W art     : Verification of void q.d() took 203.038ms
03-24 15:43:24.911  3670  4947 I PersonaManager: mKnoxInfo is empty
03-24 15:43:24.911 32057 32171 W cr_tabmodel: Starting to perform legacy migration.
03-24 15:43:24.911 32057 32171 W cr_tabmodel: Finished performing legacy migration.
03-24 15:43:24.911 32057 32171 W cr_tabmodel: Starting to perform multi-instance migration.
03-24 15:43:24.911 32057 32171 W cr_tabmodel: Finished performing multi-instance migration.
03-24 15:43:24.911 32057 32171 I cr_tabmodel: Starting to fetch tab list for tab_state0
03-24 15:43:24.911 32057 32171 I cr_tabmodel: State file does not exist.
03-24 15:43:24.911 32057 32171 I cr_tabmodel: Starting to fetch tab list for tab_state_browser_actions
03-24 15:43:24.911 32057 32171 I cr_tabmodel: State file does not exist.
03-24 15:43:24.911  3670  4952 D SecContentProvider: query(), uri = 2 selection = isAuditLogEnabled
03-24 15:43:24.911  3670  4550 D SecContentProvider: query(), uri = 5 selection = getAutoFillSetting
03-24 15:43:24.911  3670  4421 D SecContentProvider: query(), uri = 5 selection = getCookiesSetting
03-24 15:43:24.911  3670  3697 D SecContentProvider: query(), uri = 5 selection = getHttpProxy
03-24 15:43:24.921  3670  4452 D SecContentProvider: query(), uri = 5 selection = getJavaScriptSetting
03-24 15:43:24.921  3670  4946 D SecContentProvider: query(), uri = 5 selection = getPopupsSetting
03-24 15:43:24.921  3670  4947 D SecContentProvider: query(), uri = 22 selection = isAuthenticationEnabled
03-24 15:43:24.921  3670  4016 D SecContentProvider: query(), uri = 10 selection = getURLFilterList
03-24 15:43:24.921 32245 32260 D mali_winsys: new_window_surface returns 0x3000,  [1440x2464]-format:1
03-24 15:43:24.921 32245 32260 D         : ro.exynos.dss isEnabled: 0
03-24 15:43:24.921  3670  4524 D SecContentProvider: query(), uri = 10 selection = getURLFilterEnabled
03-24 15:43:24.921  3670  4407 D SecContentProvider: query(), uri = 10 selection = getURLFilterReportEnabled
03-24 15:43:24.921  3670  4952 D SecContentProvider: query(), uri = 2 selection = isAuditLogEnabled
03-24 15:43:24.921  3670  4550 D SecContentProvider: query(), uri = 5 selection = getAutoFillSetting
03-24 15:43:24.921  3670  4552 D SecContentProvider: query(), uri = 5 selection = getCookiesSetting
03-24 15:43:24.931  3670  4421 D SecContentProvider: query(), uri = 5 selection = getHttpProxy
03-24 15:43:24.931  3670  4143 D SecContentProvider: query(), uri = 5 selection = getJavaScriptSetting
03-24 15:43:24.931 32245 32260 D libGLESv2: DTS_GLAPI : DTS is not allowed for Package : com.android.chrome:privileged_process0
03-24 15:43:24.931  3670  4454 D SecContentProvider: query(), uri = 5 selection = getPopupsSetting
03-24 15:43:24.931  3670  3697 D SecContentProvider: query(), uri = 22 selection = isAuthenticationEnabled
03-24 15:43:24.931  3670  4409 D SecContentProvider: query(), uri = 10 selection = getURLFilterList
03-24 15:43:24.931  3670  3931 D SecContentProvider: query(), uri = 10 selection = getURLFilterEnabled
03-24 15:43:24.931  3670  3698 D SecContentProvider: query(), uri = 10 selection = getURLFilterReportEnabled
03-24 15:43:24.931 32057 32057 I cr_SnippetsLauncher: Scheduling: 172800 172800
03-24 15:43:24.941  3670  3796 V BroadcastQueue: [background] Process cur broadcast BroadcastRecord{9043c97 u0 com.google.android.gms.gcm.ACTION_SCHEDULE qIdx=4}, state= (APP_RECEIVE) DELIVERED for app ProcessRecord{68a6177 7275:com.google.android.gms.persistent/u0a15}
03-24 15:43:24.941  3670  3796 V BroadcastQueue: [background] Process cur broadcast BroadcastRecord{50dfe84 u0 com.google.android.gms.gcm.ACTION_SCHEDULE qIdx=4}, state= (APP_RECEIVE) DELIVERED for app ProcessRecord{68a6177 7275:com.google.android.gms.persistent/u0a15}
03-24 15:43:24.951  3670  4952 I PersonaManager: mKnoxInfo is empty
03-24 15:43:24.961  7275  7275 W ChimeraUtils: Non Chimera context
03-24 15:43:24.961  3670  4019 D NetworkPolicy: isUidForegroundLocked: 10018, mScreenOn: true, uidstate: 2, mProxSensorScreenOff: false
03-24 15:43:25.001 32057 32057 D TextView: setTypeface with style : 0
03-24 15:43:25.011  6803  6803 D Recents : onTaskStackChanged
03-24 15:43:25.021  3670  4454 I PersonaManager: mKnoxInfo is empty
03-24 15:43:25.021  3670  4421 I PersonaManager: mKnoxInfo is empty
03-24 15:43:25.021  6803  6803 W ResourcesManager: getTopLevelResources: /data/app/com.example.myapplication-1/base.apk / 1.0 running in com.android.systemui rsrc of package com.example.myapplication
03-24 15:43:25.031  6803  6803 D ResourcesManager: For user 0 new overlays fetched Null
03-24 15:43:25.031  3670  4454 D PackageManager: getComponentMetadataForIconTray : com.example.myapplication.MainActivity does not exist in mServices
03-24 15:43:25.031  3670  4454 D PackageManager: getComponentMetadataForIconTray : com.example.myapplication.MainActivity does not exist in mProviders
03-24 15:43:25.031  3670  4454 D PackageManager: getComponentMetadataForIconTray : com.example.myapplication.MainActivity does not exist in mReceivers
03-24 15:43:25.031  6803  6803 I ApplicationPackageManager: load=com.example.myapplication, bg=192-192, dr=192-192
03-24 15:43:25.031  6803  6803 I ApplicationPackageManager: scaled rate=1.0429629, size=192, alpha=15, hold=26, target=192
03-24 15:43:25.051  3670  4016 I PersonaManager: mKnoxInfo is empty
03-24 15:43:25.061  3670  3931 I PersonaManager: mKnoxInfo is empty
03-24 15:43:25.081  3670  4016 I PersonaManager: mKnoxInfo is empty
03-24 15:43:25.081 32192 32205 I cr_LibraryLoader:  Loading chrome from within /data/app/com.android.chrome-2/base.apk
03-24 15:43:25.091  3670  4421 I PersonaManager: mKnoxInfo is empty
03-24 15:43:25.101 32294 32294 E Zygote  : v2
03-24 15:43:25.101 32294 32294 I libpersona: KNOX_SDCARD checking this for 99272
03-24 15:43:25.101 32294 32294 I libpersona: KNOX_SDCARD not a persona
03-24 15:43:25.101 32294 32294 W SELinux : Function: selinux_compare_spd_ram, index[1], priority [2], priority version is VE=SEPF_SECMOBILE_6.0.1_0003
03-24 15:43:25.101 32294 32294 E Zygote  : accessInfo : 0
03-24 15:43:25.101 32294 32294 W SELinux : SELinux: seapp_context_lookup: seinfo=chrome, level=s0:c512,c768, pkgname=com.android.chrome:sandboxed_process1 
03-24 15:43:25.101  3670  4421 I ActivityManager: Start proc 32294:com.android.chrome:sandboxed_process1/u0i272 for service com.android.chrome/org.chromium.content.app.SandboxedProcessService1
03-24 15:43:25.101  3670  3698 I PersonaManager: mKnoxInfo is empty
03-24 15:43:25.111  3670  4952 I PersonaManager: mKnoxInfo is empty
03-24 15:43:25.111  3670  4019 D NetworkPolicy: isUidForegroundLocked: 10018, mScreenOn: true, uidstate: 16, mProxSensorScreenOff: false
03-24 15:43:25.111 32192 32205 I cr_LibraryLoader: Time to load native libraries: 30 ms (timestamps 6015-6045)
03-24 15:43:25.111 32192 32205 I chromium: [INFO:library_loader_hooks.cc(42)] Chromium logging enabled: level = 0, default verbosity = 0
03-24 15:43:25.111 32192 32205 I cr_LibraryLoader: Expected native library version number "72.0.3626.105", actual native library version number "72.0.3626.105"
03-24 15:43:25.111  7275  7275 W ChimeraUtils: Non Chimera context
03-24 15:43:25.121  7402  7402 D SamsungIME: IMPL finishInput
03-24 15:43:25.121  7402  7402 D SamsungIME: SwiftKeyWrapper writeDBdataToFileOnFinishInput
03-24 15:43:25.121  7402  7402 D SamsungIME: saveAndClear +
03-24 15:43:25.121  7402  7402 D SamsungIME: saveAndClear -
03-24 15:43:25.121 32192 32205 W ResourcesManager: getTopLevelResources: /data/app/com.android.chrome-2/base.apk / 1.0 running in com.android.chrome rsrc of package com.android.chrome
03-24 15:43:25.131 32294 32294 W ResourcesManager: getTopLevelResources: /data/app/com.android.chrome-2/base.apk / 1.0 running in com.android.chrome rsrc of package com.android.chrome
03-24 15:43:25.131 32294 32294 D ResourcesManager: For user 0 new overlays fetched Null
03-24 15:43:25.141 32294 32294 I InjectionManager: Inside getClassLibPath caller 
03-24 15:43:25.141  3670  4409 I PersonaManager: mKnoxInfo is empty
03-24 15:43:25.141  3670  4016 I PersonaManager: mKnoxInfo is empty
03-24 15:43:25.151  3670  4016 D PackageManager: findPreferredActivity: We found 1 PreferredActivities set, but no match
03-24 15:43:25.151  3670  4016 I PackageManager: No preferred activity: intent should not be shown
03-24 15:43:25.161 32294 32294 D InjectionManager: InjectionManager
03-24 15:43:25.161 32294 32294 I InjectionManager: featureStore :{}
03-24 15:43:25.161 32294 32294 I cr_ChildProcessService: Creating new ChildProcessService pid=32294
03-24 15:43:25.181  3025  4174 I SurfaceFlinger: id=852 Removed dhrome (5/10)
03-24 15:43:25.181  3025  3210 I SurfaceFlinger: id=852 Removed dhrome (-2/10)
03-24 15:43:25.181 32057 32187 W System.err: remove failed: ENOENT (No such file or directory) : /data/user/0/com.android.chrome/app_tabs/0/tab_state0.bak
03-24 15:43:25.191  3025  3025 D libEGL  : eglTerminate EGLDisplay = 0x7ff3f31e58
03-24 15:43:25.201 32057 32057 D TextView: setTypeface with style : 0
03-24 15:43:25.211 32057 32057 D TextView: setTypeface with style : 0
03-24 15:43:25.231 32057 32057 D TextView: setTypeface with style : 0
03-24 15:43:25.231  7275  7526 E alar    : Phenotype API error. Event # bsha@c47a54cd, EventCode: GET_EXP [CONTEXT service_id=51 ]
03-24 15:43:25.231  7275  7526 E alar    : akzn: 29505: No config packages for log source, or config package not registered
03-24 15:43:25.231  7275  7526 E alar    : 	at albe.a(:com.google.android.gms@15090019@15.0.90 (040400-231259764):45)
03-24 15:43:25.231  7275  7526 E alar    : 	at albd.b(:com.google.android.gms@15090019@15.0.90 (040400-231259764))
03-24 15:43:25.231  7275  7526 E alar    : 	at alar.a(:com.google.android.gms@15090019@15.0.90 (040400-231259764):103)
03-24 15:43:25.231  7275  7526 E alar    : 	at alar.a(:com.google.android.gms@15090019@15.0.90 (040400-231259764):97)
03-24 15:43:25.231  7275  7526 E alar    : 	at yzz.run(:com.google.android.gms@15090019@15.0.90 (040400-231259764):27)
03-24 15:43:25.231  7275  7526 E alar    : 	at bgah.run(:com.google.android.gms@15090019@15.0.90 (040400-231259764):2)
03-24 15:43:25.231  7275  7526 E alar    : 	at rrm.run(:com.google.android.gms@15090019@15.0.90 (040400-231259764):21)
03-24 15:43:25.231  7275  7526 E alar    : 	at java.util.concurrent.ThreadPoolExecutor.runWorker(ThreadPoolExecutor.java:1113)
03-24 15:43:25.231  7275  7526 E alar    : 	at java.util.concurrent.ThreadPoolExecutor$Worker.run(ThreadPoolExecutor.java:588)
03-24 15:43:25.231  7275  7526 E alar    : 	at rxo.run(:com.google.android.gms@15090019@15.0.90 (040400-231259764))
03-24 15:43:25.231  7275  7526 E alar    : 	at java.lang.Thread.run(Thread.java:818)
03-24 15:43:25.231  7275  7526 E AsyncOperation: serviceID=51, operation=GetExperimentTokensOperationCall
03-24 15:43:25.231  7275  7526 E AsyncOperation: OperationException[Status{statusCode=No config packages for log source, or config package not registered, resolution=null}]
03-24 15:43:25.231  7275  7526 E AsyncOperation: 	at alar.a(:com.google.android.gms@15090019@15.0.90 (040400-231259764):111)
03-24 15:43:25.231  7275  7526 E AsyncOperation: 	at alar.a(:com.google.android.gms@15090019@15.0.90 (040400-231259764):97)
03-24 15:43:25.231  7275  7526 E AsyncOperation: 	at yzz.run(:com.google.android.gms@15090019@15.0.90 (040400-231259764):27)
03-24 15:43:25.231  7275  7526 E AsyncOperation: 	at bgah.run(:com.google.android.gms@15090019@15.0.90 (040400-231259764):2)
03-24 15:43:25.231  7275  7526 E AsyncOperation: 	at rrm.run(:com.google.android.gms@15090019@15.0.90 (040400-231259764):21)
03-24 15:43:25.231  7275  7526 E AsyncOperation: 	at java.util.concurrent.ThreadPoolExecutor.runWorker(ThreadPoolExecutor.java:1113)
03-24 15:43:25.231  7275  7526 E AsyncOperation: 	at java.util.concurrent.ThreadPoolExecutor$Worker.run(ThreadPoolExecutor.java:588)
03-24 15:43:25.231  7275  7526 E AsyncOperation: 	at rxo.run(:com.google.android.gms@15090019@15.0.90 (040400-231259764))
03-24 15:43:25.231  7275  7526 E AsyncOperation: 	at java.lang.Thread.run(Thread.java:818)
03-24 15:43:25.241 32294 32320 I cr_LibraryLoader:  Loading chrome from within /data/app/com.android.chrome-2/base.apk
03-24 15:43:25.251  3670  3931 I PersonaManager: mKnoxInfo is empty
03-24 15:43:25.281 32294 32320 I cr_LibraryLoader: Time to load native libraries: 35 ms (timestamps 6179-6214)
03-24 15:43:25.281 32294 32320 I chromium: [INFO:library_loader_hooks.cc(42)] Chromium logging enabled: level = 0, default verbosity = 0
03-24 15:43:25.281 32294 32320 I cr_LibraryLoader: Expected native library version number "72.0.3626.105", actual native library version number "72.0.3626.105"
03-24 15:43:25.291 32294 32320 W ResourcesManager: getTopLevelResources: /data/app/com.android.chrome-2/base.apk / 1.0 running in com.android.chrome rsrc of package com.android.chrome
03-24 15:43:25.291  3670  4421 I PersonaManager: mKnoxInfo is empty
03-24 15:43:25.291 32057 32057 I Timeline: Timeline: Activity_idle id: android.os.BinderProxy@ff8a33b time:73416222
03-24 15:43:25.291  3670  4019 D NetworkPolicy: isUidForegroundLocked: 10185, mScreenOn: true, uidstate: 13, mProxSensorScreenOff: false
03-24 15:43:25.301 32057 32057 E NFC     : isAndroidBeamAllowed - Begin
03-24 15:43:25.301 32057 32057 I NFC     : showMsg is false
03-24 15:43:25.301  3670  4952 D SecContentProvider: query(), uri = 15 selection = isAndroidBeamAllowed
03-24 15:43:25.331  3025  3025 D libEGL  : eglInitialize EGLDisplay = 0x7ff3f31d28
03-24 15:43:25.341  3025  3025 D libEGL  : eglInitialize EGLDisplay = 0x7ff3f31d28
03-24 15:43:25.421  3670  4452 I PersonaManager: mKnoxInfo is empty
03-24 15:43:25.421  3670  4409 I PersonaManager: mKnoxInfo is empty
03-24 15:43:25.431 32057 32057 W ahp     : platform method missing - proto runtime falling back to safer methods: java.lang.NoSuchMethodException: getByte [class java.lang.Object, long]
03-24 15:43:25.441  3670  4550 I PersonaManager: mKnoxInfo is empty
03-24 15:43:25.451  3670  4550 D PackageManager: findPreferredActivity: We found 1 PreferredActivities set, but no match
03-24 15:43:25.451  3670  4550 I PackageManager: No preferred activity: intent should not be shown
03-24 15:43:25.451 32057 32191 I cr_BindingManager: Moderate binding enabled: maxSize=40
03-24 15:43:25.461  3670  3796 V BroadcastQueue: [background] Process cur broadcast BroadcastRecord{444bc5f u0 com.android.chrome.BOOKMARK_APPWIDGET_UPDATE qIdx=4}, state= (APP_RECEIVE) DELIVERED for app ProcessRecord{68a316e 32057:com.android.chrome/u0a88}
03-24 15:43:25.521 32343 32343 I dex2oat : /system/bin/dex2oat --compiler-filter=speed --dex-file=/data/user/0/com.android.chrome/app_dex/webapk5.dex --oat-file=/data/user/0/com.android.chrome/app_dex/oat/arm/webapk5.dex
03-24 15:43:25.521  3670  4946 I PersonaManager: mKnoxInfo is empty
03-24 15:43:25.531  3670  4454 I PersonaManager: mKnoxInfo is empty
03-24 15:43:25.531 23981 24899 I Icing   : IndexChimeraService.getServiceInterface callingPackage=com.android.chrome componentName=null serviceId=SEARCH_CORPORA
03-24 15:43:25.541  3670  3698 I PersonaManager: mKnoxInfo is empty
03-24 15:43:25.541 32343 32343 I dex2oat : ----------------------------------------------------
03-24 15:43:25.541 32343 32343 I dex2oat : <SS>: S T A R T I N G . . .
03-24 15:43:25.541 32343 32343 E dex2oat : <SS>: apk not found at /data/user/0/com.android.chrome/app_dex/
03-24 15:43:25.541 32343 32343 I dex2oat : dex2oat took 27.089ms (threads: 8) arena alloc=357KB java alloc=109KB native alloc=1625KB free=1958KB
03-24 15:43:25.551 23981 25170 I Icing   : IndexChimeraService.getServiceInterface callingPackage=com.android.chrome componentName=null serviceId=SEARCH_CORPORA
03-24 15:43:25.551 32057 32172 W System.err: remove failed: ENOENT (No such file or directory) : /data/user/0/com.android.chrome/databases/snapshots.db
03-24 15:43:25.551 32057 32172 W System.err: remove failed: ENOENT (No such file or directory) : /data/user/0/com.android.chrome/databases/snapshots.db-journal
03-24 15:43:25.551 32057 32172 W System.err: remove failed: ENOENT (No such file or directory) : /data/user/0/com.android.chrome/databases/snapshots.db-shm
03-24 15:43:25.551 32057 32172 W System.err: remove failed: ENOENT (No such file or directory) : /data/user/0/com.android.chrome/databases/snapshots.db-wal
03-24 15:43:25.561  3670  4407 I PersonaManager: mKnoxInfo is empty
03-24 15:43:25.571 32057 32170 W System.err: remove failed: ENOENT (No such file or directory) : /data/user/0/com.android.chrome/shared_prefs/webapp_registry.xml.bak
03-24 15:43:25.601 23981 31557 W ResourcesManager: getTopLevelResources: /data/app/com.example.myapplication-1/base.apk / 1.0 running in com.google.android.gms rsrc of package com.example.myapplication
03-24 15:43:25.611 23981 31557 D ResourcesManager: For user 0 new overlays fetched Null
03-24 15:43:25.611 23981 31557 W ResourcesManager: getTopLevelResources: /data/app/com.example.myapplication-1/base.apk / 1.0 running in com.google.android.gms rsrc of package com.example.myapplication
03-24 15:43:25.651 23981 31557 W ResourcesManager: getTopLevelResources: /data/app/com.yandex.browser-1/base.apk / 1.0 running in com.google.android.gms rsrc of package com.yandex.browser
03-24 15:43:25.661 23981 31557 D ResourcesManager: For user 0 new overlays fetched Null
03-24 15:43:25.661 23981 31557 W ResourcesManager: getTopLevelResources: /data/app/com.yandex.browser-1/base.apk / 1.0 running in com.google.android.gms rsrc of package com.yandex.browser
03-24 15:43:25.691 23981 31557 W ResourcesManager: getTopLevelResources: /data/app/com.microsoft.emmx-1/base.apk / 1.0 running in com.google.android.gms rsrc of package com.microsoft.emmx
03-24 15:43:25.691 23981 31557 D ResourcesManager: For user 0 new overlays fetched Null
03-24 15:43:25.691 23981 31557 W ResourcesManager: getTopLevelResources: /data/app/com.microsoft.emmx-1/base.apk / 1.0 running in com.google.android.gms rsrc of package com.microsoft.emmx
03-24 15:43:25.721 23981 31557 W ResourcesManager: getTopLevelResources: /data/app/org.mozilla.firefox-1/base.apk / 1.0 running in com.google.android.gms rsrc of package org.mozilla.firefox
03-24 15:43:25.721 23981 31557 D ResourcesManager: For user 0 new overlays fetched Null
03-24 15:43:25.751 23981 31557 W ResourcesManager: getTopLevelResources: /data/app/com.android.chrome-2/base.apk / 1.0 running in com.google.android.gms rsrc of package com.android.chrome
03-24 15:43:25.761 23981 31557 D ResourcesManager: For user 0 new overlays fetched Null
03-24 15:43:25.761 23981 31557 W ResourcesManager: getTopLevelResources: /data/app/com.android.chrome-2/base.apk / 1.0 running in com.google.android.gms rsrc of package com.android.chrome
03-24 15:43:25.761 23981 31557 I Icing   : Usage reports ok 8, Failed Usage reports 0, indexed 0, rejected 0, imm upload false
03-24 15:43:25.781  3670  3697 I PersonaManager: mKnoxInfo is empty
03-24 15:43:25.781 23981 31557 I Icing   : Usage reports ok 0, Failed Usage reports 0, indexed 0, rejected 0, imm upload false
03-24 15:43:25.781 23981 31557 I Icing   : Removing corpus key com.android.chrome-omnibox for package com.android.chrome
03-24 15:43:25.901 23981 31557 I native  : document-store.cc:1756 Scored 2280 usage reports, missing_corpora 102 update_failed 218
03-24 15:43:25.921 23981 31557 I Icing   : Indexing com.android.chrome-omnibox from com.android.chrome
03-24 15:43:25.941 23981 31557 I Icing   : Indexing done com.android.chrome-omnibox
03-24 15:43:25.941  3670  4016 I PersonaManager: mKnoxInfo is empty
03-24 15:43:25.991  3670  3796 V BroadcastQueue: [background] Process cur broadcast BroadcastRecord{232282d u0 android.intent.action.DROPBOX_ENTRY_ADDED qIdx=4}, state= (APP_RECEIVE) DELIVERED for app ProcessRecord{9c05121 26542:com.samsung.android.sm/1000}
03-24 15:43:25.991  3670  3931 V BroadcastQueue: [background] Process cur broadcast BroadcastRecord{232282d u0 android.intent.action.DROPBOX_ENTRY_ADDED qIdx=4}, state= (APP_RECEIVE) DELIVERED for app ProcessRecord{547f966 23981:com.google.android.gms/u0a15}
03-24 15:43:25.991  3670  4409 I PersonaManager: mKnoxInfo is empty
03-24 15:43:26.001  3670  4952 V BroadcastQueue: [background] Process cur broadcast BroadcastRecord{232282d u0 android.intent.action.DROPBOX_ENTRY_ADDED qIdx=4}, state= (APP_RECEIVE) DELIVERED for app ProcessRecord{68a6177 7275:com.google.android.gms.persistent/u0a15}
03-24 15:43:26.011  3670  4407 I PersonaManager: mKnoxInfo is empty
03-24 15:43:26.011  3670  4016 I PersonaManager: mKnoxInfo is empty
03-24 15:43:26.011  3670  3698 I PersonaManager: mKnoxInfo is empty
03-24 15:43:26.011  3670  4421 I PersonaManager: mKnoxInfo is empty
03-24 15:43:26.011  3670  4524 I PersonaManager: mKnoxInfo is empty
03-24 15:43:26.021  3670  4454 I PersonaManager: mKnoxInfo is empty
03-24 15:43:26.501  3670  4068 W System.err: remove failed: ENOENT (No such file or directory) : /data/system/recent_tasks/215_task.xml.bak
03-24 15:43:29.641  3670  6805 D O       : limitCPUFreq:: freq = 2000000
03-24 15:43:29.641  3670  6805 D CustomFrequencyManagerService: acquireDVFSLockLocked : type : DVFS_MAX_LIMIT  frequency : 2000000  uid : 1000  pid : 3670  pkgName : SIOP_ARM_MAX@18
03-24 15:43:29.691  3670  6805 D ConnectivityService: returning getNetworkInfo for network type 1 : [type: WIFI[] - WIFI, state: CONNECTED/CONNECTED, reason: (unspecified), extra: "DataStructures", roaming: false, failover: false, isAvailable: true]
03-24 15:43:29.951 32057 32057 D ConnectivityManager: requestNetwork; getAppId(CallingUid) : 10088, CallingPid : 32057
03-24 15:43:29.951  3670  4524 D ConnectivityService: listenForNetwork for Listen from uid/pid:10088/32057 for NetworkRequest [ id=396, legacyType=-1, [ Capabilities: INTERNET&NOT_RESTRICTED&TRUSTED] ]
03-24 15:43:29.951  3670  4029 D ConnectivityService: rematching NetworkAgentInfo [WIFI () - 510]
03-24 15:43:29.951  3670  4029 D ConnectivityService:  network has: NetworkAgentInfo{ ni{[type: WIFI[] - WIFI, state: CONNECTED/CONNECTED, reason: (unspecified), extra: "DataStructures", roaming: false, failover: false, isAvailable: true]}  network{510}  lp{{InterfaceName: wlan0 LinkAddresses: [fe80::ee9b:f3ff:fe73:43e9/64,192.168.0.174/24,]  Routes: [fe80::/64 -> :: wlan0,192.168.0.0/24 -> 0.0.0.0 wlan0,0.0.0.0/0 -> 192.168.0.1 wlan0,] DnsAddresses: [192.168.0.1,] Domains:  MTU: 0 TcpBufferSizes: 524288,1048576,4525824,524288,1048576,4525824}}  nc{[ Transports: WIFI Capabilities: INTERNET&NOT_RESTRICTED&TRUSTED&NOT_VPN&VALIDATED LinkUpBandwidth>=1048576Kbps LinkDnBandwidth>=1048576Kbps SignalStrength: -37]}  Score{60}  everValidated{true}  lastValidated{true}  created{true} lingering{false} explicitlySelected{false} acceptUnvalidated{false} everCaptivePortalDetected{false} lastCaptivePortalDetected{false} }
03-24 15:43:29.951  3670  4029 D ConnectivityService:   checking if request is: NetworkRequest [ id=396, legacyType=-1, [ Capabilities: INTERNET&NOT_RESTRICTED&TRUSTED] ] satisfies: true nri.isRequest: false
03-24 15:43:29.951  3670  4029 D ConnectivityService:   checking if request is: NetworkRequest [ id=395, legacyType=-1, [ Capabilities: INTERNET&NOT_RESTRICTED&TRUSTED] ] satisfies: true nri.isRequest: false
03-24 15:43:29.951  3670  4029 D ConnectivityService:   checking if request is: NetworkRequest [ id=5, legacyType=-1, [ Transports: WIFI Capabilities: INTERNET&NOT_RESTRICTED&TRUSTED&NOT_VPN] ] satisfies: true nri.isRequest: false
03-24 15:43:29.951  3670  4029 D ConnectivityService: Network NetworkAgentInfo [WIFI () - 510] was already satisfying request 1. No change.
03-24 15:43:29.951  3670  4029 D ConnectivityService:   checking if request is: NetworkRequest [ id=3, legacyType=-1, [] ] satisfies: true nri.isRequest: false
03-24 15:43:29.951  3670  4029 D ConnectivityService:   checking if request is: NetworkRequest [ id=394, legacyType=-1, [ Capabilities: INTERNET&NOT_RESTRICTED&TRUSTED] ] satisfies: true nri.isRequest: false
03-24 15:43:29.951  3670  4029 D ConnectivityService:   checking if request is: NetworkRequest [ id=4, legacyType=-1, [ Transports: CELLULAR Capabilities: INTERNET&NOT_RESTRICTED&TRUSTED&NOT_VPN] ] satisfies: false nri.isRequest: false
03-24 15:43:29.951  3670  4029 D ConnectivityService: sending notification AVAILABLE for NetworkRequest [ id=396, legacyType=-1, [ Capabilities: INTERNET&NOT_RESTRICTED&TRUSTED] ]
03-24 15:43:30.411  3054  3101 D Sensorhubs: readContextData: 1, 1, 52, 0, 0, 15, -35, 0, 0, 12, 5, 0, 0, 11, 44, 0, 0, 0, 0, 0, 0, 0, 86, 0, 0, 14, -71
03-24 15:43:30.411  3670  3983 D SensorHubManager: onGetSensorHubDataLocked: library(27) = 1, 1, 52, 0, 0, 15, -35, 0, 0, 12, 5, 0, 0, 11, 44, 0, 0, 0, 0, 0, 0, 0, 86, 0, 0, 14, -71
03-24 15:43:30.411  3670  3982 D CAE     : onGetSensorHubData(SensorHubParserProvider.java:92) - onGetSensorHubData Event [event buffer len :27], AP_WAKEUP
03-24 15:43:30.411  3670  3982 I CAE     : parse(SensorHubParserProvider.java:188) - buffer size = 27
03-24 15:43:30.411  3670  3982 I CAE     : parse(SensorHubParserProvider.java:199) - 1, 1, 52, 0, 0, 15, -35, 0, 0, 12, 5, 0, 0, 11, 44, 0, 0, 0, 0, 0, 0, 0, 86, 0, 0, 14, -71,
03-24 15:43:30.411  3670  3982 D CAE     : display(ContextProvider.java:375) - ================= EAD =================
03-24 15:43:30.411  3670  3982 I CAE     : display(ContextProvider.java:391) - B=[0.286], G=[0.3077], R=[0.4061], CCT=[3769], Lux=[86]
03-24 15:43:30.411  3670  3985 D SContextService: updateSContext() : event = Environment Adaptive Display
03-24 15:43:30.411  3670  4040 I AdaptiveDisplayColorService: AvgR : 0.4061, AvgG : 0.3077, AvgB : 0.286, avg lux : 86
03-24 15:43:31.481  3670  3930 D PackageManager: [MSG] WRITE_PACKAGE_RESTRICTIONS
03-24 15:43:31.521  3670  3930 W System.err: remove failed: ENOENT (No such file or directory) : /data/system/users/0/package-restrictions.xml.bak
03-24 15:43:31.881 32294 32320 I chromium: [INFO:child_process_service.cc(73)] ChildProcessService: Exiting child process.
03-24 15:43:31.901  3022  3022 E lowmemorykiller: Error writing /proc/32294/oom_score_adj; errno=22
03-24 15:43:31.901 32057 32057 W chromium: [WARNING:compositor_view.cc(263)] Child process died (type=6) pid=32294)
03-24 15:43:31.901  3670  4407 E JavaBinder: !!! FAILED BINDER TRANSACTION !!!  (parcel size = 76)
03-24 15:43:31.911  3670  4407 W ActivityManager: Exception when unbinding service com.android.chrome/org.chromium.content.app.SandboxedProcessService1
03-24 15:43:31.911  3670  4407 W ActivityManager: android.os.DeadObjectException
03-24 15:43:31.911  3670  4407 W ActivityManager: 	at android.os.BinderProxy.transactNative(Native Method)
03-24 15:43:31.911  3670  4407 W ActivityManager: 	at android.os.BinderProxy.transact(Binder.java:503)
03-24 15:43:31.911  3670  4407 W ActivityManager: 	at android.app.ApplicationThreadProxy.scheduleUnbindService(ApplicationThreadNative.java:1260)
03-24 15:43:31.911  3670  4407 W ActivityManager: 	at com.android.server.am.ActiveServices.removeConnectionLocked(ActiveServices.java:2136)
03-24 15:43:31.911  3670  4407 W ActivityManager: 	at com.android.server.am.ActiveServices.unbindServiceLocked(ActiveServices.java:1034)
03-24 15:43:31.911  3670  4407 W ActivityManager: 	at com.android.server.am.ActivityManagerService.unbindService(ActivityManagerService.java:22244)
03-24 15:43:31.911  3670  4407 W ActivityManager: 	at android.app.ActivityManagerNative.onTransact(ActivityManagerNative.java:1050)
03-24 15:43:31.911  3670  4407 W ActivityManager: 	at com.android.server.am.ActivityManagerService.onTransact(ActivityManagerService.java:3999)
03-24 15:43:31.911  3670  4407 W ActivityManager: 	at android.os.Binder.execTransact(Binder.java:453)
03-24 15:43:31.921  3022  3022 E lowmemorykiller: Error opening /proc/32294/oom_score_adj; errno=2
03-24 15:43:31.931  3670  4409 I ActivityManager: Process com.android.chrome:sandboxed_process1 (pid 32294)(adj 9) has died(184,1003)
03-24 15:43:31.931  3670  4409 D ActivityManager: cleanUpApplicationRecord -- 32294
03-24 15:43:31.931  3670  4409 D ActivityManager: isAutoRunBlockedApp:: com.android.chrome, Auto Run ON
03-24 15:43:31.931  3670  4409 W ContextImpl: Calling a method in the system process without a qualified user: android.app.ContextImpl.sendBroadcast:830 com.android.server.am.ActivityManagerService.updateOomAdjLocked:26802 com.android.server.am.ActivityManagerService.appDiedLocked:7593 com.android.server.am.ActivityManagerService$AppDeathRecipient.binderDied:1925 android.os.BinderProxy.sendDeathNotice:558 
03-24 15:43:31.941  3670  3796 V MARsPolicyManager: executePolicy policy  spcmpolicy(1) reason Adj 14 BG Killed
03-24 15:43:31.941  3670  3796 V MARsPolicyManager: CurrentImportantPackage org.mozilla.firefox -in latest protected packageslist for SPCM!
03-24 15:43:31.941  3670  3796 V MARsPolicyManager: CurrentImportantPackage com.microsoft.emmx -in latest protected packageslist for SPCM!
03-24 15:43:31.941  3670  3796 V MARsPolicyManager: CurrentImportantPackage com.example.myapplication -in latest protected packageslist for SPCM!
03-24 15:43:31.941  3670  3796 V MARsPolicyManager: CurrentImportantPackage com.yandex.browser -in latest protected packageslist for SPCM!
03-24 15:43:33.311  3670  3931 D BatteryService: !@BatteryListener : batteryPropertiesChanged!
03-24 15:43:33.311  3670  3931 D BatteryService: level:94, scale:100, status:2, health:2, present:true, voltage: 4275, temperature: 326, technology: Li-ion, AC powered:false, USB powered:true, POGO powered:false, Wireless powered:false, icon:17303414, invalid charger:0, maxChargingCurrent:0
03-24 15:43:33.311  3670  3931 D BatteryService: online:4, current avg:-41, charge type:1, power sharing:false, high voltage charger:false, capacity:280000, batterySWSelfDischarging:false, current_now:194
03-24 15:43:33.311  3670  3670 D BatteryService: Sending ACTION_BATTERY_CHANGED.
03-24 15:43:33.311  3670  3670 I MotionRecognitionService: Plugged
03-24 15:43:33.311  3670  3670 E MotionRecognitionService: support TA ~
03-24 15:43:33.311  3670  3670 I MotionRecognitionService: isTAConnected | current backoffstate  = 33792
03-24 15:43:33.311  3670  3670 D MotionRecognitionService:  TA connected ,  33792
03-24 15:43:33.311  3670  3670 I MotionRecognitionService: skip setTransmitPower. 
03-24 15:43:33.311  3670  3670 D MotionRecognitionService:   cableConnection= 1
03-24 15:43:33.311  3670  3670 D MotionRecognitionService: setPowerConnected | current backoffstate  = 33792 , state =33792
03-24 15:43:33.311  3670  3670 D MotionRecognitionService: skip setTransmitPower. 
03-24 15:43:33.321  4103  4103 D KeyguardUpdateMonitor: received broadcast android.intent.action.BATTERY_CHANGED
03-24 15:43:33.321  4103  4103 D PowerUI : priorPlugType = 2 mPlugType =  2
03-24 15:43:33.321  4103  4103 D PowerUI.Notification: showChargingNotice oldChargingType : 1 currentChargingType : 1 oldChargingTime : 962000 mChargingTime : 962000
03-24 15:43:33.321  4103  4103 D PowerUI.Notification: There is no change about charging status, so return!
03-24 15:43:33.331  4103  4103 D BatteryMeterView: ACTION_BATTERY_CHANGED : level:94 status:2 health:2
03-24 15:43:33.331  4103  4103 D KeyguardUpdateMonitor: handleBatteryUpdate
03-24 15:43:33.331  4103  4103 D BatteryMeterView: ACTION_BATTERY_CHANGED : level:94 status:2 health:2
03-24 15:43:33.571  3670  6805 D SSRM:n  : SIOP:: AP = 450, PST = 438 (W:16), CP = 324, CUR = -41, LCD = 93
03-24 15:43:33.621  3670  6805 D ConnectivityService: returning getNetworkInfo for network type 1 : [type: WIFI[] - WIFI, state: CONNECTED/CONNECTED, reason: (unspecified), extra: "DataStructures", roaming: false, failover: false, isAvailable: true]
03-24 15:43:33.651 25534 25534 E TRACKERS: File error! Can't Open File 
03-24 15:43:35.291  3670  3796 W ActivityManager: Activity stop timeout for ActivityRecord{fcdcea1 u0 com.example.myapplication/.MainActivity t170}
03-24 15:43:40.431 25181 25197 D ContactsProvider_EventLog: contents_sample_state: [ contacts(0) data(0) accounts({}) accounts deleted({}) calls([])  ]
03-24 15:43:40.431 25181 25197 D ContactsProvider_EventLog: contents_sample_state: [ agr({})  ]
03-24 15:43:40.481 25181 25197 E ContactsProvider_EventLog: Flush buffer to file cnt : 3 size : 1Kb duration : 42ms lastUpdatedAfter : 60097 ms mFlush_time_threasold : 2000 mCurrentSize : 513
03-24 15:43:42.111  3670  4018 D NtpTrustedTime: currentTimeMillis() cache hit
03-24 15:43:42.111  3670  4018 V NetworkStats: performPollLocked(flags=0x1)
03-24 15:43:42.111  3670  4018 D NetworkStatsRecorder: entry.iface is null
03-24 15:43:42.111  3670  4018 D NetworkStatsRecorder: entry.iface is null
03-24 15:43:42.111  3670  4018 D NetworkStatsRecorder: entry.iface is null
03-24 15:43:42.111  3670  4018 D NetworkStatsRecorder: entry.iface is null
03-24 15:43:42.141  3670  4018 V NetworkStats: performPollLocked() took 33ms
03-24 15:43:42.141  3670  4018 D NtpTrustedTime: currentTimeMillis() cache hit
03-24 15:43:42.141  3670  4019 D NtpTrustedTime: currentTimeMillis() cache hit
03-24 15:43:42.161  3670  4019 D NtpTrustedTime: currentTimeMillis() cache hit
03-24 15:43:43.351  3670  3697 D BatteryService: !@BatteryListener : batteryPropertiesChanged!
03-24 15:43:43.351  3670  3697 D BatteryService: level:94, scale:100, status:2, health:2, present:true, voltage: 4273, temperature: 326, technology: Li-ion, AC powered:false, USB powered:true, POGO powered:false, Wireless powered:false, icon:17303414, invalid charger:0, maxChargingCurrent:0
03-24 15:43:43.351  3670  3697 D BatteryService: online:4, current avg:72, charge type:1, power sharing:false, high voltage charger:false, capacity:280000, batterySWSelfDischarging:false, current_now:142
03-24 15:43:43.351  3670  3670 D BatteryService: Sending ACTION_BATTERY_CHANGED.
03-24 15:43:43.361  3670  3670 I MotionRecognitionService: Plugged
03-24 15:43:43.361  3670  3670 E MotionRecognitionService: support TA ~
03-24 15:43:43.361  3670  3670 I MotionRecognitionService: isTAConnected | current backoffstate  = 33792
03-24 15:43:43.361  3670  3670 D MotionRecognitionService:  TA connected ,  33792
03-24 15:43:43.361  3670  3670 I MotionRecognitionService: skip setTransmitPower. 
03-24 15:43:43.361  3670  3670 D MotionRecognitionService:   cableConnection= 1
03-24 15:43:43.361  3670  3670 D MotionRecognitionService: setPowerConnected | current backoffstate  = 33792 , state =33792
03-24 15:43:43.361  3670  3670 D MotionRecognitionService: skip setTransmitPower. 
