03-24 14:54:35.451 16853 16869 W VideoCapabilities: Unrecognized profile 2130706433 for video/avc
03-24 14:54:35.451 16853 16869 W VideoCapabilities: Unrecognized profile 2130706433 for video/avc
03-24 14:54:35.451 16853 16869 W VideoCapabilities: Unrecognized profile 2130706433 for video/avc
03-24 14:54:35.451 16853 16869 W VideoCapabilities: Unrecognized profile 2130706433 for video/avc
03-24 14:54:35.451 16853 16869 W VideoCapabilities: Unrecognized profile 2130706433 for video/avc
03-24 14:54:35.451 16853 16869 W VideoCapabilities: Unrecognized profile 2130706433 for video/avc
03-24 14:54:35.451 16853 16869 W VideoCapabilities: Unrecognized profile 2130706433 for video/avc
03-24 14:54:35.451 16853 16869 W VideoCapabilities: Unrecognized profile 2130706433 for video/avc
03-24 14:54:35.451 16853 16869 W VideoCapabilities: Unrecognized profile 2130706433 for video/avc
03-24 14:54:35.451 16853 16869 W VideoCapabilities: Unrecognized profile 2130706433 for video/avc
03-24 14:54:35.451 16853 16869 W VideoCapabilities: Unrecognized profile 2130706433 for video/avc
03-24 14:54:35.451 16853 16869 W VideoCapabilities: Unrecognized profile 2130706433 for video/avc
03-24 14:54:35.451 16853 16869 W VideoCapabilities: Unrecognized profile 2130706433 for video/avc
03-24 14:54:35.451 16853 16869 W VideoCapabilities: Unrecognized profile 2130706433 for video/avc
03-24 14:54:35.451 16853 16869 W VideoCapabilities: Unrecognized profile 2130706434 for video/avc
03-24 14:54:35.451 16853 16869 W VideoCapabilities: Unrecognized profile 2130706434 for video/avc
03-24 14:54:35.451 16853 16869 W VideoCapabilities: Unrecognized profile 2130706434 for video/avc
03-24 14:54:35.451 16853 16869 W VideoCapabilities: Unrecognized profile 2130706434 for video/avc
03-24 14:54:35.451 16853 16869 W VideoCapabilities: Unrecognized profile 2130706434 for video/avc
03-24 14:54:35.451 16853 16869 W VideoCapabilities: Unrecognized profile 2130706434 for video/avc
03-24 14:54:35.451 16853 16869 W VideoCapabilities: Unrecognized profile 2130706434 for video/avc
03-24 14:54:35.451 16853 16869 W VideoCapabilities: Unrecognized profile 2130706434 for video/avc
03-24 14:54:35.451 16853 16869 W VideoCapabilities: Unrecognized profile 2130706434 for video/avc
03-24 14:54:35.451 16853 16869 W VideoCapabilities: Unrecognized profile 2130706434 for video/avc
03-24 14:54:35.451 16853 16869 W VideoCapabilities: Unrecognized profile 2130706434 for video/avc
03-24 14:54:35.451 16853 16869 W VideoCapabilities: Unrecognized profile 2130706434 for video/avc
03-24 14:54:35.451 16853 16869 W VideoCapabilities: Unrecognized profile 2130706434 for video/avc
03-24 14:54:35.451 16853 16869 W VideoCapabilities: Unrecognized profile 2130706434 for video/avc
03-24 14:54:35.451 16853 16869 W VideoCapabilities: Unrecognized profile 2130706434 for video/avc
03-24 14:54:35.451 16853 16869 W VideoCapabilities: Unrecognized profile 2130706434 for video/avc
03-24 14:54:35.451 16853 16869 W VideoCapabilities: Unsupported mime video/wvc1
03-24 14:54:35.451 16853 16869 W VideoCapabilities: Unsupported mime video/x-ms-wmv
03-24 14:54:35.451 16853 16869 W VideoCapabilities: Unrecognized profile/level 32768/2 for video/mp4v-es
03-24 14:54:35.451 16853 16869 W VideoCapabilities: Unsupported mime video/wvc1
03-24 14:54:35.451 16853 16869 W VideoCapabilities: Unsupported mime video/x-ms-wmv
03-24 14:54:35.451 16853 16869 W VideoCapabilities: Unsupported mime video/x-ms-wmv7
03-24 14:54:35.451 16853 16869 W VideoCapabilities: Unsupported mime video/x-ms-wmv8
03-24 14:54:35.451 16853 16869 W VideoCapabilities: Unsupported mime video/mp43
03-24 14:54:35.461 16853 16869 W VideoCapabilities: Unrecognized profile 2130706433 for video/avc
03-24 14:54:35.461 16853 16869 W VideoCapabilities: Unrecognized profile 2130706433 for video/avc
03-24 14:54:35.461 16853 16869 W VideoCapabilities: Unrecognized profile 2130706433 for video/avc
03-24 14:54:35.461 16853 16869 W VideoCapabilities: Unrecognized profile 2130706433 for video/avc
03-24 14:54:35.461 16853 16869 W VideoCapabilities: Unrecognized profile 2130706433 for video/avc
03-24 14:54:35.461 16853 16869 W VideoCapabilities: Unrecognized profile 2130706433 for video/avc
03-24 14:54:35.461 16853 16869 W VideoCapabilities: Unrecognized profile 2130706433 for video/avc
03-24 14:54:35.461 16853 16869 W VideoCapabilities: Unrecognized profile 2130706433 for video/avc
03-24 14:54:35.461 16853 16869 W VideoCapabilities: Unrecognized profile 2130706433 for video/avc
03-24 14:54:35.461 16853 16869 W VideoCapabilities: Unrecognized profile 2130706433 for video/avc
03-24 14:54:35.461 16853 16869 W VideoCapabilities: Unrecognized profile 2130706433 for video/avc
03-24 14:54:35.461 16853 16869 W VideoCapabilities: Unrecognized profile 2130706433 for video/avc
03-24 14:54:35.461 16853 16869 W VideoCapabilities: Unrecognized profile 2130706433 for video/avc
03-24 14:54:35.461 16853 16869 W VideoCapabilities: Unrecognized profile 2130706433 for video/avc
03-24 14:54:35.461 16853 16869 W VideoCapabilities: Unrecognized profile 2130706433 for video/avc
03-24 14:54:35.461 16853 16869 W VideoCapabilities: Unrecognized profile 2130706433 for video/avc
03-24 14:54:35.461 16853 16869 W VideoCapabilities: Unrecognized profile 2130706434 for video/avc
03-24 14:54:35.461 16853 16869 W VideoCapabilities: Unrecognized profile 2130706434 for video/avc
03-24 14:54:35.461 16853 16869 W VideoCapabilities: Unrecognized profile 2130706434 for video/avc
03-24 14:54:35.461 16853 16869 W VideoCapabilities: Unrecognized profile 2130706434 for video/avc
03-24 14:54:35.461 16853 16869 W VideoCapabilities: Unrecognized profile 2130706434 for video/avc
03-24 14:54:35.461 16853 16869 W VideoCapabilities: Unrecognized profile 2130706434 for video/avc
03-24 14:54:35.461 16853 16869 W VideoCapabilities: Unrecognized profile 2130706434 for video/avc
03-24 14:54:35.461 16853 16869 W VideoCapabilities: Unrecognized profile 2130706434 for video/avc
03-24 14:54:35.461 16853 16869 W VideoCapabilities: Unrecognized profile 2130706434 for video/avc
03-24 14:54:35.461 16853 16869 W VideoCapabilities: Unrecognized profile 2130706434 for video/avc
03-24 14:54:35.461 16853 16869 W VideoCapabilities: Unrecognized profile 2130706434 for video/avc
03-24 14:54:35.461 16853 16869 W VideoCapabilities: Unrecognized profile 2130706434 for video/avc
03-24 14:54:35.461 16853 16869 W VideoCapabilities: Unrecognized profile 2130706434 for video/avc
03-24 14:54:35.461 16853 16869 W VideoCapabilities: Unrecognized profile 2130706434 for video/avc
03-24 14:54:35.461 16853 16869 W VideoCapabilities: Unrecognized profile 2130706434 for video/avc
03-24 14:54:35.461 16853 16869 W VideoCapabilities: Unrecognized profile 2130706434 for video/avc
03-24 14:54:35.461 16853 16869 W VideoCapabilities: Unrecognized profile/level 32768/2 for video/mp4v-es
03-24 14:54:35.471 16853 16869 I VideoCapabilities: Unsupported profile 4 for video/mp4v-es
03-24 14:54:35.471  3670  3670 D CustomFrequencyManagerService: releaseDVFSLockLocked : Getting Lock type frm List : DVFS_MIN_LIMIT  frequency : 1800000  uid : 1000  pid : 3670  tag : ACTIVITY_RESUME_BOOSTER@9
03-24 14:54:35.471 16853 16869 W VideoCapabilities: Unsupported mime video/sorenson
03-24 14:54:35.591 16709 16791 W art     : Verification of void q.d() took 194.705ms
03-24 14:54:35.591  3670  4552 I PersonaManager: mKnoxInfo is empty
03-24 14:54:35.601 16709 16791 W cr_tabmodel: Starting to perform legacy migration.
03-24 14:54:35.601 16709 16791 W cr_tabmodel: Finished performing legacy migration.
03-24 14:54:35.601 16709 16791 W cr_tabmodel: Starting to perform multi-instance migration.
03-24 14:54:35.601 16709 16791 W cr_tabmodel: Finished performing multi-instance migration.
03-24 14:54:35.601 16709 16791 I cr_tabmodel: Starting to fetch tab list for tab_state0
03-24 14:54:35.601 16709 16791 I cr_tabmodel: State file does not exist.
03-24 14:54:35.601 16709 16791 I cr_tabmodel: Starting to fetch tab list for tab_state_browser_actions
03-24 14:54:35.601 16709 16791 I cr_tabmodel: State file does not exist.
03-24 14:54:35.601  3670  4143 D SecContentProvider: query(), uri = 2 selection = isAuditLogEnabled
03-24 14:54:35.601  3670  4409 D SecContentProvider: query(), uri = 5 selection = getAutoFillSetting
03-24 14:54:35.601  3670  4946 D SecContentProvider: query(), uri = 5 selection = getCookiesSetting
03-24 14:54:35.601  3670  4524 D SecContentProvider: query(), uri = 5 selection = getHttpProxy
03-24 14:54:35.601  3670  4947 D SecContentProvider: query(), uri = 5 selection = getJavaScriptSetting
03-24 14:54:35.601  3670  4016 D SecContentProvider: query(), uri = 5 selection = getPopupsSetting
03-24 14:54:35.601  3670  3697 D SecContentProvider: query(), uri = 22 selection = isAuthenticationEnabled
03-24 14:54:35.601 16853 16869 D mali_winsys: new_window_surface returns 0x3000,  [1440x2464]-format:1
03-24 14:54:35.601 16853 16869 D         : ro.exynos.dss isEnabled: 0
03-24 14:54:35.601  3670  4454 D SecContentProvider: query(), uri = 10 selection = getURLFilterList
03-24 14:54:35.601  3670  3698 D SecContentProvider: query(), uri = 10 selection = getURLFilterEnabled
03-24 14:54:35.611  3670  4552 D SecContentProvider: query(), uri = 10 selection = getURLFilterReportEnabled
03-24 14:54:35.611  3670  4452 D SecContentProvider: query(), uri = 2 selection = isAuditLogEnabled
03-24 14:54:35.611  3670  4952 D SecContentProvider: query(), uri = 5 selection = getAutoFillSetting
03-24 14:54:35.611  3670  3931 D SecContentProvider: query(), uri = 5 selection = getCookiesSetting
03-24 14:54:35.611  3670  4407 D SecContentProvider: query(), uri = 5 selection = getHttpProxy
03-24 14:54:35.611  3670  4550 D SecContentProvider: query(), uri = 5 selection = getJavaScriptSetting
03-24 14:54:35.611  3670  4143 D SecContentProvider: query(), uri = 5 selection = getPopupsSetting
03-24 14:54:35.611 16853 16869 D libGLESv2: DTS_GLAPI : DTS is not allowed for Package : com.android.chrome:privileged_process0
03-24 14:54:35.611  3670  4421 D SecContentProvider: query(), uri = 22 selection = isAuthenticationEnabled
03-24 14:54:35.611  3670  4409 D SecContentProvider: query(), uri = 10 selection = getURLFilterList
03-24 14:54:35.611  3670  4946 D SecContentProvider: query(), uri = 10 selection = getURLFilterEnabled
03-24 14:54:35.611  3670  4524 D SecContentProvider: query(), uri = 10 selection = getURLFilterReportEnabled
03-24 14:54:35.611 16709 16709 I cr_SnippetsLauncher: Scheduling: 172800 172800
03-24 14:54:35.621  3670  3796 V BroadcastQueue: [background] Process cur broadcast BroadcastRecord{4b30f67 u0 com.google.android.gms.gcm.ACTION_SCHEDULE qIdx=4}, state= (APP_RECEIVE) DELIVERED for app ProcessRecord{49f3f4c 4932:com.google.android.gms.persistent/u0a15}
03-24 14:54:35.621  3670  3931 V BroadcastQueue: [background] Process cur broadcast BroadcastRecord{f992114 u0 com.google.android.gms.gcm.ACTION_SCHEDULE qIdx=4}, state= (APP_RECEIVE) DELIVERED for app ProcessRecord{49f3f4c 4932:com.google.android.gms.persistent/u0a15}
03-24 14:54:35.631  3670  4552 I PersonaManager: mKnoxInfo is empty
03-24 14:54:35.641  4932  4932 W ChimeraUtils: Non Chimera context
03-24 14:54:35.651  3670  4019 D NetworkPolicy: isUidForegroundLocked: 10018, mScreenOn: true, uidstate: 2, mProxSensorScreenOff: false
03-24 14:54:35.681 16709 16709 D TextView: setTypeface with style : 0
03-24 14:54:35.721  3670  4552 I PersonaManager: mKnoxInfo is empty
03-24 14:54:35.731  4183  4183 D Recents : onTaskStackChanged
03-24 14:54:35.751  3670  4452 I PersonaManager: mKnoxInfo is empty
03-24 14:54:35.751  3670  4550 I PersonaManager: mKnoxInfo is empty
03-24 14:54:35.761  3670  3931 I PersonaManager: mKnoxInfo is empty
03-24 14:54:35.771 16811 16823 I cr_LibraryLoader:  Loading chrome from within /data/app/com.android.chrome-2/base.apk
03-24 14:54:35.771  3670  4524 I PersonaManager: mKnoxInfo is empty
03-24 14:54:35.781 16895 16895 E Zygote  : v2
03-24 14:54:35.781 16895 16895 I libpersona: KNOX_SDCARD checking this for 99197
03-24 14:54:35.781 16895 16895 I libpersona: KNOX_SDCARD not a persona
03-24 14:54:35.781 16895 16895 W SELinux : Function: selinux_compare_spd_ram, index[1], priority [2], priority version is VE=SEPF_SECMOBILE_6.0.1_0003
03-24 14:54:35.781 16895 16895 E Zygote  : accessInfo : 0
03-24 14:54:35.781 16895 16895 W SELinux : SELinux: seapp_context_lookup: seinfo=chrome, level=s0:c512,c768, pkgname=com.android.chrome:sandboxed_process1 
03-24 14:54:35.791  3670  4524 I ActivityManager: Start proc 16895:com.android.chrome:sandboxed_process1/u0i197 for service com.android.chrome/org.chromium.content.app.SandboxedProcessService1
03-24 14:54:35.791  3670  3931 I PersonaManager: mKnoxInfo is empty
03-24 14:54:35.801  3670  4421 I PersonaManager: mKnoxInfo is empty
03-24 14:54:35.801 16811 16823 I cr_LibraryLoader: Time to load native libraries: 30 ms (timestamps 6707-6737)
03-24 14:54:35.801 16811 16823 I chromium: [INFO:library_loader_hooks.cc(42)] Chromium logging enabled: level = 0, default verbosity = 0
03-24 14:54:35.801 16811 16823 I cr_LibraryLoader: Expected native library version number "72.0.3626.105", actual native library version number "72.0.3626.105"
03-24 14:54:35.811  3670  4019 D NetworkPolicy: isUidForegroundLocked: 10018, mScreenOn: true, uidstate: 16, mProxSensorScreenOff: false
03-24 14:54:35.811 16811 16823 W ResourcesManager: getTopLevelResources: /data/app/com.android.chrome-2/base.apk / 1.0 running in com.android.chrome rsrc of package com.android.chrome
03-24 14:54:35.811 16895 16895 W ResourcesManager: getTopLevelResources: /data/app/com.android.chrome-2/base.apk / 1.0 running in com.android.chrome rsrc of package com.android.chrome
03-24 14:54:35.821 16895 16895 D ResourcesManager: For user 0 new overlays fetched Null
03-24 14:54:35.821 18067 18067 D SamsungIME: IMPL finishInput
03-24 14:54:35.821 18067 18067 D SamsungIME: SwiftKeyWrapper writeDBdataToFileOnFinishInput
03-24 14:54:35.821 18067 18067 D SamsungIME: saveAndClear +
03-24 14:54:35.821 18067 18067 D SamsungIME: saveAndClear -
03-24 14:54:35.821 16895 16895 I InjectionManager: Inside getClassLibPath caller 
03-24 14:54:35.831 16895 16895 D InjectionManager: InjectionManager
03-24 14:54:35.831 16895 16895 I InjectionManager: featureStore :{}
03-24 14:54:35.831 16895 16895 I cr_ChildProcessService: Creating new ChildProcessService pid=16895
03-24 14:54:35.841  3670  4143 I PersonaManager: mKnoxInfo is empty
03-24 14:54:35.841  3670  4550 I PersonaManager: mKnoxInfo is empty
03-24 14:54:35.841  3025  3732 I SurfaceFlinger: id=576 Removed dhrome (3/9)
03-24 14:54:35.841  3025  3732 I SurfaceFlinger: id=576 Removed dhrome (-2/9)
03-24 14:54:35.841  3670  4143 D PackageManager: findPreferredActivity: We found 1 PreferredActivities set, but no match
03-24 14:54:35.851  3670  4143 I PackageManager: No preferred activity: intent should not be shown
03-24 14:54:35.861  3025  3025 D libEGL  : eglTerminate EGLDisplay = 0x7ff3f31e58
03-24 14:54:35.881 16709 16709 D TextView: setTypeface with style : 0
03-24 14:54:35.881 16709 16709 D TextView: setTypeface with style : 0
03-24 14:54:35.911 16709 16805 W System.err: remove failed: ENOENT (No such file or directory) : /data/user/0/com.android.chrome/app_tabs/0/tab_state0.bak
03-24 14:54:35.921  4932  9238 E alar    : Phenotype API error. Event # bsha@8e46125e, EventCode: GET_EXP [CONTEXT service_id=51 ]
03-24 14:54:35.921  4932  9238 E alar    : akzn: 29505: No config packages for log source, or config package not registered
03-24 14:54:35.921  4932  9238 E alar    : 	at albe.a(:com.google.android.gms@15090019@15.0.90 (040400-231259764):45)
03-24 14:54:35.921  4932  9238 E alar    : 	at albd.b(:com.google.android.gms@15090019@15.0.90 (040400-231259764))
03-24 14:54:35.921  4932  9238 E alar    : 	at alar.a(:com.google.android.gms@15090019@15.0.90 (040400-231259764):103)
03-24 14:54:35.921  4932  9238 E alar    : 	at alar.a(:com.google.android.gms@15090019@15.0.90 (040400-231259764):97)
03-24 14:54:35.921  4932  9238 E alar    : 	at yzz.run(:com.google.android.gms@15090019@15.0.90 (040400-231259764):27)
03-24 14:54:35.921  4932  9238 E alar    : 	at bgah.run(:com.google.android.gms@15090019@15.0.90 (040400-231259764):2)
03-24 14:54:35.921  4932  9238 E alar    : 	at rrm.run(:com.google.android.gms@15090019@15.0.90 (040400-231259764):21)
03-24 14:54:35.921  4932  9238 E alar    : 	at java.util.concurrent.ThreadPoolExecutor.runWorker(ThreadPoolExecutor.java:1113)
03-24 14:54:35.921  4932  9238 E alar    : 	at java.util.concurrent.ThreadPoolExecutor$Worker.run(ThreadPoolExecutor.java:588)
03-24 14:54:35.921  4932  9238 E alar    : 	at rxo.run(:com.google.android.gms@15090019@15.0.90 (040400-231259764))
03-24 14:54:35.921  4932  9238 E alar    : 	at java.lang.Thread.run(Thread.java:818)
03-24 14:54:35.921 16709 16709 D TextView: setTypeface with style : 0
03-24 14:54:35.921  4932  9238 E AsyncOperation: serviceID=51, operation=GetExperimentTokensOperationCall
03-24 14:54:35.921  4932  9238 E AsyncOperation: OperationException[Status{statusCode=No config packages for log source, or config package not registered, resolution=null}]
03-24 14:54:35.921  4932  9238 E AsyncOperation: 	at alar.a(:com.google.android.gms@15090019@15.0.90 (040400-231259764):111)
03-24 14:54:35.921  4932  9238 E AsyncOperation: 	at alar.a(:com.google.android.gms@15090019@15.0.90 (040400-231259764):97)
03-24 14:54:35.921  4932  9238 E AsyncOperation: 	at yzz.run(:com.google.android.gms@15090019@15.0.90 (040400-231259764):27)
03-24 14:54:35.921  4932  9238 E AsyncOperation: 	at bgah.run(:com.google.android.gms@15090019@15.0.90 (040400-231259764):2)
03-24 14:54:35.921  4932  9238 E AsyncOperation: 	at rrm.run(:com.google.android.gms@15090019@15.0.90 (040400-231259764):21)
03-24 14:54:35.921  4932  9238 E AsyncOperation: 	at java.util.concurrent.ThreadPoolExecutor.runWorker(ThreadPoolExecutor.java:1113)
03-24 14:54:35.921  4932  9238 E AsyncOperation: 	at java.util.concurrent.ThreadPoolExecutor$Worker.run(ThreadPoolExecutor.java:588)
03-24 14:54:35.921  4932  9238 E AsyncOperation: 	at rxo.run(:com.google.android.gms@15090019@15.0.90 (040400-231259764))
03-24 14:54:35.921  4932  9238 E AsyncOperation: 	at java.lang.Thread.run(Thread.java:818)
03-24 14:54:35.931 16895 16912 I cr_LibraryLoader:  Loading chrome from within /data/app/com.android.chrome-2/base.apk
03-24 14:54:35.941  3670  4946 I PersonaManager: mKnoxInfo is empty
03-24 14:54:35.961 16895 16912 I cr_LibraryLoader: Time to load native libraries: 30 ms (timestamps 6865-6895)
03-24 14:54:35.961 16709 16709 I Timeline: Timeline: Activity_idle id: android.os.BinderProxy@ff8a33b time:70486895
03-24 14:54:35.961 16895 16912 I chromium: [INFO:library_loader_hooks.cc(42)] Chromium logging enabled: level = 0, default verbosity = 0
03-24 14:54:35.961 16895 16912 I cr_LibraryLoader: Expected native library version number "72.0.3626.105", actual native library version number "72.0.3626.105"
03-24 14:54:35.961  3670  3697 I PersonaManager: mKnoxInfo is empty
03-24 14:54:35.961  4408  4408 D Launcher.HomeView: onStop
03-24 14:54:35.961  4408  4408 D capture : ----destroy
03-24 14:54:35.971  4408  4408 V ActivityThread: updateVisibility : ActivityRecord{fd54842 token=android.os.BinderProxy@765da0c {com.sec.android.app.launcher/com.sec.android.app.launcher.activities.LauncherActivity}} show : false
03-24 14:54:35.971 16895 16912 W ResourcesManager: getTopLevelResources: /data/app/com.android.chrome-2/base.apk / 1.0 running in com.android.chrome rsrc of package com.android.chrome
03-24 14:54:35.971 16709 16709 E NFC     : isAndroidBeamAllowed - Begin
03-24 14:54:35.971 16709 16709 I NFC     : showMsg is false
03-24 14:54:35.971  3670  4143 D SecContentProvider: query(), uri = 15 selection = isAndroidBeamAllowed
03-24 14:54:35.981  4408  4408 D Launcher: onTrimMemory. Level: 20
03-24 14:54:35.991  3025  3025 D libEGL  : eglInitialize EGLDisplay = 0x7ff3f31d28
03-24 14:54:36.011  3025  3025 D libEGL  : eglInitialize EGLDisplay = 0x7ff3f31d28
03-24 14:54:36.011  3670  4407 I PersonaManager: mKnoxInfo is empty
03-24 14:54:36.011  3670  4550 I PersonaManager: mKnoxInfo is empty
03-24 14:54:36.031 16709 16709 W ahp     : platform method missing - proto runtime falling back to safer methods: java.lang.NoSuchMethodException: getByte [class java.lang.Object, long]
03-24 14:54:36.061  3670  4454 I PersonaManager: mKnoxInfo is empty
03-24 14:54:36.071 16709 16810 I cr_BindingManager: Moderate binding enabled: maxSize=40
03-24 14:54:36.071  3670  4454 D PackageManager: findPreferredActivity: We found 1 PreferredActivities set, but no match
03-24 14:54:36.071  3670  4454 I PackageManager: No preferred activity: intent should not be shown
03-24 14:54:36.071  3670  3796 V BroadcastQueue: [background] Process cur broadcast BroadcastRecord{942952f u0 com.android.chrome.BOOKMARK_APPWIDGET_UPDATE qIdx=4}, state= (APP_RECEIVE) DELIVERED for app ProcessRecord{9c7358a 16709:com.android.chrome/u0a88}
03-24 14:54:36.111 16932 16932 I dex2oat : /system/bin/dex2oat --compiler-filter=speed --dex-file=/data/user/0/com.android.chrome/app_dex/webapk5.dex --oat-file=/data/user/0/com.android.chrome/app_dex/oat/arm/webapk5.dex
03-24 14:54:36.121  3670  4552 I PersonaManager: mKnoxInfo is empty
03-24 14:54:36.131  3670  4454 I PersonaManager: mKnoxInfo is empty
03-24 14:54:36.131 14144 14581 I Icing   : IndexChimeraService.getServiceInterface callingPackage=com.android.chrome componentName=null serviceId=SEARCH_CORPORA
03-24 14:54:36.131 16932 16932 I dex2oat : ----------------------------------------------------
03-24 14:54:36.131 16932 16932 I dex2oat : <SS>: S T A R T I N G . . .
03-24 14:54:36.131 16932 16932 E dex2oat : <SS>: apk not found at /data/user/0/com.android.chrome/app_dex/
03-24 14:54:36.141 16932 16932 I dex2oat : dex2oat took 22.880ms (threads: 8) arena alloc=290KB java alloc=105KB native alloc=1625KB free=1958KB
03-24 14:54:36.141  3670  4524 I PersonaManager: mKnoxInfo is empty
03-24 14:54:36.141 16709 16807 W System.err: remove failed: ENOENT (No such file or directory) : /data/user/0/com.android.chrome/databases/snapshots.db
03-24 14:54:36.141 16709 16807 W System.err: remove failed: ENOENT (No such file or directory) : /data/user/0/com.android.chrome/databases/snapshots.db-journal
03-24 14:54:36.141 16709 16807 W System.err: remove failed: ENOENT (No such file or directory) : /data/user/0/com.android.chrome/databases/snapshots.db-shm
03-24 14:54:36.141 14144 14592 I Icing   : IndexChimeraService.getServiceInterface callingPackage=com.android.chrome componentName=null serviceId=SEARCH_CORPORA
03-24 14:54:36.141 16709 16807 W System.err: remove failed: ENOENT (No such file or directory) : /data/user/0/com.android.chrome/databases/snapshots.db-wal
03-24 14:54:36.151  3670  4550 I PersonaManager: mKnoxInfo is empty
03-24 14:54:36.151  3670  4421 I PersonaManager: mKnoxInfo is empty
03-24 14:54:36.151  3670  4946 I PersonaManager: mKnoxInfo is empty
03-24 14:54:36.161 16709 16789 W System.err: remove failed: ENOENT (No such file or directory) : /data/user/0/com.android.chrome/shared_prefs/webapp_registry.xml.bak
03-24 14:54:36.181 14144 14919 W ResourcesManager: getTopLevelResources: /data/app/com.yandex.browser-1/base.apk / 1.0 running in com.google.android.gms rsrc of package com.yandex.browser
03-24 14:54:36.181 14144 14919 D ResourcesManager: For user 0 new overlays fetched Null
03-24 14:54:36.181 14144 14919 W ResourcesManager: getTopLevelResources: /data/app/com.yandex.browser-1/base.apk / 1.0 running in com.google.android.gms rsrc of package com.yandex.browser
03-24 14:54:36.211 14144 14919 W ResourcesManager: getTopLevelResources: /data/app/com.microsoft.emmx-1/base.apk / 1.0 running in com.google.android.gms rsrc of package com.microsoft.emmx
03-24 14:54:36.211 14144 14919 D ResourcesManager: For user 0 new overlays fetched Null
03-24 14:54:36.211 14144 14919 W ResourcesManager: getTopLevelResources: /data/app/com.microsoft.emmx-1/base.apk / 1.0 running in com.google.android.gms rsrc of package com.microsoft.emmx
03-24 14:54:36.241 14144 14919 W ResourcesManager: getTopLevelResources: /data/app/org.mozilla.firefox-1/base.apk / 1.0 running in com.google.android.gms rsrc of package org.mozilla.firefox
03-24 14:54:36.251 14144 14919 D ResourcesManager: For user 0 new overlays fetched Null
03-24 14:54:36.271 14144 14919 W ResourcesManager: getTopLevelResources: /data/app/com.android.chrome-2/base.apk / 1.0 running in com.google.android.gms rsrc of package com.android.chrome
03-24 14:54:36.281 14144 14919 D ResourcesManager: For user 0 new overlays fetched Null
03-24 14:54:36.281 14144 14919 W ResourcesManager: getTopLevelResources: /data/app/com.android.chrome-2/base.apk / 1.0 running in com.google.android.gms rsrc of package com.android.chrome
03-24 14:54:36.281 14144 14919 I Icing   : Usage reports ok 4, Failed Usage reports 0, indexed 0, rejected 0, imm upload false
03-24 14:54:36.301  3670  4552 I PersonaManager: mKnoxInfo is empty
03-24 14:54:36.311 14144 14919 I Icing   : Usage reports ok 0, Failed Usage reports 0, indexed 0, rejected 0, imm upload false
03-24 14:54:36.321 14144 14919 I Icing   : Removing corpus key com.android.chrome-omnibox for package com.android.chrome
03-24 14:54:36.471 14144 14919 I native  : document-store.cc:1756 Scored 2192 usage reports, missing_corpora 102 update_failed 218
03-24 14:54:36.511 14144 14919 I Icing   : Indexing com.android.chrome-omnibox from com.android.chrome
03-24 14:54:36.561 14144 14919 I Icing   : Indexing done com.android.chrome-omnibox
03-24 14:54:36.571  3670  4524 I PersonaManager: mKnoxInfo is empty
03-24 14:54:36.841  3670  3796 V BroadcastQueue: [background] Process cur broadcast BroadcastRecord{a62a679 u0 android.intent.action.DROPBOX_ENTRY_ADDED qIdx=4}, state= (APP_RECEIVE) DELIVERED for app ProcessRecord{c6617ee 14560:com.samsung.android.sm/1000}
03-24 14:54:36.861  3670  4947 V BroadcastQueue: [background] Process cur broadcast BroadcastRecord{a62a679 u0 android.intent.action.DROPBOX_ENTRY_ADDED qIdx=4}, state= (APP_RECEIVE) DELIVERED for app ProcessRecord{3d26dbe 14144:com.google.android.gms/u0a15}
03-24 14:54:36.871  3670  4550 I PersonaManager: mKnoxInfo is empty
03-24 14:54:36.881  3670  4552 V BroadcastQueue: [background] Process cur broadcast BroadcastRecord{a62a679 u0 android.intent.action.DROPBOX_ENTRY_ADDED qIdx=4}, state= (APP_RECEIVE) DELIVERED for app ProcessRecord{49f3f4c 4932:com.google.android.gms.persistent/u0a15}
03-24 14:54:36.891  3670  3697 I PersonaManager: mKnoxInfo is empty
03-24 14:54:36.891  3670  4409 I PersonaManager: mKnoxInfo is empty
03-24 14:54:36.901  3670  4016 I PersonaManager: mKnoxInfo is empty
03-24 14:54:36.911  3670  4454 I PersonaManager: mKnoxInfo is empty
03-24 14:54:36.921  3670  4952 I PersonaManager: mKnoxInfo is empty
03-24 14:54:36.951  3670  4409 I PersonaManager: mKnoxInfo is empty
03-24 14:54:36.961  3670  4407 I PersonaManager: mKnoxInfo is empty
03-24 14:54:37.721  3670  4068 W System.err: remove failed: ENOENT (No such file or directory) : /data/system/recent_tasks/139_task.xml.bak
03-24 14:54:38.791  3670  4407 D BatteryService: !@BatteryListener : batteryPropertiesChanged!
03-24 14:54:38.791  3670  4407 D BatteryService: level:93, scale:100, status:2, health:2, present:true, voltage: 4273, temperature: 312, technology: Li-ion, AC powered:false, USB powered:true, POGO powered:false, Wireless powered:false, icon:17303414, invalid charger:0, maxChargingCurrent:0
03-24 14:54:38.791  3670  4407 D BatteryService: online:4, current avg:77, charge type:1, power sharing:false, high voltage charger:false, capacity:280000, batterySWSelfDischarging:false, current_now:271
03-24 14:54:38.791  3670  3670 D BatteryService: Sending ACTION_BATTERY_CHANGED.
03-24 14:54:38.801  3670  3670 I MotionRecognitionService: Plugged
03-24 14:54:38.801  3670  3670 E MotionRecognitionService: support TA ~
03-24 14:54:38.801  3670  3670 I MotionRecognitionService: isTAConnected | current backoffstate  = 33792
03-24 14:54:38.801  3670  3670 D MotionRecognitionService:  TA connected ,  33792
03-24 14:54:38.801  3670  3670 I MotionRecognitionService: skip setTransmitPower. 
03-24 14:54:38.801  3670  3670 D MotionRecognitionService:   cableConnection= 1
03-24 14:54:38.801  3670  3670 D MotionRecognitionService: setPowerConnected | current backoffstate  = 33792 , state =33792
03-24 14:54:38.801  3670  3670 D MotionRecognitionService: skip setTransmitPower. 
03-24 14:54:38.811  4103  4103 D KeyguardUpdateMonitor: received broadcast android.intent.action.BATTERY_CHANGED
03-24 14:54:38.811  4103  4103 D PowerUI : priorPlugType = 2 mPlugType =  2
03-24 14:54:38.811  4103  4103 D PowerUI.Notification: showChargingNotice oldChargingType : 1 currentChargingType : 1 oldChargingTime : 1347000 mChargingTime : 1347000
03-24 14:54:38.811  4103  4103 D KeyguardUpdateMonitor: handleBatteryUpdate
03-24 14:54:38.811  4103  4103 D PowerUI.Notification: There is no change about charging status, so return!
03-24 14:54:38.851  4103  4103 D BatteryMeterView: ACTION_BATTERY_CHANGED : level:93 status:2 health:2
03-24 14:54:38.851  4103  4103 D BatteryMeterView: ACTION_BATTERY_CHANGED : level:93 status:2 health:2
03-24 14:54:39.161  3670  6805 D SSRM:n  : SIOP:: AP = 400, PST = 374 (W:16), CP = 297, CUR = 77, LCD = 114
03-24 14:54:39.231  3670  6805 D ConnectivityService: returning getNetworkInfo for network type 1 : [type: WIFI[] - WIFI, state: CONNECTED/CONNECTED, reason: (unspecified), extra: "DataStructures", roaming: false, failover: false, isAvailable: true]
03-24 14:54:39.481  3670  4019 D NetworkPolicy: isUidForegroundLocked: 10015, mScreenOn: true, uidstate: 2, mProxSensorScreenOff: false
03-24 14:54:39.481  3670  4019 D NetworkPolicy: isUidForegroundLocked: 10015, mScreenOn: true, uidstate: 2, mProxSensorScreenOff: false
03-24 14:54:40.651 16709 16709 D ConnectivityManager: requestNetwork; getAppId(CallingUid) : 10088, CallingPid : 16709
03-24 14:54:40.661  3670  3931 D ConnectivityService: listenForNetwork for Listen from uid/pid:10088/16709 for NetworkRequest [ id=280, legacyType=-1, [ Capabilities: INTERNET&NOT_RESTRICTED&TRUSTED] ]
03-24 14:54:40.661  3670  4029 D ConnectivityService: rematching NetworkAgentInfo [WIFI () - 510]
03-24 14:54:40.661  3670  4029 D ConnectivityService:  network has: NetworkAgentInfo{ ni{[type: WIFI[] - WIFI, state: CONNECTED/CONNECTED, reason: (unspecified), extra: "DataStructures", roaming: false, failover: false, isAvailable: true]}  network{510}  lp{{InterfaceName: wlan0 LinkAddresses: [fe80::ee9b:f3ff:fe73:43e9/64,192.168.0.174/24,]  Routes: [fe80::/64 -> :: wlan0,192.168.0.0/24 -> 0.0.0.0 wlan0,0.0.0.0/0 -> 192.168.0.1 wlan0,] DnsAddresses: [192.168.0.1,] Domains:  MTU: 0 TcpBufferSizes: 524288,1048576,4525824,524288,1048576,4525824}}  nc{[ Transports: WIFI Capabilities: INTERNET&NOT_RESTRICTED&TRUSTED&NOT_VPN&VALIDATED LinkUpBandwidth>=1048576Kbps LinkDnBandwidth>=1048576Kbps SignalStrength: -33]}  Score{60}  everValidated{true}  lastValidated{true}  created{true} lingering{false} explicitlySelected{false} acceptUnvalidated{false} everCaptivePortalDetected{false} lastCaptivePortalDetected{false} }
03-24 14:54:40.661  3670  4029 D ConnectivityService:   checking if request is: NetworkRequest [ id=267, legacyType=-1, [ Capabilities: INTERNET&NOT_RESTRICTED&TRUSTED] ] satisfies: true nri.isRequest: false
03-24 14:54:40.671  3670  4029 D ConnectivityService:   checking if request is: NetworkRequest [ id=278, legacyType=-1, [ Capabilities: INTERNET&NOT_RESTRICTED&TRUSTED] ] satisfies: true nri.isRequest: false
03-24 14:54:40.671  3670  4029 D ConnectivityService:   checking if request is: NetworkRequest [ id=5, legacyType=-1, [ Transports: WIFI Capabilities: INTERNET&NOT_RESTRICTED&TRUSTED&NOT_VPN] ] satisfies: true nri.isRequest: false
03-24 14:54:40.671  3670  4029 D ConnectivityService:   checking if request is: NetworkRequest [ id=280, legacyType=-1, [ Capabilities: INTERNET&NOT_RESTRICTED&TRUSTED] ] satisfies: true nri.isRequest: false
03-24 14:54:40.671  3670  4029 D ConnectivityService: Network NetworkAgentInfo [WIFI () - 510] was already satisfying request 1. No change.
03-24 14:54:40.671  3670  4029 D ConnectivityService:   checking if request is: NetworkRequest [ id=3, legacyType=-1, [] ] satisfies: true nri.isRequest: false
03-24 14:54:40.671  3670  4029 D ConnectivityService:   checking if request is: NetworkRequest [ id=4, legacyType=-1, [ Transports: CELLULAR Capabilities: INTERNET&NOT_RESTRICTED&TRUSTED&NOT_VPN] ] satisfies: false nri.isRequest: false
03-24 14:54:40.671  3670  4029 D ConnectivityService:   checking if request is: NetworkRequest [ id=279, legacyType=-1, [ Capabilities: INTERNET&NOT_RESTRICTED&TRUSTED] ] satisfies: true nri.isRequest: false
03-24 14:54:40.671  3670  4029 D ConnectivityService: sending notification AVAILABLE for NetworkRequest [ id=280, legacyType=-1, [ Capabilities: INTERNET&NOT_RESTRICTED&TRUSTED] ]
03-24 14:54:40.821  3670  6805 D ConnectivityService: returning getNetworkInfo for network type 1 : [type: WIFI[] - WIFI, state: CONNECTED/CONNECTED, reason: (unspecified), extra: "DataStructures", roaming: false, failover: false, isAvailable: true]
03-24 14:54:41.161  3054  3101 D Sensorhubs: readContextData: 1, 1, 52, 0, 0, 16, 16, 0, 0, 11, -5, 0, 0, 11, 3, 0, 0, 0, 0, 0, 0, 0, 89, 0, 0, 14, 125
03-24 14:54:41.171  3670  3983 D SensorHubManager: onGetSensorHubDataLocked: library(27) = 1, 1, 52, 0, 0, 16, 16, 0, 0, 11, -5, 0, 0, 11, 3, 0, 0, 0, 0, 0, 0, 0, 89, 0, 0, 14, 125
03-24 14:54:41.171  3670  3982 D CAE     : onGetSensorHubData(SensorHubParserProvider.java:92) - onGetSensorHubData Event [event buffer len :27], AP_WAKEUP
03-24 14:54:41.171  3670  3982 I CAE     : parse(SensorHubParserProvider.java:188) - buffer size = 27
03-24 14:54:41.171  3670  3982 I CAE     : parse(SensorHubParserProvider.java:199) - 1, 1, 52, 0, 0, 16, 16, 0, 0, 11, -5, 0, 0, 11, 3, 0, 0, 0, 0, 0, 0, 0, 89, 0, 0, 14, 125,
03-24 14:54:41.181  3670  3982 D CAE     : display(ContextProvider.java:375) - ================= EAD =================
03-24 14:54:41.181  3670  3982 I CAE     : display(ContextProvider.java:391) - B=[0.2819], G=[0.3067], R=[0.4112], CCT=[3709], Lux=[89]
03-24 14:54:41.181  3670  3985 D SContextService: updateSContext() : event = Environment Adaptive Display
03-24 14:54:41.181  3670  4040 I AdaptiveDisplayColorService: AvgR : 0.4112, AvgG : 0.3067, AvgB : 0.2819, avg lux : 89
03-24 14:54:42.061  3670  3930 D PackageManager: [MSG] WRITE_PACKAGE_RESTRICTIONS
03-24 14:54:42.101  3670  3930 W System.err: remove failed: ENOENT (No such file or directory) : /data/system/users/0/package-restrictions.xml.bak
03-24 14:54:42.521 16895 16912 I chromium: [INFO:child_process_service.cc(73)] ChildProcessService: Exiting child process.
03-24 14:54:42.561 16709 16709 W chromium: [WARNING:compositor_view.cc(263)] Child process died (type=6) pid=16895)
03-24 14:54:42.571  3670  3697 I ActivityManager: Process com.android.chrome:sandboxed_process1 (pid 16895)(adj 0) has died(145,1138)
03-24 14:54:42.571  3670  3697 D ActivityManager: cleanUpApplicationRecord -- 16895
03-24 14:54:42.571  3670  3697 D ActivityManager: isAutoRunBlockedApp:: com.android.chrome, Auto Run ON
03-24 14:54:47.001  3670  4283 E Watchdog: !@Sync 2349 [03-24 14:54:47.011]
03-24 14:54:48.841  3670  3697 D BatteryService: !@BatteryListener : batteryPropertiesChanged!
03-24 14:54:48.841  3670  3697 D BatteryService: level:93, scale:100, status:2, health:2, present:true, voltage: 4281, temperature: 312, technology: Li-ion, AC powered:false, USB powered:true, POGO powered:false, Wireless powered:false, icon:17303414, invalid charger:0, maxChargingCurrent:0
03-24 14:54:48.841  3670  3697 D BatteryService: online:4, current avg:179, charge type:1, power sharing:false, high voltage charger:false, capacity:280000, batterySWSelfDischarging:false, current_now:259
03-24 14:54:48.841  3670  3670 D BatteryService: Sending ACTION_BATTERY_CHANGED.
03-24 14:54:48.851  3670  3670 I MotionRecognitionService: Plugged
03-24 14:54:48.851  3670  3670 E MotionRecognitionService: support TA ~
03-24 14:54:48.851  3670  3670 I MotionRecognitionService: isTAConnected | current backoffstate  = 33792
03-24 14:54:48.851  3670  3670 D MotionRecognitionService:  TA connected ,  33792
03-24 14:54:48.851  3670  3670 I MotionRecognitionService: skip setTransmitPower. 
03-24 14:54:48.851  3670  3670 D MotionRecognitionService:   cableConnection= 1
03-24 14:54:48.851  3670  3670 D MotionRecognitionService: setPowerConnected | current backoffstate  = 33792 , state =33792
03-24 14:54:48.851  3670  3670 D MotionRecognitionService: skip setTransmitPower. 
03-24 14:54:48.861  4103  4103 D KeyguardUpdateMonitor: received broadcast android.intent.action.BATTERY_CHANGED
03-24 14:54:48.861  4103  4103 D KeyguardUpdateMonitor: handleBatteryUpdate
03-24 14:54:48.861  4103  4103 D PowerUI : priorPlugType = 2 mPlugType =  2
03-24 14:54:48.871  4103  4103 D PowerUI.Notification: showChargingNotice oldChargingType : 1 currentChargingType : 1 oldChargingTime : 1347000 mChargingTime : 1347000
03-24 14:54:48.871  4103  4103 D PowerUI.Notification: There is no change about charging status, so return!
03-24 14:54:48.881  4103  4103 D BatteryMeterView: ACTION_BATTERY_CHANGED : level:93 status:2 health:2
03-24 14:54:48.901  4103  4103 D BatteryMeterView: ACTION_BATTERY_CHANGED : level:93 status:2 health:2
03-24 14:54:49.291  3670  6805 D SSRM:n  : SIOP:: AP = 370, PST = 370 (W:22), CP = 298, CUR = 179, LCD = 114
03-24 14:54:49.341  3670  6805 D ConnectivityService: returning getNetworkInfo for network type 1 : [type: WIFI[] - WIFI, state: CONNECTED/CONNECTED, reason: (unspecified), extra: "DataStructures", roaming: false, failover: false, isAvailable: true]
03-24 14:54:58.901  3670  4421 D BatteryService: !@BatteryListener : batteryPropertiesChanged!
03-24 14:54:58.901  3670  4421 D BatteryService: level:93, scale:100, status:2, health:2, present:true, voltage: 4282, temperature: 312, technology: Li-ion, AC powered:false, USB powered:true, POGO powered:false, Wireless powered:false, icon:17303414, invalid charger:0, maxChargingCurrent:0
03-24 14:54:58.901  3670  4421 D BatteryService: online:4, current avg:226, charge type:1, power sharing:false, high voltage charger:false, capacity:280000, batterySWSelfDischarging:false, current_now:278
03-24 14:54:58.901  3670  3670 D BatteryService: Sending ACTION_BATTERY_CHANGED.
03-24 14:54:58.901  3670  3670 I MotionRecognitionService: Plugged
03-24 14:54:58.911  3670  3670 E MotionRecognitionService: support TA ~
03-24 14:54:58.911  3670  3670 I MotionRecognitionService: isTAConnected | current backoffstate  = 33792
03-24 14:54:58.911  3670  3670 D MotionRecognitionService:  TA connected ,  33792
03-24 14:54:58.911  3670  3670 I MotionRecognitionService: skip setTransmitPower. 
03-24 14:54:58.911  3670  3670 D MotionRecognitionService:   cableConnection= 1
03-24 14:54:58.911  3670  3670 D MotionRecognitionService: setPowerConnected | current backoffstate  = 33792 , state =33792
03-24 14:54:58.911  3670  3670 D MotionRecognitionService: skip setTransmitPower. 
03-24 14:54:58.921  4103  4103 D KeyguardUpdateMonitor: received broadcast android.intent.action.BATTERY_CHANGED
03-24 14:54:58.921  4103  4103 D KeyguardUpdateMonitor: handleBatteryUpdate
03-24 14:54:58.921  4103  4103 D PowerUI : priorPlugType = 2 mPlugType =  2
03-24 14:54:58.921  4103  4103 D PowerUI.Notification: showChargingNotice oldChargingType : 1 currentChargingType : 1 oldChargingTime : 1347000 mChargingTime : 1325000
03-24 14:54:58.921  4103  4103 D PowerUI.Notification: showChargingNotification()
03-24 14:54:58.941  3670  4947 D ApplicationPolicy: isStatusBarNotificationAllowedAsUser: packageName = com.android.systemui,userId = -1
03-24 14:54:58.941  3670  4947 I PersonaManager: mKnoxInfo is empty
03-24 14:54:58.941  4103  4103 D BatteryMeterView: ACTION_BATTERY_CHANGED : level:93 status:2 health:2
03-24 14:54:58.941  4103  4103 D BatteryMeterView: ACTION_BATTERY_CHANGED : level:93 status:2 health:2
03-24 14:54:58.951  3670  3670 D MARsPolicyManager: NotificationListenerService OngoingNotificationPosted : com.android.systemui
03-24 14:54:58.971  4103  4103 W ResourcesManager: getTopLevelResources: /system/priv-app/SystemUI/SystemUI.apk / 1.0 running in com.android.systemui rsrc of package com.android.systemui
03-24 14:54:58.981  4103  4103 D PhoneStatusBar: setAreThereNotifications: N=2 any=true clearable=false
03-24 14:54:59.401  3670  6805 D SSRM:n  : SIOP:: AP = 350, PST = 369 (W:26), CP = 297, CUR = 226, LCD = 114
03-24 14:54:59.991  3670  3980 V AlarmManager: Expired Alarm result :8
03-24 14:55:00.001  4103  4103 D KeyguardUpdateMonitor: received broadcast android.intent.action.TIME_TICK
03-24 14:55:00.001  4103  4103 D KeyguardUpdateMonitor: handleTimeUpdate
03-24 14:55:00.031  4103  4103 D Clock   : received broadcast android.intent.action.TIME_TICK
03-24 14:55:00.081  4103  4103 D DateView: received broadcast android.intent.action.TIME_TICK
03-24 14:55:00.161 24150 24150 D [WeatherWidget(1236)]  WeatherService: {[EC3334F14841398C8B464A72D0E61AB7C564889C89112557F2146D56794659083956C77974A4825103AB5C5D4AC85EDAA24236388AC138058106446B92A35777]}
03-24 14:55:00.161 24150 24150 D [WeatherWidget(1236)]  : {[3AE6950019B083611567B0F9442DB03EEFA9050249635C043F7E254E316C2550]}
03-24 14:55:00.171 24150 24150 D [WeatherWidget(1236)]  : {[3AE6950019B083611567B0F9442DB03E5DDA24A68DD8F41CDE99F0ED3FBCA79D6E3672D13C47BC5ED8EFB051B507BC35D16D05BE0B1FFC48F1CBC65A73129A0D]}
03-24 14:55:00.171 24150 24150 D [WeatherWidget(1236)]  : {[A1AF0F6A1A65A89C43D705938923D0FEFB71880C4E84718DA0A3E1F383E54FB24509E0FBB917D66D2978C513F7383D4A3053B01023BD027BD5C6B984AE327ACDF73722D68B1F80266469F24891921060F6012335F813CE3C0359344A51D4CD9D96750407689B32392378DF20D5323939]}
03-24 14:55:00.171 24150 24150 D [WeatherWidget(1236)]  : {[15C09394A4E9AFE55A5C62F22AB3FC5902EB2A2150B6646A86F2B3102D669614]}
03-24 14:55:01.141 14594 14607 I Finsky  : [2711] ias.run(3): Stats for Executor: BlockingExecutor icd@6442b20[Running, pool size = 0, active threads = 0, queued tasks = 0, completed tasks = 6]
03-24 14:55:01.151 14594 14607 I Finsky  : [2711] ias.run(3): Stats for Executor: LightweightExecutor icd@aea4cd9[Running, pool size = 4, active threads = 0, queued tasks = 0, completed tasks = 63]
03-24 14:55:01.451 14594 14607 I Finsky  : [2711] ias.run(3): Stats for Executor: bgExecutor icd@203069e[Running, pool size = 4, active threads = 0, queued tasks = 0, completed tasks = 18]
03-24 14:55:05.411 16953 16953 I FIPS_bssl: FIPS approved mode (1) | 16953 | app_process
03-24 14:55:05.411 16953 16953 D AndroidRuntime: >>>>>> START com.android.internal.os.RuntimeInit uid 2000 <<<<<<
03-24 14:55:05.411 16953 16953 D AndroidRuntime: CheckJNI is OFF
03-24 14:55:05.411 16953 16953 D AndroidRuntime: readGMSProperty: start
03-24 14:55:05.411 16953 16953 D AndroidRuntime: readGMSProperty: already setted!!
03-24 14:55:05.411 16953 16953 D AndroidRuntime: propertySet: couldn't set property (it is from app)
03-24 14:55:05.411 16953 16953 D AndroidRuntime: readGMSProperty: could not set the property(default)!!
03-24 14:55:05.411 16953 16953 D AndroidRuntime: readGMSProperty: end
03-24 14:55:05.411 16953 16953 D AndroidRuntime: addProductProperty: start
03-24 14:55:05.441 16953 16953 D ICU     : No timezone override file found: /data/misc/zoneinfo/current/icu/icu_tzdata.dat
03-24 14:55:05.461 16953 16953 I Radio-JNI: register_android_hardware_Radio DONE
03-24 14:55:05.471 16953 16953 E AffinityControl: AffinityControl: registerfunction enter
03-24 14:55:05.481 16953 16953 D AndroidRuntime: Calling main entry com.android.commands.am.Am
03-24 14:55:05.491  3670  3697 I ActivityManager: Force stopping com.android.chrome appid=10088 user=0: from pid 16953
03-24 14:55:05.491  3670  3697 I PersonaManager: mKnoxInfo is empty
03-24 14:55:05.491  3670  3697 I PersonaManager: mKnoxInfo is empty
03-24 14:55:05.491  3670  3697 I ActivityManager: Killing 16853:com.android.chrome:privileged_process0/u0a88 (adj 0): stop com.android.chrome cause from pid 16953
03-24 14:55:05.501  3670  3697 D ActivityManager: cleanUpApplicationRecord -- 16853
03-24 14:55:05.501  3670  3697 D ActivityManager: isAutoRunBlockedApp:: com.android.chrome, Auto Run ON
03-24 14:55:05.501  3670  3697 W ActivityManager: Scheduling restart of crashed service com.android.chrome/org.chromium.content.app.PrivilegedProcessService0 in 1000ms
03-24 14:55:05.501  3670  3697 I ActivityManager: Killing 16709:com.android.chrome/u0a88 (adj 0): stop com.android.chrome cause from pid 16953
03-24 14:55:05.501  3670  3697 D ActivityManager: cleanUpApplicationRecord -- 16709
03-24 14:55:05.511  3670  3697 D ActivityManager: isAutoRunBlockedApp:: com.android.chrome, Auto Run ON
03-24 14:55:05.511  3670  3697 W ActivityManager: Force removing ActivityRecord{297af53 u0 com.android.chrome/com.google.android.apps.chrome.Main t139}: app died, no saved state
03-24 14:55:05.511  3670  3697 D FocusedStackFrame: Set to : 0
03-24 14:55:05.521 16811 16811 I cr_ChildProcessService: Destroying ChildProcessService pid=16811
03-24 14:55:05.531  3670  3697 D InputDispatcher: Focused application set to: xxxx
03-24 14:55:05.531  3670  3697 D InputDispatcher: Focus left window: 16709
03-24 14:55:05.541  3025  4439 I SurfaceFlinger: id=578 Removed TurfaceView (3/8)
03-24 14:55:05.541  3025  3210 I SurfaceFlinger: id=578 Removed TurfaceView (-2/8)
03-24 14:55:05.541  3025  3732 I SurfaceFlinger: id=577 Removed Nain (4/7)
03-24 14:55:05.551  3025  4439 I SurfaceFlinger: id=577 Removed Nain (-2/7)
03-24 14:55:05.551  3025  3025 D libEGL  : eglTerminate EGLDisplay = 0x7ff3f31e28
03-24 14:55:05.551  3025  3025 D libEGL  : eglTerminate EGLDisplay = 0x7ff3f31e28
03-24 14:55:05.551  3025  3025 D libEGL  : eglTerminate EGLDisplay = 0x7ff3f31e28
03-24 14:55:05.551  3025  3025 D libEGL  : eglTerminate EGLDisplay = 0x7ff3f31e28
03-24 14:55:05.551  3025  3025 D libEGL  : eglTerminate EGLDisplay = 0x7ff3f31e28
03-24 14:55:05.551  3670  3884 D PointerIcon: setMouseIconStyle1 pointerType: 1001 iconType:101 flag:0 pid:3670 uid:1000
03-24 14:55:05.551  3670  3884 D PointerIcon: setMouseCustomIcon IconType is same.101
03-24 14:55:05.551  3670  3697 D CustomFrequencyManagerService: acquireDVFSLockLocked : type : DVFS_MIN_LIMIT  frequency : 1800000  uid : 1000  pid : 3670  pkgName : ACTIVITY_RESUME_BOOSTER@3
03-24 14:55:05.561  3670  3697 D ActivityManager: mDVFSHelper.acquire()
03-24 14:55:05.561  3670  3697 I ActivityManager: Killing 16811:com.android.chrome:sandboxed_process0/u0a88i196 (adj 0): isolated not needed
03-24 14:55:05.561  3670  3697 V WindowOrientationListener: setCurrentAppOrientation :1
03-24 14:55:05.561  3670  3697 V WindowOrientationListener: OrientationSensorJudge.getProposedRotation, Rotation: -1
03-24 14:55:05.561  3670  3697 V WindowManager: rotationForOrientationLw(orient=1, last=0); user=0  sensorRotation=-1 mLidState=-1 mDockMode=0 mHdmiPlugged=false mMobileKeyboardEnabled=false displayId=0
03-24 14:55:05.561  3670  3697 V WindowOrientationListener: OrientationSensorJudge.getProposedRotation, Rotation: -1
03-24 14:55:05.571  3670  3670 D GameManagerService: NotifyRunnable. pkg: com.sec.android.app.launcher, type: 4, isMinimized: false, isTunableApp: false
03-24 14:55:05.571  3670  3796 V MARsPolicyManager: updatePackagesScore PackageInfo name -- com.sec.android.app.launcher
03-24 14:55:05.571  4408  4408 D Launcher: onRestart, Launcher: 236504
03-24 14:55:05.571 16953 16953 D AndroidRuntime: Shutting down VM
03-24 14:55:05.571  3670  4019 D NetworkPolicy: isUidForegroundLocked: 10088, mScreenOn: true, uidstate: 16, mProxSensorScreenOff: false
03-24 14:55:05.571  4408  4408 D Launcher: onStart, Launcher: 236504
03-24 14:55:05.571  4408  4408 D Launcher.HomeView: onStart
03-24 14:55:05.571  4408  4408 D Launcher: onResume, Launcher: 236504
03-24 14:55:05.571  3670  3931 D SettingsProvider: isChangeAllowed() : name = kids_home_mode
03-24 14:55:05.571  3670  3931 D SettingsProvider: edmUri: content://com.sec.knox.provider/RestrictionPolicy3
03-24 14:55:05.571  3670  3931 D SettingsProvider: projectionArgs: isSettingsChangesAllowed
03-24 14:55:05.571  3670  3931 D SettingsProvider: selectionArgs: false
03-24 14:55:05.571  3670  3931 D SettingsProvider: selectionArgs: 10067
03-24 14:55:05.571  3670  3931 D SecContentProvider: query(), uri = 17 selection = isSettingsChangesAllowed
03-24 14:55:05.571  3670  3931 D SettingsProvider: ret = -1
03-24 14:55:05.571  4408  4408 D Launcher.HomeView: onResume
03-24 14:55:05.571  3670  3670 V AlarmManager: Remove alarm for next reason : android.intent.action.PACKAGE_RESTARTED : package: com.android.chrome
03-24 14:55:05.581  4408  4408 D capture : ---------checkFileExist land
03-24 14:55:05.581  4408  4408 D capture : currentOrientation: 1 mMainHomeScreenshot: false mMainHomeScreenshotLand: true
03-24 14:55:05.581  3670  3796 V BroadcastQueue: [background] Process cur broadcast BroadcastRecord{a35c46e u0 android.intent.action.PACKAGE_RESTARTED qIdx=4}, state= (APP_RECEIVE) DELIVERED for app ProcessRecord{a8b6d0a 3670:system/1000}
03-24 14:55:05.591  3670  4143 D ActivityManager: cleanUpApplicationRecord -- 16811
03-24 14:55:05.591  3670  4143 D ActivityManager: isAutoRunBlockedApp:: com.android.chrome, Auto Run ON
03-24 14:55:05.591  3670  4040 D SContextService: unregisterCallback() : Listener = android.hardware.scontext.SContextService$Listener@fbeebfd, Service = Environment Adaptive Display, used = 0
03-24 14:55:05.591  3670  4040 W CAE     : unregisterCallback(ContextAwareService.java:206) - [unregi 01] Mutex is locked for EAD
03-24 14:55:05.591  3670  4040 V CAE     : stop(ContextProvider.java:155)
03-24 14:55:05.591  4383  4383 I PersonaManager: mKnoxInfo is empty
03-24 14:55:05.591  4383  4383 I PersonaManager: mKnoxInfo is empty
