03-24 14:43:31.471  3670  4143 E SensorService: getSensorList a sensor (HeartRate Sensor) without holding its required permission: android.permission.BODY_SENSORS
03-24 14:43:31.471  3670  4143 I SensorService: Skipped sensor HeartRate Sensor because it requires permission android.permission.BODY_SENSORS and app op 56
03-24 14:43:31.471  4968  4983 I FontsContentProvider: Pulling font file for id = 4, cache size = 2
03-24 14:43:31.481  3025  3025 D libEGL  : eglInitialize EGLDisplay = 0x7ff3f31d28
03-24 14:43:31.801 31048 31048 I wpa_supplicant: nl80211: Received scan results (6 BSSes)
03-24 14:43:31.801  3037  3738 D Netd    : Iface wlan0 link up
03-24 14:43:31.801  3670  4020 D WifiP2pService: InactiveState{ what=147461 }
03-24 14:43:31.801  3670  3804 D Tethering: interfaceLinkStateChanged wlan0, true
03-24 14:43:31.801  3670  4020 D WifiP2pService: P2pEnabledState{ what=147461 }
03-24 14:43:31.801  3670  3804 D Tethering: interfaceStatusChanged wlan0, true
03-24 14:43:31.801  3670  4020 D WifiP2pService: DefaultState{ what=147461 }
03-24 14:43:31.821  3670  3670 I CLocInfoService: External Intent Received android.net.wifi.SCAN_RESULTS
03-24 14:43:31.821  3670  3796 V BroadcastQueue: [background] Process cur broadcast BroadcastRecord{93db1bf u-1 android.net.wifi.SCAN_RESULTS qIdx=4}, state= (APP_RECEIVE) DELIVERED for app ProcessRecord{124bbc4 4103:com.android.systemui/u0a43}
03-24 14:43:31.831  3670  6805 D SSRM:n  : SIOP:: AP = 430, PST = 381 (W:10), CP = 289, CUR = 179, LCD = 118
03-24 14:43:31.841  3670  4421 V AlarmManager:  remove PendingIntent] PendingIntent{427108c: PendingIntentRecord{e30a718 com.google.android.gms broadcastIntent}}
03-24 14:43:31.851  3670  4421 I PersonaManager: mKnoxInfo is empty
03-24 14:43:31.871  3670  6805 D ConnectivityService: returning getNetworkInfo for network type 1 : [type: WIFI[] - WIFI, state: CONNECTED/CONNECTED, reason: (unspecified), extra: "DataStructures", roaming: false, failover: false, isAvailable: true]
03-24 14:43:31.881 26009  7364 I BgTaskExecutorImpl: Starting PERIODIC background task REFRESH_SEARCH_HISTORY.
03-24 14:43:31.891  3670  4421 I PersonaManager: mKnoxInfo is empty
03-24 14:43:31.911  4932 27049 I qtaguid : Untagging socket 95
03-24 14:43:31.911  3670  4068 W System.err: remove failed: ENOENT (No such file or directory) : /data/system/recent_tasks/121_task.xml.bak
03-24 14:43:31.921 26009 26058 W SearchServiceCore: Abort, client detached.
03-24 14:43:31.931 26009 26058 I WorkerManager: New handler created for worker [refreshzeroprefixsuggestions] (manager: 5725612, handler: 4314926)
03-24 14:43:31.931 26009 26058 I WorkerHandler: New state for worker [refreshzeroprefixsuggestions]: d (handler: 4314926)
03-24 14:43:31.941 26009  7366 W LocationOracle: getBestLocation(): no location is available
03-24 14:43:32.111  3670  3796 V BroadcastQueue: [background] Process cur broadcast BroadcastRecord{97aa978 u0 android.intent.action.DROPBOX_ENTRY_ADDED qIdx=4}, state= (APP_RECEIVE) DELIVERED for app ProcessRecord{c537c7c 31311:com.samsung.android.sm/1000}
03-24 14:43:32.121  3670  4524 V BroadcastQueue: [background] Process cur broadcast BroadcastRecord{97aa978 u0 android.intent.action.DROPBOX_ENTRY_ADDED qIdx=4}, state= (APP_RECEIVE) DELIVERED for app ProcessRecord{b2538ea 4968:com.google.android.gms/u0a15}
03-24 14:43:32.121  3670  4016 I PersonaManager: mKnoxInfo is empty
03-24 14:43:32.131  3670  4550 V BroadcastQueue: [background] Process cur broadcast BroadcastRecord{97aa978 u0 android.intent.action.DROPBOX_ENTRY_ADDED qIdx=4}, state= (APP_RECEIVE) DELIVERED for app ProcessRecord{49f3f4c 4932:com.google.android.gms.persistent/u0a15}
03-24 14:43:32.131  3670  4552 I PersonaManager: mKnoxInfo is empty
03-24 14:43:32.131  3670  4143 I PersonaManager: mKnoxInfo is empty
03-24 14:43:32.141  3670  3697 I PersonaManager: mKnoxInfo is empty
03-24 14:43:32.141  3670  4947 I PersonaManager: mKnoxInfo is empty
03-24 14:43:32.141  3670  3931 I PersonaManager: mKnoxInfo is empty
03-24 14:43:32.151  3670  4407 I PersonaManager: mKnoxInfo is empty
03-24 14:43:32.161  3670  4016 I PersonaManager: mKnoxInfo is empty
03-24 14:43:32.171  3670  4947 I PersonaManager: mKnoxInfo is empty
03-24 14:43:32.211  3670  6805 D GameManagerService: identifyGamePackage. com.yandex.browser
03-24 14:43:32.371  7023  7041 W System.err: remove failed: ENOENT (No such file or directory) : /data/user/0/com.yandex.browser/shared_prefs/MordaStorage.xml.bak
03-24 14:43:32.551  7023  7161 W System.err: remove failed: ENOENT (No such file or directory) : /data/user/0/com.yandex.browser/files/Default.Dashboard.Cells.bak
03-24 14:43:32.621  3670  3980 V AlarmManager: Expired Alarm result :8
03-24 14:43:32.631  3670  3796 V BroadcastQueue: [background] Process cur broadcast BroadcastRecord{9a760a8 u0 null qIdx=4}, state= (APP_RECEIVE) DELIVERED for app ProcessRecord{49f3f4c 4932:com.google.android.gms.persistent/u0a15}
03-24 14:43:32.631  3670  4946 I PersonaManager: mKnoxInfo is empty
03-24 14:43:32.741  4932  7385 D SecWifiDisplayUtil: Metadata value : SecSettings2
03-24 14:43:33.061  3670  4018 D NtpTrustedTime: currentTimeMillis() cache hit
03-24 14:43:33.061  3670  4018 V NetworkStats: performPollLocked(flags=0x1)
03-24 14:43:33.071  3670  4018 D NetworkStatsRecorder: entry.iface is null
03-24 14:43:33.071  3670  4018 D NetworkStatsRecorder: entry.iface is null
03-24 14:43:33.071  3670  4018 D NetworkStatsRecorder: entry.iface is null
03-24 14:43:33.071  3670  4018 D NetworkStatsRecorder: entry.iface is null
03-24 14:43:33.101  3670  4018 D NtpTrustedTime: currentTimeMillis() cache hit
03-24 14:43:33.101  3670  4018 V NetworkStats: performPollLocked() took 37ms
03-24 14:43:33.101  3670  4019 D NtpTrustedTime: currentTimeMillis() cache hit
03-24 14:43:33.121  3670  4019 D NtpTrustedTime: currentTimeMillis() cache hit
03-24 14:43:33.191  7023  7023 W chromium: [WARNING:passman_password_form_adjustments.cc(127)] No Passman password form adjustments in config, using defaults.
03-24 14:43:33.201  7023  7023 W chromium: [WARNING:server_configs_manager_impl.cc(622)] Extracted empty config content_settings
03-24 14:43:33.371  7054  7112 I System.out: (HTTPLog)-Static: isSBSettingEnabled false
03-24 14:43:33.371  7054  7112 I System.out: (HTTPLog)-Static: isSBSettingEnabled false
03-24 14:43:34.951  7023  7023 W System.err: remove failed: ENOENT (No such file or directory) : /data/user/0/com.yandex.browser/files/roboto_bold.ttf.bak
03-24 14:43:34.951  7023  7023 D Minikin : FontFamily bestFont == NULL, so return vacant FakedFont
03-24 14:43:34.951  7023  7023 D Minikin : FontFamily bestFont == NULL, so return vacant FakedFont
03-24 14:43:34.951  7023  7023 D Minikin : FontFamily bestFont == NULL, so return vacant FakedFont
03-24 14:43:35.021  7023  7023 D TextView: setTypeface with style : 0
03-24 14:43:35.031  7023  7411 D Minikin : FontFamily bestFont == NULL, so return vacant FakedFont
03-24 14:43:35.031  7023  7411 D Minikin : FontFamily bestFont == NULL, so return vacant FakedFont
03-24 14:43:35.031  7023  7411 D Minikin : FontFamily bestFont == NULL, so return vacant FakedFont
03-24 14:43:35.061  7023  7023 W System.err: remove failed: ENOENT (No such file or directory) : /data/user/0/com.yandex.browser/files/roboto_black.ttf.bak
03-24 14:43:35.071  7023  7023 D Minikin : FontFamily bestFont == NULL, so return vacant FakedFont
03-24 14:43:35.071  7023  7023 D Minikin : FontFamily bestFont == NULL, so return vacant FakedFont
03-24 14:43:35.071  7023  7023 D Minikin : FontFamily bestFont == NULL, so return vacant FakedFont
03-24 14:43:35.071  3037  3741 D EnterpriseController: netId is 0
03-24 14:43:35.071  3037  3741 D Netd    : getNetworkForDns: using netid 510 for uid 10175
03-24 14:43:35.091  3025  3025 I SurfaceFlinger: id=521 createSurf (1440x2464),4 flag=404, TurfaceView
03-24 14:43:35.111  3670  3931 V WindowStateAnimator: Finishing drawing window Window{fe0a988 u0 d0 SurfaceView}: mDrawState=DRAW_PENDING
03-24 14:43:35.111  3670  4409 V WindowStateAnimator: Finishing drawing window Window{fe0a988 u0 d0 SurfaceView}: mDrawState=HAS_DRAWN
03-24 14:43:35.131  7252  7273 D mali_winsys: new_window_surface returns 0x3000,  [1440x2464]-format:1
03-24 14:43:35.131  7252  7273 D         : ro.exynos.dss isEnabled: 0
03-24 14:43:35.131  3025  3025 D libEGL  : eglInitialize EGLDisplay = 0x7ff3f31d28
03-24 14:43:35.151  7252  7273 D libGLESv2: DTS_GLAPI : DTS is not allowed for Package : com.yandex.browser:privileged_process0
03-24 14:43:35.171  7023  7248 W cr_ChildProcLH: Create a new ChildConnectionAllocator with package name = com.yandex.browser, sandboxed = true
03-24 14:43:35.171  7023  7023 D TextView: setTypeface with style : 0
03-24 14:43:35.181  3670  4952 I PersonaManager: mKnoxInfo is empty
03-24 14:43:35.191  7416  7416 E Zygote  : v2
03-24 14:43:35.191  7416  7416 I libpersona: KNOX_SDCARD checking this for 99180
03-24 14:43:35.191  7416  7416 I libpersona: KNOX_SDCARD not a persona
03-24 14:43:35.191  7416  7416 W SELinux : Function: selinux_compare_spd_ram, index[1], priority [2], priority version is VE=SEPF_SECMOBILE_6.0.1_0003
03-24 14:43:35.201  7416  7416 E Zygote  : accessInfo : 0
03-24 14:43:35.201  3670  4952 I ActivityManager: Start proc 7416:com.yandex.browser:sandboxed_process17/u0i180 for service com.yandex.browser/org.chromium.content.app.SandboxedProcessService17
03-24 14:43:35.201  7416  7416 W SELinux : SELinux: seapp_context_lookup: seinfo=default, level=s0:c512,c768, pkgname=com.yandex.browser:sandboxed_process17 
03-24 14:43:35.201  3670  4421 I PersonaManager: mKnoxInfo is empty
03-24 14:43:35.221  3025  3025 D libEGL  : eglInitialize EGLDisplay = 0x7ff3f31d28
03-24 14:43:35.241  3025  3025 D libEGL  : eglInitialize EGLDisplay = 0x7ff3f31d28
03-24 14:43:35.281  7416  7416 W ResourcesManager: getTopLevelResources: /data/app/com.yandex.browser-1/base.apk / 1.0 running in com.yandex.browser rsrc of package com.yandex.browser
03-24 14:43:35.291  7416  7416 D ResourcesManager: For user 0 new overlays fetched Null
03-24 14:43:35.301  7416  7416 I InjectionManager: Inside getClassLibPath caller 
03-24 14:43:35.311  3670  6805 D ConnectivityService: returning getNetworkInfo for network type 1 : [type: WIFI[] - WIFI, state: CONNECTED/CONNECTED, reason: (unspecified), extra: "DataStructures", roaming: false, failover: false, isAvailable: true]
03-24 14:43:35.321  7416  7416 I MultiDex: Installing application
03-24 14:43:35.321  7416  7416 I MultiDex: VM with version 2.1.0 has multidex support
03-24 14:43:35.321  7416  7416 I MultiDex: VM has multidex support, MultiDex support library is disabled.
03-24 14:43:35.321  7416  7416 I cr_base_multidex: Completed multidex installation.
03-24 14:43:35.331  7416  7428 E cr_PathUtils: Failed to set permissions for path "/data/user/0/com.yandex.browser/app_chromium"
03-24 14:43:35.341  7416  7416 D InjectionManager: InjectionManager
03-24 14:43:35.341  7416  7416 I InjectionManager: featureStore :{}
03-24 14:43:35.341  7416  7416 I cr_ChildProcessService: Creating new ChildProcessService pid=7416
03-24 14:43:35.381  7416  7429 I cr_LibraryLoader:  Loading yandexbrowser from within /data/app/com.yandex.browser-1/base.apk
03-24 14:43:35.451  7416  7429 I cr_LibraryLoader: Time to load native libraries: 65 ms (timestamps 6316-6381)
03-24 14:43:35.451  7416  7429 I chromium: [INFO:library_loader_hooks.cc(36)] Chromium logging enabled: level = 0, default verbosity = 0
03-24 14:43:35.451  7416  7429 I cr_LibraryLoader: Expected native library version number "18.11.1.979", actual native library version number "18.11.1.979"
03-24 14:43:35.451  7416  7429 W ResourcesManager: getTopLevelResources: /data/app/com.yandex.browser-1/base.apk / 1.0 running in com.yandex.browser rsrc of package com.yandex.browser
03-24 14:43:35.471  7416  7429 I chromium: [INFO:child_process_service.cc(73)] ChildProcessService: Exiting child process.
03-24 14:43:35.501  7023  7248 W cr_ChildProcessConn: onServiceDisconnected (crash or killed by oom): pid=7416
03-24 14:43:35.501  3670  4552 I ActivityManager: Process com.yandex.browser:sandboxed_process17 (pid 7416)(adj 1) has died(51,491)
03-24 14:43:35.501  3670  4552 D ActivityManager: cleanUpApplicationRecord -- 7416
03-24 14:43:35.501  3670  4552 D ActivityManager: isAutoRunBlockedApp:: com.yandex.browser, Auto Run ON
03-24 14:43:35.501  3670  4552 W ActivityManager: Scheduling restart of crashed service com.yandex.browser/org.chromium.content.app.SandboxedProcessService17 in 1000ms
03-24 14:43:35.541  3670  4550 D BatteryService: !@BatteryListener : batteryPropertiesChanged!
03-24 14:43:35.541  3670  4550 D BatteryService: level:92, scale:100, status:2, health:2, present:true, voltage: 4165, temperature: 303, technology: Li-ion, AC powered:false, USB powered:true, POGO powered:false, Wireless powered:false, icon:17303414, invalid charger:0, maxChargingCurrent:0
03-24 14:43:35.541  3670  4550 D BatteryService: online:4, current avg:-120, charge type:1, power sharing:false, high voltage charger:false, capacity:280000, batterySWSelfDischarging:false, current_now:-573
03-24 14:43:35.541  3670  3670 D BatteryService: Sending ACTION_BATTERY_CHANGED.
03-24 14:43:35.541  3670  3670 I MotionRecognitionService: Plugged
03-24 14:43:35.541  3670  3670 E MotionRecognitionService: support TA ~
03-24 14:43:35.541  3670  3670 I MotionRecognitionService: isTAConnected | current backoffstate  = 33792
03-24 14:43:35.541  3670  3670 D MotionRecognitionService:  TA connected ,  33792
03-24 14:43:35.541  3670  3670 I MotionRecognitionService: skip setTransmitPower. 
03-24 14:43:35.541  3670  3670 D MotionRecognitionService:   cableConnection= 1
03-24 14:43:35.541  3670  3670 D MotionRecognitionService: setPowerConnected | current backoffstate  = 33792 , state =33792
03-24 14:43:35.541  3670  3670 D MotionRecognitionService: skip setTransmitPower. 
03-24 14:43:35.551  4103  4103 D KeyguardUpdateMonitor: received broadcast android.intent.action.BATTERY_CHANGED
03-24 14:43:35.551  4103  4103 D KeyguardUpdateMonitor: handleBatteryUpdate
03-24 14:43:35.551  4103  4103 D PowerUI : priorPlugType = 2 mPlugType =  2
03-24 14:43:35.551  4103  4103 D PowerUI.Notification: showChargingNotice oldChargingType : 1 currentChargingType : 1 oldChargingTime : 1552000 mChargingTime : 1552000
03-24 14:43:35.551  4103  4103 D PowerUI.Notification: There is no change about charging status, so return!
03-24 14:43:35.591  4103  4103 D BatteryMeterView: ACTION_BATTERY_CHANGED : level:92 status:2 health:2
03-24 14:43:35.591  4103  4103 D BatteryMeterView: ACTION_BATTERY_CHANGED : level:92 status:2 health:2
03-24 14:43:35.681  3670  4407 D ApplicationPolicy: isStatusBarNotificationAllowedAsUser: packageName = com.yandex.browser,userId = 0
03-24 14:43:35.681  3670  4407 I PersonaManager: mKnoxInfo is empty
03-24 14:43:35.681  3670  3670 V NotificationService: notifications are disabled by AppOps for com.yandex.browser
03-24 14:43:35.681  3670  3670 E NotificationService: Suppressing notification from package com.yandex.browser by user request.
03-24 14:43:35.721  7023  7023 D ConnectivityManager: requestNetwork; getAppId(CallingUid) : 10175, CallingPid : 7023
03-24 14:43:35.731  3670  4947 D ConnectivityService: listenForNetwork for Listen from uid/pid:10175/7023 for NetworkRequest [ id=255, legacyType=-1, [ Capabilities: INTERNET&NOT_RESTRICTED&TRUSTED] ]
03-24 14:43:35.731  3670  4029 D ConnectivityService: rematching NetworkAgentInfo [WIFI () - 510]
03-24 14:43:35.731  3670  4029 D ConnectivityService:  network has: NetworkAgentInfo{ ni{[type: WIFI[] - WIFI, state: CONNECTED/CONNECTED, reason: (unspecified), extra: "DataStructures", roaming: false, failover: false, isAvailable: true]}  network{510}  lp{{InterfaceName: wlan0 LinkAddresses: [fe80::ee9b:f3ff:fe73:43e9/64,192.168.0.174/24,]  Routes: [fe80::/64 -> :: wlan0,192.168.0.0/24 -> 0.0.0.0 wlan0,0.0.0.0/0 -> 192.168.0.1 wlan0,] DnsAddresses: [192.168.0.1,] Domains:  MTU: 0 TcpBufferSizes: 524288,1048576,4525824,524288,1048576,4525824}}  nc{[ Transports: WIFI Capabilities: INTERNET&NOT_RESTRICTED&TRUSTED&NOT_VPN&VALIDATED LinkUpBandwidth>=1048576Kbps LinkDnBandwidth>=1048576Kbps SignalStrength: -33]}  Score{60}  everValidated{true}  lastValidated{true}  created{true} lingering{false} explicitlySelected{false} acceptUnvalidated{false} everCaptivePortalDetected{false} lastCaptivePortalDetected{false} }
03-24 14:43:35.731  3670  4029 D ConnectivityService:   checking if request is: NetworkRequest [ id=10, legacyType=-1, [ Capabilities: INTERNET&NOT_RESTRICTED&TRUSTED&NOT_VPN] ] satisfies: true nri.isRequest: false
03-24 14:43:35.731  3670  4029 D ConnectivityService:   checking if request is: NetworkRequest [ id=30, legacyType=-1, [ Capabilities: INTERNET&NOT_RESTRICTED&TRUSTED] ] satisfies: true nri.isRequest: false
03-24 14:43:35.731  3670  4029 D ConnectivityService:   checking if request is: NetworkRequest [ id=255, legacyType=-1, [ Capabilities: INTERNET&NOT_RESTRICTED&TRUSTED] ] satisfies: true nri.isRequest: false
03-24 14:43:35.731  3670  4029 D ConnectivityService:   checking if request is: NetworkRequest [ id=5, legacyType=-1, [ Transports: WIFI Capabilities: INTERNET&NOT_RESTRICTED&TRUSTED&NOT_VPN] ] satisfies: true nri.isRequest: false
03-24 14:43:35.731  3670  4029 D ConnectivityService:   checking if request is: NetworkRequest [ id=254, legacyType=-1, [ Capabilities: INTERNET&NOT_RESTRICTED&TRUSTED] ] satisfies: true nri.isRequest: false
03-24 14:43:35.731  3670  4029 D ConnectivityService: Network NetworkAgentInfo [WIFI () - 510] was already satisfying request 1. No change.
03-24 14:43:35.741  3670  4029 D ConnectivityService:   checking if request is: NetworkRequest [ id=3, legacyType=-1, [] ] satisfies: true nri.isRequest: false
03-24 14:43:35.741  3670  4029 D ConnectivityService:   checking if request is: NetworkRequest [ id=4, legacyType=-1, [ Transports: CELLULAR Capabilities: INTERNET&NOT_RESTRICTED&TRUSTED&NOT_VPN] ] satisfies: false nri.isRequest: false
03-24 14:43:35.741  3670  4029 D ConnectivityService:   checking if request is: NetworkRequest [ id=226, legacyType=-1, [ Capabilities: INTERNET&NOT_RESTRICTED&TRUSTED] ] satisfies: true nri.isRequest: false
03-24 14:43:35.741  3670  4029 D ConnectivityService:   checking if request is: NetworkRequest [ id=29, legacyType=-1, [ Capabilities: INTERNET&NOT_RESTRICTED&TRUSTED] ] satisfies: true nri.isRequest: false
03-24 14:43:35.741  3670  4029 D ConnectivityService:   checking if request is: NetworkRequest [ id=228, legacyType=-1, [ Capabilities: INTERNET&NOT_RESTRICTED&TRUSTED] ] satisfies: true nri.isRequest: false
03-24 14:43:35.741  3670  4029 D ConnectivityService: sending notification AVAILABLE for NetworkRequest [ id=255, legacyType=-1, [ Capabilities: INTERNET&NOT_RESTRICTED&TRUSTED] ]
03-24 14:43:35.971  7123  7443 W System.err: remove failed: ENOENT (No such file or directory) : /data/user/0/com.yandex.browser/shared_prefs/experiments.xml.bak
03-24 14:43:36.061  3670  4421 D PackageManager: setEnabledSetting : userId = 0 packageName = com.yandex.browser cmp = com.yandex.alice.shortcut.activities.AliceShortcutActivity newState = 1 callingPackage = 10175
03-24 14:43:36.081  3670  4550 I PersonaManager: mKnoxInfo is empty
03-24 14:43:36.101  3670  3698 I PersonaManager: mKnoxInfo is empty
03-24 14:43:36.171  7054  7112 I System.out: (HTTPLog)-Static: isSBSettingEnabled false
03-24 14:43:36.171  7054  7112 I System.out: (HTTPLog)-Static: isSBSettingEnabled false
03-24 14:43:36.401  7023  7314 D skia    : --- SkImageDecoder::Factory returned null
03-24 14:43:36.411  7023  7314 D skia    : --- SkImageDecoder::Factory returned null
03-24 14:43:36.411  7023  7314 D skia    : --- SkImageDecoder::Factory returned null
03-24 14:43:36.421  7023  7314 D skia    : --- SkImageDecoder::Factory returned null
03-24 14:43:36.421  7023  7314 D skia    : --- SkImageDecoder::Factory returned null
03-24 14:43:37.361  7023  7041 W System.err: remove failed: ENOENT (No such file or directory) : /data/user/0/com.yandex.browser/shared_prefs/ya_traffic_usage_stat.xml.bak
03-24 14:43:37.401  7054  7112 I System.out: (HTTPLog)-Static: isSBSettingEnabled false
03-24 14:43:37.401  7054  7112 I System.out: (HTTPLog)-Static: isSBSettingEnabled false
03-24 14:43:37.401  7054  7316 I System.out: (HTTPLog)-Static: isSBSettingEnabled false
03-24 14:43:37.401  7054  7316 I System.out: (HTTPLog)-Static: isSBSettingEnabled false
03-24 14:43:37.471  3037  3741 D EnterpriseController: netId is 0
03-24 14:43:37.471  3037  3741 D Netd    : getNetworkForDns: using netid 510 for uid 10175
03-24 14:43:37.471  3037  3741 D EnterpriseController: netId is 0
03-24 14:43:37.471  3037  3741 D Netd    : getNetworkForDns: using netid 510 for uid 10175
03-24 14:43:37.471  3037  3741 D EnterpriseController: netId is 0
03-24 14:43:37.471  3037  3741 D Netd    : getNetworkForDns: using netid 510 for uid 10175
03-24 14:43:37.931  3670  3930 D PackageManager: [MSG] WRITE_PACKAGE_RESTRICTIONS
03-24 14:43:37.941  3670  3930 W System.err: remove failed: ENOENT (No such file or directory) : /data/system/users/0/package-restrictions.xml.bak
03-24 14:43:38.481  7023  7314 D skia    : --- SkImageDecoder::Factory returned null
03-24 14:43:38.481  7023  7314 D skia    : --- SkImageDecoder::Factory returned null
03-24 14:43:38.491  7023  7314 D skia    : --- SkImageDecoder::Factory returned null
03-24 14:43:38.491  7023  7314 D skia    : --- SkImageDecoder::Factory returned null
03-24 14:43:40.411  3670  3796 W ActivityManager: Activity stop timeout for ActivityRecord{9b79b u0 com.example.myapplication/.MainActivity t99}
03-24 14:43:41.911  3670  6805 D SSRM:n  : SIOP:: AP = 400, PST = 386 (W:16), CP = 292, CUR = -120, LCD = 118
03-24 14:43:41.961  3670  6805 D ConnectivityService: returning getNetworkInfo for network type 1 : [type: WIFI[] - WIFI, state: CONNECTED/CONNECTED, reason: (unspecified), extra: "DataStructures", roaming: false, failover: false, isAvailable: true]
03-24 14:43:45.591  3670  4407 D BatteryService: !@BatteryListener : batteryPropertiesChanged!
03-24 14:43:45.591  3670  4407 D BatteryService: level:92, scale:100, status:2, health:2, present:true, voltage: 4268, temperature: 303, technology: Li-ion, AC powered:false, USB powered:true, POGO powered:false, Wireless powered:false, icon:17303414, invalid charger:0, maxChargingCurrent:0
03-24 14:43:45.591  3670  4407 D BatteryService: online:4, current avg:59, charge type:1, power sharing:false, high voltage charger:false, capacity:280000, batterySWSelfDischarging:false, current_now:263
03-24 14:43:45.591  3670  3670 D BatteryService: Sending ACTION_BATTERY_CHANGED.
03-24 14:43:45.591  3670  3670 I MotionRecognitionService: Plugged
03-24 14:43:45.591  3670  3670 E MotionRecognitionService: support TA ~
03-24 14:43:45.601  3670  3670 I MotionRecognitionService: isTAConnected | current backoffstate  = 33792
03-24 14:43:45.601  3670  3670 D MotionRecognitionService:  TA connected ,  33792
03-24 14:43:45.601  3670  3670 I MotionRecognitionService: skip setTransmitPower. 
03-24 14:43:45.601  3670  3670 D MotionRecognitionService:   cableConnection= 1
03-24 14:43:45.601  3670  3670 D MotionRecognitionService: setPowerConnected | current backoffstate  = 33792 , state =33792
03-24 14:43:45.601  3670  3670 D MotionRecognitionService: skip setTransmitPower. 
03-24 14:43:45.601  4103  4103 D KeyguardUpdateMonitor: received broadcast android.intent.action.BATTERY_CHANGED
03-24 14:43:45.601  4103  4103 D PowerUI : priorPlugType = 2 mPlugType =  2
03-24 14:43:45.611  4103  4103 D PowerUI.Notification: showChargingNotice oldChargingType : 1 currentChargingType : 1 oldChargingTime : 1552000 mChargingTime : 1552000
03-24 14:43:45.611  4103  4103 D KeyguardUpdateMonitor: handleBatteryUpdate
03-24 14:43:45.611  4103  4103 D PowerUI.Notification: There is no change about charging status, so return!
03-24 14:43:45.611  4103  4103 D BatteryMeterView: ACTION_BATTERY_CHANGED : level:92 status:2 health:2
03-24 14:43:45.641  4103  4103 D BatteryMeterView: ACTION_BATTERY_CHANGED : level:92 status:2 health:2
03-24 14:43:46.941  3670  4283 E Watchdog: !@Sync 2327 [03-24 14:43:46.953]
03-24 14:43:51.991  3670  6805 D SSRM:n  : SIOP:: AP = 370, PST = 390 (W:22), CP = 292, CUR = 59, LCD = 118
03-24 14:43:55.641  3670  4454 D BatteryService: !@BatteryListener : batteryPropertiesChanged!
03-24 14:43:55.641  3670  4454 D BatteryService: level:92, scale:100, status:2, health:2, present:true, voltage: 4255, temperature: 303, technology: Li-ion, AC powered:false, USB powered:true, POGO powered:false, Wireless powered:false, icon:17303414, invalid charger:0, maxChargingCurrent:0
03-24 14:43:55.641  3670  4454 D BatteryService: online:4, current avg:139, charge type:1, power sharing:false, high voltage charger:false, capacity:280000, batterySWSelfDischarging:false, current_now:137
03-24 14:43:55.641  3670  3670 D BatteryService: Sending ACTION_BATTERY_CHANGED.
03-24 14:43:55.641  3670  3670 I MotionRecognitionService: Plugged
03-24 14:43:55.641  3670  3670 E MotionRecognitionService: support TA ~
03-24 14:43:55.641  3670  3670 I MotionRecognitionService: isTAConnected | current backoffstate  = 33792
03-24 14:43:55.641  3670  3670 D MotionRecognitionService:  TA connected ,  33792
03-24 14:43:55.641  3670  3670 I MotionRecognitionService: skip setTransmitPower. 
03-24 14:43:55.641  3670  3670 D MotionRecognitionService:   cableConnection= 1
03-24 14:43:55.641  3670  3670 D MotionRecognitionService: setPowerConnected | current backoffstate  = 33792 , state =33792
03-24 14:43:55.641  3670  3670 D MotionRecognitionService: skip setTransmitPower. 
03-24 14:43:55.651  4103  4103 D KeyguardUpdateMonitor: received broadcast android.intent.action.BATTERY_CHANGED
03-24 14:43:55.651  4103  4103 D PowerUI : priorPlugType = 2 mPlugType =  2
03-24 14:43:55.651  4103  4103 D KeyguardUpdateMonitor: handleBatteryUpdate
03-24 14:43:55.651  4103  4103 D PowerUI.Notification: showChargingNotice oldChargingType : 1 currentChargingType : 1 oldChargingTime : 1552000 mChargingTime : 1552000
03-24 14:43:55.651  4103  4103 D PowerUI.Notification: There is no change about charging status, so return!
03-24 14:43:55.681  4103  4103 D BatteryMeterView: ACTION_BATTERY_CHANGED : level:92 status:2 health:2
03-24 14:43:55.681  4103  4103 D BatteryMeterView: ACTION_BATTERY_CHANGED : level:92 status:2 health:2
03-24 14:43:59.201 30395 30395 E TRACKERS: File error! Can't Open File 
03-24 14:43:59.651  7634  7634 I FIPS_bssl: FIPS approved mode (1) | 7634 | app_process
03-24 14:43:59.651  7634  7634 D AndroidRuntime: >>>>>> START com.android.internal.os.RuntimeInit uid 2000 <<<<<<
03-24 14:43:59.661  7634  7634 D AndroidRuntime: CheckJNI is OFF
03-24 14:43:59.661  7634  7634 D AndroidRuntime: readGMSProperty: start
03-24 14:43:59.661  7634  7634 D AndroidRuntime: readGMSProperty: already setted!!
03-24 14:43:59.661  7634  7634 D AndroidRuntime: propertySet: couldn't set property (it is from app)
03-24 14:43:59.661  7634  7634 D AndroidRuntime: readGMSProperty: could not set the property(default)!!
03-24 14:43:59.661  7634  7634 D AndroidRuntime: readGMSProperty: end
03-24 14:43:59.661  7634  7634 D AndroidRuntime: addProductProperty: start
03-24 14:43:59.701  7634  7634 D ICU     : No timezone override file found: /data/misc/zoneinfo/current/icu/icu_tzdata.dat
03-24 14:43:59.741  7634  7634 I Radio-JNI: register_android_hardware_Radio DONE
03-24 14:43:59.741  7634  7634 E AffinityControl: AffinityControl: registerfunction enter
03-24 14:43:59.761  7634  7634 D AndroidRuntime: Calling main entry com.android.commands.am.Am
03-24 14:43:59.771  3670  4524 I ActivityManager: Force stopping com.yandex.browser appid=10175 user=0: from pid 7634
03-24 14:43:59.771  3670  4524 I PersonaManager: mKnoxInfo is empty
03-24 14:43:59.771  3670  4524 I PersonaManager: mKnoxInfo is empty
03-24 14:43:59.771  3670  4524 I PersonaManager: mKnoxInfo is empty
03-24 14:43:59.771  3670  4524 I PersonaManager: mKnoxInfo is empty
03-24 14:43:59.771  3670  4524 I ActivityManager: Killing 7252:com.yandex.browser:privileged_process0/u0a175 (adj 1): stop com.yandex.browser cause from pid 7634
03-24 14:43:59.771  3670  4524 I PersonaManager: mKnoxInfo is empty
03-24 14:43:59.771  3670  4524 D ActivityManager: cleanUpApplicationRecord -- 7252
03-24 14:43:59.771  3670  4524 D ActivityManager: isAutoRunBlockedApp:: com.yandex.browser, Auto Run ON
03-24 14:43:59.771  3670  4524 W ActivityManager: Scheduling restart of crashed service com.yandex.browser/org.chromium.content.app.PrivilegedProcessService0 in 1000ms
03-24 14:43:59.771  3670  4524 I ActivityManager: Killing 7054:com.yandex.browser:Metrica/u0a175 (adj 1): stop com.yandex.browser cause from pid 7634
03-24 14:43:59.771  3670  4524 D ActivityManager: cleanUpApplicationRecord -- 7054
03-24 14:43:59.781  3670  4524 D ActivityManager: isAutoRunBlockedApp:: com.yandex.browser, Auto Run ON
03-24 14:43:59.781  3670  4524 W ActivityManager: Scheduling restart of crashed service com.yandex.browser/com.yandex.metrica.ConfigurationService in 10996ms
03-24 14:43:59.781  3670  4524 W ActivityManager: Scheduling restart of crashed service com.yandex.browser/com.yandex.metrica.MetricaService in 10996ms
03-24 14:43:59.781  3670  4524 I ActivityManager: Killing 7123:com.yandex.browser:passport/u0a175 (adj 9): stop com.yandex.browser cause from pid 7634
03-24 14:43:59.781  3670  4524 D ActivityManager: cleanUpApplicationRecord -- 7123
03-24 14:43:59.781  3670  4524 D ActivityManager: isAutoRunBlockedApp:: com.yandex.browser, Auto Run ON
03-24 14:43:59.781  3670  4524 I ActivityManager: Killing 7149:com.yandex.browser:firstscreen/u0a175 (adj 0): stop com.yandex.browser cause from pid 7634
03-24 14:43:59.781  3670  4524 D ActivityManager: cleanUpApplicationRecord -- 7149
03-24 14:43:59.781  3670  4524 D ActivityManager: isAutoRunBlockedApp:: com.yandex.browser, Auto Run ON
03-24 14:43:59.781  3670  4524 W ActivityManager: Force removing ActivityRecord{cf6c817 u0 com.yandex.browser/.firstscreen.FirstScreenActivity t121}: app died, no saved state
03-24 14:43:59.791  3670  4524 D InputDispatcher: Focused application set to: xxxx
03-24 14:43:59.801  3670  3798 D StatusBarManagerService: manageDisableList userId=0 what=0x0 pkg=Window{4eb8be9 u0 d0 com.yandex.browser/com.yandex.browser.YandexBrowserMainActivity}
03-24 14:43:59.801  4103  4103 D PhoneStatusBar: setSystemUiVisibility vis=400 mask=ffffffff oldVal=0 newVal=400 diff=400
03-24 14:43:59.801  3670  4524 D InputDispatcher: Focus left window: 7149
03-24 14:43:59.801  3670  4524 D InputDispatcher: Focus entered window: 7023
03-24 14:43:59.811  3025  3732 I SurfaceFlinger: id=520 Removed GirstScreen (8/10)
03-24 14:43:59.811  3025  3210 I SurfaceFlinger: id=520 Removed GirstScreen (-2/10)
03-24 14:43:59.821  3670  3884 D PointerIcon: setMouseIconStyle1 pointerType: 1001 iconType:101 flag:0 pid:3670 uid:1000
03-24 14:43:59.821  3670  3884 D PointerIcon: setMouseCustomIcon IconType is same.101
03-24 14:43:59.821  3670  4524 D CustomFrequencyManagerService: acquireDVFSLockLocked : type : DVFS_MIN_LIMIT  frequency : 1800000  uid : 1000  pid : 3670  pkgName : ACTIVITY_RESUME_BOOSTER@3
03-24 14:43:59.821  3670  3931 D InputMethodManagerService: windowGainedFocus mCurrentFocusedUserId - 0 and mSecureKeypadEnabled-false
03-24 14:43:59.821  3670  4524 D ActivityManager: mDVFSHelper.acquire()
03-24 14:43:59.821  3670  4524 D ActivityManager:  Launching com.yandex.browser, updated priority
03-24 14:43:59.821  3670  4524 V WindowOrientationListener: setCurrentAppOrientation :7
03-24 14:43:59.821  3670  4524 V WindowOrientationListener: OrientationSensorJudge.getProposedRotation, Rotation: -1
03-24 14:43:59.821  3670  4524 V WindowManager: rotationForOrientationLw(orient=7, last=0); user=0  sensorRotation=-1 mLidState=-1 mDockMode=0 mHdmiPlugged=false mMobileKeyboardEnabled=false displayId=0
03-24 14:43:59.821  3670  4524 V WindowOrientationListener: OrientationSensorJudge.getProposedRotation, Rotation: -1
03-24 14:43:59.821  3670  3670 D GameManagerService: NotifyRunnable. pkg: com.yandex.browser, type: 4, isMinimized: false, isTunableApp: false
03-24 14:43:59.821  3670  3796 V MARsPolicyManager: updatePackagesScore PackageInfo name -- com.yandex.browser
03-24 14:43:59.831 18067 18067 D SamsungIME: IMPL finishInput
03-24 14:43:59.831 18067 18067 D SamsungIME: SwiftKeyWrapper writeDBdataToFileOnFinishInput
03-24 14:43:59.831 18067 18067 D SamsungIME: saveAndClear +
03-24 14:43:59.831 18067 18067 D SamsungIME: saveAndClear -
03-24 14:43:59.831 18067 18067 D SamsungIME: onStartInput: No inputType, No imeOption, isInputViewShown = false, isExtractViewShown = false, isShowInputRequested = false, isConfigChanged = false
03-24 14:43:59.831  3025  3025 D libEGL  : eglTerminate EGLDisplay = 0x7ff3f31e28
03-24 14:43:59.831  3025  3025 D libEGL  : eglTerminate EGLDisplay = 0x7ff3f31e28
03-24 14:43:59.831  3025  3025 D libEGL  : eglTerminate EGLDisplay = 0x7ff3f31e28
03-24 14:43:59.831  3670  4524 I ActivityManager: Killing 7023:com.yandex.browser/u0a175 (adj 0): stop com.yandex.browser cause from pid 7634
03-24 14:43:59.831  3670  4524 D ActivityManager: cleanUpApplicationRecord -- 7023
03-24 14:43:59.831  3670  4524 D ActivityManager: isAutoRunBlockedApp:: com.yandex.browser, Auto Run ON
03-24 14:43:59.841  7663  7663 E Zygote  : v2
03-24 14:43:59.841  7663  7663 I libpersona: KNOX_SDCARD checking this for 10175
03-24 14:43:59.841  7663  7663 I libpersona: KNOX_SDCARD not a persona
03-24 14:43:59.841  7663  7663 W SELinux : Function: selinux_compare_spd_ram, index[1], priority [2], priority version is VE=SEPF_SECMOBILE_6.0.1_0003
03-24 14:43:59.841  7663  7663 E Zygote  : accessInfo : 0
03-24 14:43:59.841  7663  7663 W SELinux : SELinux: seapp_context_lookup: seinfo=default, level=s0:c512,c768, pkgname=com.yandex.browser 
03-24 14:43:59.841  3670  4524 I ActivityManager: Start proc 7663:com.yandex.browser/u0a175 for activity com.yandex.browser/.YandexBrowserMainActivity
03-24 14:43:59.841  3670  4524 I ActivityManager:   Force finishing activity ActivityRecord{27baec3 u0 com.yandex.browser/.YandexBrowserMainActivity t121}
03-24 14:43:59.851  3670  3670 D GameManagerService: NotifyRunnable. pkg: com.example.myapplication, type: 4, isMinimized: false, isTunableApp: false
03-24 14:43:59.851  7634  7634 D AndroidRuntime: Shutting down VM
03-24 14:43:59.851  3670  3796 V MARsPolicyManager: updatePackagesScore PackageInfo name -- com.example.myapplication
03-24 14:43:59.851  3670  6805 D GameManagerService: identifyGamePackage. com.example.myapplication
03-24 14:43:59.861  3670  6805 D GameManagerService: identifyGamePackage. com.example.myapplication
03-24 14:43:59.861  3670  3796 D InputDispatcher: Focus left window: 7023
03-24 14:43:59.861  3025  3212 I SurfaceFlinger: id=521 Removed TurfaceView (5/9)
03-24 14:43:59.861  3025  3210 I SurfaceFlinger: id=521 Removed TurfaceView (-2/9)
03-24 14:43:59.861  3025  3025 D libEGL  : eglTerminate EGLDisplay = 0x7ff3f31e58
03-24 14:43:59.861  3025  3212 I SurfaceFlinger: id=519 Removed ZandexBrows (6/8)
03-24 14:43:59.861  3025  3210 I SurfaceFlinger: id=519 Removed ZandexBrows (-2/8)
03-24 14:43:59.861  3670  3796 D InputDispatcher: Focus entered window: 30395
03-24 14:43:59.861  3670  3796 D InputDispatcher: Focused application released
03-24 14:43:59.861  3670  3884 D SecWifiDisplayUtil: Metadata value : SecSettings2
03-24 14:43:59.861  3670  3884 D ViewRootImpl: #1 mView = com.android.internal.policy.PhoneWindow$DecorView{de6bf97 V.E...... R.....ID 0,0-0,0}
03-24 14:43:59.861  3670  3884 W WindowManager: Attempted to add application window with unknown token Token{bbb0340 ActivityRecord{27baec3 u0 com.yandex.browser/.YandexBrowserMainActivity t121 f}}.  Aborting.
03-24 14:43:59.861  3670  3884 D ViewRootImpl: #3 mView = null
03-24 14:43:59.861  3670  3884 W WindowManager: Token{bbb0340 ActivityRecord{27baec3 u0 com.yandex.browser/.YandexBrowserMainActivity t121 f}} already running, starting window not displayed. Unable to add window -- token Token{bbb0340 ActivityRecord{27baec3 u0 com.yandex.browser/.YandexBrowserMainActivity t121 f}} is not valid; is your activity running?
03-24 14:43:59.861  3670  3884 W WindowManager: view not successfully added to wm, removing view
03-24 14:43:59.871  3670  3884 W WindowManager: Exception when adding starting window
03-24 14:43:59.871  3670  3884 W WindowManager: java.lang.IllegalArgumentException: View=com.android.internal.policy.PhoneWindow$DecorView{de6bf97 V.E...... R.....ID 0,0-0,0} not attached to window manager
03-24 14:43:59.871  3670  3884 W WindowManager: 	at android.view.WindowManagerGlobal.findViewLocked(WindowManagerGlobal.java:451)
03-24 14:43:59.871  3670  3884 W WindowManager: 	at android.view.WindowManagerGlobal.removeView(WindowManagerGlobal.java:377)
03-24 14:43:59.871  3670  3884 W WindowManager: 	at android.view.WindowManagerImpl.removeViewImmediate(WindowManagerImpl.java:122)
03-24 14:43:59.871  3670  3884 W WindowManager: 	at com.android.server.policy.PhoneWindowManager.addStartingWindow(PhoneWindowManager.java:4452)
03-24 14:43:59.871  3670  3884 W WindowManager: 	at com.android.server.wm.WindowManagerService$H.handleMessage(WindowManagerService.java:13508)
03-24 14:43:59.871  3670  3884 W WindowManager: 	at android.os.Handler.dispatchMessage(Handler.java:102)
03-24 14:43:59.871  3670  3884 W WindowManager: 	at android.os.Looper.loop(Looper.java:158)
03-24 14:43:59.871  3670  3884 W WindowManager: 	at android.os.HandlerThread.run(HandlerThread.java:61)
03-24 14:43:59.871  3670  3884 W WindowManager: 	at com.android.server.ServiceThread.run(ServiceThread.java:46)
03-24 14:43:59.871  3670  3670 V AlarmManager: Remove alarm for next reason : android.intent.action.PACKAGE_RESTARTED : package: com.yandex.browser
03-24 14:43:59.881  3025  3025 D libEGL  : eglTerminate EGLDisplay = 0x7ff3f31e28
03-24 14:43:59.881  3025  3025 D libEGL  : eglTerminate EGLDisplay = 0x7ff3f31e28
03-24 14:43:59.881  3025  3025 D libEGL  : eglTerminate EGLDisplay = 0x7ff3f31e28
03-24 14:43:59.901  3670  4454 D GraphicsStats: Buffer count: 8
03-24 14:43:59.921  3670  3796 V BroadcastQueue: [background] Process cur broadcast BroadcastRecord{24f816d u0 android.intent.action.PACKAGE_RESTARTED qIdx=4}, state= (APP_RECEIVE) DELIVERED for app ProcessRecord{a8b6d0a 3670:system/1000}
03-24 14:43:59.931  4383  4383 I PersonaManager: mKnoxInfo is empty
03-24 14:43:59.931  3670  3798 D StatusBarManagerService: manageDisableList userId=0 what=0x0 pkg=Window{b607281 u0 d0 com.example.myapplication/com.example.myapplication.MainActivity}
03-24 14:43:59.931  3670  6805 D ConnectivityService: returning getNetworkInfo for network type 1 : [type: WIFI[] - WIFI, state: CONNECTED/CONNECTED, reason: (unspecified), extra: "DataStructures", roaming: false, failover: false, isAvailable: true]
03-24 14:43:59.931  3670  4019 D NetworkPolicy: isUidForegroundLocked: 10185, mScreenOn: true, uidstate: 2, mProxSensorScreenOff: false
03-24 14:43:59.931  3670  4019 D NetworkPolicy: isUidForegroundLocked: 10175, mScreenOn: true, uidstate: 16, mProxSensorScreenOff: false
03-24 14:43:59.931  4383  4383 I PersonaManager: mKnoxInfo is empty
03-24 14:43:59.931  7663  7663 W ResourcesManager: getTopLevelResources: /data/app/com.yandex.browser-1/base.apk / 1.0 running in com.yandex.browser rsrc of package com.yandex.browser
03-24 14:43:59.941  3670  3670 V BroadcastQueue: [background] Process cur broadcast BroadcastRecord{24f816d u0 android.intent.action.PACKAGE_RESTARTED qIdx=4}, state= (APP_RECEIVE) DELIVERED for app ProcessRecord{90f0323 31960:com.sec.android.app.soundalive/u0a62}
03-24 14:43:59.941  4383  4383 I PersonaManager: mKnoxInfo is empty
03-24 14:43:59.941  3670  4524 I InjectionManagerService -AppFeature: getCoreFeaturePkgList :[]
03-24 14:43:59.941  4383  4383 W ResourcesManager: getTopLevelResources: /data/app/com.google.android.gms-1/base.apk / 1.0 running in com.android.nfc rsrc of package com.google.android.gms
03-24 14:43:59.941 31960 31960 D SAControlPanelReceiver: *****onReceive()*****
03-24 14:43:59.941 31960 31960 D SAControlPanelReceiver: Action: android.intent.action.PACKAGE_RESTARTED
03-24 14:43:59.941  3670  3884 E JavaBinder: !!! FAILED BINDER TRANSACTION !!!  (parcel size = 64)
03-24 14:43:59.941  4383  4383 W ResourcesManager: getTopLevelResources: /data/app/com.google.android.gms-1/base.apk / 1.0 running in com.android.nfc rsrc of package com.google.android.gms
03-24 14:43:59.941  4103  4103 D PhoneStatusBar: setSystemUiVisibility vis=8600 mask=ffffffff oldVal=400 newVal=8600 diff=8200
03-24 14:43:59.941  4383  4383 D ApduServiceInfo: seId: 0
03-24 14:43:59.941  4383  4383 I PersonaManager: mKnoxInfo is empty
03-24 14:43:59.951  3670  3884 D PointerIcon: setMouseIconStyle1 pointerType: 1001 iconType:101 flag:0 pid:3670 uid:1000
03-24 14:43:59.951  3670  3884 D PointerIcon: setMouseCustomIcon IconType is same.101
03-24 14:43:59.951  7663  7663 I InjectionManager: Inside getClassLibPath + mLibMap{0=, 1=}
03-24 14:43:59.951  3670  3698 D ConnectivityService: ConnectivityService NetworkRequestInfo binderDied(NetworkRequest [ id=255, legacyType=-1, [ Capabilities: INTERNET&NOT_RESTRICTED&TRUSTED] ], android.os.BinderProxy@c9781a2)
03-24 14:43:59.951  3670  4029 D ConnectivityService: releasing NetworkRequest NetworkRequest [ id=255, legacyType=-1, [ Capabilities: INTERNET&NOT_RESTRICTED&TRUSTED] ]
03-24 14:43:59.951  3670  4029 D ConnectivityService: sending notification RELEASED for NetworkRequest [ id=255, legacyType=-1, [ Capabilities: INTERNET&NOT_RESTRICTED&TRUSTED] ]
03-24 14:43:59.951  3670  4946 D ConnectivityService: ConnectivityService NetworkRequestInfo binderDied(NetworkRequest [ id=254, legacyType=-1, [ Capabilities: INTERNET&NOT_RESTRICTED&TRUSTED] ], android.os.BinderProxy@b4dbe33)
03-24 14:43:59.961  3670  4524 D GraphicsStats: Buffer count: 7
03-24 14:43:59.961  3670  4029 E ConnectivityService: RemoteException caught trying to send a callback msg for NetworkRequest [ id=255, legacyType=-1, [ Capabilities: INTERNET&NOT_RESTRICTED&TRUSTED] ]
03-24 14:43:59.961  3670  4029 D ConnectivityService: releasing NetworkRequest NetworkRequest [ id=254, legacyType=-1, [ Capabilities: INTERNET&NOT_RESTRICTED&TRUSTED] ]
03-24 14:43:59.961  3670  4029 D ConnectivityService: sending notification RELEASED for NetworkRequest [ id=254, legacyType=-1, [ Capabilities: INTERNET&NOT_RESTRICTED&TRUSTED] ]
03-24 14:43:59.961  3670  4029 E ConnectivityService: RemoteException caught trying to send a callback msg for NetworkRequest [ id=254, legacyType=-1, [ Capabilities: INTERNET&NOT_RESTRICTED&TRUSTED] ]
03-24 14:43:59.961  3670  4550 V BroadcastQueue: [background] Process cur broadcast BroadcastRecord{24f816d u0 android.intent.action.PACKAGE_RESTARTED qIdx=4}, state= (APP_RECEIVE) DELIVERED for app ProcessRecord{126ce28 24150:com.sec.android.daemonapp/u0a145}
03-24 14:43:59.961 24150 24150 D [WeatherWidget(1236)]  ClearDataReceiver: {[2B4A2AC40B5A9FD87A06E8EADDAC90140D0735C4111B00ED5A4BFDD943296A603CF64C72E7F3E6D25FF9ACC8831CFEFA3E34FF6EAD00357EC7386503FB76F1C38DE7DC83CE464FCACDBF41BB39AB7B05023F96E9DCA7279B4E8058678F36E23C157845DF34E1F36630444A53E4EA5934]}
03-24 14:43:59.971  7663  7663 D ResourcesManager: For user 0 new overlays fetched Null
03-24 14:43:59.971  7663  7663 I InjectionManager: Inside getClassLibPath caller 
03-24 14:43:59.971  3670  6805 D ConnectivityService: returning getNetworkInfo for network type 1 : [type: WIFI[] - WIFI, state: CONNECTED/CONNECTED, reason: (unspecified), extra: "DataStructures", roaming: false, failover: false, isAvailable: true]
03-24 14:43:59.981  3670  6805 D GameManagerService: identifyGamePackage. com.example.myapplication
03-24 14:43:59.991  7663  7663 I MultiDex: Installing application
03-24 14:43:59.991  7663  7663 I MultiDex: VM with version 2.1.0 has multidex support
03-24 14:43:59.991  7663  7663 I MultiDex: VM has multidex support, MultiDex support library is disabled.
03-24 14:43:59.991  3670  3980 V AlarmManager: Expired Alarm result :8
03-24 14:43:59.991  7663  7663 I cr_base_multidex: Completed multidex installation.
03-24 14:44:00.001  4103  4103 D KeyguardUpdateMonitor: received broadcast android.intent.action.TIME_TICK
03-24 14:44:00.021  4103  4103 D KeyguardUpdateMonitor: handleTimeUpdate
03-24 14:44:00.021  4103  4103 D Clock   : received broadcast android.intent.action.TIME_TICK
03-24 14:44:00.051  3670  3682 I art     : Background partial concurrent mark sweep GC freed 105690(7MB) AllocSpace objects, 35(788KB) LOS objects, 27% free, 42MB/58MB, paused 1.715ms total 172.948ms
03-24 14:44:00.061  7663  7663 W System.err: remove failed: ENOENT (No such file or directory) : /data/user/0/com.yandex.browser/files/recovery_cancelled
03-24 14:44:00.071  7663  7699 I AppMetrica: [com.yandex.browser] : [d01c0d44-xxxx-xxxx-xxxx-xxxxxxxx00ad] Initializing of Metrica, Release type, Version 3.4.0, API Level 72, Dated 05.11.2018.
03-24 14:44:00.081  4103  4103 D DateView: received broadcast android.intent.action.TIME_TICK
03-24 14:44:00.111  7663  7699 I art     : Rejecting re-init on previously-failed class java.lang.Class<com.yandex.metrica.impl.ob.lb>
03-24 14:44:00.111  7663  7699 I art     : Rejecting re-init on previously-failed class java.lang.Class<com.yandex.metrica.impl.ob.lb>
03-24 14:44:00.131  3670  4407 I PersonaManager: mKnoxInfo is empty
03-24 14:44:00.141  7711  7711 E Zygote  : v2
03-24 14:44:00.141  7711  7711 I libpersona: KNOX_SDCARD checking this for 10175
03-24 14:44:00.141  7711  7711 I libpersona: KNOX_SDCARD not a persona
03-24 14:44:00.141  7711  7711 W SELinux : Function: selinux_compare_spd_ram, index[1], priority [2], priority version is VE=SEPF_SECMOBILE_6.0.1_0003
03-24 14:44:00.141  7711  7711 E Zygote  : accessInfo : 0
03-24 14:44:00.141  7711  7711 W SELinux : SELinux: seapp_context_lookup: seinfo=default, level=s0:c512,c768, pkgname=com.yandex.browser:Metrica 
03-24 14:44:00.141  3670  4407 I ActivityManager: Start proc 7711:com.yandex.browser:Metrica/u0a175 for service com.yandex.browser/com.yandex.metrica.MetricaService
03-24 14:44:00.171  7711  7711 W ResourcesManager: getTopLevelResources: /data/app/com.yandex.browser-1/base.apk / 1.0 running in com.yandex.browser rsrc of package com.yandex.browser
03-24 14:44:00.171  3670  4452 I InjectionManagerService -AppFeature: getCoreFeaturePkgList :[]
03-24 14:44:00.171  7711  7711 I InjectionManager: Inside getClassLibPath + mLibMap{0=, 1=}
03-24 14:44:00.181  7711  7711 D ResourcesManager: For user 0 new overlays fetched Null
03-24 14:44:00.181  7711  7711 I InjectionManager: Inside getClassLibPath caller 
03-24 14:44:00.181 24150 24150 D [WeatherWidget(1236)]  WeatherService: {[EC3334F14841398C8B464A72D0E61AB7C564889C89112557F2146D56794659083956C77974A4825103AB5C5D4AC85EDAA24236388AC138058106446B92A35777]}
03-24 14:44:00.181 24150 24150 D [WeatherWidget(1236)]  : {[3AE6950019B083611567B0F9442DB03EEFA9050249635C043F7E254E316C2550]}
03-24 14:44:00.191  3670  4407 D PackageManager: setEnabledSetting : userId = 0 packageName = com.yandex.browser cmp = com.yandex.browser.InstallReceiver newState = 0 callingPackage = 10175
03-24 14:44:00.191  7711  7711 I MultiDex: Installing application
03-24 14:44:00.201  7711  7711 I MultiDex: VM with version 2.1.0 has multidex support
03-24 14:44:00.201  7711  7711 I MultiDex: VM has multidex support, MultiDex support library is disabled.
03-24 14:44:00.201  7711  7711 I cr_base_multidex: Completed multidex installation.
03-24 14:44:00.201 24150 24150 D [WeatherWidget(1236)]  : {[3AE6950019B083611567B0F9442DB03E5DDA24A68DD8F41CDE99F0ED3FBCA79D6E3672D13C47BC5ED8EFB051B507BC35D16D05BE0B1FFC48F1CBC65A73129A0D]}
03-24 14:44:00.201 24150 24150 D [WeatherWidget(1236)]  : {[A1AF0F6A1A65A89C43D705938923D0FEFB71880C4E84718DA0A3E1F383E54FB24509E0FBB917D66D2978C513F7383D4A3053B01023BD027BD5C6B984AE327ACDF73722D68B1F80266469F24891921060F6012335F813CE3C0359344A51D4CD9D96750407689B32392378DF20D5323939]}
03-24 14:44:00.201 24150 24150 D [WeatherWidget(1236)]  : {[15C09394A4E9AFE55A5C62F22AB3FC5902EB2A2150B6646A86F2B3102D669614]}
03-24 14:44:00.211  7711  7711 D InjectionManager: InjectionManager
03-24 14:44:00.211  7711  7711 D InjectionManager: fillFeatureStoreMap com.yandex.browser
03-24 14:44:00.211  7711  7711 I InjectionManager: Constructor com.yandex.browser, Feature store :{}
03-24 14:44:00.211  7711  7711 I InjectionManager: featureStore :{}
03-24 14:44:00.221  7663  7663 I [SL:BaseSearchLibImpl]: SL version: 536
03-24 14:44:00.231  7663  7733 W ResourceType: No package identifier when getting value for resource number 0x00000000
03-24 14:44:00.231  7663  7663 D InjectionManager: InjectionManager
03-24 14:44:00.231  7663  7663 D InjectionManager: fillFeatureStoreMap com.yandex.browser
03-24 14:44:00.241  7663  7663 I InjectionManager: Constructor com.yandex.browser, Feature store :{}
03-24 14:44:00.241  7663  7663 I InjectionManager: featureStore :{}
03-24 14:44:00.261  3670  4421 V AlarmManager:  remove PendingIntent] PendingIntent{3dffaa1: PendingIntentRecord{e40f4c6 com.yandex.browser startService}}
03-24 14:44:00.271  7711  7753 I AppMetrica: [com.yandex.browser] : [] Initializing of Metrica, Release type, Version 3.4.0, API Level 72, Dated 05.11.2018.
03-24 14:44:00.271  3670  4452 I PersonaManager: mKnoxInfo is empty
03-24 14:44:00.271  3670  4409 I PersonaManager: mKnoxInfo is empty
03-24 14:44:00.281  3670  3698 D PackageManager: setEnabledSetting : userId = 0 packageName = com.yandex.browser cmp = ru.yandex.searchlib.notification.BarMarkerService newState = 2 callingPackage = 10175
03-24 14:44:00.291  3670  4454 I PersonaManager: mKnoxInfo is empty
03-24 14:44:00.291  3670  4143 D PackageManager: setEnabledSetting : userId = 0 packageName = com.yandex.browser cmp = ru.yandex.searchlib.notification.NotificationConnectivityBroadcastReceiver newState = 2 callingPackage = 10175
