--------- beginning of main
03-24 15:43:22.941 25088 25088 D [WeatherWidget(1236)]  ClearDataReceiver: {[2B4A2AC40B5A9FD87A06E8EADDAC90140D0735C4111B00ED5A4BFDD943296A603CF64C72E7F3E6D25FF9ACC8831CFEFA3E34FF6EAD00357EC7386503FB76F1C38DE7DC83CE464FCACDBF41BB39AB7B0532B2430328A965C13539887ACF027538D8F07ACD0F60FD058041946420F66BD7]}
--------- beginning of system
03-24 15:43:22.941  3670  4952 V BroadcastQueue: [background] Process cur broadcast BroadcastRecord{55f9c82 u0 android.intent.action.PACKAGE_RESTARTED qIdx=4}, state= (APP_RECEIVE) DELIVERED for app ProcessRecord{81441b6 25088:com.sec.android.daemonapp/u0a145}
03-24 15:43:22.941  3670  4952 V BroadcastQueue: [background] Process cur broadcast BroadcastRecord{9f16f93 u0 android.intent.action.PACKAGE_DATA_CLEARED qIdx=4}, state= (APP_RECEIVE) DELIVERED for app ProcessRecord{96f24ae 25888:com.samsung.cmh:CMH/5004}
03-24 15:43:22.951 25921 25921 D CS/SettingChangeReceiver: onReceive() action = android.intent.action.PACKAGE_DATA_CLEARED
03-24 15:43:22.951 25921 25921 D CS/SettingChangeReceiver: ACTION_PACKAGE_DATA_CLEARED
03-24 15:43:22.951  3670  4952 V BroadcastQueue: [background] Process cur broadcast BroadcastRecord{9f16f93 u0 android.intent.action.PACKAGE_DATA_CLEARED qIdx=4}, state= (APP_RECEIVE) DELIVERED for app ProcessRecord{9ecddc 25921:com.samsung.android.communicationservice/5002}
03-24 15:43:22.951  3670  4952 V BroadcastQueue: [background] Process cur broadcast BroadcastRecord{9f16f93 u0 android.intent.action.PACKAGE_DATA_CLEARED qIdx=4}, state= (APP_RECEIVE) DELIVERED for app ProcessRecord{4277236 26000:com.samsung.storyservice/5004}
03-24 15:43:22.961  3670  4952 V BroadcastQueue: [background] Process cur broadcast BroadcastRecord{9f16f93 u0 android.intent.action.PACKAGE_DATA_CLEARED qIdx=4}, state= (APP_RECEIVE) DELIVERED for app ProcessRecord{55c4537 26012:com.samsung.android.provider.shootingmodeprovider/u0a63}
03-24 15:43:22.971  3670  4952 V BroadcastQueue: [background] Process cur broadcast BroadcastRecord{9f16f93 u0 android.intent.action.PACKAGE_DATA_CLEARED qIdx=4}, state= (APP_RECEIVE) DELIVERED for app ProcessRecord{4ea6aa4 26029:com.android.mms/u0a68}
03-24 15:43:22.971 26029 26029 D Mms/FreeMessageStatusReceiver: onReceive, action : android.intent.action.PACKAGE_DATA_CLEARED
03-24 15:43:22.971  3670  4016 I PersonaManager: mKnoxInfo is empty
03-24 15:43:22.981  3670  4947 V BroadcastQueue: [background] Process cur broadcast BroadcastRecord{9f16f93 u0 android.intent.action.PACKAGE_DATA_CLEARED qIdx=4}, state= (APP_RECEIVE) DELIVERED for app ProcessRecord{4d53158 26068:com.android.contacts/u0a11}
03-24 15:43:22.981 26029 32137 D Mms/FreeMessageReceiverService: onHandleIntent, action : android.intent.action.PACKAGE_DATA_CLEARED
03-24 15:43:22.981 26029 32137 D Mms/FreeMessageReceiverService: onHandleIntent: ACTION_PACKAGE_DATA_CLEARED
03-24 15:43:22.991  3670  4947 V BroadcastQueue: [background] Process cur broadcast BroadcastRecord{9f16f93 u0 android.intent.action.PACKAGE_DATA_CLEARED qIdx=4}, state= (APP_RECEIVE) DELIVERED for app ProcessRecord{f2ad42b 26114:com.samsung.android.weather/u0a77}
03-24 15:43:22.991 26114 26114 D [WeatherApp(1236)]  : {[210EBC5507306FD4A50F1D40A85780C068F240D41FBB267D51FF013BE0DD2039C2D12A1E8BDFBC0AEF71E0B60AC5CC1257983AB444C2B609C0595121A88B8667126ECD7216DE7D2CE75D86A1801F9BBE78FBFBEB799E5575E2D9DAD51288243B5A63DDAD069337FD6A3E71263149F35F40291D6406B56B349769C2DB709665DC]}
03-24 15:43:23.001  3670  4947 V BroadcastQueue: [background] Process cur broadcast BroadcastRecord{9f16f93 u0 android.intent.action.PACKAGE_DATA_CLEARED qIdx=4}, state= (APP_RECEIVE) DELIVERED for app ProcessRecord{a808807 25965:com.samsung.android.coreapps/5011}
03-24 15:43:23.011  3670  4947 V BroadcastQueue: [background] Process cur broadcast BroadcastRecord{9f16f93 u0 android.intent.action.PACKAGE_DATA_CLEARED qIdx=4}, state= (APP_RECEIVE) DELIVERED for app ProcessRecord{e963d34 26127:com.android.documentsui/u0a92}
03-24 15:43:23.011  3670  4947 V BroadcastQueue: [background] Process cur broadcast BroadcastRecord{9f16f93 u0 android.intent.action.PACKAGE_DATA_CLEARED qIdx=4}, state= (APP_RECEIVE) DELIVERED for app ProcessRecord{81441b6 25088:com.sec.android.daemonapp/u0a145}
03-24 15:43:23.011 25088 25088 D [WeatherWidget(1236)]  ClearDataReceiver: {[2B4A2AC40B5A9FD87A06E8EADDAC90140D0735C4111B00ED5A4BFDD943296A603CF64C72E7F3E6D25FF9ACC8831CFEFAAF9CFCCA971A42420C7C4462190C6970D4522B06ADB15EB3E59FE8EB8A3E9AFD587790E7525E9B2C629DB8BB87C6ACCAFC257863C371D4D677465673D32DD8E1]}
03-24 15:43:23.021  3670  4947 V BroadcastQueue: [background] Process cur broadcast BroadcastRecord{9f16f93 u0 android.intent.action.PACKAGE_DATA_CLEARED qIdx=4}, state= (APP_RECEIVE) DELIVERED for app ProcessRecord{921789a 25106:com.android.calendar/u0a164}
03-24 15:43:23.021  3670  4947 V BroadcastQueue: [background] Process cur broadcast BroadcastRecord{9f16f93 u0 android.intent.action.PACKAGE_DATA_CLEARED qIdx=4}, state= (APP_RECEIVE) DELIVERED for app ProcessRecord{261cc59 26152:com.sec.android.app.sbrowser/u0a168}
03-24 15:43:23.031 26152 26152 E WebContentsProviderReceiver: onReceive - not approved application
03-24 15:43:23.031  3670  4947 V BroadcastQueue: [background] Process cur broadcast BroadcastRecord{9f16f93 u0 android.intent.action.PACKAGE_DATA_CLEARED qIdx=4}, state= (APP_RECEIVE) DELIVERED for app ProcessRecord{68a316e 32057:com.android.chrome/u0a88}
03-24 15:43:23.041  3670  4947 V BroadcastQueue: [background] Process cur broadcast BroadcastRecord{9f16f93 u0 android.intent.action.PACKAGE_DATA_CLEARED qIdx=4}, state= (APP_RECEIVE) DELIVERED for app ProcessRecord{68a6177 7275:com.google.android.gms.persistent/u0a15}
03-24 15:43:23.041  3670  4524 I PersonaManager: mKnoxInfo is empty
03-24 15:43:23.041  3670  3697 I PersonaManager: mKnoxInfo is empty
03-24 15:43:23.051  3670  3931 I PersonaManager: mKnoxInfo is empty
03-24 15:43:23.051  3670  4952 I PersonaManager: mKnoxInfo is empty
03-24 15:43:23.051  3670  4143 I PersonaManager: mKnoxInfo is empty
03-24 15:43:23.051  3670  4016 I PersonaManager: mKnoxInfo is empty
03-24 15:43:23.051 23981 32045 I LocationSettingsChecker: Removing dialog suppression flag for package org.mozilla.firefox
03-24 15:43:23.051  3670  4409 I PersonaManager: mKnoxInfo is empty
03-24 15:43:23.061  3670  4550 I PersonaManager: mKnoxInfo is empty
03-24 15:43:23.061  3670  4524 I PersonaManager: mKnoxInfo is empty
03-24 15:43:23.071  3670  3697 I PersonaManager: mKnoxInfo is empty
03-24 15:43:23.071 23981 31557 I Icing   : doRemovePackageData org.mozilla.firefox
03-24 15:43:23.131  3670  3931 I PersonaManager: mKnoxInfo is empty
03-24 15:43:23.251  3670  4552 D BatteryService: !@BatteryListener : batteryPropertiesChanged!
03-24 15:43:23.251  3670  4552 D BatteryService: level:94, scale:100, status:2, health:2, present:true, voltage: 4166, temperature: 326, technology: Li-ion, AC powered:false, USB powered:true, POGO powered:false, Wireless powered:false, icon:17303414, invalid charger:0, maxChargingCurrent:0
03-24 15:43:23.251  3670  4552 D BatteryService: online:4, current avg:-54, charge type:1, power sharing:false, high voltage charger:false, capacity:280000, batterySWSelfDischarging:false, current_now:-718
03-24 15:43:23.251  3670  3670 D BatteryService: Sending ACTION_BATTERY_CHANGED.
03-24 15:43:23.261  3670  3670 I MotionRecognitionService: Plugged
03-24 15:43:23.261  3670  3670 E MotionRecognitionService: support TA ~
03-24 15:43:23.261  3670  3670 I MotionRecognitionService: isTAConnected | current backoffstate  = 33792
03-24 15:43:23.261  3670  3670 D MotionRecognitionService:  TA connected ,  33792
03-24 15:43:23.261  3670  3670 I MotionRecognitionService: skip setTransmitPower. 
03-24 15:43:23.261  4103  4103 D KeyguardUpdateMonitor: received broadcast android.intent.action.BATTERY_CHANGED
03-24 15:43:23.261  3670  3670 D MotionRecognitionService:   cableConnection= 1
03-24 15:43:23.261  3670  3670 D MotionRecognitionService: setPowerConnected | current backoffstate  = 33792 , state =33792
03-24 15:43:23.261  3670  3670 D MotionRecognitionService: skip setTransmitPower. 
03-24 15:43:23.261  4103  4103 D PowerUI : priorPlugType = 2 mPlugType =  2
03-24 15:43:23.261  4103  4103 D PowerUI.Notification: showChargingNotice oldChargingType : 1 currentChargingType : 1 oldChargingTime : 962000 mChargingTime : 962000
03-24 15:43:23.261  4103  4103 D KeyguardUpdateMonitor: handleBatteryUpdate
03-24 15:43:23.261  4103  4103 D PowerUI.Notification: There is no change about charging status, so return!
03-24 15:43:23.271  4103  4103 D BatteryMeterView: ACTION_BATTERY_CHANGED : level:94 status:2 health:2
03-24 15:43:23.271  4103  4103 D BatteryMeterView: ACTION_BATTERY_CHANGED : level:94 status:2 health:2
03-24 15:43:23.381 32132 32132 I FIPS_bssl: FIPS approved mode (1) | 32132 | app_process
03-24 15:43:23.391 32132 32132 D AndroidRuntime: >>>>>> START com.android.internal.os.RuntimeInit uid 2000 <<<<<<
03-24 15:43:23.391 32132 32132 D AndroidRuntime: CheckJNI is OFF
03-24 15:43:23.391 32132 32132 D AndroidRuntime: readGMSProperty: start
03-24 15:43:23.391 32132 32132 D AndroidRuntime: readGMSProperty: already setted!!
03-24 15:43:23.391 32132 32132 D AndroidRuntime: propertySet: couldn't set property (it is from app)
03-24 15:43:23.391 32132 32132 D AndroidRuntime: readGMSProperty: could not set the property(default)!!
03-24 15:43:23.391 32132 32132 D AndroidRuntime: readGMSProperty: end
03-24 15:43:23.391 32132 32132 D AndroidRuntime: addProductProperty: start
03-24 15:43:23.411 32132 32132 D ICU     : No timezone override file found: /data/misc/zoneinfo/current/icu/icu_tzdata.dat
03-24 15:43:23.441 32132 32132 I Radio-JNI: register_android_hardware_Radio DONE
03-24 15:43:23.441 32132 32132 E AffinityControl: AffinityControl: registerfunction enter
03-24 15:43:23.451 32132 32132 D AndroidRuntime: Calling main entry com.android.commands.monkey.Monkey
03-24 15:43:23.471  3670  3796 W BroadcastQueue: Skipping deliver [background] BroadcastRecord{b1b2701 u-1 android.net.conn.CONNECTIVITY_CHANGE qIdx=4}, state= (IDLE) to ReceiverList{c3819a6 32132 (unknown name)/2000/u-1 remote:4553e0b}: process crashing
03-24 15:43:23.481 32132 32132 I Timeline: Timeline: Activity_launch_request id:com.android.chrome time:73414417
03-24 15:43:23.481  3670  4421 I PersonaManager: mKnoxInfo is empty
03-24 15:43:23.491  3670  4421 D GameManagerService: identifyGamePackage. com.android.chrome
03-24 15:43:23.491  3670  4421 D MultiWindowPolicy: Gamemode - return 0,  when calling  identifyForegroundApp(com.android.chrome)
03-24 15:43:23.491  3670  4421 D CustomFrequencyManagerService: acquireDVFSLockLocked : type : DVFS_MIN_LIMIT  frequency : 1800000  uid : 1000  pid : 3670  pkgName : ACTIVITY_RESUME_BOOSTER@3
03-24 15:43:23.491  3670  4421 D ActivityManager: mDVFSHelper.acquire()
03-24 15:43:23.491  3670  4421 V WindowManager: addAppToken: AppWindowToken{392323d token=Token{d587794 ActivityRecord{817afe7 u0 com.android.chrome/com.google.android.apps.chrome.Main t215}}} to stack=1 task=215 at 0
03-24 15:43:23.501  3670  3884 D SecWifiDisplayUtil: Metadata value : SecSettings2
03-24 15:43:23.501  3670  3884 D ViewRootImpl: #1 mView = com.android.internal.policy.PhoneWindow$DecorView{dd0b4df V.E...... R.....ID 0,0-0,0}
03-24 15:43:23.501  3670  3884 D ISSUE_DEBUG: InputChannelName : e626bf5 Starting com.android.chrome
03-24 15:43:23.501  3670  4421 D InputDispatcher: Focused application set to: xxxx
03-24 15:43:23.501  3670  4421 D InputDispatcher: Focus left window: 25534
03-24 15:43:23.501  3670  4550 D SettingsProvider: isChangeAllowed() : name = user_rotation
03-24 15:43:23.501  3670  4550 D SettingsProvider: isChangeAllowed() : name = accelerometer_rotation
03-24 15:43:23.511  3670  4550 V WindowOrientationListener: OrientationSensorJudge.getProposedRotation, Rotation: -1
03-24 15:43:23.511  3670  4550 V WindowManager: rotationForOrientationLw(orient=-1, last=0); user=0  sensorRotation=-1 mLidState=-1 mDockMode=0 mHdmiPlugged=false mMobileKeyboardEnabled=false displayId=0
03-24 15:43:23.511  3670  4550 V WindowOrientationListener: OrientationSensorJudge.getProposedRotation, Rotation: -1
03-24 15:43:23.511  3670  3798 D SContextService: unregisterCallback() : Listener = android.hardware.scontext.SContextService$Listener@f5f2ecb, Service = Auto Rotation, used = 0
03-24 15:43:23.511  3670  4454 D SettingsProvider: isChangeAllowed() : name = accelerometer_rotation
03-24 15:43:23.511  3670  3798 W CAE     : unregisterCallback(ContextAwareService.java:206) - [unregi 01] Mutex is locked for AUTO_ROTATION
03-24 15:43:23.511  3670  3798 V CAE     : stop(ContextProvider.java:155)
03-24 15:43:23.511  3670  3798 V CAE     : clear(AutoRotationRunner.java:182)
03-24 15:43:23.511  3670  3798 V CAE     : disable(AutoRotationRunner.java:171)
03-24 15:43:23.511  3670  3798 I CAE     : sendCmdToSensorHub(SensorHubCommManager.java:162) - -78, 7, 0, 0,
03-24 15:43:23.511  3670  3798 D SensorHubManager: SendSensorHubData: send data = -78, 7, 0, 0
03-24 15:43:23.511  3054 17920 D Sensorhubs: sendContextData: -78, 7, 0, 0
03-24 15:43:23.521  3670  3798 D CAE     : getFaultDetectionResult(AutoRotationRunner.java:195) - true
03-24 15:43:23.521  3670  3798 I CAE     : notifyCmdProcessResultObserver(ContextProvider.java:627) - CheckResult = 0, Cause = Success
03-24 15:43:23.541  3670  3798 D CAE     : doCommendProcess(ContextAwareService.java:433) - complete notify the operation result.
03-24 15:43:23.541  3670  3798 I CAE     : displayUsedCountForService(ContextAwareService.java:525) - totalCnt = 0, serviceCount = 0, subCollectionCount = 0
03-24 15:43:23.541  3670  3798 D CAE     : showListenerList(ContextAwareService.java:366) - ===== Context Aware Service List =====
03-24 15:43:23.541  3670  3798 I CAE     : showListenerList(ContextAwareService.java:375) - Listener : com.samsung.android.contextaware.manager.ContextAwareService$Listener@1e966aa, Service : ACTIVITY_TRACKER_CURRENT_INFO(1)
03-24 15:43:23.541  3670  3798 I CAE     : showListenerList(ContextAwareService.java:375) - Listener : com.samsung.android.contextaware.manager.ContextAwareService$Listener@1e966aa, Service : ACTIVITY_TRACKER(1)
03-24 15:43:23.541  3670  3798 I CAE     : showListenerList(ContextAwareService.java:375) - Listener : com.samsung.android.contextaware.manager.ContextAwareService$Listener@1bfe120, Service : AUTO_BRIGHTNESS(1)
03-24 15:43:23.541  3670  3798 W CAE     : unregisterCallback(ContextAwareService.java:241) - [unregi 02] Mutex is unlocked for AUTO_ROTATION
03-24 15:43:23.541  3670  3798 D SContextService: 	.unregisterCallback : 3, client=
03-24 15:43:23.541  3670  3798 D SContextService: ===== SContext Service List =====
03-24 15:43:23.541  3670  3798 D SContextService: Listener : android.hardware.scontext.SContextService$Listener@40acad9, Service : Auto Brightness
03-24 15:43:23.541  3670  4454 V WindowManager: rotationForOrientationLw(orient=-1, last=0); user=0 USER_ROTATION_LOCKED sensorRotation=-1 mLidState=-1 mDockMode=0 mHdmiPlugged=false mMobileKeyboardEnabled=false displayId=0
03-24 15:43:23.541  3670  3798 D SContextService: Listener : android.hardware.scontext.SContextService$Listener@90a289b, Service : Activity Tracker
03-24 15:43:23.541  3670  3798 D SContextManager:   .unregisterListener : listener = com.android.server.policy.WindowOrientationListener$OrientationSensorJudge@a57e543, service=Auto Rotation
03-24 15:43:23.541  3670  3798 V WindowManager: rotationForOrientationLw(orient=-1, last=0); user=0 USER_ROTATION_LOCKED sensorRotation=-1 mLidState=-1 mDockMode=0 mHdmiPlugged=false mMobileKeyboardEnabled=false displayId=0
03-24 15:43:23.541 32132 32132 I art     : System.exit called, status: 0
03-24 15:43:23.541 32132 32132 I AndroidRuntime: VM exiting with result code 0.
03-24 15:43:23.541  3025  3025 I SurfaceFlinger: id=852 createSurf (1440x2560),1 flag=404, dhrome
03-24 15:43:23.551  3670  3884 D PointerIcon: setMouseIconStyle1 pointerType: 1001 iconType:101 flag:0 pid:3670 uid:1000
03-24 15:43:23.551  3670  3798 V WindowManager: rotationForOrientationLw(orient=-1, last=0); user=0 USER_ROTATION_LOCKED sensorRotation=-1 mLidState=-1 mDockMode=0 mHdmiPlugged=false mMobileKeyboardEnabled=false displayId=0
03-24 15:43:23.551  3670  3884 D PointerIcon: setMouseCustomIcon IconType is same.101
03-24 15:43:23.551  3670  3884 D ViewRootImpl: MSG_RESIZED_REPORT: ci=Rect(0, 96 - 0, 0) vi=Rect(0, 96 - 0, 0) or=1
03-24 15:43:23.551  3670  3798 W CAE     : setCAProperty(ContextAwareService.java:578) - [setProperty 01] Mutex is locked for AUTO_ROTATION
03-24 15:43:23.551  3670  3798 I CAE     : setPropertyValue(AutoRotationRunner.java:119) - Device Type = 0.0
03-24 15:43:23.551  3670  3798 I CAE     : setCAProperty(ContextAwareService.java:583) - result : true
03-24 15:43:23.551  3670  3798 W CAE     : setCAProperty(ContextAwareService.java:584) - [setProperty 02] Mutex is unlocked for AUTO_ROTATION
03-24 15:43:23.551  3670  3798 W CAE     : registerCallback(ContextAwareService.java:144) - [regi 01] Mutex is locked for AUTO_ROTATION
03-24 15:43:23.551  3670  3798 V CAE     : start(ContextProvider.java:128)
03-24 15:43:23.551  3670  3798 V CAE     : clear(AutoRotationRunner.java:182)
03-24 15:43:23.551  3670  3798 V CAE     : enable(AutoRotationRunner.java:158)
03-24 15:43:23.551  3670  3798 I CAE     : sendCmdToSensorHub(SensorHubCommManager.java:162) - -79, 7, 0, 0,
03-24 15:43:23.551  3670  3798 D SensorHubManager: SendSensorHubData: send data = -79, 7, 0, 0
03-24 15:43:23.551  3054  3104 D Sensorhubs: sendContextData: -79, 7, 0, 0
03-24 15:43:23.551  3670  3798 D CAE     : getFaultDetectionResult(AutoRotationRunner.java:195) - true
03-24 15:43:23.551  3670  3798 I CAE     : notifyCmdProcessResultObserver(ContextProvider.java:627) - CheckResult = 0, Cause = Success
03-24 15:43:23.561  3670  6805 D SSRM:n  : SIOP:: AP = 470, PST = 437 (W:12), CP = 323, CUR = -54, LCD = 93
03-24 15:43:23.561  3670  6805 D GameManagerService: identifyGamePackage. com.android.chrome
03-24 15:43:23.561  3670  6805 D O       : limitCPUFreq:: freq = 2000000
03-24 15:43:23.561  3670  6805 D CustomFrequencyManagerService: acquireDVFSLockLocked : type : DVFS_MAX_LIMIT  frequency : 2000000  uid : 1000  pid : 3670  pkgName : SIOP_ARM_MAX@18
03-24 15:43:23.571  3670  3798 D CAE     : doCommendProcess(ContextAwareService.java:433) - complete notify the operation result.
03-24 15:43:23.571  3670  3798 I CAE     : displayUsedCountForService(ContextAwareService.java:525) - totalCnt = 1, serviceCount = 1, subCollectionCount = 0
03-24 15:43:23.571  3670  3798 D CAE     : showListenerList(ContextAwareService.java:366) - ===== Context Aware Service List =====
03-24 15:43:23.571  3670  3798 I CAE     : showListenerList(ContextAwareService.java:375) - Listener : com.samsung.android.contextaware.manager.ContextAwareService$Listener@1e966aa, Service : ACTIVITY_TRACKER_CURRENT_INFO(1)
03-24 15:43:23.571  3670  3798 I CAE     : showListenerList(ContextAwareService.java:375) - Listener : com.samsung.android.contextaware.manager.ContextAwareService$Listener@1e966aa, Service : ACTIVITY_TRACKER(1)
03-24 15:43:23.571  3670  3798 I CAE     : showListenerList(ContextAwareService.java:375) - Listener : com.samsung.android.contextaware.manager.ContextAwareService$Listener@1bfe120, Service : AUTO_BRIGHTNESS(1)
03-24 15:43:23.571  3670  3798 I CAE     : showListenerList(ContextAwareService.java:375) - Listener : com.samsung.android.contextaware.manager.ContextAwareService$Listener@14acd8a, Service : AUTO_ROTATION(1)
03-24 15:43:23.571  3670  3798 W CAE     : registerCallback(ContextAwareService.java:180) - [regi 02] Mutex is unlocked for AUTO_ROTATION
03-24 15:43:23.571  3670  3798 D SContextService: 	.registerCallback : 3, client=
03-24 15:43:23.571  3670  3798 D SContextService: ===== SContext Service List =====
03-24 15:43:23.571  3670  3798 D SContextService: Listener : android.hardware.scontext.SContextService$Listener@40acad9, Service : Auto Brightness
03-24 15:43:23.571  3670  3798 D SContextService: Listener : android.hardware.scontext.SContextService$Listener@90a289b, Service : Activity Tracker
03-24 15:43:23.571  3670  3798 D SContextService: Listener : android.hardware.scontext.SContextService$Listener@a35bffb, Service : Auto Rotation
03-24 15:43:23.571  3670  3798 D SContextManager:   .registerListener : listener = com.android.server.policy.WindowOrientationListener$OrientationSensorJudge@a57e543, service=Auto Rotation
03-24 15:43:23.571  3670  3798 V WindowOrientationListener: OrientationSensorJudge.getProposedRotation, Rotation: -1
03-24 15:43:23.571  3670  3798 V WindowManager: rotationForOrientationLw(orient=-1, last=0); user=0  sensorRotation=-1 mLidState=-1 mDockMode=0 mHdmiPlugged=false mMobileKeyboardEnabled=false displayId=0
03-24 15:43:23.571  3670  3798 V WindowOrientationListener: OrientationSensorJudge.getProposedRotation, Rotation: -1
03-24 15:43:23.571  3670  3884 V WindowStateAnimator: Finishing drawing window Window{e626bf5 u0 d0 Starting com.android.chrome}: mDrawState=DRAW_PENDING
03-24 15:43:23.571  3670  3798 V WindowOrientationListener: OrientationSensorJudge.getProposedRotation, Rotation: -1
03-24 15:43:23.571  3670  3798 V WindowManager: rotationForOrientationLw(orient=-1, last=0); user=0  sensorRotation=-1 mLidState=-1 mDockMode=0 mHdmiPlugged=false mMobileKeyboardEnabled=false displayId=0
03-24 15:43:23.571  3670  3798 V WindowOrientationListener: OrientationSensorJudge.getProposedRotation, Rotation: -1
03-24 15:43:23.581  3025  3025 D libEGL  : eglInitialize EGLDisplay = 0x7ff3f31d28
03-24 15:43:23.601  3670  6805 D ConnectivityService: returning getNetworkInfo for network type 1 : [type: WIFI[] - WIFI, state: CONNECTED/CONNECTED, reason: (unspecified), extra: "DataStructures", roaming: false, failover: false, isAvailable: true]
03-24 15:43:23.601  3670  6805 D O       : limitCPUFreq:: freq = -1
03-24 15:43:23.601  3670  6805 D CustomFrequencyManagerService: releaseDVFSLockLocked : Getting Lock type frm List : DVFS_MAX_LIMIT  frequency : 2000000  uid : 1000  pid : 3670  tag : SIOP_ARM_MAX@18
03-24 15:43:23.601  3670  6805 D ConnectivityService: returning getNetworkInfo for network type 1 : [type: WIFI[] - WIFI, state: CONNECTED/CONNECTED, reason: (unspecified), extra: "DataStructures", roaming: false, failover: false, isAvailable: true]
03-24 15:43:23.611  3670  6805 D GameManagerService: identifyGamePackage. com.android.chrome
03-24 15:43:23.641  3670  3682 I art     : Background partial concurrent mark sweep GC freed 159123(11MB) AllocSpace objects, 231(4MB) LOS objects, 26% free, 44MB/60MB, paused 1.602ms total 146.229ms
03-24 15:43:24.001  3670  3796 W ActivityManager: Activity pause timeout for ActivityRecord{fcdcea1 u0 com.example.myapplication/.MainActivity t170}
03-24 15:43:24.001  3670  3796 D ActivityManager:  Launching com.android.chrome, updated priority
03-24 15:43:24.011  3670  3670 D GameManagerService: NotifyRunnable. pkg: com.android.chrome, type: 4, isMinimized: false, isTunableApp: false
03-24 15:43:24.021  3670  3796 V MARsPolicyManager: updatePackagesScore PackageInfo name -- com.android.chrome
03-24 15:43:24.021  3670  4040 D SContextEnvironmentAdaptiveDisplayAttribute: setAttribute() mColorThreshold : 0.07
03-24 15:43:24.021  3670  3798 D StatusBarManagerService: manageDisableList userId=0 what=0x0 pkg=Window{e626bf5 u0 d0 Starting com.android.chrome}
03-24 15:43:24.021  3670  4040 D SContextEnvironmentAdaptiveDisplayAttribute: setAttribute() mDuration : 35
03-24 15:43:24.021  3670  4019 D NetworkPolicy: isUidForegroundLocked: 10088, mScreenOn: true, uidstate: 2, mProxSensorScreenOff: false
03-24 15:43:24.021  3670  4040 W CAE     : setCAProperty(ContextAwareService.java:578) - [setProperty 01] Mutex is locked for EAD
03-24 15:43:24.021  3670  4040 I CAE     : setPropertyValue(EADRunner.java:146) - Mode = 0.0
03-24 15:43:24.021  3670  4040 I CAE     : sendCmdToSensorHub(SensorHubCommManager.java:162) - -63, 23, 52, 1, 0, 0, 0, 0,
03-24 15:43:24.021  3670  4040 D SensorHubManager: SendSensorHubData: send data = -63, 23, 52, 1, 0, 0, 0, 0
03-24 15:43:24.021  3054  3054 D Sensorhubs: sendContextData: -63, 23, 52, 1, 0, 0, 0, 0
03-24 15:43:24.031  3670  4040 I CAE     : setCAProperty(ContextAwareService.java:583) - result : true
03-24 15:43:24.031  3670  4040 W CAE     : setCAProperty(ContextAwareService.java:584) - [setProperty 02] Mutex is unlocked for EAD
03-24 15:43:24.031  3670  4040 W CAE     : setCAProperty(ContextAwareService.java:578) - [setProperty 01] Mutex is locked for EAD
03-24 15:43:24.031  3670  4040 I CAE     : setPropertyValue(EADRunner.java:159) - Duration = 0
03-24 15:43:24.031  3670  4040 I CAE     : sendCmdToSensorHub(SensorHubCommManager.java:162) - -63, 23, 52, 2, 0,
03-24 15:43:24.031  3670  4040 D SensorHubManager: SendSensorHubData: send data = -63, 23, 52, 2, 0
03-24 15:43:24.031  3054 17920 D Sensorhubs: sendContextData: -63, 23, 52, 2, 0
03-24 15:43:24.041  3670  4040 I CAE     : setCAProperty(ContextAwareService.java:583) - result : true
03-24 15:43:24.041  3670  4040 W CAE     : setCAProperty(ContextAwareService.java:584) - [setProperty 02] Mutex is unlocked for EAD
03-24 15:43:24.041  3670  4040 W CAE     : registerCallback(ContextAwareService.java:144) - [regi 01] Mutex is locked for EAD
03-24 15:43:24.041  3670  4040 V CAE     : start(ContextProvider.java:128)
03-24 15:43:24.041  3670  4040 V CAE     : clear(EADRunner.java:257)
03-24 15:43:24.041  3670  4040 V CAE     : enable(EADRunner.java:232)
03-24 15:43:24.041  3670  4040 I CAE     : sendCmdToSensorHub(SensorHubCommManager.java:162) - -79, 52, 0, 0, 0, 0,
03-24 15:43:24.041  3670  4040 D SensorHubManager: SendSensorHubData: send data = -79, 52, 0, 0, 0, 0
03-24 15:43:24.041  3054  3104 D Sensorhubs: sendContextData: -79, 52, 0, 0, 0, 0
03-24 15:43:24.041  3670  4040 D CAE     : getFaultDetectionResult(EADRunner.java:271) - true
03-24 15:43:24.041  3670  4040 I CAE     : notifyCmdProcessResultObserver(ContextProvider.java:627) - CheckResult = 0, Cause = Success
03-24 15:43:24.051  3670  4040 D CAE     : doCommendProcess(ContextAwareService.java:433) - complete notify the operation result.
03-24 15:43:24.051  3670  4040 I CAE     : displayUsedCountForService(ContextAwareService.java:525) - totalCnt = 1, serviceCount = 1, subCollectionCount = 0
03-24 15:43:24.061  3670  4040 D CAE     : showListenerList(ContextAwareService.java:366) - ===== Context Aware Service List =====
03-24 15:43:24.061  3670  4040 I CAE     : showListenerList(ContextAwareService.java:375) - Listener : com.samsung.android.contextaware.manager.ContextAwareService$Listener@1e966aa, Service : ACTIVITY_TRACKER_CURRENT_INFO(1)
03-24 15:43:24.061  3670  4040 I CAE     : showListenerList(ContextAwareService.java:375) - Listener : com.samsung.android.contextaware.manager.ContextAwareService$Listener@1e966aa, Service : ACTIVITY_TRACKER(1)
03-24 15:43:24.061  3670  4040 I CAE     : showListenerList(ContextAwareService.java:375) - Listener : com.samsung.android.contextaware.manager.ContextAwareService$Listener@1bfe120, Service : AUTO_BRIGHTNESS(1)
03-24 15:43:24.061  3670  4040 I CAE     : showListenerList(ContextAwareService.java:375) - Listener : com.samsung.android.contextaware.manager.ContextAwareService$Listener@14acd8a, Service : AUTO_ROTATION(1)
03-24 15:43:24.061  3670  4040 I CAE     : showListenerList(ContextAwareService.java:375) - Listener : com.samsung.android.contextaware.manager.ContextAwareService$Listener@81660d7, Service : EAD(1)
03-24 15:43:24.061  3670  4040 W CAE     : registerCallback(ContextAwareService.java:180) - [regi 02] Mutex is unlocked for EAD
03-24 15:43:24.061  3670  4040 D SContextService: 	.registerCallback : 4, client=
03-24 15:43:24.061  3670  4040 D SContextService: ===== SContext Service List =====
03-24 15:43:24.061  3670  4040 D SContextService: Listener : android.hardware.scontext.SContextService$Listener@40acad9, Service : Auto Brightness
03-24 15:43:24.061  3670  4040 D SContextService: Listener : android.hardware.scontext.SContextService$Listener@90a289b, Service : Activity Tracker
03-24 15:43:24.061  3670  4040 D SContextService: Listener : android.hardware.scontext.SContextService$Listener@a35bffb, Service : Auto Rotation
03-24 15:43:24.061  3670  4040 D SContextService: Listener : android.hardware.scontext.SContextService$Listener@52edc4, Service : Environment Adaptive Display
03-24 15:43:24.061  3670  4040 D SContextManager:   .registerListener : listener = com.samsung.android.mdnie.AdaptiveDisplayColorService$3@5bb4caa, service=Environment Adaptive Display
03-24 15:43:24.091 32057 32057 W ResourcesManager: getTopLevelResources: /data/app/com.android.chrome-2/base.apk / 1.0 running in com.android.chrome rsrc of package com.android.chrome
03-24 15:43:24.101 32057 32057 W ResourcesManager: getTopLevelResources: /data/app/com.android.chrome-2/base.apk / 1.0 running in com.android.chrome rsrc of package com.android.chrome
03-24 15:43:24.101 32057 32057 D SecWifiDisplayUtil: Metadata value : SecSettings2
03-24 15:43:24.111 32057 32167 V MediaPlayer: decode(21, 8764500, 5795)
03-24 15:43:24.111  3047  3695 D OggExtractor:  correct time not found. Let's use approximate value
03-24 15:43:24.111  3047  3695 I OggExtractor: OggSource::OggSource() mExtractor ref count = 4
03-24 15:43:24.121  3047  3695 I OMXCodec: Attempting to allocate OMX node 'OMX.google.vorbis.decoder'
03-24 15:43:24.121  3047  3695 I OMXCodec: Successfully allocated OMX node 'OMX.google.vorbis.decoder'
03-24 15:43:24.121  3047  3695 I OMXCodec: >>>UHQA initOutputFormat 16
03-24 15:43:24.121  3047  3695 I OMXCodec: [OMX.google.vorbis.decoder] OMXCodec::start mState=1
03-24 15:43:24.121  3047  3695 I OMXCodec: [OMX.google.vorbis.decoder] allocating 4 buffers of size 8192 on input port
03-24 15:43:24.121  3047  3695 I OMXCodec: [OMX.google.vorbis.decoder] allocating 4 buffers of size 32768 on output port
03-24 15:43:24.121  3047 32169 I OMXCodec: [OMX.google.vorbis.decoder] Now Idle. Component sends idle done Event 
03-24 15:43:24.121  3047 32169 I OMXCodec: [OMX.google.vorbis.decoder] 0onCmdComplete  mState =  7
03-24 15:43:24.121  3047 32169 I OMXCodec: [OMX.google.vorbis.decoder] PORT_DISABLED(1)
03-24 15:43:24.121  3047 32169 I OMXCodec: >>>UHQA initOutputFormat 16
03-24 15:43:24.121  3047 32169 I OMXCodec: [OMX.google.vorbis.decoder] allocating 4 buffers of size 32768 on output port
03-24 15:43:24.131  3047 32169 I OMXCodec: [OMX.google.vorbis.decoder] End Of Stream
03-24 15:43:24.131 32057 32170 W System.err: remove failed: ENOENT (No such file or directory) : /data/user/0/com.android.chrome/shared_prefs/com.android.chrome_preferences.xml.bak
03-24 15:43:24.131  3047  3695 I SoundExtractor: extract() reached EOS
03-24 15:43:24.131  3047  3695 I OMXCodec: [OMX.google.vorbis.decoder] stop mState=4
03-24 15:43:24.131  3047  3695 I OMXCodec: [OMX.google.vorbis.decoder] stop() sendCommand(308, OMX_CommandStateSet, OMX_StateIdle)
03-24 15:43:24.131  3047 32169 I OMXCodec: [OMX.google.vorbis.decoder] Now Idle. Component sends idle done Event 
03-24 15:43:24.131  3047  3695 I OMXCodec: [OMX.google.vorbis.decoder] stopOmxComponent_l() mstate = 1
03-24 15:43:24.131  3047  3695 I OggExtractor: OggSource::stop() mExtractor ref count = 1
03-24 15:43:24.131  3047  3695 I OggExtractor: OggSource::~OggSource() mExtractor !mStarted ref count = 1
03-24 15:43:24.131  3047  3695 I OggExtractor: ~OggSource --
03-24 15:43:24.131  3047  3695 I OggExtractor: ~OggExtractor ++
03-24 15:43:24.131  3047  3695 I OggExtractor: ~MyOggExtractor ++ 
03-24 15:43:24.131  3047  3695 I OggExtractor: ~MyOggExtractor --
03-24 15:43:24.131  3047  3695 I OggExtractor: ~OggExtractor --
03-24 15:43:24.151 32057 32171 W DynamiteModule: Local module descriptor class for com.google.android.gms.googlecertificates not found.
03-24 15:43:24.181 32057 32180 I cr_LibraryLoader:  Loading chrome from within /data/app/com.android.chrome-2/base.apk
03-24 15:43:24.191 32178 32178 I dex2oat : /system/bin/dex2oat --compiler-filter=speed --dex-file=/data/data/com.google.android.gms/app_chimera/m/00000039/DynamiteLoader.apk --oat-file=/data/dalvik-cache/arm/data@data@com.google.android.gms@app_chimera@m@00000039@DynamiteLoader.apk@classes.dex
03-24 15:43:24.191 32178 32178 E dex2oat : Failed to create oat file: /data/dalvik-cache/arm/data@data@com.google.android.gms@app_chimera@m@00000039@DynamiteLoader.apk@classes.dex: Permission denied
03-24 15:43:24.191 32178 32178 I dex2oat : dex2oat took 490.041us (threads: 8) 
03-24 15:43:24.191 32057 32171 W art     : Failed execv(/system/bin/dex2oat --runtime-arg -classpath --runtime-arg  --instruction-set=arm --instruction-set-features=smp,div,atomic_ldrd_strd --runtime-arg -Xrelocate --boot-image=/system/framework/boot.art --runtime-arg -Xms64m --runtime-arg -Xmx512m --compiler-filter=speed --instruction-set-variant=cortex-a15 --instruction-set-features=default --dex-file=/data/data/com.google.android.gms/app_chimera/m/00000039/DynamiteLoader.apk --oat-file=/data/dalvik-cache/arm/data@data@com.google.android.gms@app_chimera@m@00000039@DynamiteLoader.apk@classes.dex) because non-0 exit status
03-24 15:43:24.201 32057 32171 I DynamiteModule: Considering local module com.google.android.gms.googlecertificates:0 and remote module com.google.android.gms.googlecertificates:4
03-24 15:43:24.201 32057 32171 I DynamiteModule: Selected remote version of com.google.android.gms.googlecertificates, version >= 4
03-24 15:43:24.201 32057 32171 W ResourcesManager: getTopLevelResources: /data/app/com.google.android.gms-1/base.apk / 1.0 running in com.android.chrome rsrc of package com.google.android.gms
03-24 15:43:24.211 32057 32171 D ResourcesManager: For user 0 new overlays fetched Null
03-24 15:43:24.241 32057 32180 I cr_LibraryLoader: Time to load native libraries: 72 ms (timestamps 5101-5173)
03-24 15:43:24.241 32057 32180 I chromium: [INFO:library_loader_hooks.cc(42)] Chromium logging enabled: level = 0, default verbosity = 0
03-24 15:43:24.241 32057 32180 I cr_LibraryLoader: Expected native library version number "72.0.3626.105", actual native library version number "72.0.3626.105"
03-24 15:43:24.251 32057 32057 D ClipboardExManager: no knox
03-24 15:43:24.251 32057 32057 D TextView: setTypeface with style : 0
03-24 15:43:24.261 32183 32183 I dex2oat : /system/bin/dex2oat --compiler-filter=speed --dex-file=/data/data/com.google.android.gms/app_chimera/m/0000003c/GoogleCertificates.apk --oat-file=/data/dalvik-cache/arm/data@data@com.google.android.gms@app_chimera@m@0000003c@GoogleCertificates.apk@classes.dex
03-24 15:43:24.261 32183 32183 E dex2oat : Failed to create oat file: /data/dalvik-cache/arm/data@data@com.google.android.gms@app_chimera@m@0000003c@GoogleCertificates.apk@classes.dex: Permission denied
03-24 15:43:24.261 32183 32183 I dex2oat : dex2oat took 372.042us (threads: 8) 
03-24 15:43:24.261 32057 32171 W art     : Failed execv(/system/bin/dex2oat --runtime-arg -classpath --runtime-arg  --instruction-set=arm --instruction-set-features=smp,div,atomic_ldrd_strd --runtime-arg -Xrelocate --boot-image=/system/framework/boot.art --runtime-arg -Xms64m --runtime-arg -Xmx512m --compiler-filter=speed --instruction-set-variant=cortex-a15 --instruction-set-features=default --dex-file=/data/data/com.google.android.gms/app_chimera/m/0000003c/GoogleCertificates.apk --oat-file=/data/dalvik-cache/arm/data@data@com.google.android.gms@app_chimera@m@0000003c@GoogleCertificates.apk@classes.dex) because non-0 exit status
03-24 15:43:24.271 32057 32187 I cr_ui   : Using UI locale en, system locale: en (Android name: en)
03-24 15:43:24.271 32057 32187 I cr_ui   : Missing asset file: locales#lang_en/en-US.pak
03-24 15:43:24.281 32057 32187 I cr_ui   : Found asset file: locales/en-GB.pak
03-24 15:43:24.281 32057 32187 I cr_ui   : Using app bundle locale directory: locales
03-24 15:43:24.281 32057 32187 I cr_ui   : UI Language: en requires .pak files: [en-GB, en-US]
03-24 15:43:24.281 32057 32171 W System  : ClassLoader referenced unknown path: /data/data/com.google.android.gms/app_chimera/m/0000003c/n/armeabi-v7a
03-24 15:43:24.281 32057 32171 W System  : ClassLoader referenced unknown path: /data/data/com.google.android.gms/app_chimera/m/0000003c/n/armeabi
03-24 15:43:24.281 32057 32171 W ResourcesManager: getTopLevelResources: /data/data/com.google.android.gms/app_chimera/m/0000003c/GoogleCertificates.apk / 1.0 running in com.android.chrome rsrc of package com.google.android.gms
03-24 15:43:24.281 32057 32171 D ResourcesManager: For user 0 new overlays fetched Null
03-24 15:43:24.281 32057 32187 I cr_FileUtils: Writing to /data/user/0/com.android.chrome/app_chrome/paks/en-GB.pak@159cff45
03-24 15:43:24.281 32057 32187 I cr_FileUtils: Writing to /data/user/0/com.android.chrome/app_chrome/paks/en-US.pak@159cff45
03-24 15:43:24.281 32057 32171 W ResourcesManager: getTopLevelResources: /data/data/com.google.android.gms/app_chimera/m/0000003c/GoogleCertificates.apk / 1.0 running in com.android.chrome rsrc of package com.google.android.gms
03-24 15:43:24.281 32057 32057 D Activity: performCreate Call Injection manager
03-24 15:43:24.281 32057 32057 I InjectionManager: dispatchOnViewCreated > Target : org.chromium.chrome.browser.ChromeTabbedActivity isFragment :false
03-24 15:43:24.291 32057 32057 D SecWifiDisplayUtil: Metadata value : SecSettings2
03-24 15:43:24.301 32057 32057 D ViewRootImpl: #1 mView = com.android.internal.policy.MultiPhoneWindow$MultiPhoneDecorView{e7ff8af I.E...... R.....ID 0,0-0,0}
03-24 15:43:24.301 32057 32189 D OpenGLRenderer: Use EGL_SWAP_BEHAVIOR_PRESERVED: true
03-24 15:43:24.301  3670  4952 D ISSUE_DEBUG: InputChannelName : 6d2df63 com.android.chrome/com.google.android.apps.chrome.Main
03-24 15:43:24.311 32057 32191 W cr_ChildProcLH: Create a new ChildConnectionAllocator with package name = com.android.chrome, sandboxed = true
03-24 15:43:24.321  3670  3697 I PersonaManager: mKnoxInfo is empty
03-24 15:43:24.321 32192 32192 E Zygote  : v2
03-24 15:43:24.321 32192 32192 I libpersona: KNOX_SDCARD checking this for 99271
03-24 15:43:24.321 32192 32192 I libpersona: KNOX_SDCARD not a persona
03-24 15:43:24.321 32192 32192 W SELinux : Function: selinux_compare_spd_ram, index[1], priority [2], priority version is VE=SEPF_SECMOBILE_6.0.1_0003
03-24 15:43:24.321 32192 32192 E Zygote  : accessInfo : 0
03-24 15:43:24.321 32192 32192 W SELinux : SELinux: seapp_context_lookup: seinfo=chrome, level=s0:c512,c768, pkgname=com.android.chrome:sandboxed_process0 
03-24 15:43:24.331  3670  3697 I ActivityManager: Start proc 32192:com.android.chrome:sandboxed_process0/u0i271 for service com.android.chrome/org.chromium.content.app.SandboxedProcessService0
03-24 15:43:24.331 32057 32057 D MultiPhoneWindow: performUpdateVisibility, same visibility false
03-24 15:43:24.331  3670  4952 I PersonaManager: mKnoxInfo is empty
03-24 15:43:24.341  3025  3025 I SurfaceFlinger: id=853 createSurf (1x1),1 flag=4, Nain
03-24 15:43:24.351  3670  3798 D StatusBarManagerService: manageDisableList userId=0 what=0x0 pkg=Window{6d2df63 u0 d0 com.android.chrome/com.google.android.apps.chrome.Main}
03-24 15:43:24.351  4103  4103 D PhoneStatusBar: setSystemUiVisibility vis=a600 mask=ffffffff oldVal=8600 newVal=a600 diff=2000
03-24 15:43:24.361  3670  4947 D InputDispatcher: Focus entered window: 32057
03-24 15:43:24.361  3670  3884 D PointerIcon: setMouseIconStyle1 pointerType: 1001 iconType:101 flag:0 pid:3670 uid:1000
03-24 15:43:24.361  3670  3884 D PointerIcon: setMouseCustomIcon IconType is same.101
03-24 15:43:24.371 32192 32192 W ResourcesManager: getTopLevelResources: /data/app/com.android.chrome-2/base.apk / 1.0 running in com.android.chrome rsrc of package com.android.chrome
03-24 15:43:24.371 32192 32192 D ResourcesManager: For user 0 new overlays fetched Null
03-24 15:43:24.371 32192 32192 I InjectionManager: Inside getClassLibPath caller 
03-24 15:43:24.381 32192 32192 D InjectionManager: InjectionManager
03-24 15:43:24.381 32192 32192 I InjectionManager: featureStore :{}
03-24 15:43:24.381 32192 32192 I cr_ChildProcessService: Creating new ChildProcessService pid=32192
03-24 15:43:24.401 32057 32189 D libEGL  : loaded /vendor/lib/egl/libGLES_mali.so
03-24 15:43:24.421 32057 32189 D libEGL  : eglInitialize EGLDisplay = 0xdef6d7c4
03-24 15:43:24.421 32057 32189 I OpenGLRenderer: Initialized EGL, version 1.4
03-24 15:43:24.421 32057 32189 D         : ro.exynos.dss isEnabled: 0
03-24 15:43:24.421 32057 32189 D mali_winsys: new_window_surface returns 0x3000,  [1440x2560]-format:1
03-24 15:43:24.431  3670  4407 V WindowStateAnimator: Finishing drawing window Window{f0a7d8d u0 d0 SurfaceView}: mDrawState=NO_SURFACE
03-24 15:43:24.441 32057 32189 D libGLESv1: DTS_GLAPI : DTS is not allowed for Package : com.android.chrome
03-24 15:43:24.491  3025  3025 D libEGL  : eglInitialize EGLDisplay = 0x7ff3f31d28
03-24 15:43:24.491  3670  3697 V WindowStateAnimator: Finishing drawing window Window{6d2df63 u0 d0 com.android.chrome/com.google.android.apps.chrome.Main}: mDrawState=DRAW_PENDING
03-24 15:43:24.501  3670  3884 I ActivityManager: Displayed com.android.chrome/com.google.android.apps.chrome.Main: +493ms
03-24 15:43:24.501  3670  3884 D ViewRootImpl: #3 mView = null
03-24 15:43:24.501 32057 32057 D ViewRootImpl: MSG_RESIZED_REPORT: ci=Rect(0, 96 - 0, 0) vi=Rect(0, 96 - 0, 0) or=1
03-24 15:43:24.501  3670  4421 D InputMethodManagerService: windowGainedFocus mCurrentFocusedUserId - 0 and mSecureKeypadEnabled-false
03-24 15:43:24.501  3670  4421 W InputMethodManagerService: Got RemoteException sending setActive(false) notification to pid 31364 uid 10117
03-24 15:43:24.501  7402  7402 D SamsungIME: IMPL finishInput
03-24 15:43:24.501  7402  7402 D SamsungIME: SwiftKeyWrapper writeDBdataToFileOnFinishInput
03-24 15:43:24.501  7402  7402 D SamsungIME: saveAndClear +
03-24 15:43:24.501  7402  7402 D SamsungIME: saveAndClear -
03-24 15:43:24.501  7402  7402 D SamsungIME: onStartInput: No inputType, No imeOption, isInputViewShown = false, isExtractViewShown = false, isShowInputRequested = false, isConfigChanged = false
03-24 15:43:24.511  3670  4452 V WindowStateAnimator: Finishing drawing window Window{6d2df63 u0 d0 com.android.chrome/com.google.android.apps.chrome.Main}: mDrawState=HAS_DRAWN
03-24 15:43:24.511 32057 32057 I cr_BrowserStartup: Initializing chromium process, singleProcess=false
03-24 15:43:24.521  3025  3025 D libEGL  : eglInitialize EGLDisplay = 0x7ff3f31d28
03-24 15:43:24.531  3670  3884 D CustomFrequencyManagerService: releaseDVFSLockLocked : Getting Lock type frm List : DVFS_MIN_LIMIT  frequency : 1800000  uid : 1000  pid : 3670  tag : ACTIVITY_RESUME_BOOSTER@3
03-24 15:43:24.531  3670  3884 I Timeline: Timeline: Activity_windows_visible id: ActivityRecord{817afe7 u0 com.android.chrome/com.google.android.apps.chrome.Main t215} time:73415463
03-24 15:43:24.531  3670  3884 D ActivityManager: mDVFSHelper.release()
03-24 15:43:24.531  3670  3796 D CustomFrequencyManagerService: acquireDVFSLockLocked : type : DVFS_MIN_LIMIT  frequency : 1800000  uid : 1000  pid : 3670  pkgName : ACTIVITY_RESUME_BOOSTER@9
03-24 15:43:24.541  3670  4524 D ActivityManager: The following uid has registered to recieve broadcast for proxy related updates 10088
03-24 15:43:24.541  3670  4524 W ContextImpl: Calling a method in the system process without a qualified user: android.app.ContextImpl.sendBroadcast:845 com.android.server.am.ActivityManagerService.requestKnoxVpnToSendProxyBroadcast:29793 com.android.server.am.ActivityManagerService.registerReceiver:22658 android.app.ActivityManagerNative.onTransact:431 com.android.server.am.ActivityManagerService.onTransact:3999 
03-24 15:43:24.541  3025  3025 D libEGL  : eglInitialize EGLDisplay = 0x7ff3f31d28
03-24 15:43:24.551  3670  3698 I PersonaManager: mKnoxInfo is empty
03-24 15:43:24.561 32245 32245 E Zygote  : v2
03-24 15:43:24.561 32245 32245 I libpersona: KNOX_SDCARD checking this for 10088
03-24 15:43:24.561 32245 32245 I libpersona: KNOX_SDCARD not a persona
03-24 15:43:24.561 32245 32245 W SELinux : Function: selinux_compare_spd_ram, index[1], priority [2], priority version is VE=SEPF_SECMOBILE_6.0.1_0003
03-24 15:43:24.561 32245 32245 E Zygote  : accessInfo : 0
03-24 15:43:24.561 32245 32245 W SELinux : SELinux: seapp_context_lookup: seinfo=chrome, level=s0:c512,c768, pkgname=com.android.chrome:privileged_process0 
03-24 15:43:24.571  3670  3698 I ActivityManager: Start proc 32245:com.android.chrome:privileged_process0/u0a88 for service com.android.chrome/org.chromium.content.app.PrivilegedProcessService0
03-24 15:43:24.571  3670  4524 D ActivityManager: The following uid has registered to recieve broadcast for proxy related updates 10088
03-24 15:43:24.571  3670  4524 W ContextImpl: Calling a method in the system process without a qualified user: android.app.ContextImpl.sendBroadcast:845 com.android.server.am.ActivityManagerService.requestKnoxVpnToSendProxyBroadcast:29793 com.android.server.am.ActivityManagerService.registerReceiver:22658 android.app.ActivityManagerNative.onTransact:431 com.android.server.am.ActivityManagerService.onTransact:3999 
03-24 15:43:24.571  3670  4947 I PersonaManager: mKnoxInfo is empty
03-24 15:43:24.591 32057 32057 D ConnectivityManager: requestNetwork; getAppId(CallingUid) : 10088, CallingPid : 32057
03-24 15:43:24.591  3670  4552 D ConnectivityService: listenForNetwork for Listen from uid/pid:10088/32057 for NetworkRequest [ id=394, legacyType=-1, [ Capabilities: INTERNET&NOT_RESTRICTED&TRUSTED] ]
03-24 15:43:24.591  3670  4029 D ConnectivityService: rematching NetworkAgentInfo [WIFI () - 510]
03-24 15:43:24.591  3670  4029 D ConnectivityService:  network has: NetworkAgentInfo{ ni{[type: WIFI[] - WIFI, state: CONNECTED/CONNECTED, reason: (unspecified), extra: "DataStructures", roaming: false, failover: false, isAvailable: true]}  network{510}  lp{{InterfaceName: wlan0 LinkAddresses: [fe80::ee9b:f3ff:fe73:43e9/64,192.168.0.174/24,]  Routes: [fe80::/64 -> :: wlan0,192.168.0.0/24 -> 0.0.0.0 wlan0,0.0.0.0/0 -> 192.168.0.1 wlan0,] DnsAddresses: [192.168.0.1,] Domains:  MTU: 0 TcpBufferSizes: 524288,1048576,4525824,524288,1048576,4525824}}  nc{[ Transports: WIFI Capabilities: INTERNET&NOT_RESTRICTED&TRUSTED&NOT_VPN&VALIDATED LinkUpBandwidth>=1048576Kbps LinkDnBandwidth>=1048576Kbps SignalStrength: -37]}  Score{60}  everValidated{true}  lastValidated{true}  created{true} lingering{false} explicitlySelected{false} acceptUnvalidated{false} everCaptivePortalDetected{false} lastCaptivePortalDetected{false} }
03-24 15:43:24.591  3670  4029 D ConnectivityService:   checking if request is: NetworkRequest [ id=5, legacyType=-1, [ Transports: WIFI Capabilities: INTERNET&NOT_RESTRICTED&TRUSTED&NOT_VPN] ] satisfies: true nri.isRequest: false
03-24 15:43:24.591  3670  4029 D ConnectivityService: Network NetworkAgentInfo [WIFI () - 510] was already satisfying request 1. No change.
03-24 15:43:24.591  3670  4029 D ConnectivityService:   checking if request is: NetworkRequest [ id=3, legacyType=-1, [] ] satisfies: true nri.isRequest: false
03-24 15:43:24.591  3670  4029 D ConnectivityService:   checking if request is: NetworkRequest [ id=394, legacyType=-1, [ Capabilities: INTERNET&NOT_RESTRICTED&TRUSTED] ] satisfies: true nri.isRequest: false
03-24 15:43:24.591  3670  4029 D ConnectivityService:   checking if request is: NetworkRequest [ id=4, legacyType=-1, [ Transports: CELLULAR Capabilities: INTERNET&NOT_RESTRICTED&TRUSTED&NOT_VPN] ] satisfies: false nri.isRequest: false
03-24 15:43:24.591  3670  4029 D ConnectivityService: sending notification AVAILABLE for NetworkRequest [ id=394, legacyType=-1, [ Capabilities: INTERNET&NOT_RESTRICTED&TRUSTED] ]
03-24 15:43:24.601 32245 32245 W ResourcesManager: getTopLevelResources: /data/app/com.android.chrome-2/base.apk / 1.0 running in com.android.chrome rsrc of package com.android.chrome
03-24 15:43:24.601  3670  4421 I InjectionManagerService -AppFeature: getCoreFeaturePkgList :[]
03-24 15:43:24.601 32245 32245 I InjectionManager: Inside getClassLibPath + mLibMap{0=, 1=}
03-24 15:43:24.601 32245 32245 D ResourcesManager: For user 0 new overlays fetched Null
03-24 15:43:24.611 32245 32245 I InjectionManager: Inside getClassLibPath caller 
03-24 15:43:24.611  3670  3796 V BroadcastQueue: [background] Process cur broadcast BroadcastRecord{3e625c0 u0 com.google.android.gms.gcm.ACTION_SCHEDULE qIdx=4}, state= (APP_RECEIVE) DELIVERED for app ProcessRecord{68a6177 7275:com.google.android.gms.persistent/u0a15}
03-24 15:43:24.621 32245 32245 D InjectionManager: InjectionManager
03-24 15:43:24.621 32245 32245 D InjectionManager: fillFeatureStoreMap com.android.chrome
03-24 15:43:24.621 32245 32245 I InjectionManager: Constructor com.android.chrome, Feature store :{}
03-24 15:43:24.621 32245 32245 I InjectionManager: featureStore :{}
03-24 15:43:24.621  3670  3796 V BroadcastQueue: [background] Process cur broadcast BroadcastRecord{afec2f9 u0 com.google.android.gms.gcm.ACTION_SCHEDULE qIdx=4}, state= (APP_RECEIVE) DELIVERED for app ProcessRecord{68a6177 7275:com.google.android.gms.persistent/u0a15}
03-24 15:43:24.621 32245 32245 I cr_ChildProcessService: Creating new ChildProcessService pid=32245
03-24 15:43:24.641  3670  3796 V BroadcastQueue: [background] Process cur broadcast BroadcastRecord{377123e u0 com.google.android.gms.gcm.ACTION_SCHEDULE qIdx=4}, state= (APP_RECEIVE) DELIVERED for app ProcessRecord{68a6177 7275:com.google.android.gms.persistent/u0a15}
03-24 15:43:24.641  3670  4550 V AlarmManager:  remove PendingIntent] PendingIntent{b35d89f: PendingIntentRecord{e30a718 com.google.android.gms broadcastIntent}}
03-24 15:43:24.641 32057 32057 D ConnectivityManager: requestNetwork; getAppId(CallingUid) : 10088, CallingPid : 32057
