03-24 15:43:58.281  3670  4068 W System.err: remove failed: ENOENT (No such file or directory) : /data/system/recent_tasks/216_task.xml.bak
03-24 15:43:58.351 32738   326 I System.out: (HTTPLog)-Static: isSBSettingEnabled false
03-24 15:43:58.351 32738   326 I System.out: (HTTPLog)-Static: isSBSettingEnabled false
03-24 15:43:58.591  3670  6805 D GameManagerService: identifyGamePackage. com.yandex.browser
03-24 15:43:58.761 32738   326 I System.out: (HTTPLog)-Static: isSBSettingEnabled false
03-24 15:43:58.761 32738   326 I System.out: (HTTPLog)-Static: isSBSettingEnabled false
03-24 15:43:59.771 32704   438 W cr_ChildProcLH: Create a new ChildConnectionAllocator with package name = com.yandex.browser, sandboxed = true
03-24 15:43:59.781  3670  4947 I PersonaManager: mKnoxInfo is empty
03-24 15:43:59.791   626   626 E Zygote  : v2
03-24 15:43:59.791   626   626 I libpersona: KNOX_SDCARD checking this for 99273
03-24 15:43:59.791   626   626 I libpersona: KNOX_SDCARD not a persona
03-24 15:43:59.791  3670  4947 I ActivityManager: Start proc 626:com.yandex.browser:sandboxed_process9/u0i273 for service com.yandex.browser/org.chromium.content.app.SandboxedProcessService9
03-24 15:43:59.791   626   626 W SELinux : Function: selinux_compare_spd_ram, index[1], priority [2], priority version is VE=SEPF_SECMOBILE_6.0.1_0003
03-24 15:43:59.801  3670  4409 I PersonaManager: mKnoxInfo is empty
03-24 15:43:59.801   626   626 E Zygote  : accessInfo : 0
03-24 15:43:59.801   626   626 W SELinux : SELinux: seapp_context_lookup: seinfo=default, level=s0:c512,c768, pkgname=com.yandex.browser:sandboxed_process9 
03-24 15:43:59.881   626   626 W ResourcesManager: getTopLevelResources: /data/app/com.yandex.browser-1/base.apk / 1.0 running in com.yandex.browser rsrc of package com.yandex.browser
03-24 15:43:59.901   626   626 D ResourcesManager: For user 0 new overlays fetched Null
03-24 15:43:59.901   626   626 I InjectionManager: Inside getClassLibPath caller 
03-24 15:43:59.931   626   626 I MultiDex: Installing application
03-24 15:43:59.941   626   626 I MultiDex: VM with version 2.1.0 has multidex support
03-24 15:43:59.941   626   626 I MultiDex: VM has multidex support, MultiDex support library is disabled.
03-24 15:43:59.941   626   626 I cr_base_multidex: Completed multidex installation.
03-24 15:43:59.941   626   641 E cr_PathUtils: Failed to set permissions for path "/data/user/0/com.yandex.browser/app_chromium"
03-24 15:43:59.951   626   626 D InjectionManager: InjectionManager
03-24 15:43:59.951   626   626 I InjectionManager: featureStore :{}
03-24 15:43:59.961   626   626 I cr_ChildProcessService: Creating new ChildProcessService pid=626
03-24 15:43:59.991  3670  3980 V AlarmManager: Expired Alarm result :8
03-24 15:43:59.991   626   642 I cr_LibraryLoader:  Loading yandexbrowser from within /data/app/com.yandex.browser-1/base.apk
03-24 15:44:00.001  4103  4103 D KeyguardUpdateMonitor: received broadcast android.intent.action.TIME_TICK
03-24 15:44:00.001  4103  4103 D KeyguardUpdateMonitor: handleTimeUpdate
03-24 15:44:00.001  4103  4103 D Clock   : received broadcast android.intent.action.TIME_TICK
03-24 15:44:00.041  4103  4103 D DateView: received broadcast android.intent.action.TIME_TICK
03-24 15:44:00.051   626   642 I cr_LibraryLoader: Time to load native libraries: 52 ms (timestamps 928-980)
03-24 15:44:00.051   626   642 I chromium: [INFO:library_loader_hooks.cc(36)] Chromium logging enabled: level = 0, default verbosity = 0
03-24 15:44:00.051   626   642 I cr_LibraryLoader: Expected native library version number "18.11.1.979", actual native library version number "18.11.1.979"
03-24 15:44:00.051   626   642 W ResourcesManager: getTopLevelResources: /data/app/com.yandex.browser-1/base.apk / 1.0 running in com.yandex.browser rsrc of package com.yandex.browser
03-24 15:44:00.071   626   642 I chromium: [INFO:child_process_service.cc(73)] ChildProcessService: Exiting child process.
03-24 15:44:00.071 25088 25088 D [WeatherWidget(1236)]  WeatherService: {[EC3334F14841398C8B464A72D0E61AB7C564889C89112557F2146D56794659083956C77974A4825103AB5C5D4AC85EDAA24236388AC138058106446B92A35777]}
03-24 15:44:00.071 25088 25088 D [WeatherWidget(1236)]  : {[3AE6950019B083611567B0F9442DB03EEFA9050249635C043F7E254E316C2550]}
03-24 15:44:00.081 25088 25088 D [WeatherWidget(1236)]  : {[3AE6950019B083611567B0F9442DB03E5DDA24A68DD8F41CDE99F0ED3FBCA79D6E3672D13C47BC5ED8EFB051B507BC35D16D05BE0B1FFC48F1CBC65A73129A0D]}
03-24 15:44:00.091 25088 25088 D [WeatherWidget(1236)]  : {[A1AF0F6A1A65A89C43D705938923D0FEFB71880C4E84718DA0A3E1F383E54FB24509E0FBB917D66D2978C513F7383D4A3053B01023BD027BD5C6B984AE327ACDF73722D68B1F80266469F24891921060F6012335F813CE3C0359344A51D4CD9D96750407689B32392378DF20D5323939]}
03-24 15:44:00.091 32704   438 W cr_ChildProcessConn: onServiceDisconnected (crash or killed by oom): pid=626
03-24 15:44:00.091 25088 25088 D [WeatherWidget(1236)]  : {[15C09394A4E9AFE55A5C62F22AB3FC5902EB2A2150B6646A86F2B3102D669614]}
03-24 15:44:00.091  3670  4409 I ActivityManager: Process com.yandex.browser:sandboxed_process9 (pid 626)(adj 1) has died(52,1004)
03-24 15:44:00.091  3670  4409 D ActivityManager: cleanUpApplicationRecord -- 626
03-24 15:44:00.091  3670  4409 D ActivityManager: isAutoRunBlockedApp:: com.yandex.browser, Auto Run ON
03-24 15:44:00.091  3670  4409 W ActivityManager: Scheduling restart of crashed service com.yandex.browser/org.chromium.content.app.SandboxedProcessService9 in 1000ms
03-24 15:44:01.161 32704 32704 W System.err: remove failed: ENOENT (No such file or directory) : /data/user/0/com.yandex.browser/files/roboto_bold.ttf.bak
03-24 15:44:01.171 32704 32704 D Minikin : FontFamily bestFont == NULL, so return vacant FakedFont
03-24 15:44:01.171 32704 32704 D Minikin : FontFamily bestFont == NULL, so return vacant FakedFont
03-24 15:44:01.171 32704 32704 D Minikin : FontFamily bestFont == NULL, so return vacant FakedFont
03-24 15:44:01.211 32704 32704 D TextView: setTypeface with style : 0
03-24 15:44:01.221 32704   662 D Minikin : FontFamily bestFont == NULL, so return vacant FakedFont
03-24 15:44:01.221 32704   662 D Minikin : FontFamily bestFont == NULL, so return vacant FakedFont
03-24 15:44:01.221 32704   662 D Minikin : FontFamily bestFont == NULL, so return vacant FakedFont
03-24 15:44:01.251 32704 32704 W System.err: remove failed: ENOENT (No such file or directory) : /data/user/0/com.yandex.browser/files/roboto_black.ttf.bak
03-24 15:44:01.251 32704 32704 D Minikin : FontFamily bestFont == NULL, so return vacant FakedFont
03-24 15:44:01.251 32704 32704 D Minikin : FontFamily bestFont == NULL, so return vacant FakedFont
03-24 15:44:01.251 32704 32704 D Minikin : FontFamily bestFont == NULL, so return vacant FakedFont
03-24 15:44:01.281  3025  3025 I SurfaceFlinger: id=857 createSurf (1440x2464),4 flag=404, TurfaceView
03-24 15:44:01.291  3670  4454 V WindowStateAnimator: Finishing drawing window Window{4a697e9 u0 d0 SurfaceView}: mDrawState=DRAW_PENDING
03-24 15:44:01.301  3670  3697 V WindowStateAnimator: Finishing drawing window Window{4a697e9 u0 d0 SurfaceView}: mDrawState=HAS_DRAWN
03-24 15:44:01.311   441   478 D mali_winsys: new_window_surface returns 0x3000,  [1440x2464]-format:1
03-24 15:44:01.311   441   478 D         : ro.exynos.dss isEnabled: 0
03-24 15:44:01.321  3025  3025 D libEGL  : eglInitialize EGLDisplay = 0x7ff3f31d28
03-24 15:44:01.331   441   478 D libGLESv2: DTS_GLAPI : DTS is not allowed for Package : com.yandex.browser:privileged_process2
03-24 15:44:01.341 32704 32704 D TextView: setTypeface with style : 0
03-24 15:44:01.371  3025  3025 D libEGL  : eglInitialize EGLDisplay = 0x7ff3f31d28
03-24 15:44:01.391  3025  3025 D libEGL  : eglInitialize EGLDisplay = 0x7ff3f31d28
03-24 15:44:01.631  3670  6805 D O       : limitGPUFreq:: freq = 600
03-24 15:44:01.651 32704   545 D skia    : --- SkImageDecoder::Factory returned null
03-24 15:44:01.661 32704   545 D skia    : --- SkImageDecoder::Factory returned null
03-24 15:44:01.661 32704   545 D skia    : --- SkImageDecoder::Factory returned null
03-24 15:44:01.661  3670  4409 D ApplicationPolicy: isStatusBarNotificationAllowedAsUser: packageName = com.yandex.browser,userId = 0
03-24 15:44:01.661  3670  4409 I PersonaManager: mKnoxInfo is empty
03-24 15:44:01.661  3670  3670 V NotificationService: notifications are disabled by AppOps for com.yandex.browser
03-24 15:44:01.661  3670  3670 E NotificationService: Suppressing notification from package com.yandex.browser by user request.
03-24 15:44:01.671 32704   545 D skia    : --- SkImageDecoder::Factory returned null
03-24 15:44:01.671 32704   545 D skia    : --- SkImageDecoder::Factory returned null
03-24 15:44:01.681  3670  6805 D ConnectivityService: returning getNetworkInfo for network type 1 : [type: WIFI[] - WIFI, state: CONNECTED/CONNECTED, reason: (unspecified), extra: "DataStructures", roaming: false, failover: false, isAvailable: true]
03-24 15:44:01.791 32704 32704 D ConnectivityManager: requestNetwork; getAppId(CallingUid) : 10175, CallingPid : 32704
03-24 15:44:01.791  3670  4409 D ConnectivityService: listenForNetwork for Listen from uid/pid:10175/32704 for NetworkRequest [ id=399, legacyType=-1, [ Capabilities: INTERNET&NOT_RESTRICTED&TRUSTED] ]
03-24 15:44:01.791  3670  4029 D ConnectivityService: rematching NetworkAgentInfo [WIFI () - 510]
03-24 15:44:01.801  3670  4029 D ConnectivityService:  network has: NetworkAgentInfo{ ni{[type: WIFI[] - WIFI, state: CONNECTED/CONNECTED, reason: (unspecified), extra: "DataStructures", roaming: false, failover: false, isAvailable: true]}  network{510}  lp{{InterfaceName: wlan0 LinkAddresses: [fe80::ee9b:f3ff:fe73:43e9/64,192.168.0.174/24,]  Routes: [fe80::/64 -> :: wlan0,192.168.0.0/24 -> 0.0.0.0 wlan0,0.0.0.0/0 -> 192.168.0.1 wlan0,] DnsAddresses: [192.168.0.1,] Domains:  MTU: 0 TcpBufferSizes: 524288,1048576,4525824,524288,1048576,4525824}}  nc{[ Transports: WIFI Capabilities: INTERNET&NOT_RESTRICTED&TRUSTED&NOT_VPN&VALIDATED LinkUpBandwidth>=1048576Kbps LinkDnBandwidth>=1048576Kbps SignalStrength: -37]}  Score{60}  everValidated{true}  lastValidated{true}  created{true} lingering{false} explicitlySelected{false} acceptUnvalidated{false} everCaptivePortalDetected{false} lastCaptivePortalDetected{false} }
03-24 15:44:01.801  3670  4029 D ConnectivityService:   checking if request is: NetworkRequest [ id=5, legacyType=-1, [ Transports: WIFI Capabilities: INTERNET&NOT_RESTRICTED&TRUSTED&NOT_VPN] ] satisfies: true nri.isRequest: false
03-24 15:44:01.801  3670  4029 D ConnectivityService: Network NetworkAgentInfo [WIFI () - 510] was already satisfying request 1. No change.
03-24 15:44:01.801  3670  4029 D ConnectivityService:   checking if request is: NetworkRequest [ id=398, legacyType=-1, [ Capabilities: INTERNET&NOT_RESTRICTED&TRUSTED] ] satisfies: true nri.isRequest: false
03-24 15:44:01.801  3670  4029 D ConnectivityService:   checking if request is: NetworkRequest [ id=3, legacyType=-1, [] ] satisfies: true nri.isRequest: false
03-24 15:44:01.801  3670  4029 D ConnectivityService:   checking if request is: NetworkRequest [ id=4, legacyType=-1, [ Transports: CELLULAR Capabilities: INTERNET&NOT_RESTRICTED&TRUSTED&NOT_VPN] ] satisfies: false nri.isRequest: false
03-24 15:44:01.801  3670  4029 D ConnectivityService:   checking if request is: NetworkRequest [ id=399, legacyType=-1, [ Capabilities: INTERNET&NOT_RESTRICTED&TRUSTED] ] satisfies: true nri.isRequest: false
03-24 15:44:01.801  3670  4029 D ConnectivityService: sending notification AVAILABLE for NetworkRequest [ id=399, legacyType=-1, [ Capabilities: INTERNET&NOT_RESTRICTED&TRUSTED] ]
03-24 15:44:02.311  3670  4452 D PackageManager: setEnabledSetting : userId = 0 packageName = com.yandex.browser cmp = com.yandex.alice.shortcut.activities.AliceShortcutActivity newState = 1 callingPackage = 10175
03-24 15:44:02.331  3670  4947 I PersonaManager: mKnoxInfo is empty
03-24 15:44:02.341  3670  4454 I PersonaManager: mKnoxInfo is empty
03-24 15:44:02.401 32738   326 I System.out: (HTTPLog)-Static: isSBSettingEnabled false
03-24 15:44:02.401 32738   326 I System.out: (HTTPLog)-Static: isSBSettingEnabled false
03-24 15:44:02.481 32738   547 I System.out: (HTTPLog)-Static: isSBSettingEnabled false
03-24 15:44:02.481 32738   547 I System.out: (HTTPLog)-Static: isSBSettingEnabled false
03-24 15:44:03.301 32704 32723 W System.err: remove failed: ENOENT (No such file or directory) : /data/user/0/com.yandex.browser/shared_prefs/ya_traffic_usage_stat.xml.bak
03-24 15:44:03.461  3670  4946 D BatteryService: !@BatteryListener : batteryPropertiesChanged!
03-24 15:44:03.461  3670  4946 D BatteryService: level:94, scale:100, status:2, health:2, present:true, voltage: 4244, temperature: 327, technology: Li-ion, AC powered:false, USB powered:true, POGO powered:false, Wireless powered:false, icon:17303414, invalid charger:0, maxChargingCurrent:0
03-24 15:44:03.461  3670  4946 D BatteryService: online:4, current avg:-105, charge type:1, power sharing:false, high voltage charger:false, capacity:280000, batterySWSelfDischarging:false, current_now:148
03-24 15:44:03.461  3670  3670 D BatteryService: Sending ACTION_BATTERY_CHANGED.
03-24 15:44:03.461  3670  3670 I MotionRecognitionService: Plugged
03-24 15:44:03.461  3670  3670 E MotionRecognitionService: support TA ~
03-24 15:44:03.461  3670  3670 I MotionRecognitionService: isTAConnected | current backoffstate  = 33792
03-24 15:44:03.461  3670  3670 D MotionRecognitionService:  TA connected ,  33792
03-24 15:44:03.461  3670  3670 I MotionRecognitionService: skip setTransmitPower. 
03-24 15:44:03.461  3670  3670 D MotionRecognitionService:   cableConnection= 1
03-24 15:44:03.461  3670  3670 D MotionRecognitionService: setPowerConnected | current backoffstate  = 33792 , state =33792
03-24 15:44:03.461  3670  3670 D MotionRecognitionService: skip setTransmitPower. 
03-24 15:44:03.481  4103  4103 D KeyguardUpdateMonitor: received broadcast android.intent.action.BATTERY_CHANGED
03-24 15:44:03.481  4103  4103 D PowerUI : priorPlugType = 2 mPlugType =  2
03-24 15:44:03.481  4103  4103 D KeyguardUpdateMonitor: handleBatteryUpdate
03-24 15:44:03.481  4103  4103 D PowerUI.Notification: showChargingNotice oldChargingType : 1 currentChargingType : 1 oldChargingTime : 962000 mChargingTime : 962000
03-24 15:44:03.481  4103  4103 D PowerUI.Notification: There is no change about charging status, so return!
03-24 15:44:03.481  4103  4103 D BatteryMeterView: ACTION_BATTERY_CHANGED : level:94 status:2 health:2
03-24 15:44:03.481  4103  4103 D BatteryMeterView: ACTION_BATTERY_CHANGED : level:94 status:2 health:2
03-24 15:44:03.491  3037  3741 D EnterpriseController: netId is 0
03-24 15:44:03.491  3037  3741 D Netd    : getNetworkForDns: using netid 510 for uid 10175
03-24 15:44:03.491  3037  3741 D EnterpriseController: netId is 0
03-24 15:44:03.491  3037  3741 D Netd    : getNetworkForDns: using netid 510 for uid 10175
03-24 15:44:03.491  3037  3741 D EnterpriseController: netId is 0
03-24 15:44:03.491  3037  3741 D Netd    : getNetworkForDns: using netid 510 for uid 10175
03-24 15:44:03.591 32704   545 D skia    : --- SkImageDecoder::Factory returned null
03-24 15:44:03.591 32704   545 D skia    : --- SkImageDecoder::Factory returned null
03-24 15:44:03.591 32704   545 D skia    : --- SkImageDecoder::Factory returned null
03-24 15:44:03.601 32704   545 D skia    : --- SkImageDecoder::Factory returned null
03-24 15:44:03.731  3670  6805 D SSRM:n  : SIOP:: AP = 460, PST = 435 (W:12), CP = 324, CUR = -105, LCD = 93
03-24 15:44:03.771  3670  6805 D ConnectivityService: returning getNetworkInfo for network type 1 : [type: WIFI[] - WIFI, state: CONNECTED/CONNECTED, reason: (unspecified), extra: "DataStructures", roaming: false, failover: false, isAvailable: true]
03-24 15:44:04.021  3670  4018 V NetworkStats: performPollLocked(flags=0x1)
03-24 15:44:04.021  3670  4018 D NtpTrustedTime: currentTimeMillis() cache hit
03-24 15:44:04.041  3670  4018 D NetworkStatsRecorder: entry.iface is null
03-24 15:44:04.041  3670  4018 D NetworkStatsRecorder: entry.iface is null
03-24 15:44:04.041  3670  4018 D NetworkStatsRecorder: entry.iface is null
03-24 15:44:04.041  3670  4018 D NetworkStatsRecorder: entry.iface is null
03-24 15:44:04.041  3670  4018 V NetworkStats: performPollLocked() took 19ms
03-24 15:44:04.041  3670  4018 D NtpTrustedTime: currentTimeMillis() cache hit
03-24 15:44:04.041  3670  4019 D NtpTrustedTime: currentTimeMillis() cache hit
03-24 15:44:04.081  3670  4019 D NtpTrustedTime: currentTimeMillis() cache hit
03-24 15:44:04.311  3670  3930 D PackageManager: [MSG] WRITE_PACKAGE_RESTRICTIONS
03-24 15:44:04.351  3670  3930 W System.err: remove failed: ENOENT (No such file or directory) : /data/system/users/0/package-restrictions.xml.bak
03-24 15:44:06.611  3670  3796 W ActivityManager: Activity stop timeout for ActivityRecord{fcdcea1 u0 com.example.myapplication/.MainActivity t170}
03-24 15:44:08.891 23981 25168 I CastDatabase: Saving the database
03-24 15:44:08.901 23981 25168 E SQLiteCastStore: Skip saving CastDeviceInfo: "Nearby device" (__cast_nearby___V_eb480708-03a7-42c3-83b0-825b98ea363b)
03-24 15:44:08.901 23981 25168 I SQLiteCastStore: [CastNetworkInfo] saved: 0, skipped: 0, [CastDeviceInfo]: saved 0, skipped 1, [Paired Guest Mode DeviceInfo] saved: 0, skipped: 0. [ProbedNetworks]: saved 0, skipped: 0, [ProbedSocketAddress]: saved 0, skipped: 0, [Network-Device pairs]: saved: 0
03-24 15:44:13.491  3670  4952 D BatteryService: !@BatteryListener : batteryPropertiesChanged!
03-24 15:44:13.491  3670  4952 D BatteryService: level:94, scale:100, status:2, health:2, present:true, voltage: 4275, temperature: 327, technology: Li-ion, AC powered:false, USB powered:true, POGO powered:false, Wireless powered:false, icon:17303414, invalid charger:0, maxChargingCurrent:0
03-24 15:44:13.491  3670  4952 D BatteryService: online:4, current avg:42, charge type:1, power sharing:false, high voltage charger:false, capacity:280000, batterySWSelfDischarging:false, current_now:236
03-24 15:44:13.491  3670  3670 D BatteryService: Sending ACTION_BATTERY_CHANGED.
03-24 15:44:13.501  3670  3670 I MotionRecognitionService: Plugged
03-24 15:44:13.501  3670  3670 E MotionRecognitionService: support TA ~
03-24 15:44:13.501  3670  3670 I MotionRecognitionService: isTAConnected | current backoffstate  = 33792
03-24 15:44:13.501  3670  3670 D MotionRecognitionService:  TA connected ,  33792
03-24 15:44:13.501  3670  3670 I MotionRecognitionService: skip setTransmitPower. 
03-24 15:44:13.501  3670  3670 D MotionRecognitionService:   cableConnection= 1
03-24 15:44:13.501  3670  3670 D MotionRecognitionService: setPowerConnected | current backoffstate  = 33792 , state =33792
03-24 15:44:13.501  3670  3670 D MotionRecognitionService: skip setTransmitPower. 
03-24 15:44:13.501  4103  4103 D KeyguardUpdateMonitor: received broadcast android.intent.action.BATTERY_CHANGED
03-24 15:44:13.501  4103  4103 D PowerUI : priorPlugType = 2 mPlugType =  2
03-24 15:44:13.501  4103  4103 D PowerUI.Notification: showChargingNotice oldChargingType : 1 currentChargingType : 1 oldChargingTime : 962000 mChargingTime : 962000
03-24 15:44:13.501  4103  4103 D PowerUI.Notification: There is no change about charging status, so return!
03-24 15:44:13.501  4103  4103 D KeyguardUpdateMonitor: handleBatteryUpdate
03-24 15:44:13.511  4103  4103 D BatteryMeterView: ACTION_BATTERY_CHANGED : level:94 status:2 health:2
03-24 15:44:13.531  4103  4103 D BatteryMeterView: ACTION_BATTERY_CHANGED : level:94 status:2 health:2
03-24 15:44:13.781  3670  6805 D SSRM:n  : SIOP:: AP = 430, PST = 428 (W:18), CP = 325, CUR = 42, LCD = 93
03-24 15:44:17.251  3670  4283 E Watchdog: !@Sync 2448 [03-24 15:44:17.261]
03-24 15:44:23.551  3670  4952 D BatteryService: !@BatteryListener : batteryPropertiesChanged!
03-24 15:44:23.561  3670  4952 D BatteryService: level:94, scale:100, status:2, health:2, present:true, voltage: 4288, temperature: 327, technology: Li-ion, AC powered:false, USB powered:true, POGO powered:false, Wireless powered:false, icon:17303414, invalid charger:0, maxChargingCurrent:0
03-24 15:44:23.561  3670  4952 D BatteryService: online:4, current avg:112, charge type:1, power sharing:false, high voltage charger:false, capacity:280000, batterySWSelfDischarging:false, current_now:193
03-24 15:44:23.561  3670  3670 D BatteryService: Sending ACTION_BATTERY_CHANGED.
03-24 15:44:23.561  3670  3670 I MotionRecognitionService: Plugged
03-24 15:44:23.561  3670  3670 E MotionRecognitionService: support TA ~
03-24 15:44:23.561  3670  3670 I MotionRecognitionService: isTAConnected | current backoffstate  = 33792
03-24 15:44:23.561  3670  3670 D MotionRecognitionService:  TA connected ,  33792
03-24 15:44:23.561  3670  3670 I MotionRecognitionService: skip setTransmitPower. 
03-24 15:44:23.561  3670  3670 D MotionRecognitionService:   cableConnection= 1
03-24 15:44:23.561  3670  3670 D MotionRecognitionService: setPowerConnected | current backoffstate  = 33792 , state =33792
03-24 15:44:23.561  3670  3670 D MotionRecognitionService: skip setTransmitPower. 
03-24 15:44:23.561  4103  4103 D KeyguardUpdateMonitor: received broadcast android.intent.action.BATTERY_CHANGED
03-24 15:44:23.561  4103  4103 D PowerUI : priorPlugType = 2 mPlugType =  2
03-24 15:44:23.561  4103  4103 D PowerUI.Notification: showChargingNotice oldChargingType : 1 currentChargingType : 1 oldChargingTime : 962000 mChargingTime : 962000
03-24 15:44:23.561  4103  4103 D KeyguardUpdateMonitor: handleBatteryUpdate
03-24 15:44:23.561  4103  4103 D PowerUI.Notification: There is no change about charging status, so return!
03-24 15:44:23.601  4103  4103 D BatteryMeterView: ACTION_BATTERY_CHANGED : level:94 status:2 health:2
03-24 15:44:23.601  4103  4103 D BatteryMeterView: ACTION_BATTERY_CHANGED : level:94 status:2 health:2
03-24 15:44:23.801  3670  6805 D SSRM:n  : SIOP:: AP = 420, PST = 427 (W:18), CP = 324, CUR = 112, LCD = 93
03-24 15:44:25.751   930   930 I FIPS_bssl: FIPS approved mode (1) | 930 | app_process
03-24 15:44:25.751   930   930 D AndroidRuntime: >>>>>> START com.android.internal.os.RuntimeInit uid 2000 <<<<<<
03-24 15:44:25.761   930   930 D AndroidRuntime: CheckJNI is OFF
03-24 15:44:25.761   930   930 D AndroidRuntime: readGMSProperty: start
03-24 15:44:25.761   930   930 D AndroidRuntime: readGMSProperty: already setted!!
03-24 15:44:25.761   930   930 D AndroidRuntime: propertySet: couldn't set property (it is from app)
03-24 15:44:25.761   930   930 D AndroidRuntime: readGMSProperty: could not set the property(default)!!
03-24 15:44:25.761   930   930 D AndroidRuntime: readGMSProperty: end
03-24 15:44:25.761   930   930 D AndroidRuntime: addProductProperty: start
03-24 15:44:25.801   930   930 D ICU     : No timezone override file found: /data/misc/zoneinfo/current/icu/icu_tzdata.dat
03-24 15:44:25.851   930   930 I Radio-JNI: register_android_hardware_Radio DONE
03-24 15:44:25.861   930   930 E AffinityControl: AffinityControl: registerfunction enter
03-24 15:44:25.891   930   930 D AndroidRuntime: Calling main entry com.android.commands.am.Am
03-24 15:44:25.891  3670  4524 I ActivityManager: Force stopping com.yandex.browser appid=10175 user=0: from pid 930
03-24 15:44:25.891  3670  4524 I PersonaManager: mKnoxInfo is empty
03-24 15:44:25.891  3670  4524 I PersonaManager: mKnoxInfo is empty
03-24 15:44:25.891  3670  4524 I PersonaManager: mKnoxInfo is empty
03-24 15:44:25.891  3670  4524 I PersonaManager: mKnoxInfo is empty
03-24 15:44:25.891  3670  4524 I PersonaManager: mKnoxInfo is empty
03-24 15:44:25.891  3670  4524 I ActivityManager: Killing 441:com.yandex.browser:privileged_process2/u0a175 (adj 1): stop com.yandex.browser cause from pid 930
03-24 15:44:25.891  3670  4524 D ActivityManager: cleanUpApplicationRecord -- 441
03-24 15:44:25.901  3670  4524 D ActivityManager: isAutoRunBlockedApp:: com.yandex.browser, Auto Run ON
03-24 15:44:25.901  3670  4524 W ActivityManager: Scheduling restart of crashed service com.yandex.browser/org.chromium.content.app.PrivilegedProcessService2 in 1000ms
03-24 15:44:25.901  3670  4524 I ActivityManager: Killing 32738:com.yandex.browser:Metrica/u0a175 (adj 1): stop com.yandex.browser cause from pid 930
03-24 15:44:25.911  3670  4524 D ActivityManager: cleanUpApplicationRecord -- 32738
03-24 15:44:25.911  3670  4524 D ActivityManager: isAutoRunBlockedApp:: com.yandex.browser, Auto Run ON
03-24 15:44:25.911  3670  4524 W ActivityManager: Scheduling restart of crashed service com.yandex.browser/com.yandex.metrica.ConfigurationService in 10984ms
03-24 15:44:25.911  3670  4524 W ActivityManager: Scheduling restart of crashed service com.yandex.browser/com.yandex.metrica.MetricaService in 10983ms
03-24 15:44:25.921  3670  4524 I ActivityManager: Killing 336:com.yandex.browser:passport/u0a175 (adj 9): stop com.yandex.browser cause from pid 930
03-24 15:44:25.921  3670  4524 D ActivityManager: cleanUpApplicationRecord -- 336
03-24 15:44:25.921  3670  4524 D ActivityManager: isAutoRunBlockedApp:: com.yandex.browser, Auto Run ON
03-24 15:44:25.921  3670  4524 I ActivityManager: Killing 358:com.yandex.browser:firstscreen/u0a175 (adj 0): stop com.yandex.browser cause from pid 930
03-24 15:44:25.921  3670  4524 D ActivityManager: cleanUpApplicationRecord -- 358
03-24 15:44:25.921  3670  4524 D ActivityManager: isAutoRunBlockedApp:: com.yandex.browser, Auto Run ON
03-24 15:44:25.921  3670  4524 W ActivityManager: Force removing ActivityRecord{6f92935 u0 com.yandex.browser/.firstscreen.FirstScreenActivity t216}: app died, no saved state
03-24 15:44:25.961  3670  4524 D InputDispatcher: Focused application set to: xxxx
03-24 15:44:25.961  3670  3798 D StatusBarManagerService: manageDisableList userId=0 what=0x0 pkg=Window{53417 u0 d0 com.yandex.browser/com.yandex.browser.YandexBrowserMainActivity}
03-24 15:44:25.971  4103  4103 D PhoneStatusBar: setSystemUiVisibility vis=400 mask=ffffffff oldVal=0 newVal=400 diff=400
03-24 15:44:25.971  3670  4524 D InputDispatcher: Focus left window: 358
03-24 15:44:25.971  3670  4524 D InputDispatcher: Focus entered window: 32704
03-24 15:44:25.981  3025  3212 I SurfaceFlinger: id=856 Removed GirstScreen (8/10)
03-24 15:44:25.981  3025  3210 I SurfaceFlinger: id=856 Removed GirstScreen (-2/10)
03-24 15:44:25.981  3670  4524 D CustomFrequencyManagerService: acquireDVFSLockLocked : type : DVFS_MIN_LIMIT  frequency : 1800000  uid : 1000  pid : 3670  pkgName : ACTIVITY_RESUME_BOOSTER@3
03-24 15:44:25.981  3670  3884 D PointerIcon: setMouseIconStyle1 pointerType: 1001 iconType:101 flag:0 pid:3670 uid:1000
03-24 15:44:25.981  3670  3884 D PointerIcon: setMouseCustomIcon IconType is same.101
03-24 15:44:25.981  3670  4550 D InputMethodManagerService: windowGainedFocus mCurrentFocusedUserId - 0 and mSecureKeypadEnabled-false
03-24 15:44:25.991  3025  3025 D libEGL  : eglTerminate EGLDisplay = 0x7ff3f31e28
03-24 15:44:25.991  3025  3025 D libEGL  : eglTerminate EGLDisplay = 0x7ff3f31e28
03-24 15:44:25.991  3670  4524 D ActivityManager: mDVFSHelper.acquire()
03-24 15:44:25.991  3025  3025 D libEGL  : eglTerminate EGLDisplay = 0x7ff3f31e28
03-24 15:44:25.991  3670  4524 D ActivityManager:  Launching com.yandex.browser, updated priority
03-24 15:44:25.991  3670  4524 V WindowOrientationListener: setCurrentAppOrientation :7
03-24 15:44:25.991  3670  4524 V WindowOrientationListener: OrientationSensorJudge.getProposedRotation, Rotation: -1
03-24 15:44:25.991  3670  4524 V WindowManager: rotationForOrientationLw(orient=7, last=0); user=0  sensorRotation=-1 mLidState=-1 mDockMode=0 mHdmiPlugged=false mMobileKeyboardEnabled=false displayId=0
03-24 15:44:25.991  3670  4524 V WindowOrientationListener: OrientationSensorJudge.getProposedRotation, Rotation: -1
03-24 15:44:25.991  3670  3670 D GameManagerService: NotifyRunnable. pkg: com.yandex.browser, type: 4, isMinimized: false, isTunableApp: false
03-24 15:44:25.991  3670  3796 V MARsPolicyManager: updatePackagesScore PackageInfo name -- com.yandex.browser
03-24 15:44:25.991  7402  7402 D SamsungIME: IMPL finishInput
03-24 15:44:25.991  7402  7402 D SamsungIME: SwiftKeyWrapper writeDBdataToFileOnFinishInput
03-24 15:44:25.991  7402  7402 D SamsungIME: saveAndClear +
03-24 15:44:25.991  7402  7402 D SamsungIME: saveAndClear -
03-24 15:44:25.991  7402  7402 D SamsungIME: onStartInput: No inputType, No imeOption, isInputViewShown = false, isExtractViewShown = false, isShowInputRequested = false, isConfigChanged = false
03-24 15:44:26.001  3670  4524 I ActivityManager: Killing 32704:com.yandex.browser/u0a175 (adj 0): stop com.yandex.browser cause from pid 930
03-24 15:44:26.001  3670  4524 D ActivityManager: cleanUpApplicationRecord -- 32704
03-24 15:44:26.001  3670  4524 D ActivityManager: isAutoRunBlockedApp:: com.yandex.browser, Auto Run ON
03-24 15:44:26.011  3670  3931 D GraphicsStats: Buffer count: 7
03-24 15:44:26.011   949   949 E Zygote  : v2
03-24 15:44:26.011   949   949 I libpersona: KNOX_SDCARD checking this for 10175
03-24 15:44:26.011   949   949 I libpersona: KNOX_SDCARD not a persona
03-24 15:44:26.011  3670  4524 I ActivityManager: Start proc 949:com.yandex.browser/u0a175 for activity com.yandex.browser/.YandexBrowserMainActivity
03-24 15:44:26.011   949   949 W SELinux : Function: selinux_compare_spd_ram, index[1], priority [2], priority version is VE=SEPF_SECMOBILE_6.0.1_0003
03-24 15:44:26.011   949   949 E Zygote  : accessInfo : 0
03-24 15:44:26.011   949   949 W SELinux : SELinux: seapp_context_lookup: seinfo=default, level=s0:c512,c768, pkgname=com.yandex.browser 
03-24 15:44:26.021  3670  4524 I ActivityManager:   Force finishing activity ActivityRecord{d1484c5 u0 com.yandex.browser/.YandexBrowserMainActivity t216}
03-24 15:44:26.021  3670  3670 D GameManagerService: NotifyRunnable. pkg: com.example.myapplication, type: 4, isMinimized: false, isTunableApp: false
03-24 15:44:26.031   930   930 D AndroidRuntime: Shutting down VM
03-24 15:44:26.031  3670  3796 V MARsPolicyManager: updatePackagesScore PackageInfo name -- com.example.myapplication
03-24 15:44:26.031  3670  6805 D GameManagerService: identifyGamePackage. com.example.myapplication
03-24 15:44:26.031  3670  4019 D NetworkPolicy: isUidForegroundLocked: 10185, mScreenOn: true, uidstate: 2, mProxSensorScreenOff: false
03-24 15:44:26.031  3670  4019 D NetworkPolicy: isUidForegroundLocked: 10175, mScreenOn: true, uidstate: 16, mProxSensorScreenOff: false
03-24 15:44:26.031  3670  3798 D StatusBarManagerService: manageDisableList userId=0 what=0x0 pkg=Window{5ca5f76 u0 d0 com.example.myapplication/com.example.myapplication.MainActivity}
03-24 15:44:26.031  3670  3796 D InputDispatcher: Focus left window: 32704
03-24 15:44:26.031  4103  4103 D PhoneStatusBar: setSystemUiVisibility vis=8600 mask=ffffffff oldVal=400 newVal=8600 diff=8200
03-24 15:44:26.031  3670  6805 D GameManagerService: identifyGamePackage. com.example.myapplication
03-24 15:44:26.041  3025  3212 I SurfaceFlinger: id=857 Removed TurfaceView (5/9)
03-24 15:44:26.041  3025  3025 D libEGL  : eglTerminate EGLDisplay = 0x7ff3f31e58
03-24 15:44:26.041  3670  6805 D O       : limitGPUFreq:: freq = -1
03-24 15:44:26.041  3025  4439 I SurfaceFlinger: id=855 Removed ZandexBrows (6/8)
03-24 15:44:26.041  3025  3732 I SurfaceFlinger: id=855 Removed ZandexBrows (-2/8)
03-24 15:44:26.051  3670  3796 D InputDispatcher: Focus entered window: 25534
03-24 15:44:26.051  3670  3796 D InputDispatcher: Focused application released
03-24 15:44:26.051  3025  3025 D libEGL  : eglTerminate EGLDisplay = 0x7ff3f31e28
03-24 15:44:26.051  3025  3025 D libEGL  : eglTerminate EGLDisplay = 0x7ff3f31e28
03-24 15:44:26.051  3025  3025 D libEGL  : eglTerminate EGLDisplay = 0x7ff3f31e28
03-24 15:44:26.051  3670  3884 D SecWifiDisplayUtil: Metadata value : SecSettings2
03-24 15:44:26.051  3670  3884 D ViewRootImpl: #1 mView = com.android.internal.policy.PhoneWindow$DecorView{59eeb90 V.E...... R.....ID 0,0-0,0}
03-24 15:44:26.051  3670  3884 W WindowManager: Attempted to add application window with unknown token Token{78ebe1a ActivityRecord{d1484c5 u0 com.yandex.browser/.YandexBrowserMainActivity t216 f}}.  Aborting.
03-24 15:44:26.051  3670  3670 V AlarmManager: Remove alarm for next reason : android.intent.action.PACKAGE_RESTARTED : package: com.yandex.browser
03-24 15:44:26.061  3670  3884 D ViewRootImpl: #3 mView = null
03-24 15:44:26.061  3670  3884 W WindowManager: Token{78ebe1a ActivityRecord{d1484c5 u0 com.yandex.browser/.YandexBrowserMainActivity t216 f}} already running, starting window not displayed. Unable to add window -- token Token{78ebe1a ActivityRecord{d1484c5 u0 com.yandex.browser/.YandexBrowserMainActivity t216 f}} is not valid; is your activity running?
03-24 15:44:26.061  3670  3884 W WindowManager: view not successfully added to wm, removing view
03-24 15:44:26.061  3670  3884 W WindowManager: Exception when adding starting window
03-24 15:44:26.061  3670  3884 W WindowManager: java.lang.IllegalArgumentException: View=com.android.internal.policy.PhoneWindow$DecorView{59eeb90 V.E...... R.....ID 0,0-0,0} not attached to window manager
03-24 15:44:26.061  3670  3884 W WindowManager: 	at android.view.WindowManagerGlobal.findViewLocked(WindowManagerGlobal.java:451)
03-24 15:44:26.061  3670  3884 W WindowManager: 	at android.view.WindowManagerGlobal.removeView(WindowManagerGlobal.java:377)
03-24 15:44:26.061  3670  3884 W WindowManager: 	at android.view.WindowManagerImpl.removeViewImmediate(WindowManagerImpl.java:122)
03-24 15:44:26.061  3670  3884 W WindowManager: 	at com.android.server.policy.PhoneWindowManager.addStartingWindow(PhoneWindowManager.java:4452)
03-24 15:44:26.061  3670  3884 W WindowManager: 	at com.android.server.wm.WindowManagerService$H.handleMessage(WindowManagerService.java:13508)
03-24 15:44:26.061  3670  3884 W WindowManager: 	at android.os.Handler.dispatchMessage(Handler.java:102)
03-24 15:44:26.061  3670  3884 W WindowManager: 	at android.os.Looper.loop(Looper.java:158)
03-24 15:44:26.061  3670  3884 W WindowManager: 	at android.os.HandlerThread.run(HandlerThread.java:61)
03-24 15:44:26.061  3670  3884 W WindowManager: 	at com.android.server.ServiceThread.run(ServiceThread.java:46)
03-24 15:44:26.071  3670  3796 V BroadcastQueue: [background] Process cur broadcast BroadcastRecord{cdf548e u0 android.intent.action.PACKAGE_RESTARTED qIdx=4}, state= (APP_RECEIVE) DELIVERED for app ProcessRecord{a8b6d0a 3670:system/1000}
03-24 15:44:26.071  4383  4383 I PersonaManager: mKnoxInfo is empty
03-24 15:44:26.071  4383  4383 I PersonaManager: mKnoxInfo is empty
03-24 15:44:26.081  4383  4383 I PersonaManager: mKnoxInfo is empty
03-24 15:44:26.081  4383  4383 W ResourcesManager: getTopLevelResources: /data/app/com.google.android.gms-1/base.apk / 1.0 running in com.android.nfc rsrc of package com.google.android.gms
03-24 15:44:26.081  4383  4383 W ResourcesManager: getTopLevelResources: /data/app/com.google.android.gms-1/base.apk / 1.0 running in com.android.nfc rsrc of package com.google.android.gms
03-24 15:44:26.081  3670  3670 V BroadcastQueue: [background] Process cur broadcast BroadcastRecord{cdf548e u0 android.intent.action.PACKAGE_RESTARTED qIdx=4}, state= (APP_RECEIVE) DELIVERED for app ProcessRecord{b18f6e4 25230:com.sec.android.app.soundalive/u0a62}
03-24 15:44:26.081   949   949 W ResourcesManager: getTopLevelResources: /data/app/com.yandex.browser-1/base.apk / 1.0 running in com.yandex.browser rsrc of package com.yandex.browser
03-24 15:44:26.091 25230 25230 D SAControlPanelReceiver: *****onReceive()*****
03-24 15:44:26.091 25230 25230 D SAControlPanelReceiver: Action: android.intent.action.PACKAGE_RESTARTED
03-24 15:44:26.091  3670  3697 D ConnectivityService: ConnectivityService NetworkRequestInfo binderDied(NetworkRequest [ id=398, legacyType=-1, [ Capabilities: INTERNET&NOT_RESTRICTED&TRUSTED] ], android.os.BinderProxy@aae74af)
03-24 15:44:26.091  3670  4029 D ConnectivityService: releasing NetworkRequest NetworkRequest [ id=398, legacyType=-1, [ Capabilities: INTERNET&NOT_RESTRICTED&TRUSTED] ]
03-24 15:44:26.091  3670  4452 D ConnectivityService: ConnectivityService NetworkRequestInfo binderDied(NetworkRequest [ id=399, legacyType=-1, [ Capabilities: INTERNET&NOT_RESTRICTED&TRUSTED] ], android.os.BinderProxy@22f30bc)
03-24 15:44:26.091  4383  4383 D ApduServiceInfo: seId: 0
03-24 15:44:26.091  4383  4383 I PersonaManager: mKnoxInfo is empty
03-24 15:44:26.091  3670  4029 D ConnectivityService: sending notification RELEASED for NetworkRequest [ id=398, legacyType=-1, [ Capabilities: INTERNET&NOT_RESTRICTED&TRUSTED] ]
03-24 15:44:26.091  3670  4143 D GraphicsStats: Buffer count: 6
03-24 15:44:26.091  3670  3884 D PointerIcon: setMouseIconStyle1 pointerType: 1001 iconType:101 flag:0 pid:3670 uid:1000
03-24 15:44:26.091  3670  3884 D PointerIcon: setMouseCustomIcon IconType is same.101
03-24 15:44:26.091  3670  4029 E ConnectivityService: RemoteException caught trying to send a callback msg for NetworkRequest [ id=398, legacyType=-1, [ Capabilities: INTERNET&NOT_RESTRICTED&TRUSTED] ]
03-24 15:44:26.091  3670  4029 D ConnectivityService: releasing NetworkRequest NetworkRequest [ id=399, legacyType=-1, [ Capabilities: INTERNET&NOT_RESTRICTED&TRUSTED] ]
03-24 15:44:26.091  3670  4029 D ConnectivityService: sending notification RELEASED for NetworkRequest [ id=399, legacyType=-1, [ Capabilities: INTERNET&NOT_RESTRICTED&TRUSTED] ]
03-24 15:44:26.091  3670  4029 E ConnectivityService: RemoteException caught trying to send a callback msg for NetworkRequest [ id=399, legacyType=-1, [ Capabilities: INTERNET&NOT_RESTRICTED&TRUSTED] ]
03-24 15:44:26.101  3670  4421 I InjectionManagerService -AppFeature: getCoreFeaturePkgList :[]
03-24 15:44:26.101   949   949 I InjectionManager: Inside getClassLibPath + mLibMap{0=, 1=}
03-24 15:44:26.111  3670  3931 V BroadcastQueue: [background] Process cur broadcast BroadcastRecord{cdf548e u0 android.intent.action.PACKAGE_RESTARTED qIdx=4}, state= (APP_RECEIVE) DELIVERED for app ProcessRecord{81441b6 25088:com.sec.android.daemonapp/u0a145}
03-24 15:44:26.111 25088 25088 D [WeatherWidget(1236)]  ClearDataReceiver: {[2B4A2AC40B5A9FD87A06E8EADDAC90140D0735C4111B00ED5A4BFDD943296A603CF64C72E7F3E6D25FF9ACC8831CFEFA3E34FF6EAD00357EC7386503FB76F1C38DE7DC83CE464FCACDBF41BB39AB7B05023F96E9DCA7279B4E8058678F36E23C157845DF34E1F36630444A53E4EA5934]}
03-24 15:44:26.111   949   949 D ResourcesManager: For user 0 new overlays fetched Null
03-24 15:44:26.121   949   949 I InjectionManager: Inside getClassLibPath caller 
03-24 15:44:26.121  3670  6805 D ConnectivityService: returning getNetworkInfo for network type 1 : [type: WIFI[] - WIFI, state: CONNECTED/CONNECTED, reason: (unspecified), extra: "DataStructures", roaming: false, failover: false, isAvailable: true]
03-24 15:44:26.131  3670  6805 D ConnectivityService: returning getNetworkInfo for network type 1 : [type: WIFI[] - WIFI, state: CONNECTED/CONNECTED, reason: (unspecified), extra: "DataStructures", roaming: false, failover: false, isAvailable: true]
03-24 15:44:26.131  3670  6805 D ConnectivityService: returning getNetworkInfo for network type 1 : [type: WIFI[] - WIFI, state: CONNECTED/CONNECTED, reason: (unspecified), extra: "DataStructures", roaming: false, failover: false, isAvailable: true]
03-24 15:44:26.141  3670  6805 D GameManagerService: identifyGamePackage. com.example.myapplication
03-24 15:44:26.141   949   949 I MultiDex: Installing application
03-24 15:44:26.141   949   949 I MultiDex: VM with version 2.1.0 has multidex support
03-24 15:44:26.141   949   949 I MultiDex: VM has multidex support, MultiDex support library is disabled.
03-24 15:44:26.141   949   949 I cr_base_multidex: Completed multidex installation.
03-24 15:44:26.201   949   949 W System.err: remove failed: ENOENT (No such file or directory) : /data/user/0/com.yandex.browser/files/recovery_cancelled
03-24 15:44:26.221   949   974 I AppMetrica: [com.yandex.browser] : [d01c0d44-xxxx-xxxx-xxxx-xxxxxxxx00ad] Initializing of Metrica, Release type, Version 3.4.0, API Level 72, Dated 05.11.2018.
03-24 15:44:26.241   949   974 I art     : Rejecting re-init on previously-failed class java.lang.Class<com.yandex.metrica.impl.ob.lb>
03-24 15:44:26.241   949   974 I art     : Rejecting re-init on previously-failed class java.lang.Class<com.yandex.metrica.impl.ob.lb>
03-24 15:44:26.251  3670  4409 I PersonaManager: mKnoxInfo is empty
03-24 15:44:26.251   982   982 E Zygote  : v2
03-24 15:44:26.251   982   982 I libpersona: KNOX_SDCARD checking this for 10175
03-24 15:44:26.251   982   982 W SELinux : Function: selinux_compare_spd_ram, index[1], priority [2], priority version is VE=SEPF_SECMOBILE_6.0.1_0003
03-24 15:44:26.251   982   982 I libpersona: KNOX_SDCARD not a persona
03-24 15:44:26.251   982   982 E Zygote  : accessInfo : 0
03-24 15:44:26.251   982   982 W SELinux : SELinux: seapp_context_lookup: seinfo=default, level=s0:c512,c768, pkgname=com.yandex.browser:Metrica 
03-24 15:44:26.261  3670  4409 I ActivityManager: Start proc 982:com.yandex.browser:Metrica/u0a175 for service com.yandex.browser/com.yandex.metrica.MetricaService
03-24 15:44:26.301   982   982 W ResourcesManager: getTopLevelResources: /data/app/com.yandex.browser-1/base.apk / 1.0 running in com.yandex.browser rsrc of package com.yandex.browser
03-24 15:44:26.301  3670  4454 I InjectionManagerService -AppFeature: getCoreFeaturePkgList :[]
03-24 15:44:26.301   982   982 I InjectionManager: Inside getClassLibPath + mLibMap{0=, 1=}
03-24 15:44:26.301   982   982 D ResourcesManager: For user 0 new overlays fetched Null
03-24 15:44:26.311   982   982 I InjectionManager: Inside getClassLibPath caller 
03-24 15:44:26.321   982   982 I MultiDex: Installing application
03-24 15:44:26.321   982   982 I MultiDex: VM with version 2.1.0 has multidex support
03-24 15:44:26.321   982   982 I MultiDex: VM has multidex support, MultiDex support library is disabled.
03-24 15:44:26.321   982   982 I cr_base_multidex: Completed multidex installation.
03-24 15:44:26.341  3670  4452 D PackageManager: setEnabledSetting : userId = 0 packageName = com.yandex.browser cmp = com.yandex.browser.InstallReceiver newState = 0 callingPackage = 10175
03-24 15:44:26.351   982   982 D InjectionManager: InjectionManager
03-24 15:44:26.351   982   982 D InjectionManager: fillFeatureStoreMap com.yandex.browser
03-24 15:44:26.351   982   982 I InjectionManager: Constructor com.yandex.browser, Feature store :{}
03-24 15:44:26.351   982   982 I InjectionManager: featureStore :{}
03-24 15:44:26.371   949   949 I [SL:BaseSearchLibImpl]: SL version: 536
03-24 15:44:26.371   949  1013 W ResourceType: No package identifier when getting value for resource number 0x00000000
03-24 15:44:26.381  3670  4946 V AlarmManager:  remove PendingIntent] PendingIntent{6f2db54: PendingIntentRecord{8ef672 com.yandex.browser startService}}
03-24 15:44:26.391  3670  4947 I PersonaManager: mKnoxInfo is empty
03-24 15:44:26.391  3670  4452 D PackageManager: setEnabledSetting : userId = 0 packageName = com.yandex.browser cmp = ru.yandex.searchlib.notification.BarMarkerService newState = 2 callingPackage = 10175
03-24 15:44:26.391   949   949 D InjectionManager: InjectionManager
03-24 15:44:26.391   949   949 D InjectionManager: fillFeatureStoreMap com.yandex.browser
03-24 15:44:26.401   949   949 I InjectionManager: Constructor com.yandex.browser, Feature store :{}
03-24 15:44:26.401   949   949 I InjectionManager: featureStore :{}
03-24 15:44:26.401  3670  4947 D PackageManager: setEnabledSetting : userId = 0 packageName = com.yandex.browser cmp = ru.yandex.searchlib.notification.NotificationConnectivityBroadcastReceiver newState = 2 callingPackage = 10175
03-24 15:44:26.411  3670  3697 I PersonaManager: mKnoxInfo is empty
03-24 15:44:26.411   982  1023 I AppMetrica: [com.yandex.browser] : [] Initializing of Metrica, Release type, Version 3.4.0, API Level 72, Dated 05.11.2018.
03-24 15:44:26.421  3670  4016 I PersonaManager: mKnoxInfo is empty
03-24 15:44:26.441  3670  4952 I PersonaManager: mKnoxInfo is empty
03-24 15:44:26.441  3670  4550 I PersonaManager: mKnoxInfo is empty
03-24 15:44:26.461  3670  4550 D PackageManager: setEnabledSetting : userId = 0 packageName = com.yandex.browser cmp = com.yandex.browser.publicwifi.WifiStateMonitorReceiver newState = 1 callingPackage = 10175
03-24 15:44:26.471  3670  4947 I PersonaManager: mKnoxInfo is empty
03-24 15:44:26.471  3670  4016 I PersonaManager: mKnoxInfo is empty
03-24 15:44:26.481  3670  4454 V AlarmManager:  remove PendingIntent] PendingIntent{2fe40ec: PendingIntentRecord{8ef672 com.yandex.browser startService}}
03-24 15:44:26.481  3670  3931 I PersonaManager: mKnoxInfo is empty
03-24 15:44:26.481  3670  4552 D PackageManager: setEnabledSetting : userId = 0 packageName = com.yandex.browser cmp = ru.yandex.searchlib.notification.BarMarkerService newState = 2 callingPackage = 10175
03-24 15:44:26.491  3670  4454 D PackageManager: setEnabledSetting : userId = 0 packageName = com.yandex.browser cmp = ru.yandex.searchlib.notification.NotificationConnectivityBroadcastReceiver newState = 2 callingPackage = 10175
03-24 15:44:26.491  3670  4452 I PersonaManager: mKnoxInfo is empty
03-24 15:44:26.581  3670  3682 I art     : Background partial concurrent mark sweep GC freed 124387(9MB) AllocSpace objects, 160(3MB) LOS objects, 26% free, 44MB/60MB, paused 1.517ms total 145.264ms
03-24 15:44:26.621   982  1047 I System.out: (HTTPLog)-Static: isSBSettingEnabled false
03-24 15:44:26.621   982  1047 I System.out: (HTTPLog)-Static: isSBSettingEnabled false
03-24 15:44:26.621  3037  3741 D EnterpriseController: netId is 0
03-24 15:44:26.621  3037  3741 D Netd    : getNetworkForDns: using netid 510 for uid 10175
03-24 15:44:26.741   994   994 I FIPS_bssl: FIPS approved mode (1) | 994 | app_process
03-24 15:44:26.741   994   994 D AndroidRuntime: >>>>>> START com.android.internal.os.RuntimeInit uid 2000 <<<<<<
03-24 15:44:26.751   994   994 D AndroidRuntime: CheckJNI is OFF
03-24 15:44:26.751   994   994 D AndroidRuntime: readGMSProperty: start
03-24 15:44:26.751   994   994 D AndroidRuntime: readGMSProperty: already setted!!
03-24 15:44:26.751   994   994 D AndroidRuntime: propertySet: couldn't set property (it is from app)
03-24 15:44:26.751   994   994 D AndroidRuntime: readGMSProperty: could not set the property(default)!!
03-24 15:44:26.751   994   994 D AndroidRuntime: readGMSProperty: end
03-24 15:44:26.751   994   994 D AndroidRuntime: addProductProperty: start
03-24 15:44:26.771   994   994 D ICU     : No timezone override file found: /data/misc/zoneinfo/current/icu/icu_tzdata.dat
03-24 15:44:26.801   994   994 I Radio-JNI: register_android_hardware_Radio DONE
03-24 15:44:26.801   994   994 E AffinityControl: AffinityControl: registerfunction enter
03-24 15:44:26.821   994   994 D AndroidRuntime: Calling main entry com.android.commands.monkey.Monkey
03-24 15:44:26.831  3670  3796 W BroadcastQueue: Skipping deliver [background] BroadcastRecord{24c7616 u-1 android.net.conn.CONNECTIVITY_CHANGE qIdx=4}, state= (IDLE) to ReceiverList{18d2b97 994 (unknown name)/2000/u-1 remote:9047fd8}: process crashing
03-24 15:44:26.841   994   994 I Timeline: Timeline: Activity_launch_request id:com.microsoft.emmx time:73477776
03-24 15:44:26.841  3670  4409 I PersonaManager: mKnoxInfo is empty
03-24 15:44:26.841  3670  4409 D GameManagerService: identifyGamePackage. com.microsoft.emmx
03-24 15:44:26.841  3670  4409 D MultiWindowPolicy: Gamemode - return 0,  when calling  identifyForegroundApp(com.microsoft.emmx)
03-24 15:44:26.841  3670  4409 D CustomFrequencyManagerService: releaseDVFSLockLocked : Getting Lock type frm List : DVFS_MIN_LIMIT  frequency : 1800000  uid : 1000  pid : 3670  tag : ACTIVITY_RESUME_BOOSTER@3
03-24 15:44:26.841  3670  4409 D CustomFrequencyManagerService: acquireDVFSLockLocked : type : DVFS_MIN_LIMIT  frequency : 1800000  uid : 1000  pid : 3670  pkgName : ACTIVITY_RESUME_BOOSTER@3
03-24 15:44:26.851  3670  4409 D ActivityManager: mDVFSHelper.acquire()
03-24 15:44:26.851  3670  4409 V WindowManager: addAppToken: AppWindowToken{491dda2 token=Token{689cd6d ActivityRecord{a2dc184 u0 com.microsoft.emmx/com.microsoft.ruby.Main t217}}} to stack=1 task=217 at 0
03-24 15:44:26.861  3670  4409 D InputDispatcher: Focused application set to: xxxx
03-24 15:44:26.861  3670  4409 D InputDispatcher: Focus left window: 25534
03-24 15:44:26.861  3670  3698 D SettingsProvider: isChangeAllowed() : name = user_rotation
03-24 15:44:26.861  3670  3698 D SettingsProvider: isChangeAllowed() : name = accelerometer_rotation
03-24 15:44:26.861  3670  3884 D PointerIcon: setMouseIconStyle1 pointerType: 1001 iconType:101 flag:0 pid:3670 uid:1000
03-24 15:44:26.861  3670  3884 D PointerIcon: setMouseCustomIcon IconType is same.101
03-24 15:44:26.861  3670  3698 V WindowOrientationListener: OrientationSensorJudge.getProposedRotation, Rotation: -1
03-24 15:44:26.861  3670  3698 V WindowManager: rotationForOrientationLw(orient=7, last=0); user=0  sensorRotation=-1 mLidState=-1 mDockMode=0 mHdmiPlugged=false mMobileKeyboardEnabled=false displayId=0
03-24 15:44:26.861  3670  3698 V WindowOrientationListener: OrientationSensorJudge.getProposedRotation, Rotation: -1
03-24 15:44:26.871  3670  3798 V WindowOrientationListener: OrientationSensorJudge.getProposedRotation, Rotation: -1
03-24 15:44:26.871  3670  3798 V WindowManager: rotationForOrientationLw(orient=7, last=0); user=0 USER_ROTATION_LOCKED sensorRotation=-1 mLidState=-1 mDockMode=0 mHdmiPlugged=false mMobileKeyboardEnabled=false displayId=0
03-24 15:44:26.871  3670  3798 V WindowOrientationListener: OrientationSensorJudge.getProposedRotation, Rotation: -1
03-24 15:44:26.871  3670  4409 D SettingsProvider: isChangeAllowed() : name = accelerometer_rotation
03-24 15:44:26.871  3670  4409 V WindowOrientationListener: OrientationSensorJudge.getProposedRotation, Rotation: -1
