03-24 15:25:12.641 12153 12374 D mali_winsys: new_window_surface returns 0x3000,  [1440x2560]-format:1
03-24 15:25:12.641 12387 12387 W ResourcesManager: getTopLevelResources: /data/app/com.android.chrome-2/base.apk / 1.0 running in com.android.chrome rsrc of package com.android.chrome
03-24 15:25:12.651  7563  7716 I Icing   : doRemovePackageData com.yandex.browser
03-24 15:25:12.661  3670  4409 V BroadcastQueue: [background] Process cur broadcast BroadcastRecord{abfc98 u0 com.samsung.intent.action.SIM2_DB_INIT qIdx=4}, state= (APP_RECEIVE) DELIVERED for app ProcessRecord{ada21a5 11822:com.android.contacts/u0a11}
03-24 15:25:12.661 12387 12387 D ResourcesManager: For user 0 new overlays fetched Null
03-24 15:25:12.661  3670  4524 V WindowStateAnimator: Finishing drawing window Window{5c10cf1 u0 d0 SurfaceView}: mDrawState=NO_SURFACE
03-24 15:25:12.661 12387 12387 I InjectionManager: Inside getClassLibPath caller 
03-24 15:25:12.671 12153 12374 D libGLESv1: DTS_GLAPI : DTS is not allowed for Package : com.android.chrome
03-24 15:25:12.681 12387 12387 D InjectionManager: InjectionManager
03-24 15:25:12.681 12387 12387 I InjectionManager: featureStore :{}
03-24 15:25:12.681 12387 12387 I cr_ChildProcessService: Creating new ChildProcessService pid=12387
03-24 15:25:12.691  3670  4952 V BroadcastQueue: [background] Process cur broadcast BroadcastRecord{88a20d6 u0 android.intent.action.PACKAGE_RESTARTED qIdx=4}, state= (APP_RECEIVE) DELIVERED for app ProcessRecord{a8b6d0a 3670:system/1000}
03-24 15:25:12.701 12423 12423 E Zygote  : v2
03-24 15:25:12.701 12423 12423 I libpersona: KNOX_SDCARD checking this for 10062
03-24 15:25:12.701 12423 12423 I libpersona: KNOX_SDCARD not a persona
03-24 15:25:12.701 12423 12423 W SELinux : Function: selinux_compare_spd_ram, index[1], priority [2], priority version is VE=SEPF_SECMOBILE_6.0.1_0003
03-24 15:25:12.701 12423 12423 E Zygote  : accessInfo : 0
03-24 15:25:12.701 12423 12423 W SELinux : SELinux: seapp_context_lookup: seinfo=platform, level=s0:c512,c768, pkgname=com.sec.android.app.soundalive 
03-24 15:25:12.711  3670  3670 I ActivityManager: Start proc 12423:com.sec.android.app.soundalive/u0a62 for broadcast-3 com.sec.android.app.soundalive/.SAControlPanelReceiver
03-24 15:25:12.721  3670  4947 I PersonaManager: mKnoxInfo is empty
03-24 15:25:12.741  3670  4552 V BroadcastQueue: [background] Process cur broadcast BroadcastRecord{88a20d6 u0 android.intent.action.PACKAGE_RESTARTED qIdx=4}, state= (APP_RECEIVE) DELIVERED for app ProcessRecord{4555f57 12423:com.sec.android.app.soundalive/u0a62}
03-24 15:25:12.741  3670  4550 V WindowStateAnimator: Finishing drawing window Window{9131249 u0 d0 com.android.chrome/com.google.android.apps.chrome.Main}: mDrawState=DRAW_PENDING
03-24 15:25:12.751  3025  3025 D libEGL  : eglInitialize EGLDisplay = 0x7ff3f31d28
03-24 15:25:12.751 12153 12153 D ViewRootImpl: MSG_RESIZED_REPORT: ci=Rect(0, 96 - 0, 0) vi=Rect(0, 96 - 0, 0) or=1
03-24 15:25:12.751  3670  3697 D InputMethodManagerService: windowGainedFocus mCurrentFocusedUserId - 0 and mSecureKeypadEnabled-false
03-24 15:25:12.751 12423 12423 W ResourcesManager: getTopLevelResources: /system/priv-app/SoundAlive_31_M/SoundAlive_31_M.apk / 1.0 running in com.sec.android.app.soundalive rsrc of package com.sec.android.app.soundalive
03-24 15:25:12.751 12436 12436 E Zygote  : v2
03-24 15:25:12.751 12436 12436 I libpersona: KNOX_SDCARD checking this for 10015
03-24 15:25:12.751 12436 12436 I libpersona: KNOX_SDCARD not a persona
03-24 15:25:12.751  3670  4407 I InjectionManagerService -AppFeature: getCoreFeaturePkgList :[]
03-24 15:25:12.751 12423 12423 I InjectionManager: Inside getClassLibPath + mLibMap{0=, 1=}
03-24 15:25:12.751 12436 12436 W SELinux : Function: selinux_compare_spd_ram, index[1], priority [2], priority version is VE=SEPF_SECMOBILE_6.0.1_0003
03-24 15:25:12.751  3670  3931 I ActivityManager: Start proc 12436:com.google.process.gapps/u0a15 for content provider com.google.android.gsf/.gservices.GservicesProvider
03-24 15:25:12.751  3670  3884 I ActivityManager: Displayed com.android.chrome/com.google.android.apps.chrome.Main: +761ms
03-24 15:25:12.751 12436 12436 E Zygote  : accessInfo : 0
03-24 15:25:12.751 12436 12436 W SELinux : SELinux: seapp_context_lookup: seinfo=untrusted, level=s0:c512,c768, pkgname=com.google.process.gapps 
03-24 15:25:12.751  3670  3884 D CustomFrequencyManagerService: releaseDVFSLockLocked : Getting Lock type frm List : DVFS_MIN_LIMIT  frequency : 1800000  uid : 1000  pid : 3670  tag : ACTIVITY_RESUME_BOOSTER@3
03-24 15:25:12.751  3670  3884 I Timeline: Timeline: Activity_windows_visible id: ActivityRecord{38e14b5 u0 com.android.chrome/com.google.android.apps.chrome.Main t179} time:72323688
03-24 15:25:12.751  3670  3884 D ActivityManager: mDVFSHelper.release()
03-24 15:25:12.751  3670  3884 D ViewRootImpl: #3 mView = null
03-24 15:25:12.751  3670  3796 D CustomFrequencyManagerService: acquireDVFSLockLocked : type : DVFS_MIN_LIMIT  frequency : 1800000  uid : 1000  pid : 3670  pkgName : ACTIVITY_RESUME_BOOSTER@9
03-24 15:25:12.761  3670  3697 W InputMethodManagerService: Got RemoteException sending setActive(false) notification to pid 10794 uid 10117
03-24 15:25:12.771 12423 12423 D ResourcesManager: For user 0 new overlays fetched Null
03-24 15:25:12.791  7402  7402 D SamsungIME: IMPL finishInput
03-24 15:25:12.791  7402  7402 D SamsungIME: SwiftKeyWrapper writeDBdataToFileOnFinishInput
03-24 15:25:12.791  7402  7402 D SamsungIME: saveAndClear +
03-24 15:25:12.791  7402  7402 D SamsungIME: saveAndClear -
03-24 15:25:12.791  7402  7402 D SamsungIME: onStartInput: No inputType, No imeOption, isInputViewShown = false, isExtractViewShown = false, isShowInputRequested = false, isConfigChanged = false
03-24 15:25:12.791  3670  4454 V WindowStateAnimator: Finishing drawing window Window{9131249 u0 d0 com.android.chrome/com.google.android.apps.chrome.Main}: mDrawState=HAS_DRAWN
03-24 15:25:12.801  3025  3025 D libEGL  : eglInitialize EGLDisplay = 0x7ff3f31d28
03-24 15:25:12.801 12423 12423 I InjectionManager: Inside getClassLibPath caller 
03-24 15:25:12.811 12423 12423 W System  : ClassLoader referenced unknown path: /system/priv-app/SoundAlive_31_M/lib/arm64
03-24 15:25:12.811 12423 12423 D InjectionManager: InjectionManager
03-24 15:25:12.811 12423 12423 D InjectionManager: fillFeatureStoreMap com.sec.android.app.soundalive
03-24 15:25:12.811 12423 12423 I InjectionManager: Constructor com.sec.android.app.soundalive, Feature store :{}
03-24 15:25:12.811 12423 12423 I InjectionManager: featureStore :{}
03-24 15:25:12.811 12423 12423 D SAControlPanelReceiver: *****onReceive()*****
03-24 15:25:12.811 12423 12423 D SAControlPanelReceiver: Action: android.intent.action.PACKAGE_RESTARTED
03-24 15:25:12.821 12153 12153 I cr_BrowserStartup: Initializing chromium process, singleProcess=false
03-24 15:25:12.821 12436 12436 W ResourcesManager: getTopLevelResources: /system/priv-app/GoogleServicesFramework/GoogleServicesFramework.apk / 1.0 running in com.google.android.gsf rsrc of package com.google.android.gsf
03-24 15:25:12.821  3670  4550 I InjectionManagerService -AppFeature: getCoreFeaturePkgList :[]
03-24 15:25:12.821 12436 12436 I InjectionManager: Inside getClassLibPath + mLibMap{0=, 1=}
03-24 15:25:12.831  3670  4407 V BroadcastQueue: [background] Process cur broadcast BroadcastRecord{88a20d6 u0 android.intent.action.PACKAGE_RESTARTED qIdx=4}, state= (APP_RECEIVE) DELIVERED for app ProcessRecord{2f61a94 7226:com.sec.android.daemonapp/u0a145}
03-24 15:25:12.831  7226  7226 D [WeatherWidget(1236)]  ClearDataReceiver: {[2B4A2AC40B5A9FD87A06E8EADDAC90140D0735C4111B00ED5A4BFDD943296A603CF64C72E7F3E6D25FF9ACC8831CFEFA3E34FF6EAD00357EC7386503FB76F1C38DE7DC83CE464FCACDBF41BB39AB7B054A7DF2E7DC22A3D5464AE16F04652F0CC893404A7558568DB201C2D86D3385F2]}
03-24 15:25:12.831 12436 12436 D ResourcesManager: For user 0 new overlays fetched Null
03-24 15:25:12.841 12436 12436 I InjectionManager: Inside getClassLibPath caller 
03-24 15:25:12.841  3670  4407 V BroadcastQueue: [background] Process cur broadcast BroadcastRecord{86699f3 u0 android.intent.action.PACKAGE_RESTARTED qIdx=4}, state= (APP_RECEIVE) DELIVERED for app ProcessRecord{a8b6d0a 3670:system/1000}
03-24 15:25:12.841 12436 12436 W System  : ClassLoader referenced unknown path: /system/priv-app/GoogleServicesFramework/lib/arm64
03-24 15:25:12.851  3670  3670 V BroadcastQueue: [background] Process cur broadcast BroadcastRecord{86699f3 u0 android.intent.action.PACKAGE_RESTARTED qIdx=4}, state= (APP_RECEIVE) DELIVERED for app ProcessRecord{4555f57 12423:com.sec.android.app.soundalive/u0a62}
03-24 15:25:12.851 12423 12423 D SAControlPanelReceiver: *****onReceive()*****
03-24 15:25:12.851 12423 12423 D SAControlPanelReceiver: Action: android.intent.action.PACKAGE_RESTARTED
03-24 15:25:12.861  3670  4952 V BroadcastQueue: [background] Process cur broadcast BroadcastRecord{86699f3 u0 android.intent.action.PACKAGE_RESTARTED qIdx=4}, state= (APP_RECEIVE) DELIVERED for app ProcessRecord{2f61a94 7226:com.sec.android.daemonapp/u0a145}
03-24 15:25:12.861  7226  7226 D [WeatherWidget(1236)]  ClearDataReceiver: {[2B4A2AC40B5A9FD87A06E8EADDAC90140D0735C4111B00ED5A4BFDD943296A603CF64C72E7F3E6D25FF9ACC8831CFEFA3E34FF6EAD00357EC7386503FB76F1C38DE7DC83CE464FCACDBF41BB39AB7B054A7DF2E7DC22A3D5464AE16F04652F0CC893404A7558568DB201C2D86D3385F2]}
03-24 15:25:12.861 12436 12436 I GservicesProvider: Gservices pushing to system: true; secure/global: true
03-24 15:25:12.861  3670  4946 D ActivityManager: The following uid has registered to recieve broadcast for proxy related updates 10088
03-24 15:25:12.861  3670  4946 W ContextImpl: Calling a method in the system process without a qualified user: android.app.ContextImpl.sendBroadcast:845 com.android.server.am.ActivityManagerService.requestKnoxVpnToSendProxyBroadcast:29793 com.android.server.am.ActivityManagerService.registerReceiver:22658 android.app.ActivityManagerNative.onTransact:431 com.android.server.am.ActivityManagerService.onTransact:3999 
03-24 15:25:12.871  3670  4952 V BroadcastQueue: [background] Process cur broadcast BroadcastRecord{146e24f u0 android.intent.action.PACKAGE_DATA_CLEARED qIdx=4}, state= (APP_RECEIVE) DELIVERED for app ProcessRecord{8bf35bf 12063:com.samsung.cmh:CMH/5004}
03-24 15:25:12.881  3670  4952 V BroadcastQueue: [background] Process cur broadcast BroadcastRecord{146e24f u0 android.intent.action.PACKAGE_DATA_CLEARED qIdx=4}, state= (APP_RECEIVE) DELIVERED for app ProcessRecord{c84448c 12085:com.samsung.android.communicationservice/5002}
03-24 15:25:12.881 12085 12085 D CS/SettingChangeReceiver: onReceive() action = android.intent.action.PACKAGE_DATA_CLEARED
03-24 15:25:12.881 12085 12085 D CS/SettingChangeReceiver: ACTION_PACKAGE_DATA_CLEARED
03-24 15:25:12.891  3670  4952 V BroadcastQueue: [background] Process cur broadcast BroadcastRecord{146e24f u0 android.intent.action.PACKAGE_DATA_CLEARED qIdx=4}, state= (APP_RECEIVE) DELIVERED for app ProcessRecord{d5c82fd 12185:com.samsung.storyservice/5004}
03-24 15:25:12.901  3670  4947 V BroadcastQueue: [background] Process cur broadcast BroadcastRecord{146e24f u0 android.intent.action.PACKAGE_DATA_CLEARED qIdx=4}, state= (APP_RECEIVE) DELIVERED for app ProcessRecord{cfb0bf2 12200:com.samsung.android.provider.shootingmodeprovider/u0a63}
03-24 15:25:12.901  3670  3698 I PersonaManager: mKnoxInfo is empty
03-24 15:25:12.911 12465 12465 E Zygote  : v2
03-24 15:25:12.911 12465 12465 I libpersona: KNOX_SDCARD checking this for 10088
03-24 15:25:12.911 12465 12465 I libpersona: KNOX_SDCARD not a persona
03-24 15:25:12.911  3670  3698 I ActivityManager: Start proc 12465:com.android.chrome:privileged_process0/u0a88 for service com.android.chrome/org.chromium.content.app.PrivilegedProcessService0
03-24 15:25:12.911 12465 12465 W SELinux : Function: selinux_compare_spd_ram, index[1], priority [2], priority version is VE=SEPF_SECMOBILE_6.0.1_0003
03-24 15:25:12.911  3670  4524 D ActivityManager: The following uid has registered to recieve broadcast for proxy related updates 10088
03-24 15:25:12.911  3670  4524 W ContextImpl: Calling a method in the system process without a qualified user: android.app.ContextImpl.sendBroadcast:845 com.android.server.am.ActivityManagerService.requestKnoxVpnToSendProxyBroadcast:29793 com.android.server.am.ActivityManagerService.registerReceiver:22658 android.app.ActivityManagerNative.onTransact:431 com.android.server.am.ActivityManagerService.onTransact:3999 
03-24 15:25:12.921 12465 12465 E Zygote  : accessInfo : 0
03-24 15:25:12.921 12465 12465 W SELinux : SELinux: seapp_context_lookup: seinfo=chrome, level=s0:c512,c768, pkgname=com.android.chrome:privileged_process0 
03-24 15:25:12.931  3670  4409 V BroadcastQueue: [background] Process cur broadcast BroadcastRecord{146e24f u0 android.intent.action.PACKAGE_DATA_CLEARED qIdx=4}, state= (APP_RECEIVE) DELIVERED for app ProcessRecord{b21f73b 11785:com.android.mms/u0a68}
03-24 15:25:12.931 11785 11785 D Mms/FreeMessageStatusReceiver: onReceive, action : android.intent.action.PACKAGE_DATA_CLEARED
03-24 15:25:12.941  3670  4946 I PersonaManager: mKnoxInfo is empty
03-24 15:25:12.941  3670  4143 I PersonaManager: mKnoxInfo is empty
03-24 15:25:12.951 12436 12436 I GoogleHttpClient: GMS http client unavailable, use old client
03-24 15:25:12.961 12153 12153 D ConnectivityManager: requestNetwork; getAppId(CallingUid) : 10088, CallingPid : 12153
03-24 15:25:12.961 11785 12480 D Mms/FreeMessageReceiverService: onHandleIntent, action : android.intent.action.PACKAGE_DATA_CLEARED
03-24 15:25:12.961 11785 12480 D Mms/FreeMessageReceiverService: onHandleIntent: ACTION_PACKAGE_DATA_CLEARED
03-24 15:25:12.961  3670  4143 D ConnectivityService: listenForNetwork for Listen from uid/pid:10088/12153 for NetworkRequest [ id=339, legacyType=-1, [ Capabilities: INTERNET&NOT_RESTRICTED&TRUSTED] ]
03-24 15:25:12.961  3670  4029 D ConnectivityService: rematching NetworkAgentInfo [WIFI () - 510]
03-24 15:25:12.961  3670  4029 D ConnectivityService:  network has: NetworkAgentInfo{ ni{[type: WIFI[] - WIFI, state: CONNECTED/CONNECTED, reason: (unspecified), extra: "DataStructures", roaming: false, failover: false, isAvailable: true]}  network{510}  lp{{InterfaceName: wlan0 LinkAddresses: [fe80::ee9b:f3ff:fe73:43e9/64,192.168.0.174/24,]  Routes: [fe80::/64 -> :: wlan0,192.168.0.0/24 -> 0.0.0.0 wlan0,0.0.0.0/0 -> 192.168.0.1 wlan0,] DnsAddresses: [192.168.0.1,] Domains:  MTU: 0 TcpBufferSizes: 524288,1048576,4525824,524288,1048576,4525824}}  nc{[ Transports: WIFI Capabilities: INTERNET&NOT_RESTRICTED&TRUSTED&NOT_VPN&VALIDATED LinkUpBandwidth>=1048576Kbps LinkDnBandwidth>=1048576Kbps SignalStrength: -37]}  Score{60}  everValidated{true}  lastValidated{true}  created{true} lingering{false} explicitlySelected{false} acceptUnvalidated{false} everCaptivePortalDetected{false} lastCaptivePortalDetected{false} }
03-24 15:25:12.971  3670  4029 D ConnectivityService:   checking if request is: NetworkRequest [ id=339, legacyType=-1, [ Capabilities: INTERNET&NOT_RESTRICTED&TRUSTED] ] satisfies: true nri.isRequest: false
03-24 15:25:12.971  3670  4029 D ConnectivityService:   checking if request is: NetworkRequest [ id=5, legacyType=-1, [ Transports: WIFI Capabilities: INTERNET&NOT_RESTRICTED&TRUSTED&NOT_VPN] ] satisfies: true nri.isRequest: false
03-24 15:25:12.971  3670  4029 D ConnectivityService: Network NetworkAgentInfo [WIFI () - 510] was already satisfying request 1. No change.
03-24 15:25:12.971  3670  4029 D ConnectivityService:   checking if request is: NetworkRequest [ id=3, legacyType=-1, [] ] satisfies: true nri.isRequest: false
03-24 15:25:12.971  3670  4029 D ConnectivityService:   checking if request is: NetworkRequest [ id=4, legacyType=-1, [ Transports: CELLULAR Capabilities: INTERNET&NOT_RESTRICTED&TRUSTED&NOT_VPN] ] satisfies: false nri.isRequest: false
03-24 15:25:12.971  3670  4029 D ConnectivityService: sending notification AVAILABLE for NetworkRequest [ id=339, legacyType=-1, [ Capabilities: INTERNET&NOT_RESTRICTED&TRUSTED] ]
03-24 15:25:12.971  3670  4407 V BroadcastQueue: [background] Process cur broadcast BroadcastRecord{146e24f u0 android.intent.action.PACKAGE_DATA_CLEARED qIdx=4}, state= (APP_RECEIVE) DELIVERED for app ProcessRecord{ada21a5 11822:com.android.contacts/u0a11}
03-24 15:25:12.991 12465 12465 W ResourcesManager: getTopLevelResources: /data/app/com.android.chrome-2/base.apk / 1.0 running in com.android.chrome rsrc of package com.android.chrome
03-24 15:25:12.991  3670  4407 V BroadcastQueue: [background] Process cur broadcast BroadcastRecord{146e24f u0 android.intent.action.PACKAGE_DATA_CLEARED qIdx=4}, state= (APP_RECEIVE) DELIVERED for app ProcessRecord{d54f8ec 12221:com.samsung.android.weather/u0a77}
03-24 15:25:12.991  3670  4452 I InjectionManagerService -AppFeature: getCoreFeaturePkgList :[]
03-24 15:25:13.001 12465 12465 I InjectionManager: Inside getClassLibPath + mLibMap{0=, 1=}
03-24 15:25:13.001 12221 12221 D [WeatherApp(1236)]  : {[210EBC5507306FD4A50F1D40A85780C068F240D41FBB267D51FF013BE0DD2039C2D12A1E8BDFBC0AEF71E0B60AC5CC12634EBF0E217E31968750E349D4CD9F055A27188D45800F4DAB642142108315BE81E026EB18EEECE85B657C0C8D6BE9223F3FF78946A3AC40353238FF8220877BC1C5894599200B233FBF41BEB5FE06EF]}
03-24 15:25:13.001 12465 12465 D ResourcesManager: For user 0 new overlays fetched Null
03-24 15:25:13.001 12436 12436 D InjectionManager: InjectionManager
03-24 15:25:13.001 12436 12436 D InjectionManager: fillFeatureStoreMap com.google.android.gsf
03-24 15:25:13.001 12436 12436 I InjectionManager: Constructor com.google.android.gsf, Feature store :{}
03-24 15:25:13.001 12436 12436 I InjectionManager: featureStore :{}
03-24 15:25:13.001 12465 12465 I InjectionManager: Inside getClassLibPath caller 
03-24 15:25:13.011  6803  6803 D Recents : onTaskStackChanged
03-24 15:25:13.021  3670  4407 V BroadcastQueue: [background] Process cur broadcast BroadcastRecord{146e24f u0 android.intent.action.PACKAGE_DATA_CLEARED qIdx=4}, state= (APP_RECEIVE) DELIVERED for app ProcessRecord{48a55a2 12131:com.samsung.android.coreapps/5011}
03-24 15:25:13.021 12465 12465 D InjectionManager: InjectionManager
03-24 15:25:13.021 12465 12465 D InjectionManager: fillFeatureStoreMap com.android.chrome
03-24 15:25:13.021 12465 12465 I InjectionManager: Constructor com.android.chrome, Feature store :{}
03-24 15:25:13.021 12465 12465 I InjectionManager: featureStore :{}
03-24 15:25:13.021 12465 12465 I cr_ChildProcessService: Creating new ChildProcessService pid=12465
03-24 15:25:13.031  3670  4407 V BroadcastQueue: [background] Process cur broadcast BroadcastRecord{146e24f u0 android.intent.action.PACKAGE_DATA_CLEARED qIdx=4}, state= (APP_RECEIVE) DELIVERED for app ProcessRecord{24a0233 12249:com.android.documentsui/u0a92}
03-24 15:25:13.041  3670  4524 I PersonaManager: mKnoxInfo is empty
03-24 15:25:13.041  3670  4407 V BroadcastQueue: [background] Process cur broadcast BroadcastRecord{146e24f u0 android.intent.action.PACKAGE_DATA_CLEARED qIdx=4}, state= (APP_RECEIVE) DELIVERED for app ProcessRecord{2f61a94 7226:com.sec.android.daemonapp/u0a145}
03-24 15:25:13.051  7226  7226 D [WeatherWidget(1236)]  ClearDataReceiver: {[2B4A2AC40B5A9FD87A06E8EADDAC90140D0735C4111B00ED5A4BFDD943296A603CF64C72E7F3E6D25FF9ACC8831CFEFAAF9CFCCA971A42420C7C4462190C6970D4522B06ADB15EB3E59FE8EB8A3E9AFD9C17BE5F2866158F00F7C01EC0FB0608D957C113F4D4ED528927AA6FDD99EF3E]}
03-24 15:25:13.051  3670  4524 I PersonaManager: mKnoxInfo is empty
03-24 15:25:13.051 12153 12153 D ConnectivityManager: requestNetwork; getAppId(CallingUid) : 10088, CallingPid : 12153
03-24 15:25:13.051  3670  4947 D ConnectivityService: listenForNetwork for Listen from uid/pid:10088/12153 for NetworkRequest [ id=340, legacyType=-1, [ Capabilities: INTERNET&NOT_RESTRICTED&TRUSTED] ]
03-24 15:25:13.051  3670  4029 D ConnectivityService: rematching NetworkAgentInfo [WIFI () - 510]
03-24 15:25:13.051  3670  4029 D ConnectivityService:  network has: NetworkAgentInfo{ ni{[type: WIFI[] - WIFI, state: CONNECTED/CONNECTED, reason: (unspecified), extra: "DataStructures", roaming: false, failover: false, isAvailable: true]}  network{510}  lp{{InterfaceName: wlan0 LinkAddresses: [fe80::ee9b:f3ff:fe73:43e9/64,192.168.0.174/24,]  Routes: [fe80::/64 -> :: wlan0,192.168.0.0/24 -> 0.0.0.0 wlan0,0.0.0.0/0 -> 192.168.0.1 wlan0,] DnsAddresses: [192.168.0.1,] Domains:  MTU: 0 TcpBufferSizes: 524288,1048576,4525824,524288,1048576,4525824}}  nc{[ Transports: WIFI Capabilities: INTERNET&NOT_RESTRICTED&TRUSTED&NOT_VPN&VALIDATED LinkUpBandwidth>=1048576Kbps LinkDnBandwidth>=1048576Kbps SignalStrength: -37]}  Score{60}  everValidated{true}  lastValidated{true}  created{true} lingering{false} explicitlySelected{false} acceptUnvalidated{false} everCaptivePortalDetected{false} lastCaptivePortalDetected{false} }
03-24 15:25:13.051  3670  4029 D ConnectivityService:   checking if request is: NetworkRequest [ id=339, legacyType=-1, [ Capabilities: INTERNET&NOT_RESTRICTED&TRUSTED] ] satisfies: true nri.isRequest: false
03-24 15:25:13.051  3670  3670 D CustomFrequencyManagerService: releaseDVFSLockLocked : Getting Lock type frm List : DVFS_MIN_LIMIT  frequency : 1800000  uid : 1000  pid : 3670  tag : ACTIVITY_RESUME_BOOSTER@9
03-24 15:25:13.051  3670  4029 D ConnectivityService:   checking if request is: NetworkRequest [ id=5, legacyType=-1, [ Transports: WIFI Capabilities: INTERNET&NOT_RESTRICTED&TRUSTED&NOT_VPN] ] satisfies: true nri.isRequest: false
03-24 15:25:13.051  3670  4029 D ConnectivityService: Network NetworkAgentInfo [WIFI () - 510] was already satisfying request 1. No change.
03-24 15:25:13.051  3670  4029 D ConnectivityService:   checking if request is: NetworkRequest [ id=3, legacyType=-1, [] ] satisfies: true nri.isRequest: false
03-24 15:25:13.051  3670  4029 D ConnectivityService:   checking if request is: NetworkRequest [ id=4, legacyType=-1, [ Transports: CELLULAR Capabilities: INTERNET&NOT_RESTRICTED&TRUSTED&NOT_VPN] ] satisfies: false nri.isRequest: false
03-24 15:25:13.051  3670  4029 D ConnectivityService:   checking if request is: NetworkRequest [ id=340, legacyType=-1, [ Capabilities: INTERNET&NOT_RESTRICTED&TRUSTED] ] satisfies: true nri.isRequest: false
03-24 15:25:13.051  3670  4029 D ConnectivityService: sending notification AVAILABLE for NetworkRequest [ id=340, legacyType=-1, [ Capabilities: INTERNET&NOT_RESTRICTED&TRUSTED] ]
03-24 15:25:13.061  3670  3698 V BroadcastQueue: [background] Process cur broadcast BroadcastRecord{146e24f u0 android.intent.action.PACKAGE_DATA_CLEARED qIdx=4}, state= (APP_RECEIVE) DELIVERED for app ProcessRecord{77b88c6 12272:com.android.calendar/u0a164}
03-24 15:25:13.071  3670  4947 D PackageManager: getComponentMetadataForIconTray : com.example.myapplication.MainActivity does not exist in mServices
03-24 15:25:13.071  3670  4947 D PackageManager: getComponentMetadataForIconTray : com.example.myapplication.MainActivity does not exist in mProviders
03-24 15:25:13.071  3670  4947 D PackageManager: getComponentMetadataForIconTray : com.example.myapplication.MainActivity does not exist in mReceivers
03-24 15:25:13.071  6803  6803 I ApplicationPackageManager: load=com.example.myapplication, bg=192-192, dr=192-192
03-24 15:25:13.071  6803  6803 I ApplicationPackageManager: scaled rate=1.0429629, size=192, alpha=15, hold=26, target=192
03-24 15:25:13.071  3670  3698 V BroadcastQueue: [background] Process cur broadcast BroadcastRecord{146e24f u0 android.intent.action.PACKAGE_DATA_CLEARED qIdx=4}, state= (APP_RECEIVE) DELIVERED for app ProcessRecord{269c087 12312:com.sec.android.app.sbrowser/u0a168}
03-24 15:25:13.071 12312 12312 E WebContentsProviderReceiver: onReceive - not approved application
03-24 15:25:13.081  3670  3698 V BroadcastQueue: [background] Process cur broadcast BroadcastRecord{146e24f u0 android.intent.action.PACKAGE_DATA_CLEARED qIdx=4}, state= (APP_RECEIVE) DELIVERED for app ProcessRecord{b17de23 12153:com.android.chrome/u0a88}
03-24 15:25:13.091 12153 12153 I cr_SnippetsLauncher: Scheduling: 172800 172800
03-24 15:25:13.091 12153 12346 W art     : Verification of void q.c() took 497.998ms
03-24 15:25:13.131  3670  3698 V BroadcastQueue: [background] Process cur broadcast BroadcastRecord{146e24f u0 android.intent.action.PACKAGE_DATA_CLEARED qIdx=4}, state= (APP_RECEIVE) DELIVERED for app ProcessRecord{68a6177 7275:com.google.android.gms.persistent/u0a15}
03-24 15:25:13.141  3670  4143 I PersonaManager: mKnoxInfo is empty
03-24 15:25:13.141  3670  3931 I PersonaManager: mKnoxInfo is empty
03-24 15:25:13.141 12465 12482 I cr_LibraryLoader:  Loading chrome from within /data/app/com.android.chrome-2/base.apk
03-24 15:25:13.151  3670  3697 V BroadcastQueue: [background] Process cur broadcast BroadcastRecord{4cac236 u0 android.intent.action.PACKAGE_RESTARTED qIdx=4}, state= (APP_RECEIVE) DELIVERED for app ProcessRecord{a8b6d0a 3670:system/1000}
03-24 15:25:13.151  3670  4524 I PersonaManager: mKnoxInfo is empty
03-24 15:25:13.151  3025  3025 I SurfaceFlinger: id=739 createSurf (1440x2464),4 flag=404, TurfaceView
03-24 15:25:13.151  3670  3670 V BroadcastQueue: [background] Process cur broadcast BroadcastRecord{4cac236 u0 android.intent.action.PACKAGE_RESTARTED qIdx=4}, state= (APP_RECEIVE) DELIVERED for app ProcessRecord{4555f57 12423:com.sec.android.app.soundalive/u0a62}
03-24 15:25:13.161 12423 12423 D SAControlPanelReceiver: *****onReceive()*****
03-24 15:25:13.161 12423 12423 D SAControlPanelReceiver: Action: android.intent.action.PACKAGE_RESTARTED
03-24 15:25:13.161  3670  3698 V WindowStateAnimator: Finishing drawing window Window{5c10cf1 u0 d0 SurfaceView}: mDrawState=DRAW_PENDING
03-24 15:25:13.181 12153 12153 I cr_ContextualSearch: Tap suppression enabled: false
03-24 15:25:13.181  3670  3697 V BroadcastQueue: [background] Process cur broadcast BroadcastRecord{4cac236 u0 android.intent.action.PACKAGE_RESTARTED qIdx=4}, state= (APP_RECEIVE) DELIVERED for app ProcessRecord{2f61a94 7226:com.sec.android.daemonapp/u0a145}
03-24 15:25:13.181 12465 12482 I cr_LibraryLoader: Time to load native libraries: 41 ms (timestamps 4073-4114)
03-24 15:25:13.181 12153 12153 I cr_ContextualSearch: Consructing ContextualSearchRankerLoggerImpl, enabled: true
03-24 15:25:13.181 12465 12482 I chromium: [INFO:library_loader_hooks.cc(42)] Chromium logging enabled: level = 0, default verbosity = 0
03-24 15:25:13.181 12465 12482 I cr_LibraryLoader: Expected native library version number "72.0.3626.105", actual native library version number "72.0.3626.105"
03-24 15:25:13.181  7226  7226 D [WeatherWidget(1236)]  ClearDataReceiver: {[2B4A2AC40B5A9FD87A06E8EADDAC90140D0735C4111B00ED5A4BFDD943296A603CF64C72E7F3E6D25FF9ACC8831CFEFA3E34FF6EAD00357EC7386503FB76F1C38DE7DC83CE464FCACDBF41BB39AB7B0532B2430328A965C13539887ACF027538D8F07ACD0F60FD058041946420F66BD7]}
03-24 15:25:13.181  3670  4016 I PersonaManager: mKnoxInfo is empty
03-24 15:25:13.191  3670  4421 I PersonaManager: mKnoxInfo is empty
03-24 15:25:13.191 12465 12482 W ResourcesManager: getTopLevelResources: /data/app/com.android.chrome-2/base.apk / 1.0 running in com.android.chrome rsrc of package com.android.chrome
03-24 15:25:13.191  7563 12048 I LocationSettingsChecker: Removing dialog suppression flag for package com.microsoft.emmx
03-24 15:25:13.201  3670  4524 V WindowStateAnimator: Finishing drawing window Window{5c10cf1 u0 d0 SurfaceView}: mDrawState=HAS_DRAWN
03-24 15:25:13.201  3670  4409 I PersonaManager: mKnoxInfo is empty
03-24 15:25:13.201 12465 12482 E libEGL  : validate_display:255 error 3008 (EGL_BAD_DISPLAY)
03-24 15:25:13.201  3670  3931 I PersonaManager: mKnoxInfo is empty
03-24 15:25:13.211  3670  3697 V BroadcastQueue: [background] Process cur broadcast BroadcastRecord{f78cbc2 u0 android.intent.action.PACKAGE_RESTARTED qIdx=4}, state= (APP_RECEIVE) DELIVERED for app ProcessRecord{a8b6d0a 3670:system/1000}
03-24 15:25:13.211  3670  4454 I PersonaManager: mKnoxInfo is empty
03-24 15:25:13.231  3670  4552 I PersonaManager: mKnoxInfo is empty
03-24 15:25:13.231  3025  3025 D libEGL  : eglInitialize EGLDisplay = 0x7ff3f31d28
03-24 15:25:13.251 12465 12482 D libEGL  : loaded /vendor/lib/egl/libGLES_mali.so
03-24 15:25:13.251  3670  3670 V BroadcastQueue: [background] Process cur broadcast BroadcastRecord{f78cbc2 u0 android.intent.action.PACKAGE_RESTARTED qIdx=4}, state= (APP_RECEIVE) DELIVERED for app ProcessRecord{4555f57 12423:com.sec.android.app.soundalive/u0a62}
03-24 15:25:13.251 12423 12423 D SAControlPanelReceiver: *****onReceive()*****
03-24 15:25:13.251 12423 12423 D SAControlPanelReceiver: Action: android.intent.action.PACKAGE_RESTARTED
03-24 15:25:13.251  3670  4947 I PersonaManager: mKnoxInfo is empty
03-24 15:25:13.261  7563  7716 I Icing   : doRemovePackageData com.microsoft.emmx
03-24 15:25:13.261  3670  3697 V BroadcastQueue: [background] Process cur broadcast BroadcastRecord{f78cbc2 u0 android.intent.action.PACKAGE_RESTARTED qIdx=4}, state= (APP_RECEIVE) DELIVERED for app ProcessRecord{2f61a94 7226:com.sec.android.daemonapp/u0a145}
03-24 15:25:13.261  7226  7226 D [WeatherWidget(1236)]  ClearDataReceiver: {[2B4A2AC40B5A9FD87A06E8EADDAC90140D0735C4111B00ED5A4BFDD943296A603CF64C72E7F3E6D25FF9ACC8831CFEFA3E34FF6EAD00357EC7386503FB76F1C38DE7DC83CE464FCACDBF41BB39AB7B0532B2430328A965C13539887ACF027538D8F07ACD0F60FD058041946420F66BD7]}
03-24 15:25:13.271 12465 12482 D libEGL  : eglInitialize EGLDisplay = 0xf3abae0c
03-24 15:25:13.271 12465 12482 D         : ro.exynos.dss isEnabled: 0
03-24 15:25:13.271  3670  3697 V BroadcastQueue: [background] Process cur broadcast BroadcastRecord{d0be20e u0 android.intent.action.PACKAGE_DATA_CLEARED qIdx=4}, state= (APP_RECEIVE) DELIVERED for app ProcessRecord{8bf35bf 12063:com.samsung.cmh:CMH/5004}
03-24 15:25:13.281 12085 12085 D CS/SettingChangeReceiver: onReceive() action = android.intent.action.PACKAGE_DATA_CLEARED
03-24 15:25:13.281  3670  3697 V BroadcastQueue: [background] Process cur broadcast BroadcastRecord{d0be20e u0 android.intent.action.PACKAGE_DATA_CLEARED qIdx=4}, state= (APP_RECEIVE) DELIVERED for app ProcessRecord{c84448c 12085:com.samsung.android.communicationservice/5002}
03-24 15:25:13.281 12085 12085 D CS/SettingChangeReceiver: ACTION_PACKAGE_DATA_CLEARED
03-24 15:25:13.291  3670  3697 V BroadcastQueue: [background] Process cur broadcast BroadcastRecord{d0be20e u0 android.intent.action.PACKAGE_DATA_CLEARED qIdx=4}, state= (APP_RECEIVE) DELIVERED for app ProcessRecord{d5c82fd 12185:com.samsung.storyservice/5004}
03-24 15:25:13.291  3670  3697 V BroadcastQueue: [background] Process cur broadcast BroadcastRecord{d0be20e u0 android.intent.action.PACKAGE_DATA_CLEARED qIdx=4}, state= (APP_RECEIVE) DELIVERED for app ProcessRecord{cfb0bf2 12200:com.samsung.android.provider.shootingmodeprovider/u0a63}
03-24 15:25:13.311  3670  3697 V BroadcastQueue: [background] Process cur broadcast BroadcastRecord{d0be20e u0 android.intent.action.PACKAGE_DATA_CLEARED qIdx=4}, state= (APP_RECEIVE) DELIVERED for app ProcessRecord{b21f73b 11785:com.android.mms/u0a68}
03-24 15:25:13.311 11785 11785 D Mms/FreeMessageStatusReceiver: onReceive, action : android.intent.action.PACKAGE_DATA_CLEARED
03-24 15:25:13.311  3670  4407 I PersonaManager: mKnoxInfo is empty
03-24 15:25:13.321 11785 12528 D Mms/FreeMessageReceiverService: onHandleIntent, action : android.intent.action.PACKAGE_DATA_CLEARED
03-24 15:25:13.321 11785 12528 D Mms/FreeMessageReceiverService: onHandleIntent: ACTION_PACKAGE_DATA_CLEARED
03-24 15:25:13.321 12465 12482 W AudioCapabilities: Unsupported mime audio/mpeg-L1
03-24 15:25:13.321 12465 12482 W AudioCapabilities: Unsupported mime audio/mpeg-L2
03-24 15:25:13.331 12465 12482 W AudioCapabilities: Unsupported mime audio/x-ms-wma
03-24 15:25:13.331 12465 12482 W AudioCapabilities: Unsupported mime audio/x-ima
03-24 15:25:13.331  3670  4552 V BroadcastQueue: [background] Process cur broadcast BroadcastRecord{d0be20e u0 android.intent.action.PACKAGE_DATA_CLEARED qIdx=4}, state= (APP_RECEIVE) DELIVERED for app ProcessRecord{ada21a5 11822:com.android.contacts/u0a11}
03-24 15:25:13.331 12465 12482 W VideoCapabilities: Unrecognized profile/level 32768/2 for video/mp4v-es
03-24 15:25:13.331 12465 12482 W VideoCapabilities: Unrecognized profile 2130706433 for video/avc
03-24 15:25:13.331 12465 12482 W VideoCapabilities: Unrecognized profile 2130706433 for video/avc
03-24 15:25:13.331 12465 12482 W VideoCapabilities: Unrecognized profile 2130706433 for video/avc
03-24 15:25:13.331 12465 12482 W VideoCapabilities: Unrecognized profile 2130706433 for video/avc
03-24 15:25:13.331 12465 12482 W VideoCapabilities: Unrecognized profile 2130706433 for video/avc
03-24 15:25:13.331 12465 12482 W VideoCapabilities: Unrecognized profile 2130706433 for video/avc
03-24 15:25:13.331 12465 12482 W VideoCapabilities: Unrecognized profile 2130706433 for video/avc
03-24 15:25:13.331 12465 12482 W VideoCapabilities: Unrecognized profile 2130706433 for video/avc
03-24 15:25:13.331 12465 12482 W VideoCapabilities: Unrecognized profile 2130706433 for video/avc
03-24 15:25:13.331 12465 12482 W VideoCapabilities: Unrecognized profile 2130706433 for video/avc
03-24 15:25:13.331 12465 12482 W VideoCapabilities: Unrecognized profile 2130706433 for video/avc
03-24 15:25:13.331 12465 12482 W VideoCapabilities: Unrecognized profile 2130706433 for video/avc
03-24 15:25:13.331 12465 12482 W VideoCapabilities: Unrecognized profile 2130706433 for video/avc
03-24 15:25:13.331 12465 12482 W VideoCapabilities: Unrecognized profile 2130706433 for video/avc
03-24 15:25:13.331 12465 12482 W VideoCapabilities: Unrecognized profile 2130706433 for video/avc
03-24 15:25:13.331 12465 12482 W VideoCapabilities: Unrecognized profile 2130706433 for video/avc
03-24 15:25:13.331 12465 12482 W VideoCapabilities: Unrecognized profile 2130706434 for video/avc
03-24 15:25:13.331 12465 12482 W VideoCapabilities: Unrecognized profile 2130706434 for video/avc
03-24 15:25:13.331 12465 12482 W VideoCapabilities: Unrecognized profile 2130706434 for video/avc
03-24 15:25:13.331 12465 12482 W VideoCapabilities: Unrecognized profile 2130706434 for video/avc
03-24 15:25:13.331 12465 12482 W VideoCapabilities: Unrecognized profile 2130706434 for video/avc
03-24 15:25:13.331 12465 12482 W VideoCapabilities: Unrecognized profile 2130706434 for video/avc
03-24 15:25:13.331 12465 12482 W VideoCapabilities: Unrecognized profile 2130706434 for video/avc
03-24 15:25:13.331 12465 12482 W VideoCapabilities: Unrecognized profile 2130706434 for video/avc
03-24 15:25:13.331 12465 12482 W VideoCapabilities: Unrecognized profile 2130706434 for video/avc
03-24 15:25:13.331 12465 12482 W VideoCapabilities: Unrecognized profile 2130706434 for video/avc
03-24 15:25:13.331 12465 12482 W VideoCapabilities: Unrecognized profile 2130706434 for video/avc
03-24 15:25:13.331 12465 12482 W VideoCapabilities: Unrecognized profile 2130706434 for video/avc
03-24 15:25:13.331 12465 12482 W VideoCapabilities: Unrecognized profile 2130706434 for video/avc
03-24 15:25:13.331 12465 12482 W VideoCapabilities: Unrecognized profile 2130706434 for video/avc
03-24 15:25:13.331 12465 12482 W VideoCapabilities: Unrecognized profile 2130706434 for video/avc
03-24 15:25:13.331 12465 12482 W VideoCapabilities: Unrecognized profile 2130706434 for video/avc
03-24 15:25:13.331 12465 12482 W VideoCapabilities: Unrecognized profile 2130706433 for video/avc
03-24 15:25:13.331 12465 12482 W VideoCapabilities: Unrecognized profile 2130706433 for video/avc
03-24 15:25:13.331 12465 12482 W VideoCapabilities: Unrecognized profile 2130706433 for video/avc
03-24 15:25:13.331 12465 12482 W VideoCapabilities: Unrecognized profile 2130706433 for video/avc
03-24 15:25:13.331 12465 12482 W VideoCapabilities: Unrecognized profile 2130706433 for video/avc
03-24 15:25:13.331 12465 12482 W VideoCapabilities: Unrecognized profile 2130706433 for video/avc
03-24 15:25:13.331 12465 12482 W VideoCapabilities: Unrecognized profile 2130706433 for video/avc
03-24 15:25:13.331 12465 12482 W VideoCapabilities: Unrecognized profile 2130706433 for video/avc
03-24 15:25:13.331 12465 12482 W VideoCapabilities: Unrecognized profile 2130706433 for video/avc
03-24 15:25:13.331 12465 12482 W VideoCapabilities: Unrecognized profile 2130706433 for video/avc
03-24 15:25:13.331 12465 12482 W VideoCapabilities: Unrecognized profile 2130706433 for video/avc
03-24 15:25:13.331 12465 12482 W VideoCapabilities: Unrecognized profile 2130706433 for video/avc
03-24 15:25:13.331 12465 12482 W VideoCapabilities: Unrecognized profile 2130706433 for video/avc
03-24 15:25:13.331 12465 12482 W VideoCapabilities: Unrecognized profile 2130706433 for video/avc
03-24 15:25:13.331 12465 12482 W VideoCapabilities: Unrecognized profile 2130706433 for video/avc
03-24 15:25:13.331 12465 12482 W VideoCapabilities: Unrecognized profile 2130706433 for video/avc
03-24 15:25:13.331 12465 12482 W VideoCapabilities: Unrecognized profile 2130706434 for video/avc
03-24 15:25:13.331 12465 12482 W VideoCapabilities: Unrecognized profile 2130706434 for video/avc
03-24 15:25:13.331 12465 12482 W VideoCapabilities: Unrecognized profile 2130706434 for video/avc
03-24 15:25:13.331 12465 12482 W VideoCapabilities: Unrecognized profile 2130706434 for video/avc
03-24 15:25:13.331 12465 12482 W VideoCapabilities: Unrecognized profile 2130706434 for video/avc
03-24 15:25:13.331 12465 12482 W VideoCapabilities: Unrecognized profile 2130706434 for video/avc
03-24 15:25:13.331 12465 12482 W VideoCapabilities: Unrecognized profile 2130706434 for video/avc
03-24 15:25:13.331 12465 12482 W VideoCapabilities: Unrecognized profile 2130706434 for video/avc
03-24 15:25:13.331 12465 12482 W VideoCapabilities: Unrecognized profile 2130706434 for video/avc
03-24 15:25:13.331 12465 12482 W VideoCapabilities: Unrecognized profile 2130706434 for video/avc
03-24 15:25:13.331 12465 12482 W VideoCapabilities: Unrecognized profile 2130706434 for video/avc
03-24 15:25:13.331 12465 12482 W VideoCapabilities: Unrecognized profile 2130706434 for video/avc
03-24 15:25:13.331 12465 12482 W VideoCapabilities: Unrecognized profile 2130706434 for video/avc
03-24 15:25:13.331 12465 12482 W VideoCapabilities: Unrecognized profile 2130706434 for video/avc
03-24 15:25:13.331 12465 12482 W VideoCapabilities: Unrecognized profile 2130706434 for video/avc
03-24 15:25:13.331 12465 12482 W VideoCapabilities: Unrecognized profile 2130706434 for video/avc
03-24 15:25:13.341 12465 12482 W VideoCapabilities: Unsupported mime video/wvc1
03-24 15:25:13.341 12465 12482 W VideoCapabilities: Unsupported mime video/x-ms-wmv
03-24 15:25:13.341  3670  4552 V BroadcastQueue: [background] Process cur broadcast BroadcastRecord{d0be20e u0 android.intent.action.PACKAGE_DATA_CLEARED qIdx=4}, state= (APP_RECEIVE) DELIVERED for app ProcessRecord{d54f8ec 12221:com.samsung.android.weather/u0a77}
03-24 15:25:13.351 12221 12221 D [WeatherApp(1236)]  : {[210EBC5507306FD4A50F1D40A85780C068F240D41FBB267D51FF013BE0DD2039C2D12A1E8BDFBC0AEF71E0B60AC5CC1257983AB444C2B609C0595121A88B8667126ECD7216DE7D2CE75D86A1801F9BBE78FBFBEB799E5575E2D9DAD51288243B5A63DDAD069337FD6A3E71263149F35F40291D6406B56B349769C2DB709665DC]}
03-24 15:25:13.351 12465 12482 W VideoCapabilities: Unrecognized profile/level 32768/2 for video/mp4v-es
03-24 15:25:13.351 12465 12482 W VideoCapabilities: Unsupported mime video/wvc1
03-24 15:25:13.351 12465 12482 W VideoCapabilities: Unsupported mime video/x-ms-wmv
03-24 15:25:13.351 12465 12482 W VideoCapabilities: Unsupported mime video/x-ms-wmv7
03-24 15:25:13.351 12465 12482 W VideoCapabilities: Unsupported mime video/x-ms-wmv8
03-24 15:25:13.351 12465 12482 W VideoCapabilities: Unsupported mime video/mp43
03-24 15:25:13.351 12465 12482 W VideoCapabilities: Unrecognized profile 2130706433 for video/avc
03-24 15:25:13.351 12465 12482 W VideoCapabilities: Unrecognized profile 2130706433 for video/avc
03-24 15:25:13.351 12465 12482 W VideoCapabilities: Unrecognized profile 2130706433 for video/avc
03-24 15:25:13.351 12465 12482 W VideoCapabilities: Unrecognized profile 2130706433 for video/avc
03-24 15:25:13.351 12465 12482 W VideoCapabilities: Unrecognized profile 2130706433 for video/avc
03-24 15:25:13.351 12465 12482 W VideoCapabilities: Unrecognized profile 2130706433 for video/avc
03-24 15:25:13.351 12465 12482 W VideoCapabilities: Unrecognized profile 2130706433 for video/avc
03-24 15:25:13.351 12465 12482 W VideoCapabilities: Unrecognized profile 2130706433 for video/avc
03-24 15:25:13.351 12465 12482 W VideoCapabilities: Unrecognized profile 2130706433 for video/avc
03-24 15:25:13.351 12465 12482 W VideoCapabilities: Unrecognized profile 2130706433 for video/avc
03-24 15:25:13.351 12465 12482 W VideoCapabilities: Unrecognized profile 2130706433 for video/avc
03-24 15:25:13.351 12465 12482 W VideoCapabilities: Unrecognized profile 2130706433 for video/avc
03-24 15:25:13.351 12465 12482 W VideoCapabilities: Unrecognized profile 2130706433 for video/avc
03-24 15:25:13.351 12465 12482 W VideoCapabilities: Unrecognized profile 2130706433 for video/avc
03-24 15:25:13.351 12465 12482 W VideoCapabilities: Unrecognized profile 2130706433 for video/avc
03-24 15:25:13.351 12465 12482 W VideoCapabilities: Unrecognized profile 2130706433 for video/avc
03-24 15:25:13.351 12465 12482 W VideoCapabilities: Unrecognized profile 2130706434 for video/avc
03-24 15:25:13.351 12465 12482 W VideoCapabilities: Unrecognized profile 2130706434 for video/avc
03-24 15:25:13.351 12465 12482 W VideoCapabilities: Unrecognized profile 2130706434 for video/avc
03-24 15:25:13.351 12465 12482 W VideoCapabilities: Unrecognized profile 2130706434 for video/avc
03-24 15:25:13.351 12465 12482 W VideoCapabilities: Unrecognized profile 2130706434 for video/avc
03-24 15:25:13.351 12465 12482 W VideoCapabilities: Unrecognized profile 2130706434 for video/avc
03-24 15:25:13.351 12465 12482 W VideoCapabilities: Unrecognized profile 2130706434 for video/avc
03-24 15:25:13.351 12465 12482 W VideoCapabilities: Unrecognized profile 2130706434 for video/avc
03-24 15:25:13.351 12465 12482 W VideoCapabilities: Unrecognized profile 2130706434 for video/avc
03-24 15:25:13.351 12465 12482 W VideoCapabilities: Unrecognized profile 2130706434 for video/avc
03-24 15:25:13.351 12465 12482 W VideoCapabilities: Unrecognized profile 2130706434 for video/avc
03-24 15:25:13.351 12465 12482 W VideoCapabilities: Unrecognized profile 2130706434 for video/avc
03-24 15:25:13.351 12465 12482 W VideoCapabilities: Unrecognized profile 2130706434 for video/avc
03-24 15:25:13.351 12465 12482 W VideoCapabilities: Unrecognized profile 2130706434 for video/avc
03-24 15:25:13.351 12465 12482 W VideoCapabilities: Unrecognized profile 2130706434 for video/avc
03-24 15:25:13.351 12465 12482 W VideoCapabilities: Unrecognized profile 2130706434 for video/avc
03-24 15:25:13.361 12465 12482 W VideoCapabilities: Unrecognized profile/level 32768/2 for video/mp4v-es
03-24 15:25:13.361 12153 12346 W art     : Verification of void q.d() took 273.900ms
03-24 15:25:13.371  3670  4552 V BroadcastQueue: [background] Process cur broadcast BroadcastRecord{d0be20e u0 android.intent.action.PACKAGE_DATA_CLEARED qIdx=4}, state= (APP_RECEIVE) DELIVERED for app ProcessRecord{48a55a2 12131:com.samsung.android.coreapps/5011}
03-24 15:25:13.371 12465 12482 I VideoCapabilities: Unsupported profile 4 for video/mp4v-es
03-24 15:25:13.381  3670  4552 V BroadcastQueue: [background] Process cur broadcast BroadcastRecord{d0be20e u0 android.intent.action.PACKAGE_DATA_CLEARED qIdx=4}, state= (APP_RECEIVE) DELIVERED for app ProcessRecord{24a0233 12249:com.android.documentsui/u0a92}
03-24 15:25:13.381  3670  3698 V BroadcastQueue: [background] Process cur broadcast BroadcastRecord{d0be20e u0 android.intent.action.PACKAGE_DATA_CLEARED qIdx=4}, state= (APP_RECEIVE) DELIVERED for app ProcessRecord{2f61a94 7226:com.sec.android.daemonapp/u0a145}
03-24 15:25:13.381  7226  7226 D [WeatherWidget(1236)]  ClearDataReceiver: {[2B4A2AC40B5A9FD87A06E8EADDAC90140D0735C4111B00ED5A4BFDD943296A603CF64C72E7F3E6D25FF9ACC8831CFEFAAF9CFCCA971A42420C7C4462190C6970D4522B06ADB15EB3E59FE8EB8A3E9AFD587790E7525E9B2C629DB8BB87C6ACCAFC257863C371D4D677465673D32DD8E1]}
03-24 15:25:13.391  3670  4550 I PersonaManager: mKnoxInfo is empty
03-24 15:25:13.391 12465 12482 W VideoCapabilities: Unsupported mime video/sorenson
03-24 15:25:13.391  3670  3931 I PersonaManager: mKnoxInfo is empty
03-24 15:25:13.391  3670  3698 V BroadcastQueue: [background] Process cur broadcast BroadcastRecord{d0be20e u0 android.intent.action.PACKAGE_DATA_CLEARED qIdx=4}, state= (APP_RECEIVE) DELIVERED for app ProcessRecord{77b88c6 12272:com.android.calendar/u0a164}
03-24 15:25:13.401 12153 12346 W cr_tabmodel: Starting to perform legacy migration.
03-24 15:25:13.401 12153 12346 W cr_tabmodel: Finished performing legacy migration.
03-24 15:25:13.401 12153 12346 W cr_tabmodel: Starting to perform multi-instance migration.
03-24 15:25:13.401 12153 12346 W cr_tabmodel: Finished performing multi-instance migration.
03-24 15:25:13.401 12153 12346 I cr_tabmodel: Starting to fetch tab list for tab_state0
03-24 15:25:13.401 12153 12346 I cr_tabmodel: State file does not exist.
03-24 15:25:13.401 12153 12346 I cr_tabmodel: Starting to fetch tab list for tab_state_browser_actions
03-24 15:25:13.401 12153 12346 I cr_tabmodel: State file does not exist.
03-24 15:25:13.401  3670  3698 V BroadcastQueue: [background] Process cur broadcast BroadcastRecord{d0be20e u0 android.intent.action.PACKAGE_DATA_CLEARED qIdx=4}, state= (APP_RECEIVE) DELIVERED for app ProcessRecord{269c087 12312:com.sec.android.app.sbrowser/u0a168}
03-24 15:25:13.401 12312 12312 E WebContentsProviderReceiver: onReceive - not approved application
03-24 15:25:13.401  3670  3697 D SecContentProvider: query(), uri = 2 selection = isAuditLogEnabled
03-24 15:25:13.411  3670  4524 D SecContentProvider: query(), uri = 5 selection = getAutoFillSetting
03-24 15:25:13.411  3670  4409 D SecContentProvider: query(), uri = 5 selection = getCookiesSetting
03-24 15:25:13.411  3670  3698 V BroadcastQueue: [background] Process cur broadcast BroadcastRecord{d0be20e u0 android.intent.action.PACKAGE_DATA_CLEARED qIdx=4}, state= (APP_RECEIVE) DELIVERED for app ProcessRecord{b17de23 12153:com.android.chrome/u0a88}
03-24 15:25:13.411  3670  4952 D SecContentProvider: query(), uri = 5 selection = getHttpProxy
03-24 15:25:13.411  3670  4550 D SecContentProvider: query(), uri = 5 selection = getJavaScriptSetting
03-24 15:25:13.411  3670  4452 D SecContentProvider: query(), uri = 5 selection = getPopupsSetting
03-24 15:25:13.411  3670  4946 D SecContentProvider: query(), uri = 22 selection = isAuthenticationEnabled
03-24 15:25:13.421  3670  4552 D SecContentProvider: query(), uri = 10 selection = getURLFilterList
03-24 15:25:13.421  3670  4407 D SecContentProvider: query(), uri = 10 selection = getURLFilterEnabled
03-24 15:25:13.421  3670  4421 D SecContentProvider: query(), uri = 10 selection = getURLFilterReportEnabled
03-24 15:25:13.421  3670  4454 D SecContentProvider: query(), uri = 2 selection = isAuditLogEnabled
03-24 15:25:13.421 12465 12482 D mali_winsys: new_window_surface returns 0x3000,  [1440x2464]-format:1
03-24 15:25:13.421 12465 12482 D         : ro.exynos.dss isEnabled: 0
03-24 15:25:13.421  3670  3697 D SecContentProvider: query(), uri = 5 selection = getAutoFillSetting
03-24 15:25:13.421  3670  4524 D SecContentProvider: query(), uri = 5 selection = getCookiesSetting
03-24 15:25:13.421  3670  4016 D SecContentProvider: query(), uri = 5 selection = getHttpProxy
03-24 15:25:13.421  3670  4947 D SecContentProvider: query(), uri = 5 selection = getJavaScriptSetting
03-24 15:25:13.421  3670  4409 D SecContentProvider: query(), uri = 5 selection = getPopupsSetting
03-24 15:25:13.421  3670  4143 D SecContentProvider: query(), uri = 22 selection = isAuthenticationEnabled
03-24 15:25:13.421  3670  4952 D SecContentProvider: query(), uri = 10 selection = getURLFilterList
03-24 15:25:13.431  3670  3698 D SecContentProvider: query(), uri = 10 selection = getURLFilterEnabled
03-24 15:25:13.431 12465 12482 D libGLESv2: DTS_GLAPI : DTS is not allowed for Package : com.android.chrome:privileged_process0
03-24 15:25:13.431  3670  4550 D SecContentProvider: query(), uri = 10 selection = getURLFilterReportEnabled
03-24 15:25:13.431  3025  4174 I SurfaceFlinger: id=737 Removed dhrome (4/10)
03-24 15:25:13.431  3025  3212 I SurfaceFlinger: id=737 Removed dhrome (-2/10)
03-24 15:25:13.451  3025  3025 D libEGL  : eglTerminate EGLDisplay = 0x7ff3f31e58
03-24 15:25:13.481  3025  3025 D libEGL  : eglInitialize EGLDisplay = 0x7ff3f31d28
03-24 15:25:13.481  3670  4946 V BroadcastQueue: [background] Process cur broadcast BroadcastRecord{d0be20e u0 android.intent.action.PACKAGE_DATA_CLEARED qIdx=4}, state= (APP_RECEIVE) DELIVERED for app ProcessRecord{68a6177 7275:com.google.android.gms.persistent/u0a15}
03-24 15:25:13.491 12534 12534 E Zygote  : v2
03-24 15:25:13.491 12534 12534 I libpersona: KNOX_SDCARD checking this for 10018
03-24 15:25:13.491 12534 12534 I libpersona: KNOX_SDCARD not a persona
03-24 15:25:13.491  3670  4524 I ActivityManager: Start proc 12534:com.google.android.partnersetup/u0a18 for content provider com.google.android.partnersetup/.RlzAppProvider
03-24 15:25:13.501 12534 12534 W SELinux : Function: selinux_compare_spd_ram, index[1], priority [2], priority version is VE=SEPF_SECMOBILE_6.0.1_0003
03-24 15:25:13.501 12534 12534 E Zygote  : accessInfo : 0
03-24 15:25:13.501 12534 12534 W SELinux : SELinux: seapp_context_lookup: seinfo=untrusted, level=s0:c512,c768, pkgname=com.google.android.partnersetup 
03-24 15:25:13.501  3670  4143 I PersonaManager: mKnoxInfo is empty
03-24 15:25:13.501  3670  4952 I PersonaManager: mKnoxInfo is empty
03-24 15:25:13.511  3670  4550 I PersonaManager: mKnoxInfo is empty
