03-24 15:26:16.321  3670  3670 D GameManagerService: NotifyRunnable. pkg: com.microsoft.emmx, type: 4, isMinimized: false, isTunableApp: false
03-24 15:26:16.321  3670  3796 V MARsPolicyManager: updatePackagesScore PackageInfo name -- com.microsoft.emmx
03-24 15:26:16.321  3670  6805 D GameManagerService: identifyGamePackage. com.microsoft.emmx
03-24 15:26:16.321  3670  6805 D GameManagerService: identifyGamePackage. com.microsoft.emmx
03-24 15:26:16.321 14116 14116 W ResourcesManager: getTopLevelResources: /data/app/com.microsoft.emmx-1/base.apk / 1.0 running in com.microsoft.emmx rsrc of package com.microsoft.emmx
03-24 15:26:16.331  3670  4552 I InjectionManagerService -AppFeature: getCoreFeaturePkgList :[]
03-24 15:26:16.331 14116 14116 I InjectionManager: Inside getClassLibPath + mLibMap{0=, 1=}
03-24 15:26:16.331  3670  6805 D ConnectivityService: returning getNetworkInfo for network type 1 : [type: WIFI[] - WIFI, state: CONNECTED/CONNECTED, reason: (unspecified), extra: "DataStructures", roaming: false, failover: false, isAvailable: true]
03-24 15:26:16.331  3670  6805 D ConnectivityService: returning getNetworkInfo for network type 1 : [type: WIFI[] - WIFI, state: CONNECTED/CONNECTED, reason: (unspecified), extra: "DataStructures", roaming: false, failover: false, isAvailable: true]
03-24 15:26:16.341  3670  6805 D GameManagerService: identifyGamePackage. com.microsoft.emmx
03-24 15:26:16.351 14116 14116 D ResourcesManager: For user 0 new overlays fetched Null
03-24 15:26:16.351 14116 14116 I InjectionManager: Inside getClassLibPath caller 
03-24 15:26:16.411 14116 14116 I MAMInfo : MAMInfo initialized. Debug=false, UseTestAgent=false, ManagedDialogDisabled=false, DeprecationDialogDisabled=false, PolicyRequired=false, MultiIdentityEnabled=true, FullBackupContent=true, UseDefaultEnrollment=false, ExceptionOnInit=false, Debuggable=false
03-24 15:26:16.421  3670  4454 E PackageManager: Failed to generatePackageInfoFromSettingsLPw, There isn't package setting object for 
03-24 15:26:16.421  3670  4016 E PackageManager: Failed to generatePackageInfoFromSettingsLPw, There isn't package setting object for 
03-24 15:26:16.421 14116 14116 I MultiDex: VM with version 2.1.0 has multidex support
03-24 15:26:16.421 14116 14116 I MultiDex: install
03-24 15:26:16.421 14116 14116 I MultiDex: VM has multidex support, MultiDex support library is disabled.
03-24 15:26:16.421 14116 14116 I cr_base_multidex: Completed multidex installation.
03-24 15:26:16.511 14116 14116 I FirebaseInitProvider: FirebaseApp initialization successful
03-24 15:26:16.531 14116 14116 W ResourcesManager: getTopLevelResources: /data/app/com.microsoft.emmx-1/base.apk / 1.0 running in com.microsoft.emmx rsrc of package com.microsoft.emmx
03-24 15:26:16.561 14116 14116 W ResourcesManager: getTopLevelResources: /data/app/com.microsoft.emmx-1/base.apk / 1.0 running in com.microsoft.emmx rsrc of package com.microsoft.emmx
03-24 15:26:16.561  3670  4552 D VoldConnector: SND -> {41 volume mkdirs /storage/emulated/0/Android/data/com.microsoft.emmx/cache/}
03-24 15:26:16.561  2999  3238 D VoldCmdListener: volume mkdirs /storage/emulated/0/Android/data/com.microsoft.emmx/cache/
03-24 15:26:16.561  2999  3238 D VoldCmdListener: CommandListener::runCommand() cmd:mkdirs
03-24 15:26:16.571  3670  4000 D VoldConnector: RCV <- {200 41 Command succeeded}
03-24 15:26:16.591 14116 14138 I cr_MMXManager: MMX init start: 1553423176594
03-24 15:26:16.591 14116 14139 W cr_DualIdentityManager: No need to do AAD profile migration!
03-24 15:26:16.591 14116 14139 W cr_DualIdentityManager: Finished performing dual identity migration.
03-24 15:26:16.591 14116 14139 W cr_DualIdentityManager: Finished performing dual identity decryption migration.
03-24 15:26:16.601 14116 14141 W System.err: remove failed: ENOENT (No such file or directory) : /data/user/0/com.microsoft.emmx/shared_prefs/com.microsoft.emmx_preferences.xml.bak
03-24 15:26:16.621 14116 14145 I System.out: (HTTPLog)-Static: isSBSettingEnabled false
03-24 15:26:16.621 14116 14145 I System.out: (HTTPLog)-Static: isSBSettingEnabled false
03-24 15:26:16.621 14116 14138 I Reporting: Builder constructor
03-24 15:26:16.621  3037  3741 D EnterpriseController: netId is 0
03-24 15:26:16.621  3037  3741 D Netd    : getNetworkForDns: using netid 510 for uid 10098
03-24 15:26:16.621 14116 14138 I Reporting: Initialize
03-24 15:26:16.621 14116 14138 I EventBase: constructor
03-24 15:26:16.621 14116 14138 I SystemInfoCollector: getSystemInfo
03-24 15:26:16.621 14116 14153 I SharedStateManager: packageName: com.microsoft.emmx, instanceId: 4ea80f05-46ae-40d7-a118-36629ec2d430, dedupeId: e96b3a2e-48cc-4bfe-aeab-c0a331b0dbc9, dedupeRank: 1553423176632
03-24 15:26:16.631 14116 14138 I LifeCycleActivityEvent: LifeCycleApplicationEvent constructor
03-24 15:26:16.631  3670  3796 V BroadcastQueue: [background] Process cur broadcast BroadcastRecord{34ee152 u0 com.microsoft.mmx.reporting.ACTION_JOIN qIdx=4}, state= (APP_RECEIVE) DELIVERED for app ProcessRecord{8a91c23 14116:com.microsoft.emmx/u0a98}
03-24 15:26:16.631 14116 14141 W System.err: remove failed: ENOENT (No such file or directory) : /data/user/0/com.microsoft.emmx/shared_prefs/mmxsdk.xml.bak
03-24 15:26:16.631 14116 14141 W System.err: remove failed: ENOENT (No such file or directory) : /data/user/0/com.microsoft.emmx/shared_prefs/MMXSharedState.xml.bak
03-24 15:26:16.631 14116 14141 W System.err: remove failed: ENOENT (No such file or directory) : /data/user/0/com.microsoft.emmx/shared_prefs/MMXDeduplicationState.xml.bak
03-24 15:26:16.641 14116 14141 W System.err: remove failed: ENOENT (No such file or directory) : /data/user/0/com.microsoft.emmx/shared_prefs/AppSettings.xml.bak
03-24 15:26:16.641 14116 14116 E Adjust  : Adjust not initialized correctly
03-24 15:26:16.651 14018 14088 I System.out: (HTTPLog)-Static: isSBSettingEnabled false
03-24 15:26:16.651 14018 14088 I System.out: (HTTPLog)-Static: isSBSettingEnabled false
03-24 15:26:16.651 14116 14138 I Reporting: onCreate
03-24 15:26:16.661 14116 14149 I MMXLogger: MMX Logger successfully initiated.
03-24 15:26:16.661 14116 14138 W Adjust  : PRODUCTION: Adjust is running in Production mode. Use this setting only for the build that you want to publish. Set the environment to `sandbox` if you want to test your app!
03-24 15:26:16.661 14116 14138 I ReferralClient: ReferralClient-initialize: Adjust is initialized by sdk.
03-24 15:26:16.661 14116 14138 I cr_MMXManager: MMX init end: 1553423176671
03-24 15:26:16.661 14116 14141 W System.err: remove failed: ENOENT (No such file or directory) : /data/user/0/com.microsoft.emmx/shared_prefs/MMXFeedback.xml.bak
03-24 15:26:16.671 14116 14166 E ActivityThread: Failed to find provider info for com.facebook.katana.provider.AttributionIdProvider
03-24 15:26:16.711 14116 14116 W ResourcesManager: getTopLevelResources: /data/app/com.microsoft.emmx-1/base.apk / 1.0 running in com.microsoft.emmx rsrc of package com.microsoft.emmx
03-24 15:26:16.721 14116 14141 W System.err: remove failed: ENOENT (No such file or directory) : /data/user/0/com.microsoft.emmx/shared_prefs/com.appboy.override.configuration.cache.xml.bak
03-24 15:26:16.731 14116 14116 I cr_XU   : FeatureSingle: BrazeInitialized {brazeId=06908fb1-c144-45ac-9ad1-39da194d9259}
03-24 15:26:16.741 14116 14116 D InjectionManager: InjectionManager
03-24 15:26:16.741 14116 14116 D InjectionManager: fillFeatureStoreMap com.microsoft.emmx
03-24 15:26:16.741 14116 14116 I InjectionManager: Constructor com.microsoft.emmx, Feature store :{}
03-24 15:26:16.741 14116 14116 I InjectionManager: featureStore :{}
03-24 15:26:16.741 14116 14141 W System.err: remove failed: ENOENT (No such file or directory) : /data/user/0/com.microsoft.emmx/shared_prefs/com.appboy.device.xml.bak
03-24 15:26:16.741 14116 14172 W System.err: remove failed: ENOENT (No such file or directory) : /data/user/0/com.microsoft.emmx/cache/appboy.imageloader.lru.cache/journal.bkp
03-24 15:26:16.751 14116 14116 W ResourcesManager: getTopLevelResources: /data/app/com.microsoft.emmx-1/base.apk / 1.0 running in com.microsoft.emmx rsrc of package com.microsoft.emmx
03-24 15:26:16.761 14116 14173 I System  : Failed to destroy process 14177
03-24 15:26:16.771 14116 14184 I EMMXGcmController: initializeGcm
03-24 15:26:16.771 14116 14173 I System  : android.system.ErrnoException: kill failed: ESRCH (No such process)
03-24 15:26:16.771 14116 14173 I System  : 	at libcore.io.Posix.kill(Native Method)
03-24 15:26:16.771 14116 14173 I System  : 	at libcore.io.ForwardingOs.kill(ForwardingOs.java:105)
03-24 15:26:16.771 14116 14173 I System  : 	at java.lang.ProcessManager$ProcessImpl.destroy(ProcessManager.java:260)
03-24 15:26:16.771 14116 14173 I System  : 	at ju.a(Unknown Source)
03-24 15:26:16.771 14116 14173 I System  : 	at lQ.a(Unknown Source)
03-24 15:26:16.771 14116 14173 I System  : 	at kV$1.run(Unknown Source)
03-24 15:26:16.771 14116 14173 I System  : 	at java.util.concurrent.ThreadPoolExecutor.runWorker(ThreadPoolExecutor.java:1113)
03-24 15:26:16.771 14116 14173 I System  : 	at java.util.concurrent.ThreadPoolExecutor$Worker.run(ThreadPoolExecutor.java:588)
03-24 15:26:16.771 14116 14173 I System  : 	at java.lang.Thread.run(Thread.java:818)
03-24 15:26:16.771 14116 14141 W System.err: remove failed: ENOENT (No such file or directory) : /data/user/0/com.microsoft.emmx/shared_prefs/com.appboy.support.stringutils.cachefilesuffix.xml.bak
03-24 15:26:16.771 14116 14184 I EMMXGcmController: fetchToken
03-24 15:26:16.781 14116 14184 W System.err: remove failed: ENOENT (No such file or directory) : /data/user/0/com.microsoft.emmx/shared_prefs/org.chromium.chrome.browser.services.gcm.emmxchannel.xml.bak
03-24 15:26:16.781 14116 14141 W System.err: remove failed: ENOENT (No such file or directory) : /data/user/0/com.microsoft.emmx/shared_prefs/com.appboy.storage.feedstorageprovider.d41d8cd98f00b204e9800998ecf8427e.xml.bak
03-24 15:26:16.781  3670  4143 V AlarmManager:  remove PendingIntent] PendingIntent{25948aa: PendingIntentRecord{1a3ec9b com.microsoft.emmx broadcastIntent}}
03-24 15:26:16.801 14116 14205 V MediaPlayer: decode(27, 8764500, 5795)
03-24 15:26:16.811 14116 14141 W System.err: remove failed: ENOENT (No such file or directory) : /data/user/0/com.microsoft.emmx/shared_prefs/com.appboy.storage.user_cache.v3.37a6259cc0c1dae299a7866489dff0bd.xml.bak
03-24 15:26:16.811 14116 14209 I System.out: (HTTPLog)-Static: isSBSettingEnabled false
03-24 15:26:16.811 14116 14209 I System.out: (HTTPLog)-Static: isSBSettingEnabled false
03-24 15:26:16.811  3037  3741 D EnterpriseController: netId is 0
03-24 15:26:16.811  3037  3741 D Netd    : getNetworkForDns: using netid 510 for uid 10098
03-24 15:26:16.811 14116 14116 I EnableLifecycleTask: onActivityCreated
03-24 15:26:16.811  3670  4454 I PersonaManager: mKnoxInfo is empty
03-24 15:26:16.821  3670  4454 D PackageManager: findPreferredActivity: No PreferredActivities set
03-24 15:26:16.821  3670  4454 I PackageManager: No preferred activity: intent should not be shown
03-24 15:26:16.821 14116 14184 I com.microsoft.rewards.mission.RewardsMissionManager: Mission Status: MISSION_SET_DEFAULT_BROWSER: 0
03-24 15:26:16.821 14116 14184 I com.microsoft.rewards.mission.RewardsMissionManager: Mission Status: MISSION_TURN_ON_ADD_BLOCKER: 0
03-24 15:26:16.821 14116 14184 I com.microsoft.rewards.mission.RewardsMissionManager: Mission Status: MISSION_3DAYS_STREAK: 0
03-24 15:26:16.821 14116 14184 I com.microsoft.rewards.mission.RewardsMissionManager: Mission Status: MISSION_PASSWORD_SYNC: 0
03-24 15:26:16.821 14116 14184 I com.microsoft.rewards.mission.RewardsMissionManager: Mission Status: MISSION_INSTALL_EDGE: 0
03-24 15:26:16.821 14116 14184 I com.microsoft.rewards.mission.RewardsMissionManager: Mission Status: MISSION_GET_WHATS_NEW: 0
03-24 15:26:16.821 14116 14116 I cr_InstantAppsHandler: Not handling with Instant Apps (other)
03-24 15:26:16.821  3047  3047 D OggExtractor:  correct time not found. Let's use approximate value
03-24 15:26:16.821  3047  3047 I OggExtractor: OggSource::OggSource() mExtractor ref count = 4
03-24 15:26:16.831 14116 14116 I Timeline: Timeline: Activity_launch_request id:com.microsoft.emmx time:72387761
03-24 15:26:16.831  3047  3047 I OMXCodec: Attempting to allocate OMX node 'OMX.google.vorbis.decoder'
03-24 15:26:16.831  3670  3931 I PersonaManager: mKnoxInfo is empty
03-24 15:26:16.831 14212 14212 E Zygote  : v2
03-24 15:26:16.831 14212 14212 I libpersona: KNOX_SDCARD checking this for 10089
03-24 15:26:16.831 14212 14212 I libpersona: KNOX_SDCARD not a persona
03-24 15:26:16.831 14212 14212 W SELinux : Function: selinux_compare_spd_ram, index[1], priority [2], priority version is VE=SEPF_SECMOBILE_6.0.1_0003
03-24 15:26:16.831 14212 14212 E Zygote  : accessInfo : 0
03-24 15:26:16.831 14212 14212 W SELinux : SELinux: seapp_context_lookup: seinfo=platform, level=s0:c512,c768, pkgname=com.sec.android.app.chromecustomizations 
03-24 15:26:16.841  3670  3698 I ActivityManager: Start proc 14212:com.sec.android.app.chromecustomizations/u0a89 for content provider com.sec.android.app.chromecustomizations/com.sec.samsung.android.chromecustomizations.chromecustomizationprovider
03-24 15:26:16.841  3670  3931 D GameManagerService: identifyGamePackage. com.microsoft.emmx
03-24 15:26:16.841  3670  3931 D MultiWindowPolicy: Gamemode - return 0,  when calling  identifyForegroundApp(com.microsoft.emmx)
03-24 15:26:16.841  3670  3931 D CustomFrequencyManagerService: releaseDVFSLockLocked : Getting Lock type frm List : DVFS_MIN_LIMIT  frequency : 1800000  uid : 1000  pid : 3670  tag : ACTIVITY_RESUME_BOOSTER@3
03-24 15:26:16.841  3670  3931 D CustomFrequencyManagerService: acquireDVFSLockLocked : type : DVFS_MIN_LIMIT  frequency : 1800000  uid : 1000  pid : 3670  pkgName : ACTIVITY_RESUME_BOOSTER@3
03-24 15:26:16.841  3670  3931 D ActivityManager: mDVFSHelper.acquire()
03-24 15:26:16.841  3670  3931 V WindowManager: addAppToken: AppWindowToken{1ae4302 token=Token{62cec4d ActivityRecord{2c08fe4 u0 com.microsoft.emmx/org.chromium.chrome.browser.ChromeTabbedActivity t182}}} to stack=1 task=182 at 0
03-24 15:26:16.851  3670  3931 D InputDispatcher: Focused application set to: xxxx
03-24 15:26:16.851  3670  3884 D SecWifiDisplayUtil: Metadata value : SecSettings2
03-24 15:26:16.851  3670  3884 D ViewRootImpl: #1 mView = com.android.internal.policy.PhoneWindow$DecorView{91bf77c V.E...... R.....ID 0,0-0,0}
03-24 15:26:16.851  3670  3884 D ISSUE_DEBUG: InputChannelName : 7ad305a Starting com.microsoft.emmx
03-24 15:26:16.851 14116 14116 D Activity: performCreate Call Injection manager
03-24 15:26:16.851 14116 14116 I SharedStateManager: onExternalIntentReceived
03-24 15:26:16.851 14116 14163 I OnReceiveTask:  doInBackground
03-24 15:26:16.851  3670  4143 V BroadcastQueue: [background] Process cur broadcast BroadcastRecord{915328b u0 com.google.android.gms.gcm.ACTION_SCHEDULE qIdx=4}, state= (APP_RECEIVE) DELIVERED for app ProcessRecord{68a6177 7275:com.google.android.gms.persistent/u0a15}
03-24 15:26:16.861  3670  3670 D GameManagerService: NotifyRunnable. pkg: com.microsoft.emmx, type: 4, isMinimized: false, isTunableApp: false
03-24 15:26:16.861  3025  3025 I SurfaceFlinger: id=743 createSurf (1x1),1 flag=404, fmmx
03-24 15:26:16.881  3670  3884 D ViewRootImpl: MSG_RESIZED_REPORT: ci=Rect(0, 96 - 0, 0) vi=Rect(0, 96 - 0, 0) or=1
03-24 15:26:16.881  3670  3796 V MARsPolicyManager: updatePackagesScore PackageInfo name -- com.microsoft.emmx
03-24 15:26:16.891  3670  4524 V BroadcastQueue: [background] Process cur broadcast BroadcastRecord{5ef0f68 u0 com.microsoft.mmx.reporting.ACTION_VOTE qIdx=4}, state= (APP_RECEIVE) DELIVERED for app ProcessRecord{8a91c23 14116:com.microsoft.emmx/u0a98}
03-24 15:26:16.891 14212 14212 W ResourcesManager: getTopLevelResources: /system/app/ChromeCustomizations/ChromeCustomizations.apk / 1.0 running in com.sec.android.app.chromecustomizations rsrc of package com.sec.android.app.chromecustomizations
03-24 15:26:16.901  3670  4409 I InjectionManagerService -AppFeature: getCoreFeaturePkgList :[]
03-24 15:26:16.901 14212 14212 I InjectionManager: Inside getClassLibPath + mLibMap{0=, 1=}
03-24 15:26:16.901 14212 14212 D ResourcesManager: For user 0 new overlays fetched Null
03-24 15:26:16.901  3670  4947 V AlarmManager:  remove PendingIntent] PendingIntent{feb6f81: PendingIntentRecord{e30a718 com.google.android.gms broadcastIntent}}
03-24 15:26:16.911 14212 14212 I InjectionManager: Inside getClassLibPath caller 
03-24 15:26:16.921 14212 14212 W System  : ClassLoader referenced unknown path: /system/app/ChromeCustomizations/lib/arm64
03-24 15:26:16.921  3670  3884 V WindowStateAnimator: Finishing drawing window Window{7ad305a u0 d0 Starting com.microsoft.emmx}: mDrawState=DRAW_PENDING
03-24 15:26:16.921  3025  3025 D libEGL  : eglInitialize EGLDisplay = 0x7ff3f31d28
03-24 15:26:16.931  3670  3798 D StatusBarManagerService: manageDisableList userId=0 what=0x0 pkg=Window{7ad305a u0 d0 Starting com.microsoft.emmx}
03-24 15:26:16.931 14212 14212 D InjectionManager: InjectionManager
03-24 15:26:16.931 14212 14212 D InjectionManager: fillFeatureStoreMap com.sec.android.app.chromecustomizations
03-24 15:26:16.931 14212 14212 I InjectionManager: Constructor com.sec.android.app.chromecustomizations, Feature store :{}
03-24 15:26:16.931 14212 14212 I InjectionManager: featureStore :{}
03-24 15:26:16.941  3670  4452 I PersonaManager: mKnoxInfo is empty
03-24 15:26:16.961  3047  3047 I OMXCodec: Successfully allocated OMX node 'OMX.google.vorbis.decoder'
03-24 15:26:16.961  3047  3047 I OMXCodec: >>>UHQA initOutputFormat 16
03-24 15:26:16.961  3047  3047 I OMXCodec: [OMX.google.vorbis.decoder] OMXCodec::start mState=1
03-24 15:26:16.961  3047  3047 I OMXCodec: [OMX.google.vorbis.decoder] allocating 4 buffers of size 8192 on input port
03-24 15:26:16.961  3047  3047 I OMXCodec: [OMX.google.vorbis.decoder] allocating 4 buffers of size 32768 on output port
03-24 15:26:16.961  3047 14227 I OMXCodec: [OMX.google.vorbis.decoder] Now Idle. Component sends idle done Event 
03-24 15:26:16.971 14116 14116 W ResourcesManager: getTopLevelResources: /data/app/com.microsoft.emmx-1/base.apk / 1.0 running in com.microsoft.emmx rsrc of package com.microsoft.emmx
03-24 15:26:16.971  3047 14227 I OMXCodec: [OMX.google.vorbis.decoder] 0onCmdComplete  mState =  7
03-24 15:26:16.971  3047 14227 I OMXCodec: [OMX.google.vorbis.decoder] PORT_DISABLED(1)
03-24 15:26:16.971  3047 14227 I OMXCodec: >>>UHQA initOutputFormat 16
03-24 15:26:16.971  3047 14227 I OMXCodec: [OMX.google.vorbis.decoder] allocating 4 buffers of size 32768 on output port
03-24 15:26:16.971  3047 14227 I OMXCodec: [OMX.google.vorbis.decoder] End Of Stream
03-24 15:26:16.971  3047  3047 I SoundExtractor: extract() reached EOS
03-24 15:26:16.971  3047  3047 I OMXCodec: [OMX.google.vorbis.decoder] stop mState=4
03-24 15:26:16.971  3047  3047 I OMXCodec: [OMX.google.vorbis.decoder] stop() sendCommand(279, OMX_CommandStateSet, OMX_StateIdle)
03-24 15:26:16.971  3047 14227 I OMXCodec: [OMX.google.vorbis.decoder] Now Idle. Component sends idle done Event 
03-24 15:26:16.971  3047  3047 I OMXCodec: [OMX.google.vorbis.decoder] stopOmxComponent_l() mstate = 1
03-24 15:26:16.971  3047  3047 I OggExtractor: OggSource::stop() mExtractor ref count = 1
03-24 15:26:16.971  3047  3047 I OggExtractor: OggSource::~OggSource() mExtractor !mStarted ref count = 1
03-24 15:26:16.971  3047  3047 I OggExtractor: ~OggSource --
03-24 15:26:16.971  3047  3047 I OggExtractor: ~OggExtractor ++
03-24 15:26:16.971  3047  3047 I OggExtractor: ~MyOggExtractor ++ 
03-24 15:26:16.971  3047  3047 I OggExtractor: ~MyOggExtractor --
03-24 15:26:16.971  3047  3047 I OggExtractor: ~OggExtractor --
03-24 15:26:16.971 14116 14116 D SecWifiDisplayUtil: Metadata value : SecSettings2
03-24 15:26:16.981 14116 14116 W ResourcesManager: getTopLevelResources: /data/app/com.microsoft.emmx-1/base.apk / 1.0 running in com.microsoft.emmx rsrc of package com.microsoft.emmx
03-24 15:26:16.981 14116 14116 D ResourcesManager: For user 0 new overlays fetched Null
03-24 15:26:16.981 14116 14230 V MediaPlayer: decode(33, 8764500, 5795)
03-24 15:26:16.981  3047  3695 D OggExtractor:  correct time not found. Let's use approximate value
03-24 15:26:16.981  3047  3695 I OggExtractor: OggSource::OggSource() mExtractor ref count = 4
03-24 15:26:16.981  3047  3695 I OMXCodec: Attempting to allocate OMX node 'OMX.google.vorbis.decoder'
03-24 15:26:16.981  3047  3695 I OMXCodec: Successfully allocated OMX node 'OMX.google.vorbis.decoder'
03-24 15:26:16.981  3047  3695 I OMXCodec: >>>UHQA initOutputFormat 16
03-24 15:26:16.981  3047  3695 I OMXCodec: [OMX.google.vorbis.decoder] OMXCodec::start mState=1
03-24 15:26:16.991  3047  3695 I OMXCodec: [OMX.google.vorbis.decoder] allocating 4 buffers of size 8192 on input port
03-24 15:26:16.991  3047  3695 I OMXCodec: [OMX.google.vorbis.decoder] allocating 4 buffers of size 32768 on output port
03-24 15:26:16.991  3047 14232 I OMXCodec: [OMX.google.vorbis.decoder] Now Idle. Component sends idle done Event 
03-24 15:26:16.991  3047 14232 I OMXCodec: [OMX.google.vorbis.decoder] 0onCmdComplete  mState =  7
03-24 15:26:16.991  3047 14232 I OMXCodec: [OMX.google.vorbis.decoder] PORT_DISABLED(1)
03-24 15:26:16.991  3047 14232 I OMXCodec: >>>UHQA initOutputFormat 16
03-24 15:26:16.991  3047 14232 I OMXCodec: [OMX.google.vorbis.decoder] allocating 4 buffers of size 32768 on output port
03-24 15:26:16.991  3047 14232 I OMXCodec: [OMX.google.vorbis.decoder] End Of Stream
03-24 15:26:16.991  3047  3695 I SoundExtractor: extract() reached EOS
03-24 15:26:16.991  3047  3695 I OMXCodec: [OMX.google.vorbis.decoder] stop mState=4
03-24 15:26:16.991  3047  3695 I OMXCodec: [OMX.google.vorbis.decoder] stop() sendCommand(280, OMX_CommandStateSet, OMX_StateIdle)
03-24 15:26:16.991  3047 14232 I OMXCodec: [OMX.google.vorbis.decoder] Now Idle. Component sends idle done Event 
03-24 15:26:16.991  3047  3695 I OMXCodec: [OMX.google.vorbis.decoder] stopOmxComponent_l() mstate = 1
03-24 15:26:16.991  3047  3695 I OggExtractor: OggSource::stop() mExtractor ref count = 1
03-24 15:26:16.991  3047  3695 I OggExtractor: OggSource::~OggSource() mExtractor !mStarted ref count = 1
03-24 15:26:16.991  3047  3695 I OggExtractor: ~OggSource --
03-24 15:26:16.991  3047  3695 I OggExtractor: ~OggExtractor ++
03-24 15:26:16.991  3047  3695 I OggExtractor: ~MyOggExtractor ++ 
03-24 15:26:16.991  3047  3695 I OggExtractor: ~MyOggExtractor --
03-24 15:26:16.991  3047  3695 I OggExtractor: ~OggExtractor --
03-24 15:26:17.061 14116 14116 I AppCompatDelegate: The Activity's LayoutInflater already has a Factory installed so we can not install AppCompat's
03-24 15:26:17.061 14116 14116 I EnableLifecycleTask: onActivityCreated
03-24 15:26:17.091 14116 14234 W System.err: stat failed: ENOENT (No such file or directory) : /data/user/0/com.microsoft.emmx/files/microsoft/office/feedback/floodgate/CampaignStates.json
03-24 15:26:17.091 14116 14234 W System.err: stat failed: ENOENT (No such file or directory) : /data/user/0/com.microsoft.emmx/files/microsoft/office/feedback/floodgate/CampaignStates.json
03-24 15:26:17.101 14116 14234 W System.err: stat failed: ENOENT (No such file or directory) : /data/user/0/com.microsoft.emmx/files/microsoft/office/feedback/floodgate/GovernedChannelStates.json
03-24 15:26:17.101 14116 14234 W System.err: stat failed: ENOENT (No such file or directory) : /data/user/0/com.microsoft.emmx/files/microsoft/office/feedback/floodgate/GovernedChannelStates.json
03-24 15:26:17.101 14116 14234 W System.err: stat failed: ENOENT (No such file or directory) : /data/user/0/com.microsoft.emmx/files/microsoft/office/feedback/floodgate/FloodgateSettings.json
03-24 15:26:17.101 14116 14234 W System.err: stat failed: ENOENT (No such file or directory) : /data/user/0/com.microsoft.emmx/files/microsoft/office/feedback/floodgate/FloodgateSettings.json
03-24 15:26:17.101 14116 14234 W System.err: stat failed: ENOENT (No such file or directory) : /data/user/0/com.microsoft.emmx/files/microsoft/office/feedback/floodgate/SurveyActivationStats.json
03-24 15:26:17.101 14116 14234 W System.err: stat failed: ENOENT (No such file or directory) : /data/user/0/com.microsoft.emmx/files/microsoft/office/feedback/floodgate/SurveyActivationStats.json
03-24 15:26:17.101 14116 14234 W System.err: stat failed: ENOENT (No such file or directory) : /data/user/0/com.microsoft.emmx/files/microsoft/office/feedback/floodgate/SurveyEventActivityStats.json
03-24 15:26:17.101 14116 14234 W System.err: stat failed: ENOENT (No such file or directory) : /data/user/0/com.microsoft.emmx/files/microsoft/office/feedback/floodgate/SurveyEventActivityStats.json
03-24 15:26:17.101 14116 14240 W System.err: remove failed: ENOENT (No such file or directory) : /data/user/0/com.microsoft.emmx/cache/uil-images/journal.bkp
03-24 15:26:17.111 14116 14241 I cr_LibraryLoader: Loading chrome
03-24 15:26:17.111 14116 14240 I System.out: uid: 10098 read uid: 0
03-24 15:26:17.111 14116 14240 I System.out: uid: 10098 read uid: 0
03-24 15:26:17.111 14116 14240 I System.out: uid: 10098 read uid: 1000
03-24 15:26:17.111 14116 14240 I System.out: uid: 10098 read uid: 1000
03-24 15:26:17.121 14116 14240 I System.out: uid: 10098 read uid: 10015
03-24 15:26:17.121 14116 14240 I System.out: uid: 10098 read uid: 10015
03-24 15:26:17.121 14116 14240 I System.out: uid: 10098 read uid: 10030
03-24 15:26:17.121 14116 14240 I System.out: uid: 10098 read uid: 10030
03-24 15:26:17.121 14116 14240 I System.out: uid: 10098 read uid: 10070
03-24 15:26:17.121 14116 14240 I System.out: uid: 10098 read uid: 10070
03-24 15:26:17.121 14116 14240 I System.out: uid: 10098 read uid: 10088
03-24 15:26:17.121 14116 14240 I System.out: uid: 10098 read uid: 10088
03-24 15:26:17.121 14116 14240 I System.out: uid: 10098 read uid: 10179
03-24 15:26:17.121 14116 14240 I System.out: uid: 10098 read uid: 10179
03-24 15:26:17.121 14116 14240 I System.out: uid: 10098 read uid: 0
03-24 15:26:17.121 14116 14240 I System.out: uid: 10098 read uid: 0
03-24 15:26:17.121 14116 14240 I System.out: uid: 10098 read uid: 1000
03-24 15:26:17.121 14116 14240 I System.out: uid: 10098 read uid: 1000
03-24 15:26:17.121 14116 14240 I System.out: uid: 10098 read uid: 1014
03-24 15:26:17.121 14116 14240 I System.out: uid: 10098 read uid: 1014
03-24 15:26:17.121 14116 14240 I System.out: uid: 10098 read uid: 2000
03-24 15:26:17.121 14116 14240 I System.out: uid: 10098 read uid: 2000
03-24 15:26:17.121 14116 14240 I System.out: uid: 10098 read uid: 5011
03-24 15:26:17.121 14116 14240 I System.out: uid: 10098 read uid: 5011
03-24 15:26:17.121 14116 14240 I System.out: uid: 10098 read uid: 10007
03-24 15:26:17.121 14116 14240 I System.out: uid: 10098 read uid: 10007
03-24 15:26:17.121 14116 14240 I System.out: uid: 10098 read uid: 10013
03-24 15:26:17.121 14116 14240 I System.out: uid: 10098 read uid: 10013
03-24 15:26:17.121 14116 14240 I System.out: uid: 10098 read uid: 10015
03-24 15:26:17.121 14116 14240 I System.out: uid: 10098 read uid: 10015
03-24 15:26:17.121 14116 14240 I System.out: uid: 10098 read uid: 10024
03-24 15:26:17.121 14116 14240 I System.out: uid: 10098 read uid: 10024
03-24 15:26:17.121 14116 14240 I System.out: uid: 10098 read uid: 10030
03-24 15:26:17.121 14116 14240 I System.out: uid: 10098 read uid: 10030
03-24 15:26:17.121 14116 14240 I System.out: uid: 10098 read uid: 10035
03-24 15:26:17.121 14116 14240 I System.out: uid: 10098 read uid: 10035
03-24 15:26:17.121 14116 14240 I System.out: uid: 10098 read uid: 10048
03-24 15:26:17.121 14116 14240 I System.out: uid: 10098 read uid: 10048
03-24 15:26:17.121 14116 14240 I System.out: uid: 10098 read uid: 10070
03-24 15:26:17.121 14116 14240 I System.out: uid: 10098 read uid: 10070
03-24 15:26:17.121 14116 14240 I System.out: uid: 10098 read uid: 10088
03-24 15:26:17.121 14116 14240 I System.out: uid: 10098 read uid: 10088
03-24 15:26:17.121 14116 14240 I System.out: uid: 10098 read uid: 10098
03-24 15:26:17.121 14116 14240 I System.out: uid: 10098 read uid: 10098
03-24 15:26:17.121 14116 14240 I System.out: uid: 10098 read uid: 10106
03-24 15:26:17.121 14116 14240 I System.out: uid: 10098 read uid: 10106
03-24 15:26:17.121 14116 14240 I System.out: uid: 10098 read uid: 10117
03-24 15:26:17.121 14116 14240 I System.out: uid: 10098 read uid: 10117
03-24 15:26:17.131 14116 14240 I System.out: uid: 10098 read uid: 10145
03-24 15:26:17.131 14116 14240 I System.out: uid: 10098 read uid: 10145
03-24 15:26:17.131 14116 14240 I System.out: uid: 10098 read uid: 10147
03-24 15:26:17.131 14116 14240 I System.out: uid: 10098 read uid: 10147
03-24 15:26:17.131 14116 14240 I System.out: uid: 10098 read uid: 10156
03-24 15:26:17.131 14116 14240 I System.out: uid: 10098 read uid: 10156
03-24 15:26:17.131 14116 14240 I System.out: uid: 10098 read uid: 10168
03-24 15:26:17.131 14116 14240 I System.out: uid: 10098 read uid: 10168
03-24 15:26:17.131 14116 14240 I System.out: uid: 10098 read uid: 10170
03-24 15:26:17.131 14116 14240 I System.out: uid: 10098 read uid: 10170
03-24 15:26:17.131 14116 14240 I System.out: uid: 10098 read uid: 10171
03-24 15:26:17.131 14116 14240 I System.out: uid: 10098 read uid: 10171
03-24 15:26:17.131 14116 14240 I System.out: uid: 10098 read uid: 10173
03-24 15:26:17.131 14116 14240 I System.out: uid: 10098 read uid: 10173
03-24 15:26:17.131 14116 14240 I System.out: uid: 10098 read uid: 10175
03-24 15:26:17.131 14116 14240 I System.out: uid: 10098 read uid: 10175
03-24 15:26:17.131 14116 14240 I System.out: uid: 10098 read uid: 0
03-24 15:26:17.131 14116 14240 I System.out: uid: 10098 read uid: 0
03-24 15:26:17.131 14116 14240 I System.out: uid: 10098 read uid: 10015
03-24 15:26:17.131 14116 14240 I System.out: uid: 10098 read uid: 10015
03-24 15:26:17.131 14116 14240 I System.out: uid: 10098 read uid: 0
03-24 15:26:17.131 14116 14240 I System.out: uid: 10098 read uid: 0
03-24 15:26:17.131 14116 14240 I System.out: uid: 10098 read uid: 2000
03-24 15:26:17.131 14116 14240 I System.out: uid: 10098 read uid: 2000
03-24 15:26:17.131 14116 14240 I System.out: uid: 10098 read uid: 10088
03-24 15:26:17.131 14116 14240 I System.out: uid: 10098 read uid: 10088
03-24 15:26:17.131 14116 14240 I System.out: uid: 10098 read uid: 10185
03-24 15:26:17.131 14116 14240 I System.out: uid: 10098 read uid: 10185
03-24 15:26:17.131 14116 14240 I cr_Xa   : create: choose QTagUidNetworkBytesCollector
03-24 15:26:17.131 14116 14240 I cr_BrowserInitializer: warmUpEMMXSingleton finished
03-24 15:26:17.141 14116 14116 D TextView: setTypeface with style : 0
03-24 15:26:17.151 14116 14116 D Minikin : FontFamily bestFont == NULL, so return vacant FakedFont
03-24 15:26:17.151 14116 14116 D Minikin : FontFamily bestFont == NULL, so return vacant FakedFont
03-24 15:26:17.151 14116 14116 D Minikin : FontFamily bestFont == NULL, so return vacant FakedFont
03-24 15:26:17.161 14116 14116 D TextView: setTypeface with style : 0
03-24 15:26:17.161 14116 14116 D TextView: setTypeface with style : 0
03-24 15:26:17.161 14116 14116 D TextView: setTypeface with style : 0
03-24 15:26:17.181 14116 14116 D Minikin : FontFamily bestFont == NULL, so return vacant FakedFont
03-24 15:26:17.181 14116 14116 D Minikin : FontFamily bestFont == NULL, so return vacant FakedFont
03-24 15:26:17.181 14116 14116 D Minikin : FontFamily bestFont == NULL, so return vacant FakedFont
03-24 15:26:17.191  3670  4283 E Watchdog: !@Sync 2412 [03-24 15:26:17.196]
03-24 15:26:17.211 14116 14116 D TextView: setTypeface with style : 0
03-24 15:26:17.211 14116 14116 D TextView: setTypeface with style : 0
03-24 15:26:17.211 14116 14116 D TextView: setTypeface with style : 0
03-24 15:26:17.221 14116 14116 D TextView: setTypeface with style : 0
03-24 15:26:17.221 14116 14116 D TextView: setTypeface with style : 0
03-24 15:26:17.221 14116 14116 D TextView: setTypeface with style : 0
03-24 15:26:17.261 14116 14116 D ClipboardExManager: no knox
03-24 15:26:17.271 14116 14116 D TextView: setTypeface with style : 0
03-24 15:26:17.291 14116 14241 I cr_LibraryLoader: Time to load native libraries: 197 ms (timestamps 8023-8220)
03-24 15:26:17.291 14116 14241 I chromium: [INFO:library_loader_hooks.cc(36)] Chromium logging enabled: level = 0, default verbosity = 0
03-24 15:26:17.291 14116 14241 I cr_LibraryLoader: Expected native library version number "71.0.3578.99", actual native library version number "71.0.3578.99"
03-24 15:26:17.301 14116 14163 W chromium: [WARNING:library_prefetcher.cc(300)] Incorrect code ordering
03-24 15:26:17.301 14116 14163 W chromium: [WARNING:library_prefetcher.cc(204)] Incorrect code ordering
03-24 15:26:17.301 14116 14163 W chromium: [WARNING:library_prefetcher.cc(274)] Cannot prefetch the library. status = 1
03-24 15:26:17.311 14116 14116 D TextView: setTypeface with style : 0
03-24 15:26:17.311 14116 14116 D TextView: setTypeface with style : 0
03-24 15:26:17.321 14116 14162 I cr_ui   : Using UI locale en, system locale: en (Android name: en)
03-24 15:26:17.321 14116 14162 I cr_ui   : Missing asset file: locales#lang_en/en-US.pak
03-24 15:26:17.321 14116 14162 I cr_ui   : Found asset file: locales/en-GB.pak
03-24 15:26:17.321 14116 14162 I cr_ui   : Using app bundle locale directory: locales
03-24 15:26:17.321 14116 14162 I cr_ui   : UI Language: en requires .pak files: [en-GB, en-US]
03-24 15:26:17.321 14116 14162 I cr_FileUtils: Writing to /data/user/0/com.microsoft.emmx/app_chrome/paks/en-GB.pak@331df2
03-24 15:26:17.331 14116 14186 W cr_tabmodel: Starting to perform legacy migration.
03-24 15:26:17.331 14116 14162 I cr_FileUtils: Writing to /data/user/0/com.microsoft.emmx/app_chrome/paks/en-US.pak@331df2
03-24 15:26:17.331 14116 14186 W cr_tabmodel: Finished performing legacy migration.
03-24 15:26:17.331 14116 14186 W cr_tabmodel: Starting to perform multi-instance migration.
03-24 15:26:17.331 14116 14186 W cr_tabmodel: Finished performing multi-instance migration.
03-24 15:26:17.331 14116 14186 W cr_tabmodel: Finished performing dual identity migration.
03-24 15:26:17.331 14116 14186 I cr_tabmodel: Starting to fetch tab list for tab_state0
03-24 15:26:17.331 14116 14186 I cr_tabmodel: State file does not exist.
03-24 15:26:17.331 14116 14186 I cr_tabmodel: Starting to fetch tab list for tab_state_browser_actions
03-24 15:26:17.331 14116 14186 I cr_tabmodel: State file does not exist.
03-24 15:26:17.341 14116 14116 I cr_XU   : FeatureSingle: ExpFeatureUsage {isFound=false, featureValue=false, dataSource=ExP, featureName=NewsGuard-Rollout}
03-24 15:26:17.341 14116 14116 D TextView: setTypeface with style : 0
03-24 15:26:17.341 14116 14116 D TextView: setTypeface with style : 0
03-24 15:26:17.351 14116 14116 I cr_XU   : FeatureSingle: ExpFeatureUsage {isFound=false, featureValue=false, dataSource=ExP, featureName=RadialMenu-Rollout}
03-24 15:26:17.351 14116 14116 I cr_XU   : FeatureSingle: ExpFeatureUsage {isFound=false, featureValue=false, dataSource=ExP, featureName=RadialMenu-Rollout}
03-24 15:26:17.351 14116 14116 D Activity: performCreate Call Injection manager
03-24 15:26:17.351 14116 14116 I cr_WL   : onEnterForeground() called
03-24 15:26:17.351 14116 14116 I EnableLifecycleTask: onActivityStarted
03-24 15:26:17.351 14116 14234 I cr_FloodgateManager: logActivityStartTime(AppUsageTime)
03-24 15:26:17.351  3670  4421 V AlarmManager:  remove PendingIntent] PendingIntent{31bd47b: PendingIntentRecord{fb92298 com.microsoft.emmx broadcastIntent}}
03-24 15:26:17.361 14116 14256 I System.out: (HTTPLog)-Static: isSBSettingEnabled false
03-24 15:26:17.361 14116 14256 I System.out: (HTTPLog)-Static: isSBSettingEnabled false
03-24 15:26:17.361 14116 14141 W System.err: remove failed: ENOENT (No such file or directory) : /data/user/0/com.microsoft.emmx/shared_prefs/com.appboy.storage.session_storage.d41d8cd98f00b204e9800998ecf8427e.b856ca21-b874-458d-9aea-7b2f4030f8ef.xml.bak
03-24 15:26:17.361  3037  3741 D EnterpriseController: netId is 0
03-24 15:26:17.361  3037  3741 D Netd    : getNetworkForDns: using netid 510 for uid 10098
03-24 15:26:17.361  3670  3931 I PersonaManager: mKnoxInfo is empty
03-24 15:26:17.361 14116 14258 I System.out: (HTTPLog)-Static: isSBSettingEnabled false
03-24 15:26:17.361 14116 14258 I System.out: (HTTPLog)-Static: isSBSettingEnabled false
03-24 15:26:17.361  3037  3741 D EnterpriseController: netId is 0
03-24 15:26:17.361  3037  3741 D Netd    : getNetworkForDns: using netid 510 for uid 10098
03-24 15:26:17.361  3670  3931 D PackageManager: findPreferredActivity: No PreferredActivities set
03-24 15:26:17.361  3670  3931 I PackageManager: No preferred activity: intent should not be shown
03-24 15:26:17.361 14116 14259 D TokenSharingManager_v1.3.7: Library works in release mode
03-24 15:26:17.371 14116 14116 I InjectionManager: dispatchOnViewCreated > Target : org.chromium.chrome.browser.ChromeTabbedActivity isFragment :false
03-24 15:26:17.371 14116 14207 I System.out: (HTTPLog)-Static: isSBSettingEnabled false
03-24 15:26:17.371 14116 14207 I System.out: (HTTPLog)-Static: isSBSettingEnabled false
03-24 15:26:17.371 14116 14234 I cr_FloodgateManager: logActivity() called with: activity = [AppResume]
03-24 15:26:17.371 14116 14263 I System.out: (HTTPLog)-Static: isSBSettingEnabled false
03-24 15:26:17.371 14116 14263 I System.out: (HTTPLog)-Static: isSBSettingEnabled false
03-24 15:26:17.371  3037  3741 D EnterpriseController: netId is 0
03-24 15:26:17.371  3037  3741 D Netd    : getNetworkForDns: using netid 510 for uid 10098
03-24 15:26:17.371  3670  4952 I PersonaManager: mKnoxInfo is empty
03-24 15:26:17.371  3670  4952 D PackageManager: findPreferredActivity: No PreferredActivities set
03-24 15:26:17.371  3670  4952 I PackageManager: No preferred activity: intent should not be shown
03-24 15:26:17.371 14116 14116 I EnableLifecycleTask: onActivityResumed class org.chromium.chrome.browser.ChromeTabbedActivity
03-24 15:26:17.371 14116 14116 I Reporting: onResume
03-24 15:26:17.381 14116 14269 W System.err: com.microsoft.rewards.RewardsClientException
03-24 15:26:17.381 14116 14269 W System.err: 	at com.microsoft.rewards.modernplatform.RewardsService.a(PG:123)
03-24 15:26:17.381 14116 14269 W System.err: 	at VR.a(PG:1075)
03-24 15:26:17.381 14116 14269 W System.err: 	at VW.run(Unknown Source)
03-24 15:26:17.381 14116 14269 W System.err: 	at java.util.concurrent.ThreadPoolExecutor.runWorker(ThreadPoolExecutor.java:1113)
03-24 15:26:17.381 14116 14269 W System.err: 	at java.util.concurrent.ThreadPoolExecutor$Worker.run(ThreadPoolExecutor.java:588)
03-24 15:26:17.381 14116 14269 W System.err: 	at java.lang.Thread.run(Thread.java:818)
03-24 15:26:17.391 14116 14146 I System.out: (HTTPLog)-Static: isSBSettingEnabled false
03-24 15:26:17.391 14116 14146 I System.out: (HTTPLog)-Static: isSBSettingEnabled false
03-24 15:26:17.391  3037  3741 D EnterpriseController: netId is 0
03-24 15:26:17.391  3037  3741 D Netd    : getNetworkForDns: using netid 510 for uid 10098
03-24 15:26:17.391 14116 14274 I System.out: (HTTPLog)-Static: isSBSettingEnabled false
03-24 15:26:17.391 14116 14274 I System.out: (HTTPLog)-Static: isSBSettingEnabled false
03-24 15:26:17.391  3037  3741 D EnterpriseController: netId is 0
03-24 15:26:17.391  3037  3741 D Netd    : getNetworkForDns: using netid 510 for uid 10098
03-24 15:26:17.391 14116 14116 D SecWifiDisplayUtil: Metadata value : SecSettings2
03-24 15:26:17.401 14116 14116 D ViewRootImpl: #1 mView = com.android.internal.policy.MultiPhoneWindow$MultiPhoneDecorView{eee3fbf I.E...... R.....ID 0,0-0,0}
03-24 15:26:17.401 14116 14276 D OpenGLRenderer: Use EGL_SWAP_BEHAVIOR_PRESERVED: true
03-24 15:26:17.401  3670  4409 D ISSUE_DEBUG: InputChannelName : 969d044 com.microsoft.emmx/org.chromium.chrome.browser.ChromeTabbedActivity
03-24 15:26:17.411 14116 14116 I EnableLifecycleTask: onActivityDestroyed class org.chromium.chrome.browser.document.ChromeLauncherActivity
03-24 15:26:17.411 14116 14116 I SharedStateManager: onExternalIntentReceived
03-24 15:26:17.411 14116 14163 I OnReceiveTask:  doInBackground
03-24 15:26:17.411 14116 14141 W System.err: remove failed: ENOENT (No such file or directory) : /data/user/0/com.microsoft.emmx/shared_prefs/HockeyApp.xml.bak
03-24 15:26:17.411 14116 14163 I SharedStateManager: packageName: com.microsoft.emmx, instanceId: 4ea80f05-46ae-40d7-a118-36629ec2d430, dedupeId: e96b3a2e-48cc-4bfe-aeab-c0a331b0dbc9, dedupeRank: 1553423176632
03-24 15:26:17.421 14116 14283 W cr_ChildProcLH: Create a new ChildConnectionAllocator with package name = com.microsoft.emmx, sandboxed = true
03-24 15:26:17.421  3670  4946 I PersonaManager: mKnoxInfo is empty
03-24 15:26:17.431 14285 14285 E Zygote  : v2
03-24 15:26:17.431 14285 14285 I libpersona: KNOX_SDCARD checking this for 99238
03-24 15:26:17.431 14285 14285 I libpersona: KNOX_SDCARD not a persona
03-24 15:26:17.431 14285 14285 W SELinux : Function: selinux_compare_spd_ram, index[1], priority [2], priority version is VE=SEPF_SECMOBILE_6.0.1_0003
03-24 15:26:17.431  3670  4946 I ActivityManager: Start proc 14285:com.microsoft.emmx:sandboxed_process0/u0i238 for service com.microsoft.emmx/org.chromium.content.app.EdgeSandboxedProcessService0
03-24 15:26:17.431 14116 14116 D MultiPhoneWindow: performUpdateVisibility, same visibility false
03-24 15:26:17.431  3670  4947 I PersonaManager: mKnoxInfo is empty
03-24 15:26:17.441 14285 14285 E Zygote  : accessInfo : 0
03-24 15:26:17.441 14285 14285 W SELinux : SELinux: seapp_context_lookup: seinfo=default, level=s0:c512,c768, pkgname=com.microsoft.emmx:sandboxed_process0 
03-24 15:26:17.471  3025  3025 I SurfaceFlinger: id=744 createSurf (1440x2560),1 flag=4, DhromeTabbe
03-24 15:26:17.471  3670  3798 D StatusBarManagerService: manageDisableList userId=0 what=0x0 pkg=Window{969d044 u0 d0 com.microsoft.emmx/org.chromium.chrome.browser.ChromeTabbedActivity}
03-24 15:26:17.471  3670  4550 D InputDispatcher: Focus entered window: 14116
03-24 15:26:17.471  4103  4103 D PhoneStatusBar: setSystemUiVisibility vis=a600 mask=ffffffff oldVal=8600 newVal=a600 diff=2000
03-24 15:26:17.471  3670  3884 D PointerIcon: setMouseIconStyle1 pointerType: 1001 iconType:101 flag:0 pid:3670 uid:1000
03-24 15:26:17.471  3670  3884 D PointerIcon: setMouseCustomIcon IconType is same.101
03-24 15:26:17.511 14285 14285 W ResourcesManager: getTopLevelResources: /data/app/com.microsoft.emmx-1/base.apk / 1.0 running in com.microsoft.emmx rsrc of package com.microsoft.emmx
03-24 15:26:17.531 14285 14285 D ResourcesManager: For user 0 new overlays fetched Null
03-24 15:26:17.531 14285 14285 I InjectionManager: Inside getClassLibPath caller 
03-24 15:26:17.551 14116 14145 I System.out: (HTTPLog)-Static: isSBSettingEnabled false
03-24 15:26:17.551 14116 14145 I System.out: (HTTPLog)-Static: isSBSettingEnabled false
03-24 15:26:17.561 14116 14141 W System.err: remove failed: ENOENT (No such file or directory) : /data/user/0/com.microsoft.emmx/shared_prefs/AndroidCllSettingsSharedPreferences.xml.bak
03-24 15:26:17.561 14285 14285 I MAMInfo : MAMInfo initialized. Debug=false, UseTestAgent=false, ManagedDialogDisabled=false, DeprecationDialogDisabled=false, PolicyRequired=false, MultiIdentityEnabled=true, FullBackupContent=true, UseDefaultEnrollment=false, ExceptionOnInit=false, Debuggable=false
03-24 15:26:17.581 14116 14136 W System.err: remove failed: ENOENT (No such file or directory) : /data/user/0/com.microsoft.emmx/shared_prefs/com.google.android.gms.appid.xml.bak
03-24 15:26:17.581  3670  4550 I PersonaManager: mKnoxInfo is empty
03-24 15:26:17.591 14285 14285 D InjectionManager: InjectionManager
03-24 15:26:17.601 14285 14285 I InjectionManager: featureStore :{}
03-24 15:26:17.601 14285 14285 I cr_ChildProcessService: Creating new ChildProcessService pid=14285
03-24 15:26:17.601 14116 14276 D libEGL  : loaded /vendor/lib/egl/libGLES_mali.so
03-24 15:26:17.631 14116 14276 D libEGL  : eglInitialize EGLDisplay = 0xd5d897c4
03-24 15:26:17.631 14116 14276 I OpenGLRenderer: Initialized EGL, version 1.4
03-24 15:26:17.631 14116 14276 D         : ro.exynos.dss isEnabled: 0
03-24 15:26:17.641 14116 14276 D mali_winsys: new_window_surface returns 0x3000,  [1440x2560]-format:1
03-24 15:26:17.641  3670  4143 V WindowStateAnimator: Finishing drawing window Window{ef8239d u0 d0 SurfaceView}: mDrawState=NO_SURFACE
03-24 15:26:17.651 14116 14276 D libGLESv1: DTS_GLAPI : DTS is not allowed for Package : com.microsoft.emmx
03-24 15:26:17.691  3670  4952 V WindowStateAnimator: Finishing drawing window Window{969d044 u0 d0 com.microsoft.emmx/org.chromium.chrome.browser.ChromeTabbedActivity}: mDrawState=DRAW_PENDING
03-24 15:26:17.691 14116 14116 D ViewRootImpl: MSG_RESIZED_REPORT: ci=Rect(0, 96 - 0, 0) vi=Rect(0, 96 - 0, 0) or=1
03-24 15:26:17.691 14116 14116 I FeedbackSessionManager: onChromeTabbedActivityFocusChanged() called with: focus = [true]
03-24 15:26:17.691 14116 14116 I FeedbackSessionManager: checkTriggering: 
03-24 15:26:17.691  3670  3698 D InputMethodManagerService: windowGainedFocus mCurrentFocusedUserId - 0 and mSecureKeypadEnabled-false
03-24 15:26:17.691  3025  3025 D libEGL  : eglInitialize EGLDisplay = 0x7ff3f31d28
03-24 15:26:17.691  3670  3884 I ActivityManager: Displayed com.microsoft.emmx/org.chromium.chrome.browser.ChromeTabbedActivity: +835ms (total +2s789ms)
03-24 15:26:17.701  3670  3884 D CustomFrequencyManagerService: releaseDVFSLockLocked : Getting Lock type frm List : DVFS_MIN_LIMIT  frequency : 1800000  uid : 1000  pid : 3670  tag : ACTIVITY_RESUME_BOOSTER@3
03-24 15:26:17.701  3670  3884 D ActivityManager: mDVFSHelper.release()
03-24 15:26:17.701  3670  3884 I Timeline: Timeline: Activity_windows_visible id: ActivityRecord{2c08fe4 u0 com.microsoft.emmx/org.chromium.chrome.browser.ChromeTabbedActivity t182} time:72388630
03-24 15:26:17.701  3670  3796 D CustomFrequencyManagerService: acquireDVFSLockLocked : type : DVFS_MIN_LIMIT  frequency : 1800000  uid : 1000  pid : 3670  pkgName : ACTIVITY_RESUME_BOOSTER@9
03-24 15:26:17.701  3670  3884 D ViewRootImpl: #3 mView = null
03-24 15:26:17.711  3670  3698 W InputMethodManagerService: Got RemoteException sending setActive(false) notification to pid 13343 uid 10175
03-24 15:26:17.711  7402  7402 D SamsungIME: IMPL finishInput
03-24 15:26:17.721  7402  7402 D SamsungIME: SwiftKeyWrapper writeDBdataToFileOnFinishInput
03-24 15:26:17.721  7402  7402 D SamsungIME: saveAndClear +
03-24 15:26:17.731  3670  4946 V WindowStateAnimator: Finishing drawing window Window{969d044 u0 d0 com.microsoft.emmx/org.chromium.chrome.browser.ChromeTabbedActivity}: mDrawState=HAS_DRAWN
03-24 15:26:17.731 14116 14116 I cr_BrowserStartup: Initializing chromium process, singleProcess=false
03-24 15:26:17.731  3025  3025 D libEGL  : eglInitialize EGLDisplay = 0x7ff3f31d28
03-24 15:26:17.731  7402  7402 D SamsungIME: saveAndClear -
03-24 15:26:17.751  7402  7402 D SamsungIME: onStartInput: No inputType, No imeOption, isInputViewShown = false, isExtractViewShown = false, isShowInputRequested = false, isConfigChanged = false
03-24 15:26:17.771  3670  4550 I PersonaManager: mKnoxInfo is empty
03-24 15:26:17.781  7275 10425 I System.out: (HTTPLog)-Static: isSBSettingEnabled false
03-24 15:26:17.781  7275 10425 I System.out: (HTTPLog)-Static: isSBSettingEnabled false
03-24 15:26:17.781  7275 10425 I qtaguid : Tagging socket 103 with tag 3000040700000000{805307399,0} uid -1, pid: 7275, getuid(): 10015
03-24 15:26:17.841  3670  4946 D ActivityManager: The following uid has registered to recieve broadcast for proxy related updates 10098
03-24 15:26:17.851 14116 14141 W System.err: remove failed: ENOENT (No such file or directory) : /data/user/0/com.microsoft.emmx/shared_prefs/com.appboy.storage.device_cache.v3.37a6259cc0c1dae299a7866489dff0bd.xml.bak
03-24 15:26:17.861  3670  4946 W ContextImpl: Calling a method in the system process without a qualified user: android.app.ContextImpl.sendBroadcast:845 com.android.server.am.ActivityManagerService.requestKnoxVpnToSendProxyBroadcast:29793 com.android.server.am.ActivityManagerService.registerReceiver:22658 android.app.ActivityManagerNative.onTransact:431 com.android.server.am.ActivityManagerService.onTransact:3999 
03-24 15:26:17.881  3025  3732 I SurfaceFlinger: id=743 Removed fmmx (6/9)
03-24 15:26:17.881  3025  3732 I SurfaceFlinger: id=743 Removed fmmx (-2/9)
03-24 15:26:17.881  6803  6803 D Recents : onTaskStackChanged
03-24 15:26:17.891  3025  3025 D libEGL  : eglTerminate EGLDisplay = 0x7ff3f31e58
03-24 15:26:17.901  3670  4454 I PersonaManager: mKnoxInfo is empty
03-24 15:26:17.901  3670  4946 I PersonaManager: mKnoxInfo is empty
03-24 15:26:17.911  3670  4550 I PersonaManager: mKnoxInfo is empty
03-24 15:26:17.911 14116 14116 E chromium: [ERROR:shell_integration_android.cc(22)] Not implemented reached in shell_integration::DefaultWebClientSetPermission shell_integration::GetDefaultWebClientSetPermission()
03-24 15:26:17.911  3670  4524 I PersonaManager: mKnoxInfo is empty
03-24 15:26:17.911  3670  4946 I PersonaManager: mKnoxInfo is empty
03-24 15:26:17.921 14344 14344 E Zygote  : v2
03-24 15:26:17.921 14344 14344 I libpersona: KNOX_SDCARD checking this for 10098
03-24 15:26:17.921 14344 14344 I libpersona: KNOX_SDCARD not a persona
03-24 15:26:17.921 14344 14344 W SELinux : Function: selinux_compare_spd_ram, index[1], priority [2], priority version is VE=SEPF_SECMOBILE_6.0.1_0003
03-24 15:26:17.921 14344 14344 E Zygote  : accessInfo : 0
03-24 15:26:17.921 14344 14344 W SELinux : SELinux: seapp_context_lookup: seinfo=default, level=s0:c512,c768, pkgname=com.microsoft.emmx:privileged_process0 
03-24 15:26:17.931  3670  4946 I ActivityManager: Start proc 14344:com.microsoft.emmx:privileged_process0/u0a98 for service com.microsoft.emmx/org.chromium.content.app.EdgePrivilegedProcessService0
03-24 15:26:17.931  3670  4552 D ActivityManager: The following uid has registered to recieve broadcast for proxy related updates 10098
