--------- beginning of main
03-24 15:25:10.611  3670  4016 D SecContentProvider: query(), uri = 5 selection = getHttpProxy
03-24 15:25:10.621 11968 11968 I SyncUtil: disableInternetSync is called!
03-24 15:25:10.651 11968 11968 D MostVisitedSitesProvider: onCreate
03-24 15:25:10.651 11968 11968 I cr_ApplicationStatus: initialize application (com.sec.android.app.sbrowser.SBrowserApplication@978eda5)
03-24 15:25:10.661 11968 11968 D InjectionManager: InjectionManager
03-24 15:25:10.661 11968 11968 D InjectionManager: fillFeatureStoreMap com.sec.android.app.sbrowser
03-24 15:25:10.661 11968 11968 I InjectionManager: Constructor com.sec.android.app.sbrowser, Feature store :{}
03-24 15:25:10.661 11968 11968 I InjectionManager: featureStore :{}
03-24 15:25:10.671 11968 11968 E WebContentsProviderReceiver: onReceive - not approved application
03-24 15:25:10.671 11968 11968 D SBrowserProxyHandler: ProxyReader::onPostExecute start
--------- beginning of system
03-24 15:25:10.671  3670  4550 I ActivityManager: Killing 11663:com.samsung.android.communicationservice/5002 (adj 15): DHA:empty #9
03-24 15:25:10.671  3670  4454 D ConnectivityService: returning getNetworkInfo for network type 0 : [type: MOBILE[] - MOBILE, state: DISCONNECTED/DISCONNECTED, reason: (unspecified), extra: (none), roaming: false, failover: false, isAvailable: true]
03-24 15:25:10.671 11968 11968 D SBrowserProxyHandler: ProxyReader::onPostExecute end
03-24 15:25:10.671  3670  4550 V BroadcastQueue: [background] Process cur broadcast BroadcastRecord{96df7a4 u0 android.intent.action.PACKAGE_DATA_CLEARED qIdx=4}, state= (APP_RECEIVE) DELIVERED for app ProcessRecord{68a6177 7275:com.google.android.gms.persistent/u0a15}
03-24 15:25:10.681 11785 11785 D Mms/MmsApp: CommunicationService Disconnected
03-24 15:25:10.681  3670  4952 D ActivityManager: cleanUpApplicationRecord -- 11663
03-24 15:25:10.681  3670  4952 D ActivityManager: isAutoRunBlockedApp:: com.samsung.android.communicationservice, Auto Run ON
03-24 15:25:10.681  3670  4952 W ActivityManager: Scheduling restart of crashed service com.samsung.android.communicationservice/.ITransactionManagerService in 1000ms
03-24 15:25:10.691  3670  4452 I PersonaManager: mKnoxInfo is empty
03-24 15:25:10.691  3670  4454 I PersonaManager: mKnoxInfo is empty
03-24 15:25:10.701  3670  4947 V BroadcastQueue: [background] Process cur broadcast BroadcastRecord{99e68e1 u0 android.intent.action.PACKAGE_RESTARTED qIdx=4}, state= (APP_RECEIVE) DELIVERED for app ProcessRecord{a8b6d0a 3670:system/1000}
03-24 15:25:10.711 12049 12049 E Zygote  : v2
03-24 15:25:10.711 12049 12049 I libpersona: KNOX_SDCARD checking this for 10062
03-24 15:25:10.711 12049 12049 I libpersona: KNOX_SDCARD not a persona
03-24 15:25:10.711 12049 12049 W SELinux : Function: selinux_compare_spd_ram, index[1], priority [2], priority version is VE=SEPF_SECMOBILE_6.0.1_0003
03-24 15:25:10.711 12049 12049 E Zygote  : accessInfo : 0
03-24 15:25:10.711 12049 12049 W SELinux : SELinux: seapp_context_lookup: seinfo=platform, level=s0:c512,c768, pkgname=com.sec.android.app.soundalive 
03-24 15:25:10.711  3670  3670 I ActivityManager: Start proc 12049:com.sec.android.app.soundalive/u0a62 for broadcast-3 com.sec.android.app.soundalive/.SAControlPanelReceiver
03-24 15:25:10.721  3670  4016 I PersonaManager: mKnoxInfo is empty
03-24 15:25:10.721  3670  4409 I PersonaManager: mKnoxInfo is empty
03-24 15:25:10.721  3670  4143 I PersonaManager: mKnoxInfo is empty
03-24 15:25:10.731  7563 12044 I LocationSettingsChecker: Removing dialog suppression flag for package com.android.chrome
03-24 15:25:10.731  3670  3697 I PersonaManager: mKnoxInfo is empty
03-24 15:25:10.731  3670  4421 I PersonaManager: mKnoxInfo is empty
03-24 15:25:10.731  3670  4407 I PersonaManager: mKnoxInfo is empty
03-24 15:25:10.741  3670  4454 I PersonaManager: mKnoxInfo is empty
03-24 15:25:10.751  7563  7716 I Icing   : doRemovePackageData com.android.chrome
03-24 15:25:10.751  7563  7716 I Icing   : Removing corpus key com.android.chrome-omnibox for package com.android.chrome
03-24 15:25:10.751  3670  4946 V BroadcastQueue: [background] Process cur broadcast BroadcastRecord{99e68e1 u0 android.intent.action.PACKAGE_RESTARTED qIdx=4}, state= (APP_RECEIVE) DELIVERED for app ProcessRecord{c5b6260 12049:com.sec.android.app.soundalive/u0a62}
03-24 15:25:10.751  3670  4524 I PersonaManager: mKnoxInfo is empty
03-24 15:25:10.751  3670  4452 I PersonaManager: mKnoxInfo is empty
03-24 15:25:10.751 12049 12049 W ResourcesManager: getTopLevelResources: /system/priv-app/SoundAlive_31_M/SoundAlive_31_M.apk / 1.0 running in com.sec.android.app.soundalive rsrc of package com.sec.android.app.soundalive
03-24 15:25:10.761  3670  4016 I InjectionManagerService -AppFeature: getCoreFeaturePkgList :[]
03-24 15:25:10.761 12049 12049 I InjectionManager: Inside getClassLibPath + mLibMap{0=, 1=}
03-24 15:25:10.761 12049 12049 D ResourcesManager: For user 0 new overlays fetched Null
03-24 15:25:10.761 12049 12049 I InjectionManager: Inside getClassLibPath caller 
03-24 15:25:10.771 12049 12049 W System  : ClassLoader referenced unknown path: /system/priv-app/SoundAlive_31_M/lib/arm64
03-24 15:25:10.771 12049 12049 D InjectionManager: InjectionManager
03-24 15:25:10.771 12049 12049 D InjectionManager: fillFeatureStoreMap com.sec.android.app.soundalive
03-24 15:25:10.771 12049 12049 I InjectionManager: Constructor com.sec.android.app.soundalive, Feature store :{}
03-24 15:25:10.771 12049 12049 I InjectionManager: featureStore :{}
03-24 15:25:10.771 12049 12049 D SAControlPanelReceiver: *****onReceive()*****
03-24 15:25:10.771 12049 12049 D SAControlPanelReceiver: Action: android.intent.action.PACKAGE_RESTARTED
03-24 15:25:10.781  3670  4550 V BroadcastQueue: [background] Process cur broadcast BroadcastRecord{99e68e1 u0 android.intent.action.PACKAGE_RESTARTED qIdx=4}, state= (APP_RECEIVE) DELIVERED for app ProcessRecord{2f61a94 7226:com.sec.android.daemonapp/u0a145}
03-24 15:25:10.781  7226  7226 D [WeatherWidget(1236)]  ClearDataReceiver: {[2B4A2AC40B5A9FD87A06E8EADDAC90140D0735C4111B00ED5A4BFDD943296A603CF64C72E7F3E6D25FF9ACC8831CFEFA3E34FF6EAD00357EC7386503FB76F1C38DE7DC83CE464FCACDBF41BB39AB7B05023F96E9DCA7279B4E8058678F36E23C157845DF34E1F36630444A53E4EA5934]}
03-24 15:25:10.791  3670  4550 V BroadcastQueue: [background] Process cur broadcast BroadcastRecord{1225319 u0 android.intent.action.PACKAGE_RESTARTED qIdx=4}, state= (APP_RECEIVE) DELIVERED for app ProcessRecord{a8b6d0a 3670:system/1000}
03-24 15:25:10.791  3670  3670 V BroadcastQueue: [background] Process cur broadcast BroadcastRecord{1225319 u0 android.intent.action.PACKAGE_RESTARTED qIdx=4}, state= (APP_RECEIVE) DELIVERED for app ProcessRecord{c5b6260 12049:com.sec.android.app.soundalive/u0a62}
03-24 15:25:10.801 12049 12049 D SAControlPanelReceiver: *****onReceive()*****
03-24 15:25:10.801 12049 12049 D SAControlPanelReceiver: Action: android.intent.action.PACKAGE_RESTARTED
03-24 15:25:10.801  3670  4947 V BroadcastQueue: [background] Process cur broadcast BroadcastRecord{1225319 u0 android.intent.action.PACKAGE_RESTARTED qIdx=4}, state= (APP_RECEIVE) DELIVERED for app ProcessRecord{2f61a94 7226:com.sec.android.daemonapp/u0a145}
03-24 15:25:10.801  7226  7226 D [WeatherWidget(1236)]  ClearDataReceiver: {[2B4A2AC40B5A9FD87A06E8EADDAC90140D0735C4111B00ED5A4BFDD943296A603CF64C72E7F3E6D25FF9ACC8831CFEFA3E34FF6EAD00357EC7386503FB76F1C38DE7DC83CE464FCACDBF41BB39AB7B05023F96E9DCA7279B4E8058678F36E23C157845DF34E1F36630444A53E4EA5934]}
03-24 15:25:10.811 12063 12063 E Zygote  : v2
03-24 15:25:10.811 12063 12063 I libpersona: KNOX_SDCARD checking this for 5004
03-24 15:25:10.811 12063 12063 I libpersona: KNOX_SDCARD not a persona
03-24 15:25:10.811 12063 12063 W SELinux : Function: selinux_compare_spd_ram, index[1], priority [2], priority version is VE=SEPF_SECMOBILE_6.0.1_0003
03-24 15:25:10.811 12063 12063 E Zygote  : accessInfo : 0
03-24 15:25:10.811 12063 12063 W SELinux : SELinux: seapp_context_lookup: seinfo=platform, level=s0:c512,c768, pkgname=com.samsung.cmh:CMH 
03-24 15:25:10.821  3670  4947 I ActivityManager: Start proc 12063:com.samsung.cmh:CMH/5004 for broadcast-3 com.samsung.cmh/.core.ClearDataReceiver
03-24 15:25:10.831  3670  4016 V BroadcastQueue: [background] Process cur broadcast BroadcastRecord{f452fde u0 android.intent.action.PACKAGE_DATA_CLEARED qIdx=4}, state= (APP_RECEIVE) DELIVERED for app ProcessRecord{8bf35bf 12063:com.samsung.cmh:CMH/5004}
03-24 15:25:10.831 12063 12063 W ResourcesManager: getTopLevelResources: /system/priv-app/CMHProvider/CMHProvider.apk / 1.0 running in com.samsung.cmh rsrc of package com.samsung.cmh
03-24 15:25:10.841  3670  3697 I InjectionManagerService -AppFeature: getCoreFeaturePkgList :[]
03-24 15:25:10.841 12063 12063 I InjectionManager: Inside getClassLibPath + mLibMap{0=, 1=}
03-24 15:25:10.841 12063 12063 D ResourcesManager: For user 0 new overlays fetched Null
03-24 15:25:10.841 12063 12063 I InjectionManager: Inside getClassLibPath caller 
03-24 15:25:10.851 11842 11873 E ContactsProvider_EventLog: Flush buffer to file cnt : 2 size : 0Kb duration : 89ms lastUpdatedAfter : 1553423110855 ms mFlush_time_threasold : 2000 mCurrentSize : 408
03-24 15:25:10.851 12063 12063 W System  : ClassLoader referenced unknown path: /system/priv-app/CMHProvider/lib/arm64
03-24 15:25:10.861 12063 12063 I CMHProvider: [#CMH#] onCreate 
03-24 15:25:10.871 12063 12063 I DatabaseManager: [#CMH#] DatabaseManager ctor 
03-24 15:25:10.871 12063 12063 I CMHApplication: [#CMH#] CMH started with context  com.samsung.cmh.core.CMHApplication@b066445
03-24 15:25:10.871 12063 12063 I DatabaseManager: [#CMH#] setContext 
03-24 15:25:10.881 12063 12063 I Controller: [#CMH#] Controller Ctor 
03-24 15:25:10.881 12063 12063 I Controller: [#CMH#] setContext =  com.samsung.cmh.core.CMHApplication@b066445
03-24 15:25:10.881 12063 12063 I PermissionNotification: [#CMH#] show_permission_notification. 
03-24 15:25:10.881 12063 12063 I PermissionNotification: [#CMH#] permission Size : 2 
03-24 15:25:10.881 12063 12063 I PermissionNotification: [#CMH#] STORAGE PERMISSION ALREADY GRANTED 
03-24 15:25:10.881 12063 12063 I PermissionNotification: [#CMH#] SMS PERMISSION ALREADY GRANTED 
03-24 15:25:10.881 12063 12063 I PermissionNotification: [#CMH#] NO PERMISSION NEEDED 
03-24 15:25:10.881 12063 12063 I Controller: [#CMH#] setDBManager =  com.samsung.cmh.database.DatabaseManager@6a3e79a
03-24 15:25:10.881 12063 12063 I CMHApplication: [#CMH#] Controller is ready, now starting CMH Core Init 
03-24 15:25:10.881 12063 12063 D InjectionManager: InjectionManager
03-24 15:25:10.881 12063 12063 D InjectionManager: fillFeatureStoreMap com.samsung.cmh
03-24 15:25:10.881 12063 12063 I InjectionManager: Constructor com.samsung.cmh, Feature store :{}
03-24 15:25:10.881 12063 12063 I InjectionManager: featureStore :{}
03-24 15:25:10.881 12063 12084 I Initializer: [#CMH#] CMH initialization starts 
03-24 15:25:10.881 12063 12084 I DatabaseManager: [#CMH#] DatabaseVersion : 23
03-24 15:25:10.891 12085 12085 E Zygote  : v2
03-24 15:25:10.891 12085 12085 I libpersona: KNOX_SDCARD checking this for 5002
03-24 15:25:10.891 12085 12085 I libpersona: KNOX_SDCARD not a persona
03-24 15:25:10.891 12085 12085 W SELinux : Function: selinux_compare_spd_ram, index[1], priority [2], priority version is VE=SEPF_SECMOBILE_6.0.1_0003
03-24 15:25:10.891 12085 12085 E Zygote  : accessInfo : 0
03-24 15:25:10.891 12085 12085 W SELinux : SELinux: seapp_context_lookup: seinfo=platform, level=s0:c512,c768, pkgname=com.samsung.android.communicationservice 
03-24 15:25:10.891  3670  3931 I ActivityManager: Start proc 12085:com.samsung.android.communicationservice/5002 for broadcast-3 com.samsung.android.communicationservice/.preference.SettingChangeReceiver
03-24 15:25:10.901 12063 12084 I DatabaseManager: [#CMH#] onConfigure 
03-24 15:25:10.901  3670  4952 I ActivityManager: Killing 11713:com.samsung.android.coreapps/5011 (adj 15): DHA:empty #9
03-24 15:25:10.901  3670  4952 I ActivityManager: Killing 11876:com.samsung.android.weather/u0a77 (adj 15): DHA:empty #9
03-24 15:25:10.911  3670  4952 V BroadcastQueue: [background] Process cur broadcast BroadcastRecord{f452fde u0 android.intent.action.PACKAGE_DATA_CLEARED qIdx=4}, state= (APP_RECEIVE) DELIVERED for app ProcessRecord{c84448c 12085:com.samsung.android.communicationservice/5002}
03-24 15:25:10.911 12063 12084 I DatabaseManager: [#CMH#] createTables  
03-24 15:25:10.921  3670  4421 D ActivityManager: cleanUpApplicationRecord -- 11713
03-24 15:25:10.921  3670  4421 D ActivityManager: isAutoRunBlockedApp:: com.samsung.android.coreapps, Auto Run ON
03-24 15:25:10.921  7563  7716 I Icing   : updateResources: need to parse abiz{com.android.chrome}
03-24 15:25:10.921 12085 12085 W ResourcesManager: getTopLevelResources: /system/priv-app/MsgCommService/MsgCommService.apk / 1.0 running in com.samsung.android.communicationservice rsrc of package com.samsung.android.communicationservice
03-24 15:25:10.921  7563  7716 W ResourcesManager: getTopLevelResources: /data/app/com.android.chrome-2/base.apk / 1.0 running in com.google.android.gms rsrc of package com.android.chrome
03-24 15:25:10.921  3670  4452 I InjectionManagerService -AppFeature: getCoreFeaturePkgList :[]
03-24 15:25:10.921 12085 12085 I InjectionManager: Inside getClassLibPath + mLibMap{0=, 1=}
03-24 15:25:10.921 12085 12085 D ResourcesManager: For user 0 new overlays fetched Null
03-24 15:25:10.921 12085 12085 I InjectionManager: Inside getClassLibPath caller 
03-24 15:25:10.931  3670  3697 D ActivityManager: cleanUpApplicationRecord -- 11876
03-24 15:25:10.931  3670  3697 D ActivityManager: isAutoRunBlockedApp:: com.samsung.android.weather, Auto Run ON
03-24 15:25:10.931 12063 12084 I DatabaseManager: [#CMH#] DB init done ReadOnly:  false
03-24 15:25:10.931 12063 12084 I Controller: [#CMH#] ServicesSetValue =      986942
03-24 15:25:10.931 12063 12084 I Controller: [#CMH#] storagepermisssion =      0
03-24 15:25:10.931 12063 12084 I Controller: [#CMH#] initializeBroadcastReceiver  com.samsung.cmh.database.DatabaseManager@6a3e79a
03-24 15:25:10.931 12085 12085 W System  : ClassLoader referenced unknown path: /system/priv-app/MsgCommService/lib/arm64
03-24 15:25:10.931  7563  7716 D ResourcesManager: For user 0 new overlays fetched Null
03-24 15:25:10.931  7563  7716 W ResourcesManager: getTopLevelResources: /data/app/com.android.chrome-2/base.apk / 1.0 running in com.google.android.gms rsrc of package com.android.chrome
03-24 15:25:10.931 12085 12085 D CS/CommunicationServiceApp: init() called
03-24 15:25:10.941 12063 12084 I SystemBroadcastReceiver: [#CMH#]  in initialize  
03-24 15:25:10.941 12063 12084 I SystemBroadcastReceiver: [#CMH#] SystemBroadcastReceiver 
03-24 15:25:10.941  7563  7716 W ResourcesManager: getTopLevelResources: /data/app/com.android.chrome-2/base.apk / 1.0 running in com.google.android.gms rsrc of package com.android.chrome
03-24 15:25:10.941 12063 12097 I SystemBroadcastReceiver: [#CMH#] Received broadcast 
03-24 15:25:10.941 12063 12097 I SystemBroadcastReceiver: [#CMH#] No one is registered with Event Id EVENT_SIOP
03-24 15:25:10.941 12063 12097 I SystemBroadcastReceiver: [#CMH#] onReceive completed 
03-24 15:25:10.941 12063 12097 I SystemBroadcastReceiver: [#CMH#] Received broadcast 
03-24 15:25:10.941 12063 12097 I SystemBroadcastReceiver: [#CMH#] No one is registered with Event Id EVENT_NETWORK_CHANGED
03-24 15:25:10.941 12063 12097 I SystemBroadcastReceiver: [#CMH#] onReceive completed 
03-24 15:25:10.941 12063 12084 I SystemBroadcastReceiver: [#CMH#]  Registered 
03-24 15:25:10.941 12063 12084 I Controller: [#CMH#] initializePolicyManager  
03-24 15:25:10.941 12063 12084 I PolicyManager: [#CMH#] setCriticalStateFromSystem screenOn =  true high siop = false camera running = false
03-24 15:25:10.951 12063 12084 I Controller: [#CMH#] initializeServiceManager ++ 
03-24 15:25:10.951 12063 12084 I ServiceManager: [#CMH#] CMHServiceManager  
03-24 15:25:10.951 12063 12084 I ControllerEventHandler: [#CMH#] ControllerEventHandler ++ 
03-24 15:25:10.961 12063 12084 I ControllerEventHandler: [#CMH#] ControllerEventHandler -- 
03-24 15:25:10.961 12063 12084 I ServiceManager: [#CMH#] Binding To Service  EnhanceService
03-24 15:25:10.961  3670  4952 I PersonaManager: mKnoxInfo is empty
03-24 15:25:10.971 12085 12085 D CS/Config: Load Resize quality : 80
03-24 15:25:10.971 12085 12085 E CS/CscParser: mps_code.dat does not exist
03-24 15:25:10.971 12085 12085 E CS/CscParser: customer_path =/system/csc/customer.xml
03-24 15:25:10.971 12085 12085 E CS/CscParser: fileName + /system/csc/customer.xml
03-24 15:25:10.971 12105 12105 E Zygote  : v2
03-24 15:25:10.971 12105 12105 I libpersona: KNOX_SDCARD checking this for 5004
03-24 15:25:10.971 12105 12105 I libpersona: KNOX_SDCARD not a persona
03-24 15:25:10.971 12105 12105 W SELinux : Function: selinux_compare_spd_ram, index[1], priority [2], priority version is VE=SEPF_SECMOBILE_6.0.1_0003
03-24 15:25:10.971 12105 12105 E Zygote  : accessInfo : 0
03-24 15:25:10.971 12105 12105 W SELinux : SELinux: seapp_context_lookup: seinfo=platform, level=s0:c512,c768, pkgname=com.samsung.enhanceservice 
03-24 15:25:10.971  3670  4952 I ActivityManager: Start proc 12105:com.samsung.enhanceservice/5004 for service com.samsung.enhanceservice/.EnhanceService
03-24 15:25:10.971 12063 12084 I ServiceManager: [#CMH#] Binding To Service  DCMService
03-24 15:25:10.981  3670  3698 I PersonaManager: mKnoxInfo is empty
03-24 15:25:10.981 12085 12085 E CS/CscParser: mps_code.dat does not exist
03-24 15:25:10.981 12085 12085 E CS/CscParser: customer_path =/system/csc/customer.xml
03-24 15:25:10.981 12085 12085 E CS/CscParser: fileName + /system/csc/customer.xml
03-24 15:25:10.981 12085 12085 D CS/CscParser: getInstance fileName =/system/csc/customer.xml
03-24 15:25:10.991 12116 12116 E Zygote  : v2
03-24 15:25:10.991 12116 12116 I libpersona: KNOX_SDCARD checking this for 5004
03-24 15:25:10.991 12116 12116 I libpersona: KNOX_SDCARD not a persona
03-24 15:25:10.991 12116 12116 W SELinux : Function: selinux_compare_spd_ram, index[1], priority [2], priority version is VE=SEPF_SECMOBILE_6.0.1_0003
03-24 15:25:10.991 12116 12116 E Zygote  : accessInfo : 0
03-24 15:25:10.991 12116 12116 W SELinux : SELinux: seapp_context_lookup: seinfo=platform, level=s0:c512,c768, pkgname=com.samsung.dcmservice 
03-24 15:25:10.991  3670  3698 I ActivityManager: Start proc 12116:com.samsung.dcmservice/5004 for service com.samsung.dcmservice/.DCMService
03-24 15:25:11.001 12063 12084 I Controller: [#CMH#] initializeServiceManager -- 
03-24 15:25:11.001 12063 12084 I Controller: [#CMH#] initializeContentObserver  
03-24 15:25:11.001 12063 12084 I Controller: [#CMH#] initializeStorageController  
03-24 15:25:11.001 12131 12131 E Zygote  : v2
03-24 15:25:11.001 12131 12131 I libpersona: KNOX_SDCARD checking this for 5011
03-24 15:25:11.001 12131 12131 I libpersona: KNOX_SDCARD not a persona
03-24 15:25:11.011 12131 12131 W SELinux : Function: selinux_compare_spd_ram, index[1], priority [2], priority version is VE=SEPF_SECMOBILE_6.0.1_0003
03-24 15:25:11.011 12131 12131 E Zygote  : accessInfo : 0
03-24 15:25:11.011 12131 12131 W SELinux : SELinux: seapp_context_lookup: seinfo=platform, level=s0:c512,c768, pkgname=com.samsung.android.coreapps 
03-24 15:25:11.011  3670  4524 I ActivityManager: Start proc 12131:com.samsung.android.coreapps/5011 for content provider com.samsung.android.coreapps/.easysignup.db.EasySignUpProviderPublic
03-24 15:25:11.011  3670  4409 I PersonaManager: mKnoxInfo is empty
03-24 15:25:11.031 12105 12105 W ResourcesManager: getTopLevelResources: /system/priv-app/EnhanceService/EnhanceService.apk / 1.0 running in com.samsung.enhanceservice rsrc of package com.samsung.enhanceservice
03-24 15:25:11.031 12063 12084 I Controller: [#CMH#] initializeSmartClustering 
03-24 15:25:11.031  3670  4016 I InjectionManagerService -AppFeature: getCoreFeaturePkgList :[]
03-24 15:25:11.031 12105 12105 I InjectionManager: Inside getClassLibPath + mLibMap{0=, 1=}
03-24 15:25:11.031 12105 12105 D ResourcesManager: For user 0 new overlays fetched Null
03-24 15:25:11.031 12116 12116 W ResourcesManager: getTopLevelResources: /system/priv-app/DCMService/DCMService.apk / 1.0 running in com.samsung.dcmservice rsrc of package com.samsung.dcmservice
03-24 15:25:11.041 12116 12116 I InjectionManager: Inside getClassLibPath + mLibMap{0=, 1=}
03-24 15:25:11.041 12063 12084 I Controller: [#CMH#] registerSmartClusterIntents 
03-24 15:25:11.041  3670  4409 I InjectionManagerService -AppFeature: getCoreFeaturePkgList :[]
03-24 15:25:11.041 12116 12116 D ResourcesManager: For user 0 new overlays fetched Null
03-24 15:25:11.041 12063 12084 I Controller: [#CMH#] startSmartClustering starting clustering 
03-24 15:25:11.041 12063 12084 I Controller: [#CMH#] startSmartClustering starting day clustering 
03-24 15:25:11.041 12063 12084 I Controller: [#CMH#] startDaywiseClustering starting day clustering 
03-24 15:25:11.041 12063 12143 I ClusteringTask: [#CMH#] before mutex 
03-24 15:25:11.041 12063 12144 I DayClusteringTask: [#CMH#] before mutex 
03-24 15:25:11.041 12063 12143 I ClusteringTask: [#CMH#] after mutex 
03-24 15:25:11.041 12063 12144 I DayClusteringTask: [#CMH#] after mutex 
03-24 15:25:11.041 12063 12143 I MomentClusteringAlgo: [#CMH#] performClustering images deleted false
03-24 15:25:11.041 12063 12144 I DayClusteringTask: [#CMH#] internalRun Cluster size after image deletion:  0
03-24 15:25:11.041 12063 12144 I ClusteringDBUtils: [#CMH#] No clusters..!! 
03-24 15:25:11.041 12105 12105 I InjectionManager: Inside getClassLibPath caller 
03-24 15:25:11.051 12063 12143 I ClusteringDBUtils: [#CMH#] updateClusterTable In nothing to update 
03-24 15:25:11.051 12063 12145 I DayAndMonthTask: [#CMH#] before mutex 
03-24 15:25:11.051 12063 12145 I DayAndMonthTask: [#CMH#] after mutex 
03-24 15:25:11.051 12063 12145 I DayAndMonthTask: [#CMH#] after mutex release 
03-24 15:25:11.051 12116 12116 I InjectionManager: Inside getClassLibPath caller 
03-24 15:25:11.051 12105 12105 W System  : ClassLoader referenced unknown path: /system/priv-app/EnhanceService/lib/arm64
03-24 15:25:11.051 12131 12131 W ResourcesManager: getTopLevelResources: /system/app/CoreApps/CoreApps.apk / 1.0 running in com.samsung.android.coreapps rsrc of package com.samsung.android.coreapps
03-24 15:25:11.051 12105 12105 D InjectionManager: InjectionManager
03-24 15:25:11.051 12105 12105 D InjectionManager: fillFeatureStoreMap com.samsung.enhanceservice
03-24 15:25:11.051 12105 12105 I InjectionManager: Constructor com.samsung.enhanceservice, Feature store :{}
03-24 15:25:11.051 12105 12105 I InjectionManager: featureStore :{}
03-24 15:25:11.051  3670  3931 I InjectionManagerService -AppFeature: getCoreFeaturePkgList :[]
03-24 15:25:11.051 12131 12131 I InjectionManager: Inside getClassLibPath + mLibMap{0=, 1=}
03-24 15:25:11.051 12105 12105 I EnhanceService: [EnhanceService] onbind () called 
03-24 15:25:11.051 12131 12131 D ResourcesManager: For user 0 new overlays fetched Null
03-24 15:25:11.061 12131 12131 I InjectionManager: Inside getClassLibPath caller 
03-24 15:25:11.061 12063 12063 I ServiceManager: [#CMH#] Bound to Package  com.samsung.enhanceservice
03-24 15:25:11.061  3670  4143 I ActivityManager: Killing 11901:com.android.documentsui/u0a92 (adj 15): DHA:empty #9
03-24 15:25:11.061 12116 12116 W System  : ClassLoader referenced unknown path: /system/priv-app/DCMService/lib/arm64
03-24 15:25:11.061 12131 12131 W System  : ClassLoader referenced unknown path: /system/app/CoreApps/lib/arm64
03-24 15:25:11.061 12116 12116 D InjectionManager: InjectionManager
03-24 15:25:11.061 12116 12116 D InjectionManager: fillFeatureStoreMap com.samsung.dcmservice
03-24 15:25:11.061 12105 12105 I EnhanceService: [EnhanceService] onSetResponseHandler () called 
03-24 15:25:11.061 12116 12116 I InjectionManager: Constructor com.samsung.dcmservice, Feature store :{}
03-24 15:25:11.061 12116 12116 I InjectionManager: featureStore :{}
03-24 15:25:11.071 12116 12116 I DCMService: [#CMH#] onBind() called 
03-24 15:25:11.071  3670  4409 D ActivityManager: cleanUpApplicationRecord -- 11901
03-24 15:25:11.071 12131 12131 D CoreApps: SEC_LOG - true
03-24 15:25:11.071 12116 12116 I Utilities: [#CMH#] Location feature: true
03-24 15:25:11.071 12063 12084 I Controller: [#CMH#] takeBackupIfNeeded done 
03-24 15:25:11.071  3670  4409 D ActivityManager: isAutoRunBlockedApp:: com.android.documentsui, Auto Run ON
03-24 15:25:11.071 12063 12084 I Controller: [#CMH#] setSuccessState =  true
03-24 15:25:11.071 12063 12084 I Initializer: [#CMH#] CMH initialization ends 
03-24 15:25:11.071 12116 12116 I NamedPlaceExtractor: [#CMH#] Locale  en_GB
03-24 15:25:11.081 12063 12144 I TimeBasedClustering: [#CMH#] performClustering insertimages In 0 
03-24 15:25:11.081 12063 12143 I MomentClusteringAlgo: [#CMH#] performClustering In 0 
03-24 15:25:11.081 12063 12143 I ClusteringTask: [#CMH#] Cluster size: 0
03-24 15:25:11.081 12063 12143 I ClusteringDBUtils: [#CMH#] updateClusterTable In nothing to update 
03-24 15:25:11.081 12063 12143 I ClusteringTask: [#CMH#] after mutex release 
03-24 15:25:11.081  7563  7716 I Icing   : Indexing com.android.chrome-omnibox from com.android.chrome
03-24 15:25:11.081 12063 12144 I DayClusteringTask: [#CMH#] internalRun Cluster size after image insertion:  0
03-24 15:25:11.081 12063 12144 I ClusteringDBUtils: [#CMH#] No clusters..!! 
03-24 15:25:11.081 12063 12144 I DayClusteringTask: [#CMH#] startLocationClustering In  0
03-24 15:25:11.081 12063 12144 I DayClusteringTask: [#CMH#] internalRun::No more Images/Videos to process, Finished Task, Exiting  
03-24 15:25:11.081 12063 12144 I DayClusteringTask: [#CMH#] after mutex release 
03-24 15:25:11.091 12063 12063 I ServiceManager: [#CMH#] Bound to Package  com.samsung.dcmservice
03-24 15:25:11.091  3670  4952 I ActivityManager: Killing 11920:com.android.externalstorage/u0a8 (adj 15): DHA:empty #9
03-24 15:25:11.091  3670  4016 D ConnectivityService: returning getNetworkInfo for network type 0 : [type: MOBILE[] - MOBILE, state: DISCONNECTED/DISCONNECTED, reason: (unspecified), extra: (none), roaming: false, failover: false, isAvailable: true]
03-24 15:25:11.091  3670  4016 D ConnectivityService: returning getNetworkInfo for network type 1 : [type: WIFI[] - WIFI, state: CONNECTED/CONNECTED, reason: (unspecified), extra: "DataStructures", roaming: false, failover: false, isAvailable: true]
03-24 15:25:11.091  3670  4016 D ConnectivityService: returning getNetworkInfo for network type 2 : [type: MOBILE_MMS[] - MOBILE_MMS, state: DISCONNECTED/DISCONNECTED, reason: (unspecified), extra: (none), roaming: false, failover: false, isAvailable: true]
03-24 15:25:11.091  3670  4016 D ConnectivityService: returning getNetworkInfo for network type 3 : [type: MOBILE_SUPL[] - MOBILE_SUPL, state: DISCONNECTED/DISCONNECTED, reason: (unspecified), extra: (none), roaming: false, failover: false, isAvailable: true]
03-24 15:25:11.091  3670  4016 D ConnectivityService: returning getNetworkInfo for network type 4 : [type: MOBILE_DUN[] - MOBILE_DUN, state: DISCONNECTED/DISCONNECTED, reason: (unspecified), extra: (none), roaming: false, failover: false, isAvailable: true]
03-24 15:25:11.091  3670  4016 D ConnectivityService: returning getNetworkInfo for network type 5 : [type: MOBILE_HIPRI[] - MOBILE_HIPRI, state: DISCONNECTED/DISCONNECTED, reason: (unspecified), extra: (none), roaming: false, failover: false, isAvailable: true]
03-24 15:25:11.091  3670  4016 D ConnectivityService: returning getNetworkInfo for network type 7 : [type: BLUETOOTH[] - BLUETOOTH, state: DISCONNECTED/DISCONNECTED, reason: (unspecified), extra: (none), roaming: false, failover: false, isAvailable: true]
03-24 15:25:11.091  3670  4016 D ConnectivityService: returning getNetworkInfo for network type 9 : [type: ETHERNET[] - ETHERNET, state: DISCONNECTED/DISCONNECTED, reason: (unspecified), extra: (none), roaming: false, failover: false, isAvailable: true]
03-24 15:25:11.091  3670  4016 D ConnectivityService: returning getNetworkInfo for network type 10 : [type: MOBILE_FOTA[] - MOBILE_FOTA, state: DISCONNECTED/DISCONNECTED, reason: (unspecified), extra: (none), roaming: false, failover: false, isAvailable: true]
03-24 15:25:11.091  3670  4016 D ConnectivityService: returning getNetworkInfo for network type 11 : [type: MOBILE_IMS[] - MOBILE_IMS, state: DISCONNECTED/DISCONNECTED, reason: (unspecified), extra: (none), roaming: false, failover: false, isAvailable: true]
03-24 15:25:11.091  3670  4016 D ConnectivityService: returning getNetworkInfo for network type 12 : [type: MOBILE_CBS[] - MOBILE_CBS, state: DISCONNECTED/DISCONNECTED, reason: (unspecified), extra: (none), roaming: false, failover: false, isAvailable: true]
03-24 15:25:11.091  3670  4016 D ConnectivityService: returning getNetworkInfo for network type 13 : [type: WIFI_P2P[] - WIFI_P2P, state: DISCONNECTED/DISCONNECTED, reason: (unspecified), extra: (none), roaming: false, failover: false, isAvailable: true]
03-24 15:25:11.091  3670  4016 D ConnectivityService: returning getNetworkInfo for network type 14 : [type: MOBILE_IA[] - MOBILE_IA, state: DISCONNECTED/DISCONNECTED, reason: (unspecified), extra: (none), roaming: false, failover: false, isAvailable: true]
03-24 15:25:11.091  3670  4016 D ConnectivityService: returning getNetworkInfo for network type 15 : [type: MOBILE_EMERGENCY[] - MOBILE_EMERGENCY, state: DISCONNECTED/DISCONNECTED, reason: (unspecified), extra: (none), roaming: false, failover: false, isAvailable: true]
03-24 15:25:11.091  3670  4016 D ConnectivityService: returning getNetworkInfo for network type 17 : [type: VPN[] - VPN, state: DISCONNECTED/DISCONNECTED, reason: (unspecified), extra: (none), roaming: false, failover: false, isAvailable: true]
03-24 15:25:11.101 12153 12153 E Zygote  : v2
03-24 15:25:11.101 12153 12153 I libpersona: KNOX_SDCARD checking this for 10088
03-24 15:25:11.101 12153 12153 I libpersona: KNOX_SDCARD not a persona
03-24 15:25:11.101 12153 12153 W SELinux : Function: selinux_compare_spd_ram, index[1], priority [2], priority version is VE=SEPF_SECMOBILE_6.0.1_0003
03-24 15:25:11.101 12153 12153 E Zygote  : accessInfo : 0
03-24 15:25:11.101 12153 12153 W SELinux : SELinux: seapp_context_lookup: seinfo=chrome, level=s0:c512,c768, pkgname=com.android.chrome 
03-24 15:25:11.101  3670  4552 I ActivityManager: Start proc 12153:com.android.chrome/u0a88 for content provider com.android.chrome/com.google.android.apps.chrome.icing.IcingProvider
03-24 15:25:11.111  3670  3697 D ActivityManager: cleanUpApplicationRecord -- 11920
03-24 15:25:11.111  3670  3697 D ActivityManager: isAutoRunBlockedApp:: com.android.externalstorage, Auto Run ON
03-24 15:25:11.121 12131 12131 E GooglePlayServicesUtil: The Google Play services resources were not found. Check your project configuration to ensure that the resources are included.
03-24 15:25:11.131  3670  4019 D NetworkPolicy: isUidForegroundLocked: 10088, mScreenOn: true, uidstate: 3, mProxSensorScreenOff: false
03-24 15:25:11.131 12153 12153 W ResourcesManager: getTopLevelResources: /data/app/com.android.chrome-2/base.apk / 1.0 running in com.android.chrome rsrc of package com.android.chrome
03-24 15:25:11.131  3670  4946 I InjectionManagerService -AppFeature: getCoreFeaturePkgList :[]
03-24 15:25:11.131 12153 12153 I InjectionManager: Inside getClassLibPath + mLibMap{0=, 1=}
03-24 15:25:11.141 12085 12085 D CS/Config: getEasySignUpStatus - sIsAuthEasySignUp(isJoined(SERVICE_ID_FREE_MESSAGE)) = false
03-24 15:25:11.141 12153 12153 D ResourcesManager: For user 0 new overlays fetched Null
03-24 15:25:11.141 12085 12085 D EasySignUpManager_2.0.5: userSerialNumber = 0
03-24 15:25:11.141 12153 12153 I InjectionManager: Inside getClassLibPath caller 
03-24 15:25:11.141 12085 12085 D EasySignUpManager_2.0.5: serviceId : 1, features : 1
03-24 15:25:11.151 12085 12085 D EasySignUpManager_2.0.5: getServiceStatus : serviceId (1) is OFF
03-24 15:25:11.151 12085 12085 D EasySignUpManager_2.0.5: userSerialNumber = 0
03-24 15:25:11.151 12085 12085 D EasySignUpManager_2.0.5: serviceId : 3, features : 1
03-24 15:25:11.151 12085 12085 D EasySignUpManager_2.0.5: userSerialNumber = 0
03-24 15:25:11.161 12085 12085 D EasySignUpManager_2.0.5: serviceId : 2, features : 1
03-24 15:25:11.161 12085 12085 D CS/Config: loadFreeMessageFeatures needToNotify = false changePolicy = false
03-24 15:25:11.161 12085 12085 D CS/Config: loadFreeMessageFeatures sIsAuthEasySignUp = false
03-24 15:25:11.161 12085 12085 D CS/Config: loadFreeMessageFeatures sIsSupportFreeMessage = true
03-24 15:25:11.161 12085 12085 D CS/Config: loadFreeMessageFeatures sIsFreeMessageServiceStatus = false
03-24 15:25:11.161 12085 12085 D CS/Config: loadFreeMessageFeatures sEnableFreeMessage = false
03-24 15:25:11.161 12085 12085 D CS/Config: loadFreeMessageFeatures sIsSupportSticker = true
03-24 15:25:11.161 12085 12085 D CS/Config: loadFreeMessageFeatures sEnableEasyShare = false
03-24 15:25:11.161 12085 12085 D CS/TelephonyPermission: start operation mode monitor
03-24 15:25:11.161 12085 12085 D CS/TelephonyPermission: Already have a write permission
03-24 15:25:11.161 12085 12085 I CS/MessageBearerHandlerThread: Constructor : bearerType = 2
03-24 15:25:11.161 12085 12085 D CS/SMSBearer: Constructor
03-24 15:25:11.161 12085 12085 I CS/MessageBearerHandlerThread: Constructor : bearerType = 0
03-24 15:25:11.171 12131 12131 W ResourcesManager: getTopLevelResources: /system/priv-app/SecMms_Epic_Common/SecMms_Epic_Common.apk / 1.0 running in com.samsung.android.coreapps rsrc of package com.android.mms
03-24 15:25:11.171 12085 12085 D CS/MmsBearer: Constructor
03-24 15:25:11.181 12131 12131 D ResourcesManager: For user 0 new overlays fetched Null
03-24 15:25:11.181 12085 12085 E PduPersister: sPersister is null
03-24 15:25:11.181 12085 12085 I CS/MessageBearerHandlerThread: Constructor : bearerType = 1
03-24 15:25:11.181 12085 12085 D CS/DownloadManager: roaming -> false (slotId = 0)
03-24 15:25:11.181 12085 12085 D CS/DownloadManager: [NotificationTransaction] getAutoDownloadState simSlot : 0
03-24 15:25:11.181 12085 12085 D CS/DownloadManager: isIgnoreNationalRoaming() = false
03-24 15:25:11.181 12085 12085 D CS/DownloadManager: auto download without roaming -> true
03-24 15:25:11.181 12085 12085 D CS/DownloadManager: [NotificationTransaction] getAutoDownloadState alwaysAuto : false, roaming : false
03-24 15:25:11.181 12131 12131 D InjectionManager: InjectionManager
03-24 15:25:11.181 12131 12131 D InjectionManager: fillFeatureStoreMap com.samsung.android.coreapps
03-24 15:25:11.181 12131 12131 I InjectionManager: Constructor com.samsung.android.coreapps, Feature store :{}
03-24 15:25:11.181 12131 12131 I InjectionManager: featureStore :{}
03-24 15:25:11.181 12085 12085 D CS/DownloadManager: roaming -> false (slotId = 1)
03-24 15:25:11.181 12085 12085 D CS/DownloadManager: [NotificationTransaction] getAutoDownloadState simSlot : 1
03-24 15:25:11.181 12085 12085 D CS/DownloadManager: isIgnoreNationalRoaming() = false
03-24 15:25:11.181 12085 12085 D CS/DownloadManager: auto download without roaming slot2 -> true
03-24 15:25:11.181 12085 12085 D CS/DownloadManager: [NotificationTransaction] getAutoDownloadState alwaysAutoSlot2 : false, roaming : false
03-24 15:25:11.181 12085 12085 D CS/DownloadManager: auto download during roaming secondary -> false
03-24 15:25:11.181 12085 12085 D CS/DownloadManager: mAutoDownload ------> true
03-24 15:25:11.181 12085 12085 D CS/DownloadManager: mAutoDownloadSlot2 ------> true
03-24 15:25:11.181 12085 12085 D CII     : Log Level [5]
03-24 15:25:11.181 12085 12085 E CII     : IMSUtility: isIMSServiceEnabled. VoLTE CSC feature disabled.
03-24 15:25:11.191  4393  4764 D TP/SmsProvider: query,matched:26, calling pid = 12085
03-24 15:25:11.191  4393  4764 D TP/SmsProvider: query, match 26:Elapsed time : 0.842 ms
03-24 15:25:11.201 12085 12085 D CS/TelephonyUtils: getInsertedSimNum = 0
03-24 15:25:11.211  4393  4745 D TP/MmsSmsProvider: query, match:6, calling pid = 12085, accessRestricted = false
03-24 15:25:11.211  4393  4745 D TP/MmsSmsProvider: query, match 6:Elapsed time : 0.793 ms
03-24 15:25:11.211 12085 12085 D CS/CommunicationServiceApp: init() end
03-24 15:25:11.211 12085 12085 D InjectionManager: InjectionManager
03-24 15:25:11.211 12085 12085 D InjectionManager: fillFeatureStoreMap com.samsung.android.communicationservice
03-24 15:25:11.211 12085 12085 I InjectionManager: Constructor com.samsung.android.communicationservice, Feature store :{}
03-24 15:25:11.211 12085 12085 I InjectionManager: featureStore :{}
03-24 15:25:11.211 12085 12085 D CS/SettingChangeReceiver: onReceive() action = android.intent.action.PACKAGE_DATA_CLEARED
03-24 15:25:11.211 12085 12085 D CS/SettingChangeReceiver: ACTION_PACKAGE_DATA_CLEARED
03-24 15:25:11.211  3670  4947 D ConnectivityService: returning getNetworkInfo for network type 2 : [type: MOBILE_MMS[] - MOBILE_MMS, state: DISCONNECTED/DISCONNECTED, reason: (unspecified), extra: (none), roaming: false, failover: false, isAvailable: true]
03-24 15:25:11.211 12085 12184 D CS/NetworkConnectionUtils: isMmsAvailable = true, simSlot = 0
03-24 15:25:11.221 12185 12185 E Zygote  : v2
03-24 15:25:11.221 12185 12185 I libpersona: KNOX_SDCARD checking this for 5004
03-24 15:25:11.221 12185 12185 I libpersona: KNOX_SDCARD not a persona
03-24 15:25:11.221 12185 12185 W SELinux : Function: selinux_compare_spd_ram, index[1], priority [2], priority version is VE=SEPF_SECMOBILE_6.0.1_0003
03-24 15:25:11.221 12185 12185 E Zygote  : accessInfo : 0
03-24 15:25:11.221 12185 12185 W SELinux : SELinux: seapp_context_lookup: seinfo=platform, level=s0:c512,c768, pkgname=com.samsung.storyservice 
03-24 15:25:11.221  3670  4407 I ActivityManager: Start proc 12185:com.samsung.storyservice/5004 for broadcast-3 com.samsung.storyservice/.framework.StaticBroadcastReceiver
03-24 15:25:11.231  3670  4407 I ActivityManager: Killing 11968:com.sec.android.app.sbrowser/u0a168 (adj 15): DHA:empty #9
03-24 15:25:11.231  3670  4407 I ActivityManager: Killing 11932:com.android.calendar/u0a164 (adj 15): DHA:empty #9
03-24 15:25:11.241 12153 12153 W ResourcesManager: getTopLevelResources: /data/app/com.android.chrome-2/base.apk / 1.0 running in com.android.chrome rsrc of package com.android.chrome
03-24 15:25:11.241  4393  4669 D TP/MmsSmsProvider: query, match:2106, calling pid = 12085, accessRestricted = false
03-24 15:25:11.241 12153 12153 W ResourcesManager: getTopLevelResources: /data/app/com.android.chrome-2/base.apk / 1.0 running in com.android.chrome rsrc of package com.android.chrome
03-24 15:25:11.251  4393  4669 D TP/MmsSmsProvider: query, match 2106:Elapsed time : 3.232 ms
03-24 15:25:11.251  3670  4952 D ActivityManager: cleanUpApplicationRecord -- 11932
03-24 15:25:11.251  3670  4952 D ActivityManager: isAutoRunBlockedApp:: com.android.calendar, Auto Run ON
03-24 15:25:11.251  3670  3698 D ActivityManager: cleanUpApplicationRecord -- 11968
03-24 15:25:11.251  3670  3698 D ActivityManager: isAutoRunBlockedApp:: com.sec.android.app.sbrowser, Auto Run ON
03-24 15:25:11.261 12153 12153 D InjectionManager: InjectionManager
03-24 15:25:11.261 12153 12153 D InjectionManager: fillFeatureStoreMap com.android.chrome
03-24 15:25:11.261 12153 12153 I InjectionManager: Constructor com.android.chrome, Feature store :{}
03-24 15:25:11.261 12153 12153 I InjectionManager: featureStore :{}
03-24 15:25:11.271  3670  3931 V BroadcastQueue: [background] Process cur broadcast BroadcastRecord{f452fde u0 android.intent.action.PACKAGE_DATA_CLEARED qIdx=4}, state= (APP_RECEIVE) DELIVERED for app ProcessRecord{d5c82fd 12185:com.samsung.storyservice/5004}
03-24 15:25:11.271 12028 12028 I FIPS_bssl: FIPS approved mode (1) | 12028 | app_process
03-24 15:25:11.281 12185 12185 W ResourcesManager: getTopLevelResources: /system/priv-app/StoryService/StoryService.apk / 1.0 running in com.samsung.storyservice rsrc of package com.samsung.storyservice
03-24 15:25:11.281  3670  3931 I InjectionManagerService -AppFeature: getCoreFeaturePkgList :[]
03-24 15:25:11.281 12185 12185 I InjectionManager: Inside getClassLibPath + mLibMap{0=, 1=}
03-24 15:25:11.281 12185 12185 D ResourcesManager: For user 0 new overlays fetched Null
03-24 15:25:11.281 12028 12028 D AndroidRuntime: >>>>>> START com.android.internal.os.RuntimeInit uid 2000 <<<<<<
03-24 15:25:11.281 12185 12185 I InjectionManager: Inside getClassLibPath caller 
03-24 15:25:11.281 12028 12028 D AndroidRuntime: CheckJNI is OFF
03-24 15:25:11.281 12028 12028 D AndroidRuntime: readGMSProperty: start
03-24 15:25:11.281 12028 12028 D AndroidRuntime: readGMSProperty: already setted!!
03-24 15:25:11.281 12028 12028 D AndroidRuntime: propertySet: couldn't set property (it is from app)
03-24 15:25:11.281 12028 12028 D AndroidRuntime: readGMSProperty: could not set the property(default)!!
03-24 15:25:11.281 12028 12028 D AndroidRuntime: readGMSProperty: end
03-24 15:25:11.281 12028 12028 D AndroidRuntime: addProductProperty: start
03-24 15:25:11.291 12185 12185 W System  : ClassLoader referenced unknown path: /system/priv-app/StoryService/lib/arm64
03-24 15:25:11.291 12185 12185 I StoryServiceApplication: [#CMH#] StoryService started with context  com.samsung.storyservice.StoryServiceApplication@614c0af
03-24 15:25:11.301  7563  7716 I Icing   : Indexing done com.android.chrome-omnibox
03-24 15:25:11.301  3670  4019 D NetworkPolicy: isUidForegroundLocked: 10088, mScreenOn: true, uidstate: 16, mProxSensorScreenOff: false
03-24 15:25:11.301 12185 12185 D InjectionManager: InjectionManager
03-24 15:25:11.301 12185 12185 D InjectionManager: fillFeatureStoreMap com.samsung.storyservice
03-24 15:25:11.301 12185 12185 I InjectionManager: Constructor com.samsung.storyservice, Feature store :{}
03-24 15:25:11.301 12185 12185 I InjectionManager: featureStore :{}
03-24 15:25:11.311 12200 12200 E Zygote  : v2
03-24 15:25:11.311 12200 12200 I libpersona: KNOX_SDCARD checking this for 10063
03-24 15:25:11.311 12200 12200 I libpersona: KNOX_SDCARD not a persona
03-24 15:25:11.311 12200 12200 W SELinux : Function: selinux_compare_spd_ram, index[1], priority [2], priority version is VE=SEPF_SECMOBILE_6.0.1_0003
03-24 15:25:11.311 12200 12200 E Zygote  : accessInfo : 0
03-24 15:25:11.311 12200 12200 W SELinux : SELinux: seapp_context_lookup: seinfo=platform, level=s0:c512,c768, pkgname=com.samsung.android.provider.shootingmodeprovider 
03-24 15:25:11.311  3670  4952 I ActivityManager: Start proc 12200:com.samsung.android.provider.shootingmodeprovider/u0a63 for broadcast-3 com.samsung.android.provider.shootingmodeprovider/com.samsung.android.app.shootingmodeinstaller.PackageIntentReceiver
03-24 15:25:11.311  3670  3698 I PersonaManager: mKnoxInfo is empty
03-24 15:25:11.321 12028 12028 D ICU     : No timezone override file found: /data/misc/zoneinfo/current/icu/icu_tzdata.dat
03-24 15:25:11.331  3670  4552 V BroadcastQueue: [background] Process cur broadcast BroadcastRecord{f452fde u0 android.intent.action.PACKAGE_DATA_CLEARED qIdx=4}, state= (APP_RECEIVE) DELIVERED for app ProcessRecord{cfb0bf2 12200:com.samsung.android.provider.shootingmodeprovider/u0a63}
03-24 15:25:11.341 12200 12200 W ResourcesManager: getTopLevelResources: /system/priv-app/ShootingModeProvider/ShootingModeProvider.apk / 1.0 running in com.samsung.android.provider.shootingmodeprovider rsrc of package com.samsung.android.provider.shootingmodeprovider
03-24 15:25:11.341  3670  3931 I InjectionManagerService -AppFeature: getCoreFeaturePkgList :[]
03-24 15:25:11.341 12200 12200 I InjectionManager: Inside getClassLibPath + mLibMap{0=, 1=}
03-24 15:25:11.341 12200 12200 D ResourcesManager: For user 0 new overlays fetched Null
03-24 15:25:11.341 12200 12200 I InjectionManager: Inside getClassLibPath caller 
03-24 15:25:11.341 12200 12200 W System  : ClassLoader referenced unknown path: /system/priv-app/ShootingModeProvider/lib/arm64
03-24 15:25:11.351 12028 12028 I Radio-JNI: register_android_hardware_Radio DONE
03-24 15:25:11.361 12200 12200 D InjectionManager: InjectionManager
03-24 15:25:11.361 12200 12200 D InjectionManager: fillFeatureStoreMap com.samsung.android.provider.shootingmodeprovider
03-24 15:25:11.361 12200 12200 I InjectionManager: Constructor com.samsung.android.provider.shootingmodeprovider, Feature store :{}
03-24 15:25:11.361 12200 12200 I InjectionManager: featureStore :{}
03-24 15:25:11.361  3670  3698 I ActivityManager: Killing 11986:com.android.shell/2000 (adj 15): DHA:empty #11
03-24 15:25:11.361 12028 12028 E AffinityControl: AffinityControl: registerfunction enter
03-24 15:25:11.361  3670  3698 V BroadcastQueue: [background] Process cur broadcast BroadcastRecord{f452fde u0 android.intent.action.PACKAGE_DATA_CLEARED qIdx=4}, state= (APP_RECEIVE) DELIVERED for app ProcessRecord{b21f73b 11785:com.android.mms/u0a68}
03-24 15:25:11.361  3670  3698 I ActivityManager: Killing 12049:com.sec.android.app.soundalive/u0a62 (adj 15): DHA:empty #9
03-24 15:25:11.361 11785 11785 D Mms/FreeMessageStatusReceiver: onReceive, action : android.intent.action.PACKAGE_DATA_CLEARED
03-24 15:25:11.371  3670  3698 I ActivityManager: Killing 11639:com.android.defcontainer/u0a4 (adj 15): DHA:empty #9
03-24 15:25:11.371  3670  3697 I PersonaManager: mKnoxInfo is empty
03-24 15:25:11.381 12028 12028 D AndroidRuntime: Calling main entry com.android.commands.monkey.Monkey
03-24 15:25:11.381 11785 12217 D Mms/FreeMessageReceiverService: onHandleIntent, action : android.intent.action.PACKAGE_DATA_CLEARED
03-24 15:25:11.381 11785 12217 D Mms/FreeMessageReceiverService: onHandleIntent: ACTION_PACKAGE_DATA_CLEARED
03-24 15:25:11.381  3670  4421 D ActivityManager: cleanUpApplicationRecord -- 11986
03-24 15:25:11.381  3670  4421 D ActivityManager: isAutoRunBlockedApp:: com.android.shell, Auto Run ON
03-24 15:25:11.391  3670  4946 D ActivityManager: cleanUpApplicationRecord -- 12049
03-24 15:25:11.391  3670  4946 D ActivityManager: isAutoRunBlockedApp:: com.sec.android.app.soundalive, Auto Run ON
03-24 15:25:11.391  3670  4143 V BroadcastQueue: [background] Process cur broadcast BroadcastRecord{f452fde u0 android.intent.action.PACKAGE_DATA_CLEARED qIdx=4}, state= (APP_RECEIVE) DELIVERED for app ProcessRecord{ada21a5 11822:com.android.contacts/u0a11}
03-24 15:25:11.401  3670  4550 D ActivityManager: cleanUpApplicationRecord -- 11639
03-24 15:25:11.401  3670  4550 D ActivityManager: isAutoRunBlockedApp:: com.android.defcontainer, Auto Run ON
03-24 15:25:11.411 12221 12221 E Zygote  : v2
03-24 15:25:11.411 12221 12221 I libpersona: KNOX_SDCARD checking this for 10077
03-24 15:25:11.411 12221 12221 I libpersona: KNOX_SDCARD not a persona
03-24 15:25:11.411 12221 12221 W SELinux : Function: selinux_compare_spd_ram, index[1], priority [2], priority version is VE=SEPF_SECMOBILE_6.0.1_0003
03-24 15:25:11.411 12221 12221 E Zygote  : accessInfo : 0
03-24 15:25:11.411 12221 12221 W SELinux : SELinux: seapp_context_lookup: seinfo=platform, level=s0:c512,c768, pkgname=com.samsung.android.weather 
03-24 15:25:11.411  3670  4143 I ActivityManager: Start proc 12221:com.samsung.android.weather/u0a77 for broadcast-3 com.samsung.android.weather/.common.service.AWClearDataService
03-24 15:25:11.421  3670  3796 W BroadcastQueue: Skipping deliver [background] BroadcastRecord{1a9f53e u-1 android.net.conn.CONNECTIVITY_CHANGE qIdx=4}, state= (IDLE) to ReceiverList{a0a7f9f 12028 (unknown name)/2000/u-1 remote:f2790c0}: process crashing
03-24 15:25:11.421  3670  3697 V BroadcastQueue: [background] Process cur broadcast BroadcastRecord{f452fde u0 android.intent.action.PACKAGE_DATA_CLEARED qIdx=4}, state= (APP_RECEIVE) DELIVERED for app ProcessRecord{d54f8ec 12221:com.samsung.android.weather/u0a77}
03-24 15:25:11.431 12221 12221 W ResourcesManager: getTopLevelResources: /system/app/AccuweatherPhone2015/AccuweatherPhone2015.apk / 1.0 running in com.samsung.android.weather rsrc of package com.samsung.android.weather
03-24 15:25:11.431  3670  4454 I InjectionManagerService -AppFeature: getCoreFeaturePkgList :[]
03-24 15:25:11.431 12221 12221 I InjectionManager: Inside getClassLibPath + mLibMap{0=, 1=}
03-24 15:25:11.431 12028 12028 I Timeline: Timeline: Activity_launch_request id:com.android.chrome time:72322369
03-24 15:25:11.441 12221 12221 D ResourcesManager: For user 0 new overlays fetched Null
03-24 15:25:11.441  3670  3931 I PersonaManager: mKnoxInfo is empty
03-24 15:25:11.441 12221 12221 I InjectionManager: Inside getClassLibPath caller 
03-24 15:25:11.441 12221 12221 W System  : ClassLoader referenced unknown path: /system/app/AccuweatherPhone2015/lib/arm64
03-24 15:25:11.451  3670  3931 D GameManagerService: identifyGamePackage. com.android.chrome
03-24 15:25:11.451  3670  3931 D MultiWindowPolicy: Gamemode - return 0,  when calling  identifyForegroundApp(com.android.chrome)
03-24 15:25:11.451  3670  3931 D CustomFrequencyManagerService: acquireDVFSLockLocked : type : DVFS_MIN_LIMIT  frequency : 1800000  uid : 1000  pid : 3670  pkgName : ACTIVITY_RESUME_BOOSTER@3
03-24 15:25:11.451  3670  3931 D ActivityManager: mDVFSHelper.acquire()
03-24 15:25:11.451  3670  3931 V WindowManager: addAppToken: AppWindowToken{62176bb token=Token{6cc274a ActivityRecord{38e14b5 u0 com.android.chrome/com.google.android.apps.chrome.Main t179}}} to stack=1 task=179 at 0
03-24 15:25:11.491  3670  3931 D InputDispatcher: Focused application set to: xxxx
03-24 15:25:11.491  3670  3931 D InputDispatcher: Focus left window: 8129
03-24 15:25:11.491  3670  4550 D SettingsProvider: isChangeAllowed() : name = user_rotation
03-24 15:25:11.491  3670  4550 D SettingsProvider: isChangeAllowed() : name = accelerometer_rotation
