03-24 15:26:17.931  3670  4552 W ContextImpl: Calling a method in the system process without a qualified user: android.app.ContextImpl.sendBroadcast:845 com.android.server.am.ActivityManagerService.requestKnoxVpnToSendProxyBroadcast:29793 com.android.server.am.ActivityManagerService.registerReceiver:22658 android.app.ActivityManagerNative.onTransact:431 com.android.server.am.ActivityManagerService.onTransact:3999 
03-24 15:26:17.931  3670  4550 I PersonaManager: mKnoxInfo is empty
03-24 15:26:17.931  6803  6803 W ResourcesManager: getTopLevelResources: /data/app/com.example.myapplication-1/base.apk / 1.0 running in com.android.systemui rsrc of package com.example.myapplication
03-24 15:26:17.951 14344 14344 W ResourcesManager: getTopLevelResources: /data/app/com.microsoft.emmx-1/base.apk / 1.0 running in com.microsoft.emmx rsrc of package com.microsoft.emmx
03-24 15:26:17.961  3670  4947 I InjectionManagerService -AppFeature: getCoreFeaturePkgList :[]
03-24 15:26:17.961 14344 14344 I InjectionManager: Inside getClassLibPath + mLibMap{0=, 1=}
03-24 15:26:17.961 14344 14344 D ResourcesManager: For user 0 new overlays fetched Null
03-24 15:26:17.961 14344 14344 I InjectionManager: Inside getClassLibPath caller 
03-24 15:26:17.961  3670  4016 W BackupManagerService: dataChanged but no participant pkg='com.microsoft.emmx' uid=10098
03-24 15:26:17.971  6803  6803 D ResourcesManager: For user 0 new overlays fetched Null
03-24 15:26:17.991 14344 14344 I MAMInfo : MAMInfo initialized. Debug=false, UseTestAgent=false, ManagedDialogDisabled=false, DeprecationDialogDisabled=false, PolicyRequired=false, MultiIdentityEnabled=true, FullBackupContent=true, UseDefaultEnrollment=false, ExceptionOnInit=false, Debuggable=false
03-24 15:26:17.991  3670  4946 D PackageManager: getComponentMetadataForIconTray : com.example.myapplication.MainActivity does not exist in mServices
03-24 15:26:17.991  3670  4946 D PackageManager: getComponentMetadataForIconTray : com.example.myapplication.MainActivity does not exist in mProviders
03-24 15:26:17.991  3670  4946 D PackageManager: getComponentMetadataForIconTray : com.example.myapplication.MainActivity does not exist in mReceivers
03-24 15:26:17.991  3670  4409 E PackageManager: Failed to generatePackageInfoFromSettingsLPw, There isn't package setting object for 
03-24 15:26:18.001  3670  4952 E PackageManager: Failed to generatePackageInfoFromSettingsLPw, There isn't package setting object for 
03-24 15:26:18.001  3670  3670 D CustomFrequencyManagerService: releaseDVFSLockLocked : Getting Lock type frm List : DVFS_MIN_LIMIT  frequency : 1800000  uid : 1000  pid : 3670  tag : ACTIVITY_RESUME_BOOSTER@9
03-24 15:26:18.001  6803  6803 I ApplicationPackageManager: load=com.example.myapplication, bg=192-192, dr=192-192
03-24 15:26:18.001  6803  6803 I ApplicationPackageManager: scaled rate=1.0429629, size=192, alpha=15, hold=26, target=192
03-24 15:26:18.011 14116 14116 D ConnectivityManager: requestNetwork; getAppId(CallingUid) : 10098, CallingPid : 14116
03-24 15:26:18.011  3670  4952 D ConnectivityService: listenForNetwork for Listen from uid/pid:10098/14116 for NetworkRequest [ id=345, legacyType=-1, [ Capabilities: INTERNET&NOT_RESTRICTED&TRUSTED] ]
03-24 15:26:18.011  3670  4029 D ConnectivityService: rematching NetworkAgentInfo [WIFI () - 510]
03-24 15:26:18.021  3670  4029 D ConnectivityService:  network has: NetworkAgentInfo{ ni{[type: WIFI[] - WIFI, state: CONNECTED/CONNECTED, reason: (unspecified), extra: "DataStructures", roaming: false, failover: false, isAvailable: true]}  network{510}  lp{{InterfaceName: wlan0 LinkAddresses: [fe80::ee9b:f3ff:fe73:43e9/64,192.168.0.174/24,]  Routes: [fe80::/64 -> :: wlan0,192.168.0.0/24 -> 0.0.0.0 wlan0,0.0.0.0/0 -> 192.168.0.1 wlan0,] DnsAddresses: [192.168.0.1,] Domains:  MTU: 0 TcpBufferSizes: 524288,1048576,4525824,524288,1048576,4525824}}  nc{[ Transports: WIFI Capabilities: INTERNET&NOT_RESTRICTED&TRUSTED&NOT_VPN&VALIDATED LinkUpBandwidth>=1048576Kbps LinkDnBandwidth>=1048576Kbps SignalStrength: -37]}  Score{60}  everValidated{true}  lastValidated{true}  created{true} lingering{false} explicitlySelected{false} acceptUnvalidated{false} everCaptivePortalDetected{false} lastCaptivePortalDetected{false} }
03-24 15:26:18.021  3670  4029 D ConnectivityService:   checking if request is: NetworkRequest [ id=345, legacyType=-1, [ Capabilities: INTERNET&NOT_RESTRICTED&TRUSTED] ] satisfies: true nri.isRequest: false
03-24 15:26:18.021  3670  4029 D ConnectivityService:   checking if request is: NetworkRequest [ id=5, legacyType=-1, [ Transports: WIFI Capabilities: INTERNET&NOT_RESTRICTED&TRUSTED&NOT_VPN] ] satisfies: true nri.isRequest: false
03-24 15:26:18.021  3670  4029 D ConnectivityService: Network NetworkAgentInfo [WIFI () - 510] was already satisfying request 1. No change.
03-24 15:26:18.021  3670  4029 D ConnectivityService:   checking if request is: NetworkRequest [ id=3, legacyType=-1, [] ] satisfies: true nri.isRequest: false
03-24 15:26:18.021  3670  4029 D ConnectivityService:   checking if request is: NetworkRequest [ id=4, legacyType=-1, [ Transports: CELLULAR Capabilities: INTERNET&NOT_RESTRICTED&TRUSTED&NOT_VPN] ] satisfies: false nri.isRequest: false
03-24 15:26:18.021  3670  4029 D ConnectivityService: sending notification AVAILABLE for NetworkRequest [ id=345, legacyType=-1, [ Capabilities: INTERNET&NOT_RESTRICTED&TRUSTED] ]
03-24 15:26:18.021 14344 14344 D InjectionManager: InjectionManager
03-24 15:26:18.021 14344 14344 D InjectionManager: fillFeatureStoreMap com.microsoft.emmx
03-24 15:26:18.021 14344 14344 I InjectionManager: Constructor com.microsoft.emmx, Feature store :{}
03-24 15:26:18.021 14344 14344 I InjectionManager: featureStore :{}
03-24 15:26:18.021 14344 14344 I cr_ChildProcessService: Creating new ChildProcessService pid=14344
03-24 15:26:18.031  3670  4016 W BackupManagerService: dataChanged but no participant pkg='com.microsoft.emmx' uid=10098
03-24 15:26:18.061  3670  3796 V BroadcastQueue: [background] Process cur broadcast BroadcastRecord{5b7c71a u0 com.google.android.gms.gcm.ACTION_SCHEDULE qIdx=4}, state= (APP_RECEIVE) DELIVERED for app ProcessRecord{68a6177 7275:com.google.android.gms.persistent/u0a15}
03-24 15:26:18.061  3670  4552 V BroadcastQueue: [background] Process cur broadcast BroadcastRecord{605e24b u0 com.google.android.gms.gcm.ACTION_SCHEDULE qIdx=4}, state= (APP_RECEIVE) DELIVERED for app ProcessRecord{68a6177 7275:com.google.android.gms.persistent/u0a15}
03-24 15:26:18.071  3670  4550 V AlarmManager:  remove PendingIntent] PendingIntent{c766428: PendingIntentRecord{e30a718 com.google.android.gms broadcastIntent}}
03-24 15:26:18.081  3670  3796 V BroadcastQueue: [background] Process cur broadcast BroadcastRecord{fdd0541 u0 com.google.android.gms.gcm.ACTION_SCHEDULE qIdx=4}, state= (APP_RECEIVE) DELIVERED for app ProcessRecord{68a6177 7275:com.google.android.gms.persistent/u0a15}
03-24 15:26:18.081 14116 14116 D ConnectivityManager: requestNetwork; getAppId(CallingUid) : 10098, CallingPid : 14116
03-24 15:26:18.081  3670  4946 D ConnectivityService: listenForNetwork for Listen from uid/pid:10098/14116 for NetworkRequest [ id=346, legacyType=-1, [ Capabilities: INTERNET&NOT_RESTRICTED&TRUSTED] ]
03-24 15:26:18.081  3670  4029 D ConnectivityService: rematching NetworkAgentInfo [WIFI () - 510]
03-24 15:26:18.081  3670  4029 D ConnectivityService:  network has: NetworkAgentInfo{ ni{[type: WIFI[] - WIFI, state: CONNECTED/CONNECTED, reason: (unspecified), extra: "DataStructures", roaming: false, failover: false, isAvailable: true]}  network{510}  lp{{InterfaceName: wlan0 LinkAddresses: [fe80::ee9b:f3ff:fe73:43e9/64,192.168.0.174/24,]  Routes: [fe80::/64 -> :: wlan0,192.168.0.0/24 -> 0.0.0.0 wlan0,0.0.0.0/0 -> 192.168.0.1 wlan0,] DnsAddresses: [192.168.0.1,] Domains:  MTU: 0 TcpBufferSizes: 524288,1048576,4525824,524288,1048576,4525824}}  nc{[ Transports: WIFI Capabilities: INTERNET&NOT_RESTRICTED&TRUSTED&NOT_VPN&VALIDATED LinkUpBandwidth>=1048576Kbps LinkDnBandwidth>=1048576Kbps SignalStrength: -37]}  Score{60}  everValidated{true}  lastValidated{true}  created{true} lingering{false} explicitlySelected{false} acceptUnvalidated{false} everCaptivePortalDetected{false} lastCaptivePortalDetected{false} }
03-24 15:26:18.081  3670  4029 D ConnectivityService:   checking if request is: NetworkRequest [ id=345, legacyType=-1, [ Capabilities: INTERNET&NOT_RESTRICTED&TRUSTED] ] satisfies: true nri.isRequest: false
03-24 15:26:18.081  3670  4029 D ConnectivityService:   checking if request is: NetworkRequest [ id=346, legacyType=-1, [ Capabilities: INTERNET&NOT_RESTRICTED&TRUSTED] ] satisfies: true nri.isRequest: false
03-24 15:26:18.081  3670  4029 D ConnectivityService:   checking if request is: NetworkRequest [ id=5, legacyType=-1, [ Transports: WIFI Capabilities: INTERNET&NOT_RESTRICTED&TRUSTED&NOT_VPN] ] satisfies: true nri.isRequest: false
03-24 15:26:18.081  3670  4029 D ConnectivityService: Network NetworkAgentInfo [WIFI () - 510] was already satisfying request 1. No change.
03-24 15:26:18.081  3670  4029 D ConnectivityService:   checking if request is: NetworkRequest [ id=3, legacyType=-1, [] ] satisfies: true nri.isRequest: false
03-24 15:26:18.081  3670  4029 D ConnectivityService:   checking if request is: NetworkRequest [ id=4, legacyType=-1, [ Transports: CELLULAR Capabilities: INTERNET&NOT_RESTRICTED&TRUSTED&NOT_VPN] ] satisfies: false nri.isRequest: false
03-24 15:26:18.081  3670  4029 D ConnectivityService: sending notification AVAILABLE for NetworkRequest [ id=346, legacyType=-1, [ Capabilities: INTERNET&NOT_RESTRICTED&TRUSTED] ]
03-24 15:26:18.091  3670  3931 V AlarmManager:  remove PendingIntent] PendingIntent{8279040: PendingIntentRecord{e30a718 com.google.android.gms broadcastIntent}}
03-24 15:26:18.101 14344 14359 I cr_LibraryLoader: Loading chrome
03-24 15:26:18.101 14116 14334 E chromium: [ERROR:shell_integration_android.cc(32)] Not implemented reached in shell_integration::DefaultWebClientState shell_integration::GetDefaultBrowser()
03-24 15:26:18.121  3025  3025 I SurfaceFlinger: id=745 createSurf (1440x2464),4 flag=404, TurfaceView
03-24 15:26:18.131  3670  4454 V WindowStateAnimator: Finishing drawing window Window{ef8239d u0 d0 SurfaceView}: mDrawState=DRAW_PENDING
03-24 15:26:18.141 14344 14359 I cr_LibraryLoader: Time to load native libraries: 35 ms (timestamps 9035-9070)
03-24 15:26:18.141 14344 14359 I chromium: [INFO:library_loader_hooks.cc(36)] Chromium logging enabled: level = 0, default verbosity = 0
03-24 15:26:18.141 14344 14359 I cr_LibraryLoader: Expected native library version number "71.0.3578.99", actual native library version number "71.0.3578.99"
03-24 15:26:18.141 14116 14116 I cr_ContextualSearch: Tap suppression enabled: false
03-24 15:26:18.141 14116 14116 I cr_ContextualSearch: Consructing ContextualSearchRankerLoggerImpl, enabled: true
03-24 15:26:18.141 14116 14116 I cr_SnippetsLauncher: Scheduling: 172800 172800
03-24 15:26:18.151  3670  3796 V BroadcastQueue: [background] Process cur broadcast BroadcastRecord{84c1b79 u0 com.google.android.gms.gcm.ACTION_SCHEDULE qIdx=4}, state= (APP_RECEIVE) DELIVERED for app ProcessRecord{68a6177 7275:com.google.android.gms.persistent/u0a15}
03-24 15:26:18.151  3670  4946 V BroadcastQueue: [background] Process cur broadcast BroadcastRecord{15cc0be u0 com.google.android.gms.gcm.ACTION_SCHEDULE qIdx=4}, state= (APP_RECEIVE) DELIVERED for app ProcessRecord{68a6177 7275:com.google.android.gms.persistent/u0a15}
03-24 15:26:18.151  3670  4550 V WindowStateAnimator: Finishing drawing window Window{ef8239d u0 d0 SurfaceView}: mDrawState=HAS_DRAWN
03-24 15:26:18.161 14344 14359 W ResourcesManager: getTopLevelResources: /data/app/com.microsoft.emmx-1/base.apk / 1.0 running in com.microsoft.emmx rsrc of package com.microsoft.emmx
03-24 15:26:18.161  3025  3025 D libEGL  : eglInitialize EGLDisplay = 0x7ff3f31d28
03-24 15:26:18.171 14344 14359 E libEGL  : validate_display:255 error 3008 (EGL_BAD_DISPLAY)
03-24 15:26:18.221 14344 14359 D libEGL  : loaded /vendor/lib/egl/libGLES_mali.so
03-24 15:26:18.231 14116 14263 I cr_XU   : FeatureSingle: ExpResponseMetadata {requestStatus=Succeeded, requestDuration=868}
03-24 15:26:18.241 14116 14263 I cr_XU   : FeatureSingle: ExpResponseDetails {returnedConfigs={"TestRollout1":false,"Favorites-Test-Rollout":true,"Favorites-Rearrange-Rollout":true,"ExperimentEnableClearBrowsingDataOnExit":false,"Ntp-Videos-Rollout":true,"NewsGuard-Rollout":true,"RadialMenu-Rollout":false,"Feature3":666,"Feature5":"Enable experiment setting (rollout)","TestBoolValue":true}, requestHeaders={"X-WINNEXT-PLATFORM":"Android.Phone","X-WINNEXT-RING":"Public","X-PHOTOS-CALLERID":"com.microsoft.emmx","X-WINNEXT-APPVERSION":"42.0.2.3350","X-WINNEXT-OSVERSION":"6.0.1"}, returnedFlights={"mixedrealityviewer1":"highqualitycapturec","e02":"emtes9141cf","eq5":"emfav9961","winnext-emmx5":"clearonexitcontrol","hug":"emfav4671","iiv":"emntp7891","izo":"emn2151","jiu":"emrad2950","kd5":"yotes719","nah":"emfea18066"}, dataSource=ExP, responseVersion=51016597}
03-24 15:26:18.241 14344 14359 D libEGL  : eglInitialize EGLDisplay = 0xf3a5ad7c
03-24 15:26:18.241 14344 14359 D         : ro.exynos.dss isEnabled: 0
03-24 15:26:18.251 14116 14141 W System.err: remove failed: ENOENT (No such file or directory) : /data/user/0/com.microsoft.emmx/shared_prefs/afd_feature_flags.xml.bak
03-24 15:26:18.271 14116 14116 D TextView: setTypeface with style : 0
03-24 15:26:18.291 14344 14359 W AudioCapabilities: Unsupported mime audio/mpeg-L1
03-24 15:26:18.291 14344 14359 W AudioCapabilities: Unsupported mime audio/mpeg-L2
03-24 15:26:18.291 14344 14359 W AudioCapabilities: Unsupported mime audio/x-ms-wma
03-24 15:26:18.301 14344 14359 W AudioCapabilities: Unsupported mime audio/x-ima
03-24 15:26:18.301 14344 14359 W VideoCapabilities: Unrecognized profile/level 32768/2 for video/mp4v-es
03-24 15:26:18.301 14344 14359 W VideoCapabilities: Unrecognized profile 2130706433 for video/avc
03-24 15:26:18.301 14344 14359 W VideoCapabilities: Unrecognized profile 2130706433 for video/avc
03-24 15:26:18.301 14344 14359 W VideoCapabilities: Unrecognized profile 2130706433 for video/avc
03-24 15:26:18.301 14344 14359 W VideoCapabilities: Unrecognized profile 2130706433 for video/avc
03-24 15:26:18.301 14344 14359 W VideoCapabilities: Unrecognized profile 2130706433 for video/avc
03-24 15:26:18.301 14344 14359 W VideoCapabilities: Unrecognized profile 2130706433 for video/avc
03-24 15:26:18.301 14344 14359 W VideoCapabilities: Unrecognized profile 2130706433 for video/avc
03-24 15:26:18.301 14344 14359 W VideoCapabilities: Unrecognized profile 2130706433 for video/avc
03-24 15:26:18.301 14344 14359 W VideoCapabilities: Unrecognized profile 2130706433 for video/avc
03-24 15:26:18.301 14344 14359 W VideoCapabilities: Unrecognized profile 2130706433 for video/avc
03-24 15:26:18.301 14344 14359 W VideoCapabilities: Unrecognized profile 2130706433 for video/avc
03-24 15:26:18.301 14344 14359 W VideoCapabilities: Unrecognized profile 2130706433 for video/avc
03-24 15:26:18.301 14344 14359 W VideoCapabilities: Unrecognized profile 2130706433 for video/avc
03-24 15:26:18.301 14344 14359 W VideoCapabilities: Unrecognized profile 2130706433 for video/avc
03-24 15:26:18.301 14344 14359 W VideoCapabilities: Unrecognized profile 2130706433 for video/avc
03-24 15:26:18.301 14344 14359 W VideoCapabilities: Unrecognized profile 2130706433 for video/avc
03-24 15:26:18.301 14344 14359 W VideoCapabilities: Unrecognized profile 2130706434 for video/avc
03-24 15:26:18.301 14344 14359 W VideoCapabilities: Unrecognized profile 2130706434 for video/avc
03-24 15:26:18.301 14344 14359 W VideoCapabilities: Unrecognized profile 2130706434 for video/avc
03-24 15:26:18.301 14344 14359 W VideoCapabilities: Unrecognized profile 2130706434 for video/avc
03-24 15:26:18.301 14344 14359 W VideoCapabilities: Unrecognized profile 2130706434 for video/avc
03-24 15:26:18.301 14344 14359 W VideoCapabilities: Unrecognized profile 2130706434 for video/avc
03-24 15:26:18.301 14344 14359 W VideoCapabilities: Unrecognized profile 2130706434 for video/avc
03-24 15:26:18.301 14344 14359 W VideoCapabilities: Unrecognized profile 2130706434 for video/avc
03-24 15:26:18.301 14344 14359 W VideoCapabilities: Unrecognized profile 2130706434 for video/avc
03-24 15:26:18.301 14344 14359 W VideoCapabilities: Unrecognized profile 2130706434 for video/avc
03-24 15:26:18.301 14344 14359 W VideoCapabilities: Unrecognized profile 2130706434 for video/avc
03-24 15:26:18.301 14344 14359 W VideoCapabilities: Unrecognized profile 2130706434 for video/avc
03-24 15:26:18.301 14344 14359 W VideoCapabilities: Unrecognized profile 2130706434 for video/avc
03-24 15:26:18.301 14344 14359 W VideoCapabilities: Unrecognized profile 2130706434 for video/avc
03-24 15:26:18.301 14344 14359 W VideoCapabilities: Unrecognized profile 2130706434 for video/avc
03-24 15:26:18.301 14344 14359 W VideoCapabilities: Unrecognized profile 2130706434 for video/avc
03-24 15:26:18.301 14344 14359 W VideoCapabilities: Unrecognized profile 2130706433 for video/avc
03-24 15:26:18.301 14344 14359 W VideoCapabilities: Unrecognized profile 2130706433 for video/avc
03-24 15:26:18.301 14344 14359 W VideoCapabilities: Unrecognized profile 2130706433 for video/avc
03-24 15:26:18.301 14344 14359 W VideoCapabilities: Unrecognized profile 2130706433 for video/avc
03-24 15:26:18.301 14344 14359 W VideoCapabilities: Unrecognized profile 2130706433 for video/avc
03-24 15:26:18.301 14344 14359 W VideoCapabilities: Unrecognized profile 2130706433 for video/avc
03-24 15:26:18.301 14344 14359 W VideoCapabilities: Unrecognized profile 2130706433 for video/avc
03-24 15:26:18.301 14344 14359 W VideoCapabilities: Unrecognized profile 2130706433 for video/avc
03-24 15:26:18.301 14344 14359 W VideoCapabilities: Unrecognized profile 2130706433 for video/avc
03-24 15:26:18.301 14344 14359 W VideoCapabilities: Unrecognized profile 2130706433 for video/avc
03-24 15:26:18.301 14344 14359 W VideoCapabilities: Unrecognized profile 2130706433 for video/avc
03-24 15:26:18.301 14344 14359 W VideoCapabilities: Unrecognized profile 2130706433 for video/avc
03-24 15:26:18.301 14344 14359 W VideoCapabilities: Unrecognized profile 2130706433 for video/avc
03-24 15:26:18.301 14344 14359 W VideoCapabilities: Unrecognized profile 2130706433 for video/avc
03-24 15:26:18.301 14344 14359 W VideoCapabilities: Unrecognized profile 2130706433 for video/avc
03-24 15:26:18.301 14344 14359 W VideoCapabilities: Unrecognized profile 2130706433 for video/avc
03-24 15:26:18.301 14344 14359 W VideoCapabilities: Unrecognized profile 2130706434 for video/avc
03-24 15:26:18.301 14344 14359 W VideoCapabilities: Unrecognized profile 2130706434 for video/avc
03-24 15:26:18.301 14344 14359 W VideoCapabilities: Unrecognized profile 2130706434 for video/avc
03-24 15:26:18.301 14344 14359 W VideoCapabilities: Unrecognized profile 2130706434 for video/avc
03-24 15:26:18.301 14344 14359 W VideoCapabilities: Unrecognized profile 2130706434 for video/avc
03-24 15:26:18.301 14344 14359 W VideoCapabilities: Unrecognized profile 2130706434 for video/avc
03-24 15:26:18.301 14344 14359 W VideoCapabilities: Unrecognized profile 2130706434 for video/avc
03-24 15:26:18.301 14344 14359 W VideoCapabilities: Unrecognized profile 2130706434 for video/avc
03-24 15:26:18.301 14344 14359 W VideoCapabilities: Unrecognized profile 2130706434 for video/avc
03-24 15:26:18.301 14344 14359 W VideoCapabilities: Unrecognized profile 2130706434 for video/avc
03-24 15:26:18.301 14344 14359 W VideoCapabilities: Unrecognized profile 2130706434 for video/avc
03-24 15:26:18.301 14344 14359 W VideoCapabilities: Unrecognized profile 2130706434 for video/avc
03-24 15:26:18.301 14344 14359 W VideoCapabilities: Unrecognized profile 2130706434 for video/avc
03-24 15:26:18.301 14344 14359 W VideoCapabilities: Unrecognized profile 2130706434 for video/avc
03-24 15:26:18.301 14344 14359 W VideoCapabilities: Unrecognized profile 2130706434 for video/avc
03-24 15:26:18.301 14344 14359 W VideoCapabilities: Unrecognized profile 2130706434 for video/avc
03-24 15:26:18.311 14116 14141 W System.err: remove failed: ENOENT (No such file or directory) : /data/user/0/com.microsoft.emmx/shared_prefs/com.appboy.storage.serverconfigstorageprovider.b856ca21-b874-458d-9aea-7b2f4030f8ef.xml.bak
03-24 15:26:18.311 14344 14359 W VideoCapabilities: Unsupported mime video/wvc1
03-24 15:26:18.311 14116 14141 W System.err: remove failed: ENOENT (No such file or directory) : /data/user/0/com.microsoft.emmx/shared_prefs/com.appboy.storage.triggers.actions.d41d8cd98f00b204e9800998ecf8427e.b856ca21-b874-458d-9aea-7b2f4030f8ef.xml.bak
03-24 15:26:18.321 14344 14359 W VideoCapabilities: Unsupported mime video/x-ms-wmv
03-24 15:26:18.321 14116 14141 W System.err: remove failed: ENOENT (No such file or directory) : /data/user/0/com.microsoft.emmx/shared_prefs/com.appboy.storage.triggers.re_eligibility.d41d8cd98f00b204e9800998ecf8427e.b856ca21-b874-458d-9aea-7b2f4030f8ef.xml.bak
03-24 15:26:18.321 14116 14141 W System.err: remove failed: ENOENT (No such file or directory) : /data/user/0/com.microsoft.emmx/shared_prefs/com.appboy.storage.triggers.local_assets.b856ca21-b874-458d-9aea-7b2f4030f8ef.xml.bak
03-24 15:26:18.321  7275 10425 I qtaguid : Untagging socket 103
03-24 15:26:18.321 14344 14359 W VideoCapabilities: Unrecognized profile/level 32768/2 for video/mp4v-es
03-24 15:26:18.321 14285 14301 I cr_LibraryLoader: Loading chrome
03-24 15:26:18.321 14344 14359 W VideoCapabilities: Unsupported mime video/wvc1
03-24 15:26:18.321  3670  4552 I PersonaManager: mKnoxInfo is empty
03-24 15:26:18.321 14344 14359 W VideoCapabilities: Unsupported mime video/x-ms-wmv
03-24 15:26:18.331 14344 14359 W VideoCapabilities: Unsupported mime video/x-ms-wmv7
03-24 15:26:18.331 14344 14359 W VideoCapabilities: Unsupported mime video/x-ms-wmv8
03-24 15:26:18.331 14344 14359 W VideoCapabilities: Unsupported mime video/mp43
03-24 15:26:18.331 14344 14359 W VideoCapabilities: Unrecognized profile 2130706433 for video/avc
03-24 15:26:18.331 14344 14359 W VideoCapabilities: Unrecognized profile 2130706433 for video/avc
03-24 15:26:18.331 14344 14359 W VideoCapabilities: Unrecognized profile 2130706433 for video/avc
03-24 15:26:18.331 14344 14359 W VideoCapabilities: Unrecognized profile 2130706433 for video/avc
03-24 15:26:18.331 14344 14359 W VideoCapabilities: Unrecognized profile 2130706433 for video/avc
03-24 15:26:18.331 14344 14359 W VideoCapabilities: Unrecognized profile 2130706433 for video/avc
03-24 15:26:18.331 14344 14359 W VideoCapabilities: Unrecognized profile 2130706433 for video/avc
03-24 15:26:18.331 14344 14359 W VideoCapabilities: Unrecognized profile 2130706433 for video/avc
03-24 15:26:18.331 14344 14359 W VideoCapabilities: Unrecognized profile 2130706433 for video/avc
03-24 15:26:18.331 14344 14359 W VideoCapabilities: Unrecognized profile 2130706433 for video/avc
03-24 15:26:18.331 14344 14359 W VideoCapabilities: Unrecognized profile 2130706433 for video/avc
03-24 15:26:18.331 14344 14359 W VideoCapabilities: Unrecognized profile 2130706433 for video/avc
03-24 15:26:18.331 14344 14359 W VideoCapabilities: Unrecognized profile 2130706433 for video/avc
03-24 15:26:18.331 14344 14359 W VideoCapabilities: Unrecognized profile 2130706433 for video/avc
03-24 15:26:18.331 14344 14359 W VideoCapabilities: Unrecognized profile 2130706433 for video/avc
03-24 15:26:18.331 14344 14359 W VideoCapabilities: Unrecognized profile 2130706433 for video/avc
03-24 15:26:18.331 14344 14359 W VideoCapabilities: Unrecognized profile 2130706434 for video/avc
03-24 15:26:18.331 14344 14359 W VideoCapabilities: Unrecognized profile 2130706434 for video/avc
03-24 15:26:18.331 14344 14359 W VideoCapabilities: Unrecognized profile 2130706434 for video/avc
03-24 15:26:18.331 14344 14359 W VideoCapabilities: Unrecognized profile 2130706434 for video/avc
03-24 15:26:18.331 14344 14359 W VideoCapabilities: Unrecognized profile 2130706434 for video/avc
03-24 15:26:18.331 14344 14359 W VideoCapabilities: Unrecognized profile 2130706434 for video/avc
03-24 15:26:18.331 14344 14359 W VideoCapabilities: Unrecognized profile 2130706434 for video/avc
03-24 15:26:18.331 14344 14359 W VideoCapabilities: Unrecognized profile 2130706434 for video/avc
03-24 15:26:18.331 14344 14359 W VideoCapabilities: Unrecognized profile 2130706434 for video/avc
03-24 15:26:18.331 14344 14359 W VideoCapabilities: Unrecognized profile 2130706434 for video/avc
03-24 15:26:18.331 14344 14359 W VideoCapabilities: Unrecognized profile 2130706434 for video/avc
03-24 15:26:18.331 14344 14359 W VideoCapabilities: Unrecognized profile 2130706434 for video/avc
03-24 15:26:18.331 14344 14359 W VideoCapabilities: Unrecognized profile 2130706434 for video/avc
03-24 15:26:18.331 14344 14359 W VideoCapabilities: Unrecognized profile 2130706434 for video/avc
03-24 15:26:18.331 14344 14359 W VideoCapabilities: Unrecognized profile 2130706434 for video/avc
03-24 15:26:18.331 14344 14359 W VideoCapabilities: Unrecognized profile 2130706434 for video/avc
03-24 15:26:18.331 14116 14327 D SmartScreenLog: WebFilterManager::GetInstance succeed
03-24 15:26:18.331 14116 14327 D SmartScreenLog: WebFilterManager isInitialized:false
03-24 15:26:18.341 14344 14359 W VideoCapabilities: Unrecognized profile/level 32768/2 for video/mp4v-es
03-24 15:26:18.361 14344 14359 I VideoCapabilities: Unsupported profile 4 for video/mp4v-es
03-24 15:26:18.361 14116 14116 D TextView: setTypeface with style : 0
03-24 15:26:18.361 14116 14116 D TextView: setTypeface with style : 0
03-24 15:26:18.361 14116 14116 D TextView: setTypeface with style : 0
03-24 15:26:18.371 14116 14116 D TextView: setTypeface with style : 0
03-24 15:26:18.371 14285 14301 I cr_LibraryLoader: Time to load native libraries: 43 ms (timestamps 9258-9301)
03-24 15:26:18.371 14285 14301 I chromium: [INFO:library_loader_hooks.cc(36)] Chromium logging enabled: level = 0, default verbosity = 0
03-24 15:26:18.371 14285 14301 I cr_LibraryLoader: Expected native library version number "71.0.3578.99", actual native library version number "71.0.3578.99"
03-24 15:26:18.371 14116 14116 D TextView: setTypeface with style : 0
03-24 15:26:18.371 14116 14116 D TextView: setTypeface with style : 0
03-24 15:26:18.371 14344 14359 W VideoCapabilities: Unsupported mime video/sorenson
03-24 15:26:18.371 14116 14116 D TextView: setTypeface with style : 0
03-24 15:26:18.371 14116 14116 D TextView: setTypeface with style : 0
03-24 15:26:18.381 14116 14116 D TextView: setTypeface with style : 0
03-24 15:26:18.381 14116 14116 D TextView: setTypeface with style : 0
03-24 15:26:18.381 14116 14116 D TextView: setTypeface with style : 0
03-24 15:26:18.381 14116 14116 D TextView: setTypeface with style : 0
03-24 15:26:18.391 14116 14116 D TextView: setTypeface with style : 0
03-24 15:26:18.391 14285 14301 W ResourcesManager: getTopLevelResources: /data/app/com.microsoft.emmx-1/base.apk / 1.0 running in com.microsoft.emmx rsrc of package com.microsoft.emmx
03-24 15:26:18.391 14116 14116 D TextView: setTypeface with style : 0
03-24 15:26:18.391 14116 14116 D TextView: setTypeface with style : 0
03-24 15:26:18.391 14116 14116 D TextView: setTypeface with style : 0
03-24 15:26:18.391 14116 14393 I System.out: (HTTPLog)-Static: isSBSettingEnabled false
03-24 15:26:18.391 14116 14393 I System.out: (HTTPLog)-Static: isSBSettingEnabled false
03-24 15:26:18.401  3670  4946 V WindowOrientationListener: setCurrentAppOrientation :13
03-24 15:26:18.401  3670  4946 V WindowOrientationListener: OrientationSensorJudge.getProposedRotation, Rotation: -1
03-24 15:26:18.401  3670  4946 V WindowManager: rotationForOrientationLw(orient=13, last=0); user=0  sensorRotation=-1 mLidState=-1 mDockMode=0 mHdmiPlugged=false mMobileKeyboardEnabled=false displayId=0
03-24 15:26:18.401  3670  4946 V WindowOrientationListener: OrientationSensorJudge.getProposedRotation, Rotation: -1
03-24 15:26:18.401  3670  4524 I PersonaManager: mKnoxInfo is empty
03-24 15:26:18.411 14116 14240 I cr_XU   : FeatureSingle: tab_partner_code {isBingSearch=no, partnerCode=EMMX01}
03-24 15:26:18.411 14399 14399 E Zygote  : v2
03-24 15:26:18.411 14399 14399 I libpersona: KNOX_SDCARD checking this for 99239
03-24 15:26:18.411 14399 14399 I libpersona: KNOX_SDCARD not a persona
03-24 15:26:18.411 14399 14399 W SELinux : Function: selinux_compare_spd_ram, index[1], priority [2], priority version is VE=SEPF_SECMOBILE_6.0.1_0003
03-24 15:26:18.411  3670  4421 D BatteryService: !@BatteryListener : batteryPropertiesChanged!
03-24 15:26:18.411  3670  4421 D BatteryService: level:94, scale:100, status:2, health:2, present:true, voltage: 4151, temperature: 319, technology: Li-ion, AC powered:false, USB powered:true, POGO powered:false, Wireless powered:false, icon:17303414, invalid charger:0, maxChargingCurrent:0
03-24 15:26:18.411  3670  4421 D BatteryService: online:4, current avg:-270, charge type:1, power sharing:false, high voltage charger:false, capacity:280000, batterySWSelfDischarging:false, current_now:-608
03-24 15:26:18.411 14399 14399 E Zygote  : accessInfo : 0
03-24 15:26:18.411  3670  3670 D BatteryService: Sending ACTION_BATTERY_CHANGED.
03-24 15:26:18.411 14399 14399 W SELinux : SELinux: seapp_context_lookup: seinfo=default, level=s0:c512,c768, pkgname=com.microsoft.emmx:sandboxed_process1 
03-24 15:26:18.411  3670  4524 I ActivityManager: Start proc 14399:com.microsoft.emmx:sandboxed_process1/u0i239 for service com.microsoft.emmx/org.chromium.content.app.EdgeSandboxedProcessService1
03-24 15:26:18.411  3670  3670 I MotionRecognitionService: Plugged
03-24 15:26:18.411  3670  3670 E MotionRecognitionService: support TA ~
03-24 15:26:18.411  3670  3670 I MotionRecognitionService: isTAConnected | current backoffstate  = 33792
03-24 15:26:18.411  3670  3670 D MotionRecognitionService:  TA connected ,  33792
03-24 15:26:18.411  3670  3670 I MotionRecognitionService: skip setTransmitPower. 
03-24 15:26:18.411  3670  3670 D MotionRecognitionService:   cableConnection= 1
03-24 15:26:18.411  3670  3670 D MotionRecognitionService: setPowerConnected | current backoffstate  = 33792 , state =33792
03-24 15:26:18.411  3670  3670 D MotionRecognitionService: skip setTransmitPower. 
03-24 15:26:18.421  4103  4103 D KeyguardUpdateMonitor: received broadcast android.intent.action.BATTERY_CHANGED
03-24 15:26:18.421  4103  4103 D KeyguardUpdateMonitor: handleBatteryUpdate
03-24 15:26:18.421  4103  4103 D PowerUI : priorPlugType = 2 mPlugType =  2
03-24 15:26:18.421  4103  4103 D PowerUI.Notification: showChargingNotice oldChargingType : 1 currentChargingType : 1 oldChargingTime : 983000 mChargingTime : 1005000
03-24 15:26:18.421  4103  4103 D PowerUI.Notification: showChargingNotification()
03-24 15:26:18.431  3670  3698 I PersonaManager: mKnoxInfo is empty
03-24 15:26:18.441  3670  4550 I PersonaManager: mKnoxInfo is empty
03-24 15:26:18.441 14344 14359 D         : ro.exynos.dss isEnabled: 0
03-24 15:26:18.441  3670  4952 D ApplicationPolicy: isStatusBarNotificationAllowedAsUser: packageName = com.android.systemui,userId = -1
03-24 15:26:18.441  3670  4952 I PersonaManager: mKnoxInfo is empty
03-24 15:26:18.451 14399 14399 W ResourcesManager: getTopLevelResources: /data/app/com.microsoft.emmx-1/base.apk / 1.0 running in com.microsoft.emmx rsrc of package com.microsoft.emmx
03-24 15:26:18.451  4103  4103 D BatteryMeterView: ACTION_BATTERY_CHANGED : level:94 status:2 health:2
03-24 15:26:18.451  4103  4103 D BatteryMeterView: ACTION_BATTERY_CHANGED : level:94 status:2 health:2
03-24 15:26:18.451 14399 14399 D ResourcesManager: For user 0 new overlays fetched Null
03-24 15:26:18.451 14344 14359 D libGLESv2: DTS_GLAPI : DTS is not allowed for Package : com.microsoft.emmx:privileged_process0
03-24 15:26:18.451 14399 14399 I InjectionManager: Inside getClassLibPath caller 
03-24 15:26:18.451  3670  3670 D MARsPolicyManager: NotificationListenerService OngoingNotificationPosted : com.android.systemui
03-24 15:26:18.471 14344 14359 D mali_winsys: new_window_surface returns 0x3000,  [1440x2464]-format:1
03-24 15:26:18.481  4103  4103 W ResourcesManager: getTopLevelResources: /system/priv-app/SystemUI/SystemUI.apk / 1.0 running in com.android.systemui rsrc of package com.android.systemui
03-24 15:26:18.481 14399 14399 I MAMInfo : MAMInfo initialized. Debug=false, UseTestAgent=false, ManagedDialogDisabled=false, DeprecationDialogDisabled=false, PolicyRequired=false, MultiIdentityEnabled=true, FullBackupContent=true, UseDefaultEnrollment=false, ExceptionOnInit=false, Debuggable=false
03-24 15:26:18.521 14399 14399 D InjectionManager: InjectionManager
03-24 15:26:18.521 14399 14399 I InjectionManager: featureStore :{}
03-24 15:26:18.521  4103  4103 D PhoneStatusBar: setAreThereNotifications: N=2 any=true clearable=false
03-24 15:26:18.521 14116 14116 I cr_Qi   : onFinishNativeInitialization: updating app proxy state to: false
03-24 15:26:18.521 14116 14116 I cr_org.chromium.net.MAMAppProxyBridge: disable redirect in native
03-24 15:26:18.531 14399 14399 I cr_ChildProcessService: Creating new ChildProcessService pid=14399
03-24 15:26:18.531  3670  3796 V BroadcastQueue: [background] Process cur broadcast BroadcastRecord{2dc3ed2 u0 com.google.firebase.INSTANCE_ID_EVENT qIdx=4}, state= (APP_RECEIVE) DELIVERED for app ProcessRecord{8a91c23 14116:com.microsoft.emmx/u0a98}
03-24 15:26:18.541  3025  3025 D libEGL  : eglInitialize EGLDisplay = 0x7ff3f31d28
03-24 15:26:18.551 14285 14301 W chromium: [WARNING:resource_bundle.cc(599)] GetRawDataResourceForScale::GetStringPiece failed, i: 0 scale_factor: 1
03-24 15:26:18.551 14116 14116 I cr_XU   : FeatureSingle: ExpFeatureUsage {isFound=true, featureValue=false, dataSource=ExP, featureName=TestRollout1}
03-24 15:26:18.551 14116 14280 I EMMXGcmRegistrationTask: device token: c-_vT3X_nNQ:APA91bH921Ed3q-bDfYwkiPA227R36bsMjaPCpeLh9O4fqGU0FszsEANMMnzXaZLPjjodMTVGzDFVtW_p7CShclS0KnI7P4q1Zwwn69YL8Mm8KmwPx4aRhlo4Ddpa90bw_3JZ9OUSuaF
03-24 15:26:18.551 14285 14301 W chromium: [WARNING:resource_bundle.cc(599)] GetRawDataResourceForScale::GetStringPiece failed, i: 0 scale_factor: 1
03-24 15:26:18.551 14285 14301 W chromium: [WARNING:resource_bundle.cc(599)] GetRawDataResourceForScale::GetStringPiece failed, i: 0 scale_factor: 1
03-24 15:26:18.551 14285 14301 W chromium: [WARNING:resource_bundle.cc(599)] GetRawDataResourceForScale::GetStringPiece failed, i: 0 scale_factor: 1
03-24 15:26:18.551 14116 14280 I RubySyncClient: registerNotifications
03-24 15:26:18.561 14116 14207 I System.out: (HTTPLog)-Static: isSBSettingEnabled false
03-24 15:26:18.561 14116 14207 I System.out: (HTTPLog)-Static: isSBSettingEnabled false
03-24 15:26:18.561 14285 14301 W chromium: [WARNING:resource_bundle.cc(599)] GetRawDataResourceForScale::GetStringPiece failed, i: 0 scale_factor: 1
03-24 15:26:18.561 14285 14301 W chromium: [WARNING:resource_bundle.cc(599)] GetRawDataResourceForScale::GetStringPiece failed, i: 0 scale_factor: 1
03-24 15:26:18.571 14285 14301 W chromium: [WARNING:resource_bundle.cc(599)] GetRawDataResourceForScale::GetStringPiece failed, i: 0 scale_factor: 1
03-24 15:26:18.571 14116 14141 W System.err: remove failed: ENOENT (No such file or directory) : /data/user/0/com.microsoft.emmx/shared_prefs/com.appboy.push_registration.xml.bak
03-24 15:26:18.581 14116 14116 I cr_XU   : FeatureSingle: ExpFeatureUsage {isFound=true, featureValue=true, dataSource=ExP, featureName=NewsGuard-Rollout}
03-24 15:26:18.581  7402  7402 D SamsungIME: IMPL finishInput
03-24 15:26:18.581  7402  7402 D SamsungIME: SwiftKeyWrapper writeDBdataToFileOnFinishInput
03-24 15:26:18.581  7402  7402 D SamsungIME: saveAndClear +
03-24 15:26:18.581  7402  7402 D SamsungIME: saveAndClear -
03-24 15:26:18.581 14116 14116 I cr_XU   : FeatureSingle: ExpFeatureUsage {isFound=true, featureValue=true, dataSource=ExP, featureName=NewsGuard-Rollout}
03-24 15:26:18.591 14116 14116 I cr_XU   : FeatureSingle: ExpFeatureUsage {isFound=true, featureValue=true, dataSource=ExP, featureName=NewsGuard-Rollout}
03-24 15:26:18.591  7402  7402 I SamsungIME: putCacheDrawable inputModule=0 key =KEY_BG_NUMBER
03-24 15:26:18.591  7402  7402 I SamsungIME: putCacheDrawable inputModule=0 key =ICON_SETTING
03-24 15:26:18.591 14116 14139 I cr_XU   : FeatureSingle: ExpFeatureUsage {isFound=true, featureValue=true, dataSource=ExP, featureName=NewsGuard-Rollout}
03-24 15:26:18.591  3670  4016 I PersonaManager: mKnoxInfo is empty
03-24 15:26:18.601  3670  4016 D PackageManager: findPreferredActivity: We found 3 PreferredActivities set, but no match
03-24 15:26:18.601  3670  4016 I PackageManager: No preferred activity: intent should not be shown
03-24 15:26:18.601 14116 14116 I cr_XU   : FeatureSingle: ExpFeatureUsage {isFound=true, featureValue=true, dataSource=ExP, featureName=NewsGuard-Rollout}
03-24 15:26:18.601 14116 14116 D TextView: setTypeface with style : 0
03-24 15:26:18.601 14116 14116 D TextView: setTypeface with style : 0
03-24 15:26:18.631 14116 14142 W cr_ReadingListDataAdapter: /data/user/0/com.microsoft.emmx/databases/ReadingListDB databases file not exist!!!
03-24 15:26:18.631 14116 14142 W cr_ReadingListDataAdapter: Finished performing dual identity migration.
03-24 15:26:18.651  3670  4550 I PersonaManager: mKnoxInfo is empty
03-24 15:26:18.651  3670  3698 I PersonaManager: mKnoxInfo is empty
03-24 15:26:18.651  3670  4550 D PackageManager: findPreferredActivity: No PreferredActivities set
03-24 15:26:18.651  3670  4550 I PackageManager: No preferred activity: intent should not be shown
03-24 15:26:18.651 14116 14116 I cr_XU   : FeatureSingle: ExpFeatureUsage {isFound=false, featureValue=, dataSource=ExP, featureName=ExperimentSetDefaultBrowser}
03-24 15:26:18.651  3670  3698 D PackageManager: findPreferredActivity: We found 1 PreferredActivities set, but no match
03-24 15:26:18.651  3670  3698 I PackageManager: No preferred activity: intent should not be shown
03-24 15:26:18.681 14116 14116 I RubySyncClient: password model loaded
03-24 15:26:18.681 14116 14116 I RubySyncClient: password model loaded
03-24 15:26:18.691  3670  3698 D ConnectivityService: returning getNetworkInfo for network type 1 : [type: WIFI[] - WIFI, state: CONNECTED/CONNECTED, reason: (unspecified), extra: "DataStructures", roaming: false, failover: false, isAvailable: true]
03-24 15:26:18.691 14116 14184 W System.err: stat failed: ENOENT (No such file or directory) : /data/user/0/com.microsoft.emmx/EdgeSafety/MalwareData.db
03-24 15:26:18.711  3025  3025 D libEGL  : eglInitialize EGLDisplay = 0x7ff3f31d28
03-24 15:26:18.721 14116 14184 I System.out: (HTTPLog)-Static: isSBSettingEnabled false
03-24 15:26:18.721 14116 14184 I System.out: (HTTPLog)-Static: isSBSettingEnabled false
03-24 15:26:18.721  3037  3741 D EnterpriseController: netId is 0
03-24 15:26:18.721  3037  3741 D Netd    : getNetworkForDns: using netid 510 for uid 10098
03-24 15:26:18.731  3670  4946 I PersonaManager: mKnoxInfo is empty
03-24 15:26:18.751 14116 14116 W ResourcesManager: getTopLevelResources: /data/app/com.microsoft.emmx-1/base.apk / 1.0 running in com.microsoft.emmx rsrc of package com.microsoft.emmx
03-24 15:26:18.751  3670  4421 I PersonaManager: mKnoxInfo is empty
03-24 15:26:18.761 14116 14116 D TextView: setTypeface with style : 0
03-24 15:26:18.771 14399 14423 I cr_LibraryLoader: Loading chrome
03-24 15:26:18.781 14116 14116 D TextView: setTypeface with style : 0
03-24 15:26:18.781 14116 14116 D TextView: setTypeface with style : 0
03-24 15:26:18.801 14116 14141 W System.err: remove failed: ENOENT (No such file or directory) : /data/user/0/com.microsoft.emmx/shared_prefs/com.appboy.storage.user_cache.push_token_store.37a6259cc0c1dae299a7866489dff0bd.xml.bak
03-24 15:26:18.801 14116 14116 D ViewRootImpl: #1 mView = com.android.internal.policy.PhoneWindow$DecorView{325efe5 V.E...... R.....ID 0,0-0,0}
03-24 15:26:18.811  3670  4552 D ISSUE_DEBUG: InputChannelName : f84d62a com.microsoft.emmx/org.chromium.chrome.browser.ChromeTabbedActivity
03-24 15:26:18.811  3670  3798 D StatusBarManagerService: manageDisableList userId=0 what=0x0 pkg=Window{f84d62a u0 d0 com.microsoft.emmx/org.chromium.chrome.browser.ChromeTabbedActivity}
03-24 15:26:18.811  3670  4552 D InputDispatcher: Focus left window: 14116
03-24 15:26:18.811  3670  4552 D InputDispatcher: Focus entered window: 14116
03-24 15:26:18.811  3670  3884 D PointerIcon: setMouseIconStyle1 pointerType: 1001 iconType:101 flag:0 pid:3670 uid:1000
03-24 15:26:18.811  3670  3884 D PointerIcon: setMouseCustomIcon IconType is same.101
03-24 15:26:18.811  4103  4103 D PhoneStatusBar: setSystemUiVisibility vis=a000 mask=ffffffff oldVal=a600 newVal=a000 diff=600
03-24 15:26:18.811  3670  4421 I PersonaManager: mKnoxInfo is empty
03-24 15:26:18.821  3670  4421 D PackageManager: findPreferredActivity: No PreferredActivities set
03-24 15:26:18.821  3670  4421 I PackageManager: No preferred activity: intent should not be shown
03-24 15:26:18.821  3670  4952 I PersonaManager: mKnoxInfo is empty
03-24 15:26:18.821  3670  4952 D PackageManager: findPreferredActivity: No PreferredActivities set
03-24 15:26:18.821  3670  4952 I PackageManager: No preferred activity: intent should not be shown
03-24 15:26:18.831 14116 14116 D TextView: setTypeface with style : 0
03-24 15:26:18.831 14116 14116 D TextView: setTypeface with style : 0
03-24 15:26:18.831 14399 14423 I cr_LibraryLoader: Time to load native libraries: 60 ms (timestamps 9709-9769)
03-24 15:26:18.841 14399 14423 I chromium: [INFO:library_loader_hooks.cc(36)] Chromium logging enabled: level = 0, default verbosity = 0
03-24 15:26:18.841 14399 14423 I cr_LibraryLoader: Expected native library version number "71.0.3578.99", actual native library version number "71.0.3578.99"
03-24 15:26:18.841 14116 14116 D TextView: setTypeface with style : 0
03-24 15:26:18.841 14116 14116 D TextView: setTypeface with style : 0
03-24 15:26:18.851 14116 14116 D TextView: setTypeface with style : 0
03-24 15:26:18.851 14116 14116 I XN      : isLocaleSupported() returned: false current locale = [en-gb], supported locale = [en-us;]
03-24 15:26:18.861 14399 14423 W ResourcesManager: getTopLevelResources: /data/app/com.microsoft.emmx-1/base.apk / 1.0 running in com.microsoft.emmx rsrc of package com.microsoft.emmx
03-24 15:26:18.881  3025  3025 I SurfaceFlinger: id=746 createSurf (257x257),1 flag=4, DhromeTabbe
03-24 15:26:18.901 14116 14276 D mali_winsys: new_window_surface returns 0x3000,  [1624x2488]-format:1
03-24 15:26:18.911 14399 14423 W chromium: [WARNING:resource_bundle.cc(599)] GetRawDataResourceForScale::GetStringPiece failed, i: 0 scale_factor: 1
03-24 15:26:18.921 14399 14423 W chromium: [WARNING:resource_bundle.cc(599)] GetRawDataResourceForScale::GetStringPiece failed, i: 0 scale_factor: 1
03-24 15:26:18.921 14399 14423 W chromium: [WARNING:resource_bundle.cc(599)] GetRawDataResourceForScale::GetStringPiece failed, i: 0 scale_factor: 1
03-24 15:26:18.921 14399 14423 W chromium: [WARNING:resource_bundle.cc(599)] GetRawDataResourceForScale::GetStringPiece failed, i: 0 scale_factor: 1
03-24 15:26:18.921 14399 14423 W chromium: [WARNING:resource_bundle.cc(599)] GetRawDataResourceForScale::GetStringPiece failed, i: 0 scale_factor: 1
03-24 15:26:18.921 14399 14423 W chromium: [WARNING:resource_bundle.cc(599)] GetRawDataResourceForScale::GetStringPiece failed, i: 0 scale_factor: 1
03-24 15:26:18.921 14399 14423 W chromium: [WARNING:resource_bundle.cc(599)] GetRawDataResourceForScale::GetStringPiece failed, i: 0 scale_factor: 1
03-24 15:26:18.941  3670  3796 I ActivityManager: Start proc 14459:com.samsung.android.sm/1000 for broadcast-3 com.samsung.android.sm/.common.SmartManagerReceiver
03-24 15:26:18.941 14459 14459 E Zygote  : v2
03-24 15:26:18.941 14459 14459 I libpersona: KNOX_SDCARD checking this for 1000
03-24 15:26:18.941 14459 14459 I libpersona: KNOX_SDCARD not a persona
03-24 15:26:18.951 14459 14459 W SELinux : Function: selinux_compare_spd_ram, index[1], priority [2], priority version is VE=SEPF_SECMOBILE_6.0.1_0003
03-24 15:26:18.951 14459 14459 E Zygote  : accessInfo : 0
03-24 15:26:18.971 14116 14471 I EMMXInstanceIDListener: Received token refresh request
03-24 15:26:18.971  3670  3697 D InputMethodManagerService: windowGainedFocus mCurrentFocusedUserId - 0 and mSecureKeypadEnabled-false
03-24 15:26:18.971 14116 14471 I EMMXGcmController: fetchToken
03-24 15:26:18.971  7402  7402 D SamsungIME: IMPL finishInput
03-24 15:26:18.971  7402  7402 D SamsungIME: SwiftKeyWrapper writeDBdataToFileOnFinishInput
03-24 15:26:18.971  7402  7402 D SamsungIME: saveAndClear +
03-24 15:26:18.981  7402  7402 D SamsungIME: saveAndClear -
03-24 15:26:18.991  7402  7402 D SamsungIME: onStartInput: No inputType, No imeOption, isInputViewShown = false, isExtractViewShown = false, isShowInputRequested = false, isConfigChanged = false
03-24 15:26:19.021  3670  4421 V BroadcastQueue: [background] Process cur broadcast BroadcastRecord{5722af6 u0 android.intent.action.DROPBOX_ENTRY_ADDED qIdx=4}, state= (APP_RECEIVE) DELIVERED for app ProcessRecord{af76ef7 14459:com.samsung.android.sm/1000}
03-24 15:26:19.041 14399 14423 E chromium: [ERROR:translate_manager.cc(674)] domainchrome-native://newtab/
03-24 15:26:19.041 14399 14423 E chromium: [ERROR:translate_helper.cc(111)] language
03-24 15:26:19.041 14459 14459 W ResourcesManager: getTopLevelResources: /system/priv-app/SmartManager_v3/SmartManager_v3.apk / 1.0 running in com.samsung.android.sm rsrc of package com.samsung.android.sm
03-24 15:26:19.041  3670  4524 I InjectionManagerService -AppFeature: getCoreFeaturePkgList :[]
03-24 15:26:19.051 14459 14459 I InjectionManager: Inside getClassLibPath + mLibMap{0=, 1=}
03-24 15:26:19.081 14459 14459 D ResourcesManager: For user 0 new overlays fetched Null
03-24 15:26:19.091  3670  4452 V WindowStateAnimator: Finishing drawing window Window{f84d62a u0 d0 com.microsoft.emmx/org.chromium.chrome.browser.ChromeTabbedActivity}: mDrawState=DRAW_PENDING
03-24 15:26:19.101  3025  3025 D libEGL  : eglInitialize EGLDisplay = 0x7ff3f31d28
03-24 15:26:19.101 14459 14459 I InjectionManager: Inside getClassLibPath caller 
03-24 15:26:19.141  3670  6805 D SSRM:n  : SIOP:: AP = 510, PST = 462 (W:10), CP = 326, CUR = -270, LCD = 113
03-24 15:26:19.141 14459 14459 D InjectionManager: InjectionManager
03-24 15:26:19.141 14459 14459 D InjectionManager: fillFeatureStoreMap com.samsung.android.sm
03-24 15:26:19.151 14459 14459 I InjectionManager: Constructor com.samsung.android.sm, Feature store :{}
03-24 15:26:19.151 14459 14459 I InjectionManager: featureStore :{}
03-24 15:26:19.181 14116 14332 I cr_XU   : FeatureSingle: Native.PageLoadPerf.PageLoadTime {WebContentsImpl::DocumentOnLoadCompleted=767}
03-24 15:26:19.181  3670  3931 V BroadcastQueue: [background] Process cur broadcast BroadcastRecord{5722af6 u0 android.intent.action.DROPBOX_ENTRY_ADDED qIdx=4}, state= (APP_RECEIVE) DELIVERED for app ProcessRecord{7c51f24 13741:com.google.android.gms/u0a15}
03-24 15:26:19.201 14116 14116 I cr_XU   : FeatureSingle: ExpFeatureUsage {isFound=true, featureValue=true, dataSource=ExP, featureName=NewsGuard-Rollout}
03-24 15:26:19.201  3670  6805 D ConnectivityService: returning getNetworkInfo for network type 1 : [type: WIFI[] - WIFI, state: CONNECTED/CONNECTED, reason: (unspecified), extra: "DataStructures", roaming: false, failover: false, isAvailable: true]
03-24 15:26:19.201 14116 14116 I FeedbackSessionManager: onNavigationFinished() called
03-24 15:26:19.211 14116 14163 W System.err: remove failed: ENOENT (No such file or directory) : /data/user/0/com.microsoft.emmx/app_chrome/Default/tabs/0/tab_state0.bak
03-24 15:26:19.221 14116 14116 D ViewRootImpl: MSG_RESIZED_REPORT: ci=Rect(0, 0 - 0, 0) vi=Rect(0, 0 - 0, 0) or=1
03-24 15:26:19.231  3025  3025 D libEGL  : eglInitialize EGLDisplay = 0x7ff3f31d28
03-24 15:26:19.231  3670  4946 V WindowStateAnimator: Finishing drawing window Window{f84d62a u0 d0 com.microsoft.emmx/org.chromium.chrome.browser.ChromeTabbedActivity}: mDrawState=HAS_DRAWN
03-24 15:26:19.231  3670  4454 I PersonaManager: mKnoxInfo is empty
03-24 15:26:19.241 14116 14116 I FeedbackSessionManager: onChromeTabbedActivityFocusChanged() called with: focus = [false]
03-24 15:26:19.251 14116 14116 W cr_Autocomplete: stopping autocomplete.
03-24 15:26:19.251 14116 14116 I cr_XU   : FeatureSingle: ExpFeatureUsage {isFound=true, featureValue=true, dataSource=ExP, featureName=NewsGuard-Rollout}
03-24 15:26:19.251 14116 14116 I cr_XU   : FeatureSingle: NewsGuardLoading {loadingRank=Skip}
03-24 15:26:19.261 14116 14116 I Timeline: Timeline: Activity_idle id: android.os.BinderProxy@de22e33 time:72390191
03-24 15:26:19.261 14485 14485 E Zygote  : v2
03-24 15:26:19.261 14485 14485 I libpersona: KNOX_SDCARD checking this for 99240
03-24 15:26:19.261 14485 14485 I libpersona: KNOX_SDCARD not a persona
03-24 15:26:19.261  3670  4454 I ActivityManager: Start proc 14485:com.microsoft.emmx:sandboxed_process2/u0i240 for service com.microsoft.emmx/org.chromium.content.app.EdgeSandboxedProcessService2
03-24 15:26:19.271 14485 14485 W SELinux : Function: selinux_compare_spd_ram, index[1], priority [2], priority version is VE=SEPF_SECMOBILE_6.0.1_0003
03-24 15:26:19.271 14485 14485 E Zygote  : accessInfo : 0
03-24 15:26:19.271 14485 14485 W SELinux : SELinux: seapp_context_lookup: seinfo=default, level=s0:c512,c768, pkgname=com.microsoft.emmx:sandboxed_process2 
03-24 15:26:19.281  3670  4421 I PersonaManager: mKnoxInfo is empty
03-24 15:26:19.301  3670  4452 I PersonaManager: mKnoxInfo is empty
03-24 15:26:19.301 14116 14116 E NFC     : isAndroidBeamAllowed - Begin
03-24 15:26:19.301  3670  3798 D StatusBarManagerService: manageDisableList userId=0 what=0x0 pkg=Window{f84d62a u0 d0 com.microsoft.emmx/org.chromium.chrome.browser.ChromeTabbedActivity}
03-24 15:26:19.301 14116 14116 I NFC     : showMsg is false
