03-19 15:58:37.551 12646 12646 D ResourcesManager: For user 0 new overlays fetched Null
03-19 15:58:37.551 12646 12728 D ResourcesManager: For user 0 new overlays fetched Null
03-19 15:58:37.561 14306 14355 W GeckoLinker: /data/app/org.mozilla.firefox-1/lib/arm/libnss3.so: Relocation to NULL @0x0012a97c for symbol "__cxa_type_match"
03-19 15:58:37.561 14306 14355 E GeckoLibLoad: Load sqlite done
03-19 15:58:37.561 12646 12646 W ResourcesManager: getTopLevelResources: /data/app/com.microsoft.office.excel-1/base.apk / 1.0 running in null rsrc of package com.microsoft.office.excel
03-19 15:58:37.561 14306 14355 E GeckoLibLoad: Load nss start
03-19 15:58:37.561 14306 14355 E GeckoLibLoad: Load nss done
03-19 15:58:37.561 14339 14339 D InjectionManager: InjectionManager
03-19 15:58:37.561 12646 12646 W ResourcesManager: getTopLevelResources: /data/app/com.yandex.browser-1/base.apk / 1.0 running in null rsrc of package com.yandex.browser
03-19 15:58:37.561 14339 14339 D InjectionManager: fillFeatureStoreMap com.samsung.android.app.FileShareServer
03-19 15:58:37.561 12646 12646 W ResourcesManager: getTopLevelResources: /data/app/com.yandex.browser-1/base.apk / 1.0 running in null rsrc of package com.yandex.browser
03-19 15:58:37.561 14339 14339 I InjectionManager: Constructor com.samsung.android.app.FileShareServer, Feature store :{}
03-19 15:58:37.561 14339 14339 I InjectionManager: featureStore :{}
03-19 15:58:37.561 12646 12646 W ResourcesManager: getTopLevelResources: /data/app/com.microsoft.office.officelens-2/base.apk / 1.0 running in null rsrc of package com.microsoft.office.officelens
03-19 15:58:37.561 12646 12728 W ResourcesManager: getTopLevelResources: /data/app/com.sec.android.app.voicenote-1/base.apk / 1.0 running in null rsrc of package com.sec.android.app.voicenote
03-19 15:58:37.561 12646 12728 W ResourcesManager: getTopLevelResources: /data/app/com.sec.android.app.voicenote-1/base.apk / 1.0 running in null rsrc of package com.sec.android.app.voicenote
03-19 15:58:37.561 12646 12646 D ResourcesManager: For user 0 new overlays fetched Null
03-19 15:58:37.561 12646 12728 W ResourcesManager: getTopLevelResources: /data/app/com.android.chrome-2/base.apk / 1.0 running in null rsrc of package com.android.chrome
03-19 15:58:37.561 12646 12728 D ResourcesManager: For user 0 new overlays fetched Null
03-19 15:58:37.561 14339 14339 D FileShare-Server: ServerBroadcastReceiver.onReceive - action android.intent.action.PACKAGE_CHANGED // package:com.yandex.browser
03-19 15:58:37.561 12646 12646 W ResourcesManager: getTopLevelResources: /data/app/com.microsoft.office.officelens-2/base.apk / 1.0 running in null rsrc of package com.microsoft.office.officelens
03-19 15:58:37.561 12646 12646 W ResourcesManager: getTopLevelResources: /data/app/com.microsoft.emmx-1/base.apk / 1.0 running in null rsrc of package com.microsoft.emmx
03-19 15:58:37.561 12646 12646 W ResourcesManager: getTopLevelResources: /data/app/com.microsoft.emmx-1/base.apk / 1.0 running in null rsrc of package com.microsoft.emmx
03-19 15:58:37.561 12646 12728 W ResourcesManager: getTopLevelResources: /data/app/com.android.chrome-2/base.apk / 1.0 running in null rsrc of package com.android.chrome
03-19 15:58:37.561 12646 12646 W ResourcesManager: getTopLevelResources: /data/app/org.mozilla.firefox-1/base.apk / 1.0 running in null rsrc of package org.mozilla.firefox
03-19 15:58:37.561 12646 12646 W ResourcesManager: getTopLevelResources: /data/app/org.mozilla.firefox-1/base.apk / 1.0 running in null rsrc of package org.mozilla.firefox
03-19 15:58:37.561 12646 12728 W ResourcesManager: getTopLevelResources: /data/app/com.google.android.gms-1/base.apk / 1.0 running in null rsrc of package com.google.android.gms
03-19 15:58:37.561 12646 12728 W ResourcesManager: getTopLevelResources: /data/app/com.sec.android.app.music-1/base.apk / 1.0 running in null rsrc of package com.sec.android.app.music
03-19 15:58:37.561 12646 12728 W ResourcesManager: getTopLevelResources: /data/app/com.microsoft.emmx-1/base.apk / 1.0 running in null rsrc of package com.microsoft.emmx
03-19 15:58:37.561 12646 12646 W ResourcesManager: getTopLevelResources: /system/priv-app/SNS_v2/SNS_v2.apk / 1.0 running in null rsrc of package com.sec.android.app.sns3
03-19 15:58:37.561 12646 12728 W ResourcesManager: getTopLevelResources: /data/app/com.sec.android.app.sbrowser-2/base.apk / 1.0 running in null rsrc of package com.sec.android.app.sbrowser
03-19 15:58:37.561 12646 12646 W ResourcesManager: getTopLevelResources: /system/priv-app/SNS_v2/SNS_v2.apk / 1.0 running in null rsrc of package com.sec.android.app.sns3
03-19 15:58:37.561 12646 12646 W ResourcesManager: getTopLevelResources: /system/priv-app/SNS_v2/SNS_v2.apk / 1.0 running in null rsrc of package com.sec.android.app.sns3
03-19 15:58:37.561 12646 12646 W ResourcesManager: getTopLevelResources: /system/priv-app/SNS_v2/SNS_v2.apk / 1.0 running in null rsrc of package com.sec.android.app.sns3
03-19 15:58:37.561 12646 12646 W ResourcesManager: getTopLevelResources: /system/priv-app/SNS_v2/SNS_v2.apk / 1.0 running in null rsrc of package com.sec.android.app.sns3
03-19 15:58:37.561 12646 12646 W ResourcesManager: getTopLevelResources: /system/priv-app/SNS_v2/SNS_v2.apk / 1.0 running in null rsrc of package com.sec.android.app.sns3
03-19 15:58:37.561 12646 12646 W ResourcesManager: getTopLevelResources: /system/priv-app/SNS_v2/SNS_v2.apk / 1.0 running in null rsrc of package com.sec.android.app.sns3
03-19 15:58:37.561 12646 12728 W ResourcesManager: getTopLevelResources: /data/app/com.google.android.googlequicksearchbox-1/base.apk / 1.0 running in null rsrc of package com.google.android.googlequicksearchbox
03-19 15:58:37.561 12646 12646 W ResourcesManager: getTopLevelResources: /system/priv-app/SNS_v2/SNS_v2.apk / 1.0 running in null rsrc of package com.sec.android.app.sns3
03-19 15:58:37.561 12646 12646 W ResourcesManager: getTopLevelResources: /system/priv-app/SNS_v2/SNS_v2.apk / 1.0 running in null rsrc of package com.sec.android.app.sns3
03-19 15:58:37.561 12646 12646 W ResourcesManager: getTopLevelResources: /system/priv-app/SNS_v2/SNS_v2.apk / 1.0 running in null rsrc of package com.sec.android.app.sns3
03-19 15:58:37.571 12646 12646 W ResourcesManager: getTopLevelResources: /system/priv-app/SNS_v2/SNS_v2.apk / 1.0 running in null rsrc of package com.sec.android.app.sns3
03-19 15:58:37.571 12646 12646 W ResourcesManager: getTopLevelResources: /system/priv-app/SNS_v2/SNS_v2.apk / 1.0 running in null rsrc of package com.sec.android.app.sns3
03-19 15:58:37.571 12646 12646 W ResourcesManager: getTopLevelResources: /system/priv-app/SecEmail_M/SecEmail_M.apk / 1.0 running in null rsrc of package com.samsung.android.email.provider
03-19 15:58:37.571 12646 12646 W ResourcesManager: getTopLevelResources: /system/priv-app/SecEmail_M/SecEmail_M.apk / 1.0 running in null rsrc of package com.samsung.android.email.provider
03-19 15:58:37.571 12646 12646 W ResourcesManager: getTopLevelResources: /system/priv-app/SecEmail_M/SecEmail_M.apk / 1.0 running in null rsrc of package com.samsung.android.email.provider
03-19 15:58:37.571 12646 12646 W ResourcesManager: getTopLevelResources: /system/priv-app/SecEmail_M/SecEmail_M.apk / 1.0 running in null rsrc of package com.samsung.android.email.provider
03-19 15:58:37.571 12646 12646 W ResourcesManager: getTopLevelResources: /system/priv-app/SecEmail_M/SecEmail_M.apk / 1.0 running in null rsrc of package com.samsung.android.email.provider
03-19 15:58:37.571 12646 12646 W ResourcesManager: getTopLevelResources: /system/priv-app/SecEmail_M/SecEmail_M.apk / 1.0 running in null rsrc of package com.samsung.android.email.provider
03-19 15:58:37.571 12646 12646 W ResourcesManager: getTopLevelResources: /system/priv-app/SecEmail_M/SecEmail_M.apk / 1.0 running in null rsrc of package com.samsung.android.email.provider
03-19 15:58:37.571 12646 12646 W ResourcesManager: getTopLevelResources: /system/priv-app/SecEmail_M/SecEmail_M.apk / 1.0 running in null rsrc of package com.samsung.android.email.provider
03-19 15:58:37.571 12646 12646 W ResourcesManager: getTopLevelResources: /system/priv-app/SecEmail_M/SecEmail_M.apk / 1.0 running in null rsrc of package com.samsung.android.email.provider
03-19 15:58:37.571 12646 12646 W ResourcesManager: getTopLevelResources: /system/priv-app/SecEmail_M/SecEmail_M.apk / 1.0 running in null rsrc of package com.samsung.android.email.provider
03-19 15:58:37.571 12646 12646 W ResourcesManager: getTopLevelResources: /system/priv-app/SecEmail_M/SecEmail_M.apk / 1.0 running in null rsrc of package com.samsung.android.email.provider
03-19 15:58:37.571 12646 12646 W ResourcesManager: getTopLevelResources: /system/priv-app/SecEmail_M/SecEmail_M.apk / 1.0 running in null rsrc of package com.samsung.android.email.provider
03-19 15:58:37.571 12646 12646 W ResourcesManager: getTopLevelResources: /system/priv-app/SecEmail_M/SecEmail_M.apk / 1.0 running in null rsrc of package com.samsung.android.email.provider
03-19 15:58:37.571 12646 12646 W ResourcesManager: getTopLevelResources: /system/priv-app/SecEmail_M/SecEmail_M.apk / 1.0 running in null rsrc of package com.samsung.android.email.provider
03-19 15:58:37.571 12646 12646 W ResourcesManager: getTopLevelResources: /system/priv-app/SecEmail_M/SecEmail_M.apk / 1.0 running in null rsrc of package com.samsung.android.email.provider
03-19 15:58:37.571 14356 14356 E Zygote  : v2
03-19 15:58:37.571 12646 12646 W ResourcesManager: getTopLevelResources: /system/priv-app/SecEmail_M/SecEmail_M.apk / 1.0 running in null rsrc of package com.samsung.android.email.provider
03-19 15:58:37.571 12646 12646 W ResourcesManager: getTopLevelResources: /system/priv-app/SCloudService/SCloudService.apk / 1.0 running in null rsrc of package com.samsung.android.scloud
03-19 15:58:37.571 12646 12728 D ResourcesManager: For user 0 new overlays fetched Null
03-19 15:58:37.571 14356 14356 I libpersona: KNOX_SDCARD checking this for 10107
03-19 15:58:37.571 14356 14356 I libpersona: KNOX_SDCARD not a persona
03-19 15:58:37.571 14356 14356 W SELinux : Function: selinux_compare_spd_ram, index[1], priority [2], priority version is VE=SEPF_SECMOBILE_6.0.1_0003
03-19 15:58:37.571 12646 13612 I ActivityManager: Start proc 14356:com.samsung.android.app.watchmanagerstub/u0a107 for broadcast-3 com.samsung.android.app.watchmanagerstub/com.sec.android.applicationmgr.PackageIntentReceiver
03-19 15:58:37.571 14356 14356 E Zygote  : accessInfo : 0
03-19 15:58:37.571 14356 14356 W SELinux : SELinux: seapp_context_lookup: seinfo=platform, level=s0:c512,c768, pkgname=com.samsung.android.app.watchmanagerstub 
03-19 15:58:37.581 12646 12728 W ResourcesManager: getTopLevelResources: /data/app/com.google.android.googlequicksearchbox-1/base.apk / 1.0 running in null rsrc of package com.google.android.googlequicksearchbox
03-19 15:58:37.581 12646 12646 D ResourcesManager: For user 0 new overlays fetched Null
03-19 15:58:37.581 12646 12646 W ResourcesManager: getTopLevelResources: /system/priv-app/SCloudService/SCloudService.apk / 1.0 running in null rsrc of package com.samsung.android.scloud
03-19 15:58:37.581 12646 12646 W ResourcesManager: getTopLevelResources: /system/priv-app/SCloudService/SCloudService.apk / 1.0 running in null rsrc of package com.samsung.android.scloud
03-19 15:58:37.581 12646 12646 W ResourcesManager: getTopLevelResources: /system/priv-app/SCloudService/SCloudService.apk / 1.0 running in null rsrc of package com.samsung.android.scloud
03-19 15:58:37.581 12646 12646 W ResourcesManager: getTopLevelResources: /system/priv-app/SCloudService/SCloudService.apk / 1.0 running in null rsrc of package com.samsung.android.scloud
03-19 15:58:37.581 12646 12646 W ResourcesManager: getTopLevelResources: /system/priv-app/SCloudService/SCloudService.apk / 1.0 running in null rsrc of package com.samsung.android.scloud
03-19 15:58:37.581 12646 12728 W ResourcesManager: getTopLevelResources: /system/priv-app/SecGallery2015/SecGallery2015.apk / 1.0 running in null rsrc of package com.sec.android.gallery3d
03-19 15:58:37.581 12646 12646 W ResourcesManager: getTopLevelResources: /system/priv-app/SCloudService/SCloudService.apk / 1.0 running in null rsrc of package com.samsung.android.scloud
03-19 15:58:37.581 12646 12646 W ResourcesManager: getTopLevelResources: /system/priv-app/SCloudService/SCloudService.apk / 1.0 running in null rsrc of package com.samsung.android.scloud
03-19 15:58:37.581 12646 12646 W ResourcesManager: getTopLevelResources: /system/priv-app/SCloudService/SCloudService.apk / 1.0 running in null rsrc of package com.samsung.android.scloud
03-19 15:58:37.581 12646 12646 W ResourcesManager: getTopLevelResources: /system/priv-app/SCloudService/SCloudService.apk / 1.0 running in null rsrc of package com.samsung.android.scloud
03-19 15:58:37.581 12646 12646 W ResourcesManager: getTopLevelResources: /system/priv-app/SCloudService/SCloudService.apk / 1.0 running in null rsrc of package com.samsung.android.scloud
03-19 15:58:37.581 12646 12646 W ResourcesManager: getTopLevelResources: /system/priv-app/SCloudService/SCloudService.apk / 1.0 running in null rsrc of package com.samsung.android.scloud
03-19 15:58:37.581 12646 12646 W ResourcesManager: getTopLevelResources: /system/priv-app/SCloudService/SCloudService.apk / 1.0 running in null rsrc of package com.samsung.android.scloud
03-19 15:58:37.581 12646 12646 W ResourcesManager: getTopLevelResources: /system/priv-app/SCloudService/SCloudService.apk / 1.0 running in null rsrc of package com.samsung.android.scloud
03-19 15:58:37.581 12646 12646 W ResourcesManager: getTopLevelResources: /system/app/CoreApps/CoreApps.apk / 1.0 running in null rsrc of package com.samsung.android.coreapps
03-19 15:58:37.581 12646 12646 W ResourcesManager: getTopLevelResources: /system/app/CoreApps/CoreApps.apk / 1.0 running in null rsrc of package com.samsung.android.coreapps
03-19 15:58:37.581 12646 12646 W ResourcesManager: getTopLevelResources: /system/app/GoogleCalendarSyncAdapter/GoogleCalendarSyncAdapter.apk / 1.0 running in null rsrc of package com.google.android.syncadapters.calendar
03-19 15:58:37.581 12646 12728 D ResourcesManager: For user 0 new overlays fetched Null
03-19 15:58:37.581 12646 12728 W ResourcesManager: getTopLevelResources: /system/priv-app/SecGallery2015/SecGallery2015.apk / 1.0 running in null rsrc of package com.sec.android.gallery3d
03-19 15:58:37.591 12646 12646 D ResourcesManager: For user 0 new overlays fetched Null
03-19 15:58:37.591 12646 12728 W ResourcesManager: getTopLevelResources: /system/priv-app/SecContacts_M/SecContacts_M.apk / 1.0 running in null rsrc of package com.android.contacts
03-19 15:58:37.591 12646 12728 W ResourcesManager: getTopLevelResources: /data/app/com.sec.android.app.music-1/base.apk / 1.0 running in null rsrc of package com.sec.android.app.music
03-19 15:58:37.591 12646 12646 W ResourcesManager: getTopLevelResources: /system/app/GoogleCalendarSyncAdapter/GoogleCalendarSyncAdapter.apk / 1.0 running in null rsrc of package com.google.android.syncadapters.calendar
03-19 15:58:37.591 12646 12646 W ResourcesManager: getTopLevelResources: /system/app/GoogleContactsSyncAdapter/GoogleContactsSyncAdapter.apk / 1.0 running in null rsrc of package com.google.android.syncadapters.contacts
03-19 15:58:37.591 12646 12646 D ResourcesManager: For user 0 new overlays fetched Null
03-19 15:58:37.591 12646 12646 W ResourcesManager: getTopLevelResources: /system/app/GoogleContactsSyncAdapter/GoogleContactsSyncAdapter.apk / 1.0 running in null rsrc of package com.google.android.syncadapters.contacts
03-19 15:58:37.591 12646 12646 W ResourcesManager: getTopLevelResources: /data/app/com.sec.android.app.sbrowser-2/base.apk / 1.0 running in null rsrc of package com.sec.android.app.sbrowser
03-19 15:58:37.591 12646 12728 W ResourcesManager: getTopLevelResources: /system/priv-app/ZVideo/ZVideo.apk / 1.0 running in null rsrc of package com.samsung.android.video
03-19 15:58:37.601 12646 12728 W ResourcesManager: getTopLevelResources: /system/priv-app/SFinder_v4/SFinder_v4.apk / 1.0 running in null rsrc of package com.samsung.android.app.galaxyfinder
03-19 15:58:37.601 12646 12646 W ResourcesManager: getTopLevelResources: /data/app/com.sec.android.app.sbrowser-2/base.apk / 1.0 running in null rsrc of package com.sec.android.app.sbrowser
03-19 15:58:37.601 12646 12646 W ResourcesManager: getTopLevelResources: /data/app/com.sec.android.app.sbrowser-2/base.apk / 1.0 running in null rsrc of package com.sec.android.app.sbrowser
03-19 15:58:37.601 12646 12728 D ResourcesManager: For user 0 new overlays fetched Null
03-19 15:58:37.601 12646 12646 W ResourcesManager: getTopLevelResources: /data/app/com.sec.android.app.sbrowser-2/base.apk / 1.0 running in null rsrc of package com.sec.android.app.sbrowser
03-19 15:58:37.601 12646 12646 W ResourcesManager: getTopLevelResources: /data/app/com.android.chrome-2/base.apk / 1.0 running in null rsrc of package com.android.chrome
03-19 15:58:37.601 12646 12646 W ResourcesManager: getTopLevelResources: /data/app/com.android.chrome-2/base.apk / 1.0 running in null rsrc of package com.android.chrome
03-19 15:58:37.601 12646 12646 W ResourcesManager: getTopLevelResources: /data/app/com.google.android.apps.books-2/base.apk / 1.0 running in null rsrc of package com.google.android.apps.books
03-19 15:58:37.601 12646 12646 D ResourcesManager: For user 0 new overlays fetched Null
03-19 15:58:37.601 12646 12728 W ResourcesManager: getTopLevelResources: /system/priv-app/SFinder_v4/SFinder_v4.apk / 1.0 running in null rsrc of package com.samsung.android.app.galaxyfinder
03-19 15:58:37.601 12646 12728 W ResourcesManager: getTopLevelResources: /system/priv-app/SFinder_v4/SFinder_v4.apk / 1.0 running in null rsrc of package com.samsung.android.app.galaxyfinder
03-19 15:58:37.601 12646 12646 W ResourcesManager: getTopLevelResources: /data/app/com.google.android.apps.books-2/base.apk / 1.0 running in null rsrc of package com.google.android.apps.books
03-19 15:58:37.611 12646 12646 W ResourcesManager: getTopLevelResources: /data/app/com.google.android.gms-1/base.apk / 1.0 running in null rsrc of package com.google.android.gms
03-19 15:58:37.611 12646 12646 W ResourcesManager: getTopLevelResources: /data/app/com.google.android.gms-1/base.apk / 1.0 running in null rsrc of package com.google.android.gms
03-19 15:58:37.611 12646 12646 W ResourcesManager: getTopLevelResources: /data/app/com.google.android.gms-1/base.apk / 1.0 running in null rsrc of package com.google.android.gms
03-19 15:58:37.611 12646 12728 W ResourcesManager: getTopLevelResources: /system/priv-app/SecEmail_M/SecEmail_M.apk / 1.0 running in null rsrc of package com.samsung.android.email.provider
03-19 15:58:37.611 12646 12646 W ResourcesManager: getTopLevelResources: /data/app/com.google.android.gms-1/base.apk / 1.0 running in null rsrc of package com.google.android.gms
03-19 15:58:37.611 12646 12646 W ResourcesManager: getTopLevelResources: /data/app/com.google.android.gms-1/base.apk / 1.0 running in null rsrc of package com.google.android.gms
03-19 15:58:37.611 12646 12646 W ResourcesManager: getTopLevelResources: /data/app/com.google.android.gms-1/base.apk / 1.0 running in null rsrc of package com.google.android.gms
03-19 15:58:37.611 12646 12646 W ResourcesManager: getTopLevelResources: /data/app/com.google.android.gms-1/base.apk / 1.0 running in null rsrc of package com.google.android.gms
03-19 15:58:37.611 12646 12646 W ResourcesManager: getTopLevelResources: /data/app/com.google.android.gms-1/base.apk / 1.0 running in null rsrc of package com.google.android.gms
03-19 15:58:37.611 12646 12646 W ResourcesManager: getTopLevelResources: /data/app/com.google.android.gms-1/base.apk / 1.0 running in null rsrc of package com.google.android.gms
03-19 15:58:37.611 12646 12646 W ResourcesManager: getTopLevelResources: /data/app/com.google.android.gms-1/base.apk / 1.0 running in null rsrc of package com.google.android.gms
03-19 15:58:37.611 12646 12646 W ResourcesManager: getTopLevelResources: /data/app/com.google.android.gms-1/base.apk / 1.0 running in null rsrc of package com.google.android.gms
03-19 15:58:37.611 12646 12646 W ResourcesManager: getTopLevelResources: /data/app/com.google.android.gms-1/base.apk / 1.0 running in null rsrc of package com.google.android.gms
03-19 15:58:37.611 12646 12646 W ResourcesManager: getTopLevelResources: /data/app/com.google.android.gms-1/base.apk / 1.0 running in null rsrc of package com.google.android.gms
03-19 15:58:37.611 12646 12646 W ResourcesManager: getTopLevelResources: /data/app/com.google.android.gms-1/base.apk / 1.0 running in null rsrc of package com.google.android.gms
03-19 15:58:37.611 12646 12646 W ResourcesManager: getTopLevelResources: /data/app/com.google.android.gms-1/base.apk / 1.0 running in null rsrc of package com.google.android.gms
03-19 15:58:37.611 12646 12646 W ResourcesManager: getTopLevelResources: /data/app/com.google.android.gms-1/base.apk / 1.0 running in null rsrc of package com.google.android.gms
03-19 15:58:37.611 12646 12646 W ResourcesManager: getTopLevelResources: /data/app/com.google.android.gms-1/base.apk / 1.0 running in null rsrc of package com.google.android.gms
03-19 15:58:37.611 12646 12728 W ResourcesManager: getTopLevelResources: /system/priv-app/SecGallery2015/SecGallery2015.apk / 1.0 running in null rsrc of package com.sec.android.gallery3d
03-19 15:58:37.611 12646 12646 W ResourcesManager: getTopLevelResources: /data/app/com.google.android.gms-1/base.apk / 1.0 running in null rsrc of package com.google.android.gms
03-19 15:58:37.611 12646 12646 W ResourcesManager: getTopLevelResources: /data/app/com.google.android.gms-1/base.apk / 1.0 running in null rsrc of package com.google.android.gms
03-19 15:58:37.611 12646 12646 W ResourcesManager: getTopLevelResources: /data/app/com.google.android.gms-1/base.apk / 1.0 running in null rsrc of package com.google.android.gms
03-19 15:58:37.611 12646 12646 W ResourcesManager: getTopLevelResources: /data/app/com.google.android.gms-1/base.apk / 1.0 running in null rsrc of package com.google.android.gms
03-19 15:58:37.611 12646 12646 W ResourcesManager: getTopLevelResources: /data/app/com.google.android.gms-1/base.apk / 1.0 running in null rsrc of package com.google.android.gms
03-19 15:58:37.611 12646 12646 W ResourcesManager: getTopLevelResources: /data/app/com.google.android.gms-1/base.apk / 1.0 running in null rsrc of package com.google.android.gms
03-19 15:58:37.611 12646 12646 W ResourcesManager: getTopLevelResources: /data/app/com.google.android.gms-1/base.apk / 1.0 running in null rsrc of package com.google.android.gms
03-19 15:58:37.611 12646 12728 W ResourcesManager: getTopLevelResources: /system/priv-app/SecGallery2015/SecGallery2015.apk / 1.0 running in null rsrc of package com.sec.android.gallery3d
03-19 15:58:37.611 12646 12646 W ResourcesManager: getTopLevelResources: /data/app/com.google.android.gms-1/base.apk / 1.0 running in null rsrc of package com.google.android.gms
03-19 15:58:37.611 12646 12646 W ResourcesManager: getTopLevelResources: /data/app/com.google.android.gms-1/base.apk / 1.0 running in null rsrc of package com.google.android.gms
03-19 15:58:37.611 12646 12646 W ResourcesManager: getTopLevelResources: /data/app/com.google.android.gms-1/base.apk / 1.0 running in null rsrc of package com.google.android.gms
03-19 15:58:37.611 12646 12646 W ResourcesManager: getTopLevelResources: /data/app/com.google.android.gms-1/base.apk / 1.0 running in null rsrc of package com.google.android.gms
03-19 15:58:37.611 12646 12646 W ResourcesManager: getTopLevelResources: /data/app/com.google.android.gms-1/base.apk / 1.0 running in null rsrc of package com.google.android.gms
03-19 15:58:37.611 12646 12728 W ResourcesManager: getTopLevelResources: /system/priv-app/LiveBroadcast/LiveBroadcast.apk / 1.0 running in null rsrc of package com.sec.android.app.camera.plb
03-19 15:58:37.611 12646 12646 W ResourcesManager: getTopLevelResources: /data/app/com.google.android.gms-1/base.apk / 1.0 running in null rsrc of package com.google.android.gms
03-19 15:58:37.611 12646 12646 W ResourcesManager: getTopLevelResources: /data/app/com.google.android.gms-1/base.apk / 1.0 running in null rsrc of package com.google.android.gms
03-19 15:58:37.611 12646 12646 W ResourcesManager: getTopLevelResources: /data/app/com.google.android.gms-1/base.apk / 1.0 running in null rsrc of package com.google.android.gms
03-19 15:58:37.611 12646 12646 W ResourcesManager: getTopLevelResources: /data/app/com.google.android.gms-1/base.apk / 1.0 running in null rsrc of package com.google.android.gms
03-19 15:58:37.611 12646 12646 W ResourcesManager: getTopLevelResources: /data/app/com.google.android.gms-1/base.apk / 1.0 running in null rsrc of package com.google.android.gms
03-19 15:58:37.611 12646 12646 W ResourcesManager: getTopLevelResources: /data/app/com.whatsapp-1/base.apk / 1.0 running in null rsrc of package com.whatsapp
03-19 15:58:37.611 12646 12646 W ResourcesManager: getTopLevelResources: /data/app/com.whatsapp-1/base.apk / 1.0 running in null rsrc of package com.whatsapp
03-19 15:58:37.611 12646 12728 D ResourcesManager: For user 0 new overlays fetched Null
03-19 15:58:37.611 12646 12646 W ResourcesManager: getTopLevelResources: /data/app/com.yandex.browser-1/base.apk / 1.0 running in null rsrc of package com.yandex.browser
03-19 15:58:37.611 12646 12646 W ResourcesManager: getTopLevelResources: /data/app/com.yandex.browser-1/base.apk / 1.0 running in null rsrc of package com.yandex.browser
03-19 15:58:37.611 12646 12646 W ResourcesManager: getTopLevelResources: /data/app/org.mozilla.firefox-1/base.apk / 1.0 running in null rsrc of package org.mozilla.firefox
03-19 15:58:37.611 12646 12646 W ResourcesManager: getTopLevelResources: /data/app/org.mozilla.firefox-1/base.apk / 1.0 running in null rsrc of package org.mozilla.firefox
03-19 15:58:37.611 12646 13701 V BroadcastQueue: [background] Process cur broadcast BroadcastRecord{69d1eff u0 android.intent.action.PACKAGE_CHANGED qIdx=4}, state= (APP_RECEIVE) DELIVERED for app ProcessRecord{7e8a1ec 14356:com.samsung.android.app.watchmanagerstub/u0a107}
03-19 15:58:37.611 12646 12728 W ResourcesManager: getTopLevelResources: /system/priv-app/LiveBroadcast/LiveBroadcast.apk / 1.0 running in null rsrc of package com.sec.android.app.camera.plb
03-19 15:58:37.611 12646 12728 W ResourcesManager: getTopLevelResources: /system/priv-app/SFinder_v4/SFinder_v4.apk / 1.0 running in null rsrc of package com.samsung.android.app.galaxyfinder
03-19 15:58:37.621 12646 12728 W ResourcesManager: getTopLevelResources: /system/priv-app/SecMms_Epic_Common/SecMms_Epic_Common.apk / 1.0 running in null rsrc of package com.android.mms
03-19 15:58:37.621 12646 12728 W ResourcesManager: getTopLevelResources: /system/priv-app/SecContacts_M/SecContacts_M.apk / 1.0 running in null rsrc of package com.android.contacts
03-19 15:58:37.621 12646 12728 W ResourcesManager: getTopLevelResources: /system/priv-app/SecContacts_M/SecContacts_M.apk / 1.0 running in null rsrc of package com.android.contacts
03-19 15:58:37.621 12646 12728 W ResourcesManager: getTopLevelResources: /system/priv-app/SecContacts_M/SecContacts_M.apk / 1.0 running in null rsrc of package com.android.contacts
03-19 15:58:37.621 12646 12728 W ResourcesManager: getTopLevelResources: /system/priv-app/SecContacts_M/SecContacts_M.apk / 1.0 running in null rsrc of package com.android.contacts
03-19 15:58:37.631 14356 14356 W ResourcesManager: getTopLevelResources: /system/app/GearManagerStub/GearManagerStub.apk / 1.0 running in com.samsung.android.app.watchmanagerstub rsrc of package com.samsung.android.app.watchmanagerstub
03-19 15:58:37.631 12646 12728 W ResourcesManager: getTopLevelResources: /system/app/QuickConnect_40/QuickConnect_40.apk / 1.0 running in null rsrc of package com.samsung.android.qconnect
03-19 15:58:37.631 12646 13641 I InjectionManagerService -AppFeature: getCoreFeaturePkgList :[]
03-19 15:58:37.631 14356 14356 I InjectionManager: Inside getClassLibPath + mLibMap{0=, 1=}
03-19 15:58:37.641 12646 12728 D ResourcesManager: For user 0 new overlays fetched Null
03-19 15:58:37.641 14356 14356 D ResourcesManager: For user 0 new overlays fetched Null
03-19 15:58:37.641 12646 12728 W ResourcesManager: getTopLevelResources: /system/app/QuickConnect_40/QuickConnect_40.apk / 1.0 running in null rsrc of package com.samsung.android.qconnect
03-19 15:58:37.641 12646 12728 W ResourcesManager: getTopLevelResources: /system/app/SPlanner_M/SPlanner_M.apk / 1.0 running in null rsrc of package com.android.calendar
03-19 15:58:37.641 12646 12728 W ResourcesManager: getTopLevelResources: /system/app/ClockPackage_M_Osup/ClockPackage_M_Osup.apk / 1.0 running in null rsrc of package com.sec.android.app.clockpackage
03-19 15:58:37.641 14356 14356 I InjectionManager: Inside getClassLibPath caller 
03-19 15:58:37.641 12646 12728 D ResourcesManager: For user 0 new overlays fetched Null
03-19 15:58:37.641 14356 14356 W System  : ClassLoader referenced unknown path: /system/app/GearManagerStub/lib/arm64
03-19 15:58:37.641 14356 14356 D InjectionManager: InjectionManager
03-19 15:58:37.641 14356 14356 D InjectionManager: fillFeatureStoreMap com.samsung.android.app.watchmanagerstub
03-19 15:58:37.651 14356 14356 I InjectionManager: Constructor com.samsung.android.app.watchmanagerstub, Feature store :{}
03-19 15:58:37.651 14356 14356 I InjectionManager: featureStore :{}
03-19 15:58:37.651 12646 12728 W ResourcesManager: getTopLevelResources: /system/app/ClockPackage_M_Osup/ClockPackage_M_Osup.apk / 1.0 running in null rsrc of package com.sec.android.app.clockpackage
03-19 15:58:37.651 12646 12728 W ResourcesManager: getTopLevelResources: /system/app/ClockPackage_M_Osup/ClockPackage_M_Osup.apk / 1.0 running in null rsrc of package com.sec.android.app.clockpackage
03-19 15:58:37.651 12646 12728 W ResourcesManager: getTopLevelResources: /data/app/com.sec.android.app.sbrowser-2/base.apk / 1.0 running in null rsrc of package com.sec.android.app.sbrowser
03-19 15:58:37.651 14356 14356 D PackageIntentReceiver: onReceive::android.intent.action.PACKAGE_CHANGED
03-19 15:58:37.651 12646 12728 W ResourcesManager: getTopLevelResources: /data/app/com.sec.android.app.voicenote-1/base.apk / 1.0 running in null rsrc of package com.sec.android.app.voicenote
03-19 15:58:37.651 14356 14356 D PackageIntentReceiver: ACTION_PACKAGE_CHANGED : com.yandex.browser
03-19 15:58:37.651 14356 14356 D PackageIntentReceiver: Not GearManger package! 
03-19 15:58:37.651 12646 13075 V BroadcastQueue: [background] Process cur broadcast BroadcastRecord{69d1eff u0 android.intent.action.PACKAGE_CHANGED qIdx=4}, state= (APP_RECEIVE) DELIVERED for app ProcessRecord{62a57d1 12245:com.android.vending/u0a24}
03-19 15:58:37.661 12245 12245 I Finsky  : [1] com.google.android.finsky.packagemanager.impl.PackageMonitorReceiverImpl.a(4): PackageMonitor received: android.intent.action.PACKAGE_CHANGED
03-19 15:58:37.671  9336  9336 E Launcher.Model: onPackageChanged :com.yandex.browser
03-19 15:58:37.671 12245 12245 I Finsky  : [1] mxy.b(2): Frosting ID looked up on UI thread. Caller should move to a background thread.
03-19 15:58:37.671  9336  9352 D LauncherApps: getActivityList callingUid: 0 user: 0
03-19 15:58:37.681 14369 14369 E Zygote  : v2
03-19 15:58:37.681 14369 14369 I libpersona: KNOX_SDCARD checking this for 10007
03-19 15:58:37.681 14306 14355 E GeckoLibLoad: Loaded libs in 120.898166ms total, 10ms(70ms) user, 10ms(20ms) system, 52(65) faults
03-19 15:58:37.681 14369 14369 I libpersona: KNOX_SDCARD not a persona
03-19 15:58:37.681 14306 14355 D GeckoThread: State changed to LIBS_READY
03-19 15:58:37.681 14306 14355 W GeckoThread: zerdatime 140978899 - runGecko
03-19 15:58:37.681 14369 14369 W SELinux : Function: selinux_compare_spd_ram, index[1], priority [2], priority version is VE=SEPF_SECMOBILE_6.0.1_0003
03-19 15:58:37.681 14306 14355 D GeckoProfile: Created new profile dir.
03-19 15:58:37.681  9336  9352 W ResourcesManager: getTopLevelResources: /data/app/com.yandex.browser-1/base.apk / 1.0 running in com.sec.android.app.launcher rsrc of package com.yandex.browser
03-19 15:58:37.681 14369 14369 E Zygote  : accessInfo : 0
03-19 15:58:37.681 14369 14369 W SELinux : SELinux: seapp_context_lookup: seinfo=default, level=s0:c512,c768, pkgname=com.microsoft.office.word 
03-19 15:58:37.681 14306 14355 I GeckoProfile: Enqueuing profile init.
03-19 15:58:37.681 14306 14355 D GeckoProfile: Found profile dir.
03-19 15:58:37.681 14306 14355 D GeckoProfile: Attempting to write new client ID properties
03-19 15:58:37.681  9336  9352 D ResourcesManager: For user 0 new overlays fetched Null
03-19 15:58:37.681 12646 12953 I ActivityManager: Start proc 14369:com.microsoft.office.word/u0a7 for broadcast-3 com.microsoft.office.word/com.microsoft.android.crosssell.PackageStateReceiver
03-19 15:58:37.681 12646 12672 I PersonaManager: mKnoxInfo is empty
03-19 15:58:37.681 14306 14306 D ClipboardExManager: no knox
03-19 15:58:37.691  9336  9352 W ResourcesManager: getTopLevelResources: /data/app/com.yandex.browser-1/base.apk / 1.0 running in com.sec.android.app.launcher rsrc of package com.yandex.browser
03-19 15:58:37.691 12646 13607 D VoldConnector: SND -> {12 volume mkdirs /storage/emulated/0/Android/data/org.mozilla.firefox/files/Download/}
03-19 15:58:37.691  3004  3291 D VoldCmdListener: volume mkdirs /storage/emulated/0/Android/data/org.mozilla.firefox/files/Download/
03-19 15:58:37.691  3004  3291 D VoldCmdListener: CommandListener::runCommand() cmd:mkdirs
03-19 15:58:37.691 12646 13641 D PackageManager: getComponentMetadataForIconTray : com.yandex.browser.YandexBrowserActivity does not exist in mServices
03-19 15:58:37.691 12646 13641 D PackageManager: getComponentMetadataForIconTray : com.yandex.browser.YandexBrowserActivity does not exist in mProviders
03-19 15:58:37.691 12646 13641 D PackageManager: getComponentMetadataForIconTray : com.yandex.browser.YandexBrowserActivity does not exist in mReceivers
03-19 15:58:37.691  9336  9352 D LauncherActivityInfo: mActivityInfo.packageName = com.yandex.browser
03-19 15:58:37.691 12646 12938 D VoldConnector: RCV <- {200 12 Command succeeded}
03-19 15:58:37.691  9336  9352 D LauncherApps: getActivityList callingUid: 0 user: 0
03-19 15:58:37.701 12646 13643 V BroadcastQueue: [background] Process cur broadcast BroadcastRecord{69d1eff u0 android.intent.action.PACKAGE_CHANGED qIdx=4}, state= (APP_RECEIVE) DELIVERED for app ProcessRecord{c1fba6d 14369:com.microsoft.office.word/u0a7}
03-19 15:58:37.701 12245 14368 I Finsky  : [1184] mxz.run(-1): Wrote row to frosting DB: 3239
03-19 15:58:37.701 12646 13612 I PersonaManager: mKnoxInfo is empty
03-19 15:58:37.701 14369 14369 W ResourcesManager: getTopLevelResources: /data/app/com.microsoft.office.word-2/base.apk / 1.0 running in com.microsoft.office.word rsrc of package com.microsoft.office.word
03-19 15:58:37.701  9336  9352 D Launcher.MenuWidgetsLoader: packageChanged : com.yandex.browser
03-19 15:58:37.701 12646 13662 I InjectionManagerService -AppFeature: getCoreFeaturePkgList :[]
03-19 15:58:37.701 14369 14369 I InjectionManager: Inside getClassLibPath + mLibMap{0=, 1=}
03-19 15:58:37.711  9336  9336 I Launcher.Workspace: isBadgeUpdate : false
03-19 15:58:37.711 14369 14369 D ResourcesManager: For user 0 new overlays fetched Null
03-19 15:58:37.711  9336  9336 D Launcher.MenuWidgetsLoader: MenuWidgetLoade-loadMenuWidgets : false
03-19 15:58:37.711  9336  9336 D MenuView: packageChanged:changed
03-19 15:58:37.711  9336 14382 D Launcher.MenuWidgetsLoader: MenuWidgetLoader-start : com.android.launcher2.MenuWidgetsLoader$LoadMenuWidgetsTask@5e55a1d , false
03-19 15:58:37.711  9336  9336 V LauncherAppWidgetHostView: calculateWidgetSize: (target widgetsize)  using w/h 1372 440 span 4 1 (widgetid 2) [current Gridsize : GRID_4x4]
03-19 15:58:37.711  9336  9336 D LauncherAppWidgetHostView: calculateWidgetSize() widget = Weather and Clock(widget id = 2) result hostview size = 1372 x 440
03-19 15:58:37.711  9336  9336 D LauncherAppWidgetHostView: setResizeScaleResult() 1372/ 440 scaleToResize = 1.0(widget id = 2)
03-19 15:58:37.711 14369 14369 I InjectionManager: Inside getClassLibPath caller 
03-19 15:58:37.721 12646 13644 I PersonaManager: mKnoxInfo is empty
03-19 15:58:37.721 12646 13643 I PersonaManager: mKnoxInfo is empty
03-19 15:58:37.721 12646 13702 I PersonaManager: mKnoxInfo is empty
03-19 15:58:37.721 12646 13736 I PersonaManager: mKnoxInfo is empty
03-19 15:58:37.721 12646 13607 I PersonaManager: mKnoxInfo is empty
03-19 15:58:37.721 14306 14306 D TextView: setTypeface with style : 0
03-19 15:58:37.731 12646 13612 I PersonaManager: mKnoxInfo is empty
03-19 15:58:37.731 12646 13662 I PersonaManager: mKnoxInfo is empty
03-19 15:58:37.731 12646 13437 I PersonaManager: mKnoxInfo is empty
03-19 15:58:37.731 12646 13643 I PersonaManager: mKnoxInfo is empty
03-19 15:58:37.731 12646 12953 I PersonaManager: mKnoxInfo is empty
03-19 15:58:37.731 14306 14306 D AbsListView: Get MotionRecognitionManager
03-19 15:58:37.731 14306 14306 E MotionRecognitionManager: mSContextService = android.hardware.scontext.ISContextService$Stub$Proxy@74f782
03-19 15:58:37.731 12646 13641 I PersonaManager: mKnoxInfo is empty
03-19 15:58:37.731 14306 14306 E MotionRecognitionManager: motionService = com.samsung.android.motion.IMotionRecognitionService$Stub$Proxy@5c32e93
03-19 15:58:37.731 14306 14306 E MotionRecognitionManager: motionService = com.samsung.android.motion.IMotionRecognitionService$Stub$Proxy@5c32e93
03-19 15:58:37.731 12646 13612 D MotionRecognitionService:  ssp status : true
03-19 15:58:37.731 12646 13662 I PersonaManager: mKnoxInfo is empty
03-19 15:58:37.741 12646 13437 I PersonaManager: mKnoxInfo is empty
03-19 15:58:37.741 12646 13643 I PersonaManager: mKnoxInfo is empty
03-19 15:58:37.751  9336  9336 D Launcher.MenuWidgetsLoader: MenuWidgetLoader-done : com.android.launcher2.MenuWidgetsLoader$LoadMenuWidgetsTask@5e55a1d , update : true , size : 37
03-19 15:58:37.771 12288 12844 D EnterpriseController: netId is 0
03-19 15:58:37.771 12288 12844 D Netd    : getNetworkForDns: using netid 502 for uid 10117
03-19 15:58:37.771 14306 14385 W ActivityThread: ClassLoader.loadClass: The class loader returned by Thread.getContextClassLoader() may fail for processes that host multiple applications. You should explicitly specify a context class loader. For example: Thread.setContextClassLoader(getClass().getClassLoader());
03-19 15:58:37.771 14306 14334 E GeckoApp: An error occurred during restore, switching to backup file
03-19 15:58:37.771 14306 14334 E GeckoApp: org.mozilla.gecko.GeckoApp$SessionRestoreException: Could not read from session file
03-19 15:58:37.771 14306 14334 E GeckoApp: 	at org.mozilla.gecko.GeckoApp.restoreSessionTabs(GeckoApp.java:1673)
03-19 15:58:37.771 14306 14334 E GeckoApp: 	at org.mozilla.gecko.GeckoApp.access$200(GeckoApp.java:116)
03-19 15:58:37.771 14306 14334 E GeckoApp: 	at org.mozilla.gecko.GeckoApp$9.run(GeckoApp.java:1198)
03-19 15:58:37.771 14306 14334 E GeckoApp: 	at android.os.Handler.handleCallback(Handler.java:739)
03-19 15:58:37.771 14306 14334 E GeckoApp: 	at android.os.Handler.dispatchMessage(Handler.java:95)
03-19 15:58:37.771 14306 14334 E GeckoApp: 	at android.os.Looper.loop(Looper.java:158)
03-19 15:58:37.771 14306 14334 E GeckoApp: 	at org.mozilla.gecko.util.GeckoBackgroundThread.run(GeckoBackgroundThread.java:43)
03-19 15:58:37.771 14306 14334 E GeckoApp: An error occurred during restore
03-19 15:58:37.771 14306 14334 E GeckoApp: org.mozilla.gecko.GeckoApp$SessionRestoreException: Could not read from session file
03-19 15:58:37.771 14306 14334 E GeckoApp: 	at org.mozilla.gecko.GeckoApp.restoreSessionTabs(GeckoApp.java:1673)
03-19 15:58:37.771 14306 14334 E GeckoApp: 	at org.mozilla.gecko.GeckoApp.access$200(GeckoApp.java:116)
03-19 15:58:37.771 14306 14334 E GeckoApp: 	at org.mozilla.gecko.GeckoApp$9.run(GeckoApp.java:1216)
03-19 15:58:37.771 14306 14334 E GeckoApp: 	at android.os.Handler.handleCallback(Handler.java:739)
03-19 15:58:37.771 14306 14334 E GeckoApp: 	at android.os.Handler.dispatchMessage(Handler.java:95)
03-19 15:58:37.771 14306 14334 E GeckoApp: 	at android.os.Looper.loop(Looper.java:158)
03-19 15:58:37.771 14306 14334 E GeckoApp: 	at org.mozilla.gecko.util.GeckoBackgroundThread.run(GeckoBackgroundThread.java:43)
03-19 15:58:37.781 14306 14334 D GeckoSessInfo: Building SessionInformation from prefs: 0, 0, true, false
03-19 15:58:37.781 14306 14334 D GeckoApp: OS locale is en_GB, app locale is null
03-19 15:58:37.781 14306 14385 I System.out: (HTTPLog)-Static: isSBSettingEnabled false
03-19 15:58:37.781 14306 14385 I System.out: (HTTPLog)-Static: isSBSettingEnabled false
03-19 15:58:37.781 12288 12844 D EnterpriseController: netId is 0
03-19 15:58:37.781 12288 12844 D Netd    : getNetworkForDns: using netid 502 for uid 10117
03-19 15:58:37.791 14306 14334 D GeckoDistribution: Custom distribution directory not found.
03-19 15:58:37.801 14306 14306 E NFC     : isAndroidBeamAllowed - Begin
03-19 15:58:37.801 14306 14306 I NFC     : showMsg is false
03-19 15:58:37.801 12646 13075 D SecContentProvider: query(), uri = 15 selection = isAndroidBeamAllowed
03-19 15:58:37.801 14306 14334 D GeckoApplication: Running post-distribution task: bookmarks.
03-19 15:58:37.811 14306 14306 D GeckoSysInfo: System memory: 2698MB.
03-19 15:58:37.811  3018  4472 I SurfaceFlinger: id=356 Removed MauncherAct (2/9)
03-19 15:58:37.811 14306 14306 F Adjust  : PRODUCTION: Adjust is running in Production mode. Use this setting only for the build that you want to publish. Set the environment to `sandbox` if you want to test your app!
03-19 15:58:37.811  3018  3254 I SurfaceFlinger: id=356 Removed MauncherAct (-2/9)
03-19 15:58:37.811 13034 13034 D ImageWallpaper: onVisibilityChanged:false
03-19 15:58:37.811 13034 13034 D ImageWallpaper: drawFrame:false rotation:0 mLastRotation:0
03-19 15:58:37.811 13034 13034 D ImageWallpaper: drawFrame:[frame.width()]2240[frame.height()]2560
03-19 15:58:37.811 13034 13034 D ImageWallpaper: Suppressed drawFrame since redraw is not needed and offsets have not changed.
03-19 15:58:37.821 14306 14306 D Activity: performCreate Call Injection manager
03-19 15:58:37.821 14306 14306 D GeckoNetworkManager: Incoming event start for state OffNoListeners -> OnNoListeners
03-19 15:58:37.821 14306 14306 D GeckoNetworkManager: New network state: UP, WIFI, WIFI
03-19 15:58:37.831 14306 14306 I InjectionManager: dispatchOnViewCreated > Target : org.mozilla.gecko.BrowserApp isFragment :false
03-19 15:58:37.831  3018  3018 D libEGL  : eglTerminate EGLDisplay = 0x7fd9e76948
03-19 15:58:37.831 14306 14388 E ActivityThread: Failed to find provider info for com.facebook.katana.provider.AttributionIdProvider
03-19 15:58:37.831 14306 14388 W ResourcesManager: getTopLevelResources: /data/app/com.google.android.gms-1/base.apk / 1.0 running in org.mozilla.firefox rsrc of package com.google.android.gms
03-19 15:58:37.841 14306 14388 D ResourcesManager: For user 0 new overlays fetched Null
03-19 15:58:37.841 14306 14306 D SecWifiDisplayUtil: Metadata value : SecSettings2
03-19 15:58:37.841 14306 14306 D ViewRootImpl: #1 mView = com.android.internal.policy.MultiPhoneWindow$MultiPhoneDecorView{afd4e06 I.E...... R.....ID 0,0-0,0}
03-19 15:58:37.841 14306 14391 D OpenGLRenderer: Use EGL_SWAP_BEHAVIOR_PRESERVED: true
03-19 15:58:37.841 12646 13662 D ISSUE_DEBUG: InputChannelName : 23118dd org.mozilla.firefox/org.mozilla.gecko.BrowserApp
03-19 15:58:37.851 14306 14392 D GeckoDLCCatalog: Loading from disk
03-19 15:58:37.851 14306 14392 D GeckoDLCCatalog: Catalog file does not exist: Starting with empty catalog.
03-19 15:58:37.851 14306 14392 D GeckoDLCCatalog: Loaded 0 elements
03-19 15:58:37.851 12646 12953 I PersonaManager: mKnoxInfo is empty
03-19 15:58:37.861 14306 14306 D TelemetryUtils: StartUISession: firstrun.1
03-19 15:58:37.861 14306 14392 D DLCStudyAction: Studying catalog..
03-19 15:58:37.861 14306 14392 V DLCStudyAction: Done
03-19 15:58:37.861 14306 14392 V GeckoDLCCatalog: Not persisting: Catalog has not changed
03-19 15:58:37.861 14306 14306 D MultiPhoneWindow: performUpdateVisibility, same visibility false
03-19 15:58:37.861 14306 14334 E SQLiteLog: (1) no such table: bookmarks
03-19 15:58:37.871 14306 14334 D GeckoLocalBrowserDB: No raw favicon resource found for bookmarkdefaults_title_aboutfirefox
03-19 15:58:37.871 14306 14334 E GeckoLocalBrowserDB: Failed to find favicon resource ID for bookmarkdefaults_title_aboutfirefox
03-19 15:58:37.871 14306 14334 D GeckoLocalBrowserDB: No raw favicon resource found for bookmarkdefaults_title_aboutfirefox
03-19 15:58:37.871 14306 14334 E GeckoLocalBrowserDB: Failed to find favicon resource ID for bookmarkdefaults_title_aboutfirefox
03-19 15:58:37.881  3018  3018 I SurfaceFlinger: id=358 createSurf (1x1),1 flag=4, CrowserApp
03-19 15:58:37.881 12646 12735 D StatusBarManagerService: manageDisableList userId=0 what=0x0 pkg=Window{23118dd u0 d0 org.mozilla.firefox/org.mozilla.gecko.BrowserApp}
03-19 15:58:37.881 14306 14355 I Gecko:DumpUtils: Fifo watcher disabled via pref.
03-19 15:58:37.881 13034 13034 D PhoneStatusBar: setSystemUiVisibility vis=a600 mask=ffffffff oldVal=8600 newVal=a600 diff=2000
03-19 15:58:37.881 12646 13644 D InputDispatcher: Focus entered window: 14306
03-19 15:58:37.881 12646 12776 D PointerIcon: setMouseIconStyle1 pointerType: 1001 iconType:101 flag:0 pid:12646 uid:1000
03-19 15:58:37.881 12646 12776 D PointerIcon: setMouseCustomIcon IconType is same.101
03-19 15:58:37.891 14306 14334 D GeckoApplication: Running post-distribution task: android preferences.
03-19 15:58:37.891 12646 13641 I PersonaManager: mKnoxInfo is empty
03-19 15:58:37.891 14369 14369 I MAMInfo : MAMInfo initialized. Debug=false, UseTestAgent=false, ManagedDialogDisabled=false, DeprecationDialogDisabled=false, PolicyRequired=false, MultiIdentityEnabled=true, FullBackupContent=true, UseDefaultEnrollment=false, ExceptionOnInit=false, Debuggable=false
03-19 15:58:37.891 12646 13662 E PackageManager: Failed to generatePackageInfoFromSettingsLPw, There isn't package setting object for 
03-19 15:58:37.901 12646 13075 E PackageManager: Failed to generatePackageInfoFromSettingsLPw, There isn't package setting object for 
03-19 15:58:37.901 14369 14369 W ResourcesManager: getTopLevelResources: /data/app/com.microsoft.office.word-2/base.apk / 1.0 running in com.microsoft.office.word rsrc of package com.microsoft.office.word
03-19 15:58:37.911 14306 14391 D libEGL  : loaded /vendor/lib/egl/libGLES_mali.so
03-19 15:58:37.911 14369 14369 W ResourcesManager: getTopLevelResources: /data/app/com.microsoft.office.word-2/base.apk / 1.0 running in com.microsoft.office.word rsrc of package com.microsoft.office.word
03-19 15:58:37.921 14306 14391 D libEGL  : eglInitialize EGLDisplay = 0xd67e57c4
03-19 15:58:37.921 14306 14391 I OpenGLRenderer: Initialized EGL, version 1.4
03-19 15:58:37.931 14306 14391 D         : ro.exynos.dss isEnabled: 0
03-19 15:58:37.931 14306 14391 D mali_winsys: new_window_surface returns 0x3000,  [1440x2560]-format:1
03-19 15:58:37.941 14306 14306 D GeckoToolbar: onTabChanged: SELECTED
03-19 15:58:37.951 14306 14306 D GeckoBrowserApp: BrowserApp.onTabChanged: 0: SELECTED
03-19 15:58:37.971 14306 14334 I System.out: (HTTPLog)-Static: isSBSettingEnabled false
03-19 15:58:37.971 14306 14334 I System.out: (HTTPLog)-Static: isSBSettingEnabled false
03-19 15:58:37.971 12288 12844 D EnterpriseController: netId is 0
03-19 15:58:37.971 12288 12844 D Netd    : getNetworkForDns: using netid 502 for uid 10117
03-19 15:58:37.971 14306 14306 D GeckoToolbar: onTabChanged: RESTORED
03-19 15:58:37.981 14306 14421 W System.err: remove failed: ENOENT (No such file or directory) : /data/user/0/org.mozilla.firefox/cache/icons/journal.bkp
03-19 15:58:37.981  3018  3018 I SurfaceFlinger: id=359 createSurf (1440x2464),4 flag=404, TurfaceView
03-19 15:58:37.981 14306 14421 W System.err: remove failed: ENOENT (No such file or directory) : /data/user/0/org.mozilla.firefox/files/mozilla/2xniy4n6.default/suggestedsites.json
03-19 15:58:37.981 14306 14421 D GeckoSuggestedSites: No cached sites, refreshing.
03-19 15:58:37.981 14306 14421 D GeckoSuggestedSites: Refreshing suggested sites from file
03-19 15:58:37.981 12646 13075 V WindowStateAnimator: Finishing drawing window Window{94ef34d u0 d0 SurfaceView}: mDrawState=DRAW_PENDING
03-19 15:58:37.991 14306 14306 D GeckoBrowserApp: onLocaleReady: en_GB
03-19 15:58:37.991 14306 14306 D GeckoNetworkManager: Incoming event receivedUpdate for state OnNoListeners -> OnNoListeners
03-19 15:58:37.991 14306 14421 D GeckoSuggestedSites: Loading blacklisted suggested sites from SharedPreferences.
03-19 15:58:37.991 14306 14421 D GeckoSuggestedSites: Number of suggested sites: 8
03-19 15:58:37.991 14306 14306 D GeckoNetworkManager: New network state: UP, WIFI, WIFI
03-19 15:58:38.001 12646 13644 V WindowStateAnimator: Finishing drawing window Window{94ef34d u0 d0 SurfaceView}: mDrawState=READY_TO_SHOW
03-19 15:58:38.011 14306 14391 D libGLESv1: DTS_GLAPI : DTS is not allowed for Package : org.mozilla.firefox
03-19 15:58:38.011 12646 13437 I PersonaManager: mKnoxInfo is empty
03-19 15:58:38.021 14369 14369 E ChinaFeaturesLib: failed to create chinaFeaturesHelper, ClassNotFoundException
03-19 15:58:38.031 14369 14369 D TSLTokenProviderImpl: Init
03-19 15:58:38.031 14369 14369 D TSLTokenProviderImpl: Check if this IsTSLDebugMode
03-19 15:58:38.031 14369 14369 D TokenSharingManager_v1.4.7: Library works in release mode
03-19 15:58:38.031 14369 14369 D InjectionManager: InjectionManager
03-19 15:58:38.031 14369 14369 D InjectionManager: fillFeatureStoreMap com.microsoft.office.word
03-19 15:58:38.031 14369 14369 I InjectionManager: Constructor com.microsoft.office.word, Feature store :{}
03-19 15:58:38.031 14369 14369 I InjectionManager: featureStore :{}
