--------- beginning of main
03-19 15:58:02.031 12643 12643 D CS/SettingChangeReceiver: onReceive() action = android.intent.action.PACKAGE_DATA_CLEARED
03-19 15:58:02.031 12643 12643 D CS/SettingChangeReceiver: ACTION_PACKAGE_DATA_CLEARED
--------- beginning of system
03-19 15:58:02.031 12646 13701 V BroadcastQueue: [background] Process cur broadcast BroadcastRecord{379a5fc u0 android.intent.action.PACKAGE_DATA_CLEARED qIdx=4}, state= (APP_RECEIVE) DELIVERED for app ProcessRecord{2e9b563 12626:com.samsung.cmh:CMH/5004}
03-19 15:58:02.031 12646 13701 V BroadcastQueue: [background] Process cur broadcast BroadcastRecord{379a5fc u0 android.intent.action.PACKAGE_DATA_CLEARED qIdx=4}, state= (APP_RECEIVE) DELIVERED for app ProcessRecord{589560 12643:com.samsung.android.communicationservice/5002}
03-19 15:58:02.041 12646 13701 V BroadcastQueue: [background] Process cur broadcast BroadcastRecord{379a5fc u0 android.intent.action.PACKAGE_DATA_CLEARED qIdx=4}, state= (APP_RECEIVE) DELIVERED for app ProcessRecord{d2bfe9a 12739:com.samsung.storyservice/5004}
03-19 15:58:02.051 12764 12764 D Mms/FreeMessageStatusReceiver: onReceive, action : android.intent.action.PACKAGE_DATA_CLEARED
03-19 15:58:02.051 12646 13701 V BroadcastQueue: [background] Process cur broadcast BroadcastRecord{379a5fc u0 android.intent.action.PACKAGE_DATA_CLEARED qIdx=4}, state= (APP_RECEIVE) DELIVERED for app ProcessRecord{86a83cb 12751:com.samsung.android.provider.shootingmodeprovider/u0a63}
03-19 15:58:02.051 12646 13701 V BroadcastQueue: [background] Process cur broadcast BroadcastRecord{379a5fc u0 android.intent.action.PACKAGE_DATA_CLEARED qIdx=4}, state= (APP_RECEIVE) DELIVERED for app ProcessRecord{38427a8 12764:com.android.mms/u0a68}
03-19 15:58:02.061 12646 13662 I PersonaManager: mKnoxInfo is empty
03-19 15:58:02.061 12764 13434 D Mms/FreeMessageReceiverService: onHandleIntent, action : android.intent.action.PACKAGE_DATA_CLEARED
03-19 15:58:02.061 12764 13434 D Mms/FreeMessageReceiverService: onHandleIntent: ACTION_PACKAGE_DATA_CLEARED
03-19 15:58:02.061 12646 12672 V BroadcastQueue: [background] Process cur broadcast BroadcastRecord{379a5fc u0 android.intent.action.PACKAGE_DATA_CLEARED qIdx=4}, state= (APP_RECEIVE) DELIVERED for app ProcessRecord{3dfdbec 12800:com.android.contacts/u0a11}
03-19 15:58:02.071 12818 12818 D [WeatherApp(1236)]  : {[210EBC5507306FD4A50F1D40A85780C068F240D41FBB267D51FF013BE0DD2039C2D12A1E8BDFBC0AEF71E0B60AC5CC1257983AB444C2B609C0595121A88B8667126ECD7216DE7D2CE75D86A1801F9BBE78FBFBEB799E5575E2D9DAD51288243B5A63DDAD069337FD6A3E71263149F35F40291D6406B56B349769C2DB709665DC]}
03-19 15:58:02.071 12646 12672 V BroadcastQueue: [background] Process cur broadcast BroadcastRecord{379a5fc u0 android.intent.action.PACKAGE_DATA_CLEARED qIdx=4}, state= (APP_RECEIVE) DELIVERED for app ProcessRecord{837d0a2 12818:com.samsung.android.weather/u0a77}
03-19 15:58:02.071 12646 12672 V BroadcastQueue: [background] Process cur broadcast BroadcastRecord{379a5fc u0 android.intent.action.PACKAGE_DATA_CLEARED qIdx=4}, state= (APP_RECEIVE) DELIVERED for app ProcessRecord{a16133 12701:com.samsung.android.coreapps/5011}
03-19 15:58:02.081 12646 12672 V BroadcastQueue: [background] Process cur broadcast BroadcastRecord{379a5fc u0 android.intent.action.PACKAGE_DATA_CLEARED qIdx=4}, state= (APP_RECEIVE) DELIVERED for app ProcessRecord{c61cf0 12831:com.android.documentsui/u0a92}
03-19 15:58:02.091  9439  9439 D [WeatherWidget(1236)]  ClearDataReceiver: {[2B4A2AC40B5A9FD87A06E8EADDAC90140D0735C4111B00ED5A4BFDD943296A603CF64C72E7F3E6D25FF9ACC8831CFEFAAF9CFCCA971A42420C7C4462190C6970D4522B06ADB15EB3E59FE8EB8A3E9AFD587790E7525E9B2C629DB8BB87C6ACCAFC257863C371D4D677465673D32DD8E1]}
03-19 15:58:02.091 12646 12672 V BroadcastQueue: [background] Process cur broadcast BroadcastRecord{379a5fc u0 android.intent.action.PACKAGE_DATA_CLEARED qIdx=4}, state= (APP_RECEIVE) DELIVERED for app ProcessRecord{2255f7f 9439:com.sec.android.daemonapp/u0a145}
03-19 15:58:02.091 12646 12672 V BroadcastQueue: [background] Process cur broadcast BroadcastRecord{379a5fc u0 android.intent.action.PACKAGE_DATA_CLEARED qIdx=4}, state= (APP_RECEIVE) DELIVERED for app ProcessRecord{7f2fc25 12865:com.android.calendar/u0a164}
03-19 15:58:02.101 12646 12672 V BroadcastQueue: [background] Process cur broadcast BroadcastRecord{379a5fc u0 android.intent.action.PACKAGE_DATA_CLEARED qIdx=4}, state= (APP_RECEIVE) DELIVERED for app ProcessRecord{7c1232b 13364:com.sec.android.app.sbrowser/u0a168}
03-19 15:58:02.161 13364 13364 D GlobalConfigUpdateClient: request server profile : product
03-19 15:58:02.161 13364 13364 D WebContentsProviderModel: Database is empty
03-19 15:58:02.161 13364 13364 E WebContentsProviderReceiver: onReceive - not approved application
03-19 15:58:02.161 13364 13435 I System.out: (HTTPLog)-Static: isSBSettingEnabled false
03-19 15:58:02.161 13364 13435 I System.out: (HTTPLog)-Static: isSBSettingEnabled false
03-19 15:58:02.161 12288 12844 D EnterpriseController: netId is 0
03-19 15:58:02.161 12288 12844 D Netd    : getNetworkForDns: using netid 502 for uid 10168
03-19 15:58:02.171 12646 13077 V BroadcastQueue: [background] Process cur broadcast BroadcastRecord{379a5fc u0 android.intent.action.PACKAGE_DATA_CLEARED qIdx=4}, state= (APP_RECEIVE) DELIVERED for app ProcessRecord{84c753b 13316:com.android.chrome/u0a88}
03-19 15:58:02.181 12646 13641 I PersonaManager: mKnoxInfo is empty
03-19 15:58:02.181 12646 13702 I PersonaManager: mKnoxInfo is empty
03-19 15:58:02.181 12646 13077 V BroadcastQueue: [background] Process cur broadcast BroadcastRecord{379a5fc u0 android.intent.action.PACKAGE_DATA_CLEARED qIdx=4}, state= (APP_RECEIVE) DELIVERED for app ProcessRecord{58e8353 9569:com.google.android.gms.persistent/u0a15}
03-19 15:58:02.191 13438 13438 E Zygote  : v2
03-19 15:58:02.191 13438 13438 W SELinux : Function: selinux_compare_spd_ram, index[1], priority [2], priority version is VE=SEPF_SECMOBILE_6.0.1_0003
03-19 15:58:02.191 13438 13438 E Zygote  : accessInfo : 0
03-19 15:58:02.191 13438 13438 W SELinux : SELinux: seapp_context_lookup: seinfo=default, level=s0:c512,c768, pkgname=com.microsoft.emmx 
03-19 15:58:02.191 13438 13438 I libpersona: KNOX_SDCARD checking this for 10098
03-19 15:58:02.191 13438 13438 I libpersona: KNOX_SDCARD not a persona
03-19 15:58:02.191 12646 13643 I ActivityManager: Start proc 13438:com.microsoft.emmx/u0a98 for broadcast-3 com.microsoft.emmx/org.chromium.chrome.browser.browserservices.ClearDataBroadcastReceiver
03-19 15:58:02.201 12646 13607 I PersonaManager: mKnoxInfo is empty
03-19 15:58:02.201 12646 13701 I PersonaManager: mKnoxInfo is empty
03-19 15:58:02.201 12646 13662 I PersonaManager: mKnoxInfo is empty
03-19 15:58:02.201  9604 13309 I LocationSettingsChecker: Removing dialog suppression flag for package org.mozilla.firefox
03-19 15:58:02.201 12646 12953 I PersonaManager: mKnoxInfo is empty
03-19 15:58:02.211 12646 13612 I PersonaManager: mKnoxInfo is empty
03-19 15:58:02.211 12646 13644 I PersonaManager: mKnoxInfo is empty
03-19 15:58:02.211  9604  9644 I Icing   : doRemovePackageData org.mozilla.firefox
03-19 15:58:02.221 12646 13736 I PersonaManager: mKnoxInfo is empty
03-19 15:58:02.221 12646 13662 I PersonaManager: mKnoxInfo is empty
03-19 15:58:02.221 13438 13438 I InjectionManager: Inside getClassLibPath + mLibMap{0=, 1=}
03-19 15:58:02.221 12646 12672 V BroadcastQueue: [background] Process cur broadcast BroadcastRecord{379a5fc u0 android.intent.action.PACKAGE_DATA_CLEARED qIdx=4}, state= (APP_RECEIVE) DELIVERED for app ProcessRecord{5eeb894 13438:com.microsoft.emmx/u0a98}
03-19 15:58:02.221 13438 13438 W ResourcesManager: getTopLevelResources: /data/app/com.microsoft.emmx-1/base.apk / 1.0 running in com.microsoft.emmx rsrc of package com.microsoft.emmx
03-19 15:58:02.221 12646 13736 I InjectionManagerService -AppFeature: getCoreFeaturePkgList :[]
03-19 15:58:02.231 13438 13438 I InjectionManager: Inside getClassLibPath caller 
03-19 15:58:02.231 13438 13438 D ResourcesManager: For user 0 new overlays fetched Null
03-19 15:58:02.241 13438 13438 I MAMInfo : MAMInfo initialized. Debug=false, UseTestAgent=false, ManagedDialogDisabled=false, DeprecationDialogDisabled=false, PolicyRequired=false, MultiIdentityEnabled=true, FullBackupContent=true, UseDefaultEnrollment=false, ExceptionOnInit=false, Debuggable=false
03-19 15:58:02.241 12646 13662 E PackageManager: Failed to generatePackageInfoFromSettingsLPw, There isn't package setting object for 
03-19 15:58:02.241 12646 13612 E PackageManager: Failed to generatePackageInfoFromSettingsLPw, There isn't package setting object for 
03-19 15:58:02.251 12646 13644 I PersonaManager: mKnoxInfo is empty
03-19 15:58:02.251 13438 13438 I MultiDex: VM with version 2.1.0 has multidex support
03-19 15:58:02.251 13438 13438 I MultiDex: install
03-19 15:58:02.251 13438 13438 I MultiDex: VM has multidex support, MultiDex support library is disabled.
03-19 15:58:02.251 13438 13438 I cr_base_multidex: Completed multidex installation.
03-19 15:58:02.281 13438 13438 I FirebaseInitProvider: FirebaseApp initialization successful
03-19 15:58:02.291 13438 13438 W ResourcesManager: getTopLevelResources: /data/app/com.microsoft.emmx-1/base.apk / 1.0 running in com.microsoft.emmx rsrc of package com.microsoft.emmx
03-19 15:58:02.301 13438 13438 W ResourcesManager: getTopLevelResources: /data/app/com.microsoft.emmx-1/base.apk / 1.0 running in com.microsoft.emmx rsrc of package com.microsoft.emmx
03-19 15:58:02.311 12646 13644 D VoldConnector: SND -> {10 volume mkdirs /storage/emulated/0/Android/data/com.microsoft.emmx/cache/}
03-19 15:58:02.311  3004  3291 D VoldCmdListener: volume mkdirs /storage/emulated/0/Android/data/com.microsoft.emmx/cache/
03-19 15:58:02.311  3004  3291 D VoldCmdListener: CommandListener::runCommand() cmd:mkdirs
03-19 15:58:02.311 12646 12938 D VoldConnector: RCV <- {200 10 Command succeeded}
03-19 15:58:02.321 13438 13462 I cr_MMXManager: MMX init start: 1552993082335
03-19 15:58:02.321 13438 13463 W cr_DualIdentityManager: No need to do AAD profile migration!
03-19 15:58:02.321 13438 13463 W cr_DualIdentityManager: Finished performing dual identity migration.
03-19 15:58:02.331 13438 13463 W cr_DualIdentityManager: Finished performing dual identity decryption migration.
03-19 15:58:02.331 13438 13465 W System.err: remove failed: ENOENT (No such file or directory) : /data/user/0/com.microsoft.emmx/shared_prefs/com.microsoft.emmx_preferences.xml.bak
03-19 15:58:02.341 13438 13471 I System.out: (HTTPLog)-Static: isSBSettingEnabled false
03-19 15:58:02.341 13438 13471 I System.out: (HTTPLog)-Static: isSBSettingEnabled false
03-19 15:58:02.341 12288 12844 D EnterpriseController: netId is 0
03-19 15:58:02.341 12288 12844 D Netd    : getNetworkForDns: using netid 502 for uid 10098
03-19 15:58:02.351 13438 13462 I Reporting: Builder constructor
03-19 15:58:02.351 13438 13462 I Reporting: Initialize
03-19 15:58:02.351 13438 13462 I EventBase: constructor
03-19 15:58:02.351 13438 13462 I SystemInfoCollector: getSystemInfo
03-19 15:58:02.351 13438 13478 I SharedStateManager: packageName: com.microsoft.emmx, instanceId: b346d66f-cbc6-4e61-988e-35b9c2e862a4, dedupeId: b986f966-5b43-425b-bb3c-26e154a6f217, dedupeRank: 1552993082363
03-19 15:58:02.351 13438 13438 E Adjust  : Adjust not initialized correctly
03-19 15:58:02.361 13438 13462 I LifeCycleActivityEvent: LifeCycleApplicationEvent constructor
03-19 15:58:02.361 13438 13465 W System.err: remove failed: ENOENT (No such file or directory) : /data/user/0/com.microsoft.emmx/shared_prefs/mmxsdk.xml.bak
03-19 15:58:02.371 13438 13462 I Reporting: onCreate
03-19 15:58:02.371 13438 13462 W Adjust  : PRODUCTION: Adjust is running in Production mode. Use this setting only for the build that you want to publish. Set the environment to `sandbox` if you want to test your app!
03-19 15:58:02.371 13438 13474 I MMXLogger: MMX Logger successfully initiated.
03-19 15:58:02.371 13438 13465 W System.err: remove failed: ENOENT (No such file or directory) : /data/user/0/com.microsoft.emmx/shared_prefs/MMXSharedState.xml.bak
03-19 15:58:02.371 13438 13465 W System.err: remove failed: ENOENT (No such file or directory) : /data/user/0/com.microsoft.emmx/shared_prefs/MMXDeduplicationState.xml.bak
03-19 15:58:02.371 13438 13465 W System.err: remove failed: ENOENT (No such file or directory) : /data/user/0/com.microsoft.emmx/shared_prefs/AppSettings.xml.bak
03-19 15:58:02.381 13438 13462 I ReferralClient: ReferralClient-initialize: Adjust is initialized by sdk.
03-19 15:58:02.381 13438 13462 I cr_MMXManager: MMX init end: 1552993082387
03-19 15:58:02.381 13438 13488 E ActivityThread: Failed to find provider info for com.facebook.katana.provider.AttributionIdProvider
03-19 15:58:02.391 13438 13465 W System.err: remove failed: ENOENT (No such file or directory) : /data/user/0/com.microsoft.emmx/shared_prefs/MMXFeedback.xml.bak
03-19 15:58:02.391 13438 13438 W ResourcesManager: getTopLevelResources: /data/app/com.microsoft.emmx-1/base.apk / 1.0 running in com.microsoft.emmx rsrc of package com.microsoft.emmx
03-19 15:58:02.411 13438 13465 W System.err: remove failed: ENOENT (No such file or directory) : /data/user/0/com.microsoft.emmx/shared_prefs/com.appboy.override.configuration.cache.xml.bak
03-19 15:58:02.421 13438 13495 W System.err: remove failed: ENOENT (No such file or directory) : /data/user/0/com.microsoft.emmx/cache/appboy.imageloader.lru.cache/journal.bkp
03-19 15:58:02.421 13438 13438 I cr_XU   : FeatureSingle: BrazeInitialized {brazeId=df7297a3-56ff-400e-a93a-cb022cb95fe0}
03-19 15:58:02.421 13438 13438 D InjectionManager: InjectionManager
03-19 15:58:02.421 13438 13438 D InjectionManager: fillFeatureStoreMap com.microsoft.emmx
03-19 15:58:02.421 13438 13438 I InjectionManager: Constructor com.microsoft.emmx, Feature store :{}
03-19 15:58:02.421 13438 13438 I InjectionManager: featureStore :{}
03-19 15:58:02.421 13438 13511 I EMMXGcmController: initializeGcm
03-19 15:58:02.421 13438 13511 I EMMXGcmController: fetchToken
03-19 15:58:02.421 13438 13465 W System.err: remove failed: ENOENT (No such file or directory) : /data/user/0/com.microsoft.emmx/shared_prefs/com.appboy.device.xml.bak
03-19 15:58:02.431 13438 13511 W System.err: remove failed: ENOENT (No such file or directory) : /data/user/0/com.microsoft.emmx/shared_prefs/org.chromium.chrome.browser.services.gcm.emmxchannel.xml.bak
03-19 15:58:02.431 13438 13465 W System.err: remove failed: ENOENT (No such file or directory) : /data/user/0/com.microsoft.emmx/shared_prefs/com.appboy.support.stringutils.cachefilesuffix.xml.bak
03-19 15:58:02.431 13438 13438 I SharedStateManager: onExternalIntentReceived
03-19 15:58:02.431 13438 13484 I OnReceiveTask:  doInBackground
03-19 15:58:02.431 12646 13662 V BroadcastQueue: [background] Process cur broadcast BroadcastRecord{959df3d u0 com.microsoft.mmx.reporting.ACTION_JOIN qIdx=4}, state= (APP_RECEIVE) DELIVERED for app ProcessRecord{5eeb894 13438:com.microsoft.emmx/u0a98}
03-19 15:58:02.441 13438 13465 W System.err: remove failed: ENOENT (No such file or directory) : /data/user/0/com.microsoft.emmx/shared_prefs/com.appboy.storage.feedstorageprovider.d41d8cd98f00b204e9800998ecf8427e.xml.bak
03-19 15:58:02.451 13438 13438 I SharedStateManager: onExternalIntentReceived
03-19 15:58:02.451 13438 13487 I OnReceiveTask:  doInBackground
03-19 15:58:02.451 13438 13487 I SharedStateManager: packageName: com.microsoft.emmx, instanceId: b346d66f-cbc6-4e61-988e-35b9c2e862a4, dedupeId: b986f966-5b43-425b-bb3c-26e154a6f217, dedupeRank: 1552993082363
03-19 15:58:02.451 12646 12734 V BroadcastQueue: [background] Process cur broadcast BroadcastRecord{c8a3239 u0 com.microsoft.mmx.reporting.ACTION_VOTE qIdx=4}, state= (APP_RECEIVE) DELIVERED for app ProcessRecord{5eeb894 13438:com.microsoft.emmx/u0a98}
03-19 15:58:02.451 12646 12953 V BroadcastQueue: [background] Process cur broadcast BroadcastRecord{33af07e u0 com.google.android.gms.gcm.ACTION_SCHEDULE qIdx=4}, state= (APP_RECEIVE) DELIVERED for app ProcessRecord{58e8353 9569:com.google.android.gms.persistent/u0a15}
03-19 15:58:02.461 12646 13641 V AlarmManager:  remove PendingIntent] PendingIntent{191968a: PendingIntentRecord{a23e54d com.microsoft.emmx broadcastIntent}}
03-19 15:58:02.461 12646 12672 V AlarmManager:  remove PendingIntent] PendingIntent{f9754fb: PendingIntentRecord{6858b30 com.google.android.gms broadcastIntent}}
03-19 15:58:02.471 12646 13641 I PersonaManager: mKnoxInfo is empty
03-19 15:58:02.491 13438 13465 W System.err: remove failed: ENOENT (No such file or directory) : /data/user/0/com.microsoft.emmx/shared_prefs/com.appboy.storage.user_cache.v3.37a6259cc0c1dae299a7866489dff0bd.xml.bak
03-19 15:58:02.491 13438 13541 I System.out: (HTTPLog)-Static: isSBSettingEnabled false
03-19 15:58:02.491 13438 13541 I System.out: (HTTPLog)-Static: isSBSettingEnabled false
03-19 15:58:02.491 12288 12844 D EnterpriseController: netId is 0
03-19 15:58:02.491 12288 12844 D Netd    : getNetworkForDns: using netid 502 for uid 10098
03-19 15:58:02.491 12646 13641 I PersonaManager: mKnoxInfo is empty
03-19 15:58:02.491 12646 13641 D PackageManager: findPreferredActivity: No PreferredActivities set
03-19 15:58:02.491 12646 13641 I PackageManager: No preferred activity: intent should not be shown
03-19 15:58:02.491 13438 13511 I com.microsoft.rewards.mission.RewardsMissionManager: Mission Status: MISSION_SET_DEFAULT_BROWSER: 0
03-19 15:58:02.491 13438 13511 I com.microsoft.rewards.mission.RewardsMissionManager: Mission Status: MISSION_TURN_ON_ADD_BLOCKER: 0
03-19 15:58:02.491 13438 13511 I com.microsoft.rewards.mission.RewardsMissionManager: Mission Status: MISSION_3DAYS_STREAK: 0
03-19 15:58:02.491 13438 13511 I com.microsoft.rewards.mission.RewardsMissionManager: Mission Status: MISSION_PASSWORD_SYNC: 0
03-19 15:58:02.491 13438 13511 I com.microsoft.rewards.mission.RewardsMissionManager: Mission Status: MISSION_INSTALL_EDGE: 0
03-19 15:58:02.501 13438 13511 I com.microsoft.rewards.mission.RewardsMissionManager: Mission Status: MISSION_GET_WHATS_NEW: 0
03-19 15:58:02.571 12646 12658 I art     : Background partial concurrent mark sweep GC freed 63020(4MB) AllocSpace objects, 35(700KB) LOS objects, 29% free, 39MB/55MB, paused 1.413ms total 133.354ms
03-19 15:58:03.221 13438 13471 I System.out: (HTTPLog)-Static: isSBSettingEnabled false
03-19 15:58:03.221 13438 13471 I System.out: (HTTPLog)-Static: isSBSettingEnabled false
03-19 15:58:03.231 13438 13465 W System.err: remove failed: ENOENT (No such file or directory) : /data/user/0/com.microsoft.emmx/shared_prefs/AndroidCllSettingsSharedPreferences.xml.bak
03-19 15:58:03.251 13438 13465 W System.err: remove failed: ENOENT (No such file or directory) : /data/user/0/com.microsoft.emmx/shared_prefs/com.appboy.storage.device_cache.v3.37a6259cc0c1dae299a7866489dff0bd.xml.bak
03-19 15:58:03.331 13364 13364 E GlobalConfigBase: Failed to find AdInventory feature in global config
03-19 15:58:03.331 13364 13364 D QuickAccessFeatureConfig: onFeatureConfigUpdated
03-19 15:58:03.331 13364 13364 D QuickAccessProvider: calling package : com.sec.android.app.sbrowser
03-19 15:58:03.331 13364 13398 W System.err: remove failed: ENOENT (No such file or directory) : /data/user/0/com.sec.android.app.sbrowser/shared_prefs/global_config_preference.xml.bak
03-19 15:58:03.351 13364 13364 D QuickAccessProvider: calling package : com.sec.android.app.sbrowser
03-19 15:58:03.351 13364 13364 E GlobalConfigBase: Failed to find SearchEngineCustomization feature in global config
03-19 15:58:03.351 13364 13364 D TrackerBlockFeatureConfig: onFeatureConfigUpdated
03-19 15:58:03.351 12646 13702 D ConnectivityService: returning getNetworkInfo for network type 0 : [type: MOBILE[] - MOBILE, state: DISCONNECTED/DISCONNECTED, reason: (unspecified), extra: (none), roaming: false, failover: false, isAvailable: true]
03-19 15:58:03.351 12646 13702 D ConnectivityService: returning getNetworkInfo for network type 1 : [type: WIFI[] - WIFI, state: CONNECTED/CONNECTED, reason: (unspecified), extra: "Wireless", roaming: false, failover: false, isAvailable: true]
03-19 15:58:03.351 12646 13702 D ConnectivityService: returning getNetworkInfo for network type 2 : [type: MOBILE_MMS[] - MOBILE_MMS, state: DISCONNECTED/DISCONNECTED, reason: (unspecified), extra: (none), roaming: false, failover: false, isAvailable: true]
03-19 15:58:03.351 12646 13702 D ConnectivityService: returning getNetworkInfo for network type 3 : [type: MOBILE_SUPL[] - MOBILE_SUPL, state: DISCONNECTED/DISCONNECTED, reason: (unspecified), extra: (none), roaming: false, failover: false, isAvailable: true]
03-19 15:58:03.351 12646 13702 D ConnectivityService: returning getNetworkInfo for network type 4 : [type: MOBILE_DUN[] - MOBILE_DUN, state: DISCONNECTED/DISCONNECTED, reason: (unspecified), extra: (none), roaming: false, failover: false, isAvailable: true]
03-19 15:58:03.351 12646 13702 D ConnectivityService: returning getNetworkInfo for network type 5 : [type: MOBILE_HIPRI[] - MOBILE_HIPRI, state: DISCONNECTED/DISCONNECTED, reason: (unspecified), extra: (none), roaming: false, failover: false, isAvailable: true]
03-19 15:58:03.351 12646 13702 D ConnectivityService: returning getNetworkInfo for network type 7 : [type: BLUETOOTH[] - BLUETOOTH, state: DISCONNECTED/DISCONNECTED, reason: (unspecified), extra: (none), roaming: false, failover: false, isAvailable: true]
03-19 15:58:03.351 12646 13702 D ConnectivityService: returning getNetworkInfo for network type 9 : [type: ETHERNET[] - ETHERNET, state: DISCONNECTED/DISCONNECTED, reason: (unspecified), extra: (none), roaming: false, failover: false, isAvailable: true]
03-19 15:58:03.351 12646 13702 D ConnectivityService: returning getNetworkInfo for network type 10 : [type: MOBILE_FOTA[] - MOBILE_FOTA, state: DISCONNECTED/DISCONNECTED, reason: (unspecified), extra: (none), roaming: false, failover: false, isAvailable: true]
03-19 15:58:03.351 12646 13702 D ConnectivityService: returning getNetworkInfo for network type 11 : [type: MOBILE_IMS[] - MOBILE_IMS, state: DISCONNECTED/DISCONNECTED, reason: (unspecified), extra: (none), roaming: false, failover: false, isAvailable: true]
03-19 15:58:03.351 12646 13702 D ConnectivityService: returning getNetworkInfo for network type 12 : [type: MOBILE_CBS[] - MOBILE_CBS, state: DISCONNECTED/DISCONNECTED, reason: (unspecified), extra: (none), roaming: false, failover: false, isAvailable: true]
03-19 15:58:03.361 13364 13564 D QuickAccessClient: requestToServer
03-19 15:58:03.361 13364 13564 D QuickAccessClient: requestToServer - query string: ?country=PK&operator=PAK&sbrowserVersion=8.2.01.2&model=SM-G920F&clientType=android-samsung&hash=a0f2dd868b5c28e026764d9f510be42a
03-19 15:58:03.361 13364 13364 E ReflectMethod: Cannot load method: semGetMyUserId []
03-19 15:58:03.361 13364 13564 I System.out: (HTTPLog)-Static: isSBSettingEnabled false
03-19 15:58:03.361 13364 13564 I System.out: (HTTPLog)-Static: isSBSettingEnabled false
03-19 15:58:03.361 12288 12844 D EnterpriseController: netId is 0
03-19 15:58:03.361 12288 12844 D Netd    : getNetworkForDns: using netid 502 for uid 10168
03-19 15:58:03.361 13364 13364 E ReflectMethod: Cannot load method: isKnoxKeyguardShown []
03-19 15:58:03.361 13364 13364 E ReflectMethod: Cannot load method: isSecureFolderId [int]
03-19 15:58:03.361 12646 13643 D PackageManager: setEnabledSetting : userId = 0 packageName = com.sec.android.app.sbrowser cmp = com.sec.android.app.sbrowser.samsungpay.SPayCardCaptureCardProvider newState = 1 callingPackage = 10168
03-19 15:58:03.361 13364 13398 W System.err: remove failed: ENOENT (No such file or directory) : /data/user/0/com.sec.android.app.sbrowser/shared_prefs/quickaccess_preferences.xml.bak
03-19 15:58:03.361 12646 13702 D ConnectivityService: returning getNetworkInfo for network type 13 : [type: WIFI_P2P[] - WIFI_P2P, state: UNKNOWN/IDLE, reason: (unspecified), extra: (none), roaming: false, failover: false, isAvailable: true]
03-19 15:58:03.361 12646 13702 D ConnectivityService: returning getNetworkInfo for network type 14 : [type: MOBILE_IA[] - MOBILE_IA, state: DISCONNECTED/DISCONNECTED, reason: (unspecified), extra: (none), roaming: false, failover: false, isAvailable: true]
03-19 15:58:03.361 12646 13702 D ConnectivityService: returning getNetworkInfo for network type 15 : [type: MOBILE_EMERGENCY[] - MOBILE_EMERGENCY, state: DISCONNECTED/DISCONNECTED, reason: (unspecified), extra: (none), roaming: false, failover: false, isAvailable: true]
03-19 15:58:03.361 12646 13702 D ConnectivityService: returning getNetworkInfo for network type 17 : [type: VPN[] - VPN, state: DISCONNECTED/DISCONNECTED, reason: (unspecified), extra: (none), roaming: false, failover: false, isAvailable: true]
03-19 15:58:03.371 13364 13364 D [Bridge] BridgeConfig: onFeatureConfigUpdated
03-19 15:58:03.371 13364 13364 D [Bridge] BridgeConfig: updateConfigJson
03-19 15:58:03.371 13364 13364 E [Bridge] BridgeConfig: Not Json type config key = payDeeplink
03-19 15:58:03.371 13364 13364 E [Bridge] BridgeConfig: Not Json type config key = cashbackDeeplink
03-19 15:58:03.371 13364 13568 D AsyncSimpleHttpRequest: doInBackground
03-19 15:58:03.371 13364 13568 I System.out: (HTTPLog)-Static: isSBSettingEnabled false
03-19 15:58:03.371 13364 13568 I System.out: (HTTPLog)-Static: isSBSettingEnabled false
03-19 15:58:03.371 12288 12844 D EnterpriseController: netId is 0
03-19 15:58:03.371 12288 12844 D Netd    : getNetworkForDns: using netid 502 for uid 10168
03-19 15:58:03.371 13364 13364 I BrowserUtil: cidbase is used
03-19 15:58:03.371 13364 13570 I System.out: (HTTPLog)-Static: isSBSettingEnabled false
03-19 15:58:03.371 13364 13570 I System.out: (HTTPLog)-Static: isSBSettingEnabled false
03-19 15:58:03.371 13364 13364 I BrowserUtil: cidbase is used
03-19 15:58:03.371 13364 13571 I System.out: (HTTPLog)-Static: isSBSettingEnabled false
03-19 15:58:03.371 13364 13571 I System.out: (HTTPLog)-Static: isSBSettingEnabled false
03-19 15:58:03.381 13364 13364 D SI.Rewards.Config: Request config - Server: product, SalesCode: PAK, AppVersionName: 8.2.01.2, CountryCode: PK
03-19 15:58:03.381 13364 13573 I System.out: (HTTPLog)-Static: isSBSettingEnabled false
03-19 15:58:03.381 13364 13573 I System.out: (HTTPLog)-Static: isSBSettingEnabled false
03-19 15:58:03.381 12288 12844 D EnterpriseController: netId is 0
03-19 15:58:03.381 12288 12844 D Netd    : getNetworkForDns: using netid 502 for uid 10168
03-19 15:58:03.391 13364 13364 D FirebaseApp: com.google.firebase.auth.FirebaseAuth is not linked. Skipping initialization.
03-19 15:58:03.401 13364 13364 D FirebaseApp: com.google.firebase.crash.FirebaseCrash is not linked. Skipping initialization.
03-19 15:58:03.411 13364 13364 D ContentsPushHelper: isSupportedFromConfig : 0
03-19 15:58:03.411 13364 13364 E GlobalConfigBase: Failed to find TestFeature feature in global config
03-19 15:58:03.411 13364 13364 D GlobalConfigUpdateClient: updated
03-19 15:58:03.411 13364 13364 D ContentsPushUtils: IUID fetch success
03-19 15:58:03.411 13364 13364 D ContentsPushUtils: AB test enabled : false
03-19 15:58:03.411 12646 13641 V AlarmManager:  remove PendingIntent] PendingIntent{f7b6ec4: PendingIntentRecord{2e611ad com.sec.android.app.sbrowser broadcastIntent}}
03-19 15:58:03.411 13364 13578 W ResourcesManager: getTopLevelResources: /data/app/com.sec.android.app.sbrowser-2/base.apk / 1.0 running in com.sec.android.app.sbrowser rsrc of package com.sec.android.app.sbrowser
03-19 15:58:03.421 13364 13578 I FA      : Collection disabled with firebase_analytics_collection_enabled=0
03-19 15:58:03.421 13364 13578 I FA      : App measurement is starting up, version: 12210
03-19 15:58:03.421 13364 13578 I FA      : To enable debug logging run: adb shell setprop log.tag.FA VERBOSE
03-19 15:58:03.421 13364 13578 I FA      : To enable faster debug mode event logging run:
03-19 15:58:03.421 13364 13578 I FA      :   adb shell setprop debug.firebase.analytics.app com.sec.android.app.sbrowser
03-19 15:58:03.421 13364 13568 E SimpleHttpRequest: get() failed: java.net.UnknownHostException: Unable to resolve host "promo.webpayments.closeby.internet.apps.samsung.com": No address associated with hostname
03-19 15:58:03.421 13364 13364 D AsyncSimpleHttpRequest: onPostExecute
03-19 15:58:03.421 13364 13364 D SPayCardCaptureManager: available=false
03-19 15:58:03.421 13364 13364 D SPayCardCaptureManager: lastChecked : 0
03-19 15:58:03.421 13364 13364 D SPayCardCaptureManager: checkUpdateWithServer
03-19 15:58:03.431 13364 13581 D StubRequest: doInBackground start
03-19 15:58:03.431 13364 13581 I System.out: (HTTPLog)-Static: isSBSettingEnabled false
03-19 15:58:03.431 13364 13581 I System.out: (HTTPLog)-Static: isSBSettingEnabled false
03-19 15:58:03.431 12288 12844 D EnterpriseController: netId is 0
03-19 15:58:03.431 12288 12844 D Netd    : getNetworkForDns: using netid 502 for uid 10168
03-19 15:58:03.431 13364 13398 W System.err: remove failed: ENOENT (No such file or directory) : /data/user/0/com.sec.android.app.sbrowser/shared_prefs/com.google.android.gms.measurement.prefs.xml.bak
03-19 15:58:03.441 13364 13398 W System.err: remove failed: ENOENT (No such file or directory) : /data/user/0/com.sec.android.app.sbrowser/shared_prefs/com.sec.android.app.sbrowser_preferences.xml.bak
03-19 15:58:03.831 13364 13581 I System.out: (HTTPLog)-Static: isSBSettingEnabled false
03-19 15:58:03.831 13364 13581 I System.out: (HTTPLog)-Static: isSBSettingEnabled false
03-19 15:58:04.021 13364 13581 D StubRequest: resultCode: 0
03-19 15:58:04.021 13364 13581 D StubRequest: resultMsg: Couldn't find your app which matches requested conditions. Please check distributed conditions of your app like device, country, mcc, mnc, csc, api level
03-19 15:58:04.021 13364 13581 D StubRequest: doInBackground end
03-19 15:58:04.021 13364 13364 D StubRequest: onPostExecute start
03-19 15:58:04.021 13364 13364 D SPayCardCaptureManager: onNoMatchingApplication app=com.samsung.android.spay
03-19 15:58:04.021 13364 13364 D StubRequest: onPostExecute end
03-19 15:58:04.311 13438 13460 W System.err: remove failed: ENOENT (No such file or directory) : /data/user/0/com.microsoft.emmx/shared_prefs/com.google.android.gms.appid.xml.bak
03-19 15:58:04.311 12646 13612 I PersonaManager: mKnoxInfo is empty
03-19 15:58:04.331 12646 12672 I PersonaManager: mKnoxInfo is empty
03-19 15:58:04.341  9569  9688 I System.out: (HTTPLog)-Static: isSBSettingEnabled false
03-19 15:58:04.341  9569  9688 I System.out: (HTTPLog)-Static: isSBSettingEnabled false
03-19 15:58:04.341 12288 12844 D EnterpriseController: netId is 0
03-19 15:58:04.341 12288 12844 D Netd    : getNetworkForDns: using netid 502 for uid 10015
03-19 15:58:04.341  9569  9688 I qtaguid : Tagging socket 88 with tag 3000040700000000{805307399,0} uid -1, pid: 9569, getuid(): 10015
03-19 15:58:04.441 13364 13564 D QuickAccessClient: HTTP_OK
03-19 15:58:04.451 13364 13564 D QuickAccessResponseHandler: Checking default items edited for database upgrade
03-19 15:58:04.451 13364 13564 D QuickAccessProvider: calling package : com.sec.android.app.sbrowser
03-19 15:58:04.451 13364 13564 D QuickAccessProvider: calling package : com.sec.android.app.sbrowser
03-19 15:58:04.461 13364 13564 I System.out: (HTTPLog)-Static: isSBSettingEnabled false
03-19 15:58:04.461 13364 13564 I System.out: (HTTPLog)-Static: isSBSettingEnabled false
03-19 15:58:04.461 12288 12844 D EnterpriseController: netId is 0
03-19 15:58:04.461 12288 12844 D Netd    : getNetworkForDns: using netid 502 for uid 10168
03-19 15:58:04.461 13364 13398 W System.err: remove failed: ENOENT (No such file or directory) : /data/user/0/com.sec.android.app.sbrowser/shared_prefs/quickaccess_update_failed_icons_preferences.xml.bak
03-19 15:58:04.621  9569  9688 W Conscrypt: Could not set socket write timeout: java.net.SocketException: Socket closed
03-19 15:58:04.621  9569  9688 W Conscrypt: 	at com.google.android.gms.org.conscrypt.Platform.setSocketWriteTimeout(:com.google.android.gms@15090019@15.0.90 (040400-231259764):2)
03-19 15:58:04.621  9569  9688 W Conscrypt: 	at com.google.android.gms.org.conscrypt.ConscryptFileDescriptorSocket.setSoWriteTimeout(:com.google.android.gms@15090019@15.0.90 (040400-231259764):2)
03-19 15:58:04.751 13364 13364 D SI.Rewards.ViewModel: config updated
03-19 15:58:04.751 13364 13364 D SI.Rewards.ViewModel: ConfigChanged: not-support
03-19 15:58:04.751 13364 13398 W System.err: remove failed: ENOENT (No such file or directory) : /data/user/0/com.sec.android.app.sbrowser/shared_prefs/rewards_preferences.xml.bak
03-19 15:58:04.791 13364 13364 D QuickAccessProvider: calling package : com.sec.android.app.sbrowser
03-19 15:58:05.051 13364 13577 W System.err: remove failed: ENOENT (No such file or directory) : /data/user/0/com.sec.android.app.sbrowser/shared_prefs/com.google.android.gms.appid.xml.bak
03-19 15:58:05.051 12646 13702 I PersonaManager: mKnoxInfo is empty
03-19 15:58:05.061 12646 13701 I PersonaManager: mKnoxInfo is empty
03-19 15:58:05.061  9569  9729 I System.out: (HTTPLog)-Static: isSBSettingEnabled false
03-19 15:58:05.061  9569  9729 I System.out: (HTTPLog)-Static: isSBSettingEnabled false
03-19 15:58:05.061  9569  9729 I qtaguid : Tagging socket 91 with tag 3000040700000000{805307399,0} uid -1, pid: 9569, getuid(): 10015
03-19 15:58:05.071 12646 13643 I PersonaManager: mKnoxInfo is empty
03-19 15:58:05.081 12646 15972 D SSRM:n  : SIOP:: AP = 390, PST = 324 (W:10), CP = 274, CUR = 227, LCD = 161
03-19 15:58:05.231  9569  9688 W Conscrypt: Could not set socket write timeout: java.net.SocketException: Socket closed
03-19 15:58:05.231  9569  9688 W Conscrypt: 	at com.google.android.gms.org.conscrypt.Platform.setSocketWriteTimeout(:com.google.android.gms@15090019@15.0.90 (040400-231259764):2)
03-19 15:58:05.231  9569  9688 W Conscrypt: 	at com.google.android.gms.org.conscrypt.ConscryptFileDescriptorSocket.setSoWriteTimeout(:com.google.android.gms@15090019@15.0.90 (040400-231259764):2)
03-19 15:58:05.331  9569  9729 W Conscrypt: Could not set socket write timeout: java.net.SocketException: Socket closed
03-19 15:58:05.331  9569  9729 W Conscrypt: 	at com.google.android.gms.org.conscrypt.Platform.setSocketWriteTimeout(:com.google.android.gms@15090019@15.0.90 (040400-231259764):2)
03-19 15:58:05.331  9569  9729 W Conscrypt: 	at com.google.android.gms.org.conscrypt.ConscryptFileDescriptorSocket.setSoWriteTimeout(:com.google.android.gms@15090019@15.0.90 (040400-231259764):2)
03-19 15:58:05.391 13364 13398 W System.err: remove failed: ENOENT (No such file or directory) : /data/user/0/com.sec.android.app.sbrowser/shared_prefs/sa_logging_settings_pref.xml.bak
03-19 15:58:05.541 13364 13564 I System.out: (HTTPLog)-Static: isSBSettingEnabled false
03-19 15:58:05.541 13364 13564 I System.out: (HTTPLog)-Static: isSBSettingEnabled false
03-19 15:58:05.651 13034 13034 D KeyguardUpdateMonitor: received broadcast android.intent.action.BATTERY_CHANGED
03-19 15:58:05.651 13034 13034 D KeyguardUpdateMonitor: handleBatteryUpdate
03-19 15:58:05.651 12646 13643 D BatteryService: !@BatteryListener : batteryPropertiesChanged!
03-19 15:58:05.651 12646 13643 D BatteryService: level:71, scale:100, status:2, health:2, present:true, voltage: 3988, temperature: 302, technology: Li-ion, AC powered:false, USB powered:true, POGO powered:false, Wireless powered:false, icon:17303414, invalid charger:0, maxChargingCurrent:0
03-19 15:58:05.651 12646 13643 D BatteryService: online:4, current avg:-81, charge type:1, power sharing:false, high voltage charger:false, capacity:280000, batterySWSelfDischarging:false, current_now:112
03-19 15:58:05.651 12646 12646 D BatteryService: Sending ACTION_BATTERY_CHANGED.
03-19 15:58:05.651 12646 12646 I MotionRecognitionService: Plugged
03-19 15:58:05.651 12646 12646 E MotionRecognitionService: support TA ~
03-19 15:58:05.651 12646 12646 I MotionRecognitionService: isTAConnected | current backoffstate  = 33792
03-19 15:58:05.651 12646 12646 D MotionRecognitionService:  TA connected ,  33792
03-19 15:58:05.651 12646 12646 I MotionRecognitionService: skip setTransmitPower. 
03-19 15:58:05.651 12646 12646 D MotionRecognitionService:   cableConnection= 1
03-19 15:58:05.651 12646 12646 D MotionRecognitionService: setPowerConnected | current backoffstate  = 33792 , state =33792
03-19 15:58:05.651 12646 12646 D MotionRecognitionService: skip setTransmitPower. 
03-19 15:58:05.661 13034 13034 D PowerUI : priorPlugType = 2 mPlugType =  2
03-19 15:58:05.661 13034 13034 D PowerUI.Notification: showChargingNotice oldChargingType : 1 currentChargingType : 1 oldChargingTime : 6322000 mChargingTime : 6322000
03-19 15:58:05.661 13034 13034 D PowerUI.Notification: There is no change about charging status, so return!
03-19 15:58:05.661 13034 13034 D BatteryMeterView: ACTION_BATTERY_CHANGED : level:71 status:2 health:2
03-19 15:58:05.681 13034 13034 D BatteryMeterView: ACTION_BATTERY_CHANGED : level:71 status:2 health:2
03-19 15:58:05.721 13364 13564 I System.out: (HTTPLog)-Static: isSBSettingEnabled false
03-19 15:58:05.721 13364 13564 I System.out: (HTTPLog)-Static: isSBSettingEnabled false
03-19 15:58:05.791  9569  9688 I qtaguid : Untagging socket 88
03-19 15:58:05.831 12646 12734 V BroadcastQueue: [background] Process cur broadcast BroadcastRecord{88452c7 u0 com.google.firebase.INSTANCE_ID_EVENT qIdx=4}, state= (APP_RECEIVE) DELIVERED for app ProcessRecord{5eeb894 13438:com.microsoft.emmx/u0a98}
03-19 15:58:05.851 12646 13644 I PersonaManager: mKnoxInfo is empty
03-19 15:58:05.851 13438 13540 I EMMXGcmRegistrationTask: device token: ekB2tz_IRE4:APA91bFAx6MEfPbtco-QUsCCeqLosHB3OV1HLs817sooKTEWzotd1RH1rPu3zs-GBG4gjIrbr0TZZSeRPlXSb-7fcsZeBXlxqRSqfyAEQt9OqUO3oEFt-bsFNW0iAJYqaE-zBEBN79--
03-19 15:58:05.851 13438 13540 I RubySyncClient: registerNotifications
03-19 15:58:05.861 13364 13364 D QuickAccessProvider: calling package : com.sec.android.app.sbrowser
03-19 15:58:05.861 13364 13564 I System.out: (HTTPLog)-Static: isSBSettingEnabled false
03-19 15:58:05.861 13364 13564 I System.out: (HTTPLog)-Static: isSBSettingEnabled false
03-19 15:58:05.871 13438 13465 W System.err: remove failed: ENOENT (No such file or directory) : /data/user/0/com.microsoft.emmx/shared_prefs/com.appboy.push_registration.xml.bak
03-19 15:58:05.881 13438 13608 I System.out: (HTTPLog)-Static: isSBSettingEnabled false
03-19 15:58:05.881 13438 13608 I System.out: (HTTPLog)-Static: isSBSettingEnabled false
03-19 15:58:05.881 13438 13609 I EMMXInstanceIDListener: Received token refresh request
03-19 15:58:05.881 13438 13609 I EMMXGcmController: fetchToken
03-19 15:58:05.911 12646 12734 V BroadcastQueue: [background] Process cur broadcast BroadcastRecord{bdbc01d u0 com.google.android.gms.gcm.ACTION_SCHEDULE qIdx=4}, state= (APP_RECEIVE) DELIVERED for app ProcessRecord{58e8353 9569:com.google.android.gms.persistent/u0a15}
03-19 15:58:05.931 12646 13075 V AlarmManager:  remove PendingIntent] PendingIntent{487d292: PendingIntentRecord{6858b30 com.google.android.gms broadcastIntent}}
03-19 15:58:05.951 12646 13641 I PersonaManager: mKnoxInfo is empty
03-19 15:58:05.961  9569  9729 W Conscrypt: Could not set socket write timeout: java.net.SocketException: Socket closed
03-19 15:58:05.961  9569  9729 W Conscrypt: 	at com.google.android.gms.org.conscrypt.Platform.setSocketWriteTimeout(:com.google.android.gms@15090019@15.0.90 (040400-231259764):2)
03-19 15:58:05.961  9569  9729 W Conscrypt: 	at com.google.android.gms.org.conscrypt.ConscryptFileDescriptorSocket.setSoWriteTimeout(:com.google.android.gms@15090019@15.0.90 (040400-231259764):2)
03-19 15:58:05.971 12646 12671 I PersonaManager: mKnoxInfo is empty
03-19 15:58:05.981  9569  9688 I System.out: (HTTPLog)-Static: isSBSettingEnabled false
03-19 15:58:05.981  9569  9688 I System.out: (HTTPLog)-Static: isSBSettingEnabled false
03-19 15:58:05.981  9569  9688 I qtaguid : Tagging socket 88 with tag 3000040700000000{805307399,0} uid -1, pid: 9569, getuid(): 10015
03-19 15:58:06.071 13364 13564 I System.out: (HTTPLog)-Static: isSBSettingEnabled false
03-19 15:58:06.071 13364 13564 I System.out: (HTTPLog)-Static: isSBSettingEnabled false
03-19 15:58:06.081 13364 13364 D QuickAccessProvider: calling package : com.sec.android.app.sbrowser
03-19 15:58:06.141 13438 13465 W System.err: remove failed: ENOENT (No such file or directory) : /data/user/0/com.microsoft.emmx/shared_prefs/com.appboy.storage.user_cache.push_token_store.37a6259cc0c1dae299a7866489dff0bd.xml.bak
03-19 15:58:06.201 13364 13364 D QuickAccessProvider: calling package : com.sec.android.app.sbrowser
03-19 15:58:06.231 13364 13564 I System.out: (HTTPLog)-Static: isSBSettingEnabled false
03-19 15:58:06.231 13364 13564 I System.out: (HTTPLog)-Static: isSBSettingEnabled false
03-19 15:58:06.361  9569  9688 I qtaguid : Untagging socket 88
03-19 15:58:06.391 13364 13564 I System.out: (HTTPLog)-Static: isSBSettingEnabled false
03-19 15:58:06.391 13364 13564 I System.out: (HTTPLog)-Static: isSBSettingEnabled false
03-19 15:58:06.401 13438 13611 I EMMXGcmRegistrationTask: device token: ekB2tz_IRE4:APA91bFAx6MEfPbtco-QUsCCeqLosHB3OV1HLs817sooKTEWzotd1RH1rPu3zs-GBG4gjIrbr0TZZSeRPlXSb-7fcsZeBXlxqRSqfyAEQt9OqUO3oEFt-bsFNW0iAJYqaE-zBEBN79--
03-19 15:58:06.401 13438 13611 I RubySyncClient: registerNotifications
03-19 15:58:06.401 13364 13364 D QuickAccessProvider: calling package : com.sec.android.app.sbrowser
03-19 15:58:06.531  9569  9729 I qtaguid : Untagging socket 91
03-19 15:58:06.541 13364 13564 D QuickAccessClient: onResponse: UPDATE_SUCCEEDED
03-19 15:58:06.571 13364 13577 D FirebaseInstanceId: topic sync succeeded
03-19 15:58:06.571 13364 13364 D QuickAccessProvider: calling package : com.sec.android.app.sbrowser
03-19 15:58:06.721 13364 13364 D QuickAccessProvider: calling package : com.sec.android.app.sbrowser
03-19 15:58:06.871 13364 13364 D QuickAccessProvider: calling package : com.sec.android.app.sbrowser
03-19 15:58:13.791 12646 12933 D InputReader: Input event(4): value=1 when=15367713682000
03-19 15:58:13.791 12646 12933 D InputReader: Input event(4): value=1 when=15367713682000
03-19 15:58:13.791 12646 12933 I InputReader: Touch event's action is 0x0 (deviceType=0) [pCnt=1, s=0.429 ] when=15367713682000
03-19 15:58:13.791 12646 12933 D InputReader: lastThreadEndTime = 15342634706022, currentThreadStartTime = 15342634729355, diff = 0
03-19 15:58:13.791 12646 12932 I InputDispatcher: Delivering touch to (13034): action: 0x4, toolType: 1
03-19 15:58:13.791 12646 12932 I InputDispatcher: Delivering touch to (9863): action: 0x0, toolType: 1
03-19 15:58:13.791  9863  9863 D ViewRootImpl: ViewPostImeInputStage processPointer 0
03-19 15:58:13.861 12646 12933 D InputReader: Input event(4): value=0 when=15367781268000
03-19 15:58:13.861 12646 12933 D InputReader: Input event(4): value=0 when=15367781268000
03-19 15:58:13.861 12646 12933 I InputReader: Touch event's action is 0x1 (deviceType=0) [pCnt=1, s=] when=15367781268000
03-19 15:58:13.861 12646 12932 I InputDispatcher: Delivering touch to (9863): action: 0x1, toolType: 1
03-19 15:58:13.861  9863  9863 D ViewRootImpl: ViewPostImeInputStage processPointer 1
03-19 15:58:13.871  9863  9863 I System.out: LOA
03-19 15:58:14.271 12646 12933 D InputReader: Input event(4): value=1 when=15368197656000
03-19 15:58:14.271 12646 12933 D InputReader: Input event(4): value=1 when=15368197656000
03-19 15:58:14.271 12646 12933 I InputReader: Touch event's action is 0x0 (deviceType=0) [pCnt=1, s=0.430 ] when=15368197656000
03-19 15:58:14.271 12646 12933 D InputReader: lastThreadEndTime = 15367781716867, currentThreadStartTime = 15367781721284, diff = 0
03-19 15:58:14.271 12646 12932 I InputDispatcher: Delivering touch to (13034): action: 0x4, toolType: 1
03-19 15:58:14.271 12646 12932 I InputDispatcher: Delivering touch to (9863): action: 0x0, toolType: 1
03-19 15:58:14.571 12646 12933 D InputReader: Input event(4): value=0 when=15368493224000
03-19 15:58:14.571 12646 12933 D InputReader: Input event(4): value=0 when=15368493224000
03-19 15:58:14.571 12646 12933 I InputReader: Touch event's action is 0x1 (deviceType=0) [pCnt=1, s=] when=15368493224000
03-19 15:58:14.571 12646 12932 I InputDispatcher: Delivering touch to (9863): action: 0x1, toolType: 1
03-19 15:58:14.701 12646 12906 V AlarmManager: Expired Alarm result :8
03-19 15:58:14.711 12646 12734 V BroadcastQueue: [background] Process cur broadcast BroadcastRecord{912d3bf u0 null qIdx=4}, state= (APP_RECEIVE) DELIVERED for app ProcessRecord{58e8353 9569:com.google.android.gms.persistent/u0a15}
03-19 15:58:14.711 12646 12672 I PersonaManager: mKnoxInfo is empty
03-19 15:58:14.811  9569 13639 D SecWifiDisplayUtil: Metadata value : SecSettings2
03-19 15:58:15.091 12646 15972 D SSRM:n  : SIOP:: AP = 350, PST = 335 (W:18), CP = 276, CUR = -81, LCD = 161
03-19 15:58:15.701 12646 13701 D BatteryService: !@BatteryListener : batteryPropertiesChanged!
03-19 15:58:15.701 12646 13701 D BatteryService: level:71, scale:100, status:2, health:2, present:true, voltage: 3979, temperature: 303, technology: Li-ion, AC powered:false, USB powered:true, POGO powered:false, Wireless powered:false, icon:17303414, invalid charger:0, maxChargingCurrent:0
03-19 15:58:15.701 12646 13701 D BatteryService: online:4, current avg:58, charge type:1, power sharing:false, high voltage charger:false, capacity:280000, batterySWSelfDischarging:false, current_now:130
03-19 15:58:15.701 12646 12646 D BatteryService: Sending ACTION_BATTERY_CHANGED.
03-19 15:58:15.701 12646 12646 I MotionRecognitionService: Plugged
03-19 15:58:15.701 12646 12646 E MotionRecognitionService: support TA ~
03-19 15:58:15.701 12646 12646 I MotionRecognitionService: isTAConnected | current backoffstate  = 33792
03-19 15:58:15.701 12646 12646 D MotionRecognitionService:  TA connected ,  33792
03-19 15:58:15.701 12646 12646 I MotionRecognitionService: skip setTransmitPower. 
03-19 15:58:15.701 12646 12646 D MotionRecognitionService:   cableConnection= 1
03-19 15:58:15.701 12646 12646 D MotionRecognitionService: setPowerConnected | current backoffstate  = 33792 , state =33792
03-19 15:58:15.701 12646 12646 D MotionRecognitionService: skip setTransmitPower. 
03-19 15:58:15.711 13034 13034 D KeyguardUpdateMonitor: received broadcast android.intent.action.BATTERY_CHANGED
03-19 15:58:15.711 13034 13034 D PowerUI : priorPlugType = 2 mPlugType =  2
03-19 15:58:15.711 13034 13034 D KeyguardUpdateMonitor: handleBatteryUpdate
03-19 15:58:15.711 13034 13034 D PowerUI.Notification: showChargingNotice oldChargingType : 1 currentChargingType : 1 oldChargingTime : 6322000 mChargingTime : 6322000
03-19 15:58:15.711 13034 13034 D PowerUI.Notification: There is no change about charging status, so return!
03-19 15:58:15.711 13034 13034 D BatteryMeterView: ACTION_BATTERY_CHANGED : level:71 status:2 health:2
03-19 15:58:15.721 13034 13034 D BatteryMeterView: ACTION_BATTERY_CHANGED : level:71 status:2 health:2
03-19 15:58:16.231 12646 12933 D InputReader: Input event(4): value=1 when=15370153386000
03-19 15:58:16.231 12646 12933 D InputReader: Input event(4): value=1 when=15370153386000
03-19 15:58:16.231 12646 12933 I InputReader: Touch event's action is 0x0 (deviceType=0) [pCnt=1, s=0.431 ] when=15370153386000
03-19 15:58:16.231 12646 12933 D InputReader: lastThreadEndTime = 15368493574618, currentThreadStartTime = 15368493580909, diff = 0
03-19 15:58:16.231 12646 12932 D InputDispatcher: Waiting for application to become ready for input: 9863.  Reason: Waiting to send non-key event because the touched window has not finished processing certain input events that were delivered to it over 500.0ms ago.  Wait queue length: 26.  Wait queue head age: 1956.4ms.
03-19 15:58:16.351 12646 12933 D InputReader: Input event(4): value=0 when=15370278188000
03-19 15:58:16.351 12646 12933 D InputReader: Input event(4): value=0 when=15370278188000
03-19 15:58:16.351 12646 12933 I InputReader: Touch event's action is 0x1 (deviceType=0) [pCnt=1, s=] when=15370278188000
03-19 15:58:18.711 12646 13450 E Watchdog: !@Sync 194 [03-19 15:58:18.721]
03-19 15:58:18.911 12646 12933 D InputReader: Input event(6): value=1 when=15372830138000
03-19 15:58:18.911 12646 12933 D InputReader: !@notifyKey(172), action=0
03-19 15:58:18.911 12646 12933 D InputManager-JNI: !@interceptKeyBeforeQueueing(172), action=0, interactive=true
03-19 15:58:18.911 12646 12933 D InputManager-JNI: !@handleInterceptActions(172), action=0, wmActions=1
03-19 15:58:19.081 12646 12933 D InputReader: Input event(6): value=0 when=15373000094000
03-19 15:58:19.081 12646 12933 D InputReader: !@notifyKey(172), action=1
03-19 15:58:19.081 12646 12933 D InputManager-JNI: !@interceptKeyBeforeQueueing(172), action=1, interactive=true
03-19 15:58:19.081 12646 12933 D InputManager-JNI: !@handleInterceptActions(172), action=1, wmActions=1
03-19 15:58:19.081 12646 15972 W ContextImpl: Calling a method in the system process without a qualified user: android.app.ContextImpl.sendBroadcast:830 g.g.insertLog:-1 g.g.a:-1 g.d.handleMessage:-1 android.os.Handler.dispatchMessage:102 
03-19 15:58:19.081 12646 15972 D SurveyLogging: app_id = com.android.server.ssrm, feature = SLUG, extra = {"S_INFO":"73001/NONE/0/0/0", "SSRM":"0/-1/-1/33/0/484764/X/X/X/X", "MEMINFO":"2763624/95552/19484/1028536/375976/426428/273864/755332/2097148/1892360/375120", "OOMINFO":"103596/137578/156206/9089/197531/142801/81388/0/0/27826/130209/0/136949/290033", "UPTIME":"140960.30"}
03-19 15:58:19.081 12646 12734 V BroadcastQueue: [background] Process cur broadcast BroadcastRecord{cd3d5d5 u0 com.samsung.android.providers.context.log.action.USE_APP_FEATURE_SURVEY qIdx=4}, state= (APP_RECEIVE) DELIVERED for app ProcessRecord{39de143 14703:com.samsung.android.providers.context/u0a1}
03-19 15:58:19.581 12646 12932 I InputDispatcher: Dropped event because of pending overdue app switch.
03-19 15:58:19.581 12646 12932 I InputDispatcher: Dropped event because of pending overdue app switch.
