03-19 15:58:38.031 14306 14355 D GeckoThread: State changed to JNI_READY
03-19 15:58:38.041 12646 13437 D PackageManager: setEnabledSetting : userId = 0 packageName = com.microsoft.office.word cmp = com.microsoft.android.crosssell.activities.ExcelCrossSellHandlerActivity newState = 2 callingPackage = 10007
03-19 15:58:38.041 12646 13075 V WindowStateAnimator: Finishing drawing window Window{23118dd u0 d0 org.mozilla.firefox/org.mozilla.gecko.BrowserApp}: mDrawState=DRAW_PENDING
03-19 15:58:38.041  3018  3018 D libEGL  : eglInitialize EGLDisplay = 0x7fd9e76818
03-19 15:58:38.051 14306 14306 D ViewRootImpl: MSG_RESIZED_REPORT: ci=Rect(0, 96 - 0, 0) vi=Rect(0, 96 - 0, 0) or=1
03-19 15:58:38.051 12646 12953 I PersonaManager: mKnoxInfo is empty
03-19 15:58:38.051 12646 13644 D InputMethodManagerService: windowGainedFocus mCurrentFocusedUserId - 0 and mSecureKeypadEnabled-false
03-19 15:58:38.051 12646 12776 I ActivityManager: Displayed org.mozilla.firefox/org.mozilla.gecko.BrowserApp: +654ms (total +835ms)
03-19 15:58:38.051 12646 12776 D CustomFrequencyManagerService: releaseDVFSLockLocked : Getting Lock type frm List : DVFS_MIN_LIMIT  frequency : 1800000  uid : 1000  pid : 12646  tag : ACTIVITY_RESUME_BOOSTER@3
03-19 15:58:38.051 12646 12776 D CustomFrequencyManagerService: FrequencyrequestList.getNextCStateDisableRequest, index: 0
03-19 15:58:38.051 12646 12776 D ActivityManager: mDVFSHelper.release()
03-19 15:58:38.051 12646 12776 I Timeline: Timeline: Activity_windows_visible id: ActivityRecord{b49140f u0 org.mozilla.firefox/org.mozilla.gecko.BrowserApp t88} time:15391975
03-19 15:58:38.051 12646 12734 D CustomFrequencyManagerService: acquireDVFSLockLocked : type : DVFS_MIN_LIMIT  frequency : 1800000  uid : 1000  pid : 12646  pkgName : ACTIVITY_RESUME_BOOSTER@9
03-19 15:58:38.051 12646 12776 D ViewRootImpl: #3 mView = null
03-19 15:58:38.051 14306 14435 W System.err: remove failed: ENOENT (No such file or directory) : /data/user/0/org.mozilla.firefox/files/mozilla/2xniy4n6.default/health.db
03-19 15:58:38.061 14306 14435 W System.err: remove failed: ENOENT (No such file or directory) : /data/user/0/org.mozilla.firefox/files/mozilla/2xniy4n6.default/health.db-journal
03-19 15:58:38.061 14306 14435 W System.err: remove failed: ENOENT (No such file or directory) : /data/user/0/org.mozilla.firefox/files/mozilla/2xniy4n6.default/health.db-shm
03-19 15:58:38.061 14306 14435 W System.err: remove failed: ENOENT (No such file or directory) : /data/user/0/org.mozilla.firefox/files/mozilla/2xniy4n6.default/health.db-wal
03-19 15:58:38.061 12646 13736 D PackageManager: setEnabledSetting : userId = 0 packageName = com.microsoft.office.word cmp = com.microsoft.android.crosssell.activities.PowerpointCrossSellHandlerActivity newState = 2 callingPackage = 10007
03-19 15:58:38.061  9420  9420 D SamsungIME: IMPL finishInput
03-19 15:58:38.061  9420  9420 D SamsungIME: SwiftKeyWrapper writeDBdataToFileOnFinishInput
03-19 15:58:38.061  9420  9420 D SamsungIME: saveAndClear +
03-19 15:58:38.061  9420  9420 D SamsungIME: saveAndClear -
03-19 15:58:38.061  9420  9420 D SamsungIME: onStartInput: No inputType, No imeOption, isInputViewShown = false, isExtractViewShown = false, isShowInputRequested = false, isConfigChanged = false
03-19 15:58:38.061 14306 14306 D TelemetryUtils: StartUISession: activitystream.1:newtab
03-19 15:58:38.071 14439 14439 E Zygote  : v2
03-19 15:58:38.071 14439 14439 I libpersona: KNOX_SDCARD checking this for 10106
03-19 15:58:38.071 14439 14439 I libpersona: KNOX_SDCARD not a persona
03-19 15:58:38.071 14439 14439 W SELinux : Function: selinux_compare_spd_ram, index[1], priority [2], priority version is VE=SEPF_SECMOBILE_6.0.1_0003
03-19 15:58:38.071 12646 13662 I ActivityManager: Start proc 14439:com.enhance.gameservice/u0a106 for broadcast-3 com.enhance.gameservice/.GameServiceReceiver
03-19 15:58:38.071 14439 14439 E Zygote  : accessInfo : 0
03-19 15:58:38.071 14439 14439 W SELinux : SELinux: seapp_context_lookup: seinfo=platform, level=s0:c512,c768, pkgname=com.enhance.gameservice 
03-19 15:58:38.091 14306 14306 D AbsListView: Get MotionRecognitionManager
03-19 15:58:38.101 14306 14306 D TextView: setTypeface with style : 0
03-19 15:58:38.111 14306 14306 D TextView: setTypeface with style : 0
03-19 15:58:38.111 12646 12953 V BroadcastQueue: [background] Process cur broadcast BroadcastRecord{69d1eff u0 android.intent.action.PACKAGE_CHANGED qIdx=4}, state= (APP_RECEIVE) DELIVERED for app ProcessRecord{42d6268 14439:com.enhance.gameservice/u0a106}
03-19 15:58:38.111 14306 14306 D TextView: setTypeface with style : 0
03-19 15:58:38.111 14306 14306 D TextView: setTypeface with style : 0
03-19 15:58:38.111 14439 14439 W ResourcesManager: getTopLevelResources: /data/app/com.enhance.gameservice-2/base.apk / 1.0 running in com.enhance.gameservice rsrc of package com.enhance.gameservice
03-19 15:58:38.111 12646 13437 I InjectionManagerService -AppFeature: getCoreFeaturePkgList :[]
03-19 15:58:38.111 14439 14439 I InjectionManager: Inside getClassLibPath + mLibMap{0=, 1=}
03-19 15:58:38.111 14439 14439 D ResourcesManager: For user 0 new overlays fetched Null
03-19 15:58:38.121 14306 14306 D TelemetryUtils: StartUISession: homepanel.1:activity_stream
03-19 15:58:38.121 14439 14439 I InjectionManager: Inside getClassLibPath caller 
03-19 15:58:38.141 14439 14439 D InjectionManager: InjectionManager
03-19 15:58:38.141 14439 14439 D InjectionManager: fillFeatureStoreMap com.enhance.gameservice
03-19 15:58:38.141 14439 14439 I InjectionManager: Constructor com.enhance.gameservice, Feature store :{}
03-19 15:58:38.141 14439 14439 I InjectionManager: featureStore :{}
03-19 15:58:38.151 14439 14439 D GameServiceReceiver: action : android.intent.action.PACKAGE_CHANGED
03-19 15:58:38.151 14439 14439 D GameServiceReceiver: pkg: com.yandex.browser
03-19 15:58:38.151 14439 14439 D GameServiceReceiver: unexpected package. ignore
03-19 15:58:38.161 14455 14455 E Zygote  : v2
03-19 15:58:38.161 14455 14455 I libpersona: KNOX_SDCARD checking this for 10007
03-19 15:58:38.161 14455 14455 I libpersona: KNOX_SDCARD not a persona
03-19 15:58:38.161 14455 14455 W SELinux : Function: selinux_compare_spd_ram, index[1], priority [2], priority version is VE=SEPF_SECMOBILE_6.0.1_0003
03-19 15:58:38.161 14455 14455 E Zygote  : accessInfo : 0
03-19 15:58:38.161 14455 14455 W SELinux : SELinux: seapp_context_lookup: seinfo=default, level=s0:c512,c768, pkgname=com.microsoft.office.powerpoint 
03-19 15:58:38.161  3018  3018 D libEGL  : eglInitialize EGLDisplay = 0x7fd9e76818
03-19 15:58:38.161 12646 13612 V WindowStateAnimator: Finishing drawing window Window{23118dd u0 d0 org.mozilla.firefox/org.mozilla.gecko.BrowserApp}: mDrawState=HAS_DRAWN
03-19 15:58:38.161 14306 14306 D GeckoToolbar: onTabChanged: FAVICON
03-19 15:58:38.161 14306 14306 D GeckoBrowserApp: BrowserApp.onTabChanged: 0: FAVICON
03-19 15:58:38.161 12646 13641 I ActivityManager: Start proc 14455:com.microsoft.office.powerpoint/u0a7 for broadcast-3 com.microsoft.office.powerpoint/com.microsoft.android.crosssell.PackageStateReceiver
03-19 15:58:38.171 14306 14306 W InputMethodManager: Ignoring onBind: cur seq=72, given seq=71
03-19 15:58:38.171  9420  9420 D SamsungIME: IMPL finishInput
03-19 15:58:38.171  9420  9420 D SamsungIME: SwiftKeyWrapper writeDBdataToFileOnFinishInput
03-19 15:58:38.171  9420  9420 D SamsungIME: saveAndClear +
03-19 15:58:38.171  9420  9420 D SamsungIME: saveAndClear -
03-19 15:58:38.171  9420  9420 D SamsungIME: onStartInput: No inputType, No imeOption, isInputViewShown = false, isExtractViewShown = false, isShowInputRequested = false, isConfigChanged = false
03-19 15:58:38.181 14306 14306 I Timeline: Timeline: Activity_idle id: android.os.BinderProxy@e85367c time:15392100
03-19 15:58:38.181 14306 14467 D GeckoSuggestedSites: Number of suggested sites: 8
03-19 15:58:38.181 12646 13077 I PersonaManager: mKnoxInfo is empty
03-19 15:58:38.181 14306 14470 I System.out: (HTTPLog)-Static: isSBSettingEnabled false
03-19 15:58:38.181 14306 14470 I System.out: (HTTPLog)-Static: isSBSettingEnabled false
03-19 15:58:38.181 12288 12844 D EnterpriseController: netId is 0
03-19 15:58:38.181 12288 12844 D Netd    : getNetworkForDns: using netid 502 for uid 10117
03-19 15:58:38.191 12646 13736 V BroadcastQueue: [background] Process cur broadcast BroadcastRecord{69d1eff u0 android.intent.action.PACKAGE_CHANGED qIdx=4}, state= (APP_RECEIVE) DELIVERED for app ProcessRecord{faa3d14 14455:com.microsoft.office.powerpoint/u0a7}
03-19 15:58:38.191  9336  9336 D Launcher.HomeView: onStop
03-19 15:58:38.191  9336  9336 D capture : ----destroy
03-19 15:58:38.201  9336  9336 V ActivityThread: updateVisibility : ActivityRecord{8680d2b token=android.os.BinderProxy@2d3ceb6 {com.sec.android.app.launcher/com.sec.android.app.launcher.activities.LauncherActivity}} show : false
03-19 15:58:38.201  9336  9336 D Launcher: onTrimMemory. Level: 20
03-19 15:58:38.201 14455 14455 W ResourcesManager: getTopLevelResources: /data/app/com.microsoft.office.powerpoint-2/base.apk / 1.0 running in com.microsoft.office.powerpoint rsrc of package com.microsoft.office.powerpoint
03-19 15:58:38.201 12646 13641 I InjectionManagerService -AppFeature: getCoreFeaturePkgList :[]
03-19 15:58:38.201 14455 14455 I InjectionManager: Inside getClassLibPath + mLibMap{0=, 1=}
03-19 15:58:38.201 12646 13644 D CustomFrequencyManagerService: releaseDVFSLockLocked : Getting Lock type frm List : DVFS_MIN_LIMIT  frequency : 2100000  uid : 1000  pid : 12646  tag : LAUNCHER_APP_BOOSTER_CPU@7
03-19 15:58:38.201 14455 14455 D ResourcesManager: For user 0 new overlays fetched Null
03-19 15:58:38.211 14455 14455 I InjectionManager: Inside getClassLibPath caller 
03-19 15:58:38.211  3018  3018 D libEGL  : eglInitialize EGLDisplay = 0x7fd9e76818
03-19 15:58:38.211 12646 13641 I PersonaManager: mKnoxInfo is empty
03-19 15:58:38.221 14306 14421 W Settings: Setting airplane_mode_on has moved from android.provider.Settings.System to android.provider.Settings.Global, returning read-only value.
03-19 15:58:38.241  9420  9420 D SamsungIME: IMPL finishInput
03-19 15:58:38.241  9420  9420 D SamsungIME: SwiftKeyWrapper writeDBdataToFileOnFinishInput
03-19 15:58:38.241  9420  9420 D SamsungIME: saveAndClear +
03-19 15:58:38.241  9420  9420 D SamsungIME: saveAndClear -
03-19 15:58:38.241  9420  9420 D SamsungIME: onStartInput: No inputType, No imeOption, isInputViewShown = false, isExtractViewShown = false, isShowInputRequested = false, isConfigChanged = false
03-19 15:58:38.241 14306 14421 W ResourcesManager: getTopLevelResources: /data/app/org.mozilla.firefox-1/base.apk / 1.0 running in org.mozilla.firefox rsrc of package org.mozilla.firefox
03-19 15:58:38.241 12288 12844 D EnterpriseController: netId is 0
03-19 15:58:38.241 12288 12844 D Netd    : getNetworkForDns: using netid 502 for uid 10117
03-19 15:58:38.251  3018  4493 I SurfaceFlinger: id=357 Removed girefox (6/10)
03-19 15:58:38.251  3018  4493 I SurfaceFlinger: id=357 Removed girefox (-2/10)
03-19 15:58:38.251 12646 13662 I PersonaManager: mKnoxInfo is empty
03-19 15:58:38.251 14306 14421 W ResourcesManager: getTopLevelResources: /data/app/org.mozilla.firefox-1/base.apk / 1.0 running in org.mozilla.firefox rsrc of package org.mozilla.firefox
03-19 15:58:38.261 14306 14421 W ResourcesManager: getTopLevelResources: /data/app/org.mozilla.firefox-1/base.apk / 1.0 running in org.mozilla.firefox rsrc of package org.mozilla.firefox
03-19 15:58:38.261  3018  3018 D libEGL  : eglTerminate EGLDisplay = 0x7fd9e76948
03-19 15:58:38.271 14306 14421 W ResourcesManager: getTopLevelResources: /data/app/org.mozilla.firefox-1/base.apk / 1.0 running in org.mozilla.firefox rsrc of package org.mozilla.firefox
03-19 15:58:38.271 14306 14421 W ResourcesManager: getTopLevelResources: /data/app/org.mozilla.firefox-1/base.apk / 1.0 running in org.mozilla.firefox rsrc of package org.mozilla.firefox
03-19 15:58:38.281 12288 12844 D EnterpriseController: netId is 0
03-19 15:58:38.281 12288 12844 D Netd    : getNetworkForDns: using netid 502 for uid 10117
03-19 15:58:38.301 14306 14306 D GeckoNetworkManager: Incoming event enableNotifications for state OnNoListeners -> OnWithListeners
03-19 15:58:38.301 14306 14306 D GeckoNetworkManager: New network state: UP, WIFI, WIFI
03-19 15:58:38.321 14306 14306 D GeckoNetworkManager: Incoming event receivedUpdate for state OnWithListeners -> OnWithListeners
03-19 15:58:38.321 14306 14306 D GeckoNetworkManager: New network state: UP, WIFI, WIFI
03-19 15:58:38.331 14455 14455 I MAMInfo : MAMInfo initialized. Debug=false, UseTestAgent=false, ManagedDialogDisabled=false, DeprecationDialogDisabled=false, PolicyRequired=false, MultiIdentityEnabled=true, FullBackupContent=true, UseDefaultEnrollment=false, ExceptionOnInit=false, Debuggable=false
03-19 15:58:38.331 12646 13702 E PackageManager: Failed to generatePackageInfoFromSettingsLPw, There isn't package setting object for 
03-19 15:58:38.341 12646 13644 E PackageManager: Failed to generatePackageInfoFromSettingsLPw, There isn't package setting object for 
03-19 15:58:38.341 14455 14455 W ResourcesManager: getTopLevelResources: /data/app/com.microsoft.office.powerpoint-2/base.apk / 1.0 running in com.microsoft.office.powerpoint rsrc of package com.microsoft.office.powerpoint
03-19 15:58:38.351 14455 14455 W ResourcesManager: getTopLevelResources: /data/app/com.microsoft.office.powerpoint-2/base.apk / 1.0 running in com.microsoft.office.powerpoint rsrc of package com.microsoft.office.powerpoint
03-19 15:58:38.351 12646 12646 D CustomFrequencyManagerService: releaseDVFSLockLocked : Getting Lock type frm List : DVFS_MIN_LIMIT  frequency : 1800000  uid : 1000  pid : 12646  tag : ACTIVITY_RESUME_BOOSTER@9
03-19 15:58:38.401  9310  9310 D Recents : onTaskStackChanged
03-19 15:58:38.401  9310  9310 W ResourcesManager: getTopLevelResources: /data/app/org.mozilla.firefox-1/base.apk / 1.0 running in com.android.systemui rsrc of package org.mozilla.firefox
03-19 15:58:38.411  9310  9310 D ResourcesManager: For user 0 new overlays fetched Null
03-19 15:58:38.411 12646 13736 I PersonaManager: mKnoxInfo is empty
03-19 15:58:38.431 14455 14455 E ChinaFeaturesLib: failed to create chinaFeaturesHelper, ClassNotFoundException
03-19 15:58:38.431 14455 14455 D TSLTokenProviderImpl: Init
03-19 15:58:38.441 14455 14455 D TSLTokenProviderImpl: Check if this IsTSLDebugMode
03-19 15:58:38.441 14455 14455 D TokenSharingManager_v1.4.7: Library works in release mode
03-19 15:58:38.441 14455 14455 D InjectionManager: InjectionManager
03-19 15:58:38.441 14455 14455 D InjectionManager: fillFeatureStoreMap com.microsoft.office.powerpoint
03-19 15:58:38.441 14455 14455 I InjectionManager: Constructor com.microsoft.office.powerpoint, Feature store :{}
03-19 15:58:38.441 14455 14455 I InjectionManager: featureStore :{}
03-19 15:58:38.451 12646 13643 D PackageManager: setEnabledSetting : userId = 0 packageName = com.microsoft.office.powerpoint cmp = com.microsoft.android.crosssell.activities.WordCrossSellHandlerActivity newState = 2 callingPackage = 10007
03-19 15:58:38.451 12646 12671 D PackageManager: setEnabledSetting : userId = 0 packageName = com.microsoft.office.powerpoint cmp = com.microsoft.android.crosssell.activities.ExcelCrossSellHandlerActivity newState = 2 callingPackage = 10007
03-19 15:58:38.471 12646 12672 V BroadcastQueue: [background] Process cur broadcast BroadcastRecord{69d1eff u0 android.intent.action.PACKAGE_CHANGED qIdx=4}, state= (APP_RECEIVE) DELIVERED for app ProcessRecord{58e8353 9569:com.google.android.gms.persistent/u0a15}
03-19 15:58:38.481 12646 13701 I PersonaManager: mKnoxInfo is empty
03-19 15:58:38.511 12646 13701 I PersonaManager: mKnoxInfo is empty
03-19 15:58:38.531 12646 13077 I PersonaManager: mKnoxInfo is empty
03-19 15:58:38.541 12646 13451 I PersonaManager: mKnoxInfo is empty
03-19 15:58:38.541 12646 13075 I PersonaManager: mKnoxInfo is empty
03-19 15:58:38.551 12646 13662 I PersonaManager: mKnoxInfo is empty
03-19 15:58:38.551 12646 13736 I PersonaManager: mKnoxInfo is empty
03-19 15:58:38.581 14533 14533 E Zygote  : v2
03-19 15:58:38.581 14533 14533 I libpersona: KNOX_SDCARD checking this for 10007
03-19 15:58:38.581 14533 14533 W SELinux : Function: selinux_compare_spd_ram, index[1], priority [2], priority version is VE=SEPF_SECMOBILE_6.0.1_0003
03-19 15:58:38.581 14533 14533 I libpersona: KNOX_SDCARD not a persona
03-19 15:58:38.581 14533 14533 E Zygote  : accessInfo : 0
03-19 15:58:38.581 12646 13437 I ActivityManager: Start proc 14533:com.microsoft.office.excel/u0a7 for broadcast-3 com.microsoft.office.excel/com.microsoft.android.crosssell.PackageStateReceiver
03-19 15:58:38.581 14533 14533 W SELinux : SELinux: seapp_context_lookup: seinfo=default, level=s0:c512,c768, pkgname=com.microsoft.office.excel 
03-19 15:58:38.581 12646 13644 I PersonaManager: mKnoxInfo is empty
03-19 15:58:38.591 12646 12671 I PersonaManager: mKnoxInfo is empty
03-19 15:58:38.641 12646 13077 V BroadcastQueue: [background] Process cur broadcast BroadcastRecord{69d1eff u0 android.intent.action.PACKAGE_CHANGED qIdx=4}, state= (APP_RECEIVE) DELIVERED for app ProcessRecord{6cc1c2d 14533:com.microsoft.office.excel/u0a7}
03-19 15:58:38.651 12646 12953 I PersonaManager: mKnoxInfo is empty
03-19 15:58:38.671 14533 14533 W ResourcesManager: getTopLevelResources: /data/app/com.microsoft.office.excel-1/base.apk / 1.0 running in com.microsoft.office.excel rsrc of package com.microsoft.office.excel
03-19 15:58:38.671 12646 13077 I PersonaManager: mKnoxInfo is empty
03-19 15:58:38.671 12646 13075 I InjectionManagerService -AppFeature: getCoreFeaturePkgList :[]
03-19 15:58:38.671 14533 14533 I InjectionManager: Inside getClassLibPath + mLibMap{0=, 1=}
03-19 15:58:38.671 14306 14355 D GeckoThread: State changed to PROFILE_READY
03-19 15:58:38.681 14533 14533 D ResourcesManager: For user 0 new overlays fetched Null
03-19 15:58:38.681 12646 13643 I PersonaManager: mKnoxInfo is empty
03-19 15:58:38.691 14306 14355 W GeckoEventDispatcher: No listener for AndroidCastDevice:SyncDevice
03-19 15:58:38.691 14306 14355 I Gecko   : -*- nsDNSServiceDiscovery.js : nsDNSServiceDiscovery
03-19 15:58:38.691 14533 14533 I InjectionManager: Inside getClassLibPath caller 
03-19 15:58:38.691 12646 13612 I PersonaManager: mKnoxInfo is empty
03-19 15:58:38.711 14306 14355 I Gecko   : Attempting load of libEGL.so
03-19 15:58:38.711 14306 14355 D libEGL  : eglInitialize EGLDisplay = 0xde8555f4
03-19 15:58:38.711 12646 13437 I PersonaManager: mKnoxInfo is empty
03-19 15:58:38.711 14306 14355 D         : ro.exynos.dss isEnabled: 0
03-19 15:58:38.731 12646 13701 I PersonaManager: mKnoxInfo is empty
03-19 15:58:38.761  9604  9644 W ResourcesManager: getTopLevelResources: /data/app/com.yandex.browser-1/base.apk / 1.0 running in com.google.android.gms rsrc of package com.yandex.browser
03-19 15:58:38.761 12646 13641 I PersonaManager: mKnoxInfo is empty
03-19 15:58:38.771  9604  9644 D ResourcesManager: For user 0 new overlays fetched Null
03-19 15:58:38.771  9604  9644 W ResourcesManager: getTopLevelResources: /data/app/com.yandex.browser-1/base.apk / 1.0 running in com.google.android.gms rsrc of package com.yandex.browser
03-19 15:58:38.781  9604  9651 I GmscoreIpa: Using regular flags by method 2
03-19 15:58:38.801 12646 13451 I PersonaManager: mKnoxInfo is empty
03-19 15:58:38.831 12646 13437 I PersonaManager: mKnoxInfo is empty
03-19 15:58:38.851  9604  9651 W ResourcesManager: getTopLevelResources: /data/app/com.yandex.browser-1/base.apk / 1.0 running in com.google.android.gms rsrc of package com.yandex.browser
03-19 15:58:38.861 14533 14533 I MAMInfo : MAMInfo initialized. Debug=false, UseTestAgent=false, ManagedDialogDisabled=false, DeprecationDialogDisabled=false, PolicyRequired=false, MultiIdentityEnabled=true, FullBackupContent=true, UseDefaultEnrollment=false, ExceptionOnInit=false, Debuggable=false
03-19 15:58:38.871 12646 12672 E PackageManager: Failed to generatePackageInfoFromSettingsLPw, There isn't package setting object for 
03-19 15:58:38.871 12646 12953 E PackageManager: Failed to generatePackageInfoFromSettingsLPw, There isn't package setting object for 
03-19 15:58:38.881 14533 14533 W ResourcesManager: getTopLevelResources: /data/app/com.microsoft.office.excel-1/base.apk / 1.0 running in com.microsoft.office.excel rsrc of package com.microsoft.office.excel
03-19 15:58:38.891 12646 13607 I PersonaManager: mKnoxInfo is empty
03-19 15:58:38.901  9604  9727 I Icing   : IndexChimeraService.getServiceInterface callingPackage=com.google.android.gms componentName=AppsCorpus serviceId=SEARCH_QUERIES
03-19 15:58:38.911 14533 14533 W ResourcesManager: getTopLevelResources: /data/app/com.microsoft.office.excel-1/base.apk / 1.0 running in com.microsoft.office.excel rsrc of package com.microsoft.office.excel
03-19 15:58:38.911  9604  9725 I Icing   : IndexChimeraService.getServiceInterface callingPackage=com.google.android.gms componentName=AppsCorpus serviceId=SEARCH_CORPORA
03-19 15:58:38.941 14306 14334 E GeckoSearchEngineManager: Could not find search plugin files in profile directory
03-19 15:58:38.941 14306 14334 E GeckoSearchEngineManager: Could not create search engine from name: Google
03-19 15:58:38.941 14306 14334 D GeckoSessInfo: Recording start of session: 1552993117842
03-19 15:58:38.951 14306 14306 D GeckoToolbar: onTabChanged: MENU_UPDATED
03-19 15:58:38.951 14306 14306 D GeckoBrowserApp: BrowserApp.onTabChanged: 0: MENU_UPDATED
03-19 15:58:38.961 12646 13736 I PersonaManager: mKnoxInfo is empty
03-19 15:58:38.971 12646 13736 D PackageManager: findPreferredActivity: We found 1 PreferredActivities set, but no match
03-19 15:58:38.971 12646 13736 I PackageManager: No preferred activity: intent should not be shown
03-19 15:58:39.011 12646 13736 I PersonaManager: mKnoxInfo is empty
03-19 15:58:39.011 14533 14533 E ChinaFeaturesLib: failed to create chinaFeaturesHelper, ClassNotFoundException
03-19 15:58:39.011 14533 14533 D TSLTokenProviderImpl: Init
03-19 15:58:39.021 14533 14533 D TSLTokenProviderImpl: Check if this IsTSLDebugMode
03-19 15:58:39.021 14533 14533 D TokenSharingManager_v1.4.7: Library works in release mode
03-19 15:58:39.021 14533 14533 D InjectionManager: InjectionManager
03-19 15:58:39.021 14533 14533 D InjectionManager: fillFeatureStoreMap com.microsoft.office.excel
03-19 15:58:39.021 14533 14533 I InjectionManager: Constructor com.microsoft.office.excel, Feature store :{}
03-19 15:58:39.021 14533 14533 I InjectionManager: featureStore :{}
03-19 15:58:39.021  9655  9672 E ContactsProvider_EventLog: Flush buffer to file cnt : 2 size : 0Kb duration : 30ms lastUpdatedAfter : 43965 ms mFlush_time_threasold : 2000 mCurrentSize : 462
03-19 15:58:39.031 14306 14566 D GeckoTelemetryUploadSer: Service started
03-19 15:58:39.031 12646 13075 D PackageManager: setEnabledSetting : userId = 0 packageName = com.microsoft.office.excel cmp = com.microsoft.android.crosssell.activities.WordCrossSellHandlerActivity newState = 2 callingPackage = 10007
03-19 15:58:39.041 12646 13075 D PackageManager: setEnabledSetting : userId = 0 packageName = com.microsoft.office.excel cmp = com.microsoft.android.crosssell.activities.PowerpointCrossSellHandlerActivity newState = 2 callingPackage = 10007
03-19 15:58:39.061 12646 13612 V BroadcastQueue: [background] Process cur broadcast BroadcastRecord{69d1eff u0 android.intent.action.PACKAGE_CHANGED qIdx=4}, state= (APP_RECEIVE) DELIVERED for app ProcessRecord{83c8b4c 9382:com.google.android.googlequicksearchbox:search/u0a48}
03-19 15:58:39.071 12646 12672 I PersonaManager: mKnoxInfo is empty
03-19 15:58:39.081 12646 13612 V BroadcastQueue: [background] Process cur broadcast BroadcastRecord{b51d574 u0 org.mozilla.gecko.STUMBLER_REGISTER_LOCAL_LISTENER qIdx=4}, state= (APP_RECEIVE) DELIVERED for app ProcessRecord{c691c52 14306:org.mozilla.firefox/u0a117}
03-19 15:58:39.091 14306 14306 D StumblerSafeReceiver: Registered local preference listener
03-19 15:58:39.111 12646 13612 V BroadcastQueue: [background] Process cur broadcast BroadcastRecord{c996a9d u0 com.microsoft.android.crosssell.action.STOP_CROSS_SELL qIdx=4}, state= (APP_RECEIVE) DELIVERED for app ProcessRecord{faa3d14 14455:com.microsoft.office.powerpoint/u0a7}
03-19 15:58:39.111 12288 12844 D EnterpriseController: netId is 0
03-19 15:58:39.111 12288 12844 D Netd    : getNetworkForDns: using netid 502 for uid 10117
03-19 15:58:39.121 12646 12671 D PackageManager: setEnabledSetting : userId = 0 packageName = com.microsoft.office.powerpoint cmp = com.microsoft.android.crosssell.activities.WordCrossSellHandlerActivity newState = 2 callingPackage = 10007
03-19 15:58:39.121 12646 12672 D PackageManager: setEnabledSetting : userId = 0 packageName = com.microsoft.office.powerpoint cmp = com.microsoft.android.crosssell.activities.ExcelCrossSellHandlerActivity newState = 2 callingPackage = 10007
03-19 15:58:39.131 12646 12658 I art     : Background partial concurrent mark sweep GC freed 70012(4MB) AllocSpace objects, 11(364KB) LOS objects, 28% free, 39MB/55MB, paused 1.888ms total 185.517ms
03-19 15:58:39.131 14306 14355 W ResourceType: Too many attribute references, stopped at: 0x01010099
03-19 15:58:39.151 12646 13662 V BroadcastQueue: [background] Process cur broadcast BroadcastRecord{e3c6b12 u0 com.microsoft.android.crosssell.action.STOP_CROSS_SELL qIdx=4}, state= (APP_RECEIVE) DELIVERED for app ProcessRecord{6cc1c2d 14533:com.microsoft.office.excel/u0a7}
03-19 15:58:39.151 12646 13075 D PackageManager: setEnabledSetting : userId = 0 packageName = com.microsoft.office.excel cmp = com.microsoft.android.crosssell.activities.WordCrossSellHandlerActivity newState = 2 callingPackage = 10007
03-19 15:58:39.151 12646 13077 D PackageManager: setEnabledSetting : userId = 0 packageName = com.microsoft.office.excel cmp = com.microsoft.android.crosssell.activities.PowerpointCrossSellHandlerActivity newState = 2 callingPackage = 10007
03-19 15:58:39.161 14306 14355 D SecWifiDisplayUtil: Metadata value : SecSettings2
03-19 15:58:39.171 12646 12672 I PersonaManager: mKnoxInfo is empty
03-19 15:58:39.191 14306 14553 D         : ro.exynos.dss isEnabled: 0
03-19 15:58:39.201 14306 14553 D libGLESv2: DTS_GLAPI : DTS is not allowed for Package : org.mozilla.firefox
03-19 15:58:39.221 14306 14553 D mali_winsys: new_window_surface returns 0x3000,  [1440x2464]-format:2
03-19 15:58:39.231 12646 12953 I PersonaManager: mKnoxInfo is empty
03-19 15:58:39.241 12646 13702 I PersonaManager: mKnoxInfo is empty
03-19 15:58:39.251 12646 13641 I PersonaManager: mKnoxInfo is empty
03-19 15:58:39.321  9604  9651 W ResourcesManager: getTopLevelResources: /system/priv-app/SecSettings2/SecSettings2.apk / 1.0 running in com.google.android.gms rsrc of package com.android.settings
03-19 15:58:39.321  9604  9651 D ResourcesManager: For user 0 new overlays fetched Null
03-19 15:58:39.321  9604  9651 W ResourcesManager: getTopLevelResources: /system/priv-app/SecSettings2/SecSettings2.apk / 1.0 running in com.google.android.gms rsrc of package com.android.settings
03-19 15:58:39.391  9604  9651 W ResourcesManager: getTopLevelResources: /data/app/eu.chainfire.supersu-1/base.apk / 1.0 running in com.google.android.gms rsrc of package eu.chainfire.supersu
03-19 15:58:39.401  9604  9651 D ResourcesManager: For user 0 new overlays fetched Null
03-19 15:58:39.401  9604  9651 W ResourcesManager: getTopLevelResources: /data/app/eu.chainfire.supersu-1/base.apk / 1.0 running in com.google.android.gms rsrc of package eu.chainfire.supersu
03-19 15:58:39.461  9604  9651 W ResourcesManager: getTopLevelResources: /data/app/com.example.myapplication-1/base.apk / 1.0 running in com.google.android.gms rsrc of package com.example.myapplication
03-19 15:58:39.461  9604  9651 D ResourcesManager: For user 0 new overlays fetched Null
03-19 15:58:39.461  9604  9651 W ResourcesManager: getTopLevelResources: /data/app/com.example.myapplication-1/base.apk / 1.0 running in com.google.android.gms rsrc of package com.example.myapplication
03-19 15:58:39.511 14306 14355 D GeckoThread: State changed to RUNNING
03-19 15:58:39.511 14306 14355 I GeckoSession: zerdatime 140980733 - chrome startup finished
03-19 15:58:39.521  9604  9651 W ResourcesManager: getTopLevelResources: /data/app/com.yandex.browser-1/base.apk / 1.0 running in com.google.android.gms rsrc of package com.yandex.browser
03-19 15:58:39.531  9604  9651 D ResourcesManager: For user 0 new overlays fetched Null
03-19 15:58:39.561 14306 14355 W GeckoLinker: /data/app/org.mozilla.firefox-1/lib/arm/libsoftokn3.so: Relocation to NULL @0x00023610 for symbol "__cxa_type_match"
03-19 15:58:39.561 14306 14355 W GeckoLinker: /data/app/org.mozilla.firefox-1/lib/arm/libfreebl3.so: Relocation to NULL @0x00040210 for symbol "__cxa_type_match"
03-19 15:58:39.581  9604  9651 W ResourcesManager: getTopLevelResources: /data/app/org.mozilla.firefox-1/base.apk / 1.0 running in com.google.android.gms rsrc of package org.mozilla.firefox
03-19 15:58:39.591  9604  9651 D ResourcesManager: For user 0 new overlays fetched Null
03-19 15:58:39.601  9604  9651 I Icing   : Usage reports ok 5, Failed Usage reports 0, indexed 0, rejected 0, imm upload false
03-19 15:58:39.641 14306 14592 W GeckoLinker: /data/app/org.mozilla.firefox-1/lib/arm/libnssckbi.so: Relocation to NULL @0x00056b00 for symbol "__cxa_type_match"
03-19 15:58:39.641 12646 12953 I PersonaManager: mKnoxInfo is empty
03-19 15:58:39.651  9604  9651 I Icing   : Usage reports ok 0, Failed Usage reports 0, indexed 0, rejected 0, imm upload false
03-19 15:58:39.661 14306 14355 I Gecko   : console.log: "browser.js: loading Firefox Accounts WebChannel"
03-19 15:58:39.681 14306 14355 D GeckoFxAccounts: FxAccountsWebChannel registered: account_updates with origin https://accounts.firefox.com
03-19 15:58:39.681 14306 14334 I GeckoPushState: No storage found; starting fresh.
03-19 15:58:39.681 14306 14334 D GeckoPushService: Registered Gecko event listener.
03-19 15:58:39.681 14306 14334 I GeckoPushService: Starting up.
03-19 15:58:39.681 14306 14334 I GeckoPushManager: Startup: requesting GCM token.
03-19 15:58:39.691 14306 14306 D GeckoMediaControlAgent: initialize
03-19 15:58:39.691 14306 14334 I GeckoPushGCM: Cached GCM token does not exist; requesting new token with sender ID: 965234145045,242693410970
03-19 15:58:39.691 14306 14334 W InstanceID: Instance ID SDK is deprecated, org.mozilla.firefox should update to use Firebase Instance ID
03-19 15:58:39.691 12646 13702 D ApplicationPolicy: isStatusBarNotificationAllowedAsUser: packageName = org.mozilla.firefox,userId = 0
03-19 15:58:39.691 12646 13702 I PersonaManager: mKnoxInfo is empty
03-19 15:58:39.711 13034 13055 W ResourcesManager: getTopLevelResources: /data/app/org.mozilla.firefox-1/base.apk / 1.0 running in com.android.systemui rsrc of package org.mozilla.firefox
03-19 15:58:39.711 13034 13149 D vol.MediaSessions: updateRemoteControllerH null
03-19 15:58:39.711 13034 13149 D vol.MediaSessions: onActiveSessionsUpdatedH n=0
03-19 15:58:39.711 13034 13149 D vol.MediaSessions: onActiveSessionsUpdatedH n=0
03-19 15:58:39.711 12646 13075 D AudioService: getStreamVolume 3 index 50
03-19 15:58:39.711 13034 13055 D ResourcesManager: For user 0 new overlays fetched Null
03-19 15:58:39.721 13034 13149 D vol.MediaSessions: updateRemoteControllerH null
03-19 15:58:39.721 13034 13149 D vol.MediaSessions: onActiveSessionsUpdatedH n=1
03-19 15:58:39.721 12646 13612 D AudioService: getStreamVolume 3 index 50
03-19 15:58:39.721 14306 14306 W GeckoEventDispatcher: No listener for AudioFocusAgent:Ready
03-19 15:58:39.721 13034 13149 W ResourcesManager: getTopLevelResources: /data/app/org.mozilla.firefox-1/base.apk / 1.0 running in com.android.systemui rsrc of package org.mozilla.firefox
03-19 15:58:39.731 13034 13149 D vol.MediaSessions: onActiveSessionsUpdatedH n=1
03-19 15:58:39.731 13034 13034 W ResourcesManager: getTopLevelResources: /data/app/org.mozilla.firefox-1/base.apk / 1.0 running in com.android.systemui rsrc of package org.mozilla.firefox
03-19 15:58:39.731 12646 12672 D AudioService: getStreamVolume 3 index 50
03-19 15:58:39.741 13034 13034 I InjectionManager: Inside getClassLibPath caller 
03-19 15:58:39.741 14306 14355 I Gecko   : console.log: "Locale:OS: en-GB"
03-19 15:58:39.741 14306 14355 I Gecko   : console.log: "New OS locale."
03-19 15:58:39.741 14306 14355 I Gecko   : console.log: "Default intl.accept_languages = en-GB, en"
03-19 15:58:39.741 14306 14355 I Gecko   : console.log: "Setting intl.accept_languages to en-gb,en"
03-19 15:58:39.751  3018  3018 D libEGL  : eglInitialize EGLDisplay = 0x7fd9e76818
03-19 15:58:39.761 13547 14032 D TP/SmsProvider: query,matched:0, calling pid = 9604
03-19 15:58:39.761 13034 13034 W ResourcesManager: getTopLevelResources: /data/app/org.mozilla.firefox-1/base.apk / 1.0 running in com.android.systemui rsrc of package org.mozilla.firefox
03-19 15:58:39.761 13547 14032 D TP/SmsProvider: query, match 0:Elapsed time : 2.982 ms
03-19 15:58:39.791 13034 13034 W ResourcesManager: getTopLevelResources: /data/app/org.mozilla.firefox-1/base.apk / 1.0 running in com.android.systemui rsrc of package org.mozilla.firefox
03-19 15:58:39.801 13034 13034 D KnoxNotification: ----- inflateViews : modified publicViewLocal -----
03-19 15:58:39.811 13547 13561 D TP/MmsProvider: query uri=content://mms, match=0, calling pid = 9604
03-19 15:58:39.811 13034 13034 D KnoxNotification: ----- inflateViews : modified KnoxViewLocal -----
03-19 15:58:39.811 13034 13034 W ResourcesManager: getTopLevelResources: /data/app/org.mozilla.firefox-1/base.apk / 1.0 running in com.android.systemui rsrc of package org.mozilla.firefox
03-19 15:58:39.811 13547 13561 D TP/MmsProvider: query uri=content://mms, match=0:Elapsed time : 3.405 ms
03-19 15:58:39.821 13034 13034 D PhoneStatusBar: setAreThereNotifications: N=5 any=true clearable=true
03-19 15:58:39.861 14306 14385 D SwitchBoard: Result: {"data":[{"name":"leanplum-start","match":{"lang":"eng|zho|deu|fra|ita|ind|por|spa|pol|rus","appId":"^org.mozilla.firefox_beta$|^org.mozilla.firefox$","regions":[]},"schema":1523549592861,"buckets":{"max":"100","min":"0"},"description":"Enable Leanplum SDK - Bug 1351571 \nExpand English Users to more region - Bug 1411066\nEnable  50% eng|zho|deu globally for Leanplum. see https://bugzilla.mozilla.org/show_bug.cgi?id=1411066#c8","id":"12f8f0dc-6401-402e-9e7d-3aec52576b87","last_modified":1523549895713},{"name":"custom-tabs","match":{"regions":[]},"schema":1510207707840,"buckets":{"max":"100","min":"0"},"description":"Allows apps to open tabs in a customized UI.","id":"5e23b482-8800-47be-b6dc-1a3bb6e455d4","last_modified":1510211043874},{"name":"activity-stream-opt-out","match":{"appId":"^org.mozilla.fennec.*$","regions":[]},"schema":1498764179980,"buckets":{"max":"100","min":"0"},"description":"Enable Activity stream by default for users in the \"opt out\" group.","id":"7d504093-67c4-4afb-adf5-5ad23c7c1995","last_modified":1500969355986},{"name":"full-bookmark-management","match":{"appId":"^org.mozilla.fennec.*$"},"schema":1480618438089,"buckets":{"max":"100","min":"0"},"description":"Bug 1232439 - Show full-page edit bookmark dialog","id":"9ae1019b-9107-47c5-83f3-afa73360b020","last_modified":1498690258010},{"name":"top-addons-menu","match":{},"schema":1480618438089,"buckets":{"max":"100","min":"0"},"description":"Show addon menu item in top-level.","id":"46894232-177a-4cd1-b620-47c0b8e5e2aa","last_modified":1498599522440},{"name":"offline-cache","match":{"appId":"^org.mozilla.fennec|org.mozilla.firefox_beta"},"schema":1480618438089,"buckets":{"max":"100","min":"0"},"id":"5e4277e0-1029-ea14-1b74-5d25d301c5dc","last_modified":1497643056372},{"name":"process-background-telemetry","match":{},"schema":1480618438089,"buckets":{"max":"100","min":"0"},"description":"Gate flag for controlling if background telemetry processing (sync ping) is enabled or not.","id":"e6f9d217-3f43-478f-bff3-7829d7b9eeeb","last_modified":1496971360625},{"name":"activity-stream-setting","match":{"appId":"^org.mozilla.fennec.*$"},"schema":1480618438089,"buckets":{"max":"100","min":"0"},"description":"Show a setting in \"experimental features\" for enabling/disabling activity stream.","id":"7a022463-67fd-4ba3-8b06-a79d0c5e1fdc","last_modified":1496331790186},{"name":"activity-stream","match":{"appId":"^org.mozilla.fennec.*$"},"schema":1480618438089,"buckets":{"max":"100","min":"0"},"description":"Enable/Disable Activity Stream","id":"d4fd9cfb-4c8b-4963-b21e-1c2f4bcd61d6","last_modified":1496331773809},{"name":"download-content-catalog-sync","match":{"appId":""},"schema":1480618438089,"buckets":{"max":"100","min":"0"},"id":"4d2fa5c3-18b2-8734-49be-fe58993d2cf6","last_modified":1485853244635},{"name":"promote-add-to-homescreen","match":{"appId":"^org.mozilla.fennec.*$|^org.mozilla.firefox_beta$"},"schema":1480618438089,"values":{"minimumTotalVisits":5,"lastVisitMaximumAgeMs":600000,"lastVisitMinimumAgeMs":30000},"buckets":{"max":"100","min":"50"},"id":"1d05fa3e-095f-b29a-d9b6-ab3a578efd0b","last_modified":1482264639326},{"name":"triple-readerview-bookmark-prompt","match":{"appId":"^org.mozilla.fennec.*$|^org.mozilla.firefox_beta$"},"schema":1480618438089,"buckets":{"max":"100","min":"0"},"id":"02d7caa1-cd9e-6949-084c-18bc9d468b6b","last_modified":1482262302021},{"name":"compact-tabs","match":{},"schema":1480618438089,"buckets":{"max":"50","min":"0"},"description":"Arrange tabs in two columns in portrait mode (tabs tray)","id":"14fdc9f3-cf11-4bee-84f6-98495d08c61f","last_modified":1482242613284},{"name":"hls-video-playback","match":{},"schema":1467794476773,"buckets":{"max":"100","min":"0"},"id":"d9f9f124-a4d6-47db-a9f4-cf0d00915088","last_modified":1477907551487},{"name":"bookmark-history-menu","match":{},"buckets":{"max":"100","min":"0"},"id":"9a53ebfa-772d-d2d8-8307-f98943310360","last_modified":1467794477013},{"name":"content-notifications-12hrs","match":{},"buckets":{"max":"0","min":"0"},"id":"3e4cef10-3a87-3
03-19 15:58:39.861 14306 14341 W System.err: remove failed: ENOENT (No such file or directory) : /data/user/0/org.mozilla.firefox/shared_prefs/com.keepsafe.switchboard.settings.xml.bak
03-19 15:58:39.861 14306 14355 D GeckoScreenOrientation: unlocking
03-19 15:58:39.871 14306 14306 I GeckoTabs: zerdatime 140981089 - page load start
03-19 15:58:39.871 14306 14306 D GeckoToolbar: onTabChanged: START
03-19 15:58:39.871 14306 14306 D GeckoBrowserApp: BrowserApp.onTabChanged: 0: START
03-19 15:58:39.871 14306 14341 W System.err: remove failed: ENOENT (No such file or directory) : /data/user/0/org.mozilla.firefox/shared_prefs/com.keepsafe.switchboard.uuid.xml.bak
03-19 15:58:39.871 12646 12672 I PersonaManager: mKnoxInfo is empty
03-19 15:58:39.881 14306 14341 W System.err: remove failed: ENOENT (No such file or directory) : /data/user/0/org.mozilla.firefox/shared_prefs/PocketStories.xml.bak
03-19 15:58:39.881 12646 12672 D PackageManager: findPreferredActivity: We found 1 PreferredActivities set, but no match
03-19 15:58:39.881 12646 12672 I PackageManager: No preferred activity: intent should not be shown
03-19 15:58:39.881 14306 14355 D GeckoViewAutoFill: Clearing auto-fill
03-19 15:58:39.911 14306 14341 W System.err: remove failed: ENOENT (No such file or directory) : /data/user/0/org.mozilla.firefox/shared_prefs/org.mozilla.gecko.BrowserApp.xml.bak
03-19 15:58:39.911 14306 14355 D GeckoViewAutoFill: Clearing auto-fill
03-19 15:58:39.911 13547 13974 D TP/SmsProvider: query,matched:0, calling pid = 9604
03-19 15:58:39.911 14306 14306 W Settings: Setting airplane_mode_on has moved from android.provider.Settings.System to android.provider.Settings.Global, returning read-only value.
03-19 15:58:39.921 13547 13974 D TP/SmsProvider: query, match 0:Elapsed time : 5.145 ms
03-19 15:58:39.941 13547 13562 D TP/SmsProvider: query,matched:0, calling pid = 9604
03-19 15:58:39.941 13547 13562 D TP/SmsProvider: query, match 0:Elapsed time : 1.479 ms
03-19 15:58:39.951 12646 13662 I PersonaManager: mKnoxInfo is empty
03-19 15:58:39.951 12288 12844 D EnterpriseController: netId is 0
03-19 15:58:39.951 12288 12844 D Netd    : getNetworkForDns: using netid 502 for uid 10117
03-19 15:58:39.961 12646 13662 D PackageManager: findPreferredActivity: We found 1 PreferredActivities set, but no match
03-19 15:58:39.961 12646 13662 I PackageManager: No preferred activity: intent should not be shown
03-19 15:58:39.981 13547 13975 D TP/MmsProvider: query uri=content://mms, match=0, calling pid = 9604
03-19 15:58:39.981 14306 14610 I System.out: (HTTPLog)-Static: isSBSettingEnabled false
03-19 15:58:39.981 14306 14610 I System.out: (HTTPLog)-Static: isSBSettingEnabled false
03-19 15:58:39.981 14306 14608 I System.out: (HTTPLog)-Static: isSBSettingEnabled false
03-19 15:58:39.981 14306 14608 I System.out: (HTTPLog)-Static: isSBSettingEnabled false
03-19 15:58:39.981 14306 14609 I System.out: (HTTPLog)-Static: isSBSettingEnabled false
03-19 15:58:39.981 14306 14609 I System.out: (HTTPLog)-Static: isSBSettingEnabled false
03-19 15:58:39.981 13547 13975 D TP/MmsProvider: query uri=content://mms, match=0:Elapsed time : 5.154 ms
03-19 15:58:39.991 14306 14610 W System.err: remove failed: ENOENT (No such file or directory) : /data/user/0/org.mozilla.firefox/cache/picasso-cache/journal
03-19 15:58:39.991 14306 14306 D GeckoToolbar: onTabChanged: LOCATION_CHANGE
03-19 15:58:39.991 14306 14306 D GeckoBrowserApp: BrowserApp.onTabChanged: 0: LOCATION_CHANGE
03-19 15:58:39.991 14306 14610 W System.err: remove failed: ENOENT (No such file or directory) : /data/user/0/org.mozilla.firefox/cache/picasso-cache/journal.bkp
03-19 15:58:39.991 14306 14306 D GeckoToolbar: onTabChanged: SECURITY_CHANGE
03-19 15:58:39.991 14306 14306 D GeckoBrowserApp: BrowserApp.onTabChanged: 0: SECURITY_CHANGE
03-19 15:58:39.991 12288 12844 D EnterpriseController: netId is 0
03-19 15:58:39.991 12288 12844 D Netd    : getNetworkForDns: using netid 502 for uid 10117
03-19 15:58:39.991 12288 12844 D EnterpriseController: netId is 0
03-19 15:58:39.991 12288 12844 D Netd    : getNetworkForDns: using netid 502 for uid 10117
03-19 15:58:39.991 12288 12844 D EnterpriseController: netId is 0
03-19 15:58:39.991 12288 12844 D Netd    : getNetworkForDns: using netid 502 for uid 10117
03-19 15:58:40.021 14306 14306 D GeckoToolbar: onTabChanged: TITLE
03-19 15:58:40.021 14306 14306 D GeckoBrowserApp: BrowserApp.onTabChanged: 0: TITLE
03-19 15:58:40.021 14306 14306 D GeckoToolbar: onTabChanged: LOADED
03-19 15:58:40.021 14306 14306 D GeckoBrowserApp: BrowserApp.onTabChanged: 0: LOADED
03-19 15:58:40.031 14306 14603 I [INFO][Leanplum]: [com.leanplum.LeanplumGcmProvider::isManifestSetup::152]: Google Cloud Messaging is setup correctly.
03-19 15:58:40.031 12646 12953 I PersonaManager: mKnoxInfo is empty
03-19 15:58:40.031 14306 14341 W System.err: remove failed: ENOENT (No such file or directory) : /data/user/0/org.mozilla.firefox/shared_prefs/__leanplum_push__.xml.bak
03-19 15:58:40.041 14306 14306 D GeckoToolbar: onTabChanged: PAGE_SHOW
03-19 15:58:40.041 14306 14306 D GeckoBrowserApp: BrowserApp.onTabChanged: 0: PAGE_SHOW
03-19 15:58:40.041 14306 14306 I GeckoTabs: zerdatime 140981259 - page load stop
03-19 15:58:40.041 14306 14306 D GeckoToolbar: onTabChanged: STOP
03-19 15:58:40.041 14306 14306 D GeckoBrowserApp: BrowserApp.onTabChanged: 0: STOP
03-19 15:58:40.051  3018  3018 D libEGL  : eglInitialize EGLDisplay = 0x7fd9e76818
03-19 15:58:40.051 14306 14341 W System.err: remove failed: ENOENT (No such file or directory) : /data/user/0/org.mozilla.firefox/shared_prefs/__leanplum__.xml.bak
03-19 15:58:40.051 14306 14603 I System.out: (HTTPLog)-Static: isSBSettingEnabled false
03-19 15:58:40.051 14306 14603 I System.out: (HTTPLog)-Static: isSBSettingEnabled false
03-19 15:58:40.051 12288 12844 D EnterpriseController: netId is 0
03-19 15:58:40.051 12288 12844 D Netd    : getNetworkForDns: using netid 502 for uid 10117
03-19 15:58:40.051 14306 14355 W GeckoEventDispatcher: No listener for Website:AppLeft
03-19 15:58:40.081 14306 14355 W GeckoEventDispatcher: No listener for FormHistory:Ready
03-19 15:58:40.091 14306 14355 W GeckoEventDispatcher: No listener for GeckoView:AccessibilityReady
03-19 15:58:40.101 14306 14306 D AbsListView: Get MotionRecognitionManager
03-19 15:58:40.171 14306 14306 I GeckoBrowserApp: Found tag 
03-19 15:58:40.171 12288 12844 D EnterpriseController: netId is 0
03-19 15:58:40.171 12288 12844 D Netd    : getNetworkForDns: using netid 502 for uid 10117
03-19 15:58:40.171 12646 12671 I PersonaManager: mKnoxInfo is empty
03-19 15:58:40.191  9310  9832 E libEGL  : ------------------------------------------------
03-19 15:58:40.191  9310  9832 E libEGL  : HWUI Context(2082345856) Damaged Report-Shader
03-19 15:58:40.191  9310  9832 E libEGL  : HWUI   Shaders(4):
03-19 15:58:40.191  9310  9832 E libEGL  : HWUI     Unit 0) DAMAGED Handle(10)
03-19 15:58:40.191  9310  9832 E libEGL  : HWUI     Unit 1) Handle(12)
03-19 15:58:40.191  9310  9832 E libEGL  : HWUI     Unit 2) Handle(14)
03-19 15:58:40.191  9310  9832 E libEGL  : HWUI     Unit 3) Handle(16)
03-19 15:58:40.191  9310  9832 E libEGL  : ------------------------------------------------
03-19 15:58:40.191  9310  9832 E libGLESv2: HWUI Protection: wrong calling from app context F:ES2-glDeleteShader, handle(10)
03-19 15:58:40.191  9310  9832 E libEGL  : ------------------------------------------------
03-19 15:58:40.191  9310  9832 E libEGL  : HWUI Context(2082345856) Damaged Report-Shader
03-19 15:58:40.191  9310  9832 E libEGL  : HWUI   Shaders(4):
03-19 15:58:40.191  9310  9832 E libEGL  : HWUI     Unit 0) Handle(10)
03-19 15:58:40.191  9310  9832 E libEGL  : HWUI     Unit 1) DAMAGED Handle(12)
03-19 15:58:40.191  9310  9832 E libEGL  : HWUI     Unit 2) Handle(14)
03-19 15:58:40.191  9310  9832 E libEGL  : HWUI     Unit 3) Handle(16)
03-19 15:58:40.191  9310  9832 E libEGL  : ------------------------------------------------
03-19 15:58:40.191  9310  9832 E libGLESv2: HWUI Protection: wrong calling from app context F:ES2-glDeleteShader, handle(12)
03-19 15:58:40.191  9310  9832 E libEGL  : ------------------------------------------------
03-19 15:58:40.191  9310  9832 E libEGL  : HWUI Context(2082345856) Damaged Report-Shader
03-19 15:58:40.191  9310  9832 E libEGL  : HWUI   Shaders(4):
03-19 15:58:40.191  9310  9832 E libEGL  : HWUI     Unit 0) Handle(10)
03-19 15:58:40.191  9310  9832 E libEGL  : HWUI     Unit 1) Handle(12)
03-19 15:58:40.191  9310  9832 E libEGL  : HWUI     Unit 2) DAMAGED Handle(14)
03-19 15:58:40.191  9310  9832 E libEGL  : HWUI     Unit 3) Handle(16)
03-19 15:58:40.191  9310  9832 E libEGL  : ------------------------------------------------
03-19 15:58:40.191  9310  9832 E libGLESv2: HWUI Protection: wrong calling from app context F:ES2-glDeleteShader, handle(14)
03-19 15:58:40.191  9310  9832 E libEGL  : ------------------------------------------------
03-19 15:58:40.191  9310  9832 E libEGL  : HWUI Context(2082345856) Damaged Report-Shader
03-19 15:58:40.191  9310  9832 E libEGL  : HWUI   Shaders(4):
03-19 15:58:40.191  9310  9832 E libEGL  : HWUI     Unit 0) Handle(10)
03-19 15:58:40.191  9310  9832 E libEGL  : HWUI     Unit 1) Handle(12)
03-19 15:58:40.191  9310  9832 E libEGL  : HWUI     Unit 2) Handle(14)
03-19 15:58:40.191  9310  9832 E libEGL  : HWUI     Unit 3) DAMAGED Handle(16)
03-19 15:58:40.191  9310  9832 E libEGL  : ------------------------------------------------
03-19 15:58:40.191  9310  9832 E libGLESv2: HWUI Protection: wrong calling from app context F:ES2-glDeleteShader, handle(16)
03-19 15:58:40.191  9310  9832 D libEGL  : eglTerminate EGLDisplay = 0x7f6c350228
03-19 15:58:40.191 12646 12672 D WifiDisplayAdapter: getWifiDisplayStatusLocked: result=WifiDisplayStatus{featureState=2, scanState=0, activeDisplayState=0, activeDisplay=null, displays=[], sessionInfo=WifiDisplaySessionInfo: Client/Owner: Client GroupId:  Passphrase:  SessionId: 0 IP Address: , connectedState=-1, networkQoS=0}
03-19 15:58:40.201 12646 12953 D WifiDisplayAdapter: getWifiDisplayStatusLocked: result=WifiDisplayStatus{featureState=2, scanState=0, activeDisplayState=0, activeDisplay=null, displays=[], sessionInfo=WifiDisplaySessionInfo: Client/Owner: Client GroupId:  Passphrase:  SessionId: 0 IP Address: , connectedState=-1, networkQoS=0}
03-19 15:58:40.201 12646 12671 D AudioService: getStreamVolume 3 index 50
03-19 15:58:40.211 14306 14306 I MediaRouter: Found default route: MediaRouter.RouteInfo{ uniqueId=android/.support.v7.media.SystemMediaRouteProvider:DEFAULT_ROUTE, name=Phone, description=null, iconUri=null, enabled=true, connecting=false, connectionState=0, canDisconnect=false, playbackType=0, playbackStream=3, deviceType=0, volumeHandling=1, volume=5, volumeMax=15, presentationDisplayId=-1, extras=null, settingsIntent=null, providerPackageName=android }
03-19 15:58:40.211 14306 14306 I MediaRouter: Unselecting the current route because it is no longer selectable: null
03-19 15:58:40.211 14306 14306 D PassiveStumbler: Stopping StumblerService | isDebug:false
03-19 15:58:40.211 12646 13702 I PersonaManager: mKnoxInfo is empty
03-19 15:58:40.211 14306 14435 D GeckoDLCCatalog: Loading from disk
03-19 15:58:40.221 14306 14435 D GeckoDLCCatalog: Catalog file does not exist: Starting with empty catalog.
03-19 15:58:40.221 14306 14435 D GeckoDLCCatalog: Loaded 0 elements
03-19 15:58:40.221 14306 14435 D DLCSyncAction: Synchronizing catalog.
03-19 15:58:40.221 12646 13607 D WifiDisplayAdapter: getWifiDisplayStatusLocked: result=WifiDisplayStatus{featureState=2, scanState=0, activeDisplayState=0, activeDisplay=null, displays=[], sessionInfo=WifiDisplaySessionInfo: Client/Owner: Client GroupId:  Passphrase:  SessionId: 0 IP Address: , connectedState=-1, networkQoS=0}
03-19 15:58:40.221 14306 14435 I System.out: (HTTPLog)-Static: isSBSettingEnabled false
03-19 15:58:40.221 14306 14435 I System.out: (HTTPLog)-Static: isSBSettingEnabled false
