03-19 15:58:34.881 12646 12646 D GameManagerService: NotifyRunnable. pkg: com.sec.android.app.launcher, type: 4, isMinimized: false, isTunableApp: false
03-19 15:58:34.881 12646 12734 V MARsPolicyManager: updatePackagesScore PackageInfo name -- com.sec.android.app.launcher
03-19 15:58:34.881 12646 15972 D GameManagerService: identifyGamePackage. com.sec.android.app.launcher
03-19 15:58:34.891 12646 12735 W ContextImpl: Calling a method in the system process without a qualified user: android.app.ContextImpl.sendBroadcast:830 com.android.server.policy.PhoneWindowManager.notifyToSSRM:8657 com.android.server.policy.PhoneWindowManager.access$1500:309 com.android.server.policy.PhoneWindowManager$PolicyHandler.handleMessage:1208 android.os.Handler.dispatchMessage:102 
03-19 15:58:34.891 12646 15972 D GameManagerService: identifyGamePackage. com.sec.android.app.launcher
03-19 15:58:34.891 13034 14118 D WallpaperService: resized:[frame]Rect(0, 0 - 2240, 2560) [newConfig] is null
03-19 15:58:34.891 13034 13034 D WallpaperService: MSG_WINDOW_RESIZED
03-19 15:58:34.891 13034 13034 D WallpaperService: updateSurface:[forceRelayout]true[redrawNeeded]false
03-19 15:58:34.891 13034 13034 V WallpaperService: Changes: creating=false format=false size=false
03-19 15:58:34.891 13034 13034 V WallpaperService: currentWidth:2240 currentHeight:2560 requestedWidth:2240 requestedWidth:2560
03-19 15:58:34.891 13034 13034 V WallpaperService: relayout result: Surface(name=null)/@0x84c161b, frame=Rect(0, 0 - 2240, 2560),relayoutResult:1, mConfiguration{0 1.0 themeSeq = 0 showBtnBg = -1 ?mcc?mnc en_GB ?layoutDir ?swdp ?wdp ?hdp ?density ?lsize ?long ?orien ?uimode ?night ?touch ?keyb/?/? ?nav/? mkbd/?}
03-19 15:58:34.891 13034 13034 V WallpaperService: Wallpaper size has changed: (2240, 2560
03-19 15:58:34.891  9336  9336 D Launcher: onNewIntent()
03-19 15:58:34.891  9336  9336 D Launcher: onNewIntent mPendingIntent is null startingSetting is false!!
03-19 15:58:34.891  9336  9336 D MenuAppsGridFragment: changeState: (new)NORMAL(old)NORMAL(force)false
03-19 15:58:34.891  9336  9336 D Launcher.Workspace: exitWidgetResizeMode. isClearResizeFrame is false
03-19 15:58:34.891  9336  9336 D Launcher: onRestart, Launcher: 147219868
03-19 15:58:34.891  9336  9336 D Launcher: onStart, Launcher: 147219868
03-19 15:58:34.891  9336  9336 D Launcher.HomeView: onStart
03-19 15:58:34.891  9336  9336 D Launcher: onResume, Launcher: 147219868
03-19 15:58:34.891 12646 12672 D SettingsProvider: isChangeAllowed() : name = kids_home_mode
03-19 15:58:34.891 12646 12672 D SettingsProvider: edmUri: content://com.sec.knox.provider/RestrictionPolicy3
03-19 15:58:34.891 12646 12672 D SettingsProvider: projectionArgs: isSettingsChangesAllowed
03-19 15:58:34.891 12646 12672 D SettingsProvider: selectionArgs: false
03-19 15:58:34.891 12646 12672 D SecContentProvider: query(), uri = 17 selection = isSettingsChangesAllowed
03-19 15:58:34.891 12646 12672 D SettingsProvider: selectionArgs: 10067
03-19 15:58:34.891 12646 12672 D SettingsProvider: ret = -1
03-19 15:58:34.891  9336  9336 D Launcher.HomeView: onResume
03-19 15:58:34.901  9336  9336 D capture : ---------checkFileExist land
03-19 15:58:34.901  9336  9336 D MenuAppsGridFragment: onResume
03-19 15:58:34.901  9336  9336 D MenuAppsGridFragment: changeState: (new)NORMAL(old)NORMAL(force)false
03-19 15:58:34.901  9336  9336 D Launcher.MenuAppsGrid: onConfigurationChanged MobileKeyboardChanged : false
03-19 15:58:34.901  9336  9336 D Launcher.MenuAppsGrid: updateGridSize:GRID_4x4 cellWidth:348  cellHeight:432
03-19 15:58:34.911  9336  9336 W ResourcesManager: getTopLevelResources: /system/app/SPlanner_M/SPlanner_M.apk / 1.0 running in com.sec.android.app.launcher rsrc of package com.android.calendar
03-19 15:58:34.921  9336  9336 D ResourcesManager: For user 0 new overlays fetched Null
03-19 15:58:34.921  9336  9336 D ApplicationPackageManager: we has com.android.calendar class. reuse it 
03-19 15:58:34.921  9336  9336 W ResourcesManager: getTopLevelResources: /system/app/SPlanner_M/SPlanner_M.apk / 1.0 running in com.sec.android.app.launcher rsrc of package com.android.calendar
03-19 15:58:34.921  9336  9336 D Minikin : FontFamily bestFont == NULL, so return vacant FakedFont
03-19 15:58:34.921  9336  9336 D Minikin : FontFamily bestFont == NULL, so return vacant FakedFont
03-19 15:58:34.921  9336  9336 D Minikin : FontFamily bestFont == NULL, so return vacant FakedFont
03-19 15:58:34.941  3018  3018 I SurfaceFlinger: id=356 createSurf (1440x2560),1 flag=4, MauncherAct
03-19 15:58:34.941 12646 12735 D StatusBarManagerService: manageDisableList userId=0 what=0x0 pkg=Window{11f77f0 u0 d0 com.sec.android.app.launcher/com.sec.android.app.launcher.activities.LauncherActivity}
03-19 15:58:34.941 13034 13034 D PhoneStatusBar: setSystemUiVisibility vis=8600 mask=ffffffff oldVal=8700 newVal=8600 diff=100
03-19 15:58:34.941 12646 12672 D InputDispatcher: Focus entered window: 9336
03-19 15:58:34.941 12646 12776 D PointerIcon: setMouseIconStyle1 pointerType: 1001 iconType:101 flag:0 pid:12646 uid:1000
03-19 15:58:34.941 12646 12776 D PointerIcon: setMouseCustomIcon IconType is same.101
03-19 15:58:34.941  9336  9380 D mali_winsys: new_window_surface returns 0x3000,  [1440x2560]-format:1
03-19 15:58:34.951 12646 13077 D InputMethodManagerService: windowGainedFocus mCurrentFocusedUserId - 0 and mSecureKeypadEnabled-false
03-19 15:58:34.951  9420  9420 D SamsungIME: IMPL finishInput
03-19 15:58:34.951  9420  9420 D SamsungIME: SwiftKeyWrapper writeDBdataToFileOnFinishInput
03-19 15:58:34.951  9420  9420 D SamsungIME: saveAndClear +
03-19 15:58:34.951  9420  9420 D SamsungIME: saveAndClear -
03-19 15:58:34.951  9420  9420 D SamsungIME: onStartInput: No inputType, No imeOption, isInputViewShown = false, isExtractViewShown = false, isShowInputRequested = false, isConfigChanged = false
03-19 15:58:34.971 12646 13075 V WindowStateAnimator: Finishing drawing window Window{11f77f0 u0 d0 com.sec.android.app.launcher/com.sec.android.app.launcher.activities.LauncherActivity}: mDrawState=DRAW_PENDING
03-19 15:58:34.971  3018  3018 D libEGL  : eglInitialize EGLDisplay = 0x7fd9e76818
03-19 15:58:34.971  9336  9336 I Timeline: Timeline: Activity_idle id: android.os.BinderProxy@2d3ceb6 time:15388897
03-19 15:58:34.991  9310  9320 W Binder  : Caught a RuntimeException from the binder stub implementation.
03-19 15:58:34.991  9310  9320 W Binder  : java.lang.NullPointerException: Attempt to invoke virtual method 'boolean android.os.Handler.post(java.lang.Runnable)' on a null object reference
03-19 15:58:34.991  9310  9320 W Binder  : 	at android.app.ActivityOptions$1.sendResult(ActivityOptions.java:284)
03-19 15:58:34.991  9310  9320 W Binder  : 	at android.os.IRemoteCallback$Stub.onTransact(IRemoteCallback.java:56)
03-19 15:58:34.991  9310  9320 W Binder  : 	at android.os.Binder.execTransact(Binder.java:453)
03-19 15:58:34.991  3018  3018 D libEGL  : eglInitialize EGLDisplay = 0x7fd9e76818
03-19 15:58:35.141 12646 12776 D CustomFrequencyManagerService: releaseDVFSLockLocked : Getting Lock type frm List : DVFS_MIN_LIMIT  frequency : 1800000  uid : 1000  pid : 12646  tag : ACTIVITY_RESUME_BOOSTER@3
03-19 15:58:35.141 12646 12776 D ActivityManager: mDVFSHelper.release()
03-19 15:58:35.141 12646 12776 I Timeline: Timeline: Activity_windows_visible id: ActivityRecord{943d1dc u0 com.sec.android.app.launcher/.activities.LauncherActivity t68} time:15389063
03-19 15:58:35.171 12646 12734 D CustomFrequencyManagerService: acquireDVFSLockLocked : type : DVFS_MIN_LIMIT  frequency : 1800000  uid : 1000  pid : 12646  pkgName : ACTIVITY_RESUME_BOOSTER@9
03-19 15:58:35.181  3018  3254 D libEGL  : eglTerminate EGLDisplay = 0x7f87640e78
03-19 15:58:35.181  3018  3254 D libEGL  : eglTerminate EGLDisplay = 0x7f87640e78
03-19 15:58:35.181  3018  4493 I SurfaceFlinger: id=354 Removed TeparatedRe (7/9)
03-19 15:58:35.181  3018  3257 I SurfaceFlinger: id=354 Removed TeparatedRe (-2/9)
03-19 15:58:35.181  9310  9310 D Recents_RecentsActivity: onStop
03-19 15:58:35.191  9310  9310 V ActivityThread: updateVisibility : ActivityRecord{743a207 token=android.os.BinderProxy@a6e569 {com.android.systemui/com.android.systemui.recents.SeparatedRecentsActivity}} show : false
03-19 15:58:35.191  3018  3018 D libEGL  : eglTerminate EGLDisplay = 0x7fd9e76948
03-19 15:58:35.191 12646 15972 D SSRM:n  : SIOP:: AP = 410, PST = 350 (W:10), CP = 279, CUR = 115, LCD = 161
03-19 15:58:35.221 12646 15972 D ConnectivityService: returning getNetworkInfo for network type 1 : [type: WIFI[] - WIFI, state: CONNECTED/CONNECTED, reason: (unspecified), extra: "Wireless", roaming: false, failover: false, isAvailable: true]
03-19 15:58:35.481 12646 12646 D CustomFrequencyManagerService: releaseDVFSLockLocked : Getting Lock type frm List : DVFS_MIN_LIMIT  frequency : 1800000  uid : 1000  pid : 12646  tag : ACTIVITY_RESUME_BOOSTER@9
03-19 15:58:35.541 12646 12933 D InputReader: Input event(4): value=1 when=15389462303000
03-19 15:58:35.541 12646 12933 D InputReader: Input event(4): value=1 when=15389462303000
03-19 15:58:35.541 12646 12933 I InputReader: Touch event's action is 0x0 (deviceType=0) [pCnt=1, s=0.436 ] when=15389462303000
03-19 15:58:35.541 12646 12933 D InputReader: lastThreadEndTime = 15388581639960, currentThreadStartTime = 15388581643585, diff = 0
03-19 15:58:35.541 12646 12932 I InputDispatcher: Delivering touch to (13034): action: 0x4, toolType: 1
03-19 15:58:35.541 12646 12932 I InputDispatcher: Delivering touch to (9336): action: 0x0, toolType: 1
03-19 15:58:35.541 12646 12932 I InputDispatcher: Delivering touch to (13034): action: 0x0, toolType: 1
03-19 15:58:35.541  9336  9336 D ViewRootImpl: ViewPostImeInputStage processPointer 0
03-19 15:58:35.571  3018  3018 D libEGL  : eglInitialize EGLDisplay = 0x7fd9e76818
03-19 15:58:35.641 12646 12933 D InputReader: Input event(4): value=0 when=15389564280000
03-19 15:58:35.641 12646 12933 D InputReader: Input event(4): value=0 when=15389564280000
03-19 15:58:35.641 12646 12933 I InputReader: Touch event's action is 0x1 (deviceType=0) [pCnt=1, s=] when=15389564280000
03-19 15:58:35.641 12646 12932 I InputDispatcher: Delivering touch to (9336): action: 0x1, toolType: 1
03-19 15:58:35.641 12646 12932 I InputDispatcher: Delivering touch to (13034): action: 0x1, toolType: 1
03-19 15:58:35.641  9336  9336 D ViewRootImpl: ViewPostImeInputStage processPointer 1
03-19 15:58:35.641  9336  9336 D capture : ----destroy
03-19 15:58:35.641  9336  9336 D Launcher.Workspace: exitWidgetResizeMode. isClearResizeFrame is false
03-19 15:58:35.641  9336  9336 D MenuView: MenuView collectShowAllAppsAnimators
03-19 15:58:35.641  9336  9336 D Launcher.HomeView: HomeView collectShowAllAppsAnimators
03-19 15:58:35.641  9336  9336 D Launcher.MenuAppsGrid: onConfigurationChanged MobileKeyboardChanged : false
03-19 15:58:35.641  9336  9336 D Launcher.MenuAppsGrid: updateGridSize:GRID_4x4 cellWidth:348  cellHeight:432
03-19 15:58:35.661  9336  9336 D Launcher.MenuAppsGrid: handleStateChange: (new)NORMAL(old)UNKNOWN
03-19 15:58:35.671  9420  9420 D SamsungIME: IMPL finishInput
03-19 15:58:35.671  9420  9420 D SamsungIME: SwiftKeyWrapper writeDBdataToFileOnFinishInput
03-19 15:58:35.671  9420  9420 D SamsungIME: saveAndClear +
03-19 15:58:35.671  9420  9420 D SamsungIME: saveAndClear -
03-19 15:58:35.671  9420  9420 D SamsungIME: onStartInput: No inputType, No imeOption, isInputViewShown = false, isExtractViewShown = false, isShowInputRequested = false, isConfigChanged = false
03-19 15:58:35.771 12646 12671 D BatteryService: !@BatteryListener : batteryPropertiesChanged!
03-19 15:58:35.771 12646 12671 D BatteryService: level:71, scale:100, status:2, health:2, present:true, voltage: 3891, temperature: 303, technology: Li-ion, AC powered:false, USB powered:true, POGO powered:false, Wireless powered:false, icon:17303414, invalid charger:0, maxChargingCurrent:0
03-19 15:58:35.771 12646 12671 D BatteryService: online:4, current avg:-137, charge type:1, power sharing:false, high voltage charger:false, capacity:280000, batterySWSelfDischarging:false, current_now:-797
03-19 15:58:35.771 12646 12646 D BatteryService: Sending ACTION_BATTERY_CHANGED.
03-19 15:58:35.771 12646 12646 I MotionRecognitionService: Plugged
03-19 15:58:35.771 12646 12646 E MotionRecognitionService: support TA ~
03-19 15:58:35.771 12646 12646 I MotionRecognitionService: isTAConnected | current backoffstate  = 33792
03-19 15:58:35.771 12646 12646 D MotionRecognitionService:  TA connected ,  33792
03-19 15:58:35.771 12646 12646 I MotionRecognitionService: skip setTransmitPower. 
03-19 15:58:35.771 12646 12646 D MotionRecognitionService:   cableConnection= 1
03-19 15:58:35.771 12646 12646 D MotionRecognitionService: setPowerConnected | current backoffstate  = 33792 , state =33792
03-19 15:58:35.771 12646 12646 D MotionRecognitionService: skip setTransmitPower. 
03-19 15:58:35.771 13034 13034 D KeyguardUpdateMonitor: received broadcast android.intent.action.BATTERY_CHANGED
03-19 15:58:35.771 13034 13034 D PowerUI : priorPlugType = 2 mPlugType =  2
03-19 15:58:35.771 13034 13034 D KeyguardUpdateMonitor: handleBatteryUpdate
03-19 15:58:35.771 13034 13034 D PowerUI.Notification: showChargingNotice oldChargingType : 1 currentChargingType : 1 oldChargingTime : 6322000 mChargingTime : 6322000
03-19 15:58:35.771 13034 13034 D PowerUI.Notification: There is no change about charging status, so return!
03-19 15:58:35.771 13034 13034 D BatteryMeterView: ACTION_BATTERY_CHANGED : level:71 status:2 health:2
03-19 15:58:35.801 13034 13034 D BatteryMeterView: ACTION_BATTERY_CHANGED : level:71 status:2 health:2
03-19 15:58:35.881  9310  9310 D Recents : onTaskStackChanged
03-19 15:58:36.061  9336  9336 D Launcher: finishShowAllApps
03-19 15:58:37.061 12646 12933 D InputReader: Input event(4): value=1 when=15390988741000
03-19 15:58:37.061 12646 12933 D InputReader: Input event(4): value=1 when=15390988741000
03-19 15:58:37.061 12646 12933 I InputReader: Touch event's action is 0x0 (deviceType=0) [pCnt=1, s=0.437 ] when=15390988741000
03-19 15:58:37.061 12646 12933 D InputReader: lastThreadEndTime = 15389564444169, currentThreadStartTime = 15389564444794, diff = 0
03-19 15:58:37.061 12646 12932 I InputDispatcher: Delivering touch to (13034): action: 0x4, toolType: 1
03-19 15:58:37.061 12646 12932 I InputDispatcher: Delivering touch to (9336): action: 0x0, toolType: 1
03-19 15:58:37.061 12646 12932 I InputDispatcher: Delivering touch to (13034): action: 0x0, toolType: 1
03-19 15:58:37.061  9336  9336 D ViewRootImpl: ViewPostImeInputStage processPointer 0
03-19 15:58:37.091  9336  9336 I Launcher.PagedView: determineScrollingStart : mTouchState=0, mIsPageMoving=false
03-19 15:58:37.111  9336  9336 I Launcher.PagedView: determineScrollingStart : mTouchState=0, mIsPageMoving=false
03-19 15:58:37.131  9336  9336 I Launcher.PagedView: determineScrollingStart : mTouchState=0, mIsPageMoving=false
03-19 15:58:37.141  9336  9336 I Launcher.PagedView: determineScrollingStart : mTouchState=0, mIsPageMoving=false
03-19 15:58:37.161  9336  9336 I Launcher.PagedView: determineScrollingStart : mTouchState=0, mIsPageMoving=false
03-19 15:58:37.181  9336  9336 I Launcher.PagedView: determineScrollingStart : mTouchState=0, mIsPageMoving=false
03-19 15:58:37.181 12646 12933 D InputReader: Input event(4): value=0 when=15391102704000
03-19 15:58:37.181 12646 12933 D InputReader: Input event(4): value=0 when=15391102704000
03-19 15:58:37.181 12646 12933 I InputReader: Touch event's action is 0x1 (deviceType=0) [pCnt=1, s=] when=15391102704000
03-19 15:58:37.181 12646 12932 I InputDispatcher: Delivering touch to (9336): action: 0x1, toolType: 1
03-19 15:58:37.181 12646 12932 I InputDispatcher: Delivering touch to (13034): action: 0x1, toolType: 1
03-19 15:58:37.181  9336  9336 D ViewRootImpl: ViewPostImeInputStage processPointer 1
03-19 15:58:37.201 12646 13607 D CustomFrequencyManagerService: acquireDVFSLockLocked : type : DVFS_MIN_LIMIT  frequency : 2100000  uid : 1000  pid : 12646  pkgName : LAUNCHER_APP_BOOSTER_CPU@7
03-19 15:58:37.201  9336  9336 I Timeline: Timeline: Activity_launch_request id:org.mozilla.firefox time:15391128
03-19 15:58:37.201 12646 13701 I PersonaManager: mKnoxInfo is empty
03-19 15:58:37.211 12646 13701 D GameManagerService: identifyGamePackage. org.mozilla.firefox
03-19 15:58:37.211 12646 13701 D MultiWindowPolicy: Gamemode - return 0,  when calling  identifyForegroundApp(org.mozilla.firefox)
03-19 15:58:37.211 12646 13701 D CustomFrequencyManagerService: acquireDVFSLockLocked : type : DVFS_MIN_LIMIT  frequency : 1800000  uid : 1000  pid : 12646  pkgName : ACTIVITY_RESUME_BOOSTER@3
03-19 15:58:37.211 12646 13701 D ActivityManager: mDVFSHelper.acquire()
03-19 15:58:37.211 12646 13701 D FocusedStackFrame: Set to : 0
03-19 15:58:37.211 12646 13701 V WindowManager: addAppToken: AppWindowToken{c0e36ed token=Token{1c3e104 ActivityRecord{2321917 u0 org.mozilla.firefox/.App t87}}} to stack=1 task=87 at 0
03-19 15:58:37.211 12646 13701 D InputDispatcher: Focused application set to: xxxx
03-19 15:58:37.211 12646 13701 D InputDispatcher: Focus left window: 9336
03-19 15:58:37.211  9336  9336 D Launcher: onPause, Launcher: 147219868
03-19 15:58:37.211  9336  9336 D Launcher.HomeView: onPause
03-19 15:58:37.211  9336  9336 D Launcher.Workspace: exitWidgetResizeMode. isClearResizeFrame is false
03-19 15:58:37.211 12646 12776 D PointerIcon: setMouseIconStyle1 pointerType: 1001 iconType:101 flag:0 pid:12646 uid:1000
03-19 15:58:37.211 12646 12776 D PointerIcon: setMouseCustomIcon IconType is same.101
03-19 15:58:37.211 12646 12734 V BroadcastQueue: [background] Process cur broadcast BroadcastRecord{f17c922 u0 com.samsung.android.providers.context.log.action.USE_APP_FEATURE_SURVEY qIdx=4}, state= (APP_RECEIVE) DELIVERED for app ProcessRecord{39de143 14703:com.samsung.android.providers.context/u0a1}
03-19 15:58:37.221 14306 14306 E Zygote  : v2
03-19 15:58:37.221 14306 14306 I libpersona: KNOX_SDCARD checking this for 10117
03-19 15:58:37.221 14306 14306 I libpersona: KNOX_SDCARD not a persona
03-19 15:58:37.221 14306 14306 W SELinux : Function: selinux_compare_spd_ram, index[1], priority [2], priority version is VE=SEPF_SECMOBILE_6.0.1_0003
03-19 15:58:37.221 14306 14306 E Zygote  : accessInfo : 0
03-19 15:58:37.221 14306 14306 W SELinux : SELinux: seapp_context_lookup: seinfo=default, level=s0:c512,c768, pkgname=org.mozilla.firefox 
03-19 15:58:37.231 12646 12672 I ActivityManager: Start proc 14306:org.mozilla.firefox/u0a117 for activity org.mozilla.firefox/.App
03-19 15:58:37.231 12646 12956 D NetworkPolicy: isUidForegroundLocked: 10117, mScreenOn: true, uidstate: -1, mProxSensorScreenOff: false
03-19 15:58:37.231 12646 12956 D NetworkPolicy: isUidForegroundLocked: 10117, mScreenOn: true, uidstate: 16, mProxSensorScreenOff: false
03-19 15:58:37.231 12646 13077 D ActivityManager:  Launching org.mozilla.firefox, updated priority
03-19 15:58:37.241 12646 12646 D GameManagerService: NotifyRunnable. pkg: org.mozilla.firefox, type: 4, isMinimized: false, isTunableApp: false
03-19 15:58:37.241 12646 12734 V MARsPolicyManager: updatePackagesScore PackageInfo name -- org.mozilla.firefox
03-19 15:58:37.241 12646 15972 D GameManagerService: identifyGamePackage. org.mozilla.firefox
03-19 15:58:37.241 12646 12956 D NetworkPolicy: isUidForegroundLocked: 10117, mScreenOn: true, uidstate: 2, mProxSensorScreenOff: false
03-19 15:58:37.241 12646 15972 D GameManagerService: identifyGamePackage. org.mozilla.firefox
03-19 15:58:37.241 14306 14306 W ResourcesManager: getTopLevelResources: /data/app/org.mozilla.firefox-1/base.apk / 1.0 running in org.mozilla.firefox rsrc of package org.mozilla.firefox
03-19 15:58:37.251 12646 12953 I InjectionManagerService -AppFeature: getCoreFeaturePkgList :[]
03-19 15:58:37.251 14306 14306 I InjectionManager: Inside getClassLibPath + mLibMap{0=, 1=}
03-19 15:58:37.251 14306 14306 D ResourcesManager: For user 0 new overlays fetched Null
03-19 15:58:37.251 14306 14306 I InjectionManager: Inside getClassLibPath caller 
03-19 15:58:37.271 12646 15972 D ConnectivityService: returning getNetworkInfo for network type 1 : [type: WIFI[] - WIFI, state: CONNECTED/CONNECTED, reason: (unspecified), extra: "Wireless", roaming: false, failover: false, isAvailable: true]
03-19 15:58:37.281 12646 15972 D ConnectivityService: returning getNetworkInfo for network type 1 : [type: WIFI[] - WIFI, state: CONNECTED/CONNECTED, reason: (unspecified), extra: "Wireless", roaming: false, failover: false, isAvailable: true]
03-19 15:58:37.281 12646 15972 D GameManagerService: identifyGamePackage. org.mozilla.firefox
03-19 15:58:37.301 14306 14306 I MultiDex: VM with version 2.1.0 has multidex support
03-19 15:58:37.301 14306 14306 I MultiDex: Installing application
03-19 15:58:37.301 14306 14306 I MultiDex: VM has multidex support, MultiDex support library is disabled.
03-19 15:58:37.321 14306 14306 W ResourcesManager: getTopLevelResources: /data/app/org.mozilla.firefox-1/base.apk / 1.0 running in org.mozilla.firefox rsrc of package org.mozilla.firefox
03-19 15:58:37.321 14306 14306 I GeckoApplication: zerdatime 140978546 - application start
03-19 15:58:37.361 14306 14306 I art     : Rejecting re-init on previously-failed class java.lang.Class<android.support.v4.app.JobIntentService$JobServiceEngineImpl>
03-19 15:58:37.361 14306 14306 I art     : Rejecting re-init on previously-failed class java.lang.Class<android.support.v4.app.JobIntentService$JobServiceEngineImpl>
03-19 15:58:37.371 14306 14306 D InjectionManager: InjectionManager
03-19 15:58:37.371 14306 14306 D InjectionManager: fillFeatureStoreMap org.mozilla.firefox
03-19 15:58:37.371 14306 14306 I InjectionManager: Constructor org.mozilla.firefox, Feature store :{}
03-19 15:58:37.371 14306 14306 I InjectionManager: featureStore :{}
03-19 15:58:37.371 14306 14306 W ResourcesManager: getTopLevelResources: /data/app/org.mozilla.firefox-1/base.apk / 1.0 running in org.mozilla.firefox rsrc of package org.mozilla.firefox
03-19 15:58:37.391 14306 14323 V MediaPlayer: decode(21, 8764500, 5795)
03-19 15:58:37.391 14306 14306 I Timeline: Timeline: Activity_launch_request id:org.mozilla.firefox time:15391313
03-19 15:58:37.391 12646 13641 I PersonaManager: mKnoxInfo is empty
03-19 15:58:37.391 12289 13893 D OggExtractor:  correct time not found. Let's use approximate value
03-19 15:58:37.391 12289 13893 I OggExtractor: OggSource::OggSource() mExtractor ref count = 4
03-19 15:58:37.391 12646 13641 D GameManagerService: identifyGamePackage. org.mozilla.firefox
03-19 15:58:37.391 12646 13641 D MultiWindowPolicy: Gamemode - return 0,  when calling  identifyForegroundApp(org.mozilla.firefox)
03-19 15:58:37.391 12646 13641 D CustomFrequencyManagerService: releaseDVFSLockLocked : Getting Lock type frm List : DVFS_MIN_LIMIT  frequency : 1800000  uid : 1000  pid : 12646  tag : ACTIVITY_RESUME_BOOSTER@3
03-19 15:58:37.391 12646 13641 D CustomFrequencyManagerService: acquireDVFSLockLocked : type : DVFS_MIN_LIMIT  frequency : 1800000  uid : 1000  pid : 12646  pkgName : ACTIVITY_RESUME_BOOSTER@3
03-19 15:58:37.391 12646 13641 D CustomFrequencyManagerService: FrequencyrequestList.getNextCStateDisableRequest, index: 0
03-19 15:58:37.391 12646 13641 D ActivityManager: mDVFSHelper.acquire()
03-19 15:58:37.391 12646 13641 V WindowManager: addAppToken: AppWindowToken{a6456a5 token=Token{4d44c9c ActivityRecord{b49140f u0 org.mozilla.firefox/org.mozilla.gecko.BrowserApp t88}}} to stack=1 task=88 at 0
03-19 15:58:37.391 12646 13641 D InputDispatcher: Focused application set to: xxxx
03-19 15:58:37.391 12289 13893 I OMXCodec: Attempting to allocate OMX node 'OMX.google.vorbis.decoder'
03-19 15:58:37.391 14306 14306 D Activity: performCreate Call Injection manager
03-19 15:58:37.401 12646 13643 V WindowOrientationListener: setCurrentAppOrientation :-1
03-19 15:58:37.401 12646 13643 V WindowManager: rotationForOrientationLw(orient=-1, last=0); user=0 USER_ROTATION_LOCKED sensorRotation=-1 mLidState=-1 mDockMode=0 mHdmiPlugged=false mMobileKeyboardEnabled=false displayId=0
03-19 15:58:37.401 12646 12776 D ViewRootImpl: #1 mView = com.android.internal.policy.PhoneWindow$DecorView{bf57607 V.E...... R.....ID 0,0-0,0}
03-19 15:58:37.401 12646 12776 D SecWifiDisplayUtil: Metadata value : SecSettings2
03-19 15:58:37.401 12646 12646 D GameManagerService: NotifyRunnable. pkg: org.mozilla.firefox, type: 4, isMinimized: false, isTunableApp: false
03-19 15:58:37.401 12646 12776 D ISSUE_DEBUG: InputChannelName : 2f7b55d Starting org.mozilla.firefox
03-19 15:58:37.401 12646 12734 V MARsPolicyManager: updatePackagesScore PackageInfo name -- org.mozilla.firefox
03-19 15:58:37.411  3018  3018 I SurfaceFlinger: id=357 createSurf (1x1),1 flag=404, girefox
03-19 15:58:37.421 12289 13893 I OMXCodec: Successfully allocated OMX node 'OMX.google.vorbis.decoder'
03-19 15:58:37.421 12289 13893 I OMXCodec: >>>UHQA initOutputFormat 16
03-19 15:58:37.421 12289 13893 I OMXCodec: [OMX.google.vorbis.decoder] OMXCodec::start mState=1
03-19 15:58:37.421 12289 13893 I OMXCodec: [OMX.google.vorbis.decoder] allocating 4 buffers of size 8192 on input port
03-19 15:58:37.421 12289 13893 I OMXCodec: [OMX.google.vorbis.decoder] allocating 4 buffers of size 32768 on output port
03-19 15:58:37.421 12289 14329 I OMXCodec: [OMX.google.vorbis.decoder] Now Idle. Component sends idle done Event 
03-19 15:58:37.421 12289 14329 I OMXCodec: [OMX.google.vorbis.decoder] 0onCmdComplete  mState =  7
03-19 15:58:37.421 12289 14329 I OMXCodec: [OMX.google.vorbis.decoder] PORT_DISABLED(1)
03-19 15:58:37.421 12289 14329 I OMXCodec: >>>UHQA initOutputFormat 16
03-19 15:58:37.421 12289 14329 I OMXCodec: [OMX.google.vorbis.decoder] allocating 4 buffers of size 32768 on output port
03-19 15:58:37.421 12289 14329 I OMXCodec: [OMX.google.vorbis.decoder] End Of Stream
03-19 15:58:37.421 12289 13893 I SoundExtractor: extract() reached EOS
03-19 15:58:37.421 12289 13893 I OMXCodec: [OMX.google.vorbis.decoder] stop mState=4
03-19 15:58:37.421 12289 13893 I OMXCodec: [OMX.google.vorbis.decoder] stop() sendCommand(101, OMX_CommandStateSet, OMX_StateIdle)
03-19 15:58:37.421 12289 14329 I OMXCodec: [OMX.google.vorbis.decoder] Now Idle. Component sends idle done Event 
03-19 15:58:37.421 12289 13893 I OMXCodec: [OMX.google.vorbis.decoder] stopOmxComponent_l() mstate = 1
03-19 15:58:37.421 12289 13893 I OggExtractor: OggSource::stop() mExtractor ref count = 1
03-19 15:58:37.421 12289 13893 I OggExtractor: OggSource::~OggSource() mExtractor !mStarted ref count = 1
03-19 15:58:37.421 12289 13893 I OggExtractor: ~OggSource --
03-19 15:58:37.421 12289 13893 I OggExtractor: ~OggExtractor ++
03-19 15:58:37.421 12289 13893 I OggExtractor: ~MyOggExtractor ++ 
03-19 15:58:37.421 12289 13893 I OggExtractor: ~MyOggExtractor --
03-19 15:58:37.421 12289 13893 I OggExtractor: ~OggExtractor --
03-19 15:58:37.431 12646 12776 D ViewRootImpl: MSG_RESIZED_REPORT: ci=Rect(0, 96 - 0, 0) vi=Rect(0, 96 - 0, 0) or=1
03-19 15:58:37.441 12646 12776 V WindowStateAnimator: Finishing drawing window Window{2f7b55d u0 d0 Starting org.mozilla.firefox}: mDrawState=DRAW_PENDING
03-19 15:58:37.441  3018  3018 D libEGL  : eglInitialize EGLDisplay = 0x7fd9e76818
03-19 15:58:37.441 12646 12735 D StatusBarManagerService: manageDisableList userId=0 what=0x0 pkg=Window{2f7b55d u0 d0 Starting org.mozilla.firefox}
03-19 15:58:37.451  3018  3257 D libEGL  : eglTerminate EGLDisplay = 0x7f85bfee78
03-19 15:58:37.451  3018  3257 D libEGL  : eglTerminate EGLDisplay = 0x7f85bfee78
03-19 15:58:37.461 14306 14306 W ResourcesManager: getTopLevelResources: /data/app/org.mozilla.firefox-1/base.apk / 1.0 running in org.mozilla.firefox rsrc of package org.mozilla.firefox
03-19 15:58:37.461 14306 14306 W ResourcesManager: getTopLevelResources: /data/app/org.mozilla.firefox-1/base.apk / 1.0 running in org.mozilla.firefox rsrc of package org.mozilla.firefox
03-19 15:58:37.471 12646 12798 D PackageManager: [MSG] SEND_PENDING_BROADCAST
03-19 15:58:37.471 14306 14331 V MediaPlayer: decode(22, 8764500, 5795)
03-19 15:58:37.471 12289 12931 D OggExtractor:  correct time not found. Let's use approximate value
03-19 15:58:37.471 12289 12931 I OggExtractor: OggSource::OggSource() mExtractor ref count = 4
03-19 15:58:37.471 12289 12931 I OMXCodec: Attempting to allocate OMX node 'OMX.google.vorbis.decoder'
03-19 15:58:37.471 12289 12931 I OMXCodec: Successfully allocated OMX node 'OMX.google.vorbis.decoder'
03-19 15:58:37.471 12289 12931 I OMXCodec: >>>UHQA initOutputFormat 16
03-19 15:58:37.471 12289 12931 I OMXCodec: [OMX.google.vorbis.decoder] OMXCodec::start mState=1
03-19 15:58:37.471 12289 12931 I OMXCodec: [OMX.google.vorbis.decoder] allocating 4 buffers of size 8192 on input port
03-19 15:58:37.471 12289 12931 I OMXCodec: [OMX.google.vorbis.decoder] allocating 4 buffers of size 32768 on output port
03-19 15:58:37.471 12289 14333 I OMXCodec: [OMX.google.vorbis.decoder] Now Idle. Component sends idle done Event 
03-19 15:58:37.471 12289 14333 I OMXCodec: [OMX.google.vorbis.decoder] 0onCmdComplete  mState =  7
03-19 15:58:37.471 12289 14333 I OMXCodec: [OMX.google.vorbis.decoder] PORT_DISABLED(1)
03-19 15:58:37.471 12289 14333 I OMXCodec: >>>UHQA initOutputFormat 16
03-19 15:58:37.471 12289 14333 I OMXCodec: [OMX.google.vorbis.decoder] allocating 4 buffers of size 32768 on output port
03-19 15:58:37.471 12646 12646 W ResourcesManager: getTopLevelResources: /data/app/com.google.android.gms-1/base.apk / 1.0 running in null rsrc of package com.google.android.gms
03-19 15:58:37.471 12289 14333 I OMXCodec: [OMX.google.vorbis.decoder] End Of Stream
03-19 15:58:37.471 12289 12931 I SoundExtractor: extract() reached EOS
03-19 15:58:37.471 12289 12931 I OMXCodec: [OMX.google.vorbis.decoder] stop mState=4
03-19 15:58:37.471 12289 12931 I OMXCodec: [OMX.google.vorbis.decoder] stop() sendCommand(102, OMX_CommandStateSet, OMX_StateIdle)
03-19 15:58:37.471 12289 14333 I OMXCodec: [OMX.google.vorbis.decoder] Now Idle. Component sends idle done Event 
03-19 15:58:37.471 12289 12931 I OMXCodec: [OMX.google.vorbis.decoder] stopOmxComponent_l() mstate = 1
03-19 15:58:37.471 12289 12931 I OggExtractor: OggSource::stop() mExtractor ref count = 1
03-19 15:58:37.471 12289 12931 I OggExtractor: OggSource::~OggSource() mExtractor !mStarted ref count = 1
03-19 15:58:37.471 12289 12931 I OggExtractor: ~OggSource --
03-19 15:58:37.471 12289 12931 I OggExtractor: ~OggExtractor ++
03-19 15:58:37.471 12289 12931 I OggExtractor: ~MyOggExtractor ++ 
03-19 15:58:37.471 12289 12931 I OggExtractor: ~MyOggExtractor --
03-19 15:58:37.471 12289 12931 I OggExtractor: ~OggExtractor --
03-19 15:58:37.481 13034 13034 D ShortcutManager: onReceive : android.intent.action.PACKAGE_CHANGED
03-19 15:58:37.481 12646 12776 W ResourcesManager: getTopLevelResources: /system/priv-app/InputDevices/InputDevices.apk / 1.0 running in null rsrc of package com.android.inputdevices
03-19 15:58:37.481 12646 12728 W ResourcesManager: getTopLevelResources: /system/priv-app/SecSettings2/SecSettings2.apk / 1.0 running in null rsrc of package com.android.settings
03-19 15:58:37.481 12646 12646 D ResourcesManager: For user 0 new overlays fetched Null
03-19 15:58:37.481 12646 12776 D ResourcesManager: For user 0 new overlays fetched Null
03-19 15:58:37.481 12646 12776 W ResourcesManager: getTopLevelResources: /system/priv-app/InputDevices/InputDevices.apk / 1.0 running in null rsrc of package com.android.inputdevices
03-19 15:58:37.481 12646 12728 W ResourcesManager: getTopLevelResources: /system/priv-app/SecEmail_M/SecEmail_M.apk / 1.0 running in null rsrc of package com.samsung.android.email.provider
03-19 15:58:37.481 12646 12646 W ResourcesManager: getTopLevelResources: /data/app/com.google.android.gms-1/base.apk / 1.0 running in null rsrc of package com.google.android.gms
03-19 15:58:37.481 12646 12933 I InputReader: Reconfiguring input devices.  changes=0x00000010
03-19 15:58:37.481 12646 12728 D ResourcesManager: For user 0 new overlays fetched Null
03-19 15:58:37.491 12831 12852 D Documents: Update found 7 roots in 0ms
03-19 15:58:37.491 12646 13075 I PersonaManager: mKnoxInfo is empty
03-19 15:58:37.491 12646 12734 V BroadcastQueue: [background] Process cur broadcast BroadcastRecord{69d1eff u0 android.intent.action.PACKAGE_CHANGED qIdx=4}, state= (APP_RECEIVE) DELIVERED for app ProcessRecord{89214cc 9655:android.process.acore/u0a11}
03-19 15:58:37.491 12646 12728 W ResourcesManager: getTopLevelResources: /system/priv-app/SecEmail_M/SecEmail_M.apk / 1.0 running in null rsrc of package com.samsung.android.email.provider
03-19 15:58:37.491 12646 12646 W ResourcesManager: getTopLevelResources: /system/priv-app/SNS_v2/SNS_v2.apk / 1.0 running in null rsrc of package com.sec.android.app.sns3
03-19 15:58:37.491 12646 12728 W ResourcesManager: getTopLevelResources: /system/priv-app/SecMyFiles/SecMyFiles.apk / 1.0 running in null rsrc of package com.sec.android.app.myfiles
03-19 15:58:37.491 12646 12728 D ResourcesManager: For user 0 new overlays fetched Null
03-19 15:58:37.491 12646 12728 W ResourcesManager: getTopLevelResources: /system/priv-app/SecMyFiles/SecMyFiles.apk / 1.0 running in null rsrc of package com.sec.android.app.myfiles
03-19 15:58:37.491 13539 13539 I PersonaManager: mKnoxInfo is empty
03-19 15:58:37.491 12646 12728 W ResourcesManager: getTopLevelResources: /system/priv-app/SecMms_Epic_Common/SecMms_Epic_Common.apk / 1.0 running in null rsrc of package com.android.mms
03-19 15:58:37.491 13539 13539 I PersonaManager: mKnoxInfo is empty
03-19 15:58:37.491  9310  9310 I Recents_MultiWindowAppListInfo: android.intent.action.PACKAGE_CHANGED
03-19 15:58:37.491 14306 14334 D GeckoSharedPrefs: Current version = 0, prefs version = 2
03-19 15:58:37.491 14306 14334 D GeckoSharedPrefs: Performing migration
03-19 15:58:37.491 13539 13539 I PersonaManager: mKnoxInfo is empty
03-19 15:58:37.491 12646 12728 D ResourcesManager: For user 0 new overlays fetched Null
03-19 15:58:37.491 13539 13539 W ResourcesManager: getTopLevelResources: /data/app/com.google.android.gms-1/base.apk / 1.0 running in com.android.nfc rsrc of package com.google.android.gms
03-19 15:58:37.491 12646 12728 W ResourcesManager: getTopLevelResources: /system/priv-app/SecMms_Epic_Common/SecMms_Epic_Common.apk / 1.0 running in null rsrc of package com.android.mms
03-19 15:58:37.501 12646 12646 D ResourcesManager: For user 0 new overlays fetched Null
03-19 15:58:37.501 13539 13539 W ResourcesManager: getTopLevelResources: /data/app/com.google.android.gms-1/base.apk / 1.0 running in com.android.nfc rsrc of package com.google.android.gms
03-19 15:58:37.501 13539 13539 D ApduServiceInfo: seId: 0
03-19 15:58:37.501 13539 13539 I PersonaManager: mKnoxInfo is empty
03-19 15:58:37.501 12646 12646 W ResourcesManager: getTopLevelResources: /system/priv-app/SNS_v2/SNS_v2.apk / 1.0 running in null rsrc of package com.sec.android.app.sns3
03-19 15:58:37.501 12646 12646 W ResourcesManager: getTopLevelResources: /system/priv-app/SNS_v2/SNS_v2.apk / 1.0 running in null rsrc of package com.sec.android.app.sns3
03-19 15:58:37.501 12646 12646 W ResourcesManager: getTopLevelResources: /system/priv-app/SNS_v2/SNS_v2.apk / 1.0 running in null rsrc of package com.sec.android.app.sns3
03-19 15:58:37.501 12646 12646 W ResourcesManager: getTopLevelResources: /system/priv-app/SNS_v2/SNS_v2.apk / 1.0 running in null rsrc of package com.sec.android.app.sns3
03-19 15:58:37.501 12646 12646 W ResourcesManager: getTopLevelResources: /system/priv-app/SNS_v2/SNS_v2.apk / 1.0 running in null rsrc of package com.sec.android.app.sns3
03-19 15:58:37.501 12646 12646 W ResourcesManager: getTopLevelResources: /system/priv-app/SNS_v2/SNS_v2.apk / 1.0 running in null rsrc of package com.sec.android.app.sns3
03-19 15:58:37.501 12646 12646 W ResourcesManager: getTopLevelResources: /system/priv-app/SNS_v2/SNS_v2.apk / 1.0 running in null rsrc of package com.sec.android.app.sns3
03-19 15:58:37.501 12646 12646 W ResourcesManager: getTopLevelResources: /system/priv-app/SNS_v2/SNS_v2.apk / 1.0 running in null rsrc of package com.sec.android.app.sns3
03-19 15:58:37.501 12646 12646 W ResourcesManager: getTopLevelResources: /system/priv-app/SNS_v2/SNS_v2.apk / 1.0 running in null rsrc of package com.sec.android.app.sns3
03-19 15:58:37.501 12646 12646 W ResourcesManager: getTopLevelResources: /system/priv-app/SecEmail_M/SecEmail_M.apk / 1.0 running in null rsrc of package com.samsung.android.email.provider
03-19 15:58:37.501 12646 12728 W ResourcesManager: getTopLevelResources: /system/priv-app/SecContacts_M/SecContacts_M.apk / 1.0 running in null rsrc of package com.android.contacts
03-19 15:58:37.501 12646 12646 W ResourcesManager: getTopLevelResources: /system/priv-app/SecEmail_M/SecEmail_M.apk / 1.0 running in null rsrc of package com.samsung.android.email.provider
03-19 15:58:37.501 12646 12646 W ResourcesManager: getTopLevelResources: /system/priv-app/SecEmail_M/SecEmail_M.apk / 1.0 running in null rsrc of package com.samsung.android.email.provider
03-19 15:58:37.501 12646 12646 W ResourcesManager: getTopLevelResources: /system/priv-app/SecEmail_M/SecEmail_M.apk / 1.0 running in null rsrc of package com.samsung.android.email.provider
03-19 15:58:37.501 12646 12646 W ResourcesManager: getTopLevelResources: /system/priv-app/SecEmail_M/SecEmail_M.apk / 1.0 running in null rsrc of package com.samsung.android.email.provider
03-19 15:58:37.501 12646 12646 W ResourcesManager: getTopLevelResources: /system/priv-app/SecEmail_M/SecEmail_M.apk / 1.0 running in null rsrc of package com.samsung.android.email.provider
03-19 15:58:37.501 12646 12646 W ResourcesManager: getTopLevelResources: /system/priv-app/SamsungAccount_Hero/SamsungAccount_Hero.apk / 1.0 running in null rsrc of package com.osp.app.signin
03-19 15:58:37.501 14306 14334 D GeckoSharedPrefs: Migrating to version = 1
03-19 15:58:37.501 14306 14334 D GeckoSharedPrefs: Migrating from PreferenceManager
03-19 15:58:37.511 14306 14334 D GeckoSharedPrefs: Migrating to version = 2
03-19 15:58:37.511 14306 14334 D GeckoSharedPrefs: Migrating crash reporter settings
03-19 15:58:37.511 14306 14334 D GeckoSharedPrefs: All keys have been migrated
03-19 15:58:37.511 12646 12728 D ResourcesManager: For user 0 new overlays fetched Null
03-19 15:58:37.511 14339 14339 E Zygote  : v2
03-19 15:58:37.511 14339 14339 I libpersona: KNOX_SDCARD checking this for 5005
03-19 15:58:37.511 14339 14339 I libpersona: KNOX_SDCARD not a persona
03-19 15:58:37.511 12646 12728 W ResourcesManager: getTopLevelResources: /system/priv-app/SecContacts_M/SecContacts_M.apk / 1.0 running in null rsrc of package com.android.contacts
03-19 15:58:37.511 14339 14339 W SELinux : Function: selinux_compare_spd_ram, index[1], priority [2], priority version is VE=SEPF_SECMOBILE_6.0.1_0003
03-19 15:58:37.511 12646 12728 W ResourcesManager: getTopLevelResources: /system/priv-app/SecContacts_M/SecContacts_M.apk / 1.0 running in null rsrc of package com.android.contacts
03-19 15:58:37.511 14339 14339 E Zygote  : accessInfo : 0
03-19 15:58:37.511 14339 14339 W SELinux : SELinux: seapp_context_lookup: seinfo=platform, level=s0:c512,c768, pkgname=com.samsung.android.app.FileShareServer 
03-19 15:58:37.511 12646 12728 W ResourcesManager: getTopLevelResources: /system/priv-app/SecContacts_M/SecContacts_M.apk / 1.0 running in null rsrc of package com.android.contacts
03-19 15:58:37.511 12646 12728 W ResourcesManager: getTopLevelResources: /system/app/AccuweatherPhone2015/AccuweatherPhone2015.apk / 1.0 running in null rsrc of package com.samsung.android.weather
03-19 15:58:37.511 12646 13437 I ActivityManager: Start proc 14339:com.samsung.android.app.FileShareServer/5005 for broadcast-3 com.samsung.android.app.FileShareServer/.ServerBroadcastReceiver
03-19 15:58:37.511 12646 12728 D ResourcesManager: For user 0 new overlays fetched Null
03-19 15:58:37.511 14306 14341 W System.err: remove failed: ENOENT (No such file or directory) : /data/user/0/org.mozilla.firefox/shared_prefs/GeckoApp.xml.bak
03-19 15:58:37.521 12646 12728 W ResourcesManager: getTopLevelResources: /system/app/AccuweatherPhone2015/AccuweatherPhone2015.apk / 1.0 running in null rsrc of package com.samsung.android.weather
03-19 15:58:37.521 12646 12728 W ResourcesManager: getTopLevelResources: /data/app/com.google.android.gms-1/base.apk / 1.0 running in null rsrc of package com.google.android.gms
03-19 15:58:37.521 12646 12728 W ResourcesManager: getTopLevelResources: /data/app/com.google.android.gms-1/base.apk / 1.0 running in null rsrc of package com.google.android.gms
03-19 15:58:37.521 12646 12728 W ResourcesManager: getTopLevelResources: /data/app/com.sec.android.app.music-1/base.apk / 1.0 running in null rsrc of package com.sec.android.app.music
03-19 15:58:37.521 14306 14341 W System.err: remove failed: ENOENT (No such file or directory) : /data/user/0/org.mozilla.firefox/shared_prefs/GeckoProfile-default.xml.bak
03-19 15:58:37.521 13539 14347 W ResourcesManager: getTopLevelResources: /system/priv-app/Tag/Tag.apk / 1.0 running in com.android.nfc rsrc of package com.android.apps.tag
03-19 15:58:37.521 12646 12728 D ResourcesManager: For user 0 new overlays fetched Null
03-19 15:58:37.521 14306 14341 W System.err: remove failed: ENOENT (No such file or directory) : /data/user/0/org.mozilla.firefox/shared_prefs/CrashReporter.xml.bak
03-19 15:58:37.521 13539 14347 D ResourcesManager: For user 0 new overlays fetched Null
03-19 15:58:37.521 14306 14306 D GeckoScreenOrientation: updating to new orientation PORTRAIT_PRIMARY
03-19 15:58:37.531 13539 14347 W ResourcesManager: getTopLevelResources: /system/priv-app/Tag/Tag.apk / 1.0 running in com.android.nfc rsrc of package com.android.apps.tag
03-19 15:58:37.531 14306 14341 W System.err: remove failed: ENOENT (No such file or directory) : /data/user/0/org.mozilla.firefox/shared_prefs/org.mozilla.firefox_preferences.xml.bak
03-19 15:58:37.531 13539 14347 I PersonaManager: mKnoxInfo is empty
03-19 15:58:37.531 12646 12728 W ResourcesManager: getTopLevelResources: /data/app/com.sec.android.app.music-1/base.apk / 1.0 running in null rsrc of package com.sec.android.app.music
03-19 15:58:37.531 12646 12646 D ResourcesManager: For user 0 new overlays fetched Null
03-19 15:58:37.531 12646 12646 W ResourcesManager: getTopLevelResources: /system/priv-app/SamsungAccount_Hero/SamsungAccount_Hero.apk / 1.0 running in null rsrc of package com.osp.app.signin
03-19 15:58:37.531 12646 12646 W ResourcesManager: getTopLevelResources: /system/app/CoreApps/CoreApps.apk / 1.0 running in null rsrc of package com.samsung.android.coreapps
03-19 15:58:37.531 12646 12728 W ResourcesManager: getTopLevelResources: /data/app/com.sec.android.app.music-1/base.apk / 1.0 running in null rsrc of package com.sec.android.app.music
03-19 15:58:37.531 12646 12728 W ResourcesManager: getTopLevelResources: /data/app/com.sec.android.app.music-1/base.apk / 1.0 running in null rsrc of package com.sec.android.app.music
03-19 15:58:37.531 12646 12728 W ResourcesManager: getTopLevelResources: /system/priv-app/SecEmail_M/SecEmail_M.apk / 1.0 running in null rsrc of package com.samsung.android.email.provider
03-19 15:58:37.531 12646 12646 D ResourcesManager: For user 0 new overlays fetched Null
03-19 15:58:37.531 12646 12728 W ResourcesManager: getTopLevelResources: /system/priv-app/SecSettings2/SecSettings2.apk / 1.0 running in null rsrc of package com.android.settings
03-19 15:58:37.531 12646 12728 W ResourcesManager: getTopLevelResources: /system/priv-app/ZVideo/ZVideo.apk / 1.0 running in null rsrc of package com.samsung.android.video
03-19 15:58:37.531 12646 13662 V BroadcastQueue: [background] Process cur broadcast BroadcastRecord{69d1eff u0 android.intent.action.PACKAGE_CHANGED qIdx=4}, state= (APP_RECEIVE) DELIVERED for app ProcessRecord{3c0db01 14339:com.samsung.android.app.FileShareServer/5005}
03-19 15:58:37.531 12646 12646 W ResourcesManager: getTopLevelResources: /system/app/CoreApps/CoreApps.apk / 1.0 running in null rsrc of package com.samsung.android.coreapps
03-19 15:58:37.531 12646 12728 D ResourcesManager: For user 0 new overlays fetched Null
03-19 15:58:37.531 12646 12646 W ResourcesManager: getTopLevelResources: /data/app/com.sec.android.app.sbrowser-2/base.apk / 1.0 running in null rsrc of package com.sec.android.app.sbrowser
03-19 15:58:37.531 12646 12646 W ResourcesManager: getTopLevelResources: /data/app/com.sec.android.app.sbrowser-2/base.apk / 1.0 running in null rsrc of package com.sec.android.app.sbrowser
03-19 15:58:37.531 12646 12646 W ResourcesManager: getTopLevelResources: /data/app/com.microsoft.office.word-2/base.apk / 1.0 running in null rsrc of package com.microsoft.office.word
03-19 15:58:37.531 12646 12728 W ResourcesManager: getTopLevelResources: /system/priv-app/ZVideo/ZVideo.apk / 1.0 running in null rsrc of package com.samsung.android.video
03-19 15:58:37.531 12646 12728 W ResourcesManager: getTopLevelResources: /system/priv-app/MyPlaces_Hero/MyPlaces_Hero.apk / 1.0 running in null rsrc of package com.sec.android.widgetapp.locationwidget
03-19 15:58:37.531 12646 12646 D ResourcesManager: For user 0 new overlays fetched Null
03-19 15:58:37.541 14339 14339 W ResourcesManager: getTopLevelResources: /system/app/AllshareFileShareServer/AllshareFileShareServer.apk / 1.0 running in com.samsung.android.app.FileShareServer rsrc of package com.samsung.android.app.FileShareServer
03-19 15:58:37.541 12646 13607 I InjectionManagerService -AppFeature: getCoreFeaturePkgList :[]
03-19 15:58:37.541 14339 14339 I InjectionManager: Inside getClassLibPath + mLibMap{0=, 1=}
03-19 15:58:37.541 12646 12646 W ResourcesManager: getTopLevelResources: /data/app/com.microsoft.office.word-2/base.apk / 1.0 running in null rsrc of package com.microsoft.office.word
03-19 15:58:37.541 14306 14306 D GeckoThread: State changed to LAUNCHED
03-19 15:58:37.541 12646 12646 W ResourcesManager: getTopLevelResources: /data/app/com.microsoft.office.powerpoint-2/base.apk / 1.0 running in null rsrc of package com.microsoft.office.powerpoint
03-19 15:58:37.541 14306 14355 I GeckoThread: preparing to run Gecko
03-19 15:58:37.541 14306 14355 D GeckoThread: State changed to MOZGLUE_READY
03-19 15:58:37.541 14306 14355 W Settings: Setting animator_duration_scale has moved from android.provider.Settings.System to android.provider.Settings.Global, returning read-only global URI.
03-19 15:58:37.541 12646 12646 D ResourcesManager: For user 0 new overlays fetched Null
03-19 15:58:37.541 14306 14355 E GeckoLibLoad: Load sqlite start
03-19 15:58:37.541 14339 14339 D ResourcesManager: For user 0 new overlays fetched Null
03-19 15:58:37.541 12646 12728 D ResourcesManager: For user 0 new overlays fetched Null
03-19 15:58:37.541 12646 12646 W ResourcesManager: getTopLevelResources: /data/app/com.microsoft.office.powerpoint-2/base.apk / 1.0 running in null rsrc of package com.microsoft.office.powerpoint
03-19 15:58:37.551 14339 14339 I InjectionManager: Inside getClassLibPath caller 
03-19 15:58:37.551 12646 12728 W ResourcesManager: getTopLevelResources: /system/priv-app/MyPlaces_Hero/MyPlaces_Hero.apk / 1.0 running in null rsrc of package com.sec.android.widgetapp.locationwidget
03-19 15:58:37.551 12646 12646 W ResourcesManager: getTopLevelResources: /data/app/com.google.android.gms-1/base.apk / 1.0 running in null rsrc of package com.google.android.gms
03-19 15:58:37.551 12646 12728 W ResourcesManager: getTopLevelResources: /system/priv-app/TouchWizHome_2016/TouchWizHome_2016.apk / 1.0 running in null rsrc of package com.sec.android.app.launcher
03-19 15:58:37.551 12646 12728 W ResourcesManager: getTopLevelResources: /system/app/AccuweatherPhone2015/AccuweatherPhone2015.apk / 1.0 running in null rsrc of package com.samsung.android.weather
03-19 15:58:37.551 12646 12728 W ResourcesManager: getTopLevelResources: /system/app/AccuweatherPhone2015/AccuweatherPhone2015.apk / 1.0 running in null rsrc of package com.samsung.android.weather
03-19 15:58:37.551 12646 12728 W ResourcesManager: getTopLevelResources: /system/app/SPlanner_M/SPlanner_M.apk / 1.0 running in null rsrc of package com.android.calendar
03-19 15:58:37.551 12646 12646 W ResourcesManager: getTopLevelResources: /data/app/com.google.android.gms-1/base.apk / 1.0 running in null rsrc of package com.google.android.gms
03-19 15:58:37.551 12646 12646 W ResourcesManager: getTopLevelResources: /data/app/com.whatsapp-1/base.apk / 1.0 running in null rsrc of package com.whatsapp
03-19 15:58:37.551 12646 12728 D ResourcesManager: For user 0 new overlays fetched Null
03-19 15:58:37.551 12646 12646 D ResourcesManager: For user 0 new overlays fetched Null
03-19 15:58:37.551 14306 14306 W art     : Before Android 4.1, method android.graphics.PorterDuffColorFilter android.support.graphics.drawable.VectorDrawableCompat.updateTintFilter(android.graphics.PorterDuffColorFilter, android.content.res.ColorStateList, android.graphics.PorterDuff$Mode) would have incorrectly overridden the package-private method in android.graphics.drawable.Drawable
03-19 15:58:37.551 12646 12646 W ResourcesManager: getTopLevelResources: /data/app/com.whatsapp-1/base.apk / 1.0 running in null rsrc of package com.whatsapp
03-19 15:58:37.551 12646 12646 W ResourcesManager: getTopLevelResources: /data/app/com.microsoft.office.excel-1/base.apk / 1.0 running in null rsrc of package com.microsoft.office.excel
03-19 15:58:37.551 12646 12728 W ResourcesManager: getTopLevelResources: /system/app/SPlanner_M/SPlanner_M.apk / 1.0 running in null rsrc of package com.android.calendar
03-19 15:58:37.551 12646 12728 W ResourcesManager: getTopLevelResources: /system/app/SPlanner_M/SPlanner_M.apk / 1.0 running in null rsrc of package com.android.calendar
03-19 15:58:37.551 12646 12728 W ResourcesManager: getTopLevelResources: /data/app/com.sec.android.app.voicenote-1/base.apk / 1.0 running in null rsrc of package com.sec.android.app.voicenote
